DEBUG    selenium.webdriver.remote.remote_connection:remote_connection.py:313 POST http://selenium-hub:4444/wd/hub/sessioDEBUG    urllib3.connectionpool:connectionpool.py:544 https://practice.expandtesting.com:443 "POST /notes/api/users/login HTTP/1.1" 200 None
DEBUG    urllib3.connectionpool:connectionpool.py:544 https://practice.expandtesting.com:443 "GET /notes/api/notes HTTP/1.1" 200 None
DEBUG    selenium.webdriver.remote.remote_connection:remote_connection.py:313 POST http://selenium-hub:4444/wd/hub/session {"capabilities": {"firstMatch": [{}], "alwaysMatch": {"browserName": "chrome", "pageLoadStrategy": "normal", "goog:chromeOptions": {"extensions": [], "args": ["--headless=new", "--no-sandbox", "--disable-dev-shm-usage", "--disable-gpu", "--window-size=1920,1080", "--disable-extensions", "--disable-infobars"]}}}}
DEBUG    urllib3.connectionpool:connectionpool.py:241 Starting new HTTP connection (1): selenium-hub:4444
DEBUG    urllib3.connectionpool:connectionpool.py:544 http://selenium-hub:4444 "POST /wd/hub/session HTTP/1.1" 200 0
DEBUG    selenium.webdriver.remote.remote_connection:remote_connection.py:329 Remote response: status=200 | data={
  "value": {
    "sessionId": "aaf41ee7c423515e1ac988c7c8ac9ce5",
    "capabilities": {
      "acceptInsecureCerts": false,
      "browserName": "chrome",
      "browserVersion": "125.0.6422.76",
      "chrome": {
        "chromedriverVersion": "125.0.6422.76 (67dcf7562b8fb4ab0819135589e37a97bcc8942c-refs\u002fbranch-heads\u002f6422@{#1086})",
        "userDataDir": "\u002ftmp\u002f.org.chromium.Chromium.GS2ZKl"
      },
      "fedcm:accounts": true,
      "goog:chromeOptions": {
        "debuggerAddress": "localhost:38777"
      },
      "networkConnectionEnabled": false,
      "pageLoadStrategy": "normal",
      "platformName": "linux",
      "proxy": {
      },
      "se:bidiEnabled": false,
      "se:cdp": "ws:\u002f\u002f172.18.0.3:4444\u002fsession\u002faaf41ee7c423515e1ac988c7c8ac9ce5\u002fse\u002fcdp",
      "se:cdpVersion": "125.0.6422.76",
      "se:vnc": "ws:\u002f\u002f172.18.0.3:4444\u002fsession\u002faaf41ee7c423515e1ac988c7c8ac9ce5\u002fse\u002fvnc",
      "se:vncEnabled": true,
      "se:vncLocalAddress": "ws:\u002f\u002f172.18.0.3:7900",
      "setWindowRect": true,
      "strictFileInteractability": false,
      "timeouts": {
        "implicit": 0,
        "pageLoad": 300000,
        "script": 30000
      },
      "unhandledPromptBehavior": "dismiss and notify",
      "webauthn:extension:credBlob": true,
      "webauthn:extension:largeBlob": true,
      "webauthn:extension:minPinLength": true,
      "webauthn:extension:prf": true,
      "webauthn:virtualAuthenticators": true
    }
  }
} | headers=HTTPHeaderDict({'content-length': '1531', 'Cache-Control': 'no-cache', 'Content-Type': 'application/json; charset=utf-8'})
DEBUG    selenium.webdriver.remote.remote_connection:remote_connection.py:356 Finished Request
DEBUG    selenium.webdriver.remote.remote_connection:remote_connection.py:313 POST http://selenium-hub:4444/wd/hub/session/aaf41ee7c423515e1ac988c7c8ac9ce5/timeouts {"implicit": 10000}
DEBUG    urllib3.connectionpool:connectionpool.py:544 http://selenium-hub:4444 "POST /wd/hub/session/aaf41ee7c423515e1ac988c7c8ac9ce5/timeouts HTTP/1.1" 200 0
DEBUG    selenium.webdriver.remote.remote_connection:remote_connection.py:329 Remote response: status=200 | data={"value":null} | headers=HTTPHeaderDict({'content-length': '1DEBUG    urllib3.connectionpool:connectionpool.py:544 http://selenium-hub:4444 "POST /wd/hub/session/43511aed1bd5f6b429199614d0cd3d97/url HTTP/1.1" 200 0
DEBUG    selenium.webdriver.remote.remote_connection:remote_connection.py:329 Remote response: status=200 | data={"value":null} | headers=HTTPHeaderDict({'content-length': '14', 'content-type': 'application/json; charset=utf-8', 'cache-controDEBUG    urllib3.connectionpool:connectionpool.py:544 http://selenium-hub:4444 "POST /wd/hub/session/aaf41ee7c423515e1ac988c7c8ac9ce5/url HTTP/1.1" 200 0
DEBUG    selenium.webdriver.remote.remote_connection:remote_connection.py:329 Remote response: status=200 | data={"value":null} | headers=HTTPHeaderDict({'content-length': '14', 'content-type': 'application/json; charset=utf-8', 'cache-control': 'no-cache'})
DEBUG    selenium.webdriver.remote.remote_connection:remote_connection.py:356 Finished Request
DEBUG    selenium.webdriver.remote.remote_connection:remote_connection.py:313 POST http://selenium-hub:4444/wd/hub/session/aaf41ee7c423515e1ac988c7c8ac9ce5/execute/sync {"script": "return document.readyState", "args": []}
DEBUG    urllib3.connectionpool:connectionpool.py:544 http://selenium-hub:4444 "POST /wd/hub/session/aaf41ee7c423515e1ac988c7c8ac9ce5/execute/sync HTTP/1.1" 200 0
DEBUG    selenium.webdriver.remote.remote_connection:remote_connection.py:329 Remote response: status=200 | data={"value":"complete"} | headers=HTTPHeaderDict({'content-length': '20', 'content-type': 'application/json; charset=utf-8', 'cache-control': 'no-cache'})
DEBUG    selenium.webdriver.remote.remote_connection:remote_connection.py:356 Finished Request
DEBUG    selenium.webdriver.remote.remote_connection:remote_connection.py:313 GET http://selenium-hub:4444/wd/hub/session/aaf41ee7c423515e1ac988c7c8ac9ce5/url {}
DEBUG    urllib3.connectionpool:connectionpool.py:544 http://selenium-hub:4444 "GET /wd/hub/session/aaf41ee7c423515e1ac988c7c8ac9ce5/url HTTP/1.1" 200 0
DEBUG    selenium.webdriver.remote.remote_connection:remote_connection.py:329 Remote response: status=200 | data={"value":"https://practice.expandtesting.com/notes/app"} | headers=HTTPHeaderDict({'content-length': '56', 'content-type': 'application/json; charset=utf-8', 'cache-control': 'no-cache'})
DEBUG    selenium.webdriver.remote.remote_connection:remote_connection.py:356 Finished Request
DEBUG    selenium.webdriver.remote.remote_connection:remote_connection.py:313 GET http://selenium-hub:4444/wd/hub/session/aaf41ee7c423515e1ac988c7c8ac9ce5/url {}
DEBUG    urllib3.connectionpool:connectionpool.py:544 http://selenium-hub:4444 "GET /wd/hub/session/aaf41ee7c423515e1ac988c7c8ac9ce5/url HTTP/1.1" 200 0
DEBUG    selenium.webdriver.remote.remote_connection:remote_connection.py:329 Remote response: status=200 | data={"value":"https://practice.expandtesting.com/notes/app"} | headers=HTTPHeaderDict({'content-length': '56', 'content-type': 'application/json; charset=utf-8', 'cache-control': 'no-cache'})
DEBUG    selenium.webdriver.remote.remote_connection:remote_connection.py:356 Finished Request
DEBUG    selenium.webdriver.remote.remote_connection:remote_connection.py:313 POST http://selenium-hub:4444/wd/hub/session/aaf41ee7c423515e1ac988c7c8ac9ce5/url {"url": "https://practice.expandtesting.com/notes/app/login"}
DEBUG    urllib3.connectionpool:connectionpool.py:544 http://selenium-hub:4444 "POST /wd/hub/session/aaf41ee7c423515e1ac988c7c8ac9ce5/url HTTP/1.1" 200 0
DEBUG    selenium.webdriver.remote.remote_connection:remote_connection.py:329 Remote response: status=200 | data={"value":null} | headers=HTTPHeaderDict({'content-length': '14', 'content-type': 'application/json; charset=utf-8', 'cache-control': 'no-cache'})
DEBUG    selenium.webdriver.remote.remote_connection:remote_connection.py:356 Finished Request
DEBUG    selenium.webdriver.remote.remote_connection:remote_connection.py:313 POST http://selenium-hub:4444/wd/hub/session/aaf41ee7c423515e1ac988c7c8ac9ce5/execute/sync {"script": "return document.readyState", "args": []}
DEBUG    urllib3.connectionpool:connectionpool.py:544 http://selenium-hub:4444 "POST /wd/hub/session/aaf41ee7c423515e1ac988c7c8ac9ce5/execute/sync HTTP/1.1" 200 0
DEBUG    selenium.webdriver.remote.remote_connection:remote_connection.py:329 Remote response: status=200 | data={"value":"complete"} | headers=HTTPHeaderDict({'content-length': '20', 'content-type': 'application/json; charset=utf-8', 'cache-control': 'no-cache'})
DEBUG    selenium.webdriver.remote.remote_connection:remote_connection.py:356 Finished Request
DEBUG    selenium.webdriver.remote.remote_connection:remote_connection.py:313 POST http://selenium-hub:4444/wd/hub/session/aaf41ee7c423515e1ac988c7c8ac9ce5/element {"using": "css selector", "value": "[data-testid='login-email']"}
DEBUG    urllib3.connectionpool:connectionpool.py:544 http://selenium-hub:4444 "POST /wd/hub/session/aaf41ee7c423515e1ac988c7c8ac9ce5/element HTTP/1.1" 200 0
DEBUG    selenium.webdriver.remote.remote_connection:remote_connection.py:329 Remote response: status=200 | data={"value":{"element-6066-11e4-a52e-4f735466cecf":"f.93C3CDE41EFE835CE40E7B5C86C651B6.d.3185B9B935A8925502228ADA5F64248A.e.58"}} | headers=HTTPHeaderDict({'content-length': '126', 'content-type': 'application/json; charset=utf-8', 'cache-control': 'no-cache'})
DEBUG    selenium.webdriver.remote.remote_connection:remote_connection.py:356 Finished Request
DEBUG    selenium.webdriver.remote.remote_connection:remote_connection.py:313 POST http://selenium-hub:4444/wd/hub/session/aaf41ee7c423515e1ac988c7c8ac9ce5/execute/sync {"script": "/* isDisplayed */return (function(){return (function(){var k=this||self;function aa(a){return\"string\"==typeof a}function ba(a,b){a=a.split(\".\");var c=k;a[0]in c||\"undefined\"==typeof c.execScript||c.execScript(\"var \"+a[0]);for(var d;a.length&&(d=a.shift());)a.length||void 0===b?c[d]&&c[d]!==Object.prototype[d]?c=c[d]:c=c[d]={}:c[d]=b}\nfunction ca(a){var b=typeof a;if(\"object\"==b)if(a){if(a instanceof Array)return\"array\";if(a instanceof Object)return b;var c=Object.prototype.toString.call(a);if(\"[object Window]\"==c)return\"object\";if(\"[object Array]\"==c||\"number\"==typeof a.length&&\"undefined\"!=typeof a.splice&&\"undefined\"!=typeof a.propertyIsEnumerable&&!a.propertyIsEnumerable(\"splice\"))return\"array\";if(\"[object Function]\"==c||\"undefined\"!=typeof a.call&&\"undefined\"!=typeof a.propertyIsEnumerable&&!a.propertyIsEnumerable(\"call\"))return\"function\"}else return\"null\";\nelse if(\"function\"==b&&\"undefined\"==typeof a.call)return\"object\";return b}function da(a,b,c){return a.call.apply(a.bind,arguments)}function ea(a,b,c){if(!a)throw Error();if(2<arguments.length){var d=Array.prototype.slice.call(arguments,2);return function(){var e=Array.prototype.slice.call(arguments);Array.prototype.unshift.apply(e,d);return a.apply(b,e)}}return function(){return a.apply(b,arguments)}}\nfunction fa(a,b,c){Function.prototype.bind&&-1!=Function.prototype.bind.toString().indexOf(\"native code\")?fa=da:fa=ea;return fa.apply(null,arguments)}function ha(a,b){var c=Array.prototype.slice.call(arguments,1);return function(){var d=c.slice();d.push.apply(d,arguments);return a.apply(this,d)}}function l(a,b){function c(){}c.prototype=b.prototype;a.prototype=new c;a.prototype.constructor=a};/*\n\n The MIT License\n\n Copyright (c) 2007 Cybozu Labs, Inc.\n Copyright (c) 2012 Google Inc.\n\n Permission is hereby granted, free of charge, to any person obtaining a copy\n of this software and associated documentation files (the \"Software\"), to\n deal in the Software without restriction, including without limitation the\n rights to use, copy, modify, merge, publish, distribute, sublicense, and/or\n sell copies of the Software, and to permit persons to whom the Software is\n furnished to do so, subject to the following conditions:\n\n The above copyright notice and this permission notice shall be included in\n all copies or substantial portions of the Software.\n\n THE SOFTWARE IS PROVIDED \"AS IS\", WITHOUT WARRANTY OF ANY KIND, EXPRESS OR\n IMPLIED, INCLUDING BUT NOT LIMITED TO THE WARRANTIES OF MERCHANTABILITY,\n FITNESS FOR A PARTICULAR PURPOSE AND NONINFRINGEMENT. IN NO EVENT SHALL THE\n AUTHORS OR COPYRIGHT HOLDERS BE LIABLE FOR ANY CLAIM, DAMAGES OR OTHER\n LIABILITY, WHETHER IN AN ACTION OF CONTRACT, TORT OR OTHERWISE, ARISING\n FROM, OUT OF OR IN CONNECTION WITH THE SOFTWARE OR THE USE OR OTHER DEALINGS\n IN THE SOFTWARE.\n*/\nfunction ia(a,b,c){this.a=a;this.b=b||1;this.f=c||1};var ja=Array.prototype.indexOf?function(a,b){return Array.prototype.indexOf.call(a,b,void 0)}:function(a,b){if(\"string\"===typeof a)return\"string\"!==typeof b||1!=b.length?-1:a.indexOf(b,0);for(var c=0;c<a.length;c++)if(c in a&&a[c]===b)return c;return-1},n=Array.prototype.forEach?function(a,b){Array.prototype.forEach.call(a,b,void 0)}:function(a,b){for(var c=a.length,d=\"string\"===typeof a?a.split(\"\"):a,e=0;e<c;e++)e in d&&b.call(void 0,d[e],e,a)},ka=Array.prototype.filter?function(a,b){return Array.prototype.filter.call(a,\nb,void 0)}:function(a,b){for(var c=a.length,d=[],e=0,f=\"string\"===typeof a?a.split(\"\"):a,g=0;g<c;g++)if(g in f){var h=f[g];b.call(void 0,h,g,a)&&(d[e++]=h)}return d},la=Array.prototype.reduce?function(a,b,c){return Array.prototype.reduce.call(a,b,c)}:function(a,b,c){var d=c;n(a,function(e,f){d=b.call(void 0,d,e,f,a)});return d},ma=Array.prototype.some?function(a,b){return Array.prototype.some.call(a,b,void 0)}:function(a,b){for(var c=a.length,d=\"string\"===typeof a?a.split(\"\"):a,e=0;e<c;e++)if(e in\nd&&b.call(void 0,d[e],e,a))return!0;return!1},na=Array.prototype.every?function(a,b){return Array.prototype.every.call(a,b,void 0)}:function(a,b){for(var c=a.length,d=\"string\"===typeof a?a.split(\"\"):a,e=0;e<c;e++)if(e in d&&!b.call(void 0,d[e],e,a))return!1;return!0};function oa(a,b){a:{for(var c=a.length,d=\"string\"===typeof a?a.split(\"\"):a,e=0;e<c;e++)if(e in d&&b.call(void 0,d[e],e,a)){b=e;break a}b=-1}return 0>b?null:\"string\"===typeof a?a.charAt(b):a[b]}\nfunction pa(a){return Array.prototype.concat.apply([],arguments)}function qa(a,b,c){return 2>=arguments.length?Array.prototype.slice.call(a,b):Array.prototype.slice.call(a,b,c)};var ra=String.prototype.trim?function(a){return a.trim()}:function(a){return/^[\\s\\xa0]*([\\s\\S]*?)[\\s\\xa0]*$/.exec(a)[1]};function sa(a,b){return a<b?-1:a>b?1:0};var t;a:{var ta=k.navigator;if(ta){var ua=ta.userAgent;if(ua){t=ua;break a}}t=\"\"}function u(a){return-1!=t.indexOf(a)};function va(){return u(\"Firefox\")||u(\"FxiOS\")}function wa(){return(u(\"Chrome\")||u(\"CriOS\"))&&!u(\"Edge\")};function xa(a){return String(a).replace(/\\-([a-z])/g,function(b,c){return c.toUpperCase()})};function ya(){return u(\"iPhone\")&&!u(\"iPod\")&&!u(\"iPad\")};function za(a,b){var c=Aa;return Object.prototype.hasOwnProperty.call(c,a)?c[a]:c[a]=b(a)};var Ba=u(\"Opera\"),v=u(\"Trident\")||u(\"MSIE\"),Ca=u(\"Edge\"),Da=u(\"Gecko\")&&!(-1!=t.toLowerCase().indexOf(\"webkit\")&&!u(\"Edge\"))&&!(u(\"Trident\")||u(\"MSIE\"))&&!u(\"Edge\"),Ea=-1!=t.toLowerCase().indexOf(\"webkit\")&&!u(\"Edge\");function Fa(){var a=k.document;return a?a.documentMode:void 0}var Ga;\na:{var Ha=\"\",Ia=function(){var a=t;if(Da)return/rv:([^\\);]+)(\\)|;)/.exec(a);if(Ca)return/Edge\\/([\\d\\.]+)/.exec(a);if(v)return/\\b(?:MSIE|rv)[: ]([^\\);]+)(\\)|;)/.exec(a);if(Ea)return/WebKit\\/(\\S+)/.exec(a);if(Ba)return/(?:Version)[ \\/]?(\\S+)/.exec(a)}();Ia&&(Ha=Ia?Ia[1]:\"\");if(v){var Ja=Fa();if(null!=Ja&&Ja>parseFloat(Ha)){Ga=String(Ja);break a}}Ga=Ha}var Aa={};\nfunction Ka(a){return za(a,function(){for(var b=0,c=ra(String(Ga)).split(\".\"),d=ra(String(a)).split(\".\"),e=Math.max(c.length,d.length),f=0;0==b&&f<e;f++){var g=c[f]||\"\",h=d[f]||\"\";do{g=/(\\d*)(\\D*)(.*)/.exec(g)||[\"\",\"\",\"\",\"\"];h=/(\\d*)(\\D*)(.*)/.exec(h)||[\"\",\"\",\"\",\"\"];if(0==g[0].length&&0==h[0].length)break;b=sa(0==g[1].length?0:parseInt(g[1],10),0==h[1].length?0:parseInt(h[1],10))||sa(0==g[2].length,0==h[2].length)||sa(g[2],h[2]);g=g[3];h=h[3]}while(0==b)}return 0<=b})}var La;\nLa=k.document&&v?Fa():void 0;var x=v&&!(9<=Number(La)),Ma=v&&!(8<=Number(La));function Na(a,b,c,d){this.a=a;this.nodeName=c;this.nodeValue=d;this.nodeType=2;this.parentNode=this.ownerElement=b}function Oa(a,b){var c=Ma&&\"href\"==b.nodeName?a.getAttribute(b.nodeName,2):b.nodeValue;return new Na(b,a,b.nodeName,c)};function Pa(a){this.b=a;this.a=0}function Qa(a){a=a.match(Ra);for(var b=0;b<a.length;b++)Sa.test(a[b])&&a.splice(b,1);return new Pa(a)}var Ra=/\\$?(?:(?![0-9-\\.])(?:\\*|[\\w-\\.]+):)?(?![0-9-\\.])(?:\\*|[\\w-\\.]+)|\\/\\/|\\.\\.|::|\\d+(?:\\.\\d*)?|\\.\\d+|\"[^\"]*\"|'[^']*'|[!<>]=|\\s+|./g,Sa=/^\\s/;function y(a,b){return a.b[a.a+(b||0)]}function z(a){return a.b[a.a++]}function Ta(a){return a.b.length<=a.a};function Ua(a,b){this.x=void 0!==a?a:0;this.y=void 0!==b?b:0}Ua.prototype.ceil=function(){this.x=Math.ceil(this.x);this.y=Math.ceil(this.y);return this};Ua.prototype.floor=function(){this.x=Math.floor(this.x);this.y=Math.floor(this.y);return this};Ua.prototype.round=function(){this.x=Math.round(this.x);this.y=Math.round(this.y);return this};function Va(a,b){this.width=a;this.height=b}Va.prototype.aspectRatio=function(){return this.width/this.height};Va.prototype.ceil=function(){this.width=Math.ceil(this.width);this.height=Math.ceil(this.height);return this};Va.prototype.floor=function(){this.width=Math.floor(this.width);this.height=Math.floor(this.height);return this};Va.prototype.round=function(){this.width=Math.round(this.width);this.height=Math.round(this.height);return this};function Wa(a,b){if(!a||!b)return!1;if(a.contains&&1==b.nodeType)return a==b||a.contains(b);if(\"undefined\"!=typeof a.compareDocumentPosition)return a==b||!!(a.compareDocumentPosition(b)&16);for(;b&&a!=b;)b=b.parentNode;return b==a}\nfunction Xa(a,b){if(a==b)return 0;if(a.compareDocumentPosition)return a.compareDocumentPosition(b)&2?1:-1;if(v&&!(9<=Number(La))){if(9==a.nodeType)return-1;if(9==b.nodeType)return 1}if(\"sourceIndex\"in a||a.parentNode&&\"sourceIndex\"in a.parentNode){var c=1==a.nodeType,d=1==b.nodeType;if(c&&d)return a.sourceIndex-b.sourceIndex;var e=a.parentNode,f=b.parentNode;return e==f?Ya(a,b):!c&&Wa(e,b)?-1*Za(a,b):!d&&Wa(f,a)?Za(b,a):(c?a.sourceIndex:e.sourceIndex)-(d?b.sourceIndex:f.sourceIndex)}d=A(a);c=d.createRange();\nc.selectNode(a);c.collapse(!0);a=d.createRange();a.selectNode(b);a.collapse(!0);return c.compareBoundaryPoints(k.Range.START_TO_END,a)}function Za(a,b){var c=a.parentNode;if(c==b)return-1;for(;b.parentNode!=c;)b=b.parentNode;return Ya(b,a)}function Ya(a,b){for(;b=b.previousSibling;)if(b==a)return-1;return 1}function A(a){return 9==a.nodeType?a:a.ownerDocument||a.document}function $a(a,b){a&&(a=a.parentNode);for(var c=0;a;){if(b(a))return a;a=a.parentNode;c++}return null}\nfunction ab(a){this.a=a||k.document||document}ab.prototype.getElementsByTagName=function(a,b){return(b||this.a).getElementsByTagName(String(a))};function B(a){var b=null,c=a.nodeType;1==c&&(b=a.textContent,b=void 0==b||null==b?a.innerText:b,b=void 0==b||null==b?\"\":b);if(\"string\"!=typeof b)if(x&&\"title\"==a.nodeName.toLowerCase()&&1==c)b=a.text;else if(9==c||1==c){a=9==c?a.documentElement:a.firstChild;c=0;var d=[];for(b=\"\";a;){do 1!=a.nodeType&&(b+=a.nodeValue),x&&\"title\"==a.nodeName.toLowerCase()&&(b+=a.text),d[c++]=a;while(a=a.firstChild);for(;c&&!(a=d[--c].nextSibling););}}else b=a.nodeValue;return b}\nfunction C(a,b,c){if(null===b)return!0;try{if(!a.getAttribute)return!1}catch(d){return!1}Ma&&\"class\"==b&&(b=\"className\");return null==c?!!a.getAttribute(b):a.getAttribute(b,2)==c}function bb(a,b,c,d,e){return(x?cb:db).call(null,a,b,aa(c)?c:null,aa(d)?d:null,e||new E)}\nfunction cb(a,b,c,d,e){if(a instanceof F||8==a.b||c&&null===a.b){var f=b.all;if(!f)return e;a=eb(a);if(\"*\"!=a&&(f=b.getElementsByTagName(a),!f))return e;if(c){for(var g=[],h=0;b=f[h++];)C(b,c,d)&&g.push(b);f=g}for(h=0;b=f[h++];)\"*\"==a&&\"!\"==b.tagName||e.add(b);return e}gb(a,b,c,d,e);return e}\nfunction db(a,b,c,d,e){b.getElementsByName&&d&&\"name\"==c&&!v?(b=b.getElementsByName(d),n(b,function(f){a.a(f)&&e.add(f)})):b.getElementsByClassName&&d&&\"class\"==c?(b=b.getElementsByClassName(d),n(b,function(f){f.className==d&&a.a(f)&&e.add(f)})):a instanceof G?gb(a,b,c,d,e):b.getElementsByTagName&&(b=b.getElementsByTagName(a.f()),n(b,function(f){C(f,c,d)&&e.add(f)}));return e}\nfunction hb(a,b,c,d,e){var f;if((a instanceof F||8==a.b||c&&null===a.b)&&(f=b.childNodes)){var g=eb(a);if(\"*\"!=g&&(f=ka(f,function(h){return h.tagName&&h.tagName.toLowerCase()==g}),!f))return e;c&&(f=ka(f,function(h){return C(h,c,d)}));n(f,function(h){\"*\"==g&&(\"!\"==h.tagName||\"*\"==g&&1!=h.nodeType)||e.add(h)});return e}return ib(a,b,c,d,e)}function ib(a,b,c,d,e){for(b=b.firstChild;b;b=b.nextSibling)C(b,c,d)&&a.a(b)&&e.add(b);return e}\nfunction gb(a,b,c,d,e){for(b=b.firstChild;b;b=b.nextSibling)C(b,c,d)&&a.a(b)&&e.add(b),gb(a,b,c,d,e)}function eb(a){if(a instanceof G){if(8==a.b)return\"!\";if(null===a.b)return\"*\"}return a.f()};function E(){this.b=this.a=null;this.l=0}function jb(a){this.f=a;this.a=this.b=null}function kb(a,b){if(!a.a)return b;if(!b.a)return a;var c=a.a;b=b.a;for(var d=null,e,f=0;c&&b;){e=c.f;var g=b.f;e==g||e instanceof Na&&g instanceof Na&&e.a==g.a?(e=c,c=c.a,b=b.a):0<Xa(c.f,b.f)?(e=b,b=b.a):(e=c,c=c.a);(e.b=d)?d.a=e:a.a=e;d=e;f++}for(e=c||b;e;)e.b=d,d=d.a=e,f++,e=e.a;a.b=d;a.l=f;return a}function lb(a,b){b=new jb(b);b.a=a.a;a.b?a.a.b=b:a.a=a.b=b;a.a=b;a.l++}\nE.prototype.add=function(a){a=new jb(a);a.b=this.b;this.a?this.b.a=a:this.a=this.b=a;this.b=a;this.l++};function mb(a){return(a=a.a)?a.f:null}function nb(a){return(a=mb(a))?B(a):\"\"}function H(a,b){return new ob(a,!!b)}function ob(a,b){this.f=a;this.b=(this.s=b)?a.b:a.a;this.a=null}function I(a){var b=a.b;if(null==b)return null;var c=a.a=b;a.b=a.s?b.b:b.a;return c.f};function J(a){this.i=a;this.b=this.g=!1;this.f=null}function K(a){return\"\\n  \"+a.toString().split(\"\\n\").join(\"\\n  \")}function pb(a,b){a.g=b}function qb(a,b){a.b=b}function N(a,b){a=a.a(b);return a instanceof E?+nb(a):+a}function O(a,b){a=a.a(b);return a instanceof E?nb(a):\"\"+a}function rb(a,b){a=a.a(b);return a instanceof E?!!a.l:!!a};function sb(a,b,c){J.call(this,a.i);this.c=a;this.h=b;this.o=c;this.g=b.g||c.g;this.b=b.b||c.b;this.c==tb&&(c.b||c.g||4==c.i||0==c.i||!b.f?b.b||b.g||4==b.i||0==b.i||!c.f||(this.f={name:c.f.name,u:b}):this.f={name:b.f.name,u:c})}l(sb,J);\nfunction ub(a,b,c,d,e){b=b.a(d);c=c.a(d);var f;if(b instanceof E&&c instanceof E){b=H(b);for(d=I(b);d;d=I(b))for(e=H(c),f=I(e);f;f=I(e))if(a(B(d),B(f)))return!0;return!1}if(b instanceof E||c instanceof E){b instanceof E?(e=b,d=c):(e=c,d=b);f=H(e);for(var g=typeof d,h=I(f);h;h=I(f)){switch(g){case \"number\":h=+B(h);break;case \"boolean\":h=!!B(h);break;case \"string\":h=B(h);break;default:throw Error(\"Illegal primitive type for comparison.\");}if(e==b&&a(h,d)||e==c&&a(d,h))return!0}return!1}return e?\"boolean\"==\ntypeof b||\"boolean\"==typeof c?a(!!b,!!c):\"number\"==typeof b||\"number\"==typeof c?a(+b,+c):a(b,c):a(+b,+c)}sb.prototype.a=function(a){return this.c.m(this.h,this.o,a)};sb.prototype.toString=function(){var a=\"Binary Expression: \"+this.c;a+=K(this.h);return a+=K(this.o)};function vb(a,b,c,d){this.I=a;this.D=b;this.i=c;this.m=d}vb.prototype.toString=function(){return this.I};var wb={};\nfunction P(a,b,c,d){if(wb.hasOwnProperty(a))throw Error(\"Binary operator already created: \"+a);a=new vb(a,b,c,d);return wb[a.toString()]=a}P(\"div\",6,1,function(a,b,c){return N(a,c)/N(b,c)});P(\"mod\",6,1,function(a,b,c){return N(a,c)%N(b,c)});P(\"*\",6,1,function(a,b,c){return N(a,c)*N(b,c)});P(\"+\",5,1,function(a,b,c){return N(a,c)+N(b,c)});P(\"-\",5,1,function(a,b,c){return N(a,c)-N(b,c)});P(\"<\",4,2,function(a,b,c){return ub(function(d,e){return d<e},a,b,c)});\nP(\">\",4,2,function(a,b,c){return ub(function(d,e){return d>e},a,b,c)});P(\"<=\",4,2,function(a,b,c){return ub(function(d,e){return d<=e},a,b,c)});P(\">=\",4,2,function(a,b,c){return ub(function(d,e){return d>=e},a,b,c)});var tb=P(\"=\",3,2,function(a,b,c){return ub(function(d,e){return d==e},a,b,c,!0)});P(\"!=\",3,2,function(a,b,c){return ub(function(d,e){return d!=e},a,b,c,!0)});P(\"and\",2,2,function(a,b,c){return rb(a,c)&&rb(b,c)});P(\"or\",1,2,function(a,b,c){return rb(a,c)||rb(b,c)});function xb(a,b){if(b.a.length&&4!=a.i)throw Error(\"Primary expression must evaluate to nodeset if filter has predicate(s).\");J.call(this,a.i);this.c=a;this.h=b;this.g=a.g;this.b=a.b}l(xb,J);xb.prototype.a=function(a){a=this.c.a(a);return yb(this.h,a)};xb.prototype.toString=function(){var a=\"Filter:\"+K(this.c);return a+=K(this.h)};function zb(a,b){if(b.length<a.C)throw Error(\"Function \"+a.j+\" expects at least\"+a.C+\" arguments, \"+b.length+\" given\");if(null!==a.B&&b.length>a.B)throw Error(\"Function \"+a.j+\" expects at most \"+a.B+\" arguments, \"+b.length+\" given\");a.H&&n(b,function(c,d){if(4!=c.i)throw Error(\"Argument \"+d+\" to function \"+a.j+\" is not of type Nodeset: \"+c);});J.call(this,a.i);this.v=a;this.c=b;pb(this,a.g||ma(b,function(c){return c.g}));qb(this,a.G&&!b.length||a.F&&!!b.length||ma(b,function(c){return c.b}))}\nl(zb,J);zb.prototype.a=function(a){return this.v.m.apply(null,pa(a,this.c))};zb.prototype.toString=function(){var a=\"Function: \"+this.v;if(this.c.length){var b=la(this.c,function(c,d){return c+K(d)},\"Arguments:\");a+=K(b)}return a};function Ab(a,b,c,d,e,f,g,h){this.j=a;this.i=b;this.g=c;this.G=d;this.F=!1;this.m=e;this.C=f;this.B=void 0!==g?g:f;this.H=!!h}Ab.prototype.toString=function(){return this.j};var Bb={};\nfunction Q(a,b,c,d,e,f,g,h){if(Bb.hasOwnProperty(a))throw Error(\"Function already created: \"+a+\".\");Bb[a]=new Ab(a,b,c,d,e,f,g,h)}Q(\"boolean\",2,!1,!1,function(a,b){return rb(b,a)},1);Q(\"ceiling\",1,!1,!1,function(a,b){return Math.ceil(N(b,a))},1);Q(\"concat\",3,!1,!1,function(a,b){return la(qa(arguments,1),function(c,d){return c+O(d,a)},\"\")},2,null);Q(\"contains\",2,!1,!1,function(a,b,c){b=O(b,a);a=O(c,a);return-1!=b.indexOf(a)},2);Q(\"count\",1,!1,!1,function(a,b){return b.a(a).l},1,1,!0);\nQ(\"false\",2,!1,!1,function(){return!1},0);Q(\"floor\",1,!1,!1,function(a,b){return Math.floor(N(b,a))},1);Q(\"id\",4,!1,!1,function(a,b){function c(h){if(x){var m=e.all[h];if(m){if(m.nodeType&&h==m.id)return m;if(m.length)return oa(m,function(w){return h==w.id})}return null}return e.getElementById(h)}var d=a.a,e=9==d.nodeType?d:d.ownerDocument;a=O(b,a).split(/\\s+/);var f=[];n(a,function(h){h=c(h);!h||0<=ja(f,h)||f.push(h)});f.sort(Xa);var g=new E;n(f,function(h){g.add(h)});return g},1);\nQ(\"lang\",2,!1,!1,function(){return!1},1);Q(\"last\",1,!0,!1,function(a){if(1!=arguments.length)throw Error(\"Function last expects ()\");return a.f},0);Q(\"local-name\",3,!1,!0,function(a,b){return(a=b?mb(b.a(a)):a.a)?a.localName||a.nodeName.toLowerCase():\"\"},0,1,!0);Q(\"name\",3,!1,!0,function(a,b){return(a=b?mb(b.a(a)):a.a)?a.nodeName.toLowerCase():\"\"},0,1,!0);Q(\"namespace-uri\",3,!0,!1,function(){return\"\"},0,1,!0);\nQ(\"normalize-space\",3,!1,!0,function(a,b){return(b?O(b,a):B(a.a)).replace(/[\\s\\xa0]+/g,\" \").replace(/^\\s+|\\s+$/g,\"\")},0,1);Q(\"not\",2,!1,!1,function(a,b){return!rb(b,a)},1);Q(\"number\",1,!1,!0,function(a,b){return b?N(b,a):+B(a.a)},0,1);Q(\"position\",1,!0,!1,function(a){return a.b},0);Q(\"round\",1,!1,!1,function(a,b){return Math.round(N(b,a))},1);Q(\"starts-with\",2,!1,!1,function(a,b,c){b=O(b,a);a=O(c,a);return 0==b.lastIndexOf(a,0)},2);Q(\"string\",3,!1,!0,function(a,b){return b?O(b,a):B(a.a)},0,1);\nQ(\"string-length\",1,!1,!0,function(a,b){return(b?O(b,a):B(a.a)).length},0,1);Q(\"substring\",3,!1,!1,function(a,b,c,d){c=N(c,a);if(isNaN(c)||Infinity==c||-Infinity==c)return\"\";d=d?N(d,a):Infinity;if(isNaN(d)||-Infinity===d)return\"\";c=Math.round(c)-1;var e=Math.max(c,0);a=O(b,a);return Infinity==d?a.substring(e):a.substring(e,c+Math.round(d))},2,3);Q(\"substring-after\",3,!1,!1,function(a,b,c){b=O(b,a);a=O(c,a);c=b.indexOf(a);return-1==c?\"\":b.substring(c+a.length)},2);\nQ(\"substring-before\",3,!1,!1,function(a,b,c){b=O(b,a);a=O(c,a);a=b.indexOf(a);return-1==a?\"\":b.substring(0,a)},2);Q(\"sum\",1,!1,!1,function(a,b){a=H(b.a(a));b=0;for(var c=I(a);c;c=I(a))b+=+B(c);return b},1,1,!0);Q(\"translate\",3,!1,!1,function(a,b,c,d){b=O(b,a);c=O(c,a);var e=O(d,a);a={};for(d=0;d<c.length;d++){var f=c.charAt(d);f in a||(a[f]=e.charAt(d))}c=\"\";for(d=0;d<b.length;d++)f=b.charAt(d),c+=f in a?a[f]:f;return c},3);Q(\"true\",2,!1,!1,function(){return!0},0);function G(a,b){this.h=a;this.c=void 0!==b?b:null;this.b=null;switch(a){case \"comment\":this.b=8;break;case \"text\":this.b=3;break;case \"processing-instruction\":this.b=7;break;case \"node\":break;default:throw Error(\"Unexpected argument\");}}function Cb(a){return\"comment\"==a||\"text\"==a||\"processing-instruction\"==a||\"node\"==a}G.prototype.a=function(a){return null===this.b||this.b==a.nodeType};G.prototype.f=function(){return this.h};\nG.prototype.toString=function(){var a=\"Kind Test: \"+this.h;null===this.c||(a+=K(this.c));return a};function Db(a){J.call(this,3);this.c=a.substring(1,a.length-1)}l(Db,J);Db.prototype.a=function(){return this.c};Db.prototype.toString=function(){return\"Literal: \"+this.c};function F(a,b){this.j=a.toLowerCase();a=\"*\"==this.j?\"*\":\"http://www.w3.org/1999/xhtml\";this.c=b?b.toLowerCase():a}F.prototype.a=function(a){var b=a.nodeType;if(1!=b&&2!=b)return!1;b=void 0!==a.localName?a.localName:a.nodeName;return\"*\"!=this.j&&this.j!=b.toLowerCase()?!1:\"*\"==this.c?!0:this.c==(a.namespaceURI?a.namespaceURI.toLowerCase():\"http://www.w3.org/1999/xhtml\")};F.prototype.f=function(){return this.j};\nF.prototype.toString=function(){return\"Name Test: \"+(\"http://www.w3.org/1999/xhtml\"==this.c?\"\":this.c+\":\")+this.j};function Eb(a){J.call(this,1);this.c=a}l(Eb,J);Eb.prototype.a=function(){return this.c};Eb.prototype.toString=function(){return\"Number: \"+this.c};function Fb(a,b){J.call(this,a.i);this.h=a;this.c=b;this.g=a.g;this.b=a.b;1==this.c.length&&(a=this.c[0],a.A||a.c!=Gb||(a=a.o,\"*\"!=a.f()&&(this.f={name:a.f(),u:null})))}l(Fb,J);function Hb(){J.call(this,4)}l(Hb,J);Hb.prototype.a=function(a){var b=new E;a=a.a;9==a.nodeType?b.add(a):b.add(a.ownerDocument);return b};Hb.prototype.toString=function(){return\"Root Helper Expression\"};function Ib(){J.call(this,4)}l(Ib,J);Ib.prototype.a=function(a){var b=new E;b.add(a.a);return b};Ib.prototype.toString=function(){return\"Context Helper Expression\"};\nfunction Jb(a){return\"/\"==a||\"//\"==a}Fb.prototype.a=function(a){var b=this.h.a(a);if(!(b instanceof E))throw Error(\"Filter expression must evaluate to nodeset.\");a=this.c;for(var c=0,d=a.length;c<d&&b.l;c++){var e=a[c],f=H(b,e.c.s);if(e.g||e.c!=Kb)if(e.g||e.c!=Lb){var g=I(f);for(b=e.a(new ia(g));null!=(g=I(f));)g=e.a(new ia(g)),b=kb(b,g)}else g=I(f),b=e.a(new ia(g));else{for(g=I(f);(b=I(f))&&(!g.contains||g.contains(b))&&b.compareDocumentPosition(g)&8;g=b);b=e.a(new ia(g))}}return b};\nFb.prototype.toString=function(){var a=\"Path Expression:\"+K(this.h);if(this.c.length){var b=la(this.c,function(c,d){return c+K(d)},\"Steps:\");a+=K(b)}return a};function Mb(a,b){this.a=a;this.s=!!b}\nfunction yb(a,b,c){for(c=c||0;c<a.a.length;c++)for(var d=a.a[c],e=H(b),f=b.l,g,h=0;g=I(e);h++){var m=a.s?f-h:h+1;g=d.a(new ia(g,m,f));if(\"number\"==typeof g)m=m==g;else if(\"string\"==typeof g||\"boolean\"==typeof g)m=!!g;else if(g instanceof E)m=0<g.l;else throw Error(\"Predicate.evaluate returned an unexpected type.\");if(!m){m=e;g=m.f;var w=m.a;if(!w)throw Error(\"Next must be called at least once before remove.\");var r=w.b;w=w.a;r?r.a=w:g.a=w;w?w.b=r:g.b=r;g.l--;m.a=null}}return b}\nMb.prototype.toString=function(){return la(this.a,function(a,b){return a+K(b)},\"Predicates:\")};function R(a,b,c,d){J.call(this,4);this.c=a;this.o=b;this.h=c||new Mb([]);this.A=!!d;b=this.h;b=0<b.a.length?b.a[0].f:null;a.J&&b&&(a=b.name,a=x?a.toLowerCase():a,this.f={name:a,u:b.u});a:{a=this.h;for(b=0;b<a.a.length;b++)if(c=a.a[b],c.g||1==c.i||0==c.i){a=!0;break a}a=!1}this.g=a}l(R,J);\nR.prototype.a=function(a){var b=a.a,c=this.f,d=null,e=null,f=0;c&&(d=c.name,e=c.u?O(c.u,a):null,f=1);if(this.A)if(this.g||this.c!=Nb)if(b=H((new R(Ob,new G(\"node\"))).a(a)),c=I(b))for(a=this.m(c,d,e,f);null!=(c=I(b));)a=kb(a,this.m(c,d,e,f));else a=new E;else a=bb(this.o,b,d,e),a=yb(this.h,a,f);else a=this.m(a.a,d,e,f);return a};R.prototype.m=function(a,b,c,d){a=this.c.v(this.o,a,b,c);return a=yb(this.h,a,d)};\nR.prototype.toString=function(){var a=\"Step:\"+K(\"Operator: \"+(this.A?\"//\":\"/\"));this.c.j&&(a+=K(\"Axis: \"+this.c));a+=K(this.o);if(this.h.a.length){var b=la(this.h.a,function(c,d){return c+K(d)},\"Predicates:\");a+=K(b)}return a};function Pb(a,b,c,d){this.j=a;this.v=b;this.s=c;this.J=d}Pb.prototype.toString=function(){return this.j};var Qb={};function S(a,b,c,d){if(Qb.hasOwnProperty(a))throw Error(\"Axis already created: \"+a);b=new Pb(a,b,c,!!d);return Qb[a]=b}\nS(\"ancestor\",function(a,b){for(var c=new E;b=b.parentNode;)a.a(b)&&lb(c,b);return c},!0);S(\"ancestor-or-self\",function(a,b){var c=new E;do a.a(b)&&lb(c,b);while(b=b.parentNode);return c},!0);\nvar Gb=S(\"attribute\",function(a,b){var c=new E,d=a.f();if(\"style\"==d&&x&&b.style)return c.add(new Na(b.style,b,\"style\",b.style.cssText)),c;var e=b.attributes;if(e)if(a instanceof G&&null===a.b||\"*\"==d)for(a=0;d=e[a];a++)x?d.nodeValue&&c.add(Oa(b,d)):c.add(d);else(d=e.getNamedItem(d))&&(x?d.nodeValue&&c.add(Oa(b,d)):c.add(d));return c},!1),Nb=S(\"child\",function(a,b,c,d,e){return(x?hb:ib).call(null,a,b,aa(c)?c:null,aa(d)?d:null,e||new E)},!1,!0);S(\"descendant\",bb,!1,!0);\nvar Ob=S(\"descendant-or-self\",function(a,b,c,d){var e=new E;C(b,c,d)&&a.a(b)&&e.add(b);return bb(a,b,c,d,e)},!1,!0),Kb=S(\"following\",function(a,b,c,d){var e=new E;do for(var f=b;f=f.nextSibling;)C(f,c,d)&&a.a(f)&&e.add(f),e=bb(a,f,c,d,e);while(b=b.parentNode);return e},!1,!0);S(\"following-sibling\",function(a,b){for(var c=new E;b=b.nextSibling;)a.a(b)&&c.add(b);return c},!1);S(\"namespace\",function(){return new E},!1);\nvar Rb=S(\"parent\",function(a,b){var c=new E;if(9==b.nodeType)return c;if(2==b.nodeType)return c.add(b.ownerElement),c;b=b.parentNode;a.a(b)&&c.add(b);return c},!1),Lb=S(\"preceding\",function(a,b,c,d){var e=new E,f=[];do f.unshift(b);while(b=b.parentNode);for(var g=1,h=f.length;g<h;g++){var m=[];for(b=f[g];b=b.previousSibling;)m.unshift(b);for(var w=0,r=m.length;w<r;w++)b=m[w],C(b,c,d)&&a.a(b)&&e.add(b),e=bb(a,b,c,d,e)}return e},!0,!0);\nS(\"preceding-sibling\",function(a,b){for(var c=new E;b=b.previousSibling;)a.a(b)&&lb(c,b);return c},!0);var Sb=S(\"self\",function(a,b){var c=new E;a.a(b)&&c.add(b);return c},!1);function Tb(a){J.call(this,1);this.c=a;this.g=a.g;this.b=a.b}l(Tb,J);Tb.prototype.a=function(a){return-N(this.c,a)};Tb.prototype.toString=function(){return\"Unary Expression: -\"+K(this.c)};function Ub(a){J.call(this,4);this.c=a;pb(this,ma(this.c,function(b){return b.g}));qb(this,ma(this.c,function(b){return b.b}))}l(Ub,J);Ub.prototype.a=function(a){var b=new E;n(this.c,function(c){c=c.a(a);if(!(c instanceof E))throw Error(\"Path expression must evaluate to NodeSet.\");b=kb(b,c)});return b};Ub.prototype.toString=function(){return la(this.c,function(a,b){return a+K(b)},\"Union Expression:\")};function Vb(a,b){this.a=a;this.b=b}function Yb(a){for(var b,c=[];;){T(a,\"Missing right hand side of binary expression.\");b=Zb(a);var d=z(a.a);if(!d)break;var e=(d=wb[d]||null)&&d.D;if(!e){a.a.a--;break}for(;c.length&&e<=c[c.length-1].D;)b=new sb(c.pop(),c.pop(),b);c.push(b,d)}for(;c.length;)b=new sb(c.pop(),c.pop(),b);return b}function T(a,b){if(Ta(a.a))throw Error(b);}function $b(a,b){a=z(a.a);if(a!=b)throw Error(\"Bad token, expected: \"+b+\" got: \"+a);}\nfunction ac(a){a=z(a.a);if(\")\"!=a)throw Error(\"Bad token: \"+a);}function bc(a){a=z(a.a);if(2>a.length)throw Error(\"Unclosed literal string\");return new Db(a)}\nfunction cc(a){var b=[];if(Jb(y(a.a))){var c=z(a.a);var d=y(a.a);if(\"/\"==c&&(Ta(a.a)||\".\"!=d&&\"..\"!=d&&\"@\"!=d&&\"*\"!=d&&!/(?![0-9])[\\w]/.test(d)))return new Hb;d=new Hb;T(a,\"Missing next location step.\");c=dc(a,c);b.push(c)}else{a:{c=y(a.a);d=c.charAt(0);switch(d){case \"$\":throw Error(\"Variable reference not allowed in HTML XPath\");case \"(\":z(a.a);c=Yb(a);T(a,'unclosed \"(\"');$b(a,\")\");break;case '\"':case \"'\":c=bc(a);break;default:if(isNaN(+c))if(!Cb(c)&&/(?![0-9])[\\w]/.test(d)&&\"(\"==y(a.a,1)){c=z(a.a);\nc=Bb[c]||null;z(a.a);for(d=[];\")\"!=y(a.a);){T(a,\"Missing function argument list.\");d.push(Yb(a));if(\",\"!=y(a.a))break;z(a.a)}T(a,\"Unclosed function argument list.\");ac(a);c=new zb(c,d)}else{c=null;break a}else c=new Eb(+z(a.a))}\"[\"==y(a.a)&&(d=new Mb(ec(a)),c=new xb(c,d))}if(c)if(Jb(y(a.a)))d=c;else return c;else c=dc(a,\"/\"),d=new Ib,b.push(c)}for(;Jb(y(a.a));)c=z(a.a),T(a,\"Missing next location step.\"),c=dc(a,c),b.push(c);return new Fb(d,b)}\nfunction dc(a,b){if(\"/\"!=b&&\"//\"!=b)throw Error('Step op should be \"/\" or \"//\"');if(\".\"==y(a.a)){var c=new R(Sb,new G(\"node\"));z(a.a);return c}if(\"..\"==y(a.a))return c=new R(Rb,new G(\"node\")),z(a.a),c;if(\"@\"==y(a.a)){var d=Gb;z(a.a);T(a,\"Missing attribute name\")}else if(\"::\"==y(a.a,1)){if(!/(?![0-9])[\\w]/.test(y(a.a).charAt(0)))throw Error(\"Bad token: \"+z(a.a));var e=z(a.a);d=Qb[e]||null;if(!d)throw Error(\"No axis with name: \"+e);z(a.a);T(a,\"Missing node name\")}else d=Nb;e=y(a.a);if(/(?![0-9])[\\w\\*]/.test(e.charAt(0)))if(\"(\"==\ny(a.a,1)){if(!Cb(e))throw Error(\"Invalid node type: \"+e);e=z(a.a);if(!Cb(e))throw Error(\"Invalid type name: \"+e);$b(a,\"(\");T(a,\"Bad nodetype\");var f=y(a.a).charAt(0),g=null;if('\"'==f||\"'\"==f)g=bc(a);T(a,\"Bad nodetype\");ac(a);e=new G(e,g)}else if(e=z(a.a),f=e.indexOf(\":\"),-1==f)e=new F(e);else{g=e.substring(0,f);if(\"*\"==g)var h=\"*\";else if(h=a.b(g),!h)throw Error(\"Namespace prefix not declared: \"+g);e=e.substr(f+1);e=new F(e,h)}else throw Error(\"Bad token: \"+z(a.a));a=new Mb(ec(a),d.s);return c||new R(d,\ne,a,\"//\"==b)}function ec(a){for(var b=[];\"[\"==y(a.a);){z(a.a);T(a,\"Missing predicate expression.\");var c=Yb(a);b.push(c);T(a,\"Unclosed predicate expression.\");$b(a,\"]\")}return b}function Zb(a){if(\"-\"==y(a.a))return z(a.a),new Tb(Zb(a));var b=cc(a);if(\"|\"!=y(a.a))a=b;else{for(b=[b];\"|\"==z(a.a);)T(a,\"Missing next union location path.\"),b.push(cc(a));a.a.a--;a=new Ub(b)}return a};function fc(a){switch(a.nodeType){case 1:return ha(gc,a);case 9:return fc(a.documentElement);case 11:case 10:case 6:case 12:return hc;default:return a.parentNode?fc(a.parentNode):hc}}function hc(){return null}function gc(a,b){if(a.prefix==b)return a.namespaceURI||\"http://www.w3.org/1999/xhtml\";var c=a.getAttributeNode(\"xmlns:\"+b);return c&&c.specified?c.value||null:a.parentNode&&9!=a.parentNode.nodeType?gc(a.parentNode,b):null};function ic(a,b){if(!a.length)throw Error(\"Empty XPath expression.\");a=Qa(a);if(Ta(a))throw Error(\"Invalid XPath expression.\");b?\"function\"==ca(b)||(b=fa(b.lookupNamespaceURI,b)):b=function(){return null};var c=Yb(new Vb(a,b));if(!Ta(a))throw Error(\"Bad token: \"+z(a));this.evaluate=function(d,e){d=c.a(new ia(d));return new U(d,e)}}\nfunction U(a,b){if(0==b)if(a instanceof E)b=4;else if(\"string\"==typeof a)b=2;else if(\"number\"==typeof a)b=1;else if(\"boolean\"==typeof a)b=3;else throw Error(\"Unexpected evaluation result.\");if(2!=b&&1!=b&&3!=b&&!(a instanceof E))throw Error(\"value could not be converted to the specified type\");this.resultType=b;switch(b){case 2:this.stringValue=a instanceof E?nb(a):\"\"+a;break;case 1:this.numberValue=a instanceof E?+nb(a):+a;break;case 3:this.booleanValue=a instanceof E?0<a.l:!!a;break;case 4:case 5:case 6:case 7:var c=\nH(a);var d=[];for(var e=I(c);e;e=I(c))d.push(e instanceof Na?e.a:e);this.snapshotLength=a.l;this.invalidIteratorState=!1;break;case 8:case 9:a=mb(a);this.singleNodeValue=a instanceof Na?a.a:a;break;default:throw Error(\"Unknown XPathResult type.\");}var f=0;this.iterateNext=function(){if(4!=b&&5!=b)throw Error(\"iterateNext called with wrong result type\");return f>=d.length?null:d[f++]};this.snapshotItem=function(g){if(6!=b&&7!=b)throw Error(\"snapshotItem called with wrong result type\");return g>=d.length||\n0>g?null:d[g]}}U.ANY_TYPE=0;U.NUMBER_TYPE=1;U.STRING_TYPE=2;U.BOOLEAN_TYPE=3;U.UNORDERED_NODE_ITERATOR_TYPE=4;U.ORDERED_NODE_ITERATOR_TYPE=5;U.UNORDERED_NODE_SNAPSHOT_TYPE=6;U.ORDERED_NODE_SNAPSHOT_TYPE=7;U.ANY_UNORDERED_NODE_TYPE=8;U.FIRST_ORDERED_NODE_TYPE=9;function jc(a){this.lookupNamespaceURI=fc(a)}\nfunction kc(a,b){a=a||k;var c=a.Document&&a.Document.prototype||a.document;if(!c.evaluate||b)a.XPathResult=U,c.evaluate=function(d,e,f,g){return(new ic(d,f)).evaluate(e,g)},c.createExpression=function(d,e){return new ic(d,e)},c.createNSResolver=function(d){return new jc(d)}}ba(\"wgxpath.install\",kc);ba(\"wgxpath.install\",kc);var lc={aliceblue:\"#f0f8ff\",antiquewhite:\"#faebd7\",aqua:\"#00ffff\",aquamarine:\"#7fffd4\",azure:\"#f0ffff\",beige:\"#f5f5dc\",bisque:\"#ffe4c4\",black:\"#000000\",blanchedalmond:\"#ffebcd\",blue:\"#0000ff\",blueviolet:\"#8a2be2\",brown:\"#a52a2a\",burlywood:\"#deb887\",cadetblue:\"#5f9ea0\",chartreuse:\"#7fff00\",chocolate:\"#d2691e\",coral:\"#ff7f50\",cornflowerblue:\"#6495ed\",cornsilk:\"#fff8dc\",crimson:\"#dc143c\",cyan:\"#00ffff\",darkblue:\"#00008b\",darkcyan:\"#008b8b\",darkgoldenrod:\"#b8860b\",darkgray:\"#a9a9a9\",darkgreen:\"#006400\",\ndarkgrey:\"#a9a9a9\",darkkhaki:\"#bdb76b\",darkmagenta:\"#8b008b\",darkolivegreen:\"#556b2f\",darkorange:\"#ff8c00\",darkorchid:\"#9932cc\",darkred:\"#8b0000\",darksalmon:\"#e9967a\",darkseagreen:\"#8fbc8f\",darkslateblue:\"#483d8b\",darkslategray:\"#2f4f4f\",darkslategrey:\"#2f4f4f\",darkturquoise:\"#00ced1\",darkviolet:\"#9400d3\",deeppink:\"#ff1493\",deepskyblue:\"#00bfff\",dimgray:\"#696969\",dimgrey:\"#696969\",dodgerblue:\"#1e90ff\",firebrick:\"#b22222\",floralwhite:\"#fffaf0\",forestgreen:\"#228b22\",fuchsia:\"#ff00ff\",gainsboro:\"#dcdcdc\",\nghostwhite:\"#f8f8ff\",gold:\"#ffd700\",goldenrod:\"#daa520\",gray:\"#808080\",green:\"#008000\",greenyellow:\"#adff2f\",grey:\"#808080\",honeydew:\"#f0fff0\",hotpink:\"#ff69b4\",indianred:\"#cd5c5c\",indigo:\"#4b0082\",ivory:\"#fffff0\",khaki:\"#f0e68c\",lavender:\"#e6e6fa\",lavenderblush:\"#fff0f5\",lawngreen:\"#7cfc00\",lemonchiffon:\"#fffacd\",lightblue:\"#add8e6\",lightcoral:\"#f08080\",lightcyan:\"#e0ffff\",lightgoldenrodyellow:\"#fafad2\",lightgray:\"#d3d3d3\",lightgreen:\"#90ee90\",lightgrey:\"#d3d3d3\",lightpink:\"#ffb6c1\",lightsalmon:\"#ffa07a\",\nlightseagreen:\"#20b2aa\",lightskyblue:\"#87cefa\",lightslategray:\"#778899\",lightslategrey:\"#778899\",lightsteelblue:\"#b0c4de\",lightyellow:\"#ffffe0\",lime:\"#00ff00\",limegreen:\"#32cd32\",linen:\"#faf0e6\",magenta:\"#ff00ff\",maroon:\"#800000\",mediumaquamarine:\"#66cdaa\",mediumblue:\"#0000cd\",mediumorchid:\"#ba55d3\",mediumpurple:\"#9370db\",mediumseagreen:\"#3cb371\",mediumslateblue:\"#7b68ee\",mediumspringgreen:\"#00fa9a\",mediumturquoise:\"#48d1cc\",mediumvioletred:\"#c71585\",midnightblue:\"#191970\",mintcream:\"#f5fffa\",mistyrose:\"#ffe4e1\",\nmoccasin:\"#ffe4b5\",navajowhite:\"#ffdead\",navy:\"#000080\",oldlace:\"#fdf5e6\",olive:\"#808000\",olivedrab:\"#6b8e23\",orange:\"#ffa500\",orangered:\"#ff4500\",orchid:\"#da70d6\",palegoldenrod:\"#eee8aa\",palegreen:\"#98fb98\",paleturquoise:\"#afeeee\",palevioletred:\"#db7093\",papayawhip:\"#ffefd5\",peachpuff:\"#ffdab9\",peru:\"#cd853f\",pink:\"#ffc0cb\",plum:\"#dda0dd\",powderblue:\"#b0e0e6\",purple:\"#800080\",red:\"#ff0000\",rosybrown:\"#bc8f8f\",royalblue:\"#4169e1\",saddlebrown:\"#8b4513\",salmon:\"#fa8072\",sandybrown:\"#f4a460\",seagreen:\"#2e8b57\",\nseashell:\"#fff5ee\",sienna:\"#a0522d\",silver:\"#c0c0c0\",skyblue:\"#87ceeb\",slateblue:\"#6a5acd\",slategray:\"#708090\",slategrey:\"#708090\",snow:\"#fffafa\",springgreen:\"#00ff7f\",steelblue:\"#4682b4\",tan:\"#d2b48c\",teal:\"#008080\",thistle:\"#d8bfd8\",tomato:\"#ff6347\",turquoise:\"#40e0d0\",violet:\"#ee82ee\",wheat:\"#f5deb3\",white:\"#ffffff\",whitesmoke:\"#f5f5f5\",yellow:\"#ffff00\",yellowgreen:\"#9acd32\"};var mc=\"backgroundColor borderTopColor borderRightColor borderBottomColor borderLeftColor color outlineColor\".split(\" \"),nc=/#([0-9a-fA-F])([0-9a-fA-F])([0-9a-fA-F])/,oc=/^#(?:[0-9a-f]{3}){1,2}$/i,pc=/^(?:rgba)?\\((\\d{1,3}),\\s?(\\d{1,3}),\\s?(\\d{1,3}),\\s?(0|1|0\\.\\d*)\\)$/i,qc=/^(?:rgb)?\\((0|[1-9]\\d{0,2}),\\s?(0|[1-9]\\d{0,2}),\\s?(0|[1-9]\\d{0,2})\\)$/i;function rc(a,b){this.code=a;this.a=V[a]||sc;this.message=b||\"\";a=this.a.replace(/((?:^|\\s+)[a-z])/g,function(c){return c.toUpperCase().replace(/^[\\s\\xa0]+/g,\"\")});b=a.length-5;if(0>b||a.indexOf(\"Error\",b)!=b)a+=\"Error\";this.name=a;a=Error(this.message);a.name=this.name;this.stack=a.stack||\"\"}l(rc,Error);var sc=\"unknown error\",V={15:\"element not selectable\",11:\"element not visible\"};V[31]=sc;V[30]=sc;V[24]=\"invalid cookie domain\";V[29]=\"invalid element coordinates\";V[12]=\"invalid element state\";\nV[32]=\"invalid selector\";V[51]=\"invalid selector\";V[52]=\"invalid selector\";V[17]=\"javascript error\";V[405]=\"unsupported operation\";V[34]=\"move target out of bounds\";V[27]=\"no such alert\";V[7]=\"no such element\";V[8]=\"no such frame\";V[23]=\"no such window\";V[28]=\"script timeout\";V[33]=\"session not created\";V[10]=\"stale element reference\";V[21]=\"timeout\";V[25]=\"unable to set cookie\";V[26]=\"unexpected alert open\";V[13]=sc;V[9]=\"unknown command\";var tc=va(),uc=ya()||u(\"iPod\"),vc=u(\"iPad\"),wc=u(\"Android\")&&!(wa()||va()||u(\"Opera\")||u(\"Silk\")),xc=wa(),yc=u(\"Safari\")&&!(wa()||u(\"Coast\")||u(\"Opera\")||u(\"Edge\")||u(\"Edg/\")||u(\"OPR\")||va()||u(\"Silk\")||u(\"Android\"))&&!(ya()||u(\"iPad\")||u(\"iPod\"));function zc(a){return(a=a.exec(t))?a[1]:\"\"}(function(){if(tc)return zc(/Firefox\\/([0-9.]+)/);if(v||Ca||Ba)return Ga;if(xc)return ya()||u(\"iPad\")||u(\"iPod\")?zc(/CriOS\\/([0-9.]+)/):zc(/Chrome\\/([0-9.]+)/);if(yc&&!(ya()||u(\"iPad\")||u(\"iPod\")))return zc(/Version\\/([0-9.]+)/);if(uc||vc){var a=/Version\\/(\\S+).*Mobile\\/(\\S+)/.exec(t);if(a)return a[1]+\".\"+a[2]}else if(wc)return(a=zc(/Android\\s+([0-9.]+)/))?a:zc(/Version\\/([0-9.]+)/);return\"\"})();var Ac=v&&!(9<=Number(La));function W(a,b){b&&\"string\"!==typeof b&&(b=b.toString());return!!a&&1==a.nodeType&&(!b||a.tagName.toUpperCase()==b)};var Bc=function(){var a={K:\"http://www.w3.org/2000/svg\"};return function(b){return a[b]||null}}();\nfunction Cc(a,b){var c=A(a);if(!c.documentElement)return null;(v||wc)&&kc(c?c.parentWindow||c.defaultView:window);try{var d=c.createNSResolver?c.createNSResolver(c.documentElement):Bc;if(v&&!Ka(7))return c.evaluate.call(c,b,a,d,9,null);if(!v||9<=Number(La)){for(var e={},f=c.getElementsByTagName(\"*\"),g=0;g<f.length;++g){var h=f[g],m=h.namespaceURI;if(m&&!e[m]){var w=h.lookupPrefix(m);if(!w){var r=m.match(\".*/(\\\\w+)/?$\");w=r?r[1]:\"xhtml\"}e[m]=w}}var D={},L;for(L in e)D[e[L]]=L;d=function(M){return D[M]||\nnull}}try{return c.evaluate(b,a,d,9,null)}catch(M){if(\"TypeError\"===M.name)return d=c.createNSResolver?c.createNSResolver(c.documentElement):Bc,c.evaluate(b,a,d,9,null);throw M;}}catch(M){if(!Da||\"NS_ERROR_ILLEGAL_VALUE\"!=M.name)throw new rc(32,\"Unable to locate an element with the xpath expression \"+b+\" because of the following error:\\n\"+M);}}\nfunction Dc(a,b){var c=function(){var d=Cc(b,a);return d?d.singleNodeValue||null:b.selectSingleNode?(d=A(b),d.setProperty&&d.setProperty(\"SelectionLanguage\",\"XPath\"),b.selectSingleNode(a)):null}();if(null!==c&&(!c||1!=c.nodeType))throw new rc(32,'The result of the xpath expression \"'+a+'\" is: '+c+\". It should be an element.\");return c};function Ec(a,b,c,d){this.c=a;this.a=b;this.b=c;this.f=d}Ec.prototype.ceil=function(){this.c=Math.ceil(this.c);this.a=Math.ceil(this.a);this.b=Math.ceil(this.b);this.f=Math.ceil(this.f);return this};Ec.prototype.floor=function(){this.c=Math.floor(this.c);this.a=Math.floor(this.a);this.b=Math.floor(this.b);this.f=Math.floor(this.f);return this};Ec.prototype.round=function(){this.c=Math.round(this.c);this.a=Math.round(this.a);this.b=Math.round(this.b);this.f=Math.round(this.f);return this};function X(a,b,c,d){this.a=a;this.b=b;this.width=c;this.height=d}X.prototype.ceil=function(){this.a=Math.ceil(this.a);this.b=Math.ceil(this.b);this.width=Math.ceil(this.width);this.height=Math.ceil(this.height);return this};X.prototype.floor=function(){this.a=Math.floor(this.a);this.b=Math.floor(this.b);this.width=Math.floor(this.width);this.height=Math.floor(this.height);return this};\nX.prototype.round=function(){this.a=Math.round(this.a);this.b=Math.round(this.b);this.width=Math.round(this.width);this.height=Math.round(this.height);return this};var Fc=\"function\"===typeof ShadowRoot;function Gc(a){for(a=a.parentNode;a&&1!=a.nodeType&&9!=a.nodeType&&11!=a.nodeType;)a=a.parentNode;return W(a)?a:null}\nfunction Y(a,b){b=xa(b);if(\"float\"==b||\"cssFloat\"==b||\"styleFloat\"==b)b=Ac?\"styleFloat\":\"cssFloat\";a:{var c=b;var d=A(a);if(d.defaultView&&d.defaultView.getComputedStyle&&(d=d.defaultView.getComputedStyle(a,null))){c=d[c]||d.getPropertyValue(c)||\"\";break a}c=\"\"}a=c||Hc(a,b);if(null===a)a=null;else if(0<=ja(mc,b)){b:{var e=a.match(pc);if(e&&(b=Number(e[1]),c=Number(e[2]),d=Number(e[3]),e=Number(e[4]),0<=b&&255>=b&&0<=c&&255>=c&&0<=d&&255>=d&&0<=e&&1>=e)){b=[b,c,d,e];break b}b=null}if(!b)b:{if(d=a.match(qc))if(b=\nNumber(d[1]),c=Number(d[2]),d=Number(d[3]),0<=b&&255>=b&&0<=c&&255>=c&&0<=d&&255>=d){b=[b,c,d,1];break b}b=null}if(!b)b:{b=a.toLowerCase();c=lc[b.toLowerCase()];if(!c&&(c=\"#\"==b.charAt(0)?b:\"#\"+b,4==c.length&&(c=c.replace(nc,\"#$1$1$2$2$3$3\")),!oc.test(c))){b=null;break b}b=[parseInt(c.substr(1,2),16),parseInt(c.substr(3,2),16),parseInt(c.substr(5,2),16),1]}a=b?\"rgba(\"+b.join(\", \")+\")\":a}return a}\nfunction Hc(a,b){var c=a.currentStyle||a.style,d=c[b];void 0===d&&\"function\"==ca(c.getPropertyValue)&&(d=c.getPropertyValue(b));return\"inherit\"!=d?void 0!==d?d:null:(a=Gc(a))?Hc(a,b):null}\nfunction Ic(a,b,c){function d(g){var h=Jc(g);return 0<h.height&&0<h.width?!0:W(g,\"PATH\")&&(0<h.height||0<h.width)?(g=Y(g,\"stroke-width\"),!!g&&0<parseInt(g,10)):\"hidden\"!=Y(g,\"overflow\")&&ma(g.childNodes,function(m){return 3==m.nodeType||W(m)&&d(m)})}function e(g){return Kc(g)==Z&&na(g.childNodes,function(h){return!W(h)||e(h)||!d(h)})}if(!W(a))throw Error(\"Argument to isShown must be of type Element\");if(W(a,\"BODY\"))return!0;if(W(a,\"OPTION\")||W(a,\"OPTGROUP\"))return a=$a(a,function(g){return W(g,\"SELECT\")}),\n!!a&&Ic(a,!0,c);var f=Lc(a);if(f)return!!f.image&&0<f.rect.width&&0<f.rect.height&&Ic(f.image,b,c);if(W(a,\"INPUT\")&&\"hidden\"==a.type.toLowerCase()||W(a,\"NOSCRIPT\"))return!1;f=Y(a,\"visibility\");return\"collapse\"!=f&&\"hidden\"!=f&&c(a)&&(b||0!=Mc(a))&&d(a)?!e(a):!1}var Z=\"hidden\";\nfunction Kc(a){function b(p){function q(fb){if(fb==g)return!0;var Wb=Y(fb,\"display\");return 0==Wb.lastIndexOf(\"inline\",0)||\"contents\"==Wb||\"absolute\"==Xb&&\"static\"==Y(fb,\"position\")?!1:!0}var Xb=Y(p,\"position\");if(\"fixed\"==Xb)return w=!0,p==g?null:g;for(p=Gc(p);p&&!q(p);)p=Gc(p);return p}function c(p){var q=p;if(\"visible\"==m)if(p==g&&h)q=h;else if(p==h)return{x:\"visible\",y:\"visible\"};q={x:Y(q,\"overflow-x\"),y:Y(q,\"overflow-y\")};p==g&&(q.x=\"visible\"==q.x?\"auto\":q.x,q.y=\"visible\"==q.y?\"auto\":q.y);return q}\nfunction d(p){if(p==g){var q=(new ab(f)).a;p=q.scrollingElement?q.scrollingElement:Ea||\"CSS1Compat\"!=q.compatMode?q.body||q.documentElement:q.documentElement;q=q.parentWindow||q.defaultView;p=v&&Ka(\"10\")&&q.pageYOffset!=p.scrollTop?new Ua(p.scrollLeft,p.scrollTop):new Ua(q.pageXOffset||p.scrollLeft,q.pageYOffset||p.scrollTop)}else p=new Ua(p.scrollLeft,p.scrollTop);return p}var e=Nc(a),f=A(a),g=f.documentElement,h=f.body,m=Y(g,\"overflow\"),w;for(a=b(a);a;a=b(a)){var r=c(a);if(\"visible\"!=r.x||\"visible\"!=\nr.y){var D=Jc(a);if(0==D.width||0==D.height)return Z;var L=e.a<D.a,M=e.b<D.b;if(L&&\"hidden\"==r.x||M&&\"hidden\"==r.y)return Z;if(L&&\"visible\"!=r.x||M&&\"visible\"!=r.y){L=d(a);M=e.b<D.b-L.y;if(e.a<D.a-L.x&&\"visible\"!=r.x||M&&\"visible\"!=r.x)return Z;e=Kc(a);return e==Z?Z:\"scroll\"}L=e.f>=D.a+D.width;D=e.c>=D.b+D.height;if(L&&\"hidden\"==r.x||D&&\"hidden\"==r.y)return Z;if(L&&\"visible\"!=r.x||D&&\"visible\"!=r.y){if(w&&(r=d(a),e.f>=g.scrollWidth-r.x||e.a>=g.scrollHeight-r.y))return Z;e=Kc(a);return e==Z?Z:\"scroll\"}}}return\"none\"}\nfunction Jc(a){var b=Lc(a);if(b)return b.rect;if(W(a,\"HTML\"))return a=A(a),a=((a?a.parentWindow||a.defaultView:window)||window).document,a=\"CSS1Compat\"==a.compatMode?a.documentElement:a.body,a=new Va(a.clientWidth,a.clientHeight),new X(0,0,a.width,a.height);try{var c=a.getBoundingClientRect()}catch(d){return new X(0,0,0,0)}b=new X(c.left,c.top,c.right-c.left,c.bottom-c.top);v&&a.ownerDocument.body&&(a=A(a),b.a-=a.documentElement.clientLeft+a.body.clientLeft,b.b-=a.documentElement.clientTop+a.body.clientTop);\nreturn b}function Lc(a){var b=W(a,\"MAP\");if(!b&&!W(a,\"AREA\"))return null;var c=b?a:W(a.parentNode,\"MAP\")?a.parentNode:null,d=null,e=null;c&&c.name&&(d=Dc('/descendant::*[@usemap = \"#'+c.name+'\"]',A(c)))&&(e=Jc(d),b||\"default\"==a.shape.toLowerCase()||(a=Oc(a),b=Math.min(Math.max(a.a,0),e.width),c=Math.min(Math.max(a.b,0),e.height),e=new X(b+e.a,c+e.b,Math.min(a.width,e.width-b),Math.min(a.height,e.height-c))));return{image:d,rect:e||new X(0,0,0,0)}}\nfunction Oc(a){var b=a.shape.toLowerCase();a=a.coords.split(\",\");if(\"rect\"==b&&4==a.length){b=a[0];var c=a[1];return new X(b,c,a[2]-b,a[3]-c)}if(\"circle\"==b&&3==a.length)return b=a[2],new X(a[0]-b,a[1]-b,2*b,2*b);if(\"poly\"==b&&2<a.length){b=a[0];c=a[1];for(var d=b,e=c,f=2;f+1<a.length;f+=2)b=Math.min(b,a[f]),d=Math.max(d,a[f]),c=Math.min(c,a[f+1]),e=Math.max(e,a[f+1]);return new X(b,c,d-b,e-c)}return new X(0,0,0,0)}function Nc(a){a=Jc(a);return new Ec(a.b,a.a+a.width,a.b+a.height,a.a)}\nfunction Mc(a){if(Ac){if(\"relative\"==Y(a,\"position\"))return 1;a=Y(a,\"filter\");return(a=a.match(/^alpha\\(opacity=(\\d*)\\)/)||a.match(/^progid:DXImageTransform.Microsoft.Alpha\\(Opacity=(\\d*)\\)/))?Number(a[1])/100:1}return Pc(a)}function Pc(a){var b=1,c=Y(a,\"opacity\");c&&(b=Number(c));(a=Gc(a))&&(b*=Pc(a));return b};ba(\"_\",function(a,b){function c(d){if(W(d)&&\"none\"==Y(d,\"display\"))return!1;var e;if((e=d.parentNode)&&e.shadowRoot&&void 0!==d.assignedSlot)e=d.assignedSlot?d.assignedSlot.parentNode:null;else if(d.getDestinationInsertionPoints){var f=d.getDestinationInsertionPoints();0<f.length&&(e=f[f.length-1])}if(Fc&&e instanceof ShadowRoot){if(e.host.shadowRoot!==e)return!1;e=e.host}return!e||9!=e.nodeType&&11!=e.nodeType?e&&W(e,\"DETAILS\")&&!e.open&&!W(d,\"SUMMARY\")?!1:!!e&&c(e):!0}return Ic(a,!!b,c)});; return this._.apply(null,arguments);}).apply({navigator:typeof window!='undefined'?window.navigator:null,document:typeof window!='undefined'?window.document:null}, arguments);}\n).apply(null, arguments);", "args": [{"element-6066-11e4-a52e-4f735466cecf": "f.93C3CDE41EFE835CE40E7B5C86C651B6.d.3185B9B935A8925502228ADA5F64248A.e.58"}]}
DEBUG    urllib3.connectionpool:connectionpool.py:544 http://selenium-hub:4444 "POST /wd/hub/session/aaf41ee7c423515e1ac988c7c8ac9ce5/execute/sync HTTP/1.1" 200 0
DEBUG    selenium.webdriver.remote.remote_connection:remote_connection.py:329 Remote response: status=200 | data={"value":true} | headers=HTTPHeaderDict({'content-length': '14', 'content-type': 'application/json; charset=utf-8', 'cache-control': 'no-cache'})
DEBUG    selenium.webdriver.remote.remote_connection:remote_connection.py:356 Finished Request
DEBUG    selenium.webdriver.remote.remote_connection:remote_connection.py:313 POST http://selenium-hub:4444/wd/hub/session/aaf41ee7c423515e1ac988c7c8ac9ce5/element/f.93C3CDE41EFE835CE40E7B5C86C651B6.d.3185B9B935A8925502228ADA5F64248A.e.58/clear {}
DEBUG    urllib3.connectionpool:connectionpool.py:544 http://selenium-hub:4444 "POST /wd/hub/session/aaf41ee7c423515e1ac988c7c8ac9ce5/element/f.93C3CDE41EFE835CE40E7B5C86C651B6.d.3185B9B935A8925502228ADA5F64248A.e.58/clear HTTP/1.1" 200 0
DEBUG    selenium.webdriver.remote.remote_connection:remote_connection.py:329 Remote response: status=200 | data={"value":null} | headers=HTTPHeaderDict({'content-length': '14', 'content-type': 'application/json; charset=utf-8', 'cache-control': 'no-cache'})
DEBUG    selenium.webdriver.remote.remote_connection:remote_connection.py:356 Finished Request
DEBUG    selenium.webdriver.remote.remote_connection:remote_connection.py:313 POST http://selenium-hub:4444/wd/hub/session/aaf41ee7c423515e1ac988c7c8ac9ce5/element/f.93C3CDE41EFE835CE40E7B5C86C651B6.d.3185B9B935A8925502228ADA5F64248A.e.58/value {"text": "invalid.user@example.com", "value": ["i", "n", "v", "a", "l", "i", "d", ".", "u", "s", "e", "r", "@", "e", "x", "a", "m", "p", "l", "e", ".", "c", "o", "m"]}
DEBUG    urllib3.connectionpool:connectionpool.py:544 http://selenium-hub:4444 "POST /wd/hub/session/aaf41ee7c423515e1ac988c7c8ac9ce5/element/f.93C3CDE41EFE835CE40E7B5C86C651B6.d.3185B9B935A8925502228ADA5F64248A.e.58/value HTTP/1.1" 200 0
DEBUG    selenium.webdriver.remote.remote_connection:remote_connection.py:329 Remote response: status=200 | data={"value":null} | headers=HTTPHeaderDict({'content-length': '14', 'content-type': 'application/json; charset=utf-8', 'cache-control': 'no-cache'})
DEBUG    selenium.webdriver.remote.remote_connection:remote_connection.py:356 Finished Request
DEBUG    selenium.webdriver.remote.remote_connection:remote_connection.py:313 POST http://selenium-hub:4444/wd/hub/session/aaf41ee7c423515e1ac988c7c8ac9ce5/element {"using": "css selector", "value": "[data-testid='login-password']"}
DEBUG    urllib3.connectionpool:connectionpool.py:544 http://selenium-hub:4444 "POST /wd/hub/session/aaf41ee7c423515e1ac988c7c8ac9ce5/element HTTP/1.1" 200 0
DEBUG    selenium.webdriver.remote.remote_connection:remote_connection.py:329 Remote response: status=200 | data={"value":{"element-6066-11e4-a52e-4f735466cecf":"f.93C3CDE41EFE835CE40E7B5C86C651B6.d.3185B9B935A8925502228ADA5F64248A.e.59"}} | headers=HTTPHeaderDict({'content-length': '126', 'content-type': 'application/json; charset=utf-8', 'cache-control': 'no-cache'})
DEBUG    selenium.webdriver.remote.remote_connection:remote_connection.py:356 Finished Request
DEBUG    selenium.webdriver.remote.remote_connection:remote_connection.py:313 POST http://selenium-hub:4444/wd/hub/session/aaf41ee7c423515e1ac988c7c8ac9ce5/execute/sync {"script": "/* isDisplayed */return (function(){return (function(){var k=this||self;function aa(a){return\"string\"==typeof a}function ba(a,b){a=a.split(\".\");var c=k;a[0]in c||\"undefined\"==typeof c.execScript||c.execScript(\"var \"+a[0]);for(var d;a.length&&(d=a.shift());)a.length||void 0===b?c[d]&&c[d]!==Object.prototype[d]?c=c[d]:c=c[d]={}:c[d]=b}\nfunction ca(a){var b=typeof a;if(\"object\"==b)if(a){if(a instanceof Array)return\"array\";if(a instanceof Object)return b;var c=Object.prototype.toString.call(a);if(\"[object Window]\"==c)return\"object\";if(\"[object Array]\"==c||\"number\"==typeof a.length&&\"undefined\"!=typeof a.splice&&\"undefined\"!=typeof a.propertyIsEnumerable&&!a.propertyIsEnumerable(\"splice\"))return\"array\";if(\"[object Function]\"==c||\"undefined\"!=typeof a.call&&\"undefined\"!=typeof a.propertyIsEnumerable&&!a.propertyIsEnumerable(\"call\"))return\"function\"}else return\"null\";\nelse if(\"function\"==b&&\"undefined\"==typeof a.call)return\"object\";return b}function da(a,b,c){return a.call.apply(a.bind,arguments)}function ea(a,b,c){if(!a)throw Error();if(2<arguments.length){var d=Array.prototype.slice.call(arguments,2);return function(){var e=Array.prototype.slice.call(arguments);Array.prototype.unshift.apply(e,d);return a.apply(b,e)}}return function(){return a.apply(b,arguments)}}\nfunction fa(a,b,c){Function.prototype.bind&&-1!=Function.prototype.bind.toString().indexOf(\"native code\")?fa=da:fa=ea;return fa.apply(null,arguments)}function ha(a,b){var c=Array.prototype.slice.call(arguments,1);return function(){var d=c.slice();d.push.apply(d,arguments);return a.apply(this,d)}}function l(a,b){function c(){}c.prototype=b.prototype;a.prototype=new c;a.prototype.constructor=a};/*\n\n The MIT License\n\n Copyright (c) 2007 Cybozu Labs, Inc.\n Copyright (c) 2012 Google Inc.\n\n Permission is hereby granted, free of charge, to any person obtaining a copy\n of this software and associated documentation files (the \"Software\"), to\n deal in the Software without restriction, including without limitation the\n rights to use, copy, modify, merge, publish, distribute, sublicense, and/or\n sell copies of the Software, and to permit persons to whom the Software is\n furnished to do so, subject to the following conditions:\n\n The above copyright notice and this permission notice shall be included in\n all copies or substantial portions of the Software.\n\n THE SOFTWARE IS PROVIDED \"AS IS\", WITHOUT WARRANTY OF ANY KIND, EXPRESS OR\n IMPLIED, INCLUDING BUT NOT LIMITED TO THE WARRANTIES OF MERCHANTABILITY,\n FITNESS FOR A PARTICULAR PURPOSE AND NONINFRINGEMENT. IN NO EVENT SHALL THE\n AUTHORS OR COPYRIGHT HOLDERS BE LIABLE FOR ANY CLAIM, DAMAGES OR OTHER\n LIABILITY, WHETHER IN AN ACTION OF CONTRACT, TORT OR OTHERWISE, ARISING\n FROM, OUT OF OR IN CONNECTION WITH THE SOFTWARE OR THE USE OR OTHER DEALINGS\n IN THE SOFTWARE.\n*/\nfunction ia(a,b,c){this.a=a;this.b=b||1;this.f=c||1};var ja=Array.prototype.indexOf?function(a,b){return Array.prototype.indexOf.call(a,b,void 0)}:function(a,b){if(\"string\"===typeof a)return\"string\"!==typeof b||1!=b.length?-1:a.indexOf(b,0);for(var c=0;c<a.length;c++)if(c in a&&a[c]===b)return c;return-1},n=Array.prototype.forEach?function(a,b){Array.prototype.forEach.call(a,b,void 0)}:function(a,b){for(var c=a.length,d=\"string\"===typeof a?a.split(\"\"):a,e=0;e<c;e++)e in d&&b.call(void 0,d[e],e,a)},ka=Array.prototype.filter?function(a,b){return Array.prototype.filter.call(a,\nb,void 0)}:function(a,b){for(var c=a.length,d=[],e=0,f=\"string\"===typeof a?a.split(\"\"):a,g=0;g<c;g++)if(g in f){var h=f[g];b.call(void 0,h,g,a)&&(d[e++]=h)}return d},la=Array.prototype.reduce?function(a,b,c){return Array.prototype.reduce.call(a,b,c)}:function(a,b,c){var d=c;n(a,function(e,f){d=b.call(void 0,d,e,f,a)});return d},ma=Array.prototype.some?function(a,b){return Array.prototype.some.call(a,b,void 0)}:function(a,b){for(var c=a.length,d=\"string\"===typeof a?a.split(\"\"):a,e=0;e<c;e++)if(e in\nd&&b.call(void 0,d[e],e,a))return!0;return!1},na=Array.prototype.every?function(a,b){return Array.prototype.every.call(a,b,void 0)}:function(a,b){for(var c=a.length,d=\"string\"===typeof a?a.split(\"\"):a,e=0;e<c;e++)if(e in d&&!b.call(void 0,d[e],e,a))return!1;return!0};function oa(a,b){a:{for(var c=a.length,d=\"string\"===typeof a?a.split(\"\"):a,e=0;e<c;e++)if(e in d&&b.call(void 0,d[e],e,a)){b=e;break a}b=-1}return 0>b?null:\"string\"===typeof a?a.charAt(b):a[b]}\nfunction pa(a){return Array.prototype.concat.apply([],arguments)}function qa(a,b,c){return 2>=arguments.length?Array.prototype.slice.call(a,b):Array.prototype.slice.call(a,b,c)};var ra=String.prototype.trim?function(a){return a.trim()}:function(a){return/^[\\s\\xa0]*([\\s\\S]*?)[\\s\\xa0]*$/.exec(a)[1]};function sa(a,b){return a<b?-1:a>b?1:0};var t;a:{var ta=k.navigator;if(ta){var ua=ta.userAgent;if(ua){t=ua;break a}}t=\"\"}function u(a){return-1!=t.indexOf(a)};function va(){return u(\"Firefox\")||u(\"FxiOS\")}function wa(){return(u(\"Chrome\")||u(\"CriOS\"))&&!u(\"Edge\")};function xa(a){return String(a).replace(/\\-([a-z])/g,function(b,c){return c.toUpperCase()})};function ya(){return u(\"iPhone\")&&!u(\"iPod\")&&!u(\"iPad\")};function za(a,b){var c=Aa;return Object.prototype.hasOwnProperty.call(c,a)?c[a]:c[a]=b(a)};var Ba=u(\"Opera\"),v=u(\"Trident\")||u(\"MSIE\"),Ca=u(\"Edge\"),Da=u(\"Gecko\")&&!(-1!=t.toLowerCase().indexOf(\"webkit\")&&!u(\"Edge\"))&&!(u(\"Trident\")||u(\"MSIE\"))&&!u(\"Edge\"),Ea=-1!=t.toLowerCase().indexOf(\"webkit\")&&!u(\"Edge\");function Fa(){var a=k.document;return a?a.documentMode:void 0}var Ga;\na:{var Ha=\"\",Ia=function(){var a=t;if(Da)return/rv:([^\\);]+)(\\)|;)/.exec(a);if(Ca)return/Edge\\/([\\d\\.]+)/.exec(a);if(v)return/\\b(?:MSIE|rv)[: ]([^\\);]+)(\\)|;)/.exec(a);if(Ea)return/WebKit\\/(\\S+)/.exec(a);if(Ba)return/(?:Version)[ \\/]?(\\S+)/.exec(a)}();Ia&&(Ha=Ia?Ia[1]:\"\");if(v){var Ja=Fa();if(null!=Ja&&Ja>parseFloat(Ha)){Ga=String(Ja);break a}}Ga=Ha}var Aa={};\nfunction Ka(a){return za(a,function(){for(var b=0,c=ra(String(Ga)).split(\".\"),d=ra(String(a)).split(\".\"),e=Math.max(c.length,d.length),f=0;0==b&&f<e;f++){var g=c[f]||\"\",h=d[f]||\"\";do{g=/(\\d*)(\\D*)(.*)/.exec(g)||[\"\",\"\",\"\",\"\"];h=/(\\d*)(\\D*)(.*)/.exec(h)||[\"\",\"\",\"\",\"\"];if(0==g[0].length&&0==h[0].length)break;b=sa(0==g[1].length?0:parseInt(g[1],10),0==h[1].length?0:parseInt(h[1],10))||sa(0==g[2].length,0==h[2].length)||sa(g[2],h[2]);g=g[3];h=h[3]}while(0==b)}return 0<=b})}var La;\nLa=k.document&&v?Fa():void 0;var x=v&&!(9<=Number(La)),Ma=v&&!(8<=Number(La));function Na(a,b,c,d){this.a=a;this.nodeName=c;this.nodeValue=d;this.nodeType=2;this.parentNode=this.ownerElement=b}function Oa(a,b){var c=Ma&&\"href\"==b.nodeName?a.getAttribute(b.nodeName,2):b.nodeValue;return new Na(b,a,b.nodeName,c)};function Pa(a){this.b=a;this.a=0}function Qa(a){a=a.match(Ra);for(var b=0;b<a.length;b++)Sa.test(a[b])&&a.splice(b,1);return new Pa(a)}var Ra=/\\$?(?:(?![0-9-\\.])(?:\\*|[\\w-\\.]+):)?(?![0-9-\\.])(?:\\*|[\\w-\\.]+)|\\/\\/|\\.\\.|::|\\d+(?:\\.\\d*)?|\\.\\d+|\"[^\"]*\"|'[^']*'|[!<>]=|\\s+|./g,Sa=/^\\s/;function y(a,b){return a.b[a.a+(b||0)]}function z(a){return a.b[a.a++]}function Ta(a){return a.b.length<=a.a};function Ua(a,b){this.x=void 0!==a?a:0;this.y=void 0!==b?b:0}Ua.prototype.ceil=function(){this.x=Math.ceil(this.x);this.y=Math.ceil(this.y);return this};Ua.prototype.floor=function(){this.x=Math.floor(this.x);this.y=Math.floor(this.y);return this};Ua.prototype.round=function(){this.x=Math.round(this.x);this.y=Math.round(this.y);return this};function Va(a,b){this.width=a;this.height=b}Va.prototype.aspectRatio=function(){return this.width/this.height};Va.prototype.ceil=function(){this.width=Math.ceil(this.width);this.height=Math.ceil(this.height);return this};Va.prototype.floor=function(){this.width=Math.floor(this.width);this.height=Math.floor(this.height);return this};Va.prototype.round=function(){this.width=Math.round(this.width);this.height=Math.round(this.height);return this};function Wa(a,b){if(!a||!b)return!1;if(a.contains&&1==b.nodeType)return a==b||a.contains(b);if(\"undefined\"!=typeof a.compareDocumentPosition)return a==b||!!(a.compareDocumentPosition(b)&16);for(;b&&a!=b;)b=b.parentNode;return b==a}\nfunction Xa(a,b){if(a==b)return 0;if(a.compareDocumentPosition)return a.compareDocumentPosition(b)&2?1:-1;if(v&&!(9<=Number(La))){if(9==a.nodeType)return-1;if(9==b.nodeType)return 1}if(\"sourceIndex\"in a||a.parentNode&&\"sourceIndex\"in a.parentNode){var c=1==a.nodeType,d=1==b.nodeType;if(c&&d)return a.sourceIndex-b.sourceIndex;var e=a.parentNode,f=b.parentNode;return e==f?Ya(a,b):!c&&Wa(e,b)?-1*Za(a,b):!d&&Wa(f,a)?Za(b,a):(c?a.sourceIndex:e.sourceIndex)-(d?b.sourceIndex:f.sourceIndex)}d=A(a);c=d.createRange();\nc.selectNode(a);c.collapse(!0);a=d.createRange();a.selectNode(b);a.collapse(!0);return c.compareBoundaryPoints(k.Range.START_TO_END,a)}function Za(a,b){var c=a.parentNode;if(c==b)return-1;for(;b.parentNode!=c;)b=b.parentNode;return Ya(b,a)}function Ya(a,b){for(;b=b.previousSibling;)if(b==a)return-1;return 1}function A(a){return 9==a.nodeType?a:a.ownerDocument||a.document}function $a(a,b){a&&(a=a.parentNode);for(var c=0;a;){if(b(a))return a;a=a.parentNode;c++}return null}\nfunction ab(a){this.a=a||k.document||document}ab.prototype.getElementsByTagName=function(a,b){return(b||this.a).getElementsByTagName(String(a))};function B(a){var b=null,c=a.nodeType;1==c&&(b=a.textContent,b=void 0==b||null==b?a.innerText:b,b=void 0==b||null==b?\"\":b);if(\"string\"!=typeof b)if(x&&\"title\"==a.nodeName.toLowerCase()&&1==c)b=a.text;else if(9==c||1==c){a=9==c?a.documentElement:a.firstChild;c=0;var d=[];for(b=\"\";a;){do 1!=a.nodeType&&(b+=a.nodeValue),x&&\"title\"==a.nodeName.toLowerCase()&&(b+=a.text),d[c++]=a;while(a=a.firstChild);for(;c&&!(a=d[--c].nextSibling););}}else b=a.nodeValue;return b}\nfunction C(a,b,c){if(null===b)return!0;try{if(!a.getAttribute)return!1}catch(d){return!1}Ma&&\"class\"==b&&(b=\"className\");return null==c?!!a.getAttribute(b):a.getAttribute(b,2)==c}function bb(a,b,c,d,e){return(x?cb:db).call(null,a,b,aa(c)?c:null,aa(d)?d:null,e||new E)}\nfunction cb(a,b,c,d,e){if(a instanceof F||8==a.b||c&&null===a.b){var f=b.all;if(!f)return e;a=eb(a);if(\"*\"!=a&&(f=b.getElementsByTagName(a),!f))return e;if(c){for(var g=[],h=0;b=f[h++];)C(b,c,d)&&g.push(b);f=g}for(h=0;b=f[h++];)\"*\"==a&&\"!\"==b.tagName||e.add(b);return e}gb(a,b,c,d,e);return e}\nfunction db(a,b,c,d,e){b.getElementsByName&&d&&\"name\"==c&&!v?(b=b.getElementsByName(d),n(b,function(f){a.a(f)&&e.add(f)})):b.getElementsByClassName&&d&&\"class\"==c?(b=b.getElementsByClassName(d),n(b,function(f){f.className==d&&a.a(f)&&e.add(f)})):a instanceof G?gb(a,b,c,d,e):b.getElementsByTagName&&(b=b.getElementsByTagName(a.f()),n(b,function(f){C(f,c,d)&&e.add(f)}));return e}\nfunction hb(a,b,c,d,e){var f;if((a instanceof F||8==a.b||c&&null===a.b)&&(f=b.childNodes)){var g=eb(a);if(\"*\"!=g&&(f=ka(f,function(h){return h.tagName&&h.tagName.toLowerCase()==g}),!f))return e;c&&(f=ka(f,function(h){return C(h,c,d)}));n(f,function(h){\"*\"==g&&(\"!\"==h.tagName||\"*\"==g&&1!=h.nodeType)||e.add(h)});return e}return ib(a,b,c,d,e)}function ib(a,b,c,d,e){for(b=b.firstChild;b;b=b.nextSibling)C(b,c,d)&&a.a(b)&&e.add(b);return e}\nfunction gb(a,b,c,d,e){for(b=b.firstChild;b;b=b.nextSibling)C(b,c,d)&&a.a(b)&&e.add(b),gb(a,b,c,d,e)}function eb(a){if(a instanceof G){if(8==a.b)return\"!\";if(null===a.b)return\"*\"}return a.f()};function E(){this.b=this.a=null;this.l=0}function jb(a){this.f=a;this.a=this.b=null}function kb(a,b){if(!a.a)return b;if(!b.a)return a;var c=a.a;b=b.a;for(var d=null,e,f=0;c&&b;){e=c.f;var g=b.f;e==g||e instanceof Na&&g instanceof Na&&e.a==g.a?(e=c,c=c.a,b=b.a):0<Xa(c.f,b.f)?(e=b,b=b.a):(e=c,c=c.a);(e.b=d)?d.a=e:a.a=e;d=e;f++}for(e=c||b;e;)e.b=d,d=d.a=e,f++,e=e.a;a.b=d;a.l=f;return a}function lb(a,b){b=new jb(b);b.a=a.a;a.b?a.a.b=b:a.a=a.b=b;a.a=b;a.l++}\nE.prototype.add=function(a){a=new jb(a);a.b=this.b;this.a?this.b.a=a:this.a=this.b=a;this.b=a;this.l++};function mb(a){return(a=a.a)?a.f:null}function nb(a){return(a=mb(a))?B(a):\"\"}function H(a,b){return new ob(a,!!b)}function ob(a,b){this.f=a;this.b=(this.s=b)?a.b:a.a;this.a=null}function I(a){var b=a.b;if(null==b)return null;var c=a.a=b;a.b=a.s?b.b:b.a;return c.f};function J(a){this.i=a;this.b=this.g=!1;this.f=null}function K(a){return\"\\n  \"+a.toString().split(\"\\n\").join(\"\\n  \")}function pb(a,b){a.g=b}function qb(a,b){a.b=b}function N(a,b){a=a.a(b);return a instanceof E?+nb(a):+a}function O(a,b){a=a.a(b);return a instanceof E?nb(a):\"\"+a}function rb(a,b){a=a.a(b);return a instanceof E?!!a.l:!!a};function sb(a,b,c){J.call(this,a.i);this.c=a;this.h=b;this.o=c;this.g=b.g||c.g;this.b=b.b||c.b;this.c==tb&&(c.b||c.g||4==c.i||0==c.i||!b.f?b.b||b.g||4==b.i||0==b.i||!c.f||(this.f={name:c.f.name,u:b}):this.f={name:b.f.name,u:c})}l(sb,J);\nfunction ub(a,b,c,d,e){b=b.a(d);c=c.a(d);var f;if(b instanceof E&&c instanceof E){b=H(b);for(d=I(b);d;d=I(b))for(e=H(c),f=I(e);f;f=I(e))if(a(B(d),B(f)))return!0;return!1}if(b instanceof E||c instanceof E){b instanceof E?(e=b,d=c):(e=c,d=b);f=H(e);for(var g=typeof d,h=I(f);h;h=I(f)){switch(g){case \"number\":h=+B(h);break;case \"boolean\":h=!!B(h);break;case \"string\":h=B(h);break;default:throw Error(\"Illegal primitive type for comparison.\");}if(e==b&&a(h,d)||e==c&&a(d,h))return!0}return!1}return e?\"boolean\"==\ntypeof b||\"boolean\"==typeof c?a(!!b,!!c):\"number\"==typeof b||\"number\"==typeof c?a(+b,+c):a(b,c):a(+b,+c)}sb.prototype.a=function(a){return this.c.m(this.h,this.o,a)};sb.prototype.toString=function(){var a=\"Binary Expression: \"+this.c;a+=K(this.h);return a+=K(this.o)};function vb(a,b,c,d){this.I=a;this.D=b;this.i=c;this.m=d}vb.prototype.toString=function(){return this.I};var wb={};\nfunction P(a,b,c,d){if(wb.hasOwnProperty(a))throw Error(\"Binary operator already created: \"+a);a=new vb(a,b,c,d);return wb[a.toString()]=a}P(\"div\",6,1,function(a,b,c){return N(a,c)/N(b,c)});P(\"mod\",6,1,function(a,b,c){return N(a,c)%N(b,c)});P(\"*\",6,1,function(a,b,c){return N(a,c)*N(b,c)});P(\"+\",5,1,function(a,b,c){return N(a,c)+N(b,c)});P(\"-\",5,1,function(a,b,c){return N(a,c)-N(b,c)});P(\"<\",4,2,function(a,b,c){return ub(function(d,e){return d<e},a,b,c)});\nP(\">\",4,2,function(a,b,c){return ub(function(d,e){return d>e},a,b,c)});P(\"<=\",4,2,function(a,b,c){return ub(function(d,e){return d<=e},a,b,c)});P(\">=\",4,2,function(a,b,c){return ub(function(d,e){return d>=e},a,b,c)});var tb=P(\"=\",3,2,function(a,b,c){return ub(function(d,e){return d==e},a,b,c,!0)});P(\"!=\",3,2,function(a,b,c){return ub(function(d,e){return d!=e},a,b,c,!0)});P(\"and\",2,2,function(a,b,c){return rb(a,c)&&rb(b,c)});P(\"or\",1,2,function(a,b,c){return rb(a,c)||rb(b,c)});function xb(a,b){if(b.a.length&&4!=a.i)throw Error(\"Primary expression must evaluate to nodeset if filter has predicate(s).\");J.call(this,a.i);this.c=a;this.h=b;this.g=a.g;this.b=a.b}l(xb,J);xb.prototype.a=function(a){a=this.c.a(a);return yb(this.h,a)};xb.prototype.toString=function(){var a=\"Filter:\"+K(this.c);return a+=K(this.h)};function zb(a,b){if(b.length<a.C)throw Error(\"Function \"+a.j+\" expects at least\"+a.C+\" arguments, \"+b.length+\" given\");if(null!==a.B&&b.length>a.B)throw Error(\"Function \"+a.j+\" expects at most \"+a.B+\" arguments, \"+b.length+\" given\");a.H&&n(b,function(c,d){if(4!=c.i)throw Error(\"Argument \"+d+\" to function \"+a.j+\" is not of type Nodeset: \"+c);});J.call(this,a.i);this.v=a;this.c=b;pb(this,a.g||ma(b,function(c){return c.g}));qb(this,a.G&&!b.length||a.F&&!!b.length||ma(b,function(c){return c.b}))}\nl(zb,J);zb.prototype.a=function(a){return this.v.m.apply(null,pa(a,this.c))};zb.prototype.toString=function(){var a=\"Function: \"+this.v;if(this.c.length){var b=la(this.c,function(c,d){return c+K(d)},\"Arguments:\");a+=K(b)}return a};function Ab(a,b,c,d,e,f,g,h){this.j=a;this.i=b;this.g=c;this.G=d;this.F=!1;this.m=e;this.C=f;this.B=void 0!==g?g:f;this.H=!!h}Ab.prototype.toString=function(){return this.j};var Bb={};\nfunction Q(a,b,c,d,e,f,g,h){if(Bb.hasOwnProperty(a))throw Error(\"Function already created: \"+a+\".\");Bb[a]=new Ab(a,b,c,d,e,f,g,h)}Q(\"boolean\",2,!1,!1,function(a,b){return rb(b,a)},1);Q(\"ceiling\",1,!1,!1,function(a,b){return Math.ceil(N(b,a))},1);Q(\"concat\",3,!1,!1,function(a,b){return la(qa(arguments,1),function(c,d){return c+O(d,a)},\"\")},2,null);Q(\"contains\",2,!1,!1,function(a,b,c){b=O(b,a);a=O(c,a);return-1!=b.indexOf(a)},2);Q(\"count\",1,!1,!1,function(a,b){return b.a(a).l},1,1,!0);\nQ(\"false\",2,!1,!1,function(){return!1},0);Q(\"floor\",1,!1,!1,function(a,b){return Math.floor(N(b,a))},1);Q(\"id\",4,!1,!1,function(a,b){function c(h){if(x){var m=e.all[h];if(m){if(m.nodeType&&h==m.id)return m;if(m.length)return oa(m,function(w){return h==w.id})}return null}return e.getElementById(h)}var d=a.a,e=9==d.nodeType?d:d.ownerDocument;a=O(b,a).split(/\\s+/);var f=[];n(a,function(h){h=c(h);!h||0<=ja(f,h)||f.push(h)});f.sort(Xa);var g=new E;n(f,function(h){g.add(h)});return g},1);\nQ(\"lang\",2,!1,!1,function(){return!1},1);Q(\"last\",1,!0,!1,function(a){if(1!=arguments.length)throw Error(\"Function last expects ()\");return a.f},0);Q(\"local-name\",3,!1,!0,function(a,b){return(a=b?mb(b.a(a)):a.a)?a.localName||a.nodeName.toLowerCase():\"\"},0,1,!0);Q(\"name\",3,!1,!0,function(a,b){return(a=b?mb(b.a(a)):a.a)?a.nodeName.toLowerCase():\"\"},0,1,!0);Q(\"namespace-uri\",3,!0,!1,function(){return\"\"},0,1,!0);\nQ(\"normalize-space\",3,!1,!0,function(a,b){return(b?O(b,a):B(a.a)).replace(/[\\s\\xa0]+/g,\" \").replace(/^\\s+|\\s+$/g,\"\")},0,1);Q(\"not\",2,!1,!1,function(a,b){return!rb(b,a)},1);Q(\"number\",1,!1,!0,function(a,b){return b?N(b,a):+B(a.a)},0,1);Q(\"position\",1,!0,!1,function(a){return a.b},0);Q(\"round\",1,!1,!1,function(a,b){return Math.round(N(b,a))},1);Q(\"starts-with\",2,!1,!1,function(a,b,c){b=O(b,a);a=O(c,a);return 0==b.lastIndexOf(a,0)},2);Q(\"string\",3,!1,!0,function(a,b){return b?O(b,a):B(a.a)},0,1);\nQ(\"string-length\",1,!1,!0,function(a,b){return(b?O(b,a):B(a.a)).length},0,1);Q(\"substring\",3,!1,!1,function(a,b,c,d){c=N(c,a);if(isNaN(c)||Infinity==c||-Infinity==c)return\"\";d=d?N(d,a):Infinity;if(isNaN(d)||-Infinity===d)return\"\";c=Math.round(c)-1;var e=Math.max(c,0);a=O(b,a);return Infinity==d?a.substring(e):a.substring(e,c+Math.round(d))},2,3);Q(\"substring-after\",3,!1,!1,function(a,b,c){b=O(b,a);a=O(c,a);c=b.indexOf(a);return-1==c?\"\":b.substring(c+a.length)},2);\nQ(\"substring-before\",3,!1,!1,function(a,b,c){b=O(b,a);a=O(c,a);a=b.indexOf(a);return-1==a?\"\":b.substring(0,a)},2);Q(\"sum\",1,!1,!1,function(a,b){a=H(b.a(a));b=0;for(var c=I(a);c;c=I(a))b+=+B(c);return b},1,1,!0);Q(\"translate\",3,!1,!1,function(a,b,c,d){b=O(b,a);c=O(c,a);var e=O(d,a);a={};for(d=0;d<c.length;d++){var f=c.charAt(d);f in a||(a[f]=e.charAt(d))}c=\"\";for(d=0;d<b.length;d++)f=b.charAt(d),c+=f in a?a[f]:f;return c},3);Q(\"true\",2,!1,!1,function(){return!0},0);function G(a,b){this.h=a;this.c=void 0!==b?b:null;this.b=null;switch(a){case \"comment\":this.b=8;break;case \"text\":this.b=3;break;case \"processing-instruction\":this.b=7;break;case \"node\":break;default:throw Error(\"Unexpected argument\");}}function Cb(a){return\"comment\"==a||\"text\"==a||\"processing-instruction\"==a||\"node\"==a}G.prototype.a=function(a){return null===this.b||this.b==a.nodeType};G.prototype.f=function(){return this.h};\nG.prototype.toString=function(){var a=\"Kind Test: \"+this.h;null===this.c||(a+=K(this.c));return a};function Db(a){J.call(this,3);this.c=a.substring(1,a.length-1)}l(Db,J);Db.prototype.a=function(){return this.c};Db.prototype.toString=function(){return\"Literal: \"+this.c};function F(a,b){this.j=a.toLowerCase();a=\"*\"==this.j?\"*\":\"http://www.w3.org/1999/xhtml\";this.c=b?b.toLowerCase():a}F.prototype.a=function(a){var b=a.nodeType;if(1!=b&&2!=b)return!1;b=void 0!==a.localName?a.localName:a.nodeName;return\"*\"!=this.j&&this.j!=b.toLowerCase()?!1:\"*\"==this.c?!0:this.c==(a.namespaceURI?a.namespaceURI.toLowerCase():\"http://www.w3.org/1999/xhtml\")};F.prototype.f=function(){return this.j};\nF.prototype.toString=function(){return\"Name Test: \"+(\"http://www.w3.org/1999/xhtml\"==this.c?\"\":this.c+\":\")+this.j};function Eb(a){J.call(this,1);this.c=a}l(Eb,J);Eb.prototype.a=function(){return this.c};Eb.prototype.toString=function(){return\"Number: \"+this.c};function Fb(a,b){J.call(this,a.i);this.h=a;this.c=b;this.g=a.g;this.b=a.b;1==this.c.length&&(a=this.c[0],a.A||a.c!=Gb||(a=a.o,\"*\"!=a.f()&&(this.f={name:a.f(),u:null})))}l(Fb,J);function Hb(){J.call(this,4)}l(Hb,J);Hb.prototype.a=function(a){var b=new E;a=a.a;9==a.nodeType?b.add(a):b.add(a.ownerDocument);return b};Hb.prototype.toString=function(){return\"Root Helper Expression\"};function Ib(){J.call(this,4)}l(Ib,J);Ib.prototype.a=function(a){var b=new E;b.add(a.a);return b};Ib.prototype.toString=function(){return\"Context Helper Expression\"};\nfunction Jb(a){return\"/\"==a||\"//\"==a}Fb.prototype.a=function(a){var b=this.h.a(a);if(!(b instanceof E))throw Error(\"Filter expression must evaluate to nodeset.\");a=this.c;for(var c=0,d=a.length;c<d&&b.l;c++){var e=a[c],f=H(b,e.c.s);if(e.g||e.c!=Kb)if(e.g||e.c!=Lb){var g=I(f);for(b=e.a(new ia(g));null!=(g=I(f));)g=e.a(new ia(g)),b=kb(b,g)}else g=I(f),b=e.a(new ia(g));else{for(g=I(f);(b=I(f))&&(!g.contains||g.contains(b))&&b.compareDocumentPosition(g)&8;g=b);b=e.a(new ia(g))}}return b};\nFb.prototype.toString=function(){var a=\"Path Expression:\"+K(this.h);if(this.c.length){var b=la(this.c,function(c,d){return c+K(d)},\"Steps:\");a+=K(b)}return a};function Mb(a,b){this.a=a;this.s=!!b}\nfunction yb(a,b,c){for(c=c||0;c<a.a.length;c++)for(var d=a.a[c],e=H(b),f=b.l,g,h=0;g=I(e);h++){var m=a.s?f-h:h+1;g=d.a(new ia(g,m,f));if(\"number\"==typeof g)m=m==g;else if(\"string\"==typeof g||\"boolean\"==typeof g)m=!!g;else if(g instanceof E)m=0<g.l;else throw Error(\"Predicate.evaluate returned an unexpected type.\");if(!m){m=e;g=m.f;var w=m.a;if(!w)throw Error(\"Next must be called at least once before remove.\");var r=w.b;w=w.a;r?r.a=w:g.a=w;w?w.b=r:g.b=r;g.l--;m.a=null}}return b}\nMb.prototype.toString=function(){return la(this.a,function(a,b){return a+K(b)},\"Predicates:\")};function R(a,b,c,d){J.call(this,4);this.c=a;this.o=b;this.h=c||new Mb([]);this.A=!!d;b=this.h;b=0<b.a.length?b.a[0].f:null;a.J&&b&&(a=b.name,a=x?a.toLowerCase():a,this.f={name:a,u:b.u});a:{a=this.h;for(b=0;b<a.a.length;b++)if(c=a.a[b],c.g||1==c.i||0==c.i){a=!0;break a}a=!1}this.g=a}l(R,J);\nR.prototype.a=function(a){var b=a.a,c=this.f,d=null,e=null,f=0;c&&(d=c.name,e=c.u?O(c.u,a):null,f=1);if(this.A)if(this.g||this.c!=Nb)if(b=H((new R(Ob,new G(\"node\"))).a(a)),c=I(b))for(a=this.m(c,d,e,f);null!=(c=I(b));)a=kb(a,this.m(c,d,e,f));else a=new E;else a=bb(this.o,b,d,e),a=yb(this.h,a,f);else a=this.m(a.a,d,e,f);return a};R.prototype.m=function(a,b,c,d){a=this.c.v(this.o,a,b,c);return a=yb(this.h,a,d)};\nR.prototype.toString=function(){var a=\"Step:\"+K(\"Operator: \"+(this.A?\"//\":\"/\"));this.c.j&&(a+=K(\"Axis: \"+this.c));a+=K(this.o);if(this.h.a.length){var b=la(this.h.a,function(c,d){return c+K(d)},\"Predicates:\");a+=K(b)}return a};function Pb(a,b,c,d){this.j=a;this.v=b;this.s=c;this.J=d}Pb.prototype.toString=function(){return this.j};var Qb={};function S(a,b,c,d){if(Qb.hasOwnProperty(a))throw Error(\"Axis already created: \"+a);b=new Pb(a,b,c,!!d);return Qb[a]=b}\nS(\"ancestor\",function(a,b){for(var c=new E;b=b.parentNode;)a.a(b)&&lb(c,b);return c},!0);S(\"ancestor-or-self\",function(a,b){var c=new E;do a.a(b)&&lb(c,b);while(b=b.parentNode);return c},!0);\nvar Gb=S(\"attribute\",function(a,b){var c=new E,d=a.f();if(\"style\"==d&&x&&b.style)return c.add(new Na(b.style,b,\"style\",b.style.cssText)),c;var e=b.attributes;if(e)if(a instanceof G&&null===a.b||\"*\"==d)for(a=0;d=e[a];a++)x?d.nodeValue&&c.add(Oa(b,d)):c.add(d);else(d=e.getNamedItem(d))&&(x?d.nodeValue&&c.add(Oa(b,d)):c.add(d));return c},!1),Nb=S(\"child\",function(a,b,c,d,e){return(x?hb:ib).call(null,a,b,aa(c)?c:null,aa(d)?d:null,e||new E)},!1,!0);S(\"descendant\",bb,!1,!0);\nvar Ob=S(\"descendant-or-self\",function(a,b,c,d){var e=new E;C(b,c,d)&&a.a(b)&&e.add(b);return bb(a,b,c,d,e)},!1,!0),Kb=S(\"following\",function(a,b,c,d){var e=new E;do for(var f=b;f=f.nextSibling;)C(f,c,d)&&a.a(f)&&e.add(f),e=bb(a,f,c,d,e);while(b=b.parentNode);return e},!1,!0);S(\"following-sibling\",function(a,b){for(var c=new E;b=b.nextSibling;)a.a(b)&&c.add(b);return c},!1);S(\"namespace\",function(){return new E},!1);\nvar Rb=S(\"parent\",function(a,b){var c=new E;if(9==b.nodeType)return c;if(2==b.nodeType)return c.add(b.ownerElement),c;b=b.parentNode;a.a(b)&&c.add(b);return c},!1),Lb=S(\"preceding\",function(a,b,c,d){var e=new E,f=[];do f.unshift(b);while(b=b.parentNode);for(var g=1,h=f.length;g<h;g++){var m=[];for(b=f[g];b=b.previousSibling;)m.unshift(b);for(var w=0,r=m.length;w<r;w++)b=m[w],C(b,c,d)&&a.a(b)&&e.add(b),e=bb(a,b,c,d,e)}return e},!0,!0);\nS(\"preceding-sibling\",function(a,b){for(var c=new E;b=b.previousSibling;)a.a(b)&&lb(c,b);return c},!0);var Sb=S(\"self\",function(a,b){var c=new E;a.a(b)&&c.add(b);return c},!1);function Tb(a){J.call(this,1);this.c=a;this.g=a.g;this.b=a.b}l(Tb,J);Tb.prototype.a=function(a){return-N(this.c,a)};Tb.prototype.toString=function(){return\"Unary Expression: -\"+K(this.c)};function Ub(a){J.call(this,4);this.c=a;pb(this,ma(this.c,function(b){return b.g}));qb(this,ma(this.c,function(b){return b.b}))}l(Ub,J);Ub.prototype.a=function(a){var b=new E;n(this.c,function(c){c=c.a(a);if(!(c instanceof E))throw Error(\"Path expression must evaluate to NodeSet.\");b=kb(b,c)});return b};Ub.prototype.toString=function(){return la(this.c,function(a,b){return a+K(b)},\"Union Expression:\")};function Vb(a,b){this.a=a;this.b=b}function Yb(a){for(var b,c=[];;){T(a,\"Missing right hand side of binary expression.\");b=Zb(a);var d=z(a.a);if(!d)break;var e=(d=wb[d]||null)&&d.D;if(!e){a.a.a--;break}for(;c.length&&e<=c[c.length-1].D;)b=new sb(c.pop(),c.pop(),b);c.push(b,d)}for(;c.length;)b=new sb(c.pop(),c.pop(),b);return b}function T(a,b){if(Ta(a.a))throw Error(b);}function $b(a,b){a=z(a.a);if(a!=b)throw Error(\"Bad token, expected: \"+b+\" got: \"+a);}\nfunction ac(a){a=z(a.a);if(\")\"!=a)throw Error(\"Bad token: \"+a);}function bc(a){a=z(a.a);if(2>a.length)throw Error(\"Unclosed literal string\");return new Db(a)}\nfunction cc(a){var b=[];if(Jb(y(a.a))){var c=z(a.a);var d=y(a.a);if(\"/\"==c&&(Ta(a.a)||\".\"!=d&&\"..\"!=d&&\"@\"!=d&&\"*\"!=d&&!/(?![0-9])[\\w]/.test(d)))return new Hb;d=new Hb;T(a,\"Missing next location step.\");c=dc(a,c);b.push(c)}else{a:{c=y(a.a);d=c.charAt(0);switch(d){case \"$\":throw Error(\"Variable reference not allowed in HTML XPath\");case \"(\":z(a.a);c=Yb(a);T(a,'unclosed \"(\"');$b(a,\")\");break;case '\"':case \"'\":c=bc(a);break;default:if(isNaN(+c))if(!Cb(c)&&/(?![0-9])[\\w]/.test(d)&&\"(\"==y(a.a,1)){c=z(a.a);\nc=Bb[c]||null;z(a.a);for(d=[];\")\"!=y(a.a);){T(a,\"Missing function argument list.\");d.push(Yb(a));if(\",\"!=y(a.a))break;z(a.a)}T(a,\"Unclosed function argument list.\");ac(a);c=new zb(c,d)}else{c=null;break a}else c=new Eb(+z(a.a))}\"[\"==y(a.a)&&(d=new Mb(ec(a)),c=new xb(c,d))}if(c)if(Jb(y(a.a)))d=c;else return c;else c=dc(a,\"/\"),d=new Ib,b.push(c)}for(;Jb(y(a.a));)c=z(a.a),T(a,\"Missing next location step.\"),c=dc(a,c),b.push(c);return new Fb(d,b)}\nfunction dc(a,b){if(\"/\"!=b&&\"//\"!=b)throw Error('Step op should be \"/\" or \"//\"');if(\".\"==y(a.a)){var c=new R(Sb,new G(\"node\"));z(a.a);return c}if(\"..\"==y(a.a))return c=new R(Rb,new G(\"node\")),z(a.a),c;if(\"@\"==y(a.a)){var d=Gb;z(a.a);T(a,\"Missing attribute name\")}else if(\"::\"==y(a.a,1)){if(!/(?![0-9])[\\w]/.test(y(a.a).charAt(0)))throw Error(\"Bad token: \"+z(a.a));var e=z(a.a);d=Qb[e]||null;if(!d)throw Error(\"No axis with name: \"+e);z(a.a);T(a,\"Missing node name\")}else d=Nb;e=y(a.a);if(/(?![0-9])[\\w\\*]/.test(e.charAt(0)))if(\"(\"==\ny(a.a,1)){if(!Cb(e))throw Error(\"Invalid node type: \"+e);e=z(a.a);if(!Cb(e))throw Error(\"Invalid type name: \"+e);$b(a,\"(\");T(a,\"Bad nodetype\");var f=y(a.a).charAt(0),g=null;if('\"'==f||\"'\"==f)g=bc(a);T(a,\"Bad nodetype\");ac(a);e=new G(e,g)}else if(e=z(a.a),f=e.indexOf(\":\"),-1==f)e=new F(e);else{g=e.substring(0,f);if(\"*\"==g)var h=\"*\";else if(h=a.b(g),!h)throw Error(\"Namespace prefix not declared: \"+g);e=e.substr(f+1);e=new F(e,h)}else throw Error(\"Bad token: \"+z(a.a));a=new Mb(ec(a),d.s);return c||new R(d,\ne,a,\"//\"==b)}function ec(a){for(var b=[];\"[\"==y(a.a);){z(a.a);T(a,\"Missing predicate expression.\");var c=Yb(a);b.push(c);T(a,\"Unclosed predicate expression.\");$b(a,\"]\")}return b}function Zb(a){if(\"-\"==y(a.a))return z(a.a),new Tb(Zb(a));var b=cc(a);if(\"|\"!=y(a.a))a=b;else{for(b=[b];\"|\"==z(a.a);)T(a,\"Missing next union location path.\"),b.push(cc(a));a.a.a--;a=new Ub(b)}return a};function fc(a){switch(a.nodeType){case 1:return ha(gc,a);case 9:return fc(a.documentElement);case 11:case 10:case 6:case 12:return hc;default:return a.parentNode?fc(a.parentNode):hc}}function hc(){return null}function gc(a,b){if(a.prefix==b)return a.namespaceURI||\"http://www.w3.org/1999/xhtml\";var c=a.getAttributeNode(\"xmlns:\"+b);return c&&c.specified?c.value||null:a.parentNode&&9!=a.parentNode.nodeType?gc(a.parentNode,b):null};function ic(a,b){if(!a.length)throw Error(\"Empty XPath expression.\");a=Qa(a);if(Ta(a))throw Error(\"Invalid XPath expression.\");b?\"function\"==ca(b)||(b=fa(b.lookupNamespaceURI,b)):b=function(){return null};var c=Yb(new Vb(a,b));if(!Ta(a))throw Error(\"Bad token: \"+z(a));this.evaluate=function(d,e){d=c.a(new ia(d));return new U(d,e)}}\nfunction U(a,b){if(0==b)if(a instanceof E)b=4;else if(\"string\"==typeof a)b=2;else if(\"number\"==typeof a)b=1;else if(\"boolean\"==typeof a)b=3;else throw Error(\"Unexpected evaluation result.\");if(2!=b&&1!=b&&3!=b&&!(a instanceof E))throw Error(\"value could not be converted to the specified type\");this.resultType=b;switch(b){case 2:this.stringValue=a instanceof E?nb(a):\"\"+a;break;case 1:this.numberValue=a instanceof E?+nb(a):+a;break;case 3:this.booleanValue=a instanceof E?0<a.l:!!a;break;case 4:case 5:case 6:case 7:var c=\nH(a);var d=[];for(var e=I(c);e;e=I(c))d.push(e instanceof Na?e.a:e);this.snapshotLength=a.l;this.invalidIteratorState=!1;break;case 8:case 9:a=mb(a);this.singleNodeValue=a instanceof Na?a.a:a;break;default:throw Error(\"Unknown XPathResult type.\");}var f=0;this.iterateNext=function(){if(4!=b&&5!=b)throw Error(\"iterateNext called with wrong result type\");return f>=d.length?null:d[f++]};this.snapshotItem=function(g){if(6!=b&&7!=b)throw Error(\"snapshotItem called with wrong result type\");return g>=d.length||\n0>g?null:d[g]}}U.ANY_TYPE=0;U.NUMBER_TYPE=1;U.STRING_TYPE=2;U.BOOLEAN_TYPE=3;U.UNORDERED_NODE_ITERATOR_TYPE=4;U.ORDERED_NODE_ITERATOR_TYPE=5;U.UNORDERED_NODE_SNAPSHOT_TYPE=6;U.ORDERED_NODE_SNAPSHOT_TYPE=7;U.ANY_UNORDERED_NODE_TYPE=8;U.FIRST_ORDERED_NODE_TYPE=9;function jc(a){this.lookupNamespaceURI=fc(a)}\nfunction kc(a,b){a=a||k;var c=a.Document&&a.Document.prototype||a.document;if(!c.evaluate||b)a.XPathResult=U,c.evaluate=function(d,e,f,g){return(new ic(d,f)).evaluate(e,g)},c.createExpression=function(d,e){return new ic(d,e)},c.createNSResolver=function(d){return new jc(d)}}ba(\"wgxpath.install\",kc);ba(\"wgxpath.install\",kc);var lc={aliceblue:\"#f0f8ff\",antiquewhite:\"#faebd7\",aqua:\"#00ffff\",aquamarine:\"#7fffd4\",azure:\"#f0ffff\",beige:\"#f5f5dc\",bisque:\"#ffe4c4\",black:\"#000000\",blanchedalmond:\"#ffebcd\",blue:\"#0000ff\",blueviolet:\"#8a2be2\",brown:\"#a52a2a\",burlywood:\"#deb887\",cadetblue:\"#5f9ea0\",chartreuse:\"#7fff00\",chocolate:\"#d2691e\",coral:\"#ff7f50\",cornflowerblue:\"#6495ed\",cornsilk:\"#fff8dc\",crimson:\"#dc143c\",cyan:\"#00ffff\",darkblue:\"#00008b\",darkcyan:\"#008b8b\",darkgoldenrod:\"#b8860b\",darkgray:\"#a9a9a9\",darkgreen:\"#006400\",\ndarkgrey:\"#a9a9a9\",darkkhaki:\"#bdb76b\",darkmagenta:\"#8b008b\",darkolivegreen:\"#556b2f\",darkorange:\"#ff8c00\",darkorchid:\"#9932cc\",darkred:\"#8b0000\",darksalmon:\"#e9967a\",darkseagreen:\"#8fbc8f\",darkslateblue:\"#483d8b\",darkslategray:\"#2f4f4f\",darkslategrey:\"#2f4f4f\",darkturquoise:\"#00ced1\",darkviolet:\"#9400d3\",deeppink:\"#ff1493\",deepskyblue:\"#00bfff\",dimgray:\"#696969\",dimgrey:\"#696969\",dodgerblue:\"#1e90ff\",firebrick:\"#b22222\",floralwhite:\"#fffaf0\",forestgreen:\"#228b22\",fuchsia:\"#ff00ff\",gainsboro:\"#dcdcdc\",\nghostwhite:\"#f8f8ff\",gold:\"#ffd700\",goldenrod:\"#daa520\",gray:\"#808080\",green:\"#008000\",greenyellow:\"#adff2f\",grey:\"#808080\",honeydew:\"#f0fff0\",hotpink:\"#ff69b4\",indianred:\"#cd5c5c\",indigo:\"#4b0082\",ivory:\"#fffff0\",khaki:\"#f0e68c\",lavender:\"#e6e6fa\",lavenderblush:\"#fff0f5\",lawngreen:\"#7cfc00\",lemonchiffon:\"#fffacd\",lightblue:\"#add8e6\",lightcoral:\"#f08080\",lightcyan:\"#e0ffff\",lightgoldenrodyellow:\"#fafad2\",lightgray:\"#d3d3d3\",lightgreen:\"#90ee90\",lightgrey:\"#d3d3d3\",lightpink:\"#ffb6c1\",lightsalmon:\"#ffa07a\",\nlightseagreen:\"#20b2aa\",lightskyblue:\"#87cefa\",lightslategray:\"#778899\",lightslategrey:\"#778899\",lightsteelblue:\"#b0c4de\",lightyellow:\"#ffffe0\",lime:\"#00ff00\",limegreen:\"#32cd32\",linen:\"#faf0e6\",magenta:\"#ff00ff\",maroon:\"#800000\",mediumaquamarine:\"#66cdaa\",mediumblue:\"#0000cd\",mediumorchid:\"#ba55d3\",mediumpurple:\"#9370db\",mediumseagreen:\"#3cb371\",mediumslateblue:\"#7b68ee\",mediumspringgreen:\"#00fa9a\",mediumturquoise:\"#48d1cc\",mediumvioletred:\"#c71585\",midnightblue:\"#191970\",mintcream:\"#f5fffa\",mistyrose:\"#ffe4e1\",\nmoccasin:\"#ffe4b5\",navajowhite:\"#ffdead\",navy:\"#000080\",oldlace:\"#fdf5e6\",olive:\"#808000\",olivedrab:\"#6b8e23\",orange:\"#ffa500\",orangered:\"#ff4500\",orchid:\"#da70d6\",palegoldenrod:\"#eee8aa\",palegreen:\"#98fb98\",paleturquoise:\"#afeeee\",palevioletred:\"#db7093\",papayawhip:\"#ffefd5\",peachpuff:\"#ffdab9\",peru:\"#cd853f\",pink:\"#ffc0cb\",plum:\"#dda0dd\",powderblue:\"#b0e0e6\",purple:\"#800080\",red:\"#ff0000\",rosybrown:\"#bc8f8f\",royalblue:\"#4169e1\",saddlebrown:\"#8b4513\",salmon:\"#fa8072\",sandybrown:\"#f4a460\",seagreen:\"#2e8b57\",\nseashell:\"#fff5ee\",sienna:\"#a0522d\",silver:\"#c0c0c0\",skyblue:\"#87ceeb\",slateblue:\"#6a5acd\",slategray:\"#708090\",slategrey:\"#708090\",snow:\"#fffafa\",springgreen:\"#00ff7f\",steelblue:\"#4682b4\",tan:\"#d2b48c\",teal:\"#008080\",thistle:\"#d8bfd8\",tomato:\"#ff6347\",turquoise:\"#40e0d0\",violet:\"#ee82ee\",wheat:\"#f5deb3\",white:\"#ffffff\",whitesmoke:\"#f5f5f5\",yellow:\"#ffff00\",yellowgreen:\"#9acd32\"};var mc=\"backgroundColor borderTopColor borderRightColor borderBottomColor borderLeftColor color outlineColor\".split(\" \"),nc=/#([0-9a-fA-F])([0-9a-fA-F])([0-9a-fA-F])/,oc=/^#(?:[0-9a-f]{3}){1,2}$/i,pc=/^(?:rgba)?\\((\\d{1,3}),\\s?(\\d{1,3}),\\s?(\\d{1,3}),\\s?(0|1|0\\.\\d*)\\)$/i,qc=/^(?:rgb)?\\((0|[1-9]\\d{0,2}),\\s?(0|[1-9]\\d{0,2}),\\s?(0|[1-9]\\d{0,2})\\)$/i;function rc(a,b){this.code=a;this.a=V[a]||sc;this.message=b||\"\";a=this.a.replace(/((?:^|\\s+)[a-z])/g,function(c){return c.toUpperCase().replace(/^[\\s\\xa0]+/g,\"\")});b=a.length-5;if(0>b||a.indexOf(\"Error\",b)!=b)a+=\"Error\";this.name=a;a=Error(this.message);a.name=this.name;this.stack=a.stack||\"\"}l(rc,Error);var sc=\"unknown error\",V={15:\"element not selectable\",11:\"element not visible\"};V[31]=sc;V[30]=sc;V[24]=\"invalid cookie domain\";V[29]=\"invalid element coordinates\";V[12]=\"invalid element state\";\nV[32]=\"invalid selector\";V[51]=\"invalid selector\";V[52]=\"invalid selector\";V[17]=\"javascript error\";V[405]=\"unsupported operation\";V[34]=\"move target out of bounds\";V[27]=\"no such alert\";V[7]=\"no such element\";V[8]=\"no such frame\";V[23]=\"no such window\";V[28]=\"script timeout\";V[33]=\"session not created\";V[10]=\"stale element reference\";V[21]=\"timeout\";V[25]=\"unable to set cookie\";V[26]=\"unexpected alert open\";V[13]=sc;V[9]=\"unknown command\";var tc=va(),uc=ya()||u(\"iPod\"),vc=u(\"iPad\"),wc=u(\"Android\")&&!(wa()||va()||u(\"Opera\")||u(\"Silk\")),xc=wa(),yc=u(\"Safari\")&&!(wa()||u(\"Coast\")||u(\"Opera\")||u(\"Edge\")||u(\"Edg/\")||u(\"OPR\")||va()||u(\"Silk\")||u(\"Android\"))&&!(ya()||u(\"iPad\")||u(\"iPod\"));function zc(a){return(a=a.exec(t))?a[1]:\"\"}(function(){if(tc)return zc(/Firefox\\/([0-9.]+)/);if(v||Ca||Ba)return Ga;if(xc)return ya()||u(\"iPad\")||u(\"iPod\")?zc(/CriOS\\/([0-9.]+)/):zc(/Chrome\\/([0-9.]+)/);if(yc&&!(ya()||u(\"iPad\")||u(\"iPod\")))return zc(/Version\\/([0-9.]+)/);if(uc||vc){var a=/Version\\/(\\S+).*Mobile\\/(\\S+)/.exec(t);if(a)return a[1]+\".\"+a[2]}else if(wc)return(a=zc(/Android\\s+([0-9.]+)/))?a:zc(/Version\\/([0-9.]+)/);return\"\"})();var Ac=v&&!(9<=Number(La));function W(a,b){b&&\"string\"!==typeof b&&(b=b.toString());return!!a&&1==a.nodeType&&(!b||a.tagName.toUpperCase()==b)};var Bc=function(){var a={K:\"http://www.w3.org/2000/svg\"};return function(b){return a[b]||null}}();\nfunction Cc(a,b){var c=A(a);if(!c.documentElement)return null;(v||wc)&&kc(c?c.parentWindow||c.defaultView:window);try{var d=c.createNSResolver?c.createNSResolver(c.documentElement):Bc;if(v&&!Ka(7))return c.evaluate.call(c,b,a,d,9,null);if(!v||9<=Number(La)){for(var e={},f=c.getElementsByTagName(\"*\"),g=0;g<f.length;++g){var h=f[g],m=h.namespaceURI;if(m&&!e[m]){var w=h.lookupPrefix(m);if(!w){var r=m.match(\".*/(\\\\w+)/?$\");w=r?r[1]:\"xhtml\"}e[m]=w}}var D={},L;for(L in e)D[e[L]]=L;d=function(M){return D[M]||\nnull}}try{return c.evaluate(b,a,d,9,null)}catch(M){if(\"TypeError\"===M.name)return d=c.createNSResolver?c.createNSResolver(c.documentElement):Bc,c.evaluate(b,a,d,9,null);throw M;}}catch(M){if(!Da||\"NS_ERROR_ILLEGAL_VALUE\"!=M.name)throw new rc(32,\"Unable to locate an element with the xpath expression \"+b+\" because of the following error:\\n\"+M);}}\nfunction Dc(a,b){var c=function(){var d=Cc(b,a);return d?d.singleNodeValue||null:b.selectSingleNode?(d=A(b),d.setProperty&&d.setProperty(\"SelectionLanguage\",\"XPath\"),b.selectSingleNode(a)):null}();if(null!==c&&(!c||1!=c.nodeType))throw new rc(32,'The result of the xpath expression \"'+a+'\" is: '+c+\". It should be an element.\");return c};function Ec(a,b,c,d){this.c=a;this.a=b;this.b=c;this.f=d}Ec.prototype.ceil=function(){this.c=Math.ceil(this.c);this.a=Math.ceil(this.a);this.b=Math.ceil(this.b);this.f=Math.ceil(this.f);return this};Ec.prototype.floor=function(){this.c=Math.floor(this.c);this.a=Math.floor(this.a);this.b=Math.floor(this.b);this.f=Math.floor(this.f);return this};Ec.prototype.round=function(){this.c=Math.round(this.c);this.a=Math.round(this.a);this.b=Math.round(this.b);this.f=Math.round(this.f);return this};function X(a,b,c,d){this.a=a;this.b=b;this.width=c;this.height=d}X.prototype.ceil=function(){this.a=Math.ceil(this.a);this.b=Math.ceil(this.b);this.width=Math.ceil(this.width);this.height=Math.ceil(this.height);return this};X.prototype.floor=function(){this.a=Math.floor(this.a);this.b=Math.floor(this.b);this.width=Math.floor(this.width);this.height=Math.floor(this.height);return this};\nX.prototype.round=function(){this.a=Math.round(this.a);this.b=Math.round(this.b);this.width=Math.round(this.width);this.height=Math.round(this.height);return this};var Fc=\"function\"===typeof ShadowRoot;function Gc(a){for(a=a.parentNode;a&&1!=a.nodeType&&9!=a.nodeType&&11!=a.nodeType;)a=a.parentNode;return W(a)?a:null}\nfunction Y(a,b){b=xa(b);if(\"float\"==b||\"cssFloat\"==b||\"styleFloat\"==b)b=Ac?\"styleFloat\":\"cssFloat\";a:{var c=b;var d=A(a);if(d.defaultView&&d.defaultView.getComputedStyle&&(d=d.defaultView.getComputedStyle(a,null))){c=d[c]||d.getPropertyValue(c)||\"\";break a}c=\"\"}a=c||Hc(a,b);if(null===a)a=null;else if(0<=ja(mc,b)){b:{var e=a.match(pc);if(e&&(b=Number(e[1]),c=Number(e[2]),d=Number(e[3]),e=Number(e[4]),0<=b&&255>=b&&0<=c&&255>=c&&0<=d&&255>=d&&0<=e&&1>=e)){b=[b,c,d,e];break b}b=null}if(!b)b:{if(d=a.match(qc))if(b=\nNumber(d[1]),c=Number(d[2]),d=Number(d[3]),0<=b&&255>=b&&0<=c&&255>=c&&0<=d&&255>=d){b=[b,c,d,1];break b}b=null}if(!b)b:{b=a.toLowerCase();c=lc[b.toLowerCase()];if(!c&&(c=\"#\"==b.charAt(0)?b:\"#\"+b,4==c.length&&(c=c.replace(nc,\"#$1$1$2$2$3$3\")),!oc.test(c))){b=null;break b}b=[parseInt(c.substr(1,2),16),parseInt(c.substr(3,2),16),parseInt(c.substr(5,2),16),1]}a=b?\"rgba(\"+b.join(\", \")+\")\":a}return a}\nfunction Hc(a,b){var c=a.currentStyle||a.style,d=c[b];void 0===d&&\"function\"==ca(c.getPropertyValue)&&(d=c.getPropertyValue(b));return\"inherit\"!=d?void 0!==d?d:null:(a=Gc(a))?Hc(a,b):null}\nfunction Ic(a,b,c){function d(g){var h=Jc(g);return 0<h.height&&0<h.width?!0:W(g,\"PATH\")&&(0<h.height||0<h.width)?(g=Y(g,\"stroke-width\"),!!g&&0<parseInt(g,10)):\"hidden\"!=Y(g,\"overflow\")&&ma(g.childNodes,function(m){return 3==m.nodeType||W(m)&&d(m)})}function e(g){return Kc(g)==Z&&na(g.childNodes,function(h){return!W(h)||e(h)||!d(h)})}if(!W(a))throw Error(\"Argument to isShown must be of type Element\");if(W(a,\"BODY\"))return!0;if(W(a,\"OPTION\")||W(a,\"OPTGROUP\"))return a=$a(a,function(g){return W(g,\"SELECT\")}),\n!!a&&Ic(a,!0,c);var f=Lc(a);if(f)return!!f.image&&0<f.rect.width&&0<f.rect.height&&Ic(f.image,b,c);if(W(a,\"INPUT\")&&\"hidden\"==a.type.toLowerCase()||W(a,\"NOSCRIPT\"))return!1;f=Y(a,\"visibility\");return\"collapse\"!=f&&\"hidden\"!=f&&c(a)&&(b||0!=Mc(a))&&d(a)?!e(a):!1}var Z=\"hidden\";\nfunction Kc(a){function b(p){function q(fb){if(fb==g)return!0;var Wb=Y(fb,\"display\");return 0==Wb.lastIndexOf(\"inline\",0)||\"contents\"==Wb||\"absolute\"==Xb&&\"static\"==Y(fb,\"position\")?!1:!0}var Xb=Y(p,\"position\");if(\"fixed\"==Xb)return w=!0,p==g?null:g;for(p=Gc(p);p&&!q(p);)p=Gc(p);return p}function c(p){var q=p;if(\"visible\"==m)if(p==g&&h)q=h;else if(p==h)return{x:\"visible\",y:\"visible\"};q={x:Y(q,\"overflow-x\"),y:Y(q,\"overflow-y\")};p==g&&(q.x=\"visible\"==q.x?\"auto\":q.x,q.y=\"visible\"==q.y?\"auto\":q.y);return q}\nfunction d(p){if(p==g){var q=(new ab(f)).a;p=q.scrollingElement?q.scrollingElement:Ea||\"CSS1Compat\"!=q.compatMode?q.body||q.documentElement:q.documentElement;q=q.parentWindow||q.defaultView;p=v&&Ka(\"10\")&&q.pageYOffset!=p.scrollTop?new Ua(p.scrollLeft,p.scrollTop):new Ua(q.pageXOffset||p.scrollLeft,q.pageYOffset||p.scrollTop)}else p=new Ua(p.scrollLeft,p.scrollTop);return p}var e=Nc(a),f=A(a),g=f.documentElement,h=f.body,m=Y(g,\"overflow\"),w;for(a=b(a);a;a=b(a)){var r=c(a);if(\"visible\"!=r.x||\"visible\"!=\nr.y){var D=Jc(a);if(0==D.width||0==D.height)return Z;var L=e.a<D.a,M=e.b<D.b;if(L&&\"hidden\"==r.x||M&&\"hidden\"==r.y)return Z;if(L&&\"visible\"!=r.x||M&&\"visible\"!=r.y){L=d(a);M=e.b<D.b-L.y;if(e.a<D.a-L.x&&\"visible\"!=r.x||M&&\"visible\"!=r.x)return Z;e=Kc(a);return e==Z?Z:\"scroll\"}L=e.f>=D.a+D.width;D=e.c>=D.b+D.height;if(L&&\"hidden\"==r.x||D&&\"hidden\"==r.y)return Z;if(L&&\"visible\"!=r.x||D&&\"visible\"!=r.y){if(w&&(r=d(a),e.f>=g.scrollWidth-r.x||e.a>=g.scrollHeight-r.y))return Z;e=Kc(a);return e==Z?Z:\"scroll\"}}}return\"none\"}\nfunction Jc(a){var b=Lc(a);if(b)return b.rect;if(W(a,\"HTML\"))return a=A(a),a=((a?a.parentWindow||a.defaultView:window)||window).document,a=\"CSS1Compat\"==a.compatMode?a.documentElement:a.body,a=new Va(a.clientWidth,a.clientHeight),new X(0,0,a.width,a.height);try{var c=a.getBoundingClientRect()}catch(d){return new X(0,0,0,0)}b=new X(c.left,c.top,c.right-c.left,c.bottom-c.top);v&&a.ownerDocument.body&&(a=A(a),b.a-=a.documentElement.clientLeft+a.body.clientLeft,b.b-=a.documentElement.clientTop+a.body.clientTop);\nreturn b}function Lc(a){var b=W(a,\"MAP\");if(!b&&!W(a,\"AREA\"))return null;var c=b?a:W(a.parentNode,\"MAP\")?a.parentNode:null,d=null,e=null;c&&c.name&&(d=Dc('/descendant::*[@usemap = \"#'+c.name+'\"]',A(c)))&&(e=Jc(d),b||\"default\"==a.shape.toLowerCase()||(a=Oc(a),b=Math.min(Math.max(a.a,0),e.width),c=Math.min(Math.max(a.b,0),e.height),e=new X(b+e.a,c+e.b,Math.min(a.width,e.width-b),Math.min(a.height,e.height-c))));return{image:d,rect:e||new X(0,0,0,0)}}\nfunction Oc(a){var b=a.shape.toLowerCase();a=a.coords.split(\",\");if(\"rect\"==b&&4==a.length){b=a[0];var c=a[1];return new X(b,c,a[2]-b,a[3]-c)}if(\"circle\"==b&&3==a.length)return b=a[2],new X(a[0]-b,a[1]-b,2*b,2*b);if(\"poly\"==b&&2<a.length){b=a[0];c=a[1];for(var d=b,e=c,f=2;f+1<a.length;f+=2)b=Math.min(b,a[f]),d=Math.max(d,a[f]),c=Math.min(c,a[f+1]),e=Math.max(e,a[f+1]);return new X(b,c,d-b,e-c)}return new X(0,0,0,0)}function Nc(a){a=Jc(a);return new Ec(a.b,a.a+a.width,a.b+a.height,a.a)}\nfunction Mc(a){if(Ac){if(\"relative\"==Y(a,\"position\"))return 1;a=Y(a,\"filter\");return(a=a.match(/^alpha\\(opacity=(\\d*)\\)/)||a.match(/^progid:DXImageTransform.Microsoft.Alpha\\(Opacity=(\\d*)\\)/))?Number(a[1])/100:1}return Pc(a)}function Pc(a){var b=1,c=Y(a,\"opacity\");c&&(b=Number(c));(a=Gc(a))&&(b*=Pc(a));return b};ba(\"_\",function(a,b){function c(d){if(W(d)&&\"none\"==Y(d,\"display\"))return!1;var e;if((e=d.parentNode)&&e.shadowRoot&&void 0!==d.assignedSlot)e=d.assignedSlot?d.assignedSlot.parentNode:null;else if(d.getDestinationInsertionPoints){var f=d.getDestinationInsertionPoints();0<f.length&&(e=f[f.length-1])}if(Fc&&e instanceof ShadowRoot){if(e.host.shadowRoot!==e)return!1;e=e.host}return!e||9!=e.nodeType&&11!=e.nodeType?e&&W(e,\"DETAILS\")&&!e.open&&!W(d,\"SUMMARY\")?!1:!!e&&c(e):!0}return Ic(a,!!b,c)});; return this._.apply(null,arguments);}).apply({navigator:typeof window!='undefined'?window.navigator:null,document:typeof window!='undefined'?window.document:null}, arguments);}\n).apply(null, arguments);", "args": [{"element-6066-11e4-a52e-4f735466cecf": "f.93C3CDE41EFE835CE40E7B5C86C651B6.d.3185B9B935A8925502228ADA5F64248A.e.59"}]}
DEBUG    urllib3.connectionpool:connectionpool.py:544 http://selenium-hub:4444 "POST /wd/hub/session/aaf41ee7c423515e1ac988c7c8ac9ce5/execute/sync HTTP/1.1" 200 0
DEBUG    selenium.webdriver.remote.remote_connection:remote_connection.py:329 Remote response: status=200 | data={"value":true} | headers=HTTPHeaderDict({'content-length': '14', 'content-type': 'application/json; charset=utf-8', 'cache-control': 'no-cache'})
DEBUG    selenium.webdriver.remote.remote_connection:remote_connection.py:356 Finished Request
DEBUG    selenium.webdriver.remote.remote_connection:remote_connection.py:313 POST http://selenium-hub:4444/wd/hub/session/aaf41ee7c423515e1ac988c7c8ac9ce5/element/f.93C3CDE41EFE835CE40E7B5C86C651B6.d.3185B9B935A8925502228ADA5F64248A.e.59/clear {}
DEBUG    urllib3.connectionpool:connectionpool.py:544 http://selenium-hub:4444 "POST /wd/hub/session/aaf41ee7c423515e1ac988c7c8ac9ce5/element/f.93C3CDE41EFE835CE40E7B5C86C651B6.d.3185B9B935A8925502228ADA5F64248A.e.59/clear HTTP/1.1" 200 0
DEBUG    selenium.webdriver.remote.remote_connection:remote_connection.py:329 Remote response: status=200 | data={"value":null} | headers=HTTPHeaderDict({'content-length': '14', 'content-type': 'application/json; charset=utf-8', 'cache-control': 'no-cache'})
DEBUG    selenium.webdriver.remote.remote_connection:remote_connection.py:356 Finished Request
DEBUG    selenium.webdriver.remote.remote_connection:remote_connection.py:313 POST http://selenium-hub:4444/wd/hub/session/aaf41ee7c423515e1ac988c7c8ac9ce5/element/f.93C3CDE41EFE835CE40E7B5C86C651B6.d.3185B9B935A8925502228ADA5F64248A.e.59/value {"text": "WrongPassword123!", "value": ["W", "r", "o", "n", "g", "P", "a", "s", "s", "w", "o", "r", "d", "1", "2", "3", "!"]}
DEBUG    urllib3.connectionpool:connectionpool.py:544 http://selenium-hub:4444 "POST /wd/hub/session/aaf41ee7c423515e1ac988c7c8ac9ce5/element/f.93C3CDE41EFE835CE40E7B5C86C651B6.d.3185B9B935A8925502228ADA5F64248A.e.59/value HTTP/1.1" 200 0
DEBUG    selenium.webdriver.remote.remote_connection:remote_connection.py:329 Remote response: status=200 | data={"value":null} | headers=HTTPHeaderDict({'content-length': '14', 'content-type': 'application/json; charset=utf-8', 'cache-control': 'no-cache'})
DEBUG    selenium.webdriver.remote.remote_connection:remote_connection.py:356 Finished Request
DEBUG    selenium.webdriver.remote.remote_connection:remote_connection.py:313 POST http://selenium-hub:4444/wd/hub/session/aaf41ee7c423515e1ac988c7c8ac9ce5/element {"using": "css selector", "value": "[data-testid='login-submit']"}
DEBUG    urllib3.connectionpool:connectionpool.py:544 http://selenium-hub:4444 "POST /wd/hub/session/aaf41ee7c423515e1ac988c7c8ac9ce5/element HTTP/1.1" 200 0
DEBUG    selenium.webdriver.remote.remote_connection:remote_connection.py:329 Remote response: status=200 | data={"value":{"element-6066-11e4-a52e-4f735466cecf":"f.93C3CDE41EFE835CE40E7B5C86C651B6.d.3185B9B935A8925502228ADA5F64248A.e.60"}} | headers=HTTPHeaderDict({'content-length': '126', 'content-type': 'application/json; charset=utf-8', 'cache-control': 'no-cache'})
DEBUG    selenium.webdriver.remote.remote_connection:remote_connection.py:356 Finished Request
DEBUG    selenium.webdriver.remote.remote_connection:remote_connection.py:313 POST http://selenium-hub:4444/wd/hub/session/aaf41ee7c423515e1ac988c7c8ac9ce5/execute/sync {"script": "/* isDisplayed */return (function(){return (function(){var k=this||self;function aa(a){return\"string\"==typeof a}function ba(a,b){a=a.split(\".\");var c=k;a[0]in c||\"undefined\"==typeof c.execScript||c.execScript(\"var \"+a[0]);for(var d;a.length&&(d=a.shift());)a.length||void 0===b?c[d]&&c[d]!==Object.prototype[d]?c=c[d]:c=c[d]={}:c[d]=b}\nfunction ca(a){var b=typeof a;if(\"object\"==b)if(a){if(a instanceof Array)return\"array\";if(a instanceof Object)return b;var c=Object.prototype.toString.call(a);if(\"[object Window]\"==c)return\"object\";if(\"[object Array]\"==c||\"number\"==typeof a.length&&\"undefined\"!=typeof a.splice&&\"undefined\"!=typeof a.propertyIsEnumerable&&!a.propertyIsEnumerable(\"splice\"))return\"array\";if(\"[object Function]\"==c||\"undefined\"!=typeof a.call&&\"undefined\"!=typeof a.propertyIsEnumerable&&!a.propertyIsEnumerable(\"call\"))return\"function\"}else return\"null\";\nelse if(\"function\"==b&&\"undefined\"==typeof a.call)return\"object\";return b}function da(a,b,c){return a.call.apply(a.bind,arguments)}function ea(a,b,c){if(!a)throw Error();if(2<arguments.length){var d=Array.prototype.slice.call(arguments,2);return function(){var e=Array.prototype.slice.call(arguments);Array.prototype.unshift.apply(e,d);return a.apply(b,e)}}return function(){return a.apply(b,arguments)}}\nfunction fa(a,b,c){Function.prototype.bind&&-1!=Function.prototype.bind.toString().indexOf(\"native code\")?fa=da:fa=ea;return fa.apply(null,arguments)}function ha(a,b){var c=Array.prototype.slice.call(arguments,1);return function(){var d=c.slice();d.push.apply(d,arguments);return a.apply(this,d)}}function l(a,b){function c(){}c.prototype=b.prototype;a.prototype=new c;a.prototype.constructor=a};/*\n\n The MIT License\n\n Copyright (c) 2007 Cybozu Labs, Inc.\n Copyright (c) 2012 Google Inc.\n\n Permission is hereby granted, free of charge, to any person obtaining a copy\n of this software and associated documentation files (the \"Software\"), to\n deal in the Software without restriction, including without limitation the\n rights to use, copy, modify, merge, publish, distribute, sublicense, and/or\n sell copies of the Software, and to permit persons to whom the Software is\n furnished to do so, subject to the following conditions:\n\n The above copyright notice and this permission notice shall be included in\n all copies or substantial portions of the Software.\n\n THE SOFTWARE IS PROVIDED \"AS IS\", WITHOUT WARRANTY OF ANY KIND, EXPRESS OR\n IMPLIED, INCLUDING BUT NOT LIMITED TO THE WARRANTIES OF MERCHANTABILITY,\n FITNESS FOR A PARTICULAR PURPOSE AND NONINFRINGEMENT. IN NO EVENT SHALL THE\n AUTHORS OR COPYRIGHT HOLDERS BE LIABLE FOR ANY CLAIM, DAMAGES OR OTHER\n LIABILITY, WHETHER IN AN ACTION OF CONTRACT, TORT OR OTHERWISE, ARISING\n FROM, OUT OF OR IN CONNECTION WITH THE SOFTWARE OR THE USE OR OTHER DEALINGS\n IN THE SOFTWARE.\n*/\nfunction ia(a,b,c){this.a=a;this.b=b||1;this.f=c||1};var ja=Array.prototype.indexOf?function(a,b){return Array.prototype.indexOf.call(a,b,void 0)}:function(a,b){if(\"string\"===typeof a)return\"string\"!==typeof b||1!=b.length?-1:a.indexOf(b,0);for(var c=0;c<a.length;c++)if(c in a&&a[c]===b)return c;return-1},n=Array.prototype.forEach?function(a,b){Array.prototype.forEach.call(a,b,void 0)}:function(a,b){for(var c=a.length,d=\"string\"===typeof a?a.split(\"\"):a,e=0;e<c;e++)e in d&&b.call(void 0,d[e],e,a)},ka=Array.prototype.filter?function(a,b){return Array.prototype.filter.call(a,\nb,void 0)}:function(a,b){for(var c=a.length,d=[],e=0,f=\"string\"===typeof a?a.split(\"\"):a,g=0;g<c;g++)if(g in f){var h=f[g];b.call(void 0,h,g,a)&&(d[e++]=h)}return d},la=Array.prototype.reduce?function(a,b,c){return Array.prototype.reduce.call(a,b,c)}:function(a,b,c){var d=c;n(a,function(e,f){d=b.call(void 0,d,e,f,a)});return d},ma=Array.prototype.some?function(a,b){return Array.prototype.some.call(a,b,void 0)}:function(a,b){for(var c=a.length,d=\"string\"===typeof a?a.split(\"\"):a,e=0;e<c;e++)if(e in\nd&&b.call(void 0,d[e],e,a))return!0;return!1},na=Array.prototype.every?function(a,b){return Array.prototype.every.call(a,b,void 0)}:function(a,b){for(var c=a.length,d=\"string\"===typeof a?a.split(\"\"):a,e=0;e<c;e++)if(e in d&&!b.call(void 0,d[e],e,a))return!1;return!0};function oa(a,b){a:{for(var c=a.length,d=\"string\"===typeof a?a.split(\"\"):a,e=0;e<c;e++)if(e in d&&b.call(void 0,d[e],e,a)){b=e;break a}b=-1}return 0>b?null:\"string\"===typeof a?a.charAt(b):a[b]}\nfunction pa(a){return Array.prototype.concat.apply([],arguments)}function qa(a,b,c){return 2>=arguments.length?Array.prototype.slice.call(a,b):Array.prototype.slice.call(a,b,c)};var ra=String.prototype.trim?function(a){return a.trim()}:function(a){return/^[\\s\\xa0]*([\\s\\S]*?)[\\s\\xa0]*$/.exec(a)[1]};function sa(a,b){return a<b?-1:a>b?1:0};var t;a:{var ta=k.navigator;if(ta){var ua=ta.userAgent;if(ua){t=ua;break a}}t=\"\"}function u(a){return-1!=t.indexOf(a)};function va(){return u(\"Firefox\")||u(\"FxiOS\")}function wa(){return(u(\"Chrome\")||u(\"CriOS\"))&&!u(\"Edge\")};function xa(a){return String(a).replace(/\\-([a-z])/g,function(b,c){return c.toUpperCase()})};function ya(){return u(\"iPhone\")&&!u(\"iPod\")&&!u(\"iPad\")};function za(a,b){var c=Aa;return Object.prototype.hasOwnProperty.call(c,a)?c[a]:c[a]=b(a)};var Ba=u(\"Opera\"),v=u(\"Trident\")||u(\"MSIE\"),Ca=u(\"Edge\"),Da=u(\"Gecko\")&&!(-1!=t.toLowerCase().indexOf(\"webkit\")&&!u(\"Edge\"))&&!(u(\"Trident\")||u(\"MSIE\"))&&!u(\"Edge\"),Ea=-1!=t.toLowerCase().indexOf(\"webkit\")&&!u(\"Edge\");function Fa(){var a=k.document;return a?a.documentMode:void 0}var Ga;\na:{var Ha=\"\",Ia=function(){var a=t;if(Da)return/rv:([^\\);]+)(\\)|;)/.exec(a);if(Ca)return/Edge\\/([\\d\\.]+)/.exec(a);if(v)return/\\b(?:MSIE|rv)[: ]([^\\);]+)(\\)|;)/.exec(a);if(Ea)return/WebKit\\/(\\S+)/.exec(a);if(Ba)return/(?:Version)[ \\/]?(\\S+)/.exec(a)}();Ia&&(Ha=Ia?Ia[1]:\"\");if(v){var Ja=Fa();if(null!=Ja&&Ja>parseFloat(Ha)){Ga=String(Ja);break a}}Ga=Ha}var Aa={};\nfunction Ka(a){return za(a,function(){for(var b=0,c=ra(String(Ga)).split(\".\"),d=ra(String(a)).split(\".\"),e=Math.max(c.length,d.length),f=0;0==b&&f<e;f++){var g=c[f]||\"\",h=d[f]||\"\";do{g=/(\\d*)(\\D*)(.*)/.exec(g)||[\"\",\"\",\"\",\"\"];h=/(\\d*)(\\D*)(.*)/.exec(h)||[\"\",\"\",\"\",\"\"];if(0==g[0].length&&0==h[0].length)break;b=sa(0==g[1].length?0:parseInt(g[1],10),0==h[1].length?0:parseInt(h[1],10))||sa(0==g[2].length,0==h[2].length)||sa(g[2],h[2]);g=g[3];h=h[3]}while(0==b)}return 0<=b})}var La;\nLa=k.document&&v?Fa():void 0;var x=v&&!(9<=Number(La)),Ma=v&&!(8<=Number(La));function Na(a,b,c,d){this.a=a;this.nodeName=c;this.nodeValue=d;this.nodeType=2;this.parentNode=this.ownerElement=b}function Oa(a,b){var c=Ma&&\"href\"==b.nodeName?a.getAttribute(b.nodeName,2):b.nodeValue;return new Na(b,a,b.nodeName,c)};function Pa(a){this.b=a;this.a=0}function Qa(a){a=a.match(Ra);for(var b=0;b<a.length;b++)Sa.test(a[b])&&a.splice(b,1);return new Pa(a)}var Ra=/\\$?(?:(?![0-9-\\.])(?:\\*|[\\w-\\.]+):)?(?![0-9-\\.])(?:\\*|[\\w-\\.]+)|\\/\\/|\\.\\.|::|\\d+(?:\\.\\d*)?|\\.\\d+|\"[^\"]*\"|'[^']*'|[!<>]=|\\s+|./g,Sa=/^\\s/;function y(a,b){return a.b[a.a+(b||0)]}function z(a){return a.b[a.a++]}function Ta(a){return a.b.length<=a.a};function Ua(a,b){this.x=void 0!==a?a:0;this.y=void 0!==b?b:0}Ua.prototype.ceil=function(){this.x=Math.ceil(this.x);this.y=Math.ceil(this.y);return this};Ua.prototype.floor=function(){this.x=Math.floor(this.x);this.y=Math.floor(this.y);return this};Ua.prototype.round=function(){this.x=Math.round(this.x);this.y=Math.round(this.y);return this};function Va(a,b){this.width=a;this.height=b}Va.prototype.aspectRatio=function(){return this.width/this.height};Va.prototype.ceil=function(){this.width=Math.ceil(this.width);this.height=Math.ceil(this.height);return this};Va.prototype.floor=function(){this.width=Math.floor(this.width);this.height=Math.floor(this.height);return this};Va.prototype.round=function(){this.width=Math.round(this.width);this.height=Math.round(this.height);return this};function Wa(a,b){if(!a||!b)return!1;if(a.contains&&1==b.nodeType)return a==b||a.contains(b);if(\"undefined\"!=typeof a.compareDocumentPosition)return a==b||!!(a.compareDocumentPosition(b)&16);for(;b&&a!=b;)b=b.parentNode;return b==a}\nfunction Xa(a,b){if(a==b)return 0;if(a.compareDocumentPosition)return a.compareDocumentPosition(b)&2?1:-1;if(v&&!(9<=Number(La))){if(9==a.nodeType)return-1;if(9==b.nodeType)return 1}if(\"sourceIndex\"in a||a.parentNode&&\"sourceIndex\"in a.parentNode){var c=1==a.nodeType,d=1==b.nodeType;if(c&&d)return a.sourceIndex-b.sourceIndex;var e=a.parentNode,f=b.parentNode;return e==f?Ya(a,b):!c&&Wa(e,b)?-1*Za(a,b):!d&&Wa(f,a)?Za(b,a):(c?a.sourceIndex:e.sourceIndex)-(d?b.sourceIndex:f.sourceIndex)}d=A(a);c=d.createRange();\nc.selectNode(a);c.collapse(!0);a=d.createRange();a.selectNode(b);a.collapse(!0);return c.compareBoundaryPoints(k.Range.START_TO_END,a)}function Za(a,b){var c=a.parentNode;if(c==b)return-1;for(;b.parentNode!=c;)b=b.parentNode;return Ya(b,a)}function Ya(a,b){for(;b=b.previousSibling;)if(b==a)return-1;return 1}function A(a){return 9==a.nodeType?a:a.ownerDocument||a.document}function $a(a,b){a&&(a=a.parentNode);for(var c=0;a;){if(b(a))return a;a=a.parentNode;c++}return null}\nfunction ab(a){this.a=a||k.document||document}ab.prototype.getElementsByTagName=function(a,b){return(b||this.a).getElementsByTagName(String(a))};function B(a){var b=null,c=a.nodeType;1==c&&(b=a.textContent,b=void 0==b||null==b?a.innerText:b,b=void 0==b||null==b?\"\":b);if(\"string\"!=typeof b)if(x&&\"title\"==a.nodeName.toLowerCase()&&1==c)b=a.text;else if(9==c||1==c){a=9==c?a.documentElement:a.firstChild;c=0;var d=[];for(b=\"\";a;){do 1!=a.nodeType&&(b+=a.nodeValue),x&&\"title\"==a.nodeName.toLowerCase()&&(b+=a.text),d[c++]=a;while(a=a.firstChild);for(;c&&!(a=d[--c].nextSibling););}}else b=a.nodeValue;return b}\nfunction C(a,b,c){if(null===b)return!0;try{if(!a.getAttribute)return!1}catch(d){return!1}Ma&&\"class\"==b&&(b=\"className\");return null==c?!!a.getAttribute(b):a.getAttribute(b,2)==c}function bb(a,b,c,d,e){return(x?cb:db).call(null,a,b,aa(c)?c:null,aa(d)?d:null,e||new E)}\nfunction cb(a,b,c,d,e){if(a instanceof F||8==a.b||c&&null===a.b){var f=b.all;if(!f)return e;a=eb(a);if(\"*\"!=a&&(f=b.getElementsByTagName(a),!f))return e;if(c){for(var g=[],h=0;b=f[h++];)C(b,c,d)&&g.push(b);f=g}for(h=0;b=f[h++];)\"*\"==a&&\"!\"==b.tagName||e.add(b);return e}gb(a,b,c,d,e);return e}\nfunction db(a,b,c,d,e){b.getElementsByName&&d&&\"name\"==c&&!v?(b=b.getElementsByName(d),n(b,function(f){a.a(f)&&e.add(f)})):b.getElementsByClassName&&d&&\"class\"==c?(b=b.getElementsByClassName(d),n(b,function(f){f.className==d&&a.a(f)&&e.add(f)})):a instanceof G?gb(a,b,c,d,e):b.getElementsByTagName&&(b=b.getElementsByTagName(a.f()),n(b,function(f){C(f,c,d)&&e.add(f)}));return e}\nfunction hb(a,b,c,d,e){var f;if((a instanceof F||8==a.b||c&&null===a.b)&&(f=b.childNodes)){var g=eb(a);if(\"*\"!=g&&(f=ka(f,function(h){return h.tagName&&h.tagName.toLowerCase()==g}),!f))return e;c&&(f=ka(f,function(h){return C(h,c,d)}));n(f,function(h){\"*\"==g&&(\"!\"==h.tagName||\"*\"==g&&1!=h.nodeType)||e.add(h)});return e}return ib(a,b,c,d,e)}function ib(a,b,c,d,e){for(b=b.firstChild;b;b=b.nextSibling)C(b,c,d)&&a.a(b)&&e.add(b);return e}\nfunction gb(a,b,c,d,e){for(b=b.firstChild;b;b=b.nextSibling)C(b,c,d)&&a.a(b)&&e.add(b),gb(a,b,c,d,e)}function eb(a){if(a instanceof G){if(8==a.b)return\"!\";if(null===a.b)return\"*\"}return a.f()};function E(){this.b=this.a=null;this.l=0}function jb(a){this.f=a;this.a=this.b=null}function kb(a,b){if(!a.a)return b;if(!b.a)return a;var c=a.a;b=b.a;for(var d=null,e,f=0;c&&b;){e=c.f;var g=b.f;e==g||e instanceof Na&&g instanceof Na&&e.a==g.a?(e=c,c=c.a,b=b.a):0<Xa(c.f,b.f)?(e=b,b=b.a):(e=c,c=c.a);(e.b=d)?d.a=e:a.a=e;d=e;f++}for(e=c||b;e;)e.b=d,d=d.a=e,f++,e=e.a;a.b=d;a.l=f;return a}function lb(a,b){b=new jb(b);b.a=a.a;a.b?a.a.b=b:a.a=a.b=b;a.a=b;a.l++}\nE.prototype.add=function(a){a=new jb(a);a.b=this.b;this.a?this.b.a=a:this.a=this.b=a;this.b=a;this.l++};function mb(a){return(a=a.a)?a.f:null}function nb(a){return(a=mb(a))?B(a):\"\"}function H(a,b){return new ob(a,!!b)}function ob(a,b){this.f=a;this.b=(this.s=b)?a.b:a.a;this.a=null}function I(a){var b=a.b;if(null==b)return null;var c=a.a=b;a.b=a.s?b.b:b.a;return c.f};function J(a){this.i=a;this.b=this.g=!1;this.f=null}function K(a){return\"\\n  \"+a.toString().split(\"\\n\").join(\"\\n  \")}function pb(a,b){a.g=b}function qb(a,b){a.b=b}function N(a,b){a=a.a(b);return a instanceof E?+nb(a):+a}function O(a,b){a=a.a(b);return a instanceof E?nb(a):\"\"+a}function rb(a,b){a=a.a(b);return a instanceof E?!!a.l:!!a};function sb(a,b,c){J.call(this,a.i);this.c=a;this.h=b;this.o=c;this.g=b.g||c.g;this.b=b.b||c.b;this.c==tb&&(c.b||c.g||4==c.i||0==c.i||!b.f?b.b||b.g||4==b.i||0==b.i||!c.f||(this.f={name:c.f.name,u:b}):this.f={name:b.f.name,u:c})}l(sb,J);\nfunction ub(a,b,c,d,e){b=b.a(d);c=c.a(d);var f;if(b instanceof E&&c instanceof E){b=H(b);for(d=I(b);d;d=I(b))for(e=H(c),f=I(e);f;f=I(e))if(a(B(d),B(f)))return!0;return!1}if(b instanceof E||c instanceof E){b instanceof E?(e=b,d=c):(e=c,d=b);f=H(e);for(var g=typeof d,h=I(f);h;h=I(f)){switch(g){case \"number\":h=+B(h);break;case \"boolean\":h=!!B(h);break;case \"string\":h=B(h);break;default:throw Error(\"Illegal primitive type for comparison.\");}if(e==b&&a(h,d)||e==c&&a(d,h))return!0}return!1}return e?\"boolean\"==\ntypeof b||\"boolean\"==typeof c?a(!!b,!!c):\"number\"==typeof b||\"number\"==typeof c?a(+b,+c):a(b,c):a(+b,+c)}sb.prototype.a=function(a){return this.c.m(this.h,this.o,a)};sb.prototype.toString=function(){var a=\"Binary Expression: \"+this.c;a+=K(this.h);return a+=K(this.o)};function vb(a,b,c,d){this.I=a;this.D=b;this.i=c;this.m=d}vb.prototype.toString=function(){return this.I};var wb={};\nfunction P(a,b,c,d){if(wb.hasOwnProperty(a))throw Error(\"Binary operator already created: \"+a);a=new vb(a,b,c,d);return wb[a.toString()]=a}P(\"div\",6,1,function(a,b,c){return N(a,c)/N(b,c)});P(\"mod\",6,1,function(a,b,c){return N(a,c)%N(b,c)});P(\"*\",6,1,function(a,b,c){return N(a,c)*N(b,c)});P(\"+\",5,1,function(a,b,c){return N(a,c)+N(b,c)});P(\"-\",5,1,function(a,b,c){return N(a,c)-N(b,c)});P(\"<\",4,2,function(a,b,c){return ub(function(d,e){return d<e},a,b,c)});\nP(\">\",4,2,function(a,b,c){return ub(function(d,e){return d>e},a,b,c)});P(\"<=\",4,2,function(a,b,c){return ub(function(d,e){return d<=e},a,b,c)});P(\">=\",4,2,function(a,b,c){return ub(function(d,e){return d>=e},a,b,c)});var tb=P(\"=\",3,2,function(a,b,c){return ub(function(d,e){return d==e},a,b,c,!0)});P(\"!=\",3,2,function(a,b,c){return ub(function(d,e){return d!=e},a,b,c,!0)});P(\"and\",2,2,function(a,b,c){return rb(a,c)&&rb(b,c)});P(\"or\",1,2,function(a,b,c){return rb(a,c)||rb(b,c)});function xb(a,b){if(b.a.length&&4!=a.i)throw Error(\"Primary expression must evaluate to nodeset if filter has predicate(s).\");J.call(this,a.i);this.c=a;this.h=b;this.g=a.g;this.b=a.b}l(xb,J);xb.prototype.a=function(a){a=this.c.a(a);return yb(this.h,a)};xb.prototype.toString=function(){var a=\"Filter:\"+K(this.c);return a+=K(this.h)};function zb(a,b){if(b.length<a.C)throw Error(\"Function \"+a.j+\" expects at least\"+a.C+\" arguments, \"+b.length+\" given\");if(null!==a.B&&b.length>a.B)throw Error(\"Function \"+a.j+\" expects at most \"+a.B+\" arguments, \"+b.length+\" given\");a.H&&n(b,function(c,d){if(4!=c.i)throw Error(\"Argument \"+d+\" to function \"+a.j+\" is not of type Nodeset: \"+c);});J.call(this,a.i);this.v=a;this.c=b;pb(this,a.g||ma(b,function(c){return c.g}));qb(this,a.G&&!b.length||a.F&&!!b.length||ma(b,function(c){return c.b}))}\nl(zb,J);zb.prototype.a=function(a){return this.v.m.apply(null,pa(a,this.c))};zb.prototype.toString=function(){var a=\"Function: \"+this.v;if(this.c.length){var b=la(this.c,function(c,d){return c+K(d)},\"Arguments:\");a+=K(b)}return a};function Ab(a,b,c,d,e,f,g,h){this.j=a;this.i=b;this.g=c;this.G=d;this.F=!1;this.m=e;this.C=f;this.B=void 0!==g?g:f;this.H=!!h}Ab.prototype.toString=function(){return this.j};var Bb={};\nfunction Q(a,b,c,d,e,f,g,h){if(Bb.hasOwnProperty(a))throw Error(\"Function already created: \"+a+\".\");Bb[a]=new Ab(a,b,c,d,e,f,g,h)}Q(\"boolean\",2,!1,!1,function(a,b){return rb(b,a)},1);Q(\"ceiling\",1,!1,!1,function(a,b){return Math.ceil(N(b,a))},1);Q(\"concat\",3,!1,!1,function(a,b){return la(qa(arguments,1),function(c,d){return c+O(d,a)},\"\")},2,null);Q(\"contains\",2,!1,!1,function(a,b,c){b=O(b,a);a=O(c,a);return-1!=b.indexOf(a)},2);Q(\"count\",1,!1,!1,function(a,b){return b.a(a).l},1,1,!0);\nQ(\"false\",2,!1,!1,function(){return!1},0);Q(\"floor\",1,!1,!1,function(a,b){return Math.floor(N(b,a))},1);Q(\"id\",4,!1,!1,function(a,b){function c(h){if(x){var m=e.all[h];if(m){if(m.nodeType&&h==m.id)return m;if(m.length)return oa(m,function(w){return h==w.id})}return null}return e.getElementById(h)}var d=a.a,e=9==d.nodeType?d:d.ownerDocument;a=O(b,a).split(/\\s+/);var f=[];n(a,function(h){h=c(h);!h||0<=ja(f,h)||f.push(h)});f.sort(Xa);var g=new E;n(f,function(h){g.add(h)});return g},1);\nQ(\"lang\",2,!1,!1,function(){return!1},1);Q(\"last\",1,!0,!1,function(a){if(1!=arguments.length)throw Error(\"Function last expects ()\");return a.f},0);Q(\"local-name\",3,!1,!0,function(a,b){return(a=b?mb(b.a(a)):a.a)?a.localName||a.nodeName.toLowerCase():\"\"},0,1,!0);Q(\"name\",3,!1,!0,function(a,b){return(a=b?mb(b.a(a)):a.a)?a.nodeName.toLowerCase():\"\"},0,1,!0);Q(\"namespace-uri\",3,!0,!1,function(){return\"\"},0,1,!0);\nQ(\"normalize-space\",3,!1,!0,function(a,b){return(b?O(b,a):B(a.a)).replace(/[\\s\\xa0]+/g,\" \").replace(/^\\s+|\\s+$/g,\"\")},0,1);Q(\"not\",2,!1,!1,function(a,b){return!rb(b,a)},1);Q(\"number\",1,!1,!0,function(a,b){return b?N(b,a):+B(a.a)},0,1);Q(\"position\",1,!0,!1,function(a){return a.b},0);Q(\"round\",1,!1,!1,function(a,b){return Math.round(N(b,a))},1);Q(\"starts-with\",2,!1,!1,function(a,b,c){b=O(b,a);a=O(c,a);return 0==b.lastIndexOf(a,0)},2);Q(\"string\",3,!1,!0,function(a,b){return b?O(b,a):B(a.a)},0,1);\nQ(\"string-length\",1,!1,!0,function(a,b){return(b?O(b,a):B(a.a)).length},0,1);Q(\"substring\",3,!1,!1,function(a,b,c,d){c=N(c,a);if(isNaN(c)||Infinity==c||-Infinity==c)return\"\";d=d?N(d,a):Infinity;if(isNaN(d)||-Infinity===d)return\"\";c=Math.round(c)-1;var e=Math.max(c,0);a=O(b,a);return Infinity==d?a.substring(e):a.substring(e,c+Math.round(d))},2,3);Q(\"substring-after\",3,!1,!1,function(a,b,c){b=O(b,a);a=O(c,a);c=b.indexOf(a);return-1==c?\"\":b.substring(c+a.length)},2);\nQ(\"substring-before\",3,!1,!1,function(a,b,c){b=O(b,a);a=O(c,a);a=b.indexOf(a);return-1==a?\"\":b.substring(0,a)},2);Q(\"sum\",1,!1,!1,function(a,b){a=H(b.a(a));b=0;for(var c=I(a);c;c=I(a))b+=+B(c);return b},1,1,!0);Q(\"translate\",3,!1,!1,function(a,b,c,d){b=O(b,a);c=O(c,a);var e=O(d,a);a={};for(d=0;d<c.length;d++){var f=c.charAt(d);f in a||(a[f]=e.charAt(d))}c=\"\";for(d=0;d<b.length;d++)f=b.charAt(d),c+=f in a?a[f]:f;return c},3);Q(\"true\",2,!1,!1,function(){return!0},0);function G(a,b){this.h=a;this.c=void 0!==b?b:null;this.b=null;switch(a){case \"comment\":this.b=8;break;case \"text\":this.b=3;break;case \"processing-instruction\":this.b=7;break;case \"node\":break;default:throw Error(\"Unexpected argument\");}}function Cb(a){return\"comment\"==a||\"text\"==a||\"processing-instruction\"==a||\"node\"==a}G.prototype.a=function(a){return null===this.b||this.b==a.nodeType};G.prototype.f=function(){return this.h};\nG.prototype.toString=function(){var a=\"Kind Test: \"+this.h;null===this.c||(a+=K(this.c));return a};function Db(a){J.call(this,3);this.c=a.substring(1,a.length-1)}l(Db,J);Db.prototype.a=function(){return this.c};Db.prototype.toString=function(){return\"Literal: \"+this.c};function F(a,b){this.j=a.toLowerCase();a=\"*\"==this.j?\"*\":\"http://www.w3.org/1999/xhtml\";this.c=b?b.toLowerCase():a}F.prototype.a=function(a){var b=a.nodeType;if(1!=b&&2!=b)return!1;b=void 0!==a.localName?a.localName:a.nodeName;return\"*\"!=this.j&&this.j!=b.toLowerCase()?!1:\"*\"==this.c?!0:this.c==(a.namespaceURI?a.namespaceURI.toLowerCase():\"http://www.w3.org/1999/xhtml\")};F.prototype.f=function(){return this.j};\nF.prototype.toString=function(){return\"Name Test: \"+(\"http://www.w3.org/1999/xhtml\"==this.c?\"\":this.c+\":\")+this.j};function Eb(a){J.call(this,1);this.c=a}l(Eb,J);Eb.prototype.a=function(){return this.c};Eb.prototype.toString=function(){return\"Number: \"+this.c};function Fb(a,b){J.call(this,a.i);this.h=a;this.c=b;this.g=a.g;this.b=a.b;1==this.c.length&&(a=this.c[0],a.A||a.c!=Gb||(a=a.o,\"*\"!=a.f()&&(this.f={name:a.f(),u:null})))}l(Fb,J);function Hb(){J.call(this,4)}l(Hb,J);Hb.prototype.a=function(a){var b=new E;a=a.a;9==a.nodeType?b.add(a):b.add(a.ownerDocument);return b};Hb.prototype.toString=function(){return\"Root Helper Expression\"};function Ib(){J.call(this,4)}l(Ib,J);Ib.prototype.a=function(a){var b=new E;b.add(a.a);return b};Ib.prototype.toString=function(){return\"Context Helper Expression\"};\nfunction Jb(a){return\"/\"==a||\"//\"==a}Fb.prototype.a=function(a){var b=this.h.a(a);if(!(b instanceof E))throw Error(\"Filter expression must evaluate to nodeset.\");a=this.c;for(var c=0,d=a.length;c<d&&b.l;c++){var e=a[c],f=H(b,e.c.s);if(e.g||e.c!=Kb)if(e.g||e.c!=Lb){var g=I(f);for(b=e.a(new ia(g));null!=(g=I(f));)g=e.a(new ia(g)),b=kb(b,g)}else g=I(f),b=e.a(new ia(g));else{for(g=I(f);(b=I(f))&&(!g.contains||g.contains(b))&&b.compareDocumentPosition(g)&8;g=b);b=e.a(new ia(g))}}return b};\nFb.prototype.toString=function(){var a=\"Path Expression:\"+K(this.h);if(this.c.length){var b=la(this.c,function(c,d){return c+K(d)},\"Steps:\");a+=K(b)}return a};function Mb(a,b){this.a=a;this.s=!!b}\nfunction yb(a,b,c){for(c=c||0;c<a.a.length;c++)for(var d=a.a[c],e=H(b),f=b.l,g,h=0;g=I(e);h++){var m=a.s?f-h:h+1;g=d.a(new ia(g,m,f));if(\"number\"==typeof g)m=m==g;else if(\"string\"==typeof g||\"boolean\"==typeof g)m=!!g;else if(g instanceof E)m=0<g.l;else throw Error(\"Predicate.evaluate returned an unexpected type.\");if(!m){m=e;g=m.f;var w=m.a;if(!w)throw Error(\"Next must be called at least once before remove.\");var r=w.b;w=w.a;r?r.a=w:g.a=w;w?w.b=r:g.b=r;g.l--;m.a=null}}return b}\nMb.prototype.toString=function(){return la(this.a,function(a,b){return a+K(b)},\"Predicates:\")};function R(a,b,c,d){J.call(this,4);this.c=a;this.o=b;this.h=c||new Mb([]);this.A=!!d;b=this.h;b=0<b.a.length?b.a[0].f:null;a.J&&b&&(a=b.name,a=x?a.toLowerCase():a,this.f={name:a,u:b.u});a:{a=this.h;for(b=0;b<a.a.length;b++)if(c=a.a[b],c.g||1==c.i||0==c.i){a=!0;break a}a=!1}this.g=a}l(R,J);\nR.prototype.a=function(a){var b=a.a,c=this.f,d=null,e=null,f=0;c&&(d=c.name,e=c.u?O(c.u,a):null,f=1);if(this.A)if(this.g||this.c!=Nb)if(b=H((new R(Ob,new G(\"node\"))).a(a)),c=I(b))for(a=this.m(c,d,e,f);null!=(c=I(b));)a=kb(a,this.m(c,d,e,f));else a=new E;else a=bb(this.o,b,d,e),a=yb(this.h,a,f);else a=this.m(a.a,d,e,f);return a};R.prototype.m=function(a,b,c,d){a=this.c.v(this.o,a,b,c);return a=yb(this.h,a,d)};\nR.prototype.toString=function(){var a=\"Step:\"+K(\"Operator: \"+(this.A?\"//\":\"/\"));this.c.j&&(a+=K(\"Axis: \"+this.c));a+=K(this.o);if(this.h.a.length){var b=la(this.h.a,function(c,d){return c+K(d)},\"Predicates:\");a+=K(b)}return a};function Pb(a,b,c,d){this.j=a;this.v=b;this.s=c;this.J=d}Pb.prototype.toString=function(){return this.j};var Qb={};function S(a,b,c,d){if(Qb.hasOwnProperty(a))throw Error(\"Axis already created: \"+a);b=new Pb(a,b,c,!!d);return Qb[a]=b}\nS(\"ancestor\",function(a,b){for(var c=new E;b=b.parentNode;)a.a(b)&&lb(c,b);return c},!0);S(\"ancestor-or-self\",function(a,b){var c=new E;do a.a(b)&&lb(c,b);while(b=b.parentNode);return c},!0);\nvar Gb=S(\"attribute\",function(a,b){var c=new E,d=a.f();if(\"style\"==d&&x&&b.style)return c.add(new Na(b.style,b,\"style\",b.style.cssText)),c;var e=b.attributes;if(e)if(a instanceof G&&null===a.b||\"*\"==d)for(a=0;d=e[a];a++)x?d.nodeValue&&c.add(Oa(b,d)):c.add(d);else(d=e.getNamedItem(d))&&(x?d.nodeValue&&c.add(Oa(b,d)):c.add(d));return c},!1),Nb=S(\"child\",function(a,b,c,d,e){return(x?hb:ib).call(null,a,b,aa(c)?c:null,aa(d)?d:null,e||new E)},!1,!0);S(\"descendant\",bb,!1,!0);\nvar Ob=S(\"descendant-or-self\",function(a,b,c,d){var e=new E;C(b,c,d)&&a.a(b)&&e.add(b);return bb(a,b,c,d,e)},!1,!0),Kb=S(\"following\",function(a,b,c,d){var e=new E;do for(var f=b;f=f.nextSibling;)C(f,c,d)&&a.a(f)&&e.add(f),e=bb(a,f,c,d,e);while(b=b.parentNode);return e},!1,!0);S(\"following-sibling\",function(a,b){for(var c=new E;b=b.nextSibling;)a.a(b)&&c.add(b);return c},!1);S(\"namespace\",function(){return new E},!1);\nvar Rb=S(\"parent\",function(a,b){var c=new E;if(9==b.nodeType)return c;if(2==b.nodeType)return c.add(b.ownerElement),c;b=b.parentNode;a.a(b)&&c.add(b);return c},!1),Lb=S(\"preceding\",function(a,b,c,d){var e=new E,f=[];do f.unshift(b);while(b=b.parentNode);for(var g=1,h=f.length;g<h;g++){var m=[];for(b=f[g];b=b.previousSibling;)m.unshift(b);for(var w=0,r=m.length;w<r;w++)b=m[w],C(b,c,d)&&a.a(b)&&e.add(b),e=bb(a,b,c,d,e)}return e},!0,!0);\nS(\"preceding-sibling\",function(a,b){for(var c=new E;b=b.previousSibling;)a.a(b)&&lb(c,b);return c},!0);var Sb=S(\"self\",function(a,b){var c=new E;a.a(b)&&c.add(b);return c},!1);function Tb(a){J.call(this,1);this.c=a;this.g=a.g;this.b=a.b}l(Tb,J);Tb.prototype.a=function(a){return-N(this.c,a)};Tb.prototype.toString=function(){return\"Unary Expression: -\"+K(this.c)};function Ub(a){J.call(this,4);this.c=a;pb(this,ma(this.c,function(b){return b.g}));qb(this,ma(this.c,function(b){return b.b}))}l(Ub,J);Ub.prototype.a=function(a){var b=new E;n(this.c,function(c){c=c.a(a);if(!(c instanceof E))throw Error(\"Path expression must evaluate to NodeSet.\");b=kb(b,c)});return b};Ub.prototype.toString=function(){return la(this.c,function(a,b){return a+K(b)},\"Union Expression:\")};function Vb(a,b){this.a=a;this.b=b}function Yb(a){for(var b,c=[];;){T(a,\"Missing right hand side of binary expression.\");b=Zb(a);var d=z(a.a);if(!d)break;var e=(d=wb[d]||null)&&d.D;if(!e){a.a.a--;break}for(;c.length&&e<=c[c.length-1].D;)b=new sb(c.pop(),c.pop(),b);c.push(b,d)}for(;c.length;)b=new sb(c.pop(),c.pop(),b);return b}function T(a,b){if(Ta(a.a))throw Error(b);}function $b(a,b){a=z(a.a);if(a!=b)throw Error(\"Bad token, expected: \"+b+\" got: \"+a);}\nfunction ac(a){a=z(a.a);if(\")\"!=a)throw Error(\"Bad token: \"+a);}function bc(a){a=z(a.a);if(2>a.length)throw Error(\"Unclosed literal string\");return new Db(a)}\nfunction cc(a){var b=[];if(Jb(y(a.a))){var c=z(a.a);var d=y(a.a);if(\"/\"==c&&(Ta(a.a)||\".\"!=d&&\"..\"!=d&&\"@\"!=d&&\"*\"!=d&&!/(?![0-9])[\\w]/.test(d)))return new Hb;d=new Hb;T(a,\"Missing next location step.\");c=dc(a,c);b.push(c)}else{a:{c=y(a.a);d=c.charAt(0);switch(d){case \"$\":throw Error(\"Variable reference not allowed in HTML XPath\");case \"(\":z(a.a);c=Yb(a);T(a,'unclosed \"(\"');$b(a,\")\");break;case '\"':case \"'\":c=bc(a);break;default:if(isNaN(+c))if(!Cb(c)&&/(?![0-9])[\\w]/.test(d)&&\"(\"==y(a.a,1)){c=z(a.a);\nc=Bb[c]||null;z(a.a);for(d=[];\")\"!=y(a.a);){T(a,\"Missing function argument list.\");d.push(Yb(a));if(\",\"!=y(a.a))break;z(a.a)}T(a,\"Unclosed function argument list.\");ac(a);c=new zb(c,d)}else{c=null;break a}else c=new Eb(+z(a.a))}\"[\"==y(a.a)&&(d=new Mb(ec(a)),c=new xb(c,d))}if(c)if(Jb(y(a.a)))d=c;else return c;else c=dc(a,\"/\"),d=new Ib,b.push(c)}for(;Jb(y(a.a));)c=z(a.a),T(a,\"Missing next location step.\"),c=dc(a,c),b.push(c);return new Fb(d,b)}\nfunction dc(a,b){if(\"/\"!=b&&\"//\"!=b)throw Error('Step op should be \"/\" or \"//\"');if(\".\"==y(a.a)){var c=new R(Sb,new G(\"node\"));z(a.a);return c}if(\"..\"==y(a.a))return c=new R(Rb,new G(\"node\")),z(a.a),c;if(\"@\"==y(a.a)){var d=Gb;z(a.a);T(a,\"Missing attribute name\")}else if(\"::\"==y(a.a,1)){if(!/(?![0-9])[\\w]/.test(y(a.a).charAt(0)))throw Error(\"Bad token: \"+z(a.a));var e=z(a.a);d=Qb[e]||null;if(!d)throw Error(\"No axis with name: \"+e);z(a.a);T(a,\"Missing node name\")}else d=Nb;e=y(a.a);if(/(?![0-9])[\\w\\*]/.test(e.charAt(0)))if(\"(\"==\ny(a.a,1)){if(!Cb(e))throw Error(\"Invalid node type: \"+e);e=z(a.a);if(!Cb(e))throw Error(\"Invalid type name: \"+e);$b(a,\"(\");T(a,\"Bad nodetype\");var f=y(a.a).charAt(0),g=null;if('\"'==f||\"'\"==f)g=bc(a);T(a,\"Bad nodetype\");ac(a);e=new G(e,g)}else if(e=z(a.a),f=e.indexOf(\":\"),-1==f)e=new F(e);else{g=e.substring(0,f);if(\"*\"==g)var h=\"*\";else if(h=a.b(g),!h)throw Error(\"Namespace prefix not declared: \"+g);e=e.substr(f+1);e=new F(e,h)}else throw Error(\"Bad token: \"+z(a.a));a=new Mb(ec(a),d.s);return c||new R(d,\ne,a,\"//\"==b)}function ec(a){for(var b=[];\"[\"==y(a.a);){z(a.a);T(a,\"Missing predicate expression.\");var c=Yb(a);b.push(c);T(a,\"Unclosed predicate expression.\");$b(a,\"]\")}return b}function Zb(a){if(\"-\"==y(a.a))return z(a.a),new Tb(Zb(a));var b=cc(a);if(\"|\"!=y(a.a))a=b;else{for(b=[b];\"|\"==z(a.a);)T(a,\"Missing next union location path.\"),b.push(cc(a));a.a.a--;a=new Ub(b)}return a};function fc(a){switch(a.nodeType){case 1:return ha(gc,a);case 9:return fc(a.documentElement);case 11:case 10:case 6:case 12:return hc;default:return a.parentNode?fc(a.parentNode):hc}}function hc(){return null}function gc(a,b){if(a.prefix==b)return a.namespaceURI||\"http://www.w3.org/1999/xhtml\";var c=a.getAttributeNode(\"xmlns:\"+b);return c&&c.specified?c.value||null:a.parentNode&&9!=a.parentNode.nodeType?gc(a.parentNode,b):null};function ic(a,b){if(!a.length)throw Error(\"Empty XPath expression.\");a=Qa(a);if(Ta(a))throw Error(\"Invalid XPath expression.\");b?\"function\"==ca(b)||(b=fa(b.lookupNamespaceURI,b)):b=function(){return null};var c=Yb(new Vb(a,b));if(!Ta(a))throw Error(\"Bad token: \"+z(a));this.evaluate=function(d,e){d=c.a(new ia(d));return new U(d,e)}}\nfunction U(a,b){if(0==b)if(a instanceof E)b=4;else if(\"string\"==typeof a)b=2;else if(\"number\"==typeof a)b=1;else if(\"boolean\"==typeof a)b=3;else throw Error(\"Unexpected evaluation result.\");if(2!=b&&1!=b&&3!=b&&!(a instanceof E))throw Error(\"value could not be converted to the specified type\");this.resultType=b;switch(b){case 2:this.stringValue=a instanceof E?nb(a):\"\"+a;break;case 1:this.numberValue=a instanceof E?+nb(a):+a;break;case 3:this.booleanValue=a instanceof E?0<a.l:!!a;break;case 4:case 5:case 6:case 7:var c=\nH(a);var d=[];for(var e=I(c);e;e=I(c))d.push(e instanceof Na?e.a:e);this.snapshotLength=a.l;this.invalidIteratorState=!1;break;case 8:case 9:a=mb(a);this.singleNodeValue=a instanceof Na?a.a:a;break;default:throw Error(\"Unknown XPathResult type.\");}var f=0;this.iterateNext=function(){if(4!=b&&5!=b)throw Error(\"iterateNext called with wrong result type\");return f>=d.length?null:d[f++]};this.snapshotItem=function(g){if(6!=b&&7!=b)throw Error(\"snapshotItem called with wrong result type\");return g>=d.length||\n0>g?null:d[g]}}U.ANY_TYPE=0;U.NUMBER_TYPE=1;U.STRING_TYPE=2;U.BOOLEAN_TYPE=3;U.UNORDERED_NODE_ITERATOR_TYPE=4;U.ORDERED_NODE_ITERATOR_TYPE=5;U.UNORDERED_NODE_SNAPSHOT_TYPE=6;U.ORDERED_NODE_SNAPSHOT_TYPE=7;U.ANY_UNORDERED_NODE_TYPE=8;U.FIRST_ORDERED_NODE_TYPE=9;function jc(a){this.lookupNamespaceURI=fc(a)}\nfunction kc(a,b){a=a||k;var c=a.Document&&a.Document.prototype||a.document;if(!c.evaluate||b)a.XPathResult=U,c.evaluate=function(d,e,f,g){return(new ic(d,f)).evaluate(e,g)},c.createExpression=function(d,e){return new ic(d,e)},c.createNSResolver=function(d){return new jc(d)}}ba(\"wgxpath.install\",kc);ba(\"wgxpath.install\",kc);var lc={aliceblue:\"#f0f8ff\",antiquewhite:\"#faebd7\",aqua:\"#00ffff\",aquamarine:\"#7fffd4\",azure:\"#f0ffff\",beige:\"#f5f5dc\",bisque:\"#ffe4c4\",black:\"#000000\",blanchedalmond:\"#ffebcd\",blue:\"#0000ff\",blueviolet:\"#8a2be2\",brown:\"#a52a2a\",burlywood:\"#deb887\",cadetblue:\"#5f9ea0\",chartreuse:\"#7fff00\",chocolate:\"#d2691e\",coral:\"#ff7f50\",cornflowerblue:\"#6495ed\",cornsilk:\"#fff8dc\",crimson:\"#dc143c\",cyan:\"#00ffff\",darkblue:\"#00008b\",darkcyan:\"#008b8b\",darkgoldenrod:\"#b8860b\",darkgray:\"#a9a9a9\",darkgreen:\"#006400\",\ndarkgrey:\"#a9a9a9\",darkkhaki:\"#bdb76b\",darkmagenta:\"#8b008b\",darkolivegreen:\"#556b2f\",darkorange:\"#ff8c00\",darkorchid:\"#9932cc\",darkred:\"#8b0000\",darksalmon:\"#e9967a\",darkseagreen:\"#8fbc8f\",darkslateblue:\"#483d8b\",darkslategray:\"#2f4f4f\",darkslategrey:\"#2f4f4f\",darkturquoise:\"#00ced1\",darkviolet:\"#9400d3\",deeppink:\"#ff1493\",deepskyblue:\"#00bfff\",dimgray:\"#696969\",dimgrey:\"#696969\",dodgerblue:\"#1e90ff\",firebrick:\"#b22222\",floralwhite:\"#fffaf0\",forestgreen:\"#228b22\",fuchsia:\"#ff00ff\",gainsboro:\"#dcdcdc\",\nghostwhite:\"#f8f8ff\",gold:\"#ffd700\",goldenrod:\"#daa520\",gray:\"#808080\",green:\"#008000\",greenyellow:\"#adff2f\",grey:\"#808080\",honeydew:\"#f0fff0\",hotpink:\"#ff69b4\",indianred:\"#cd5c5c\",indigo:\"#4b0082\",ivory:\"#fffff0\",khaki:\"#f0e68c\",lavender:\"#e6e6fa\",lavenderblush:\"#fff0f5\",lawngreen:\"#7cfc00\",lemonchiffon:\"#fffacd\",lightblue:\"#add8e6\",lightcoral:\"#f08080\",lightcyan:\"#e0ffff\",lightgoldenrodyellow:\"#fafad2\",lightgray:\"#d3d3d3\",lightgreen:\"#90ee90\",lightgrey:\"#d3d3d3\",lightpink:\"#ffb6c1\",lightsalmon:\"#ffa07a\",\nlightseagreen:\"#20b2aa\",lightskyblue:\"#87cefa\",lightslategray:\"#778899\",lightslategrey:\"#778899\",lightsteelblue:\"#b0c4de\",lightyellow:\"#ffffe0\",lime:\"#00ff00\",limegreen:\"#32cd32\",linen:\"#faf0e6\",magenta:\"#ff00ff\",maroon:\"#800000\",mediumaquamarine:\"#66cdaa\",mediumblue:\"#0000cd\",mediumorchid:\"#ba55d3\",mediumpurple:\"#9370db\",mediumseagreen:\"#3cb371\",mediumslateblue:\"#7b68ee\",mediumspringgreen:\"#00fa9a\",mediumturquoise:\"#48d1cc\",mediumvioletred:\"#c71585\",midnightblue:\"#191970\",mintcream:\"#f5fffa\",mistyrose:\"#ffe4e1\",\nmoccasin:\"#ffe4b5\",navajowhite:\"#ffdead\",navy:\"#000080\",oldlace:\"#fdf5e6\",olive:\"#808000\",olivedrab:\"#6b8e23\",orange:\"#ffa500\",orangered:\"#ff4500\",orchid:\"#da70d6\",palegoldenrod:\"#eee8aa\",palegreen:\"#98fb98\",paleturquoise:\"#afeeee\",palevioletred:\"#db7093\",papayawhip:\"#ffefd5\",peachpuff:\"#ffdab9\",peru:\"#cd853f\",pink:\"#ffc0cb\",plum:\"#dda0dd\",powderblue:\"#b0e0e6\",purple:\"#800080\",red:\"#ff0000\",rosybrown:\"#bc8f8f\",royalblue:\"#4169e1\",saddlebrown:\"#8b4513\",salmon:\"#fa8072\",sandybrown:\"#f4a460\",seagreen:\"#2e8b57\",\nseashell:\"#fff5ee\",sienna:\"#a0522d\",silver:\"#c0c0c0\",skyblue:\"#87ceeb\",slateblue:\"#6a5acd\",slategray:\"#708090\",slategrey:\"#708090\",snow:\"#fffafa\",springgreen:\"#00ff7f\",steelblue:\"#4682b4\",tan:\"#d2b48c\",teal:\"#008080\",thistle:\"#d8bfd8\",tomato:\"#ff6347\",turquoise:\"#40e0d0\",violet:\"#ee82ee\",wheat:\"#f5deb3\",white:\"#ffffff\",whitesmoke:\"#f5f5f5\",yellow:\"#ffff00\",yellowgreen:\"#9acd32\"};var mc=\"backgroundColor borderTopColor borderRightColor borderBottomColor borderLeftColor color outlineColor\".split(\" \"),nc=/#([0-9a-fA-F])([0-9a-fA-F])([0-9a-fA-F])/,oc=/^#(?:[0-9a-f]{3}){1,2}$/i,pc=/^(?:rgba)?\\((\\d{1,3}),\\s?(\\d{1,3}),\\s?(\\d{1,3}),\\s?(0|1|0\\.\\d*)\\)$/i,qc=/^(?:rgb)?\\((0|[1-9]\\d{0,2}),\\s?(0|[1-9]\\d{0,2}),\\s?(0|[1-9]\\d{0,2})\\)$/i;function rc(a,b){this.code=a;this.a=V[a]||sc;this.message=b||\"\";a=this.a.replace(/((?:^|\\s+)[a-z])/g,function(c){return c.toUpperCase().replace(/^[\\s\\xa0]+/g,\"\")});b=a.length-5;if(0>b||a.indexOf(\"Error\",b)!=b)a+=\"Error\";this.name=a;a=Error(this.message);a.name=this.name;this.stack=a.stack||\"\"}l(rc,Error);var sc=\"unknown error\",V={15:\"element not selectable\",11:\"element not visible\"};V[31]=sc;V[30]=sc;V[24]=\"invalid cookie domain\";V[29]=\"invalid element coordinates\";V[12]=\"invalid element state\";\nV[32]=\"invalid selector\";V[51]=\"invalid selector\";V[52]=\"invalid selector\";V[17]=\"javascript error\";V[405]=\"unsupported operation\";V[34]=\"move target out of bounds\";V[27]=\"no such alert\";V[7]=\"no such element\";V[8]=\"no such frame\";V[23]=\"no such window\";V[28]=\"script timeout\";V[33]=\"session not created\";V[10]=\"stale element reference\";V[21]=\"timeout\";V[25]=\"unable to set cookie\";V[26]=\"unexpected alert open\";V[13]=sc;V[9]=\"unknown command\";var tc=va(),uc=ya()||u(\"iPod\"),vc=u(\"iPad\"),wc=u(\"Android\")&&!(wa()||va()||u(\"Opera\")||u(\"Silk\")),xc=wa(),yc=u(\"Safari\")&&!(wa()||u(\"Coast\")||u(\"Opera\")||u(\"Edge\")||u(\"Edg/\")||u(\"OPR\")||va()||u(\"Silk\")||u(\"Android\"))&&!(ya()||u(\"iPad\")||u(\"iPod\"));function zc(a){return(a=a.exec(t))?a[1]:\"\"}(function(){if(tc)return zc(/Firefox\\/([0-9.]+)/);if(v||Ca||Ba)return Ga;if(xc)return ya()||u(\"iPad\")||u(\"iPod\")?zc(/CriOS\\/([0-9.]+)/):zc(/Chrome\\/([0-9.]+)/);if(yc&&!(ya()||u(\"iPad\")||u(\"iPod\")))return zc(/Version\\/([0-9.]+)/);if(uc||vc){var a=/Version\\/(\\S+).*Mobile\\/(\\S+)/.exec(t);if(a)return a[1]+\".\"+a[2]}else if(wc)return(a=zc(/Android\\s+([0-9.]+)/))?a:zc(/Version\\/([0-9.]+)/);return\"\"})();var Ac=v&&!(9<=Number(La));function W(a,b){b&&\"string\"!==typeof b&&(b=b.toString());return!!a&&1==a.nodeType&&(!b||a.tagName.toUpperCase()==b)};var Bc=function(){var a={K:\"http://www.w3.org/2000/svg\"};return function(b){return a[b]||null}}();\nfunction Cc(a,b){var c=A(a);if(!c.documentElement)return null;(v||wc)&&kc(c?c.parentWindow||c.defaultView:window);try{var d=c.createNSResolver?c.createNSResolver(c.documentElement):Bc;if(v&&!Ka(7))return c.evaluate.call(c,b,a,d,9,null);if(!v||9<=Number(La)){for(var e={},f=c.getElementsByTagName(\"*\"),g=0;g<f.length;++g){var h=f[g],m=h.namespaceURI;if(m&&!e[m]){var w=h.lookupPrefix(m);if(!w){var r=m.match(\".*/(\\\\w+)/?$\");w=r?r[1]:\"xhtml\"}e[m]=w}}var D={},L;for(L in e)D[e[L]]=L;d=function(M){return D[M]||\nnull}}try{return c.evaluate(b,a,d,9,null)}catch(M){if(\"TypeError\"===M.name)return d=c.createNSResolver?c.createNSResolver(c.documentElement):Bc,c.evaluate(b,a,d,9,null);throw M;}}catch(M){if(!Da||\"NS_ERROR_ILLEGAL_VALUE\"!=M.name)throw new rc(32,\"Unable to locate an element with the xpath expression \"+b+\" because of the following error:\\n\"+M);}}\nfunction Dc(a,b){var c=function(){var d=Cc(b,a);return d?d.singleNodeValue||null:b.selectSingleNode?(d=A(b),d.setProperty&&d.setProperty(\"SelectionLanguage\",\"XPath\"),b.selectSingleNode(a)):null}();if(null!==c&&(!c||1!=c.nodeType))throw new rc(32,'The result of the xpath expression \"'+a+'\" is: '+c+\". It should be an element.\");return c};function Ec(a,b,c,d){this.c=a;this.a=b;this.b=c;this.f=d}Ec.prototype.ceil=function(){this.c=Math.ceil(this.c);this.a=Math.ceil(this.a);this.b=Math.ceil(this.b);this.f=Math.ceil(this.f);return this};Ec.prototype.floor=function(){this.c=Math.floor(this.c);this.a=Math.floor(this.a);this.b=Math.floor(this.b);this.f=Math.floor(this.f);return this};Ec.prototype.round=function(){this.c=Math.round(this.c);this.a=Math.round(this.a);this.b=Math.round(this.b);this.f=Math.round(this.f);return this};function X(a,b,c,d){this.a=a;this.b=b;this.width=c;this.height=d}X.prototype.ceil=function(){this.a=Math.ceil(this.a);this.b=Math.ceil(this.b);this.width=Math.ceil(this.width);this.height=Math.ceil(this.height);return this};X.prototype.floor=function(){this.a=Math.floor(this.a);this.b=Math.floor(this.b);this.width=Math.floor(this.width);this.height=Math.floor(this.height);return this};\nX.prototype.round=function(){this.a=Math.round(this.a);this.b=Math.round(this.b);this.width=Math.round(this.width);this.height=Math.round(this.height);return this};var Fc=\"function\"===typeof ShadowRoot;function Gc(a){for(a=a.parentNode;a&&1!=a.nodeType&&9!=a.nodeType&&11!=a.nodeType;)a=a.parentNode;return W(a)?a:null}\nfunction Y(a,b){b=xa(b);if(\"float\"==b||\"cssFloat\"==b||\"styleFloat\"==b)b=Ac?\"styleFloat\":\"cssFloat\";a:{var c=b;var d=A(a);if(d.defaultView&&d.defaultView.getComputedStyle&&(d=d.defaultView.getComputedStyle(a,null))){c=d[c]||d.getPropertyValue(c)||\"\";break a}c=\"\"}a=c||Hc(a,b);if(null===a)a=null;else if(0<=ja(mc,b)){b:{var e=a.match(pc);if(e&&(b=Number(e[1]),c=Number(e[2]),d=Number(e[3]),e=Number(e[4]),0<=b&&255>=b&&0<=c&&255>=c&&0<=d&&255>=d&&0<=e&&1>=e)){b=[b,c,d,e];break b}b=null}if(!b)b:{if(d=a.match(qc))if(b=\nNumber(d[1]),c=Number(d[2]),d=Number(d[3]),0<=b&&255>=b&&0<=c&&255>=c&&0<=d&&255>=d){b=[b,c,d,1];break b}b=null}if(!b)b:{b=a.toLowerCase();c=lc[b.toLowerCase()];if(!c&&(c=\"#\"==b.charAt(0)?b:\"#\"+b,4==c.length&&(c=c.replace(nc,\"#$1$1$2$2$3$3\")),!oc.test(c))){b=null;break b}b=[parseInt(c.substr(1,2),16),parseInt(c.substr(3,2),16),parseInt(c.substr(5,2),16),1]}a=b?\"rgba(\"+b.join(\", \")+\")\":a}return a}\nfunction Hc(a,b){var c=a.currentStyle||a.style,d=c[b];void 0===d&&\"function\"==ca(c.getPropertyValue)&&(d=c.getPropertyValue(b));return\"inherit\"!=d?void 0!==d?d:null:(a=Gc(a))?Hc(a,b):null}\nfunction Ic(a,b,c){function d(g){var h=Jc(g);return 0<h.height&&0<h.width?!0:W(g,\"PATH\")&&(0<h.height||0<h.width)?(g=Y(g,\"stroke-width\"),!!g&&0<parseInt(g,10)):\"hidden\"!=Y(g,\"overflow\")&&ma(g.childNodes,function(m){return 3==m.nodeType||W(m)&&d(m)})}function e(g){return Kc(g)==Z&&na(g.childNodes,function(h){return!W(h)||e(h)||!d(h)})}if(!W(a))throw Error(\"Argument to isShown must be of type Element\");if(W(a,\"BODY\"))return!0;if(W(a,\"OPTION\")||W(a,\"OPTGROUP\"))return a=$a(a,function(g){return W(g,\"SELECT\")}),\n!!a&&Ic(a,!0,c);var f=Lc(a);if(f)return!!f.image&&0<f.rect.width&&0<f.rect.height&&Ic(f.image,b,c);if(W(a,\"INPUT\")&&\"hidden\"==a.type.toLowerCase()||W(a,\"NOSCRIPT\"))return!1;f=Y(a,\"visibility\");return\"collapse\"!=f&&\"hidden\"!=f&&c(a)&&(b||0!=Mc(a))&&d(a)?!e(a):!1}var Z=\"hidden\";\nfunction Kc(a){function b(p){function q(fb){if(fb==g)return!0;var Wb=Y(fb,\"display\");return 0==Wb.lastIndexOf(\"inline\",0)||\"contents\"==Wb||\"absolute\"==Xb&&\"static\"==Y(fb,\"position\")?!1:!0}var Xb=Y(p,\"position\");if(\"fixed\"==Xb)return w=!0,p==g?null:g;for(p=Gc(p);p&&!q(p);)p=Gc(p);return p}function c(p){var q=p;if(\"visible\"==m)if(p==g&&h)q=h;else if(p==h)return{x:\"visible\",y:\"visible\"};q={x:Y(q,\"overflow-x\"),y:Y(q,\"overflow-y\")};p==g&&(q.x=\"visible\"==q.x?\"auto\":q.x,q.y=\"visible\"==q.y?\"auto\":q.y);return q}\nfunction d(p){if(p==g){var q=(new ab(f)).a;p=q.scrollingElement?q.scrollingElement:Ea||\"CSS1Compat\"!=q.compatMode?q.body||q.documentElement:q.documentElement;q=q.parentWindow||q.defaultView;p=v&&Ka(\"10\")&&q.pageYOffset!=p.scrollTop?new Ua(p.scrollLeft,p.scrollTop):new Ua(q.pageXOffset||p.scrollLeft,q.pageYOffset||p.scrollTop)}else p=new Ua(p.scrollLeft,p.scrollTop);return p}var e=Nc(a),f=A(a),g=f.documentElement,h=f.body,m=Y(g,\"overflow\"),w;for(a=b(a);a;a=b(a)){var r=c(a);if(\"visible\"!=r.x||\"visible\"!=\nr.y){var D=Jc(a);if(0==D.width||0==D.height)return Z;var L=e.a<D.a,M=e.b<D.b;if(L&&\"hidden\"==r.x||M&&\"hidden\"==r.y)return Z;if(L&&\"visible\"!=r.x||M&&\"visible\"!=r.y){L=d(a);M=e.b<D.b-L.y;if(e.a<D.a-L.x&&\"visible\"!=r.x||M&&\"visible\"!=r.x)return Z;e=Kc(a);return e==Z?Z:\"scroll\"}L=e.f>=D.a+D.width;D=e.c>=D.b+D.height;if(L&&\"hidden\"==r.x||D&&\"hidden\"==r.y)return Z;if(L&&\"visible\"!=r.x||D&&\"visible\"!=r.y){if(w&&(r=d(a),e.f>=g.scrollWidth-r.x||e.a>=g.scrollHeight-r.y))return Z;e=Kc(a);return e==Z?Z:\"scroll\"}}}return\"none\"}\nfunction Jc(a){var b=Lc(a);if(b)return b.rect;if(W(a,\"HTML\"))return a=A(a),a=((a?a.parentWindow||a.defaultView:window)||window).document,a=\"CSS1Compat\"==a.compatMode?a.documentElement:a.body,a=new Va(a.clientWidth,a.clientHeight),new X(0,0,a.width,a.height);try{var c=a.getBoundingClientRect()}catch(d){return new X(0,0,0,0)}b=new X(c.left,c.top,c.right-c.left,c.bottom-c.top);v&&a.ownerDocument.body&&(a=A(a),b.a-=a.documentElement.clientLeft+a.body.clientLeft,b.b-=a.documentElement.clientTop+a.body.clientTop);\nreturn b}function Lc(a){var b=W(a,\"MAP\");if(!b&&!W(a,\"AREA\"))return null;var c=b?a:W(a.parentNode,\"MAP\")?a.parentNode:null,d=null,e=null;c&&c.name&&(d=Dc('/descendant::*[@usemap = \"#'+c.name+'\"]',A(c)))&&(e=Jc(d),b||\"default\"==a.shape.toLowerCase()||(a=Oc(a),b=Math.min(Math.max(a.a,0),e.width),c=Math.min(Math.max(a.b,0),e.height),e=new X(b+e.a,c+e.b,Math.min(a.width,e.width-b),Math.min(a.height,e.height-c))));return{image:d,rect:e||new X(0,0,0,0)}}\nfunction Oc(a){var b=a.shape.toLowerCase();a=a.coords.split(\",\");if(\"rect\"==b&&4==a.length){b=a[0];var c=a[1];return new X(b,c,a[2]-b,a[3]-c)}if(\"circle\"==b&&3==a.length)return b=a[2],new X(a[0]-b,a[1]-b,2*b,2*b);if(\"poly\"==b&&2<a.length){b=a[0];c=a[1];for(var d=b,e=c,f=2;f+1<a.length;f+=2)b=Math.min(b,a[f]),d=Math.max(d,a[f]),c=Math.min(c,a[f+1]),e=Math.max(e,a[f+1]);return new X(b,c,d-b,e-c)}return new X(0,0,0,0)}function Nc(a){a=Jc(a);return new Ec(a.b,a.a+a.width,a.b+a.height,a.a)}\nfunction Mc(a){if(Ac){if(\"relative\"==Y(a,\"position\"))return 1;a=Y(a,\"filter\");return(a=a.match(/^alpha\\(opacity=(\\d*)\\)/)||a.match(/^progid:DXImageTransform.Microsoft.Alpha\\(Opacity=(\\d*)\\)/))?Number(a[1])/100:1}return Pc(a)}function Pc(a){var b=1,c=Y(a,\"opacity\");c&&(b=Number(c));(a=Gc(a))&&(b*=Pc(a));return b};ba(\"_\",function(a,b){function c(d){if(W(d)&&\"none\"==Y(d,\"display\"))return!1;var e;if((e=d.parentNode)&&e.shadowRoot&&void 0!==d.assignedSlot)e=d.assignedSlot?d.assignedSlot.parentNode:null;else if(d.getDestinationInsertionPoints){var f=d.getDestinationInsertionPoints();0<f.length&&(e=f[f.length-1])}if(Fc&&e instanceof ShadowRoot){if(e.host.shadowRoot!==e)return!1;e=e.host}return!e||9!=e.nodeType&&11!=e.nodeType?e&&W(e,\"DETAILS\")&&!e.open&&!W(d,\"SUMMARY\")?!1:!!e&&c(e):!0}return Ic(a,!!b,c)});; return this._.apply(null,arguments);}).apply({navigator:typeof window!='undefined'?window.navigator:null,document:typeof window!='undefined'?window.document:null}, arguments);}\n).apply(null, arguments);", "args": [{"element-6066-11e4-a52e-4f735466cecf": "f.93C3CDE41EFE835CE40E7B5C86C651B6.d.3185B9B935A8925502228ADA5F64248A.e.60"}]}
DEBUG    urllib3.connectionpool:connectionpool.py:544 http://selenium-hub:4444 "POST /wd/hub/session/aaf41ee7c423515e1ac988c7c8ac9ce5/execute/sync HTTP/1.1" 200 0
DEBUG    selenium.webdriver.remote.remote_connection:remote_connection.py:329 Remote response: status=200 | data={"value":true} | headers=HTTPHeaderDict({'content-length': '14', 'content-type': 'application/json; charset=utf-8', 'cache-control': 'no-cache'})
DEBUG    selenium.webdriver.remote.remote_connection:remote_connection.py:356 Finished Request
DEBUG    selenium.webdriver.remote.remote_connection:remote_connection.py:313 GET http://selenium-hub:4444/wd/hub/session/aaf41ee7c423515e1ac988c7c8ac9ce5/element/f.93C3CDE41EFE835CE40E7B5C86C651B6.d.3185B9B935A8925502228ADA5F64248A.e.60/enabled {}
DEBUG    urllib3.connectionpool:connectionpool.py:544 http://selenium-hub:4444 "GET /wd/hub/session/aaf41ee7c423515e1ac988c7c8ac9ce5/element/f.93C3CDE41EFE835CE40E7B5C86C651B6.d.3185B9B935A8925502228ADA5F64248A.e.60/enabled HTTP/1.1" 200 0
DEBUG    selenium.webdriver.remote.remote_connection:remote_connection.py:329 Remote response: status=200 | data={"value":true} | headers=HTTPHeaderDict({'content-length': '14', 'content-type': 'application/json; charset=utf-8', 'cache-control': 'no-cache'})
DEBUG    selenium.webdriver.remote.remote_connection:remote_connection.py:356 Finished Request
DEBUG    selenium.webdriver.remote.remote_connection:remote_connection.py:313 POST http://selenium-hub:4444/wd/hub/session/aaf41ee7c423515e1ac988c7c8ac9ce5/execute/sync {"script": "arguments[0].scrollIntoView(true);", "args": [{"element-6066-11e4-a52e-4f735466cecf": "f.93C3CDE41EFE835CE40E7B5C86C651B6.d.3185B9B935A8925502228ADA5F64248A.e.60"}]}
DEBUG    urllib3.connectionpool:connectionpool.py:544 http://selenium-hub:4444 "POST /wd/hub/session/aaf41ee7c423515e1ac988c7c8ac9ce5/execute/sync HTTP/1.1" 200 0
DEBUG    selenium.webdriver.remote.remote_connection:remote_connection.py:329 Remote response: status=200 | data={"value":null} | headers=HTTPHeaderDict({'content-length': '14', 'content-type': 'application/json; charset=utf-8', 'cache-control': 'no-cache'})
DEBUG    selenium.webdriver.remote.remote_connection:remote_connection.py:356 Finished Request
DEBUG    selenium.webdriver.remote.remote_connection:remote_connection.py:313 POST http://selenium-hub:4444/wd/hub/session/aaf41ee7c423515e1ac988c7c8ac9ce5/element/f.93C3CDE41EFE835CE40E7B5C86C651B6.d.3185B9B935A8925502228ADA5F64248A.e.60/click {}
DEBUG    urllib3.connectionpool:connectionpool.py:544 http://selenium-hub:4444 "POST /wd/hub/session/aaf41ee7c423515e1ac988c7c8ac9ce5/element/f.93C3CDE41EFE835CE40E7B5C86C651B6.d.3185B9B935A8925502228ADA5F64248A.e.60/click HTTP/1.1" 200 0
DEBUG    selenium.webdriver.remote.remote_connection:remote_connection.py:329 Remote response: status=200 | data={"value":null} | headers=HTTPHeaderDict({'content-length': '14', 'content-type': 'application/json; charset=utf-8', 'cache-control': 'no-cache'})
DEBUG    selenium.webdriver.remote.remote_connection:remote_connection.py:356 Finished Request
DEBUG    selenium.webdriver.remote.remote_connection:remote_connection.py:313 GET http://selenium-hub:4444/wd/hub/session/aaf41ee7c423515e1ac988c7c8ac9ce5/url {}
DEBUG    urllib3.connectionpool:connectionpool.py:544 http://selenium-hub:4444 "GET /wd/hub/session/aaf41ee7c423515e1ac988c7c8ac9ce5/url HTTP/1.1" 200 0
DEBUG    selenium.webdriver.remote.remote_connection:remote_connection.py:329 Remote response: status=200 | data={"value":"https://practice.expandtesting.com/notes/app/login"} | headers=HTTPHeaderDict({'content-length': '62', 'content-type': 'application/json; charset=utf-8', 'cache-control': 'no-cache'})
DEBUG    selenium.webdriver.remote.remote_connection:remote_connection.py:356 Finished Request
DEBUG    selenium.webdriver.remote.remote_connection:remote_connection.py:313 POST http://selenium-hub:4444/wd/hub/session/aaf41ee7c423515e1ac988c7c8ac9ce5/element {"using": "css selector", "value": "[data-testid='login-email']"}
DEBUG    urllib3.connectionpool:connectionpool.py:544 http://selenium-hub:4444 "POST /wd/hub/session/aaf41ee7c423515e1ac988c7c8ac9ce5/element HTTP/1.1" 200 0
DEBUG    selenium.webdriver.remote.remote_connection:remote_connection.py:329 Remote response: status=200 | data={"value":{"element-6066-11e4-a52e-4f735466cecf":"f.93C3CDE41EFE835CE40E7B5C86C651B6.d.3185B9B935A8925502228ADA5F64248A.e.79"}} | headers=HTTPHeaderDict({'content-length': '126', 'content-type': 'application/json; charset=utf-8', 'cache-control': 'no-cache'})
DEBUG    selenium.webdriver.remote.remote_connection:remote_connection.py:356 Finished Request
DEBUG    selenium.webdriver.remote.remote_connection:remote_connection.py:313 POST http://selenium-hub:4444/wd/hub/session/aaf41ee7c423515e1ac988c7c8ac9ce5/execute/sync {"script": "/* isDisplayed */return (function(){return (function(){var k=this||self;function aa(a){return\"string\"==typeof a}function ba(a,b){a=a.split(\".\");var c=k;a[0]in c||\"undefined\"==typeof c.execScript||c.execScript(\"var \"+a[0]);for(var d;a.length&&(d=a.shift());)a.length||void 0===b?c[d]&&c[d]!==Object.prototype[d]?c=c[d]:c=c[d]={}:c[d]=b}\nfunction ca(a){var b=typeof a;if(\"object\"==b)if(a){if(a instanceof Array)return\"array\";if(a instanceof Object)return b;var c=Object.prototype.toString.call(a);if(\"[object Window]\"==c)return\"object\";if(\"[object Array]\"==c||\"number\"==typeof a.length&&\"undefined\"!=typeof a.splice&&\"undefined\"!=typeof a.propertyIsEnumerable&&!a.propertyIsEnumerable(\"splice\"))return\"array\";if(\"[object Function]\"==c||\"undefined\"!=typeof a.call&&\"undefined\"!=typeof a.propertyIsEnumerable&&!a.propertyIsEnumerable(\"call\"))return\"function\"}else return\"null\";\nelse if(\"function\"==b&&\"undefined\"==typeof a.call)return\"object\";return b}function da(a,b,c){return a.call.apply(a.bind,arguments)}function ea(a,b,c){if(!a)throw Error();if(2<arguments.length){var d=Array.prototype.slice.call(arguments,2);return function(){var e=Array.prototype.slice.call(arguments);Array.prototype.unshift.apply(e,d);return a.apply(b,e)}}return function(){return a.apply(b,arguments)}}\nfunction fa(a,b,c){Function.prototype.bind&&-1!=Function.prototype.bind.toString().indexOf(\"native code\")?fa=da:fa=ea;return fa.apply(null,arguments)}function ha(a,b){var c=Array.prototype.slice.call(arguments,1);return function(){var d=c.slice();d.push.apply(d,arguments);return a.apply(this,d)}}function l(a,b){function c(){}c.prototype=b.prototype;a.prototype=new c;a.prototype.constructor=a};/*\n\n The MIT License\n\n Copyright (c) 2007 Cybozu Labs, Inc.\n Copyright (c) 2012 Google Inc.\n\n Permission is hereby granted, free of charge, to any person obtaining a copy\n of this software and associated documentation files (the \"Software\"), to\n deal in the Software without restriction, including without limitation the\n rights to use, copy, modify, merge, publish, distribute, sublicense, and/or\n sell copies of the Software, and to permit persons to whom the Software is\n furnished to do so, subject to the following conditions:\n\n The above copyright notice and this permission notice shall be included in\n all copies or substantial portions of the Software.\n\n THE SOFTWARE IS PROVIDED \"AS IS\", WITHOUT WARRANTY OF ANY KIND, EXPRESS OR\n IMPLIED, INCLUDING BUT NOT LIMITED TO THE WARRANTIES OF MERCHANTABILITY,\n FITNESS FOR A PARTICULAR PURPOSE AND NONINFRINGEMENT. IN NO EVENT SHALL THE\n AUTHORS OR COPYRIGHT HOLDERS BE LIABLE FOR ANY CLAIM, DAMAGES OR OTHER\n LIABILITY, WHETHER IN AN ACTION OF CONTRACT, TORT OR OTHERWISE, ARISING\n FROM, OUT OF OR IN CONNECTION WITH THE SOFTWARE OR THE USE OR OTHER DEALINGS\n IN THE SOFTWARE.\n*/\nfunction ia(a,b,c){this.a=a;this.b=b||1;this.f=c||1};var ja=Array.prototype.indexOf?function(a,b){return Array.prototype.indexOf.call(a,b,void 0)}:function(a,b){if(\"string\"===typeof a)return\"string\"!==typeof b||1!=b.length?-1:a.indexOf(b,0);for(var c=0;c<a.length;c++)if(c in a&&a[c]===b)return c;return-1},n=Array.prototype.forEach?function(a,b){Array.prototype.forEach.call(a,b,void 0)}:function(a,b){for(var c=a.length,d=\"string\"===typeof a?a.split(\"\"):a,e=0;e<c;e++)e in d&&b.call(void 0,d[e],e,a)},ka=Array.prototype.filter?function(a,b){return Array.prototype.filter.call(a,\nb,void 0)}:function(a,b){for(var c=a.length,d=[],e=0,f=\"string\"===typeof a?a.split(\"\"):a,g=0;g<c;g++)if(g in f){var h=f[g];b.call(void 0,h,g,a)&&(d[e++]=h)}return d},la=Array.prototype.reduce?function(a,b,c){return Array.prototype.reduce.call(a,b,c)}:function(a,b,c){var d=c;n(a,function(e,f){d=b.call(void 0,d,e,f,a)});return d},ma=Array.prototype.some?function(a,b){return Array.prototype.some.call(a,b,void 0)}:function(a,b){for(var c=a.length,d=\"string\"===typeof a?a.split(\"\"):a,e=0;e<c;e++)if(e in\nd&&b.call(void 0,d[e],e,a))return!0;return!1},na=Array.prototype.every?function(a,b){return Array.prototype.every.call(a,b,void 0)}:function(a,b){for(var c=a.length,d=\"string\"===typeof a?a.split(\"\"):a,e=0;e<c;e++)if(e in d&&!b.call(void 0,d[e],e,a))return!1;return!0};function oa(a,b){a:{for(var c=a.length,d=\"string\"===typeof a?a.split(\"\"):a,e=0;e<c;e++)if(e in d&&b.call(void 0,d[e],e,a)){b=e;break a}b=-1}return 0>b?null:\"string\"===typeof a?a.charAt(b):a[b]}\nfunction pa(a){return Array.prototype.concat.apply([],arguments)}function qa(a,b,c){return 2>=arguments.length?Array.prototype.slice.call(a,b):Array.prototype.slice.call(a,b,c)};var ra=String.prototype.trim?function(a){return a.trim()}:function(a){return/^[\\s\\xa0]*([\\s\\S]*?)[\\s\\xa0]*$/.exec(a)[1]};function sa(a,b){return a<b?-1:a>b?1:0};var t;a:{var ta=k.navigator;if(ta){var ua=ta.userAgent;if(ua){t=ua;break a}}t=\"\"}function u(a){return-1!=t.indexOf(a)};function va(){return u(\"Firefox\")||u(\"FxiOS\")}function wa(){return(u(\"Chrome\")||u(\"CriOS\"))&&!u(\"Edge\")};function xa(a){return String(a).replace(/\\-([a-z])/g,function(b,c){return c.toUpperCase()})};function ya(){return u(\"iPhone\")&&!u(\"iPod\")&&!u(\"iPad\")};function za(a,b){var c=Aa;return Object.prototype.hasOwnProperty.call(c,a)?c[a]:c[a]=b(a)};var Ba=u(\"Opera\"),v=u(\"Trident\")||u(\"MSIE\"),Ca=u(\"Edge\"),Da=u(\"Gecko\")&&!(-1!=t.toLowerCase().indexOf(\"webkit\")&&!u(\"Edge\"))&&!(u(\"Trident\")||u(\"MSIE\"))&&!u(\"Edge\"),Ea=-1!=t.toLowerCase().indexOf(\"webkit\")&&!u(\"Edge\");function Fa(){var a=k.document;return a?a.documentMode:void 0}var Ga;\na:{var Ha=\"\",Ia=function(){var a=t;if(Da)return/rv:([^\\);]+)(\\)|;)/.exec(a);if(Ca)return/Edge\\/([\\d\\.]+)/.exec(a);if(v)return/\\b(?:MSIE|rv)[: ]([^\\);]+)(\\)|;)/.exec(a);if(Ea)return/WebKit\\/(\\S+)/.exec(a);if(Ba)return/(?:Version)[ \\/]?(\\S+)/.exec(a)}();Ia&&(Ha=Ia?Ia[1]:\"\");if(v){var Ja=Fa();if(null!=Ja&&Ja>parseFloat(Ha)){Ga=String(Ja);break a}}Ga=Ha}var Aa={};\nfunction Ka(a){return za(a,function(){for(var b=0,c=ra(String(Ga)).split(\".\"),d=ra(String(a)).split(\".\"),e=Math.max(c.length,d.length),f=0;0==b&&f<e;f++){var g=c[f]||\"\",h=d[f]||\"\";do{g=/(\\d*)(\\D*)(.*)/.exec(g)||[\"\",\"\",\"\",\"\"];h=/(\\d*)(\\D*)(.*)/.exec(h)||[\"\",\"\",\"\",\"\"];if(0==g[0].length&&0==h[0].length)break;b=sa(0==g[1].length?0:parseInt(g[1],10),0==h[1].length?0:parseInt(h[1],10))||sa(0==g[2].length,0==h[2].length)||sa(g[2],h[2]);g=g[3];h=h[3]}while(0==b)}return 0<=b})}var La;\nLa=k.document&&v?Fa():void 0;var x=v&&!(9<=Number(La)),Ma=v&&!(8<=Number(La));function Na(a,b,c,d){this.a=a;this.nodeName=c;this.nodeValue=d;this.nodeType=2;this.parentNode=this.ownerElement=b}function Oa(a,b){var c=Ma&&\"href\"==b.nodeName?a.getAttribute(b.nodeName,2):b.nodeValue;return new Na(b,a,b.nodeName,c)};function Pa(a){this.b=a;this.a=0}function Qa(a){a=a.match(Ra);for(var b=0;b<a.length;b++)Sa.test(a[b])&&a.splice(b,1);return new Pa(a)}var Ra=/\\$?(?:(?![0-9-\\.])(?:\\*|[\\w-\\.]+):)?(?![0-9-\\.])(?:\\*|[\\w-\\.]+)|\\/\\/|\\.\\.|::|\\d+(?:\\.\\d*)?|\\.\\d+|\"[^\"]*\"|'[^']*'|[!<>]=|\\s+|./g,Sa=/^\\s/;function y(a,b){return a.b[a.a+(b||0)]}function z(a){return a.b[a.a++]}function Ta(a){return a.b.length<=a.a};function Ua(a,b){this.x=void 0!==a?a:0;this.y=void 0!==b?b:0}Ua.prototype.ceil=function(){this.x=Math.ceil(this.x);this.y=Math.ceil(this.y);return this};Ua.prototype.floor=function(){this.x=Math.floor(this.x);this.y=Math.floor(this.y);return this};Ua.prototype.round=function(){this.x=Math.round(this.x);this.y=Math.round(this.y);return this};function Va(a,b){this.width=a;this.height=b}Va.prototype.aspectRatio=function(){return this.width/this.height};Va.prototype.ceil=function(){this.width=Math.ceil(this.width);this.height=Math.ceil(this.height);return this};Va.prototype.floor=function(){this.width=Math.floor(this.width);this.height=Math.floor(this.height);return this};Va.prototype.round=function(){this.width=Math.round(this.width);this.height=Math.round(this.height);return this};function Wa(a,b){if(!a||!b)return!1;if(a.contains&&1==b.nodeType)return a==b||a.contains(b);if(\"undefined\"!=typeof a.compareDocumentPosition)return a==b||!!(a.compareDocumentPosition(b)&16);for(;b&&a!=b;)b=b.parentNode;return b==a}\nfunction Xa(a,b){if(a==b)return 0;if(a.compareDocumentPosition)return a.compareDocumentPosition(b)&2?1:-1;if(v&&!(9<=Number(La))){if(9==a.nodeType)return-1;if(9==b.nodeType)return 1}if(\"sourceIndex\"in a||a.parentNode&&\"sourceIndex\"in a.parentNode){var c=1==a.nodeType,d=1==b.nodeType;if(c&&d)return a.sourceIndex-b.sourceIndex;var e=a.parentNode,f=b.parentNode;return e==f?Ya(a,b):!c&&Wa(e,b)?-1*Za(a,b):!d&&Wa(f,a)?Za(b,a):(c?a.sourceIndex:e.sourceIndex)-(d?b.sourceIndex:f.sourceIndex)}d=A(a);c=d.createRange();\nc.selectNode(a);c.collapse(!0);a=d.createRange();a.selectNode(b);a.collapse(!0);return c.compareBoundaryPoints(k.Range.START_TO_END,a)}function Za(a,b){var c=a.parentNode;if(c==b)return-1;for(;b.parentNode!=c;)b=b.parentNode;return Ya(b,a)}function Ya(a,b){for(;b=b.previousSibling;)if(b==a)return-1;return 1}function A(a){return 9==a.nodeType?a:a.ownerDocument||a.document}function $a(a,b){a&&(a=a.parentNode);for(var c=0;a;){if(b(a))return a;a=a.parentNode;c++}return null}\nfunction ab(a){this.a=a||k.document||document}ab.prototype.getElementsByTagName=function(a,b){return(b||this.a).getElementsByTagName(String(a))};function B(a){var b=null,c=a.nodeType;1==c&&(b=a.textContent,b=void 0==b||null==b?a.innerText:b,b=void 0==b||null==b?\"\":b);if(\"string\"!=typeof b)if(x&&\"title\"==a.nodeName.toLowerCase()&&1==c)b=a.text;else if(9==c||1==c){a=9==c?a.documentElement:a.firstChild;c=0;var d=[];for(b=\"\";a;){do 1!=a.nodeType&&(b+=a.nodeValue),x&&\"title\"==a.nodeName.toLowerCase()&&(b+=a.text),d[c++]=a;while(a=a.firstChild);for(;c&&!(a=d[--c].nextSibling););}}else b=a.nodeValue;return b}\nfunction C(a,b,c){if(null===b)return!0;try{if(!a.getAttribute)return!1}catch(d){return!1}Ma&&\"class\"==b&&(b=\"className\");return null==c?!!a.getAttribute(b):a.getAttribute(b,2)==c}function bb(a,b,c,d,e){return(x?cb:db).call(null,a,b,aa(c)?c:null,aa(d)?d:null,e||new E)}\nfunction cb(a,b,c,d,e){if(a instanceof F||8==a.b||c&&null===a.b){var f=b.all;if(!f)return e;a=eb(a);if(\"*\"!=a&&(f=b.getElementsByTagName(a),!f))return e;if(c){for(var g=[],h=0;b=f[h++];)C(b,c,d)&&g.push(b);f=g}for(h=0;b=f[h++];)\"*\"==a&&\"!\"==b.tagName||e.add(b);return e}gb(a,b,c,d,e);return e}\nfunction db(a,b,c,d,e){b.getElementsByName&&d&&\"name\"==c&&!v?(b=b.getElementsByName(d),n(b,function(f){a.a(f)&&e.add(f)})):b.getElementsByClassName&&d&&\"class\"==c?(b=b.getElementsByClassName(d),n(b,function(f){f.className==d&&a.a(f)&&e.add(f)})):a instanceof G?gb(a,b,c,d,e):b.getElementsByTagName&&(b=b.getElementsByTagName(a.f()),n(b,function(f){C(f,c,d)&&e.add(f)}));return e}\nfunction hb(a,b,c,d,e){var f;if((a instanceof F||8==a.b||c&&null===a.b)&&(f=b.childNodes)){var g=eb(a);if(\"*\"!=g&&(f=ka(f,function(h){return h.tagName&&h.tagName.toLowerCase()==g}),!f))return e;c&&(f=ka(f,function(h){return C(h,c,d)}));n(f,function(h){\"*\"==g&&(\"!\"==h.tagName||\"*\"==g&&1!=h.nodeType)||e.add(h)});return e}return ib(a,b,c,d,e)}function ib(a,b,c,d,e){for(b=b.firstChild;b;b=b.nextSibling)C(b,c,d)&&a.a(b)&&e.add(b);return e}\nfunction gb(a,b,c,d,e){for(b=b.firstChild;b;b=b.nextSibling)C(b,c,d)&&a.a(b)&&e.add(b),gb(a,b,c,d,e)}function eb(a){if(a instanceof G){if(8==a.b)return\"!\";if(null===a.b)return\"*\"}return a.f()};function E(){this.b=this.a=null;this.l=0}function jb(a){this.f=a;this.a=this.b=null}function kb(a,b){if(!a.a)return b;if(!b.a)return a;var c=a.a;b=b.a;for(var d=null,e,f=0;c&&b;){e=c.f;var g=b.f;e==g||e instanceof Na&&g instanceof Na&&e.a==g.a?(e=c,c=c.a,b=b.a):0<Xa(c.f,b.f)?(e=b,b=b.a):(e=c,c=c.a);(e.b=d)?d.a=e:a.a=e;d=e;f++}for(e=c||b;e;)e.b=d,d=d.a=e,f++,e=e.a;a.b=d;a.l=f;return a}function lb(a,b){b=new jb(b);b.a=a.a;a.b?a.a.b=b:a.a=a.b=b;a.a=b;a.l++}\nE.prototype.add=function(a){a=new jb(a);a.b=this.b;this.a?this.b.a=a:this.a=this.b=a;this.b=a;this.l++};function mb(a){return(a=a.a)?a.f:null}function nb(a){return(a=mb(a))?B(a):\"\"}function H(a,b){return new ob(a,!!b)}function ob(a,b){this.f=a;this.b=(this.s=b)?a.b:a.a;this.a=null}function I(a){var b=a.b;if(null==b)return null;var c=a.a=b;a.b=a.s?b.b:b.a;return c.f};function J(a){this.i=a;this.b=this.g=!1;this.f=null}function K(a){return\"\\n  \"+a.toString().split(\"\\n\").join(\"\\n  \")}function pb(a,b){a.g=b}function qb(a,b){a.b=b}function N(a,b){a=a.a(b);return a instanceof E?+nb(a):+a}function O(a,b){a=a.a(b);return a instanceof E?nb(a):\"\"+a}function rb(a,b){a=a.a(b);return a instanceof E?!!a.l:!!a};function sb(a,b,c){J.call(this,a.i);this.c=a;this.h=b;this.o=c;this.g=b.g||c.g;this.b=b.b||c.b;this.c==tb&&(c.b||c.g||4==c.i||0==c.i||!b.f?b.b||b.g||4==b.i||0==b.i||!c.f||(this.f={name:c.f.name,u:b}):this.f={name:b.f.name,u:c})}l(sb,J);\nfunction ub(a,b,c,d,e){b=b.a(d);c=c.a(d);var f;if(b instanceof E&&c instanceof E){b=H(b);for(d=I(b);d;d=I(b))for(e=H(c),f=I(e);f;f=I(e))if(a(B(d),B(f)))return!0;return!1}if(b instanceof E||c instanceof E){b instanceof E?(e=b,d=c):(e=c,d=b);f=H(e);for(var g=typeof d,h=I(f);h;h=I(f)){switch(g){case \"number\":h=+B(h);break;case \"boolean\":h=!!B(h);break;case \"string\":h=B(h);break;default:throw Error(\"Illegal primitive type for comparison.\");}if(e==b&&a(h,d)||e==c&&a(d,h))return!0}return!1}return e?\"boolean\"==\ntypeof b||\"boolean\"==typeof c?a(!!b,!!c):\"number\"==typeof b||\"number\"==typeof c?a(+b,+c):a(b,c):a(+b,+c)}sb.prototype.a=function(a){return this.c.m(this.h,this.o,a)};sb.prototype.toString=function(){var a=\"Binary Expression: \"+this.c;a+=K(this.h);return a+=K(this.o)};function vb(a,b,c,d){this.I=a;this.D=b;this.i=c;this.m=d}vb.prototype.toString=function(){return this.I};var wb={};\nfunction P(a,b,c,d){if(wb.hasOwnProperty(a))throw Error(\"Binary operator already created: \"+a);a=new vb(a,b,c,d);return wb[a.toString()]=a}P(\"div\",6,1,function(a,b,c){return N(a,c)/N(b,c)});P(\"mod\",6,1,function(a,b,c){return N(a,c)%N(b,c)});P(\"*\",6,1,function(a,b,c){return N(a,c)*N(b,c)});P(\"+\",5,1,function(a,b,c){return N(a,c)+N(b,c)});P(\"-\",5,1,function(a,b,c){return N(a,c)-N(b,c)});P(\"<\",4,2,function(a,b,c){return ub(function(d,e){return d<e},a,b,c)});\nP(\">\",4,2,function(a,b,c){return ub(function(d,e){return d>e},a,b,c)});P(\"<=\",4,2,function(a,b,c){return ub(function(d,e){return d<=e},a,b,c)});P(\">=\",4,2,function(a,b,c){return ub(function(d,e){return d>=e},a,b,c)});var tb=P(\"=\",3,2,function(a,b,c){return ub(function(d,e){return d==e},a,b,c,!0)});P(\"!=\",3,2,function(a,b,c){return ub(function(d,e){return d!=e},a,b,c,!0)});P(\"and\",2,2,function(a,b,c){return rb(a,c)&&rb(b,c)});P(\"or\",1,2,function(a,b,c){return rb(a,c)||rb(b,c)});function xb(a,b){if(b.a.length&&4!=a.i)throw Error(\"Primary expression must evaluate to nodeset if filter has predicate(s).\");J.call(this,a.i);this.c=a;this.h=b;this.g=a.g;this.b=a.b}l(xb,J);xb.prototype.a=function(a){a=this.c.a(a);return yb(this.h,a)};xb.prototype.toString=function(){var a=\"Filter:\"+K(this.c);return a+=K(this.h)};function zb(a,b){if(b.length<a.C)throw Error(\"Function \"+a.j+\" expects at least\"+a.C+\" arguments, \"+b.length+\" given\");if(null!==a.B&&b.length>a.B)throw Error(\"Function \"+a.j+\" expects at most \"+a.B+\" arguments, \"+b.length+\" given\");a.H&&n(b,function(c,d){if(4!=c.i)throw Error(\"Argument \"+d+\" to function \"+a.j+\" is not of type Nodeset: \"+c);});J.call(this,a.i);this.v=a;this.c=b;pb(this,a.g||ma(b,function(c){return c.g}));qb(this,a.G&&!b.length||a.F&&!!b.length||ma(b,function(c){return c.b}))}\nl(zb,J);zb.prototype.a=function(a){return this.v.m.apply(null,pa(a,this.c))};zb.prototype.toString=function(){var a=\"Function: \"+this.v;if(this.c.length){var b=la(this.c,function(c,d){return c+K(d)},\"Arguments:\");a+=K(b)}return a};function Ab(a,b,c,d,e,f,g,h){this.j=a;this.i=b;this.g=c;this.G=d;this.F=!1;this.m=e;this.C=f;this.B=void 0!==g?g:f;this.H=!!h}Ab.prototype.toString=function(){return this.j};var Bb={};\nfunction Q(a,b,c,d,e,f,g,h){if(Bb.hasOwnProperty(a))throw Error(\"Function already created: \"+a+\".\");Bb[a]=new Ab(a,b,c,d,e,f,g,h)}Q(\"boolean\",2,!1,!1,function(a,b){return rb(b,a)},1);Q(\"ceiling\",1,!1,!1,function(a,b){return Math.ceil(N(b,a))},1);Q(\"concat\",3,!1,!1,function(a,b){return la(qa(arguments,1),function(c,d){return c+O(d,a)},\"\")},2,null);Q(\"contains\",2,!1,!1,function(a,b,c){b=O(b,a);a=O(c,a);return-1!=b.indexOf(a)},2);Q(\"count\",1,!1,!1,function(a,b){return b.a(a).l},1,1,!0);\nQ(\"false\",2,!1,!1,function(){return!1},0);Q(\"floor\",1,!1,!1,function(a,b){return Math.floor(N(b,a))},1);Q(\"id\",4,!1,!1,function(a,b){function c(h){if(x){var m=e.all[h];if(m){if(m.nodeType&&h==m.id)return m;if(m.length)return oa(m,function(w){return h==w.id})}return null}return e.getElementById(h)}var d=a.a,e=9==d.nodeType?d:d.ownerDocument;a=O(b,a).split(/\\s+/);var f=[];n(a,function(h){h=c(h);!h||0<=ja(f,h)||f.push(h)});f.sort(Xa);var g=new E;n(f,function(h){g.add(h)});return g},1);\nQ(\"lang\",2,!1,!1,function(){return!1},1);Q(\"last\",1,!0,!1,function(a){if(1!=arguments.length)throw Error(\"Function last expects ()\");return a.f},0);Q(\"local-name\",3,!1,!0,function(a,b){return(a=b?mb(b.a(a)):a.a)?a.localName||a.nodeName.toLowerCase():\"\"},0,1,!0);Q(\"name\",3,!1,!0,function(a,b){return(a=b?mb(b.a(a)):a.a)?a.nodeName.toLowerCase():\"\"},0,1,!0);Q(\"namespace-uri\",3,!0,!1,function(){return\"\"},0,1,!0);\nQ(\"normalize-space\",3,!1,!0,function(a,b){return(b?O(b,a):B(a.a)).replace(/[\\s\\xa0]+/g,\" \").replace(/^\\s+|\\s+$/g,\"\")},0,1);Q(\"not\",2,!1,!1,function(a,b){return!rb(b,a)},1);Q(\"number\",1,!1,!0,function(a,b){return b?N(b,a):+B(a.a)},0,1);Q(\"position\",1,!0,!1,function(a){return a.b},0);Q(\"round\",1,!1,!1,function(a,b){return Math.round(N(b,a))},1);Q(\"starts-with\",2,!1,!1,function(a,b,c){b=O(b,a);a=O(c,a);return 0==b.lastIndexOf(a,0)},2);Q(\"string\",3,!1,!0,function(a,b){return b?O(b,a):B(a.a)},0,1);\nQ(\"string-length\",1,!1,!0,function(a,b){return(b?O(b,a):B(a.a)).length},0,1);Q(\"substring\",3,!1,!1,function(a,b,c,d){c=N(c,a);if(isNaN(c)||Infinity==c||-Infinity==c)return\"\";d=d?N(d,a):Infinity;if(isNaN(d)||-Infinity===d)return\"\";c=Math.round(c)-1;var e=Math.max(c,0);a=O(b,a);return Infinity==d?a.substring(e):a.substring(e,c+Math.round(d))},2,3);Q(\"substring-after\",3,!1,!1,function(a,b,c){b=O(b,a);a=O(c,a);c=b.indexOf(a);return-1==c?\"\":b.substring(c+a.length)},2);\nQ(\"substring-before\",3,!1,!1,function(a,b,c){b=O(b,a);a=O(c,a);a=b.indexOf(a);return-1==a?\"\":b.substring(0,a)},2);Q(\"sum\",1,!1,!1,function(a,b){a=H(b.a(a));b=0;for(var c=I(a);c;c=I(a))b+=+B(c);return b},1,1,!0);Q(\"translate\",3,!1,!1,function(a,b,c,d){b=O(b,a);c=O(c,a);var e=O(d,a);a={};for(d=0;d<c.length;d++){var f=c.charAt(d);f in a||(a[f]=e.charAt(d))}c=\"\";for(d=0;d<b.length;d++)f=b.charAt(d),c+=f in a?a[f]:f;return c},3);Q(\"true\",2,!1,!1,function(){return!0},0);function G(a,b){this.h=a;this.c=void 0!==b?b:null;this.b=null;switch(a){case \"comment\":this.b=8;break;case \"text\":this.b=3;break;case \"processing-instruction\":this.b=7;break;case \"node\":break;default:throw Error(\"Unexpected argument\");}}function Cb(a){return\"comment\"==a||\"text\"==a||\"processing-instruction\"==a||\"node\"==a}G.prototype.a=function(a){return null===this.b||this.b==a.nodeType};G.prototype.f=function(){return this.h};\nG.prototype.toString=function(){var a=\"Kind Test: \"+this.h;null===this.c||(a+=K(this.c));return a};function Db(a){J.call(this,3);this.c=a.substring(1,a.length-1)}l(Db,J);Db.prototype.a=function(){return this.c};Db.prototype.toString=function(){return\"Literal: \"+this.c};function F(a,b){this.j=a.toLowerCase();a=\"*\"==this.j?\"*\":\"http://www.w3.org/1999/xhtml\";this.c=b?b.toLowerCase():a}F.prototype.a=function(a){var b=a.nodeType;if(1!=b&&2!=b)return!1;b=void 0!==a.localName?a.localName:a.nodeName;return\"*\"!=this.j&&this.j!=b.toLowerCase()?!1:\"*\"==this.c?!0:this.c==(a.namespaceURI?a.namespaceURI.toLowerCase():\"http://www.w3.org/1999/xhtml\")};F.prototype.f=function(){return this.j};\nF.prototype.toString=function(){return\"Name Test: \"+(\"http://www.w3.org/1999/xhtml\"==this.c?\"\":this.c+\":\")+this.j};function Eb(a){J.call(this,1);this.c=a}l(Eb,J);Eb.prototype.a=function(){return this.c};Eb.prototype.toString=function(){return\"Number: \"+this.c};function Fb(a,b){J.call(this,a.i);this.h=a;this.c=b;this.g=a.g;this.b=a.b;1==this.c.length&&(a=this.c[0],a.A||a.c!=Gb||(a=a.o,\"*\"!=a.f()&&(this.f={name:a.f(),u:null})))}l(Fb,J);function Hb(){J.call(this,4)}l(Hb,J);Hb.prototype.a=function(a){var b=new E;a=a.a;9==a.nodeType?b.add(a):b.add(a.ownerDocument);return b};Hb.prototype.toString=function(){return\"Root Helper Expression\"};function Ib(){J.call(this,4)}l(Ib,J);Ib.prototype.a=function(a){var b=new E;b.add(a.a);return b};Ib.prototype.toString=function(){return\"Context Helper Expression\"};\nfunction Jb(a){return\"/\"==a||\"//\"==a}Fb.prototype.a=function(a){var b=this.h.a(a);if(!(b instanceof E))throw Error(\"Filter expression must evaluate to nodeset.\");a=this.c;for(var c=0,d=a.length;c<d&&b.l;c++){var e=a[c],f=H(b,e.c.s);if(e.g||e.c!=Kb)if(e.g||e.c!=Lb){var g=I(f);for(b=e.a(new ia(g));null!=(g=I(f));)g=e.a(new ia(g)),b=kb(b,g)}else g=I(f),b=e.a(new ia(g));else{for(g=I(f);(b=I(f))&&(!g.contains||g.contains(b))&&b.compareDocumentPosition(g)&8;g=b);b=e.a(new ia(g))}}return b};\nFb.prototype.toString=function(){var a=\"Path Expression:\"+K(this.h);if(this.c.length){var b=la(this.c,function(c,d){return c+K(d)},\"Steps:\");a+=K(b)}return a};function Mb(a,b){this.a=a;this.s=!!b}\nfunction yb(a,b,c){for(c=c||0;c<a.a.length;c++)for(var d=a.a[c],e=H(b),f=b.l,g,h=0;g=I(e);h++){var m=a.s?f-h:h+1;g=d.a(new ia(g,m,f));if(\"number\"==typeof g)m=m==g;else if(\"string\"==typeof g||\"boolean\"==typeof g)m=!!g;else if(g instanceof E)m=0<g.l;else throw Error(\"Predicate.evaluate returned an unexpected type.\");if(!m){m=e;g=m.f;var w=m.a;if(!w)throw Error(\"Next must be called at least once before remove.\");var r=w.b;w=w.a;r?r.a=w:g.a=w;w?w.b=r:g.b=r;g.l--;m.a=null}}return b}\nMb.prototype.toString=function(){return la(this.a,function(a,b){return a+K(b)},\"Predicates:\")};function R(a,b,c,d){J.call(this,4);this.c=a;this.o=b;this.h=c||new Mb([]);this.A=!!d;b=this.h;b=0<b.a.length?b.a[0].f:null;a.J&&b&&(a=b.name,a=x?a.toLowerCase():a,this.f={name:a,u:b.u});a:{a=this.h;for(b=0;b<a.a.length;b++)if(c=a.a[b],c.g||1==c.i||0==c.i){a=!0;break a}a=!1}this.g=a}l(R,J);\nR.prototype.a=function(a){var b=a.a,c=this.f,d=null,e=null,f=0;c&&(d=c.name,e=c.u?O(c.u,a):null,f=1);if(this.A)if(this.g||this.c!=Nb)if(b=H((new R(Ob,new G(\"node\"))).a(a)),c=I(b))for(a=this.m(c,d,e,f);null!=(c=I(b));)a=kb(a,this.m(c,d,e,f));else a=new E;else a=bb(this.o,b,d,e),a=yb(this.h,a,f);else a=this.m(a.a,d,e,f);return a};R.prototype.m=function(a,b,c,d){a=this.c.v(this.o,a,b,c);return a=yb(this.h,a,d)};\nR.prototype.toString=function(){var a=\"Step:\"+K(\"Operator: \"+(this.A?\"//\":\"/\"));this.c.j&&(a+=K(\"Axis: \"+this.c));a+=K(this.o);if(this.h.a.length){var b=la(this.h.a,function(c,d){return c+K(d)},\"Predicates:\");a+=K(b)}return a};function Pb(a,b,c,d){this.j=a;this.v=b;this.s=c;this.J=d}Pb.prototype.toString=function(){return this.j};var Qb={};function S(a,b,c,d){if(Qb.hasOwnProperty(a))throw Error(\"Axis already created: \"+a);b=new Pb(a,b,c,!!d);return Qb[a]=b}\nS(\"ancestor\",function(a,b){for(var c=new E;b=b.parentNode;)a.a(b)&&lb(c,b);return c},!0);S(\"ancestor-or-self\",function(a,b){var c=new E;do a.a(b)&&lb(c,b);while(b=b.parentNode);return c},!0);\nvar Gb=S(\"attribute\",function(a,b){var c=new E,d=a.f();if(\"style\"==d&&x&&b.style)return c.add(new Na(b.style,b,\"style\",b.style.cssText)),c;var e=b.attributes;if(e)if(a instanceof G&&null===a.b||\"*\"==d)for(a=0;d=e[a];a++)x?d.nodeValue&&c.add(Oa(b,d)):c.add(d);else(d=e.getNamedItem(d))&&(x?d.nodeValue&&c.add(Oa(b,d)):c.add(d));return c},!1),Nb=S(\"child\",function(a,b,c,d,e){return(x?hb:ib).call(null,a,b,aa(c)?c:null,aa(d)?d:null,e||new E)},!1,!0);S(\"descendant\",bb,!1,!0);\nvar Ob=S(\"descendant-or-self\",function(a,b,c,d){var e=new E;C(b,c,d)&&a.a(b)&&e.add(b);return bb(a,b,c,d,e)},!1,!0),Kb=S(\"following\",function(a,b,c,d){var e=new E;do for(var f=b;f=f.nextSibling;)C(f,c,d)&&a.a(f)&&e.add(f),e=bb(a,f,c,d,e);while(b=b.parentNode);return e},!1,!0);S(\"following-sibling\",function(a,b){for(var c=new E;b=b.nextSibling;)a.a(b)&&c.add(b);return c},!1);S(\"namespace\",function(){return new E},!1);\nvar Rb=S(\"parent\",function(a,b){var c=new E;if(9==b.nodeType)return c;if(2==b.nodeType)return c.add(b.ownerElement),c;b=b.parentNode;a.a(b)&&c.add(b);return c},!1),Lb=S(\"preceding\",function(a,b,c,d){var e=new E,f=[];do f.unshift(b);while(b=b.parentNode);for(var g=1,h=f.length;g<h;g++){var m=[];for(b=f[g];b=b.previousSibling;)m.unshift(b);for(var w=0,r=m.length;w<r;w++)b=m[w],C(b,c,d)&&a.a(b)&&e.add(b),e=bb(a,b,c,d,e)}return e},!0,!0);\nS(\"preceding-sibling\",function(a,b){for(var c=new E;b=b.previousSibling;)a.a(b)&&lb(c,b);return c},!0);var Sb=S(\"self\",function(a,b){var c=new E;a.a(b)&&c.add(b);return c},!1);function Tb(a){J.call(this,1);this.c=a;this.g=a.g;this.b=a.b}l(Tb,J);Tb.prototype.a=function(a){return-N(this.c,a)};Tb.prototype.toString=function(){return\"Unary Expression: -\"+K(this.c)};function Ub(a){J.call(this,4);this.c=a;pb(this,ma(this.c,function(b){return b.g}));qb(this,ma(this.c,function(b){return b.b}))}l(Ub,J);Ub.prototype.a=function(a){var b=new E;n(this.c,function(c){c=c.a(a);if(!(c instanceof E))throw Error(\"Path expression must evaluate to NodeSet.\");b=kb(b,c)});return b};Ub.prototype.toString=function(){return la(this.c,function(a,b){return a+K(b)},\"Union Expression:\")};function Vb(a,b){this.a=a;this.b=b}function Yb(a){for(var b,c=[];;){T(a,\"Missing right hand side of binary expression.\");b=Zb(a);var d=z(a.a);if(!d)break;var e=(d=wb[d]||null)&&d.D;if(!e){a.a.a--;break}for(;c.length&&e<=c[c.length-1].D;)b=new sb(c.pop(),c.pop(),b);c.push(b,d)}for(;c.length;)b=new sb(c.pop(),c.pop(),b);return b}function T(a,b){if(Ta(a.a))throw Error(b);}function $b(a,b){a=z(a.a);if(a!=b)throw Error(\"Bad token, expected: \"+b+\" got: \"+a);}\nfunction ac(a){a=z(a.a);if(\")\"!=a)throw Error(\"Bad token: \"+a);}function bc(a){a=z(a.a);if(2>a.length)throw Error(\"Unclosed literal string\");return new Db(a)}\nfunction cc(a){var b=[];if(Jb(y(a.a))){var c=z(a.a);var d=y(a.a);if(\"/\"==c&&(Ta(a.a)||\".\"!=d&&\"..\"!=d&&\"@\"!=d&&\"*\"!=d&&!/(?![0-9])[\\w]/.test(d)))return new Hb;d=new Hb;T(a,\"Missing next location step.\");c=dc(a,c);b.push(c)}else{a:{c=y(a.a);d=c.charAt(0);switch(d){case \"$\":throw Error(\"Variable reference not allowed in HTML XPath\");case \"(\":z(a.a);c=Yb(a);T(a,'unclosed \"(\"');$b(a,\")\");break;case '\"':case \"'\":c=bc(a);break;default:if(isNaN(+c))if(!Cb(c)&&/(?![0-9])[\\w]/.test(d)&&\"(\"==y(a.a,1)){c=z(a.a);\nc=Bb[c]||null;z(a.a);for(d=[];\")\"!=y(a.a);){T(a,\"Missing function argument list.\");d.push(Yb(a));if(\",\"!=y(a.a))break;z(a.a)}T(a,\"Unclosed function argument list.\");ac(a);c=new zb(c,d)}else{c=null;break a}else c=new Eb(+z(a.a))}\"[\"==y(a.a)&&(d=new Mb(ec(a)),c=new xb(c,d))}if(c)if(Jb(y(a.a)))d=c;else return c;else c=dc(a,\"/\"),d=new Ib,b.push(c)}for(;Jb(y(a.a));)c=z(a.a),T(a,\"Missing next location step.\"),c=dc(a,c),b.push(c);return new Fb(d,b)}\nfunction dc(a,b){if(\"/\"!=b&&\"//\"!=b)throw Error('Step op should be \"/\" or \"//\"');if(\".\"==y(a.a)){var c=new R(Sb,new G(\"node\"));z(a.a);return c}if(\"..\"==y(a.a))return c=new R(Rb,new G(\"node\")),z(a.a),c;if(\"@\"==y(a.a)){var d=Gb;z(a.a);T(a,\"Missing attribute name\")}else if(\"::\"==y(a.a,1)){if(!/(?![0-9])[\\w]/.test(y(a.a).charAt(0)))throw Error(\"Bad token: \"+z(a.a));var e=z(a.a);d=Qb[e]||null;if(!d)throw Error(\"No axis with name: \"+e);z(a.a);T(a,\"Missing node name\")}else d=Nb;e=y(a.a);if(/(?![0-9])[\\w\\*]/.test(e.charAt(0)))if(\"(\"==\ny(a.a,1)){if(!Cb(e))throw Error(\"Invalid node type: \"+e);e=z(a.a);if(!Cb(e))throw Error(\"Invalid type name: \"+e);$b(a,\"(\");T(a,\"Bad nodetype\");var f=y(a.a).charAt(0),g=null;if('\"'==f||\"'\"==f)g=bc(a);T(a,\"Bad nodetype\");ac(a);e=new G(e,g)}else if(e=z(a.a),f=e.indexOf(\":\"),-1==f)e=new F(e);else{g=e.substring(0,f);if(\"*\"==g)var h=\"*\";else if(h=a.b(g),!h)throw Error(\"Namespace prefix not declared: \"+g);e=e.substr(f+1);e=new F(e,h)}else throw Error(\"Bad token: \"+z(a.a));a=new Mb(ec(a),d.s);return c||new R(d,\ne,a,\"//\"==b)}function ec(a){for(var b=[];\"[\"==y(a.a);){z(a.a);T(a,\"Missing predicate expression.\");var c=Yb(a);b.push(c);T(a,\"Unclosed predicate expression.\");$b(a,\"]\")}return b}function Zb(a){if(\"-\"==y(a.a))return z(a.a),new Tb(Zb(a));var b=cc(a);if(\"|\"!=y(a.a))a=b;else{for(b=[b];\"|\"==z(a.a);)T(a,\"Missing next union location path.\"),b.push(cc(a));a.a.a--;a=new Ub(b)}return a};function fc(a){switch(a.nodeType){case 1:return ha(gc,a);case 9:return fc(a.documentElement);case 11:case 10:case 6:case 12:return hc;default:return a.parentNode?fc(a.parentNode):hc}}function hc(){return null}function gc(a,b){if(a.prefix==b)return a.namespaceURI||\"http://www.w3.org/1999/xhtml\";var c=a.getAttributeNode(\"xmlns:\"+b);return c&&c.specified?c.value||null:a.parentNode&&9!=a.parentNode.nodeType?gc(a.parentNode,b):null};function ic(a,b){if(!a.length)throw Error(\"Empty XPath expression.\");a=Qa(a);if(Ta(a))throw Error(\"Invalid XPath expression.\");b?\"function\"==ca(b)||(b=fa(b.lookupNamespaceURI,b)):b=function(){return null};var c=Yb(new Vb(a,b));if(!Ta(a))throw Error(\"Bad token: \"+z(a));this.evaluate=function(d,e){d=c.a(new ia(d));return new U(d,e)}}\nfunction U(a,b){if(0==b)if(a instanceof E)b=4;else if(\"string\"==typeof a)b=2;else if(\"number\"==typeof a)b=1;else if(\"boolean\"==typeof a)b=3;else throw Error(\"Unexpected evaluation result.\");if(2!=b&&1!=b&&3!=b&&!(a instanceof E))throw Error(\"value could not be converted to the specified type\");this.resultType=b;switch(b){case 2:this.stringValue=a instanceof E?nb(a):\"\"+a;break;case 1:this.numberValue=a instanceof E?+nb(a):+a;break;case 3:this.booleanValue=a instanceof E?0<a.l:!!a;break;case 4:case 5:case 6:case 7:var c=\nH(a);var d=[];for(var e=I(c);e;e=I(c))d.push(e instanceof Na?e.a:e);this.snapshotLength=a.l;this.invalidIteratorState=!1;break;case 8:case 9:a=mb(a);this.singleNodeValue=a instanceof Na?a.a:a;break;default:throw Error(\"Unknown XPathResult type.\");}var f=0;this.iterateNext=function(){if(4!=b&&5!=b)throw Error(\"iterateNext called with wrong result type\");return f>=d.length?null:d[f++]};this.snapshotItem=function(g){if(6!=b&&7!=b)throw Error(\"snapshotItem called with wrong result type\");return g>=d.length||\n0>g?null:d[g]}}U.ANY_TYPE=0;U.NUMBER_TYPE=1;U.STRING_TYPE=2;U.BOOLEAN_TYPE=3;U.UNORDERED_NODE_ITERATOR_TYPE=4;U.ORDERED_NODE_ITERATOR_TYPE=5;U.UNORDERED_NODE_SNAPSHOT_TYPE=6;U.ORDERED_NODE_SNAPSHOT_TYPE=7;U.ANY_UNORDERED_NODE_TYPE=8;U.FIRST_ORDERED_NODE_TYPE=9;function jc(a){this.lookupNamespaceURI=fc(a)}\nfunction kc(a,b){a=a||k;var c=a.Document&&a.Document.prototype||a.document;if(!c.evaluate||b)a.XPathResult=U,c.evaluate=function(d,e,f,g){return(new ic(d,f)).evaluate(e,g)},c.createExpression=function(d,e){return new ic(d,e)},c.createNSResolver=function(d){return new jc(d)}}ba(\"wgxpath.install\",kc);ba(\"wgxpath.install\",kc);var lc={aliceblue:\"#f0f8ff\",antiquewhite:\"#faebd7\",aqua:\"#00ffff\",aquamarine:\"#7fffd4\",azure:\"#f0ffff\",beige:\"#f5f5dc\",bisque:\"#ffe4c4\",black:\"#000000\",blanchedalmond:\"#ffebcd\",blue:\"#0000ff\",blueviolet:\"#8a2be2\",brown:\"#a52a2a\",burlywood:\"#deb887\",cadetblue:\"#5f9ea0\",chartreuse:\"#7fff00\",chocolate:\"#d2691e\",coral:\"#ff7f50\",cornflowerblue:\"#6495ed\",cornsilk:\"#fff8dc\",crimson:\"#dc143c\",cyan:\"#00ffff\",darkblue:\"#00008b\",darkcyan:\"#008b8b\",darkgoldenrod:\"#b8860b\",darkgray:\"#a9a9a9\",darkgreen:\"#006400\",\ndarkgrey:\"#a9a9a9\",darkkhaki:\"#bdb76b\",darkmagenta:\"#8b008b\",darkolivegreen:\"#556b2f\",darkorange:\"#ff8c00\",darkorchid:\"#9932cc\",darkred:\"#8b0000\",darksalmon:\"#e9967a\",darkseagreen:\"#8fbc8f\",darkslateblue:\"#483d8b\",darkslategray:\"#2f4f4f\",darkslategrey:\"#2f4f4f\",darkturquoise:\"#00ced1\",darkviolet:\"#9400d3\",deeppink:\"#ff1493\",deepskyblue:\"#00bfff\",dimgray:\"#696969\",dimgrey:\"#696969\",dodgerblue:\"#1e90ff\",firebrick:\"#b22222\",floralwhite:\"#fffaf0\",forestgreen:\"#228b22\",fuchsia:\"#ff00ff\",gainsboro:\"#dcdcdc\",\nghostwhite:\"#f8f8ff\",gold:\"#ffd700\",goldenrod:\"#daa520\",gray:\"#808080\",green:\"#008000\",greenyellow:\"#adff2f\",grey:\"#808080\",honeydew:\"#f0fff0\",hotpink:\"#ff69b4\",indianred:\"#cd5c5c\",indigo:\"#4b0082\",ivory:\"#fffff0\",khaki:\"#f0e68c\",lavender:\"#e6e6fa\",lavenderblush:\"#fff0f5\",lawngreen:\"#7cfc00\",lemonchiffon:\"#fffacd\",lightblue:\"#add8e6\",lightcoral:\"#f08080\",lightcyan:\"#e0ffff\",lightgoldenrodyellow:\"#fafad2\",lightgray:\"#d3d3d3\",lightgreen:\"#90ee90\",lightgrey:\"#d3d3d3\",lightpink:\"#ffb6c1\",lightsalmon:\"#ffa07a\",\nlightseagreen:\"#20b2aa\",lightskyblue:\"#87cefa\",lightslategray:\"#778899\",lightslategrey:\"#778899\",lightsteelblue:\"#b0c4de\",lightyellow:\"#ffffe0\",lime:\"#00ff00\",limegreen:\"#32cd32\",linen:\"#faf0e6\",magenta:\"#ff00ff\",maroon:\"#800000\",mediumaquamarine:\"#66cdaa\",mediumblue:\"#0000cd\",mediumorchid:\"#ba55d3\",mediumpurple:\"#9370db\",mediumseagreen:\"#3cb371\",mediumslateblue:\"#7b68ee\",mediumspringgreen:\"#00fa9a\",mediumturquoise:\"#48d1cc\",mediumvioletred:\"#c71585\",midnightblue:\"#191970\",mintcream:\"#f5fffa\",mistyrose:\"#ffe4e1\",\nmoccasin:\"#ffe4b5\",navajowhite:\"#ffdead\",navy:\"#000080\",oldlace:\"#fdf5e6\",olive:\"#808000\",olivedrab:\"#6b8e23\",orange:\"#ffa500\",orangered:\"#ff4500\",orchid:\"#da70d6\",palegoldenrod:\"#eee8aa\",palegreen:\"#98fb98\",paleturquoise:\"#afeeee\",palevioletred:\"#db7093\",papayawhip:\"#ffefd5\",peachpuff:\"#ffdab9\",peru:\"#cd853f\",pink:\"#ffc0cb\",plum:\"#dda0dd\",powderblue:\"#b0e0e6\",purple:\"#800080\",red:\"#ff0000\",rosybrown:\"#bc8f8f\",royalblue:\"#4169e1\",saddlebrown:\"#8b4513\",salmon:\"#fa8072\",sandybrown:\"#f4a460\",seagreen:\"#2e8b57\",\nseashell:\"#fff5ee\",sienna:\"#a0522d\",silver:\"#c0c0c0\",skyblue:\"#87ceeb\",slateblue:\"#6a5acd\",slategray:\"#708090\",slategrey:\"#708090\",snow:\"#fffafa\",springgreen:\"#00ff7f\",steelblue:\"#4682b4\",tan:\"#d2b48c\",teal:\"#008080\",thistle:\"#d8bfd8\",tomato:\"#ff6347\",turquoise:\"#40e0d0\",violet:\"#ee82ee\",wheat:\"#f5deb3\",white:\"#ffffff\",whitesmoke:\"#f5f5f5\",yellow:\"#ffff00\",yellowgreen:\"#9acd32\"};var mc=\"backgroundColor borderTopColor borderRightColor borderBottomColor borderLeftColor color outlineColor\".split(\" \"),nc=/#([0-9a-fA-F])([0-9a-fA-F])([0-9a-fA-F])/,oc=/^#(?:[0-9a-f]{3}){1,2}$/i,pc=/^(?:rgba)?\\((\\d{1,3}),\\s?(\\d{1,3}),\\s?(\\d{1,3}),\\s?(0|1|0\\.\\d*)\\)$/i,qc=/^(?:rgb)?\\((0|[1-9]\\d{0,2}),\\s?(0|[1-9]\\d{0,2}),\\s?(0|[1-9]\\d{0,2})\\)$/i;function rc(a,b){this.code=a;this.a=V[a]||sc;this.message=b||\"\";a=this.a.replace(/((?:^|\\s+)[a-z])/g,function(c){return c.toUpperCase().replace(/^[\\s\\xa0]+/g,\"\")});b=a.length-5;if(0>b||a.indexOf(\"Error\",b)!=b)a+=\"Error\";this.name=a;a=Error(this.message);a.name=this.name;this.stack=a.stack||\"\"}l(rc,Error);var sc=\"unknown error\",V={15:\"element not selectable\",11:\"element not visible\"};V[31]=sc;V[30]=sc;V[24]=\"invalid cookie domain\";V[29]=\"invalid element coordinates\";V[12]=\"invalid element state\";\nV[32]=\"invalid selector\";V[51]=\"invalid selector\";V[52]=\"invalid selector\";V[17]=\"javascript error\";V[405]=\"unsupported operation\";V[34]=\"move target out of bounds\";V[27]=\"no such alert\";V[7]=\"no such element\";V[8]=\"no such frame\";V[23]=\"no such window\";V[28]=\"script timeout\";V[33]=\"session not created\";V[10]=\"stale element reference\";V[21]=\"timeout\";V[25]=\"unable to set cookie\";V[26]=\"unexpected alert open\";V[13]=sc;V[9]=\"unknown command\";var tc=va(),uc=ya()||u(\"iPod\"),vc=u(\"iPad\"),wc=u(\"Android\")&&!(wa()||va()||u(\"Opera\")||u(\"Silk\")),xc=wa(),yc=u(\"Safari\")&&!(wa()||u(\"Coast\")||u(\"Opera\")||u(\"Edge\")||u(\"Edg/\")||u(\"OPR\")||va()||u(\"Silk\")||u(\"Android\"))&&!(ya()||u(\"iPad\")||u(\"iPod\"));function zc(a){return(a=a.exec(t))?a[1]:\"\"}(function(){if(tc)return zc(/Firefox\\/([0-9.]+)/);if(v||Ca||Ba)return Ga;if(xc)return ya()||u(\"iPad\")||u(\"iPod\")?zc(/CriOS\\/([0-9.]+)/):zc(/Chrome\\/([0-9.]+)/);if(yc&&!(ya()||u(\"iPad\")||u(\"iPod\")))return zc(/Version\\/([0-9.]+)/);if(uc||vc){var a=/Version\\/(\\S+).*Mobile\\/(\\S+)/.exec(t);if(a)return a[1]+\".\"+a[2]}else if(wc)return(a=zc(/Android\\s+([0-9.]+)/))?a:zc(/Version\\/([0-9.]+)/);return\"\"})();var Ac=v&&!(9<=Number(La));function W(a,b){b&&\"string\"!==typeof b&&(b=b.toString());return!!a&&1==a.nodeType&&(!b||a.tagName.toUpperCase()==b)};var Bc=function(){var a={K:\"http://www.w3.org/2000/svg\"};return function(b){return a[b]||null}}();\nfunction Cc(a,b){var c=A(a);if(!c.documentElement)return null;(v||wc)&&kc(c?c.parentWindow||c.defaultView:window);try{var d=c.createNSResolver?c.createNSResolver(c.documentElement):Bc;if(v&&!Ka(7))return c.evaluate.call(c,b,a,d,9,null);if(!v||9<=Number(La)){for(var e={},f=c.getElementsByTagName(\"*\"),g=0;g<f.length;++g){var h=f[g],m=h.namespaceURI;if(m&&!e[m]){var w=h.lookupPrefix(m);if(!w){var r=m.match(\".*/(\\\\w+)/?$\");w=r?r[1]:\"xhtml\"}e[m]=w}}var D={},L;for(L in e)D[e[L]]=L;d=function(M){return D[M]||\nnull}}try{return c.evaluate(b,a,d,9,null)}catch(M){if(\"TypeError\"===M.name)return d=c.createNSResolver?c.createNSResolver(c.documentElement):Bc,c.evaluate(b,a,d,9,null);throw M;}}catch(M){if(!Da||\"NS_ERROR_ILLEGAL_VALUE\"!=M.name)throw new rc(32,\"Unable to locate an element with the xpath expression \"+b+\" because of the following error:\\n\"+M);}}\nfunction Dc(a,b){var c=function(){var d=Cc(b,a);return d?d.singleNodeValue||null:b.selectSingleNode?(d=A(b),d.setProperty&&d.setProperty(\"SelectionLanguage\",\"XPath\"),b.selectSingleNode(a)):null}();if(null!==c&&(!c||1!=c.nodeType))throw new rc(32,'The result of the xpath expression \"'+a+'\" is: '+c+\". It should be an element.\");return c};function Ec(a,b,c,d){this.c=a;this.a=b;this.b=c;this.f=d}Ec.prototype.ceil=function(){this.c=Math.ceil(this.c);this.a=Math.ceil(this.a);this.b=Math.ceil(this.b);this.f=Math.ceil(this.f);return this};Ec.prototype.floor=function(){this.c=Math.floor(this.c);this.a=Math.floor(this.a);this.b=Math.floor(this.b);this.f=Math.floor(this.f);return this};Ec.prototype.round=function(){this.c=Math.round(this.c);this.a=Math.round(this.a);this.b=Math.round(this.b);this.f=Math.round(this.f);return this};function X(a,b,c,d){this.a=a;this.b=b;this.width=c;this.height=d}X.prototype.ceil=function(){this.a=Math.ceil(this.a);this.b=Math.ceil(this.b);this.width=Math.ceil(this.width);this.height=Math.ceil(this.height);return this};X.prototype.floor=function(){this.a=Math.floor(this.a);this.b=Math.floor(this.b);this.width=Math.floor(this.width);this.height=Math.floor(this.height);return this};\nX.prototype.round=function(){this.a=Math.round(this.a);this.b=Math.round(this.b);this.width=Math.round(this.width);this.height=Math.round(this.height);return this};var Fc=\"function\"===typeof ShadowRoot;function Gc(a){for(a=a.parentNode;a&&1!=a.nodeType&&9!=a.nodeType&&11!=a.nodeType;)a=a.parentNode;return W(a)?a:null}\nfunction Y(a,b){b=xa(b);if(\"float\"==b||\"cssFloat\"==b||\"styleFloat\"==b)b=Ac?\"styleFloat\":\"cssFloat\";a:{var c=b;var d=A(a);if(d.defaultView&&d.defaultView.getComputedStyle&&(d=d.defaultView.getComputedStyle(a,null))){c=d[c]||d.getPropertyValue(c)||\"\";break a}c=\"\"}a=c||Hc(a,b);if(null===a)a=null;else if(0<=ja(mc,b)){b:{var e=a.match(pc);if(e&&(b=Number(e[1]),c=Number(e[2]),d=Number(e[3]),e=Number(e[4]),0<=b&&255>=b&&0<=c&&255>=c&&0<=d&&255>=d&&0<=e&&1>=e)){b=[b,c,d,e];break b}b=null}if(!b)b:{if(d=a.match(qc))if(b=\nNumber(d[1]),c=Number(d[2]),d=Number(d[3]),0<=b&&255>=b&&0<=c&&255>=c&&0<=d&&255>=d){b=[b,c,d,1];break b}b=null}if(!b)b:{b=a.toLowerCase();c=lc[b.toLowerCase()];if(!c&&(c=\"#\"==b.charAt(0)?b:\"#\"+b,4==c.length&&(c=c.replace(nc,\"#$1$1$2$2$3$3\")),!oc.test(c))){b=null;break b}b=[parseInt(c.substr(1,2),16),parseInt(c.substr(3,2),16),parseInt(c.substr(5,2),16),1]}a=b?\"rgba(\"+b.join(\", \")+\")\":a}return a}\nfunction Hc(a,b){var c=a.currentStyle||a.style,d=c[b];void 0===d&&\"function\"==ca(c.getPropertyValue)&&(d=c.getPropertyValue(b));return\"inherit\"!=d?void 0!==d?d:null:(a=Gc(a))?Hc(a,b):null}\nfunction Ic(a,b,c){function d(g){var h=Jc(g);return 0<h.height&&0<h.width?!0:W(g,\"PATH\")&&(0<h.height||0<h.width)?(g=Y(g,\"stroke-width\"),!!g&&0<parseInt(g,10)):\"hidden\"!=Y(g,\"overflow\")&&ma(g.childNodes,function(m){return 3==m.nodeType||W(m)&&d(m)})}function e(g){return Kc(g)==Z&&na(g.childNodes,function(h){return!W(h)||e(h)||!d(h)})}if(!W(a))throw Error(\"Argument to isShown must be of type Element\");if(W(a,\"BODY\"))return!0;if(W(a,\"OPTION\")||W(a,\"OPTGROUP\"))return a=$a(a,function(g){return W(g,\"SELECT\")}),\n!!a&&Ic(a,!0,c);var f=Lc(a);if(f)return!!f.image&&0<f.rect.width&&0<f.rect.height&&Ic(f.image,b,c);if(W(a,\"INPUT\")&&\"hidden\"==a.type.toLowerCase()||W(a,\"NOSCRIPT\"))return!1;f=Y(a,\"visibility\");return\"collapse\"!=f&&\"hidden\"!=f&&c(a)&&(b||0!=Mc(a))&&d(a)?!e(a):!1}var Z=\"hidden\";\nfunction Kc(a){function b(p){function q(fb){if(fb==g)return!0;var Wb=Y(fb,\"display\");return 0==Wb.lastIndexOf(\"inline\",0)||\"contents\"==Wb||\"absolute\"==Xb&&\"static\"==Y(fb,\"position\")?!1:!0}var Xb=Y(p,\"position\");if(\"fixed\"==Xb)return w=!0,p==g?null:g;for(p=Gc(p);p&&!q(p);)p=Gc(p);return p}function c(p){var q=p;if(\"visible\"==m)if(p==g&&h)q=h;else if(p==h)return{x:\"visible\",y:\"visible\"};q={x:Y(q,\"overflow-x\"),y:Y(q,\"overflow-y\")};p==g&&(q.x=\"visible\"==q.x?\"auto\":q.x,q.y=\"visible\"==q.y?\"auto\":q.y);return q}\nfunction d(p){if(p==g){var q=(new ab(f)).a;p=q.scrollingElement?q.scrollingElement:Ea||\"CSS1Compat\"!=q.compatMode?q.body||q.documentElement:q.documentElement;q=q.parentWindow||q.defaultView;p=v&&Ka(\"10\")&&q.pageYOffset!=p.scrollTop?new Ua(p.scrollLeft,p.scrollTop):new Ua(q.pageXOffset||p.scrollLeft,q.pageYOffset||p.scrollTop)}else p=new Ua(p.scrollLeft,p.scrollTop);return p}var e=Nc(a),f=A(a),g=f.documentElement,h=f.body,m=Y(g,\"overflow\"),w;for(a=b(a);a;a=b(a)){var r=c(a);if(\"visible\"!=r.x||\"visible\"!=\nr.y){var D=Jc(a);if(0==D.width||0==D.height)return Z;var L=e.a<D.a,M=e.b<D.b;if(L&&\"hidden\"==r.x||M&&\"hidden\"==r.y)return Z;if(L&&\"visible\"!=r.x||M&&\"visible\"!=r.y){L=d(a);M=e.b<D.b-L.y;if(e.a<D.a-L.x&&\"visible\"!=r.x||M&&\"visible\"!=r.x)return Z;e=Kc(a);return e==Z?Z:\"scroll\"}L=e.f>=D.a+D.width;D=e.c>=D.b+D.height;if(L&&\"hidden\"==r.x||D&&\"hidden\"==r.y)return Z;if(L&&\"visible\"!=r.x||D&&\"visible\"!=r.y){if(w&&(r=d(a),e.f>=g.scrollWidth-r.x||e.a>=g.scrollHeight-r.y))return Z;e=Kc(a);return e==Z?Z:\"scroll\"}}}return\"none\"}\nfunction Jc(a){var b=Lc(a);if(b)return b.rect;if(W(a,\"HTML\"))return a=A(a),a=((a?a.parentWindow||a.defaultView:window)||window).document,a=\"CSS1Compat\"==a.compatMode?a.documentElement:a.body,a=new Va(a.clientWidth,a.clientHeight),new X(0,0,a.width,a.height);try{var c=a.getBoundingClientRect()}catch(d){return new X(0,0,0,0)}b=new X(c.left,c.top,c.right-c.left,c.bottom-c.top);v&&a.ownerDocument.body&&(a=A(a),b.a-=a.documentElement.clientLeft+a.body.clientLeft,b.b-=a.documentElement.clientTop+a.body.clientTop);\nreturn b}function Lc(a){var b=W(a,\"MAP\");if(!b&&!W(a,\"AREA\"))return null;var c=b?a:W(a.parentNode,\"MAP\")?a.parentNode:null,d=null,e=null;c&&c.name&&(d=Dc('/descendant::*[@usemap = \"#'+c.name+'\"]',A(c)))&&(e=Jc(d),b||\"default\"==a.shape.toLowerCase()||(a=Oc(a),b=Math.min(Math.max(a.a,0),e.width),c=Math.min(Math.max(a.b,0),e.height),e=new X(b+e.a,c+e.b,Math.min(a.width,e.width-b),Math.min(a.height,e.height-c))));return{image:d,rect:e||new X(0,0,0,0)}}\nfunction Oc(a){var b=a.shape.toLowerCase();a=a.coords.split(\",\");if(\"rect\"==b&&4==a.length){b=a[0];var c=a[1];return new X(b,c,a[2]-b,a[3]-c)}if(\"circle\"==b&&3==a.length)return b=a[2],new X(a[0]-b,a[1]-b,2*b,2*b);if(\"poly\"==b&&2<a.length){b=a[0];c=a[1];for(var d=b,e=c,f=2;f+1<a.length;f+=2)b=Math.min(b,a[f]),d=Math.max(d,a[f]),c=Math.min(c,a[f+1]),e=Math.max(e,a[f+1]);return new X(b,c,d-b,e-c)}return new X(0,0,0,0)}function Nc(a){a=Jc(a);return new Ec(a.b,a.a+a.width,a.b+a.height,a.a)}\nfunction Mc(a){if(Ac){if(\"relative\"==Y(a,\"position\"))return 1;a=Y(a,\"filter\");return(a=a.match(/^alpha\\(opacity=(\\d*)\\)/)||a.match(/^progid:DXImageTransform.Microsoft.Alpha\\(Opacity=(\\d*)\\)/))?Number(a[1])/100:1}return Pc(a)}function Pc(a){var b=1,c=Y(a,\"opacity\");c&&(b=Number(c));(a=Gc(a))&&(b*=Pc(a));return b};ba(\"_\",function(a,b){function c(d){if(W(d)&&\"none\"==Y(d,\"display\"))return!1;var e;if((e=d.parentNode)&&e.shadowRoot&&void 0!==d.assignedSlot)e=d.assignedSlot?d.assignedSlot.parentNode:null;else if(d.getDestinationInsertionPoints){var f=d.getDestinationInsertionPoints();0<f.length&&(e=f[f.length-1])}if(Fc&&e instanceof ShadowRoot){if(e.host.shadowRoot!==e)return!1;e=e.host}return!e||9!=e.nodeType&&11!=e.nodeType?e&&W(e,\"DETAILS\")&&!e.open&&!W(d,\"SUMMARY\")?!1:!!e&&c(e):!0}return Ic(a,!!b,c)});; return this._.apply(null,arguments);}).apply({navigator:typeof window!='undefined'?window.navigator:null,document:typeof window!='undefined'?window.document:null}, arguments);}\n).apply(null, arguments);", "args": [{"element-6066-11e4-a52e-4f735466cecf": "f.93C3CDE41EFE835CE40E7B5C86C651B6.d.3185B9B935A8925502228ADA5F64248A.e.79"}]}
DEBUG    urllib3.connectionpool:connectionpool.py:544 http://selenium-hub:4444 "POST /wd/hub/session/aaf41ee7c423515e1ac988c7c8ac9ce5/execute/sync HTTP/1.1" 200 0
DEBUG    selenium.webdriver.remote.remote_connection:remote_connection.py:329 Remote response: status=200 | data={"value":true} | headers=HTTPHeaderDict({'content-length': '14', 'content-type': 'application/json; charset=utf-8', 'cache-control': 'no-cache'})
DEBUG    selenium.webdriver.remote.remote_connection:remote_connection.py:356 Finished Request
DEBUG    selenium.webdriver.remote.remote_connection:remote_connection.py:313 POST http://selenium-hub:4444/wd/hub/session/aaf41ee7c423515e1ac988c7c8ac9ce5/execute/sync {"script": "/* isDisplayed */return (function(){return (function(){var k=this||self;function aa(a){return\"string\"==typeof a}function ba(a,b){a=a.split(\".\");var c=k;a[0]in c||\"undefined\"==typeof c.execScript||c.execScript(\"var \"+a[0]);for(var d;a.length&&(d=a.shift());)a.length||void 0===b?c[d]&&c[d]!==Object.prototype[d]?c=c[d]:c=c[d]={}:c[d]=b}\nfunction ca(a){var b=typeof a;if(\"object\"==b)if(a){if(a instanceof Array)return\"array\";if(a instanceof Object)return b;var c=Object.prototype.toString.call(a);if(\"[object Window]\"==c)return\"object\";if(\"[object Array]\"==c||\"number\"==typeof a.length&&\"undefined\"!=typeof a.splice&&\"undefined\"!=typeof a.propertyIsEnumerable&&!a.propertyIsEnumerable(\"splice\"))return\"array\";if(\"[object Function]\"==c||\"undefined\"!=typeof a.call&&\"undefined\"!=typeof a.propertyIsEnumerable&&!a.propertyIsEnumerable(\"call\"))return\"function\"}else return\"null\";\nelse if(\"function\"==b&&\"undefined\"==typeof a.call)return\"object\";return b}function da(a,b,c){return a.call.apply(a.bind,arguments)}function ea(a,b,c){if(!a)throw Error();if(2<arguments.length){var d=Array.prototype.slice.call(arguments,2);return function(){var e=Array.prototype.slice.call(arguments);Array.prototype.unshift.apply(e,d);return a.apply(b,e)}}return function(){return a.apply(b,arguments)}}\nfunction fa(a,b,c){Function.prototype.bind&&-1!=Function.prototype.bind.toString().indexOf(\"native code\")?fa=da:fa=ea;return fa.apply(null,arguments)}function ha(a,b){var c=Array.prototype.slice.call(arguments,1);return function(){var d=c.slice();d.push.apply(d,arguments);return a.apply(this,d)}}function l(a,b){function c(){}c.prototype=b.prototype;a.prototype=new c;a.prototype.constructor=a};/*\n\n The MIT License\n\n Copyright (c) 2007 Cybozu Labs, Inc.\n Copyright (c) 2012 Google Inc.\n\n Permission is hereby granted, free of charge, to any person obtaining a copy\n of this software and associated documentation files (the \"Software\"), to\n deal in the Software without restriction, including without limitation the\n rights to use, copy, modify, merge, publish, distribute, sublicense, and/or\n sell copies of the Software, and to permit persons to whom the Software is\n furnished to do so, subject to the following conditions:\n\n The above copyright notice and this permission notice shall be included in\n all copies or substantial portions of the Software.\n\n THE SOFTWARE IS PROVIDED \"AS IS\", WITHOUT WARRANTY OF ANY KIND, EXPRESS OR\n IMPLIED, INCLUDING BUT NOT LIMITED TO THE WARRANTIES OF MERCHANTABILITY,\n FITNESS FOR A PARTICULAR PURPOSE AND NONINFRINGEMENT. IN NO EVENT SHALL THE\n AUTHORS OR COPYRIGHT HOLDERS BE LIABLE FOR ANY CLAIM, DAMAGES OR OTHER\n LIABILITY, WHETHER IN AN ACTION OF CONTRACT, TORT OR OTHERWISE, ARISING\n FROM, OUT OF OR IN CONNECTION WITH THE SOFTWARE OR THE USE OR OTHER DEALINGS\n IN THE SOFTWARE.\n*/\nfunction ia(a,b,c){this.a=a;this.b=b||1;this.f=c||1};var ja=Array.prototype.indexOf?function(a,b){return Array.prototype.indexOf.call(a,b,void 0)}:function(a,b){if(\"string\"===typeof a)return\"string\"!==typeof b||1!=b.length?-1:a.indexOf(b,0);for(var c=0;c<a.length;c++)if(c in a&&a[c]===b)return c;return-1},n=Array.prototype.forEach?function(a,b){Array.prototype.forEach.call(a,b,void 0)}:function(a,b){for(var c=a.length,d=\"string\"===typeof a?a.split(\"\"):a,e=0;e<c;e++)e in d&&b.call(void 0,d[e],e,a)},ka=Array.prototype.filter?function(a,b){return Array.prototype.filter.call(a,\nb,void 0)}:function(a,b){for(var c=a.length,d=[],e=0,f=\"string\"===typeof a?a.split(\"\"):a,g=0;g<c;g++)if(g in f){var h=f[g];b.call(void 0,h,g,a)&&(d[e++]=h)}return d},la=Array.prototype.reduce?function(a,b,c){return Array.prototype.reduce.call(a,b,c)}:function(a,b,c){var d=c;n(a,function(e,f){d=b.call(void 0,d,e,f,a)});return d},ma=Array.prototype.some?function(a,b){return Array.prototype.some.call(a,b,void 0)}:function(a,b){for(var c=a.length,d=\"string\"===typeof a?a.split(\"\"):a,e=0;e<c;e++)if(e in\nd&&b.call(void 0,d[e],e,a))return!0;return!1},na=Array.prototype.every?function(a,b){return Array.prototype.every.call(a,b,void 0)}:function(a,b){for(var c=a.length,d=\"string\"===typeof a?a.split(\"\"):a,e=0;e<c;e++)if(e in d&&!b.call(void 0,d[e],e,a))return!1;return!0};function oa(a,b){a:{for(var c=a.length,d=\"string\"===typeof a?a.split(\"\"):a,e=0;e<c;e++)if(e in d&&b.call(void 0,d[e],e,a)){b=e;break a}b=-1}return 0>b?null:\"string\"===typeof a?a.charAt(b):a[b]}\nfunction pa(a){return Array.prototype.concat.apply([],arguments)}function qa(a,b,c){return 2>=arguments.length?Array.prototype.slice.call(a,b):Array.prototype.slice.call(a,b,c)};var ra=String.prototype.trim?function(a){return a.trim()}:function(a){return/^[\\s\\xa0]*([\\s\\S]*?)[\\s\\xa0]*$/.exec(a)[1]};function sa(a,b){return a<b?-1:a>b?1:0};var t;a:{var ta=k.navigator;if(ta){var ua=ta.userAgent;if(ua){t=ua;break a}}t=\"\"}function u(a){return-1!=t.indexOf(a)};function va(){return u(\"Firefox\")||u(\"FxiOS\")}function wa(){return(u(\"Chrome\")||u(\"CriOS\"))&&!u(\"Edge\")};function xa(a){return String(a).replace(/\\-([a-z])/g,function(b,c){return c.toUpperCase()})};function ya(){return u(\"iPhone\")&&!u(\"iPod\")&&!u(\"iPad\")};function za(a,b){var c=Aa;return Object.prototype.hasOwnProperty.call(c,a)?c[a]:c[a]=b(a)};var Ba=u(\"Opera\"),v=u(\"Trident\")||u(\"MSIE\"),Ca=u(\"Edge\"),Da=u(\"Gecko\")&&!(-1!=t.toLowerCase().indexOf(\"webkit\")&&!u(\"Edge\"))&&!(u(\"Trident\")||u(\"MSIE\"))&&!u(\"Edge\"),Ea=-1!=t.toLowerCase().indexOf(\"webkit\")&&!u(\"Edge\");function Fa(){var a=k.document;return a?a.documentMode:void 0}var Ga;\na:{var Ha=\"\",Ia=function(){var a=t;if(Da)return/rv:([^\\);]+)(\\)|;)/.exec(a);if(Ca)return/Edge\\/([\\d\\.]+)/.exec(a);if(v)return/\\b(?:MSIE|rv)[: ]([^\\);]+)(\\)|;)/.exec(a);if(Ea)return/WebKit\\/(\\S+)/.exec(a);if(Ba)return/(?:Version)[ \\/]?(\\S+)/.exec(a)}();Ia&&(Ha=Ia?Ia[1]:\"\");if(v){var Ja=Fa();if(null!=Ja&&Ja>parseFloat(Ha)){Ga=String(Ja);break a}}Ga=Ha}var Aa={};\nfunction Ka(a){return za(a,function(){for(var b=0,c=ra(String(Ga)).split(\".\"),d=ra(String(a)).split(\".\"),e=Math.max(c.length,d.length),f=0;0==b&&f<e;f++){var g=c[f]||\"\",h=d[f]||\"\";do{g=/(\\d*)(\\D*)(.*)/.exec(g)||[\"\",\"\",\"\",\"\"];h=/(\\d*)(\\D*)(.*)/.exec(h)||[\"\",\"\",\"\",\"\"];if(0==g[0].length&&0==h[0].length)break;b=sa(0==g[1].length?0:parseInt(g[1],10),0==h[1].length?0:parseInt(h[1],10))||sa(0==g[2].length,0==h[2].length)||sa(g[2],h[2]);g=g[3];h=h[3]}while(0==b)}return 0<=b})}var La;\nLa=k.document&&v?Fa():void 0;var x=v&&!(9<=Number(La)),Ma=v&&!(8<=Number(La));function Na(a,b,c,d){this.a=a;this.nodeName=c;this.nodeValue=d;this.nodeType=2;this.parentNode=this.ownerElement=b}function Oa(a,b){var c=Ma&&\"href\"==b.nodeName?a.getAttribute(b.nodeName,2):b.nodeValue;return new Na(b,a,b.nodeName,c)};function Pa(a){this.b=a;this.a=0}function Qa(a){a=a.match(Ra);for(var b=0;b<a.length;b++)Sa.test(a[b])&&a.splice(b,1);return new Pa(a)}var Ra=/\\$?(?:(?![0-9-\\.])(?:\\*|[\\w-\\.]+):)?(?![0-9-\\.])(?:\\*|[\\w-\\.]+)|\\/\\/|\\.\\.|::|\\d+(?:\\.\\d*)?|\\.\\d+|\"[^\"]*\"|'[^']*'|[!<>]=|\\s+|./g,Sa=/^\\s/;function y(a,b){return a.b[a.a+(b||0)]}function z(a){return a.b[a.a++]}function Ta(a){return a.b.length<=a.a};function Ua(a,b){this.x=void 0!==a?a:0;this.y=void 0!==b?b:0}Ua.prototype.ceil=function(){this.x=Math.ceil(this.x);this.y=Math.ceil(this.y);return this};Ua.prototype.floor=function(){this.x=Math.floor(this.x);this.y=Math.floor(this.y);return this};Ua.prototype.round=function(){this.x=Math.round(this.x);this.y=Math.round(this.y);return this};function Va(a,b){this.width=a;this.height=b}Va.prototype.aspectRatio=function(){return this.width/this.height};Va.prototype.ceil=function(){this.width=Math.ceil(this.width);this.height=Math.ceil(this.height);return this};Va.prototype.floor=function(){this.width=Math.floor(this.width);this.height=Math.floor(this.height);return this};Va.prototype.round=function(){this.width=Math.round(this.width);this.height=Math.round(this.height);return this};function Wa(a,b){if(!a||!b)return!1;if(a.contains&&1==b.nodeType)return a==b||a.contains(b);if(\"undefined\"!=typeof a.compareDocumentPosition)return a==b||!!(a.compareDocumentPosition(b)&16);for(;b&&a!=b;)b=b.parentNode;return b==a}\nfunction Xa(a,b){if(a==b)return 0;if(a.compareDocumentPosition)return a.compareDocumentPosition(b)&2?1:-1;if(v&&!(9<=Number(La))){if(9==a.nodeType)return-1;if(9==b.nodeType)return 1}if(\"sourceIndex\"in a||a.parentNode&&\"sourceIndex\"in a.parentNode){var c=1==a.nodeType,d=1==b.nodeType;if(c&&d)return a.sourceIndex-b.sourceIndex;var e=a.parentNode,f=b.parentNode;return e==f?Ya(a,b):!c&&Wa(e,b)?-1*Za(a,b):!d&&Wa(f,a)?Za(b,a):(c?a.sourceIndex:e.sourceIndex)-(d?b.sourceIndex:f.sourceIndex)}d=A(a);c=d.createRange();\nc.selectNode(a);c.collapse(!0);a=d.createRange();a.selectNode(b);a.collapse(!0);return c.compareBoundaryPoints(k.Range.START_TO_END,a)}function Za(a,b){var c=a.parentNode;if(c==b)return-1;for(;b.parentNode!=c;)b=b.parentNode;return Ya(b,a)}function Ya(a,b){for(;b=b.previousSibling;)if(b==a)return-1;return 1}function A(a){return 9==a.nodeType?a:a.ownerDocument||a.document}function $a(a,b){a&&(a=a.parentNode);for(var c=0;a;){if(b(a))return a;a=a.parentNode;c++}return null}\nfunction ab(a){this.a=a||k.document||document}ab.prototype.getElementsByTagName=function(a,b){return(b||this.a).getElementsByTagName(String(a))};function B(a){var b=null,c=a.nodeType;1==c&&(b=a.textContent,b=void 0==b||null==b?a.innerText:b,b=void 0==b||null==b?\"\":b);if(\"string\"!=typeof b)if(x&&\"title\"==a.nodeName.toLowerCase()&&1==c)b=a.text;else if(9==c||1==c){a=9==c?a.documentElement:a.firstChild;c=0;var d=[];for(b=\"\";a;){do 1!=a.nodeType&&(b+=a.nodeValue),x&&\"title\"==a.nodeName.toLowerCase()&&(b+=a.text),d[c++]=a;while(a=a.firstChild);for(;c&&!(a=d[--c].nextSibling););}}else b=a.nodeValue;return b}\nfunction C(a,b,c){if(null===b)return!0;try{if(!a.getAttribute)return!1}catch(d){return!1}Ma&&\"class\"==b&&(b=\"className\");return null==c?!!a.getAttribute(b):a.getAttribute(b,2)==c}function bb(a,b,c,d,e){return(x?cb:db).call(null,a,b,aa(c)?c:null,aa(d)?d:null,e||new E)}\nfunction cb(a,b,c,d,e){if(a instanceof F||8==a.b||c&&null===a.b){var f=b.all;if(!f)return e;a=eb(a);if(\"*\"!=a&&(f=b.getElementsByTagName(a),!f))return e;if(c){for(var g=[],h=0;b=f[h++];)C(b,c,d)&&g.push(b);f=g}for(h=0;b=f[h++];)\"*\"==a&&\"!\"==b.tagName||e.add(b);return e}gb(a,b,c,d,e);return e}\nfunction db(a,b,c,d,e){b.getElementsByName&&d&&\"name\"==c&&!v?(b=b.getElementsByName(d),n(b,function(f){a.a(f)&&e.add(f)})):b.getElementsByClassName&&d&&\"class\"==c?(b=b.getElementsByClassName(d),n(b,function(f){f.className==d&&a.a(f)&&e.add(f)})):a instanceof G?gb(a,b,c,d,e):b.getElementsByTagName&&(b=b.getElementsByTagName(a.f()),n(b,function(f){C(f,c,d)&&e.add(f)}));return e}\nfunction hb(a,b,c,d,e){var f;if((a instanceof F||8==a.b||c&&null===a.b)&&(f=b.childNodes)){var g=eb(a);if(\"*\"!=g&&(f=ka(f,function(h){return h.tagName&&h.tagName.toLowerCase()==g}),!f))return e;c&&(f=ka(f,function(h){return C(h,c,d)}));n(f,function(h){\"*\"==g&&(\"!\"==h.tagName||\"*\"==g&&1!=h.nodeType)||e.add(h)});return e}return ib(a,b,c,d,e)}function ib(a,b,c,d,e){for(b=b.firstChild;b;b=b.nextSibling)C(b,c,d)&&a.a(b)&&e.add(b);return e}\nfunction gb(a,b,c,d,e){for(b=b.firstChild;b;b=b.nextSibling)C(b,c,d)&&a.a(b)&&e.add(b),gb(a,b,c,d,e)}function eb(a){if(a instanceof G){if(8==a.b)return\"!\";if(null===a.b)return\"*\"}return a.f()};function E(){this.b=this.a=null;this.l=0}function jb(a){this.f=a;this.a=this.b=null}function kb(a,b){if(!a.a)return b;if(!b.a)return a;var c=a.a;b=b.a;for(var d=null,e,f=0;c&&b;){e=c.f;var g=b.f;e==g||e instanceof Na&&g instanceof Na&&e.a==g.a?(e=c,c=c.a,b=b.a):0<Xa(c.f,b.f)?(e=b,b=b.a):(e=c,c=c.a);(e.b=d)?d.a=e:a.a=e;d=e;f++}for(e=c||b;e;)e.b=d,d=d.a=e,f++,e=e.a;a.b=d;a.l=f;return a}function lb(a,b){b=new jb(b);b.a=a.a;a.b?a.a.b=b:a.a=a.b=b;a.a=b;a.l++}\nE.prototype.add=function(a){a=new jb(a);a.b=this.b;this.a?this.b.a=a:this.a=this.b=a;this.b=a;this.l++};function mb(a){return(a=a.a)?a.f:null}function nb(a){return(a=mb(a))?B(a):\"\"}function H(a,b){return new ob(a,!!b)}function ob(a,b){this.f=a;this.b=(this.s=b)?a.b:a.a;this.a=null}function I(a){var b=a.b;if(null==b)return null;var c=a.a=b;a.b=a.s?b.b:b.a;return c.f};function J(a){this.i=a;this.b=this.g=!1;this.f=null}function K(a){return\"\\n  \"+a.toString().split(\"\\n\").join(\"\\n  \")}function pb(a,b){a.g=b}function qb(a,b){a.b=b}function N(a,b){a=a.a(b);return a instanceof E?+nb(a):+a}function O(a,b){a=a.a(b);return a instanceof E?nb(a):\"\"+a}function rb(a,b){a=a.a(b);return a instanceof E?!!a.l:!!a};function sb(a,b,c){J.call(this,a.i);this.c=a;this.h=b;this.o=c;this.g=b.g||c.g;this.b=b.b||c.b;this.c==tb&&(c.b||c.g||4==c.i||0==c.i||!b.f?b.b||b.g||4==b.i||0==b.i||!c.f||(this.f={name:c.f.name,u:b}):this.f={name:b.f.name,u:c})}l(sb,J);\nfunction ub(a,b,c,d,e){b=b.a(d);c=c.a(d);var f;if(b instanceof E&&c instanceof E){b=H(b);for(d=I(b);d;d=I(b))for(e=H(c),f=I(e);f;f=I(e))if(a(B(d),B(f)))return!0;return!1}if(b instanceof E||c instanceof E){b instanceof E?(e=b,d=c):(e=c,d=b);f=H(e);for(var g=typeof d,h=I(f);h;h=I(f)){switch(g){case \"number\":h=+B(h);break;case \"boolean\":h=!!B(h);break;case \"string\":h=B(h);break;default:throw Error(\"Illegal primitive type for comparison.\");}if(e==b&&a(h,d)||e==c&&a(d,h))return!0}return!1}return e?\"boolean\"==\ntypeof b||\"boolean\"==typeof c?a(!!b,!!c):\"number\"==typeof b||\"number\"==typeof c?a(+b,+c):a(b,c):a(+b,+c)}sb.prototype.a=function(a){return this.c.m(this.h,this.o,a)};sb.prototype.toString=function(){var a=\"Binary Expression: \"+this.c;a+=K(this.h);return a+=K(this.o)};function vb(a,b,c,d){this.I=a;this.D=b;this.i=c;this.m=d}vb.prototype.toString=function(){return this.I};var wb={};\nfunction P(a,b,c,d){if(wb.hasOwnProperty(a))throw Error(\"Binary operator already created: \"+a);a=new vb(a,b,c,d);return wb[a.toString()]=a}P(\"div\",6,1,function(a,b,c){return N(a,c)/N(b,c)});P(\"mod\",6,1,function(a,b,c){return N(a,c)%N(b,c)});P(\"*\",6,1,function(a,b,c){return N(a,c)*N(b,c)});P(\"+\",5,1,function(a,b,c){return N(a,c)+N(b,c)});P(\"-\",5,1,function(a,b,c){return N(a,c)-N(b,c)});P(\"<\",4,2,function(a,b,c){return ub(function(d,e){return d<e},a,b,c)});\nP(\">\",4,2,function(a,b,c){return ub(function(d,e){return d>e},a,b,c)});P(\"<=\",4,2,function(a,b,c){return ub(function(d,e){return d<=e},a,b,c)});P(\">=\",4,2,function(a,b,c){return ub(function(d,e){return d>=e},a,b,c)});var tb=P(\"=\",3,2,function(a,b,c){return ub(function(d,e){return d==e},a,b,c,!0)});P(\"!=\",3,2,function(a,b,c){return ub(function(d,e){return d!=e},a,b,c,!0)});P(\"and\",2,2,function(a,b,c){return rb(a,c)&&rb(b,c)});P(\"or\",1,2,function(a,b,c){return rb(a,c)||rb(b,c)});function xb(a,b){if(b.a.length&&4!=a.i)throw Error(\"Primary expression must evaluate to nodeset if filter has predicate(s).\");J.call(this,a.i);this.c=a;this.h=b;this.g=a.g;this.b=a.b}l(xb,J);xb.prototype.a=function(a){a=this.c.a(a);return yb(this.h,a)};xb.prototype.toString=function(){var a=\"Filter:\"+K(this.c);return a+=K(this.h)};function zb(a,b){if(b.length<a.C)throw Error(\"Function \"+a.j+\" expects at least\"+a.C+\" arguments, \"+b.length+\" given\");if(null!==a.B&&b.length>a.B)throw Error(\"Function \"+a.j+\" expects at most \"+a.B+\" arguments, \"+b.length+\" given\");a.H&&n(b,function(c,d){if(4!=c.i)throw Error(\"Argument \"+d+\" to function \"+a.j+\" is not of type Nodeset: \"+c);});J.call(this,a.i);this.v=a;this.c=b;pb(this,a.g||ma(b,function(c){return c.g}));qb(this,a.G&&!b.length||a.F&&!!b.length||ma(b,function(c){return c.b}))}\nl(zb,J);zb.prototype.a=function(a){return this.v.m.apply(null,pa(a,this.c))};zb.prototype.toString=function(){var a=\"Function: \"+this.v;if(this.c.length){var b=la(this.c,function(c,d){return c+K(d)},\"Arguments:\");a+=K(b)}return a};function Ab(a,b,c,d,e,f,g,h){this.j=a;this.i=b;this.g=c;this.G=d;this.F=!1;this.m=e;this.C=f;this.B=void 0!==g?g:f;this.H=!!h}Ab.prototype.toString=function(){return this.j};var Bb={};\nfunction Q(a,b,c,d,e,f,g,h){if(Bb.hasOwnProperty(a))throw Error(\"Function already created: \"+a+\".\");Bb[a]=new Ab(a,b,c,d,e,f,g,h)}Q(\"boolean\",2,!1,!1,function(a,b){return rb(b,a)},1);Q(\"ceiling\",1,!1,!1,function(a,b){return Math.ceil(N(b,a))},1);Q(\"concat\",3,!1,!1,function(a,b){return la(qa(arguments,1),function(c,d){return c+O(d,a)},\"\")},2,null);Q(\"contains\",2,!1,!1,function(a,b,c){b=O(b,a);a=O(c,a);return-1!=b.indexOf(a)},2);Q(\"count\",1,!1,!1,function(a,b){return b.a(a).l},1,1,!0);\nQ(\"false\",2,!1,!1,function(){return!1},0);Q(\"floor\",1,!1,!1,function(a,b){return Math.floor(N(b,a))},1);Q(\"id\",4,!1,!1,function(a,b){function c(h){if(x){var m=e.all[h];if(m){if(m.nodeType&&h==m.id)return m;if(m.length)return oa(m,function(w){return h==w.id})}return null}return e.getElementById(h)}var d=a.a,e=9==d.nodeType?d:d.ownerDocument;a=O(b,a).split(/\\s+/);var f=[];n(a,function(h){h=c(h);!h||0<=ja(f,h)||f.push(h)});f.sort(Xa);var g=new E;n(f,function(h){g.add(h)});return g},1);\nQ(\"lang\",2,!1,!1,function(){return!1},1);Q(\"last\",1,!0,!1,function(a){if(1!=arguments.length)throw Error(\"Function last expects ()\");return a.f},0);Q(\"local-name\",3,!1,!0,function(a,b){return(a=b?mb(b.a(a)):a.a)?a.localName||a.nodeName.toLowerCase():\"\"},0,1,!0);Q(\"name\",3,!1,!0,function(a,b){return(a=b?mb(b.a(a)):a.a)?a.nodeName.toLowerCase():\"\"},0,1,!0);Q(\"namespace-uri\",3,!0,!1,function(){return\"\"},0,1,!0);\nQ(\"normalize-space\",3,!1,!0,function(a,b){return(b?O(b,a):B(a.a)).replace(/[\\s\\xa0]+/g,\" \").replace(/^\\s+|\\s+$/g,\"\")},0,1);Q(\"not\",2,!1,!1,function(a,b){return!rb(b,a)},1);Q(\"number\",1,!1,!0,function(a,b){return b?N(b,a):+B(a.a)},0,1);Q(\"position\",1,!0,!1,function(a){return a.b},0);Q(\"round\",1,!1,!1,function(a,b){return Math.round(N(b,a))},1);Q(\"starts-with\",2,!1,!1,function(a,b,c){b=O(b,a);a=O(c,a);return 0==b.lastIndexOf(a,0)},2);Q(\"string\",3,!1,!0,function(a,b){return b?O(b,a):B(a.a)},0,1);\nQ(\"string-length\",1,!1,!0,function(a,b){return(b?O(b,a):B(a.a)).length},0,1);Q(\"substring\",3,!1,!1,function(a,b,c,d){c=N(c,a);if(isNaN(c)||Infinity==c||-Infinity==c)return\"\";d=d?N(d,a):Infinity;if(isNaN(d)||-Infinity===d)return\"\";c=Math.round(c)-1;var e=Math.max(c,0);a=O(b,a);return Infinity==d?a.substring(e):a.substring(e,c+Math.round(d))},2,3);Q(\"substring-after\",3,!1,!1,function(a,b,c){b=O(b,a);a=O(c,a);c=b.indexOf(a);return-1==c?\"\":b.substring(c+a.length)},2);\nQ(\"substring-before\",3,!1,!1,function(a,b,c){b=O(b,a);a=O(c,a);a=b.indexOf(a);return-1==a?\"\":b.substring(0,a)},2);Q(\"sum\",1,!1,!1,function(a,b){a=H(b.a(a));b=0;for(var c=I(a);c;c=I(a))b+=+B(c);return b},1,1,!0);Q(\"translate\",3,!1,!1,function(a,b,c,d){b=O(b,a);c=O(c,a);var e=O(d,a);a={};for(d=0;d<c.length;d++){var f=c.charAt(d);f in a||(a[f]=e.charAt(d))}c=\"\";for(d=0;d<b.length;d++)f=b.charAt(d),c+=f in a?a[f]:f;return c},3);Q(\"true\",2,!1,!1,function(){return!0},0);function G(a,b){this.h=a;this.c=void 0!==b?b:null;this.b=null;switch(a){case \"comment\":this.b=8;break;case \"text\":this.b=3;break;case \"processing-instruction\":this.b=7;break;case \"node\":break;default:throw Error(\"Unexpected argument\");}}function Cb(a){return\"comment\"==a||\"text\"==a||\"processing-instruction\"==a||\"node\"==a}G.prototype.a=function(a){return null===this.b||this.b==a.nodeType};G.prototype.f=function(){return this.h};\nG.prototype.toString=function(){var a=\"Kind Test: \"+this.h;null===this.c||(a+=K(this.c));return a};function Db(a){J.call(this,3);this.c=a.substring(1,a.length-1)}l(Db,J);Db.prototype.a=function(){return this.c};Db.prototype.toString=function(){return\"Literal: \"+this.c};function F(a,b){this.j=a.toLowerCase();a=\"*\"==this.j?\"*\":\"http://www.w3.org/1999/xhtml\";this.c=b?b.toLowerCase():a}F.prototype.a=function(a){var b=a.nodeType;if(1!=b&&2!=b)return!1;b=void 0!==a.localName?a.localName:a.nodeName;return\"*\"!=this.j&&this.j!=b.toLowerCase()?!1:\"*\"==this.c?!0:this.c==(a.namespaceURI?a.namespaceURI.toLowerCase():\"http://www.w3.org/1999/xhtml\")};F.prototype.f=function(){return this.j};\nF.prototype.toString=function(){return\"Name Test: \"+(\"http://www.w3.org/1999/xhtml\"==this.c?\"\":this.c+\":\")+this.j};function Eb(a){J.call(this,1);this.c=a}l(Eb,J);Eb.prototype.a=function(){return this.c};Eb.prototype.toString=function(){return\"Number: \"+this.c};function Fb(a,b){J.call(this,a.i);this.h=a;this.c=b;this.g=a.g;this.b=a.b;1==this.c.length&&(a=this.c[0],a.A||a.c!=Gb||(a=a.o,\"*\"!=a.f()&&(this.f={name:a.f(),u:null})))}l(Fb,J);function Hb(){J.call(this,4)}l(Hb,J);Hb.prototype.a=function(a){var b=new E;a=a.a;9==a.nodeType?b.add(a):b.add(a.ownerDocument);return b};Hb.prototype.toString=function(){return\"Root Helper Expression\"};function Ib(){J.call(this,4)}l(Ib,J);Ib.prototype.a=function(a){var b=new E;b.add(a.a);return b};Ib.prototype.toString=function(){return\"Context Helper Expression\"};\nfunction Jb(a){return\"/\"==a||\"//\"==a}Fb.prototype.a=function(a){var b=this.h.a(a);if(!(b instanceof E))throw Error(\"Filter expression must evaluate to nodeset.\");a=this.c;for(var c=0,d=a.length;c<d&&b.l;c++){var e=a[c],f=H(b,e.c.s);if(e.g||e.c!=Kb)if(e.g||e.c!=Lb){var g=I(f);for(b=e.a(new ia(g));null!=(g=I(f));)g=e.a(new ia(g)),b=kb(b,g)}else g=I(f),b=e.a(new ia(g));else{for(g=I(f);(b=I(f))&&(!g.contains||g.contains(b))&&b.compareDocumentPosition(g)&8;g=b);b=e.a(new ia(g))}}return b};\nFb.prototype.toString=function(){var a=\"Path Expression:\"+K(this.h);if(this.c.length){var b=la(this.c,function(c,d){return c+K(d)},\"Steps:\");a+=K(b)}return a};function Mb(a,b){this.a=a;this.s=!!b}\nfunction yb(a,b,c){for(c=c||0;c<a.a.length;c++)for(var d=a.a[c],e=H(b),f=b.l,g,h=0;g=I(e);h++){var m=a.s?f-h:h+1;g=d.a(new ia(g,m,f));if(\"number\"==typeof g)m=m==g;else if(\"string\"==typeof g||\"boolean\"==typeof g)m=!!g;else if(g instanceof E)m=0<g.l;else throw Error(\"Predicate.evaluate returned an unexpected type.\");if(!m){m=e;g=m.f;var w=m.a;if(!w)throw Error(\"Next must be called at least once before remove.\");var r=w.b;w=w.a;r?r.a=w:g.a=w;w?w.b=r:g.b=r;g.l--;m.a=null}}return b}\nMb.prototype.toString=function(){return la(this.a,function(a,b){return a+K(b)},\"Predicates:\")};function R(a,b,c,d){J.call(this,4);this.c=a;this.o=b;this.h=c||new Mb([]);this.A=!!d;b=this.h;b=0<b.a.length?b.a[0].f:null;a.J&&b&&(a=b.name,a=x?a.toLowerCase():a,this.f={name:a,u:b.u});a:{a=this.h;for(b=0;b<a.a.length;b++)if(c=a.a[b],c.g||1==c.i||0==c.i){a=!0;break a}a=!1}this.g=a}l(R,J);\nR.prototype.a=function(a){var b=a.a,c=this.f,d=null,e=null,f=0;c&&(d=c.name,e=c.u?O(c.u,a):null,f=1);if(this.A)if(this.g||this.c!=Nb)if(b=H((new R(Ob,new G(\"node\"))).a(a)),c=I(b))for(a=this.m(c,d,e,f);null!=(c=I(b));)a=kb(a,this.m(c,d,e,f));else a=new E;else a=bb(this.o,b,d,e),a=yb(this.h,a,f);else a=this.m(a.a,d,e,f);return a};R.prototype.m=function(a,b,c,d){a=this.c.v(this.o,a,b,c);return a=yb(this.h,a,d)};\nR.prototype.toString=function(){var a=\"Step:\"+K(\"Operator: \"+(this.A?\"//\":\"/\"));this.c.j&&(a+=K(\"Axis: \"+this.c));a+=K(this.o);if(this.h.a.length){var b=la(this.h.a,function(c,d){return c+K(d)},\"Predicates:\");a+=K(b)}return a};function Pb(a,b,c,d){this.j=a;this.v=b;this.s=c;this.J=d}Pb.prototype.toString=function(){return this.j};var Qb={};function S(a,b,c,d){if(Qb.hasOwnProperty(a))throw Error(\"Axis already created: \"+a);b=new Pb(a,b,c,!!d);return Qb[a]=b}\nS(\"ancestor\",function(a,b){for(var c=new E;b=b.parentNode;)a.a(b)&&lb(c,b);return c},!0);S(\"ancestor-or-self\",function(a,b){var c=new E;do a.a(b)&&lb(c,b);while(b=b.parentNode);return c},!0);\nvar Gb=S(\"attribute\",function(a,b){var c=new E,d=a.f();if(\"style\"==d&&x&&b.style)return c.add(new Na(b.style,b,\"style\",b.style.cssText)),c;var e=b.attributes;if(e)if(a instanceof G&&null===a.b||\"*\"==d)for(a=0;d=e[a];a++)x?d.nodeValue&&c.add(Oa(b,d)):c.add(d);else(d=e.getNamedItem(d))&&(x?d.nodeValue&&c.add(Oa(b,d)):c.add(d));return c},!1),Nb=S(\"child\",function(a,b,c,d,e){return(x?hb:ib).call(null,a,b,aa(c)?c:null,aa(d)?d:null,e||new E)},!1,!0);S(\"descendant\",bb,!1,!0);\nvar Ob=S(\"descendant-or-self\",function(a,b,c,d){var e=new E;C(b,c,d)&&a.a(b)&&e.add(b);return bb(a,b,c,d,e)},!1,!0),Kb=S(\"following\",function(a,b,c,d){var e=new E;do for(var f=b;f=f.nextSibling;)C(f,c,d)&&a.a(f)&&e.add(f),e=bb(a,f,c,d,e);while(b=b.parentNode);return e},!1,!0);S(\"following-sibling\",function(a,b){for(var c=new E;b=b.nextSibling;)a.a(b)&&c.add(b);return c},!1);S(\"namespace\",function(){return new E},!1);\nvar Rb=S(\"parent\",function(a,b){var c=new E;if(9==b.nodeType)return c;if(2==b.nodeType)return c.add(b.ownerElement),c;b=b.parentNode;a.a(b)&&c.add(b);return c},!1),Lb=S(\"preceding\",function(a,b,c,d){var e=new E,f=[];do f.unshift(b);while(b=b.parentNode);for(var g=1,h=f.length;g<h;g++){var m=[];for(b=f[g];b=b.previousSibling;)m.unshift(b);for(var w=0,r=m.length;w<r;w++)b=m[w],C(b,c,d)&&a.a(b)&&e.add(b),e=bb(a,b,c,d,e)}return e},!0,!0);\nS(\"preceding-sibling\",function(a,b){for(var c=new E;b=b.previousSibling;)a.a(b)&&lb(c,b);return c},!0);var Sb=S(\"self\",function(a,b){var c=new E;a.a(b)&&c.add(b);return c},!1);function Tb(a){J.call(this,1);this.c=a;this.g=a.g;this.b=a.b}l(Tb,J);Tb.prototype.a=function(a){return-N(this.c,a)};Tb.prototype.toString=function(){return\"Unary Expression: -\"+K(this.c)};function Ub(a){J.call(this,4);this.c=a;pb(this,ma(this.c,function(b){return b.g}));qb(this,ma(this.c,function(b){return b.b}))}l(Ub,J);Ub.prototype.a=function(a){var b=new E;n(this.c,function(c){c=c.a(a);if(!(c instanceof E))throw Error(\"Path expression must evaluate to NodeSet.\");b=kb(b,c)});return b};Ub.prototype.toString=function(){return la(this.c,function(a,b){return a+K(b)},\"Union Expression:\")};function Vb(a,b){this.a=a;this.b=b}function Yb(a){for(var b,c=[];;){T(a,\"Missing right hand side of binary expression.\");b=Zb(a);var d=z(a.a);if(!d)break;var e=(d=wb[d]||null)&&d.D;if(!e){a.a.a--;break}for(;c.length&&e<=c[c.length-1].D;)b=new sb(c.pop(),c.pop(),b);c.push(b,d)}for(;c.length;)b=new sb(c.pop(),c.pop(),b);return b}function T(a,b){if(Ta(a.a))throw Error(b);}function $b(a,b){a=z(a.a);if(a!=b)throw Error(\"Bad token, expected: \"+b+\" got: \"+a);}\nfunction ac(a){a=z(a.a);if(\")\"!=a)throw Error(\"Bad token: \"+a);}function bc(a){a=z(a.a);if(2>a.length)throw Error(\"Unclosed literal string\");return new Db(a)}\nfunction cc(a){var b=[];if(Jb(y(a.a))){var c=z(a.a);var d=y(a.a);if(\"/\"==c&&(Ta(a.a)||\".\"!=d&&\"..\"!=d&&\"@\"!=d&&\"*\"!=d&&!/(?![0-9])[\\w]/.test(d)))return new Hb;d=new Hb;T(a,\"Missing next location step.\");c=dc(a,c);b.push(c)}else{a:{c=y(a.a);d=c.charAt(0);switch(d){case \"$\":throw Error(\"Variable reference not allowed in HTML XPath\");case \"(\":z(a.a);c=Yb(a);T(a,'unclosed \"(\"');$b(a,\")\");break;case '\"':case \"'\":c=bc(a);break;default:if(isNaN(+c))if(!Cb(c)&&/(?![0-9])[\\w]/.test(d)&&\"(\"==y(a.a,1)){c=z(a.a);\nc=Bb[c]||null;z(a.a);for(d=[];\")\"!=y(a.a);){T(a,\"Missing function argument list.\");d.push(Yb(a));if(\",\"!=y(a.a))break;z(a.a)}T(a,\"Unclosed function argument list.\");ac(a);c=new zb(c,d)}else{c=null;break a}else c=new Eb(+z(a.a))}\"[\"==y(a.a)&&(d=new Mb(ec(a)),c=new xb(c,d))}if(c)if(Jb(y(a.a)))d=c;else return c;else c=dc(a,\"/\"),d=new Ib,b.push(c)}for(;Jb(y(a.a));)c=z(a.a),T(a,\"Missing next location step.\"),c=dc(a,c),b.push(c);return new Fb(d,b)}\nfunction dc(a,b){if(\"/\"!=b&&\"//\"!=b)throw Error('Step op should be \"/\" or \"//\"');if(\".\"==y(a.a)){var c=new R(Sb,new G(\"node\"));z(a.a);return c}if(\"..\"==y(a.a))return c=new R(Rb,new G(\"node\")),z(a.a),c;if(\"@\"==y(a.a)){var d=Gb;z(a.a);T(a,\"Missing attribute name\")}else if(\"::\"==y(a.a,1)){if(!/(?![0-9])[\\w]/.test(y(a.a).charAt(0)))throw Error(\"Bad token: \"+z(a.a));var e=z(a.a);d=Qb[e]||null;if(!d)throw Error(\"No axis with name: \"+e);z(a.a);T(a,\"Missing node name\")}else d=Nb;e=y(a.a);if(/(?![0-9])[\\w\\*]/.test(e.charAt(0)))if(\"(\"==\ny(a.a,1)){if(!Cb(e))throw Error(\"Invalid node type: \"+e);e=z(a.a);if(!Cb(e))throw Error(\"Invalid type name: \"+e);$b(a,\"(\");T(a,\"Bad nodetype\");var f=y(a.a).charAt(0),g=null;if('\"'==f||\"'\"==f)g=bc(a);T(a,\"Bad nodetype\");ac(a);e=new G(e,g)}else if(e=z(a.a),f=e.indexOf(\":\"),-1==f)e=new F(e);else{g=e.substring(0,f);if(\"*\"==g)var h=\"*\";else if(h=a.b(g),!h)throw Error(\"Namespace prefix not declared: \"+g);e=e.substr(f+1);e=new F(e,h)}else throw Error(\"Bad token: \"+z(a.a));a=new Mb(ec(a),d.s);return c||new R(d,\ne,a,\"//\"==b)}function ec(a){for(var b=[];\"[\"==y(a.a);){z(a.a);T(a,\"Missing predicate expression.\");var c=Yb(a);b.push(c);T(a,\"Unclosed predicate expression.\");$b(a,\"]\")}return b}function Zb(a){if(\"-\"==y(a.a))return z(a.a),new Tb(Zb(a));var b=cc(a);if(\"|\"!=y(a.a))a=b;else{for(b=[b];\"|\"==z(a.a);)T(a,\"Missing next union location path.\"),b.push(cc(a));a.a.a--;a=new Ub(b)}return a};function fc(a){switch(a.nodeType){case 1:return ha(gc,a);case 9:return fc(a.documentElement);case 11:case 10:case 6:case 12:return hc;default:return a.parentNode?fc(a.parentNode):hc}}function hc(){return null}function gc(a,b){if(a.prefix==b)return a.namespaceURI||\"http://www.w3.org/1999/xhtml\";var c=a.getAttributeNode(\"xmlns:\"+b);return c&&c.specified?c.value||null:a.parentNode&&9!=a.parentNode.nodeType?gc(a.parentNode,b):null};function ic(a,b){if(!a.length)throw Error(\"Empty XPath expression.\");a=Qa(a);if(Ta(a))throw Error(\"Invalid XPath expression.\");b?\"function\"==ca(b)||(b=fa(b.lookupNamespaceURI,b)):b=function(){return null};var c=Yb(new Vb(a,b));if(!Ta(a))throw Error(\"Bad token: \"+z(a));this.evaluate=function(d,e){d=c.a(new ia(d));return new U(d,e)}}\nfunction U(a,b){if(0==b)if(a instanceof E)b=4;else if(\"string\"==typeof a)b=2;else if(\"number\"==typeof a)b=1;else if(\"boolean\"==typeof a)b=3;else throw Error(\"Unexpected evaluation result.\");if(2!=b&&1!=b&&3!=b&&!(a instanceof E))throw Error(\"value could not be converted to the specified type\");this.resultType=b;switch(b){case 2:this.stringValue=a instanceof E?nb(a):\"\"+a;break;case 1:this.numberValue=a instanceof E?+nb(a):+a;break;case 3:this.booleanValue=a instanceof E?0<a.l:!!a;break;case 4:case 5:case 6:case 7:var c=\nH(a);var d=[];for(var e=I(c);e;e=I(c))d.push(e instanceof Na?e.a:e);this.snapshotLength=a.l;this.invalidIteratorState=!1;break;case 8:case 9:a=mb(a);this.singleNodeValue=a instanceof Na?a.a:a;break;default:throw Error(\"Unknown XPathResult type.\");}var f=0;this.iterateNext=function(){if(4!=b&&5!=b)throw Error(\"iterateNext called with wrong result type\");return f>=d.length?null:d[f++]};this.snapshotItem=function(g){if(6!=b&&7!=b)throw Error(\"snapshotItem called with wrong result type\");return g>=d.length||\n0>g?null:d[g]}}U.ANY_TYPE=0;U.NUMBER_TYPE=1;U.STRING_TYPE=2;U.BOOLEAN_TYPE=3;U.UNORDERED_NODE_ITERATOR_TYPE=4;U.ORDERED_NODE_ITERATOR_TYPE=5;U.UNORDERED_NODE_SNAPSHOT_TYPE=6;U.ORDERED_NODE_SNAPSHOT_TYPE=7;U.ANY_UNORDERED_NODE_TYPE=8;U.FIRST_ORDERED_NODE_TYPE=9;function jc(a){this.lookupNamespaceURI=fc(a)}\nfunction kc(a,b){a=a||k;var c=a.Document&&a.Document.prototype||a.document;if(!c.evaluate||b)a.XPathResult=U,c.evaluate=function(d,e,f,g){return(new ic(d,f)).evaluate(e,g)},c.createExpression=function(d,e){return new ic(d,e)},c.createNSResolver=function(d){return new jc(d)}}ba(\"wgxpath.install\",kc);ba(\"wgxpath.install\",kc);var lc={aliceblue:\"#f0f8ff\",antiquewhite:\"#faebd7\",aqua:\"#00ffff\",aquamarine:\"#7fffd4\",azure:\"#f0ffff\",beige:\"#f5f5dc\",bisque:\"#ffe4c4\",black:\"#000000\",blanchedalmond:\"#ffebcd\",blue:\"#0000ff\",blueviolet:\"#8a2be2\",brown:\"#a52a2a\",burlywood:\"#deb887\",cadetblue:\"#5f9ea0\",chartreuse:\"#7fff00\",chocolate:\"#d2691e\",coral:\"#ff7f50\",cornflowerblue:\"#6495ed\",cornsilk:\"#fff8dc\",crimson:\"#dc143c\",cyan:\"#00ffff\",darkblue:\"#00008b\",darkcyan:\"#008b8b\",darkgoldenrod:\"#b8860b\",darkgray:\"#a9a9a9\",darkgreen:\"#006400\",\ndarkgrey:\"#a9a9a9\",darkkhaki:\"#bdb76b\",darkmagenta:\"#8b008b\",darkolivegreen:\"#556b2f\",darkorange:\"#ff8c00\",darkorchid:\"#9932cc\",darkred:\"#8b0000\",darksalmon:\"#e9967a\",darkseagreen:\"#8fbc8f\",darkslateblue:\"#483d8b\",darkslategray:\"#2f4f4f\",darkslategrey:\"#2f4f4f\",darkturquoise:\"#00ced1\",darkviolet:\"#9400d3\",deeppink:\"#ff1493\",deepskyblue:\"#00bfff\",dimgray:\"#696969\",dimgrey:\"#696969\",dodgerblue:\"#1e90ff\",firebrick:\"#b22222\",floralwhite:\"#fffaf0\",forestgreen:\"#228b22\",fuchsia:\"#ff00ff\",gainsboro:\"#dcdcdc\",\nghostwhite:\"#f8f8ff\",gold:\"#ffd700\",goldenrod:\"#daa520\",gray:\"#808080\",green:\"#008000\",greenyellow:\"#adff2f\",grey:\"#808080\",honeydew:\"#f0fff0\",hotpink:\"#ff69b4\",indianred:\"#cd5c5c\",indigo:\"#4b0082\",ivory:\"#fffff0\",khaki:\"#f0e68c\",lavender:\"#e6e6fa\",lavenderblush:\"#fff0f5\",lawngreen:\"#7cfc00\",lemonchiffon:\"#fffacd\",lightblue:\"#add8e6\",lightcoral:\"#f08080\",lightcyan:\"#e0ffff\",lightgoldenrodyellow:\"#fafad2\",lightgray:\"#d3d3d3\",lightgreen:\"#90ee90\",lightgrey:\"#d3d3d3\",lightpink:\"#ffb6c1\",lightsalmon:\"#ffa07a\",\nlightseagreen:\"#20b2aa\",lightskyblue:\"#87cefa\",lightslategray:\"#778899\",lightslategrey:\"#778899\",lightsteelblue:\"#b0c4de\",lightyellow:\"#ffffe0\",lime:\"#00ff00\",limegreen:\"#32cd32\",linen:\"#faf0e6\",magenta:\"#ff00ff\",maroon:\"#800000\",mediumaquamarine:\"#66cdaa\",mediumblue:\"#0000cd\",mediumorchid:\"#ba55d3\",mediumpurple:\"#9370db\",mediumseagreen:\"#3cb371\",mediumslateblue:\"#7b68ee\",mediumspringgreen:\"#00fa9a\",mediumturquoise:\"#48d1cc\",mediumvioletred:\"#c71585\",midnightblue:\"#191970\",mintcream:\"#f5fffa\",mistyrose:\"#ffe4e1\",\nmoccasin:\"#ffe4b5\",navajowhite:\"#ffdead\",navy:\"#000080\",oldlace:\"#fdf5e6\",olive:\"#808000\",olivedrab:\"#6b8e23\",orange:\"#ffa500\",orangered:\"#ff4500\",orchid:\"#da70d6\",palegoldenrod:\"#eee8aa\",palegreen:\"#98fb98\",paleturquoise:\"#afeeee\",palevioletred:\"#db7093\",papayawhip:\"#ffefd5\",peachpuff:\"#ffdab9\",peru:\"#cd853f\",pink:\"#ffc0cb\",plum:\"#dda0dd\",powderblue:\"#b0e0e6\",purple:\"#800080\",red:\"#ff0000\",rosybrown:\"#bc8f8f\",royalblue:\"#4169e1\",saddlebrown:\"#8b4513\",salmon:\"#fa8072\",sandybrown:\"#f4a460\",seagreen:\"#2e8b57\",\nseashell:\"#fff5ee\",sienna:\"#a0522d\",silver:\"#c0c0c0\",skyblue:\"#87ceeb\",slateblue:\"#6a5acd\",slategray:\"#708090\",slategrey:\"#708090\",snow:\"#fffafa\",springgreen:\"#00ff7f\",steelblue:\"#4682b4\",tan:\"#d2b48c\",teal:\"#008080\",thistle:\"#d8bfd8\",tomato:\"#ff6347\",turquoise:\"#40e0d0\",violet:\"#ee82ee\",wheat:\"#f5deb3\",white:\"#ffffff\",whitesmoke:\"#f5f5f5\",yellow:\"#ffff00\",yellowgreen:\"#9acd32\"};var mc=\"backgroundColor borderTopColor borderRightColor borderBottomColor borderLeftColor color outlineColor\".split(\" \"),nc=/#([0-9a-fA-F])([0-9a-fA-F])([0-9a-fA-F])/,oc=/^#(?:[0-9a-f]{3}){1,2}$/i,pc=/^(?:rgba)?\\((\\d{1,3}),\\s?(\\d{1,3}),\\s?(\\d{1,3}),\\s?(0|1|0\\.\\d*)\\)$/i,qc=/^(?:rgb)?\\((0|[1-9]\\d{0,2}),\\s?(0|[1-9]\\d{0,2}),\\s?(0|[1-9]\\d{0,2})\\)$/i;function rc(a,b){this.code=a;this.a=V[a]||sc;this.message=b||\"\";a=this.a.replace(/((?:^|\\s+)[a-z])/g,function(c){return c.toUpperCase().replace(/^[\\s\\xa0]+/g,\"\")});b=a.length-5;if(0>b||a.indexOf(\"Error\",b)!=b)a+=\"Error\";this.name=a;a=Error(this.message);a.name=this.name;this.stack=a.stack||\"\"}l(rc,Error);var sc=\"unknown error\",V={15:\"element not selectable\",11:\"element not visible\"};V[31]=sc;V[30]=sc;V[24]=\"invalid cookie domain\";V[29]=\"invalid element coordinates\";V[12]=\"invalid element state\";\nV[32]=\"invalid selector\";V[51]=\"invalid selector\";V[52]=\"invalid selector\";V[17]=\"javascript error\";V[405]=\"unsupported operation\";V[34]=\"move target out of bounds\";V[27]=\"no such alert\";V[7]=\"no such element\";V[8]=\"no such frame\";V[23]=\"no such window\";V[28]=\"script timeout\";V[33]=\"session not created\";V[10]=\"stale element reference\";V[21]=\"timeout\";V[25]=\"unable to set cookie\";V[26]=\"unexpected alert open\";V[13]=sc;V[9]=\"unknown command\";var tc=va(),uc=ya()||u(\"iPod\"),vc=u(\"iPad\"),wc=u(\"Android\")&&!(wa()||va()||u(\"Opera\")||u(\"Silk\")),xc=wa(),yc=u(\"Safari\")&&!(wa()||u(\"Coast\")||u(\"Opera\")||u(\"Edge\")||u(\"Edg/\")||u(\"OPR\")||va()||u(\"Silk\")||u(\"Android\"))&&!(ya()||u(\"iPad\")||u(\"iPod\"));function zc(a){return(a=a.exec(t))?a[1]:\"\"}(function(){if(tc)return zc(/Firefox\\/([0-9.]+)/);if(v||Ca||Ba)return Ga;if(xc)return ya()||u(\"iPad\")||u(\"iPod\")?zc(/CriOS\\/([0-9.]+)/):zc(/Chrome\\/([0-9.]+)/);if(yc&&!(ya()||u(\"iPad\")||u(\"iPod\")))return zc(/Version\\/([0-9.]+)/);if(uc||vc){var a=/Version\\/(\\S+).*Mobile\\/(\\S+)/.exec(t);if(a)return a[1]+\".\"+a[2]}else if(wc)return(a=zc(/Android\\s+([0-9.]+)/))?a:zc(/Version\\/([0-9.]+)/);return\"\"})();var Ac=v&&!(9<=Number(La));function W(a,b){b&&\"string\"!==typeof b&&(b=b.toString());return!!a&&1==a.nodeType&&(!b||a.tagName.toUpperCase()==b)};var Bc=function(){var a={K:\"http://www.w3.org/2000/svg\"};return function(b){return a[b]||null}}();\nfunction Cc(a,b){var c=A(a);if(!c.documentElement)return null;(v||wc)&&kc(c?c.parentWindow||c.defaultView:window);try{var d=c.createNSResolver?c.createNSResolver(c.documentElement):Bc;if(v&&!Ka(7))return c.evaluate.call(c,b,a,d,9,null);if(!v||9<=Number(La)){for(var e={},f=c.getElementsByTagName(\"*\"),g=0;g<f.length;++g){var h=f[g],m=h.namespaceURI;if(m&&!e[m]){var w=h.lookupPrefix(m);if(!w){var r=m.match(\".*/(\\\\w+)/?$\");w=r?r[1]:\"xhtml\"}e[m]=w}}var D={},L;for(L in e)D[e[L]]=L;d=function(M){return D[M]||\nnull}}try{return c.evaluate(b,a,d,9,null)}catch(M){if(\"TypeError\"===M.name)return d=c.createNSResolver?c.createNSResolver(c.documentElement):Bc,c.evaluate(b,a,d,9,null);throw M;}}catch(M){if(!Da||\"NS_ERROR_ILLEGAL_VALUE\"!=M.name)throw new rc(32,\"Unable to locate an element with the xpath expression \"+b+\" because of the following error:\\n\"+M);}}\nfunction Dc(a,b){var c=function(){var d=Cc(b,a);return d?d.singleNodeValue||null:b.selectSingleNode?(d=A(b),d.setProperty&&d.setProperty(\"SelectionLanguage\",\"XPath\"),b.selectSingleNode(a)):null}();if(null!==c&&(!c||1!=c.nodeType))throw new rc(32,'The result of the xpath expression \"'+a+'\" is: '+c+\". It should be an element.\");return c};function Ec(a,b,c,d){this.c=a;this.a=b;this.b=c;this.f=d}Ec.prototype.ceil=function(){this.c=Math.ceil(this.c);this.a=Math.ceil(this.a);this.b=Math.ceil(this.b);this.f=Math.ceil(this.f);return this};Ec.prototype.floor=function(){this.c=Math.floor(this.c);this.a=Math.floor(this.a);this.b=Math.floor(this.b);this.f=Math.floor(this.f);return this};Ec.prototype.round=function(){this.c=Math.round(this.c);this.a=Math.round(this.a);this.b=Math.round(this.b);this.f=Math.round(this.f);return this};function X(a,b,c,d){this.a=a;this.b=b;this.width=c;this.height=d}X.prototype.ceil=function(){this.a=Math.ceil(this.a);this.b=Math.ceil(this.b);this.width=Math.ceil(this.width);this.height=Math.ceil(this.height);return this};X.prototype.floor=function(){this.a=Math.floor(this.a);this.b=Math.floor(this.b);this.width=Math.floor(this.width);this.height=Math.floor(this.height);return this};\nX.prototype.round=function(){this.a=Math.round(this.a);this.b=Math.round(this.b);this.width=Math.round(this.width);this.height=Math.round(this.height);return this};var Fc=\"function\"===typeof ShadowRoot;function Gc(a){for(a=a.parentNode;a&&1!=a.nodeType&&9!=a.nodeType&&11!=a.nodeType;)a=a.parentNode;return W(a)?a:null}\nfunction Y(a,b){b=xa(b);if(\"float\"==b||\"cssFloat\"==b||\"styleFloat\"==b)b=Ac?\"styleFloat\":\"cssFloat\";a:{var c=b;var d=A(a);if(d.defaultView&&d.defaultView.getComputedStyle&&(d=d.defaultView.getComputedStyle(a,null))){c=d[c]||d.getPropertyValue(c)||\"\";break a}c=\"\"}a=c||Hc(a,b);if(null===a)a=null;else if(0<=ja(mc,b)){b:{var e=a.match(pc);if(e&&(b=Number(e[1]),c=Number(e[2]),d=Number(e[3]),e=Number(e[4]),0<=b&&255>=b&&0<=c&&255>=c&&0<=d&&255>=d&&0<=e&&1>=e)){b=[b,c,d,e];break b}b=null}if(!b)b:{if(d=a.match(qc))if(b=\nNumber(d[1]),c=Number(d[2]),d=Number(d[3]),0<=b&&255>=b&&0<=c&&255>=c&&0<=d&&255>=d){b=[b,c,d,1];break b}b=null}if(!b)b:{b=a.toLowerCase();c=lc[b.toLowerCase()];if(!c&&(c=\"#\"==b.charAt(0)?b:\"#\"+b,4==c.length&&(c=c.replace(nc,\"#$1$1$2$2$3$3\")),!oc.test(c))){b=null;break b}b=[parseInt(c.substr(1,2),16),parseInt(c.substr(3,2),16),parseInt(c.substr(5,2),16),1]}a=b?\"rgba(\"+b.join(\", \")+\")\":a}return a}\nfunction Hc(a,b){var c=a.currentStyle||a.style,d=c[b];void 0===d&&\"function\"==ca(c.getPropertyValue)&&(d=c.getPropertyValue(b));return\"inherit\"!=d?void 0!==d?d:null:(a=Gc(a))?Hc(a,b):null}\nfunction Ic(a,b,c){function d(g){var h=Jc(g);return 0<h.height&&0<h.width?!0:W(g,\"PATH\")&&(0<h.height||0<h.width)?(g=Y(g,\"stroke-width\"),!!g&&0<parseInt(g,10)):\"hidden\"!=Y(g,\"overflow\")&&ma(g.childNodes,function(m){return 3==m.nodeType||W(m)&&d(m)})}function e(g){return Kc(g)==Z&&na(g.childNodes,function(h){return!W(h)||e(h)||!d(h)})}if(!W(a))throw Error(\"Argument to isShown must be of type Element\");if(W(a,\"BODY\"))return!0;if(W(a,\"OPTION\")||W(a,\"OPTGROUP\"))return a=$a(a,function(g){return W(g,\"SELECT\")}),\n!!a&&Ic(a,!0,c);var f=Lc(a);if(f)return!!f.image&&0<f.rect.width&&0<f.rect.height&&Ic(f.image,b,c);if(W(a,\"INPUT\")&&\"hidden\"==a.type.toLowerCase()||W(a,\"NOSCRIPT\"))return!1;f=Y(a,\"visibility\");return\"collapse\"!=f&&\"hidden\"!=f&&c(a)&&(b||0!=Mc(a))&&d(a)?!e(a):!1}var Z=\"hidden\";\nfunction Kc(a){function b(p){function q(fb){if(fb==g)return!0;var Wb=Y(fb,\"display\");return 0==Wb.lastIndexOf(\"inline\",0)||\"contents\"==Wb||\"absolute\"==Xb&&\"static\"==Y(fb,\"position\")?!1:!0}var Xb=Y(p,\"position\");if(\"fixed\"==Xb)return w=!0,p==g?null:g;for(p=Gc(p);p&&!q(p);)p=Gc(p);return p}function c(p){var q=p;if(\"visible\"==m)if(p==g&&h)q=h;else if(p==h)return{x:\"visible\",y:\"visible\"};q={x:Y(q,\"overflow-x\"),y:Y(q,\"overflow-y\")};p==g&&(q.x=\"visible\"==q.x?\"auto\":q.x,q.y=\"visible\"==q.y?\"auto\":q.y);return q}\nfunction d(p){if(p==g){var q=(new ab(f)).a;p=q.scrollingElement?q.scrollingElement:Ea||\"CSS1Compat\"!=q.compatMode?q.body||q.documentElement:q.documentElement;q=q.parentWindow||q.defaultView;p=v&&Ka(\"10\")&&q.pageYOffset!=p.scrollTop?new Ua(p.scrollLeft,p.scrollTop):new Ua(q.pageXOffset||p.scrollLeft,q.pageYOffset||p.scrollTop)}else p=new Ua(p.scrollLeft,p.scrollTop);return p}var e=Nc(a),f=A(a),g=f.documentElement,h=f.body,m=Y(g,\"overflow\"),w;for(a=b(a);a;a=b(a)){var r=c(a);if(\"visible\"!=r.x||\"visible\"!=\nr.y){var D=Jc(a);if(0==D.width||0==D.height)return Z;var L=e.a<D.a,M=e.b<D.b;if(L&&\"hidden\"==r.x||M&&\"hidden\"==r.y)return Z;if(L&&\"visible\"!=r.x||M&&\"visible\"!=r.y){L=d(a);M=e.b<D.b-L.y;if(e.a<D.a-L.x&&\"visible\"!=r.x||M&&\"visible\"!=r.x)return Z;e=Kc(a);return e==Z?Z:\"scroll\"}L=e.f>=D.a+D.width;D=e.c>=D.b+D.height;if(L&&\"hidden\"==r.x||D&&\"hidden\"==r.y)return Z;if(L&&\"visible\"!=r.x||D&&\"visible\"!=r.y){if(w&&(r=d(a),e.f>=g.scrollWidth-r.x||e.a>=g.scrollHeight-r.y))return Z;e=Kc(a);return e==Z?Z:\"scroll\"}}}return\"none\"}\nfunction Jc(a){var b=Lc(a);if(b)return b.rect;if(W(a,\"HTML\"))return a=A(a),a=((a?a.parentWindow||a.defaultView:window)||window).document,a=\"CSS1Compat\"==a.compatMode?a.documentElement:a.body,a=new Va(a.clientWidth,a.clientHeight),new X(0,0,a.width,a.height);try{var c=a.getBoundingClientRect()}catch(d){return new X(0,0,0,0)}b=new X(c.left,c.top,c.right-c.left,c.bottom-c.top);v&&a.ownerDocument.body&&(a=A(a),b.a-=a.documentElement.clientLeft+a.body.clientLeft,b.b-=a.documentElement.clientTop+a.body.clientTop);\nreturn b}function Lc(a){var b=W(a,\"MAP\");if(!b&&!W(a,\"AREA\"))return null;var c=b?a:W(a.parentNode,\"MAP\")?a.parentNode:null,d=null,e=null;c&&c.name&&(d=Dc('/descendant::*[@usemap = \"#'+c.name+'\"]',A(c)))&&(e=Jc(d),b||\"default\"==a.shape.toLowerCase()||(a=Oc(a),b=Math.min(Math.max(a.a,0),e.width),c=Math.min(Math.max(a.b,0),e.height),e=new X(b+e.a,c+e.b,Math.min(a.width,e.width-b),Math.min(a.height,e.height-c))));return{image:d,rect:e||new X(0,0,0,0)}}\nfunction Oc(a){var b=a.shape.toLowerCase();a=a.coords.split(\",\");if(\"rect\"==b&&4==a.length){b=a[0];var c=a[1];return new X(b,c,a[2]-b,a[3]-c)}if(\"circle\"==b&&3==a.length)return b=a[2],new X(a[0]-b,a[1]-b,2*b,2*b);if(\"poly\"==b&&2<a.length){b=a[0];c=a[1];for(var d=b,e=c,f=2;f+1<a.length;f+=2)b=Math.min(b,a[f]),d=Math.max(d,a[f]),c=Math.min(c,a[f+1]),e=Math.max(e,a[f+1]);return new X(b,c,d-b,e-c)}return new X(0,0,0,0)}function Nc(a){a=Jc(a);return new Ec(a.b,a.a+a.width,a.b+a.height,a.a)}\nfunction Mc(a){if(Ac){if(\"relative\"==Y(a,\"position\"))return 1;a=Y(a,\"filter\");return(a=a.match(/^alpha\\(opacity=(\\d*)\\)/)||a.match(/^progid:DXImageTransform.Microsoft.Alpha\\(Opacity=(\\d*)\\)/))?Number(a[1])/100:1}return Pc(a)}function Pc(a){var b=1,c=Y(a,\"opacity\");c&&(b=Number(c));(a=Gc(a))&&(b*=Pc(a));return b};ba(\"_\",function(a,b){function c(d){if(W(d)&&\"none\"==Y(d,\"display\"))DEBUG    urllib3.connectionpool:connectionpool.py:544 http://selenium-hub:4444 "POST /wd/hub/session/2a670954043057007869b12b05838443/element/f.E2CA94EEEADEE1C7A00EAF7EB106933D.d.0882390D74053074C4DE2B9475F28A10.e.283/element HTTP/1.1" 200 0
DEBUG    selenium.webdriver.remote.remote_connection:remote_connection.py:329 Remote response: status=200 | data={"value":{"element-6066-11e4-a52e-4f735466cecf":"f.E2CA94EEEADEE1C7A00EAF7EB106933D.d.0882390D74053074C4DE2B9475F28A10.e.455"}} | headers=HTTPHeaderDict({'content-length': '127', 'content-type': 'application/json; charset=utf-8', 'cache-control': 'no-cache'})
DEBUG    selenium.webdriver.remote.remote_connection:remote_connection.py:356 Finished Request
DEBUG    selenium.webdriver.remote.remote_connection:remote_DEBUG    urllib3.connectionpool:connectionpool.py:544 http://selenium-hub:4444 "POST /wd/hub/session/aaf41ee7c423515e1ac988c7c8ac9ce5/execute/sync HTTP/1.1" 200 0
DEBUG    selenium.webdriDEBUG    urllib3.connectionpool:connectionpool.py:544 http://selenium-hub:4444 "GET /wd/hub/session/2a670954043057007869b12b05838443/element/f.E2CA94EEEADEE1C7A00EAF7EB106933D.d.0882390D74053074C4DE2B9475F28A10.e.455/text HTTP/1.1" 200 0
DEBUG    selenium.webdriver.remote.remote_connection:remote_connection.py:329 Remote response: status=200 | data={"value":"API E2E 1778179496"} | headers=HTTPHeaderDict({'content-length': '30', 'content-type': 'application/json; charset=utf-8', 'cache-control': 'no-cache'})
DEBUG    selenium.webdriver.remote.remote_connection:remote_connection.py:356 Finished Request
DEBUG    selenium.webdriver.remote.remote_connection:remote_connection.py:313 POST http://selenium-hub:4444/wd/hub/session/2a670954043057007869b12b05838443/element/f.E2CA94EEEADEE1C7A00EAF7EB106933D.d.0882390D74053074C4DE2B9475F28A10.e.284/element {"using": "css selector", "value": "div[data-testid='note-card-title']"}
DEBUG    urllib3.connectionpool:connectionpool.py:544 http://selenium-hub:4444 "POST /wd/hub/session/2a670954043057007869b12b05838443/element/f.E2CA94EEEADEE1C7A00EAF7EB106933D.d.0882390D74053074C4DE2B9475F28A10.e.284/element HTTP/1.1" 200 0
DEBUG    selenium.webdriver.remote.remote_connection:remote_connection.py:329 Remote response: status=200 | data={"value":{"element-6066-11e4-a52e-4f735466cecf":"f.E2CA94EEEADEE1C7A00EAF7EB106933D.d.0882390D74053074C4DE2B9475F28A10.e.456"}} | headers=HTTPHeaderDict({'content-length': '127', 'content-type': 'application/json; charset=utf-8', 'cache-control': 'no-cache'})
DEBUG    selenium.webdriver.remote.remote_connection:remote_connection.py:356 Finished Request
DEBUG    selenium.webdriver.remote.remote_connection:remote_connection.py:313 GET http://selenium-hub:4444/wd/hub/session/2a670954043057007869b12b05838443/element/f.E2CA94EEEADEE1C7A00EAF7EB106933D.d.0882390D74053074C4DE2B9475F28A10.e.456/text {}
DEBUG    urllib3.connectionpool:connectionpool.py:544 http://selenium-hub:4444 "GET /wd/hub/session/2a670954043057007869b12b05838443/element/f.E2CA94EEEADEE1C7A00EAF7EB106933D.d.0882390D74053074C4DE2B9475F28A10.e.456/text HTTP/1.1" 200 0
DEBUG    selenium.webdriver.remote.remote_connection:remote_connection.py:329 Remote response: status=200 | data={"value":"API E2E 1778175347"} | headers=HTTPHeaderDict({'content-length': '30', 'content-type': 'application/json; charset=utf-8', 'cache-control': 'no-cache'})
DEBUG    selenium.webdriver.remote.remote_connection:remote_connection.py:356 Finished Request
DEBUG    selenium.webdriver.remote.remote_connection:remote_connection.py:313 POST http://selenium-hub:4444/wd/hub/session/2a670954043057007869b12b05838443/element/f.E2CA94EEEADEE1C7A00EAF7EB106933D.d.0882390D74053074C4DE2B9475F28A10.e.285/element {"using": "css selector", "value": "div[data-testid='note-card-title']"}
DEBUG    urllib3.connectionpool:connectionpool.py:544 http://selenium-hub:4444 "POST /wd/hub/session/2a670954043057007869b12b05838443/element/f.E2CA94EEEADEE1C7A00EAF7EB106933D.d.0882390D74053074C4DE2B9475F28A10.e.285/element HTTP/1.1" 200 0
DEBUG    selenium.webdriver.remote.remote_connection:remote_connection.py:329 Remote response: status=200 | data={"value":{"element-6066-11e4-a52e-4f735466cecf":"f.E2CA94EEEADEE1C7A00EAF7EB106933D.d.0882390D74053074C4DE2B9475F28A10.e.457"}} | headers=HTTPHeaderDict({'content-length': '127', 'content-type': 'application/json; charset=utf-8', 'cache-control': 'no-cache'})
DEBUG    selenium.webdriver.remote.remote_connection:remote_connection.py:356 Finished Request
DEBUG    selenium.webdriver.remote.remote_connection:remote_connection.py:313 GET http://selenium-hub:4444/wd/hub/session/2a670954043057007869b12b05838443/element/f.E2CA94EEEADEE1C7A00EAF7EB106933D.d.0882390D74053074C4DE2B9475F28A10.e.457/text {}
DEBUG    urllib3.connectionpool:connectionpool.py:544 http://selenium-hub:4444 "GET /wd/hub/session/2a670954043057007869b12b05838443/element/f.E2CA94EEEADEE1C7A00EAF7EB106933D.d.0882390D74053074C4DE2B9475F28A10.e.457/text HTTP/1.1" 200 0
DEBUG    selenium.webdriver.remote.remote_connection:remote_connection.py:329 Remote response: status=200 | data={"value":"API E2E 1778175313"} | headers=HTTPHeaderDict({'content-length': '30', 'content-type': 'application/json; charset=utf-8', 'cache-control': 'no-cache'})
DEBUG    selenium.webdriver.remote.remote_connection:remote_connection.py:356 Finished Request
DEBUG    selenium.webdriver.remote.remote_connection:remote_connection.py:313 POST http://selenium-hub:4444/wd/hub/session/2a670954043057007869b12b05838443/element/f.E2CA94EEEADEE1C7A00EAF7EB106933D.d.0882390D74053074C4DE2B9475F28A10.e.286/element {"using": "css selector", "value": "div[data-testid='note-card-title']"}
DEBUG    urllib3.connectionpool:connectionpool.py:544 http://selenium-hub:4444 "POST /wd/hub/session/2a670954043057007869b12b05838443/element/f.E2CA94EEEADEE1C7A00EAF7EB106933D.d.0882390D74053074C4DE2B9475F28A10.e.286/element HTTP/1.1" 200 0
DEBUG    selenium.webdriver.remote.remote_connection:remote_connection.py:329 Remote response: status=200 | data={"value":{"element-6066-11e4-a52e-4f735466cecf":"f.E2CA94EEEADEE1C7A00EAF7EB106933D.d.0882390D74053074C4DE2B9475F28A10.e.458"}} | headers=HTTPHeaderDict({'content-length': '127', 'content-type': 'application/json; charset=utf-8', 'cache-control': 'no-cache'})
DEBUG    selenium.webdriver.remote.remote_connection:remote_connection.py:356 Finished Request
DEBUG    selenium.webdriver.remote.remote_connection:remote_connection.py:313 GET http://selenium-hub:4444/wd/hub/session/2a670954043057007869b12b05838443/element/f.E2CA94EEEADEE1C7A00EAF7EB106933D.d.0882390D74053074C4DE2B9475F28A10.e.458/text {}
DEBUG    urllib3.connectionpool:connectionpool.py:544 http://selenium-hub:4444 "GET /wd/hub/session/2a670954043057007869b12b05838443/element/f.E2CA94EEEADEE1C7A00EAF7EB106933D.d.0882390D74053074C4DE2B9475F28A10.e.458/text HTTP/1.1" 200 0
DEBUG    selenium.webdriver.remote.remote_connection:remote_connection.py:329 Remote response: status=200 | data={"value":"API E2E 1778175279"} | headers=HTTPHeaderDict({'content-length': '30', 'content-type': 'application/json; charset=utf-8', 'cache-control': 'no-cache'})
DEBUG    selenium.webdriver.remote.remote_connection:remote_connection.py:356 Finished Request
DEBUG    selenium.webdriver.remote.remote_connection:remote_connection.py:313 POST http://selenium-hub:4444/wd/hub/session/2a670954043057007869b12b05838443/element/f.E2CA94EEEADEE1C7A00EAF7EB106933D.d.0882390D74053074C4DE2B9475F28A10.e.287/element {"using": "css selector", "value": "div[data-testid='note-card-title']"}
DEBUG    urllib3.connectionpool:connectionpool.py:544 http://selenium-hub:4444 "POST /wd/hub/session/2a670954043057007869b12b05838443/element/f.E2CA94EEEADEE1C7A00EAF7EB106933D.d.0882390D74053074C4DE2B9475F28A10.e.287/element HTTP/1.1" 200 0
DEBUG    selenium.webdriver.remote.remote_connection:remote_connection.py:329 Remote response: status=200 | data={"value":{"element-6066-11e4-a52e-4f735466cecf":"f.E2CA94EEEADEE1C7A00EAF7EB106933D.d.0882390D74053074C4DE2B9475F28A10.e.459"}} | headers=HTTPHeaderDict({'content-length': '127', 'content-type': 'application/json; charset=utf-8', 'cache-control': 'no-cache'})
DEBUG    selenium.webdriver.remote.remote_connection:remote_connection.py:356 Finished Request
DEBUG    selenium.webdriver.remote.remote_connection:remote_connection.py:313 GET http://selenium-hub:4444/wd/hub/session/2a670954043057007869b12b05838443/element/f.E2CA94EEEADEE1C7A00EAF7EB106933D.d.0882390D74053074C4DE2B9475F28A10.e.459/text {}
DEBUG    urllib3.connectionpool:connectionpool.py:544 http://selenium-hub:4444 "GET /wd/hub/session/2a670954043057007869b12b05838443/element/f.E2CA94EEEADEE1C7A00EAF7EB106933D.d.0882390D74053074C4DE2B9475F28A10.e.459/text HTTP/1.1" 200 0
DEBUG    selenium.webdriver.remote.remote_connection:remote_connection.py:329 Remote response: status=200 | data={"value":"API E2E 1778174733"} | headers=HTTPHeaderDict({'content-length': '30', 'content-type': 'application/json; charset=utf-8', 'cache-control': 'no-cache'})
DEBUG    selenium.webdriver.remote.remote_connection:remote_connection.py:356 Finished Request
DEBUG    selenium.webdriver.remote.remote_connection:remote_connection.py:313 POST http://selenium-hub:4444/wd/hub/session/2a670954043057007869b12b05838443/element/f.E2CA94EEEADEE1C7A00EAF7EB106933D.d.0882390D74053074C4DE2B9475F28A10.e.288/element {"using": "css selector", "value": "div[data-testid='note-card-title']"}
DEBUG    urllib3.connectionpool:connectionpool.py:544 http://selenium-hub:4444 "POST /wd/hub/session/2a670954043057007869b12b05838443/element/f.E2CA94EEEADEE1C7A00EAF7EB106933D.d.0882390D74053074C4DE2B9475F28A10.e.288/element HTTP/1.1" 200 0
DEBUG    selenium.webdriver.remote.remote_connection:remote_connection.py:329 Remote response: status=200 | data={"value":{"element-6066-11e4-a52e-4f735466cecf":"f.E2CA94EEEADEE1C7A00EAF7EB106933D.d.0882390D74053074C4DE2B9475F28A10.e.460"}} | headers=HTTPHeaderDict({'content-length': '127', 'content-type': 'application/json; charset=utf-8', 'cache-control': 'no-cache'})
DEBUG    selenium.webdriver.remote.remote_connection:remote_connection.py:356 Finished Request
DEBUG    selenium.webdriver.remote.remote_connection:remote_connection.py:313 GET http://selenium-hub:4444/wd/hub/session/2a670954043057007869b12b05838443/element/f.E2CA94EEEADEE1C7A00EAF7EB106933D.d.0882390D74053074C4DE2B9475F28A10.e.460/text {}
DEBUG    urllib3.connectionpool:connectionpool.py:544 http://selenium-hub:4444 "GET /wd/hub/session/2a670954043057007869b12b05838443/element/f.E2CA94EEEADEE1C7A00EAF7EB106933D.d.0882390D74053074C4DE2B9475F28A10.e.460/text HTTP/1.1" 200 0
DEBUG    selenium.webdriver.remote.remote_connection:remote_connection.py:329 Remote response: status=200 | data={"value":"API E2E 1778174144"} | headers=HTTPHeaderDict({'content-length': '30', 'content-type': 'application/json; charset=utf-8', 'cache-control': 'no-cache'})
DEBUG    selenium.webdriver.remote.remote_connection:remote_connection.py:356 Finished Request
DEBUG    selenium.webdriver.remote.remote_connection:remote_connection.py:313 POST http://selenium-hub:4444/wd/hub/session/2a670954043057007869b12b05838443/element/f.E2CA94EEEADEE1C7A00EAF7EB106933D.d.0882390D74053074C4DE2B9475F28A10.e.289/element {"using": "css selector", "value": "div[data-testid='note-card-title']"}
DEBUG    urllib3.connectionpool:connectionpool.py:544 http://selenium-hub:4444 "POST /wd/hub/session/2a670954043057007869b12b05838443/element/f.E2CA94EEEADEE1C7A00EAF7EB106933D.d.0882390D74053074C4DE2B9475F28A10.e.289/element HTTP/1.1" 200 0
DEBUG    selenium.webdriver.remote.remote_connection:remote_connection.py:329 Remote response: status=200 | data={"value":{"element-6066-11e4-a52e-4f735466cecf":"f.E2CA94EEEADEE1C7A00EAF7EB106933D.d.0882390D74053074C4DE2B9475F28A10.e.461"}} | headers=HTTPHeaderDict({'content-length': '127', 'content-type': 'application/json; charset=utf-8', 'cache-control': 'no-cache'})
DEBUG    selenium.webdriver.remote.remote_connection:remote_connection.py:356 Finished Request
DEBUG    selenium.webdriver.remote.remote_connection:remote_connection.py:313 GET http://selenium-hub:4444/wd/hub/session/2a670954043057007869b12b05838443/element/f.E2CA94EEEADEE1C7A00EAF7EB106933D.d.0882390D74053074C4DE2B9475F28A10.e.461/text {}
DEBUG    urllib3.connectionpool:connectionpool.py:544 http://selenium-hub:4444 "GET /wd/hub/session/2a670954043057007869b12b05838443/element/f.E2CA94EEEADEE1C7A00EAF7EB106933D.d.0882390D74053074C4DE2B9475F28A10.e.461/text HTTP/1.1" 200 0
DEBUG    selenium.webdriver.remote.remote_connection:remote_connection.py:329 Remote response: status=200 | data={"value":"API E2E 1778174091"} | headers=HTTPHeaderDict({'content-length': '30', 'content-type': 'application/json; charset=utf-8', 'cache-control': 'no-cache'})
DEBUG    selenium.webdriver.remote.remote_connection:remote_connection.py:356 Finished Request
DEBUG    selenium.webdriver.remote.remote_connection:remote_connection.py:313 POST http://selenium-hub:4444/wd/hub/session/2a670954043057007869b12b05838443/element/f.E2CA94EEEADEE1C7A00EAF7EB106933D.d.0882390D74053074C4DE2B9475F28A10.e.290/element {"using": "css selector", "value": "div[data-testid='note-card-title']"}
DEBUG    urllib3.connectionpool:connectionpool.py:544 http://selenium-hub:4444 "POST /wd/hub/session/2a670954043057007869b12b05838443/element/f.E2CA94EEEADEE1C7A00EAF7EB106933D.d.0882390D74053074C4DE2B9475F28A10.e.290/element HTTP/1.1" 200 0
DEBUG    selenium.webdriver.remote.remote_connection:remote_connection.py:329 Remote response: status=200 | data={"value":{"element-6066-11e4-a52e-4f735466cecf":"f.E2CA94EEEADEE1C7A00EAF7EB106933D.d.0882390D74053074C4DE2B9475F28A10.e.462"}} | headers=HTTPHeaderDict({'content-length': '127', 'content-type': 'application/json; charset=utf-8', 'cache-control': 'no-cache'})
DEBUG    selenium.webdriver.remote.remote_connection:remote_connection.py:356 Finished Request
DEBUG    selenium.webdriver.remote.remote_connection:remote_connection.py:313 GET http://selenium-hub:4444/wd/hub/session/2a670954043057007869b12b05838443/element/f.E2CA94EEEADEE1C7A00EAF7EB106933D.d.0882390D74053074C4DE2B9475F28A10.e.462/text {}
DEBUG    urllib3.connectionpool:connectionpool.py:544 http://selenium-hub:4444 "GET /wd/hub/session/2a670954043057007869b12b05838443/element/f.E2CA94EEEADEE1C7A00EAF7EB106933D.d.0882390D74053074C4DE2B9475F28A10.e.462/text HTTP/1.1" 200 0
DEBUG    selenium.webdriver.remote.remote_connection:remote_connection.py:329 Remote response: status=200 | data={"value":"API E2E 1778174043"} | headers=HTTPHeaderDict({'content-length': '30', 'content-type': 'application/json; charset=utf-8', 'cache-control': 'no-cache'})
DEBUG    selenium.webdriver.remote.remote_connection:remote_connection.py:356 Finished Request
DEBUG    selenium.webdriver.remote.remote_connection:remote_connection.py:313 POST http://selenium-hub:4444/wd/hub/session/2a670954043057007869b12b05838443/element/f.E2CA94EEEADEE1C7A00EAF7EB106933D.d.0882390D74053074C4DE2B9475F28A10.e.291/element {"using": "css selector", "value": "div[data-testid='note-card-title']"}
DEBUG    urllib3.connectionpool:connectionpool.py:544 http://selenium-hub:4444 "POST /wd/hub/session/2a670954043057007869b12b05838443/element/f.E2CA94EEEADEE1C7A00EAF7EB106933D.d.0882390D74053074C4DE2B9475F28A10.e.291/element HTTP/1.1" 200 0
DEBUG    selenium.webdriver.remote.remote_connection:remote_connection.py:329 Remote response: status=200 | data={"value":{"element-6066-11e4-a52e-4f735466cecf":"f.E2CA94EEEADEE1C7A00EAF7EB106933D.d.0882390D74053074C4DE2B9475F28A10.e.463"}} | headers=HTTPHeaderDict({'content-length': '127', 'content-type': 'application/json; charset=utf-8', 'cache-control': 'no-cache'})
DEBUG    selenium.webdriver.remote.remote_connection:remote_connection.py:356 Finished Request
DEBUG    selenium.webdriver.remote.remote_connection:remote_connection.py:313 GET http://selenium-hub:4444/wd/hub/session/2a670954043057007869b12b05838443/element/f.E2CA94EEEADEE1C7A00EAF7EB106933D.d.0882390D74053074C4DE2B9475F28A10.e.463/text {}
DEBUG    urllib3.connectionpool:connectionpool.py:544 http://selenium-hub:4444 "GET /wd/hub/session/2a670954043057007869b12b05838443/element/f.E2CA94EEEADEE1C7A00EAF7EB106933D.d.0882390D74053074C4DE2B9475F28A10.e.463/text HTTP/1.1" 200 0
DEBUG    selenium.webdriver.remote.remote_connection:remote_connection.py:329 Remote response: status=200 | data={"value":"API E2E 1778173746"} | headers=HTTPHeaderDict({'content-length': '30', 'content-type': 'application/json; charset=utf-8', 'cache-control': 'no-cache'})
DEBUG    selenium.webdriver.remote.remote_connection:remote_connection.py:356 Finished Request
DEBUG    selenium.webdriver.remote.remote_connection:remote_connection.py:313 POST http://selenium-hub:4444/wd/hub/session/2a670954043057007869b12b05838443/element/f.E2CA94EEEADEE1C7A00EAF7EB106933D.d.0882390D74053074C4DE2B9475F28A10.e.292/element {"using": "css selector", "value": "div[data-testid='note-card-title']"}
DEBUG    urllib3.connectionpool:connectionpool.py:544 http://selenium-hub:4444 "POST /wd/hub/session/2a670954043057007869b12b05838443/element/f.E2CA94EEEADEE1C7A00EAF7EB106933D.d.0882390D74053074C4DE2B9475F28A10.e.292/element HTTP/1.1" 200 0
DEBUG    selenium.webdriver.remote.remote_connection:remote_connection.py:329 Remote response: status=200 | data={"value":{"element-6066-11e4-a52e-4f735466cecf":"f.E2CA94EEEADEE1C7A00EAF7EB106933D.d.0882390D74053074C4DE2B9475F28A10.e.464"}} | headers=HTTPHeaderDict({'content-length': '127', 'content-type': 'application/json; charset=utf-8', 'cache-control': 'no-cache'})
DEBUG    selenium.webdriver.remote.remote_connection:remote_connection.py:356 Finished Request
DEBUG    selenium.webdriver.remote.remote_connection:remote_connection.py:313 GET http://selenium-hub:4444/wd/hub/session/2a670954043057007869b12b05838443/element/f.E2CA94EEEADEE1C7A00EAF7EB106933D.d.0882390D74053074C4DE2B9475F28A10.e.464/text {}
DEBUG    urllib3.connectionpool:connectionpool.py:544 http://selenium-hub:4444 "GET /wd/hub/session/2a670954043057007869b12b05838443/element/f.E2CA94EEEADEE1C7A00EAF7EB106933D.d.0882390D74053074C4DE2B9475F28A10.e.464/text HTTP/1.1" 200 0
DEBUG    selenium.webdriver.remote.remote_connection:remote_connection.py:329 Remote response: status=200 | data={"value":"API E2E 1778173714"} | headers=HTTPHeaderDict({'content-length': '30', 'content-type': 'application/json; charset=utf-8', 'cache-control': 'no-cache'})
DEBUG    selenium.webdriver.remote.remote_connection:remote_connection.py:356 Finished Request
DEBUG    selenium.webdriver.remote.remote_connection:remote_connection.py:313 POST http://selenium-hub:4444/wd/hub/session/2a670954043057007869b12b05838443/element/f.E2CA94EEEADEE1C7A00EAF7EB106933D.d.0882390D74053074C4DE2B9475F28A10.e.293/element {"using": "css selector", "value": "div[data-testid='note-card-title']"}
DEBUG    urllib3.connectionpool:connectionpool.py:544 http://selenium-hub:4444 "POST /wd/hub/session/2a670954043057007869b12b05838443/element/f.E2CA94EEEADEE1C7A00EAF7EB106933D.d.0882390D74053074C4DE2B9475F28A10.e.293/element HTTP/1.1" 200 0
DEBUG    selenium.webdriver.remote.remote_connection:remote_connection.py:329 Remote response: status=200 | data={"value":{"element-6066-11e4-a52e-4f735466cecf":"f.E2CA94EEEADEE1C7A00EAF7EB106933D.d.0882390D74053074C4DE2B9475F28A10.e.465"}} | headers=HTTPHeaderDict({'content-length': '127', 'content-type': 'application/json; charset=utf-8', 'cache-control': 'no-cache'})
DEBUG    selenium.webdriver.remote.remote_connection:remote_connection.py:356 Finished Request
DEBUG    selenium.webdriver.remote.remote_connection:remote_connection.py:313 GET http://selenium-hub:4444/wd/hub/session/2a670954043057007869b12b05838443/element/f.E2CA94EEEADEE1C7A00EAF7EB106933D.d.0882390D74053074C4DE2B9475F28A10.e.465/text {}
DEBUG    urllib3.connectionpool:connectionpool.py:544 http://selenium-hub:4444 "GET /wd/hub/session/2a670954043057007869b12b05838443/element/f.E2CA94EEEADEE1C7A00EAF7EB106933D.d.0882390D74053074C4DE2B9475F28A10.e.465/text HTTP/1.1" 200 0
DEBUG    selenium.webdriver.remote.remote_connection:remote_connection.py:329 Remote response: status=200 | data={"value":"UI Test"} | headers=HTTPHeaderDict({'content-length': '19', 'content-type': 'application/json; charset=utf-8', 'cache-control': 'no-cache'})
DEBUG    selenium.webdriver.remote.remote_connection:remote_connection.py:356 Finished Request
DEBUG    selenium.webdriver.remote.remote_connection:remote_connection.py:313 POST http://selenium-hub:4444/wd/hub/session/2a670954043057007869b12b05838443/element/f.E2CA94EEEADEE1C7A00EAF7EB106933D.d.0882390D74053074C4DE2B9475F28A10.e.294/element {"using": "css selector", "value": "div[data-testid='note-card-title']"}
DEBUG    urllib3.connectionpool:connectionpool.py:544 http://selenium-hub:4444 "POST /wd/hub/session/2a670954043057007869b12b05838443/element/f.E2CA94EEEADEE1C7A00EAF7EB106933D.d.0882390D74053074C4DE2B9475F28A10.e.294/element HTTP/1.1" 200 0
DEBUG    selenium.webdriver.remote.remote_connection:remote_connection.py:329 Remote response: status=200 | data={"value":{"element-6066-11e4-a52e-4f735466cecf":"f.E2CA94EEEADEE1C7A00EAF7EB106933D.d.0882390D74053074C4DE2B9475F28A10.e.466"}} | headers=HTTPHeaderDict({'content-length': '127', 'content-type': 'application/json; charset=utf-8', 'cache-control': 'no-cache'})
DEBUG    selenium.webdriver.remote.remote_connection:remote_connection.py:356 Finished Request
DEBUG    selenium.webdriver.remote.remote_connection:remote_connection.py:313 GET http://selenium-hub:4444/wd/hub/session/2a670954043057007869b12b05838443/element/f.E2CA94EEEADEE1C7A00EAF7EB106933D.d.0882390D74053074C4DE2B9475F28A10.e.466/text {}
DEBUG    urllib3.connectionpool:connectionpool.py:544 http://selenium-hub:4444 "GET /wd/hub/session/2a670954043057007869b12b05838443/element/f.E2CA94EEEADEE1C7A00EAF7EB106933D.d.0882390D74053074C4DE2B9475F28A10.e.466/text HTTP/1.1" 200 0
DEBUG    selenium.webdriver.remote.remote_connection:remote_connection.py:329 Remote response: status=200 | data={"value":"API E2E 1778172591"} | headers=HTTPHeaderDict({'content-length': '30', 'content-type': 'application/json; charset=utf-8', 'cache-control': 'no-cache'})
DEBUG    selenium.webdriver.remote.remote_connection:remote_connection.py:356 Finished Request
DEBUG    selenium.webdriver.remote.remote_connection:remote_connection.py:313 POST http://selenium-hub:4444/wd/hub/session/2a670954043057007869b12b05838443/element/f.E2CA94EEEADEE1C7A00EAF7EB106933D.d.0882390D74053074C4DE2B9475F28A10.e.295/element {"using": "css selector", "value": "div[data-testid='note-card-title']"}
DEBUG    urllib3.connectionpool:connectionpool.py:544 http://selenium-hub:4444 "POST /wd/hub/session/2a670954043057007869b12b05838443/element/f.E2CA94EEEADEE1C7A00EAF7EB106933D.d.0882390D74053074C4DE2B9475F28A10.e.295/element HTTP/1.1" 200 0
DEBUG    selenium.webdriver.remote.remote_connection:remote_connection.py:329 Remote response: status=200 | data={"value":{"element-6066-11e4-a52e-4f735466cecf":"f.E2CA94EEEADEE1C7A00EAF7EB106933D.d.0882390D74053074C4DE2B9475F28A10.e.467"}} | headers=HTTPHeaderDict({'content-length': '127', 'content-type': 'application/json; charset=utf-8', 'cache-control': 'no-cache'})
DEBUG    selenium.webdriver.remote.remote_connection:remote_connection.py:356 Finished Request
DEBUG    selenium.webdriver.remote.remote_connection:remote_connection.py:313 GET http://selenium-hub:4444/wd/hub/session/2a670954043057007869b12b05838443/element/f.E2CA94EEEADEE1C7A00EAF7EB106933D.d.0882390D74053074C4DE2B9475F28A10.e.467/text {}
DEBUG    urllib3.connectionpool:connectionpool.py:544 http://selenium-hub:4444 "GET /wd/hub/session/2a670954043057007869b12b05838443/element/f.E2CA94EEEADEE1C7A00EAF7EB106933D.d.0882390D74053074C4DE2B9475F28A10.e.467/text HTTP/1.1" 200 0
DEBUG    selenium.webdriver.remote.remote_connection:remote_connection.py:329 Remote response: status=200 | data={"value":"API E2E 1778172524"} | headers=HTTPHeaderDict({'content-length': '30', 'content-type': 'application/json; charset=utf-8', 'cache-control': 'no-cache'})
DEBUG    selenium.webdriver.remote.remote_connection:remote_connection.py:356 Finished Request
DEBUG    selenium.webdriver.remote.remote_connection:remote_connection.py:313 POST http://selenium-hub:4444/wd/hub/session/2a670954043057007869b12b05838443/element/f.E2CA94EEEADEE1C7A00EAF7EB106933D.d.0882390D74053074C4DE2B9475F28A10.e.296/element {"using": "css selector", "value": "div[data-testid='note-card-title']"}
DEBUG    urllib3.connectionpool:connectionpool.py:544 http://selenium-hub:4444 "POST /wd/hub/session/2a670954043057007869b12b05838443/element/f.E2CA94EEEADEE1C7A00EAF7EB106933D.d.0882390D74053074C4DE2B9475F28A10.e.296/element HTTP/1.1" 200 0
DEBUG    selenium.webdriver.remote.remote_connection:remote_connection.py:329 Remote response: status=200 | data={"value":{"element-6066-11e4-a52e-4f735466cecf":"f.E2CA94EEEADEE1C7A00EAF7EB106933D.d.0882390D74053074C4DE2B9475F28A10.e.468"}} | headers=HTTPHeaderDict({'content-length': '127', 'content-type': 'application/json; charset=utf-8', 'cache-control': 'no-cache'})
DEBUG    selenium.webdriver.remote.remote_connection:remote_connection.py:356 Finished Request
DEBUG    selenium.webdriver.remote.remote_connection:remote_connection.py:313 GET http://selenium-hub:4444/wd/hub/session/2a670954043057007869b12b05838443/element/f.E2CA94EEEADEE1C7A00EAF7EB106933D.d.0882390D74053074C4DE2B9475F28A10.e.468/text {}
DEBUG    urllib3.connectionpool:connectionpool.py:544 http://selenium-hub:4444 "GET /wd/hub/session/2a670954043057007869b12b05838443/element/f.E2CA94EEEADEE1C7A00EAF7EB106933D.d.0882390D74053074C4DE2B9475F28A10.e.468/text HTTP/1.1" 200 0
DEBUG    selenium.webdriver.remote.remote_connection:remote_connection.py:329 Remote response: status=200 | data={"value":"API E2E 1778172460"} | headers=HTTPHeaderDict({'content-length': '30', 'content-type': 'application/json; charset=utf-8', 'cache-control': 'no-cache'})
DEBUG    selenium.webdriver.remote.remote_connection:remote_connection.py:356 Finished Request
DEBUG    selenium.webdriver.remote.remote_connection:remote_connection.py:313 POST http://selenium-hub:4444/wd/hub/session/2a670954043057007869b12b05838443/element/f.E2CA94EEEADEE1C7A00EAF7EB106933D.d.0882390D74053074C4DE2B9475F28A10.e.297/element {"using": "css selector", "value": "div[data-testid='note-card-title']"}
DEBUG    urllib3.connectionpool:connectionpool.py:544 http://selenium-hub:4444 "POST /wd/hub/session/2a670954043057007869b12b05838443/element/f.E2CA94EEEADEE1C7A00EAF7EB106933D.d.0882390D74053074C4DE2B9475F28A10.e.297/element HTTP/1.1" 200 0
DEBUG    selenium.webdriver.remote.remote_connection:remote_connection.py:329 Remote response: status=200 | data={"value":{"element-6066-11e4-a52e-4f735466cecf":"f.E2CA94EEEADEE1C7A00EAF7EB106933D.d.0882390D74053074C4DE2B9475F28A10.e.469"}} | headers=HTTPHeaderDict({'content-length': '127', 'content-type': 'application/json; charset=utf-8', 'cache-control': 'no-cache'})
DEBUG    selenium.webdriver.remote.remote_connection:remote_connection.py:356 Finished Request
DEBUG    selenium.webdriver.remote.remote_connection:remote_connection.py:313 GET http://selenium-hub:4444/wd/hub/session/2a670954043057007869b12b05838443/element/f.E2CA94EEEADEE1C7A00EAF7EB106933D.d.0882390D74053074C4DE2B9475F28A10.e.469/text {}
DEBUG    urllib3.connectionpool:connectionpool.py:544 http://selenium-hub:4444 "GET /wd/hub/session/2a670954043057007869b12b05838443/element/f.E2CA94EEEADEE1C7A00EAF7EB106933D.d.0882390D74053074C4DE2B9475F28A10.e.469/text HTTP/1.1" 200 0
DEBUG    selenium.webdriver.remote.remote_connection:remote_connection.py:329 Remote response: status=200 | data={"value":"E2E Title"} | headers=HTTPHeaderDict({'content-length': '21', 'content-type': 'application/json; charset=utf-8', 'cache-control': 'no-cache'})
DEBUG    selenium.webdriver.remote.remote_connection:remote_connection.py:356 Finished Request
DEBUG    selenium.webdriver.remote.remote_connection:remote_connection.py:313 POST http://selenium-hub:4444/wd/hub/session/2a670954043057007869b12b05838443/element/f.E2CA94EEEADEE1C7A00EAF7EB106933D.d.0882390D74053074C4DE2B9475F28A10.e.298/element {"using": "css selector", "value": "div[data-testid='note-card-title']"}
DEBUG    urllib3.connectionpool:connectionpool.py:544 http://selenium-hub:4444 "POST /wd/hub/session/2a670954043057007869b12b05838443/element/f.E2CA94EEEADEE1C7A00EAF7EB106933D.d.0882390D74053074C4DE2B9475F28A10.e.298/element HTTP/1.1" 200 0
DEBUG    selenium.webdriver.remote.remote_connection:remote_connection.py:329 Remote response: status=200 | data={"value":{"element-6066-11e4-a52e-4f735466cecf":"f.E2CA94EEEADEE1C7A00EAF7EB106933D.d.0882390D74053074C4DE2B9475F28A10.e.470"}} | headers=HTTPHeaderDict({'content-length': '127', 'content-type': 'application/json; charset=utf-8', 'cache-control': 'no-cache'})
DEBUG    selenium.webdriver.remote.remote_connection:remote_connection.py:356 Finished Request
DEBUG    selenium.webdriver.remote.remote_connection:remote_connection.py:313 GET http://selenium-hub:4444/wd/hub/session/2a670954043057007869b12b05838443/element/f.E2CA94EEEADEE1C7A00EAF7EB106933D.d.0882390D74053074C4DE2B9475F28A10.e.470/text {}
DEBUG    urllib3.connectionpool:connectionpool.py:544 http://selenium-hub:4444 "GET /wd/hub/session/2a670954043057007869b12b05838443/element/f.E2CA94EEEADEE1C7A00EAF7EB106933D.d.0882390D74053074C4DE2B9475F28A10.e.470/text HTTP/1.1" 200 0
DEBUG    selenium.webdriver.remote.remote_connection:remote_connection.py:329 Remote response: status=200 | data={"value":"API E2E 1778170949"} | headers=HTTPHeaderDict({'content-length': '30', 'content-type': 'application/json; charset=utf-8', 'cache-control': 'no-cache'})
DEBUG    selenium.webdriver.remote.remote_connection:remote_connection.py:356 Finished Request
DEBUG    selenium.webdriver.remote.remote_connection:remote_connection.py:313 POST http://selenium-hub:4444/wd/hub/session/2a670954043057007869b12b05838443/element/f.E2CA94EEEADEE1C7A00EAF7EB106933D.d.0882390D74053074C4DE2B9475F28A10.e.299/element {"using": "css selector", "value": "div[data-testid='note-card-title']"}
DEBUG    urllib3.connectionpool:connectionpool.py:544 http://selenium-hub:4444 "POST /wd/hub/session/2a670954043057007869b12b05838443/element/f.E2CA94EEEADEE1C7A00EAF7EB106933D.d.0882390D74053074C4DE2B9475F28A10.e.299/element HTTP/1.1" 200 0
DEBUG    selenium.webdriver.remote.remote_connection:remote_connection.py:329 Remote response: status=200 | data={"value":{"element-6066-11e4-a52e-4f735466cecf":"f.E2CA94EEEADEE1C7A00EAF7EB106933D.d.0882390D74053074C4DE2B9475F28A10.e.471"}} | headers=HTTPHeaderDict({'content-length': '127', 'content-type': 'application/json; charset=utf-8', 'cache-control': 'no-cache'})
DEBUG    selenium.webdriver.remote.remote_connection:remote_connection.py:356 Finished Request
DEBUG    selenium.webdriver.remote.remote_connection:remote_connection.py:313 GET http://selenium-hub:4444/wd/hub/session/2a670954043057007869b12b05838443/element/f.E2CA94EEEADEE1C7A00EAF7EB106933D.d.0882390D74053074C4DE2B9475F28A10.e.471/text {}
DEBUG    urllib3.connectionpool:connectionpool.py:544 http://selenium-hub:4444 "GET /wd/hub/session/2a670954043057007869b12b05838443/element/f.E2CA94EEEADEE1C7A00EAF7EB106933D.d.0882390D74053074C4DE2B9475F28A10.e.471/text HTTP/1.1" 200 0
DEBUG    selenium.webdriver.remote.remote_connection:remote_connection.py:329 Remote response: status=200 | data={"value":"API E2E 1778170902"} | headers=HTTPHeaderDict({'content-length': '30', 'content-type': 'application/json; charset=utf-8', 'cache-control': 'no-cache'})
DEBUG    selenium.webdriver.remote.remote_connection:remote_connection.py:356 Finished Request
DEBUG    selenium.webdriver.remote.remote_connection:remote_connection.py:313 POST http://selenium-hub:4444/wd/hub/session/2a670954043057007869b12b05838443/element/f.E2CA94EEEADEE1C7A00EAF7EB106933D.d.0882390D74053074C4DE2B9475F28A10.e.300/element {"using": "css selector", "value": "div[data-testid='note-card-title']"}
DEBUG    urllib3.connectionpool:connectionpool.py:544 http://selenium-hub:4444 "POST /wd/hub/session/2a670954043057007869b12b05838443/element/f.E2CA94EEEADEE1C7A00EAF7EB106933D.d.0882390D74053074C4DE2B9475F28A10.e.300/element HTTP/1.1" 200 0
DEBUG    selenium.webdriver.remote.remote_connection:remote_connection.py:329 Remote response: status=200 | data={"value":{"element-6066-11e4-a52e-4f735466cecf":"f.E2CA94EEEADEE1C7A00EAF7EB106933D.d.0882390D74053074C4DE2B9475F28A10.e.472"}} | headers=HTTPHeaderDict({'content-length': '127', 'content-type': 'application/json; charset=utf-8', 'cache-control': 'no-cache'})
DEBUG    selenium.webdriver.remote.remote_connection:remote_connection.py:356 Finished Request
DEBUG    selenium.webdriver.remote.remote_connection:remote_connection.py:313 GET http://selenium-hub:4444/wd/hub/session/2a670954043057007869b12b05838443/element/f.E2CA94EEEADEE1C7A00EAF7EB106933D.d.0882390D74053074C4DE2B9475F28A10.e.472/text {}
DEBUG    urllib3.connectionpool:connectionpool.py:544 http://selenium-hub:4444 "GET /wd/hub/session/2a670954043057007869b12b05838443/element/f.E2CA94EEEADEE1C7A00EAF7EB106933D.d.0882390D74053074C4DE2B9475F28A10.e.472/text HTTP/1.1" 200 0
DEBUG    selenium.webdriver.remote.remote_connection:remote_connection.py:329 Remote response: status=200 | data={"value":"UI Test"} | headers=HTTPHeaderDict({'content-length': '19', 'content-type': 'application/json; charset=utf-8', 'cache-control': 'no-cache'})
DEBUG    selenium.webdriver.remote.remote_connection:remote_connection.py:356 Finished Request
DEBUG    selenium.webdriver.remote.remote_connection:remote_connection.py:313 POST http://selenium-hub:4444/wd/hub/session/2a670954043057007869b12b05838443/element/f.E2CA94EEEADEE1C7A00EAF7EB106933D.d.0882390D74053074C4DE2B9475F28A10.e.301/element {"using": "css selector", "value": "div[data-testid='note-card-title']"}
DEBUG    urllib3.connectionpool:connectionpool.py:544 http://selenium-hub:4444 "POST /wd/hub/session/2a670954043057007869b12b05838443/element/f.E2CA94EEEADEE1C7A00EAF7EB106933D.d.0882390D74053074C4DE2B9475F28A10.e.301/element HTTP/1.1" 200 0
DEBUG    selenium.webdriver.remote.remote_connection:remote_connection.py:329 Remote response: status=200 | data={"value":{"element-6066-11e4-a52e-4f735466cecf":"f.E2CA94EEEADEE1C7A00EAF7EB106933D.d.0882390D74053074C4DE2B9475F28A10.e.473"}} | headers=HTTPHeaderDict({'content-length': '127', 'content-type': 'application/json; charset=utf-8', 'cache-control': 'no-cache'})
DEBUG    selenium.webdriver.remote.remote_connection:remote_connection.py:356 Finished Request
DEBUG    selenium.webdriver.remote.remote_connection:remote_connection.py:313 GET http://selenium-hub:4444/wd/hub/session/2a670954043057007869b12b05838443/element/f.E2CA94EEEADEE1C7A00EAF7EB106933D.d.0882390D74053074C4DE2B9475F28A10.e.473/text {}
DEBUG    urllib3.connectionpool:connectionpool.py:544 http://selenium-hub:4444 "GET /wd/hub/session/2a670954043057007869b12b05838443/element/f.E2CA94EEEADEE1C7A00EAF7EB106933D.d.0882390D74053074C4DE2B9475F28A10.e.473/text HTTP/1.1" 200 0
DEBUG    selenium.webdriver.remote.remote_connection:remote_connection.py:329 Remote response: status=200 | data={"value":"E2E Title"} | headers=HTTPHeaderDict({'content-length': '21', 'content-type': 'application/json; charset=utf-8', 'cache-control': 'no-cache'})
DEBUG    selenium.webdriver.remote.remote_connection:remote_connection.py:356 Finished Request
DEBUG    selenium.webdriver.remote.remote_connection:remote_connection.py:313 POST http://selenium-hub:4444/wd/hub/session/2a670954043057007869b12b05838443/element/f.E2CA94EEEADEE1C7A00EAF7EB106933D.d.0882390D74053074C4DE2B9475F28A10.e.302/element {"using": "css selector", "value": "div[data-testid='note-card-title']"}
DEBUG    urllib3.connectionpool:connectionpool.py:544 http://selenium-hub:4444 "POST /wd/hub/session/2a670954043057007869b12b05838443/element/f.E2CA94EEEADEE1C7A00EAF7EB106933D.d.0882390D74053074C4DE2B9475F28A10.e.302/element HTTP/1.1" 200 0
DEBUG    selenium.webdriver.remote.remote_connection:remote_connection.py:329 Remote response: status=200 | data={"value":{"element-6066-11e4-a52e-4f735466cecf":"f.E2CA94EEEADEE1C7A00EAF7EB106933D.d.0882390D74053074C4DE2B9475F28A10.e.474"}} | headers=HTTPHeaderDict({'content-length': '127', 'content-type': 'application/json; charset=utf-8', 'cache-control': 'no-cache'})
DEBUG    selenium.webdriver.remote.remote_connection:remote_connection.py:356 Finished Request
DEBUG    selenium.webdriver.remote.remote_connection:remote_connection.py:313 GET http://selenium-hub:4444/wd/hub/session/2a670954043057007869b12b05838443/element/f.E2CA94EEEADEE1C7A00EAF7EB106933D.d.0882390D74053074C4DE2B9475F28A10.e.474/text {}
DEBUG    urllib3.connectionpool:connectionpool.py:544 http://selenium-hub:4444 "GET /wd/hub/session/2a670954043057007869b12b05838443/element/f.E2CA94EEEADEE1C7A00EAF7EB106933D.d.0882390D74053074C4DE2B9475F28A10.e.474/text HTTP/1.1" 200 0
DEBUG    selenium.webdriver.remote.remote_connection:remote_connection.py:329 Remote response: status=200 | data={"value":"API E2E 1778164505"} | headers=HTTPHeaderDict({'content-length': '30', 'content-type': 'application/json; charset=utf-8', 'cache-control': 'no-cache'})
DEBUG    selenium.webdriver.remote.remote_connection:remote_connection.py:356 Finished Request
DEBUG    selenium.webdriver.remote.remote_connection:remote_connection.py:313 POST http://selenium-hub:4444/wd/hub/session/2a670954043057007869b12b05838443/element/f.E2CA94EEEADEE1C7A00EAF7EB106933D.d.0882390D74053074C4DE2B9475F28A10.e.303/element {"using": "css selector", "value": "div[data-testid='note-card-title']"}
DEBUG    urllib3.connectionpool:connectionpool.py:544 http://selenium-hub:4444 "POST /wd/hub/session/2a670954043057007869b12b05838443/element/f.E2CA94EEEADEE1C7A00EAF7EB106933D.d.0882390D74053074C4DE2B9475F28A10.e.303/element HTTP/1.1" 200 0
DEBUG    selenium.webdriver.remote.remote_connection:remote_connection.py:329 Remote response: status=200 | data={"value":{"element-6066-11e4-a52e-4f735466cecf":"f.E2CA94EEEADEE1C7A00EAF7EB106933D.d.0882390D74053074C4DE2B9475F28A10.e.475"}} | headers=HTTPHeaderDict({'content-length': '127', 'content-type': 'application/json; charset=utf-8', 'cache-control': 'no-cache'})
DEBUG    selenium.webdriver.remote.remote_connection:remote_connection.py:356 Finished Request
DEBUG    selenium.webdriver.remote.remote_connection:remote_connection.py:313 GET http://selenium-hub:4444/wd/hub/session/2a670954043057007869b12b05838443/element/f.E2CA94EEEADEE1C7A00EAF7EB106933D.d.0882390D74053074C4DE2B9475F28A10.e.475/text {}
DEBUG    urllib3.connectionpool:connectionpool.py:544 http://selenium-hub:4444 "GET /wd/hub/session/2a670954043057007869b12b05838443/element/f.E2CA94EEEADEE1C7A00EAF7EB106933D.d.0882390D74053074C4DE2B9475F28A10.e.475/text HTTP/1.1" 200 0
DEBUG    selenium.webdriver.remote.remote_connection:remote_connection.py:329 Remote response: status=200 | data={"value":"E2E Title"} | headers=HTTPHeaderDict({'content-length': '21', 'content-type': 'application/json; charset=utf-8', 'cache-control': 'no-cache'})
DEBUG    selenium.webdriver.remote.remote_connection:remote_connection.py:356 Finished Request
DEBUG    selenium.webdriver.remote.remote_connection:remote_connection.py:313 POST http://selenium-hub:4444/wd/hub/session/2a670954043057007869b12b05838443/element/f.E2CA94EEEADEE1C7A00EAF7EB106933D.d.0882390D74053074C4DE2B9475F28A10.e.304/element {"using": "css selector", "value": "div[data-testid='note-card-title']"}
DEBUG    urllib3.connectionpool:connectionpool.py:544 http://selenium-hub:4444 "POST /wd/hub/session/2a670954043057007869b12b05838443/element/f.E2CA94EEEADEE1C7A00EAF7EB106933D.d.0882390D74053074C4DE2B9475F28A10.e.304/element HTTP/1.1" 200 0
DEBUG    selenium.webdriver.remote.remote_connection:remote_connection.py:329 Remote response: status=200 | data={"value":{"element-6066-11e4-a52e-4f735466cecf":"f.E2CA94EEEADEE1C7A00EAF7EB106933D.d.0882390D74053074C4DE2B9475F28A10.e.476"}} | headers=HTTPHeaderDict({'content-length': '127', 'content-type': 'application/json; charset=utf-8', 'cache-control': 'no-cache'})
DEBUG    selenium.webdriver.remote.remote_connection:remote_connection.py:356 Finished Request
DEBUG    selenium.webdriver.remote.remote_connection:remote_connection.py:313 GET http://selenium-hub:4444/wd/hub/session/2a670954043057007869b12b05838443/element/f.E2CA94EEEADEE1C7A00EAF7EB106933D.d.0882390D74053074C4DE2B9475F28A10.e.476/text {}
DEBUG    urllib3.connectionpool:connectionpool.py:544 http://selenium-hub:4444 "GET /wd/hub/session/2a670954043057007869b12b05838443/element/f.E2CA94EEEADEE1C7A00EAF7EB106933D.d.0882390D74053074C4DE2B9475F28A10.e.476/text HTTP/1.1" 200 0
DEBUG    selenium.webdriver.remote.remote_connection:remote_connection.py:329 Remote response: status=200 | data={"value":"UI Test"} | headers=HTTPHeaderDict({'content-length': '19', 'content-type': 'application/json; charset=utf-8', 'cache-control': 'no-cache'})
DEBUG    selenium.webdriver.remote.remote_connection:remote_connection.py:356 Finished Request
DEBUG    selenium.webdriver.remote.remote_connection:remote_connection.py:313 POST http://selenium-hub:4444/wd/hub/session/2a670954043057007869b12b05838443/element/f.E2CA94EEEADEE1C7A00EAF7EB106933D.d.0882390D74053074C4DE2B9475F28A10.e.305/element {"using": "css selector", "value": "div[data-testid='note-card-title']"}
DEBUG    urllib3.connectionpool:connectionpool.py:544 http://selenium-hub:4444 "POST /wd/hub/session/2a670954043057007869b12b05838443/element/f.E2CA94EEEADEE1C7A00EAF7EB106933D.d.0882390D74053074C4DE2B9475F28A10.e.305/element HTTP/1.1" 200 0
DEBUG    selenium.webdriver.remote.remote_connection:remote_connection.py:329 Remote response: status=200 | data={"value":{"element-6066-11e4-a52e-4f735466cecf":"f.E2CA94EEEADEE1C7A00EAF7EB106933D.d.0882390D74053074C4DE2B9475F28A10.e.477"}} | headers=HTTPHeaderDict({'content-length': '127', 'content-type': 'application/json; charset=utf-8', 'cache-control': 'no-cache'})
DEBUG    selenium.webdriver.remote.remote_connection:remote_connection.py:356 Finished Request
DEBUG    selenium.webdriver.remote.remote_connection:remote_connection.py:313 GET http://selenium-hub:4444/wd/hub/session/2a670954043057007869b12b05838443/element/f.E2CA94EEEADEE1C7A00EAF7EB106933D.d.0882390D74053074C4DE2B9475F28A10.e.477/text {}
DEBUG    urllib3.connectionpool:connectionpool.py:544 http://selenium-hub:4444 "GET /wd/hub/session/2a670954043057007869b12b05838443/element/f.E2CA94EEEADEE1C7A00EAF7EB106933D.d.0882390D74053074C4DE2B9475F28A10.e.477/text HTTP/1.1" 200 0
DEBUG    selenium.webdriver.remote.remote_connection:remote_connection.py:329 Remote response: status=200 | data={"value":"API E2E 1778163462"} | headers=HTTPHeaderDict({'content-length': '30', 'content-type': 'application/json; charset=utf-8', 'cache-control': 'no-cache'})
DEBUG    selenium.webdriver.remote.remote_connection:remote_connection.py:356 Finished Request
DEBUG    selenium.webdriver.remote.remote_connection:remote_connection.py:313 POST http://selenium-hub:4444/wd/hub/session/2a670954043057007869b12b05838443/element/f.E2CA94EEEADEE1C7A00EAF7EB106933D.d.0882390D74053074C4DE2B9475F28A10.e.306/element {"using": "css selector", "value": "div[data-testid='note-card-title']"}
DEBUG    urllib3.connectionpool:connectionpool.py:544 http://selenium-hub:4444 "POST /wd/hub/session/2a670954043057007869b12b05838443/element/f.E2CA94EEEADEE1C7A00EAF7EB106933D.d.0882390D74053074C4DE2B9475F28A10.e.306/element HTTP/1.1" 200 0
DEBUG    selenium.webdriver.remote.remote_connection:remote_connection.py:329 Remote response: status=200 | data={"value":{"element-6066-11e4-a52e-4f735466cecf":"f.E2CA94EEEADEE1C7A00EAF7EB106933D.d.0882390D74053074C4DE2B9475F28A10.e.478"}} | headers=HTTPHeaderDict({'content-length': '127', 'content-type': 'application/json; charset=utf-8', 'cache-control': 'no-cache'})
DEBUG    selenium.webdriver.remote.remote_connection:remote_connection.py:356 Finished Request
DEBUG    selenium.webdriver.remote.remote_connection:remote_connection.py:313 GET http://selenium-hub:4444/wd/hub/session/2a670954043057007869b12b05838443/element/f.E2CA94EEEADEE1C7A00EAF7EB106933D.d.0882390D74053074C4DE2B9475F28A10.e.478/text {}
DEBUG    urllib3.connectionpool:connectionpool.py:544 http://selenium-hub:4444 "GET /wd/hub/session/2a670954043057007869b12b05838443/element/f.E2CA94EEEADEE1C7A00EAF7EB106933D.d.0882390D74053074C4DE2B9475F28A10.e.478/text HTTP/1.1" 200 0
DEBUG    selenium.webdriver.remote.remote_connection:remote_connection.py:329 Remote response: status=200 | data={"value":"E2E Title"} | headers=HTTPHeaderDict({'content-length': '21', 'content-type': 'application/json; charset=utf-8', 'cache-control': 'no-cache'})
DEBUG    selenium.webdriver.remote.remote_connection:remote_connection.py:356 Finished Request
DEBUG    selenium.webdriver.remote.remote_connection:remote_connection.py:313 POST http://selenium-hub:4444/wd/hub/session/2a670954043057007869b12b05838443/element/f.E2CA94EEEADEE1C7A00EAF7EB106933D.d.0882390D74053074C4DE2B9475F28A10.e.307/element {"using": "css selector", "value": "div[data-testid='note-card-title']"}
DEBUG    urllib3.connectionpool:connectionpool.py:544 http://selenium-hub:4444 "POST /wd/hub/session/2a670954043057007869b12b05838443/element/f.E2CA94EEEADEE1C7A00EAF7EB106933D.d.0882390D74053074C4DE2B9475F28A10.e.307/element HTTP/1.1" 200 0
DEBUG    selenium.webdriver.remote.remote_connection:remote_connection.py:329 Remote response: status=200 | data={"value":{"element-6066-11e4-a52e-4f735466cecf":"f.E2CA94EEEADEE1C7A00EAF7EB106933D.d.0882390D74053074C4DE2B9475F28A10.e.479"}} | headers=HTTPHeaderDict({'content-length': '127', 'content-type': 'application/json; charset=utf-8', 'cache-control': 'no-cache'})
DEBUG    selenium.webdriver.remote.remote_connection:remote_connection.py:356 Finished Request
DEBUG    selenium.webdriver.remote.remote_connection:remote_connection.py:313 GET http://selenium-hub:4444/wd/hub/session/2a670954043057007869b12b05838443/element/f.E2CA94EEEADEE1C7A00EAF7EB106933D.d.0882390D74053074C4DE2B9475F28A10.e.479/text {}
DEBUG    urllib3.connectionpool:connectionpool.py:544 http://selenium-hub:4444 "GET /wd/hub/session/2a670954043057007869b12b05838443/element/f.E2CA94EEEADEE1C7A00EAF7EB106933D.d.0882390D74053074C4DE2B9475F28A10.e.479/text HTTP/1.1" 200 0
DEBUG    selenium.webdriver.remote.remote_connection:remote_connection.py:329 Remote response: status=200 | data={"value":"UI Test"} | headers=HTTPHeaderDict({'content-length': '19', 'content-type': 'application/json; charset=utf-8', 'cache-control': 'no-cache'})
DEBUG    selenium.webdriver.remote.remote_connection:remote_connection.py:356 Finished Request
DEBUG    selenium.webdriver.remote.remote_connection:remote_connection.py:313 POST http://selenium-hub:4444/wd/hub/session/2a670954043057007869b12b05838443/element/f.E2CA94EEEADEE1C7A00EAF7EB106933D.d.0882390D74053074C4DE2B9475F28A10.e.308/element {"using": "css selector", "value": "div[data-testid='note-card-title']"}
DEBUG    urllib3.connectionpool:connectionpool.py:544 http://selenium-hub:4444 "POST /wd/hub/session/2a670954043057007869b12b05838443/element/f.E2CA94EEEADEE1C7A00EAF7EB106933D.d.0882390D74053074C4DE2B9475F28A10.e.308/element HTTP/1.1" 200 0
DEBUG    selenium.webdriver.remote.remote_connection:remote_connection.py:329 Remote response: status=200 | data={"value":{"element-6066-11e4-a52e-4f735466cecf":"f.E2CA94EEEADEE1C7A00EAF7EB106933D.d.0882390D74053074C4DE2B9475F28A10.e.480"}} | headers=HTTPHeaderDict({'content-length': '127', 'content-type': 'application/json; charset=utf-8', 'cache-control': 'no-cache'})
DEBUG    selenium.webdriver.remote.remote_connection:remote_connection.py:356 Finished Request
DEBUG    selenium.webdriver.remote.remote_connection:remote_connection.py:313 GET http://selenium-hub:4444/wd/hub/session/2a670954043057007869b12b05838443/element/f.E2CA94EEEADEE1C7A00EAF7EB106933D.d.0882390D74053074C4DE2B9475F28A10.e.480/text {}
DEBUG    urllib3.connectionpool:connectionpool.py:544 http://selenium-hub:4444 "GET /wd/hub/session/2a670954043057007869b12b05838443/element/f.E2CA94EEEADEE1C7A00EAF7EB106933D.d.0882390D74053074C4DE2B9475F28A10.e.480/text HTTP/1.1" 200 0
DEBUG    selenium.webdriver.remote.remote_connection:remote_connection.py:329 Remote response: status=200 | data={"value":"API E2E 1778160621"} | headers=HTTPHeaderDict({'content-length': '30', 'content-type': 'application/json; charset=utf-8', 'cache-control': 'no-cache'})
DEBUG    selenium.webdriver.remote.remote_connection:remote_connection.py:356 Finished Request
DEBUG    selenium.webdriver.remote.remote_connection:remote_connection.py:313 POST http://selenium-hub:4444/wd/hub/session/2a670954043057007869b12b05838443/element/f.E2CA94EEEADEE1C7A00EAF7EB106933D.d.0882390D74053074C4DE2B9475F28A10.e.309/element {"using": "css selector", "value": "div[data-testid='note-card-title']"}
DEBUG    urllib3.connectionpool:connectionpool.py:544 http://selenium-hub:4444 "POST /wd/hub/session/2a670954043057007869b12b05838443/element/f.E2CA94EEEADEE1C7A00EAF7EB106933D.d.0882390D74053074C4DE2B9475F28A10.e.309/element HTTP/1.1" 200 0
DEBUG    selenium.webdriver.remote.remote_connection:remote_connection.py:329 Remote response: status=200 | data={"value":{"element-6066-11e4-a52e-4f735466cecf":"f.E2CA94EEEADEE1C7A00EAF7EB106933D.d.0882390D74053074C4DE2B9475F28A10.e.481"}} | headers=HTTPHeaderDict({'content-length': '127', 'content-type': 'application/json; charset=utf-8', 'cache-control': 'no-cache'})
DEBUG    selenium.webdriver.remote.remote_connection:remote_connection.py:356 Finished Request
DEBUG    selenium.webdriver.remote.remote_connection:remote_connection.py:313 GET http://selenium-hub:4444/wd/hub/session/2a670954043057007869b12b05838443/element/f.E2CA94EEEADEE1C7A00EAF7EB106933D.d.0882390D74053074C4DE2B9475F28A10.e.481/text {}
DEBUG    urllib3.connectionpool:connectionpool.py:544 http://selenium-hub:4444 "GET /wd/hub/session/2a670954043057007869b12b05838443/element/f.E2CA94EEEADEE1C7A00EAF7EB106933D.d.0882390D74053074C4DE2B9475F28A10.e.481/text HTTP/1.1" 200 0
DEBUG    selenium.webdriver.remote.remote_connection:remote_connection.py:329 Remote response: status=200 | data={"value":"Delete Test 1778160313"} | headers=HTTPHeaderDict({'content-length': '34', 'content-type': 'application/json; charset=utf-8', 'cache-control': 'no-cache'})
DEBUG    selenium.webdriver.remote.remote_connection:remote_connection.py:356 Finished Request
DEBUG    selenium.webdriver.remote.remote_connection:remote_connection.py:313 POST http://selenium-hub:4444/wd/hub/session/2a670954043057007869b12b05838443/element/f.E2CA94EEEADEE1C7A00EAF7EB106933D.d.0882390D74053074C4DE2B9475F28A10.e.310/element {"using": "css selector", "value": "div[data-testid='note-card-title']"}
DEBUG    urllib3.connectionpool:connectionpool.py:544 http://selenium-hub:4444 "POST /wd/hub/session/2a670954043057007869b12b05838443/element/f.E2CA94EEEADEE1C7A00EAF7EB106933D.d.0882390D74053074C4DE2B9475F28A10.e.310/element HTTP/1.1" 200 0
DEBUG    selenium.webdriver.remote.remote_connection:remote_connection.py:329 Remote response: status=200 | data={"value":{"element-6066-11e4-a52e-4f735466cecf":"f.E2CA94EEEADEE1C7A00EAF7EB106933D.d.0882390D74053074C4DE2B9475F28A10.e.482"}} | headers=HTTPHeaderDict({'content-length': '127', 'content-type': 'application/json; charset=utf-8', 'cache-control': 'no-cache'})
DEBUG    selenium.webdriver.remote.remote_connection:remote_connection.py:356 Finished Request
DEBUG    selenium.webdriver.remote.remote_connection:remote_connection.py:313 GET http://selenium-hub:4444/wd/hub/session/2a670954043057007869b12b05838443/element/f.E2CA94EEEADEE1C7A00EAF7EB106933D.d.0882390D74053074C4DE2B9475F28A10.e.482/text {}
DEBUG    urllib3.connectionpool:connectionpool.py:544 http://selenium-hub:4444 "GET /wd/hub/session/2a670954043057007869b12b05838443/element/f.E2CA94EEEADEE1C7A00EAF7EB106933D.d.0882390D74053074C4DE2B9475F28A10.e.482/text HTTP/1.1" 200 0
DEBUG    selenium.webdriver.remote.remote_connection:remote_connection.py:329 Remote response: status=200 | data={"value":"API E2E 1778160228"} | headers=HTTPHeaderDict({'content-length': '30', 'content-type': 'application/json; charset=utf-8', 'cache-control': 'no-cache'})
DEBUG    selenium.webdriver.remote.remote_connection:remote_connection.py:356 Finished Request
DEBUG    selenium.webdriver.remote.remote_connection:remote_connection.py:313 POST http://selenium-hub:4444/wd/hub/session/2a670954043057007869b12b05838443/element/f.E2CA94EEEADEE1C7A00EAF7EB106933D.d.0882390D74053074C4DE2B9475F28A10.e.311/element {"using": "css selector", "value": "div[data-testid='note-card-title']"}
DEBUG    urllib3.connectionpool:connectionpool.py:544 http://selenium-hub:4444 "POST /wd/hub/session/2a670954043057007869b12b05838443/element/f.E2CA94EEEADEE1C7A00EAF7EB106933D.d.0882390D74053074C4DE2B9475F28A10.e.311/element HTTP/1.1" 200 0
DEBUG    selenium.webdriver.remote.remote_connection:remote_connection.py:329 Remote response: status=200 | data={"value":{"element-6066-11e4-a52e-4f735466cecf":"f.E2CA94EEEADEE1C7A00EAF7EB106933D.d.0882390D74053074C4DE2B9475F28A10.e.483"}} | headers=HTTPHeaderDict({'content-length': '127', 'content-type': 'application/json; charset=utf-8', 'cache-control': 'no-cache'})
DEBUG    selenium.webdriver.remote.remote_connection:remote_connection.py:356 Finished Request
DEBUG    selenium.webdriver.remote.remote_connection:remote_connection.py:313 GET http://selenium-hub:4444/wd/hub/session/2a670954043057007869b12b05838443/element/f.E2CA94EEEADEE1C7A00EAF7EB106933D.d.0882390D74053074C4DE2B9475F28A10.e.483/text {}
DEBUG    urllib3.connectionpool:connectionpool.py:544 http://selenium-hub:4444 "GET /wd/hub/session/2a670954043057007869b12b05838443/element/f.E2CA94EEEADEE1C7A00EAF7EB106933D.d.0882390D74053074C4DE2B9475F28A10.e.483/text HTTP/1.1" 200 0
DEBUG    selenium.webdriver.remote.remote_connection:remote_connection.py:329 Remote response: status=200 | data={"value":"E2E Title"} | headers=HTTPHeaderDict({'content-length': '21', 'content-type': 'application/json; charset=utf-8', 'cache-control': 'no-cache'})
DEBUG    selenium.webdriver.remote.remote_connection:remote_connection.py:356 Finished Request
DEBUG    selenium.webdriver.remote.remote_connection:remote_connection.py:313 POST http://selenium-hub:4444/wd/hub/session/2a670954043057007869b12b05838443/element/f.E2CA94EEEADEE1C7A00EAF7EB106933D.d.0882390D74053074C4DE2B9475F28A10.e.312/element {"using": "css selector", "value": "div[data-testid='note-card-title']"}
DEBUG    urllib3.connectionpool:connectionpool.py:544 http://selenium-hub:4444 "POST /wd/hub/session/2a670954043057007869b12b05838443/element/f.E2CA94EEEADEE1C7A00EAF7EB106933D.d.0882390D74053074C4DE2B9475F28A10.e.312/element HTTP/1.1" 200 0
DEBUG    selenium.webdriver.remote.remote_connection:remote_connection.py:329 Remote response: status=200 | data={"value":{"element-6066-11e4-a52e-4f735466cecf":"f.E2CA94EEEADEE1C7A00EAF7EB106933D.d.0882390D74053074C4DE2B9475F28A10.e.484"}} | headers=HTTPHeaderDict({'content-length': '127', 'content-type': 'application/json; charset=utf-8', 'cache-control': 'no-cache'})
DEBUG    selenium.webdriver.remote.remote_connection:remote_connection.py:356 Finished Request
DEBUG    selenium.webdriver.remote.remote_connection:remote_connection.py:313 GET http://selenium-hub:4444/wd/hub/session/2a670954043057007869b12b05838443/element/f.E2CA94EEEADEE1C7A00EAF7EB106933D.d.0882390D74053074C4DE2B9475F28A10.e.484/text {}
DEBUG    urllib3.connectionpool:connectionpool.py:544 http://selenium-hub:4444 "GET /wd/hub/session/2a670954043057007869b12b05838443/element/f.E2CA94EEEADEE1C7A00EAF7EB106933D.d.0882390D74053074C4DE2B9475F28A10.e.484/text HTTP/1.1" 200 0
DEBUG    selenium.webdriver.remote.remote_connection:remote_connection.py:329 Remote response: status=200 | data={"value":"UI Test"} | headers=HTTPHeaderDict({'content-length': '19', 'content-type': 'application/json; charset=utf-8', 'cache-control': 'no-cache'})
DEBUG    selenium.webdriver.remote.remote_connection:remote_connection.py:356 Finished Request
DEBUG    selenium.webdriver.remote.remote_connection:remote_connection.py:313 POST http://selenium-hub:4444/wd/hub/session/2a670954043057007869b12b05838443/element/f.E2CA94EEEADEE1C7A00EAF7EB106933D.d.0882390D74053074C4DE2B9475F28A10.e.313/element {"using": "css selector", "value": "div[data-testid='note-card-title']"}
DEBUG    urllib3.connectionpool:connectionpool.py:544 http://selenium-hub:4444 "POST /wd/hub/session/2a670954043057007869b12b05838443/element/f.E2CA94EEEADEE1C7A00EAF7EB106933D.d.0882390D74053074C4DE2B9475F28A10.e.313/element HTTP/1.1" 200 0
DEBUG    selenium.webdriver.remote.remote_connection:remote_connection.py:329 Remote response: status=200 | data={"value":{"element-6066-11e4-a52e-4f735466cecf":"f.E2CA94EEEADEE1C7A00EAF7EB106933D.d.0882390D74053074C4DE2B9475F28A10.e.485"}} | headers=HTTPHeaderDict({'content-length': '127', 'content-type': 'application/json; charset=utf-8', 'cache-control': 'no-cache'})
DEBUG    selenium.webdriver.remote.remote_connection:remote_connection.py:356 Finished Request
DEBUG    selenium.webdriver.remote.remote_connection:remote_connection.py:313 GET http://selenium-hub:4444/wd/hub/session/2a670954043057007869b12b05838443/element/f.E2CA94EEEADEE1C7A00EAF7EB106933D.d.0882390D74053074C4DE2B9475F28A10.e.485/text {}
DEBUG    urllib3.connectionpool:connectionpool.py:544 http://selenium-hub:4444 "GET /wd/hub/session/2a670954043057007869b12b05838443/element/f.E2CA94EEEADEE1C7A00EAF7EB106933D.d.0882390D74053074C4DE2B9475F28A10.e.485/text HTTP/1.1" 200 0
DEBUG    selenium.webdriver.remote.remote_connection:remote_connection.py:329 Remote response: status=200 | data={"value":"Delete Test"} | headers=HTTPHeaderDict({'content-length': '23', 'content-type': 'application/json; charset=utf-8', 'cache-control': 'no-cache'})
DEBUG    selenium.webdriver.remote.remote_connection:remote_connection.py:356 Finished Request
DEBUG    selenium.webdriver.remote.remote_connection:remote_connection.py:313 POST http://selenium-hub:4444/wd/hub/session/2a670954043057007869b12b05838443/element/f.E2CA94EEEADEE1C7A00EAF7EB106933D.d.0882390D74053074C4DE2B9475F28A10.e.314/element {"using": "css selector", "value": "div[data-testid='note-card-title']"}
DEBUG    urllib3.connectionpool:connectionpool.py:544 http://selenium-hub:4444 "POST /wd/hub/session/2a670954043057007869b12b05838443/element/f.E2CA94EEEADEE1C7A00EAF7EB106933D.d.0882390D74053074C4DE2B9475F28A10.e.314/element HTTP/1.1" 200 0
DEBUG    selenium.webdriver.remote.remote_connection:remote_connection.py:329 Remote response: status=200 | data={"value":{"element-6066-11e4-a52e-4f735466cecf":"f.E2CA94EEEADEE1C7A00EAF7EB106933D.d.0882390D74053074C4DE2B9475F28A10.e.486"}} | headers=HTTPHeaderDict({'content-length': '127', 'content-type': 'application/json; charset=utf-8', 'cache-control': 'no-cache'})
DEBUG    selenium.webdriver.remote.remote_connection:remote_connection.py:356 Finished Request
DEBUG    selenium.webdriver.remote.remote_connection:remote_connection.py:313 GET http://selenium-hub:4444/wd/hub/session/2a670954043057007869b12b05838443/element/f.E2CA94EEEADEE1C7A00EAF7EB106933D.d.0882390D74053074C4DE2B9475F28A10.e.486/text {}
DEBUG    urllib3.connectionpool:connectionpool.py:544 http://selenium-hub:4444 "GET /wd/hub/session/2a670954043057007869b12b05838443/element/f.E2CA94EEEADEE1C7A00EAF7EB106933D.d.0882390D74053074C4DE2B9475F28A10.e.486/text HTTP/1.1" 200 0
DEBUG    selenium.webdriver.remote.remote_connection:remote_connection.py:329 Remote response: status=200 | data={"value":"E2E Title"} | headers=HTTPHeaderDict({'content-length': '21', 'content-type': 'application/json; charset=utf-8', 'cache-control': 'no-cache'})
DEBUG    selenium.webdriver.remote.remote_connection:remote_connection.py:356 Finished Request
DEBUG    selenium.webdriver.remote.remote_connection:remote_connection.py:313 POST http://selenium-hub:4444/wd/hub/session/2a670954043057007869b12b05838443/element/f.E2CA94EEEADEE1C7A00EAF7EB106933D.d.0882390D74053074C4DE2B9475F28A10.e.315/element {"using": "css selector", "value": "div[data-testid='note-card-title']"}
DEBUG    urllib3.connectionpool:connectionpool.py:544 http://selenium-hub:4444 "POST /wd/hub/session/2a670954043057007869b12b05838443/element/f.E2CA94EEEADEE1C7A00EAF7EB106933D.d.0882390D74053074C4DE2B9475F28A10.e.315/element HTTP/1.1" 200 0
DEBUG    selenium.webdriver.remote.remote_connection:remote_connection.py:329 Remote response: status=200 | data={"value":{"element-6066-11e4-a52e-4f735466cecf":"f.E2CA94EEEADEE1C7A00EAF7EB106933D.d.0882390D74053074C4DE2B9475F28A10.e.487"}} | headers=HTTPHeaderDict({'content-length': '127', 'content-type': 'application/json; charset=utf-8', 'cache-control': 'no-cache'})
DEBUG    selenium.webdriver.remote.remote_connection:remote_connection.py:356 Finished Request
DEBUG    selenium.webdriver.remote.remote_connection:remote_connection.py:313 GET http://selenium-hub:4444/wd/hub/session/2a670954043057007869b12b05838443/element/f.E2CA94EEEADEE1C7A00EAF7EB106933D.d.0882390D74053074C4DE2B9475F28A10.e.487/text {}
DEBUG    urllib3.connectionpool:connectionpool.py:544 http://selenium-hub:4444 "GET /wd/hub/session/2a670954043057007869b12b05838443/element/f.E2CA94EEEADEE1C7A00EAF7EB106933D.d.0882390D74053074C4DE2B9475F28A10.e.487/text HTTP/1.1" 200 0
DEBUG    selenium.webdriver.remote.remote_connection:remote_connection.py:329 Remote response: status=200 | data={"value":"UI Test"} | headers=HTTPHeaderDict({'content-length': '19', 'content-type': 'application/json; charset=utf-8', 'cache-control': 'no-cache'})
DEBUG    selenium.webdriver.remote.remote_connection:remote_connection.py:356 Finished Request
DEBUG    selenium.webdriver.remote.remote_connection:remote_connection.py:313 POST http://selenium-hub:4444/wd/hub/session/2a670954043057007869b12b05838443/element/f.E2CA94EEEADEE1C7A00EAF7EB106933D.d.0882390D74053074C4DE2B9475F28A10.e.316/element {"using": "css selector", "value": "div[data-testid='note-card-title']"}
DEBUG    urllib3.connectionpool:connectionpool.py:544 http://selenium-hub:4444 "POST /wd/hub/session/2a670954043057007869b12b05838443/element/f.E2CA94EEEADEE1C7A00EAF7EB106933D.d.0882390D74053074C4DE2B9475F28A10.e.316/element HTTP/1.1" 200 0
DEBUG    selenium.webdriver.remote.remote_connection:remote_connection.py:329 Remote response: status=200 | data={"value":{"element-6066-11e4-a52e-4f735466cecf":"f.E2CA94EEEADEE1C7A00EAF7EB106933D.d.0882390D74053074C4DE2B9475F28A10.e.488"}} | headers=HTTPHeaderDict({'content-length': '127', 'content-type': 'application/json; charset=utf-8', 'cache-control': 'no-cache'})
DEBUG    selenium.webdriver.remote.remote_connection:remote_connection.py:356 Finished Request
DEBUG    selenium.webdriver.remote.remote_connection:remote_connection.py:313 GET http://selenium-hub:4444/wd/hub/session/2a670954043057007869b12b05838443/element/f.E2CA94EEEADEE1C7A00EAF7EB106933D.d.0882390D74053074C4DE2B9475F28A10.e.488/text {}
DEBUG    urllib3.connectionpool:connectionpool.py:544 http://selenium-hub:4444 "GET /wd/hub/session/2a670954043057007869b12b05838443/element/f.E2CA94EEEADEE1C7A00EAF7EB106933D.d.0882390D74053074C4DE2B9475F28A10.e.488/text HTTP/1.1" 200 0
DEBUG    selenium.webdriver.remote.remote_connection:remote_connection.py:329 Remote response: status=200 | data={"value":"API E2E 1778158079"} | headers=HTTPHeaderDict({'content-length': '30', 'content-type': 'application/json; charset=utf-8', 'cache-control': 'no-cache'})
DEBUG    selenium.webdriver.remote.remote_connection:remote_connection.py:356 Finished Request
DEBUG    selenium.webdriver.remote.remote_connection:remote_connection.py:313 POST http://selenium-hub:4444/wd/hub/session/2a670954043057007869b12b05838443/element/f.E2CA94EEEADEE1C7A00EAF7EB106933D.d.0882390D74053074C4DE2B9475F28A10.e.317/element {"using": "css selector", "value": "div[data-testid='note-card-title']"}
DEBUG    urllib3.connectionpool:connectionpool.py:544 http://selenium-hub:4444 "POST /wd/hub/session/2a670954043057007869b12b05838443/element/f.E2CA94EEEADEE1C7A00EAF7EB106933D.d.0882390D74053074C4DE2B9475F28A10.e.317/element HTTP/1.1" 200 0
DEBUG    selenium.webdriver.remote.remote_connection:remote_connection.py:329 Remote response: status=200 | data={"value":{"element-6066-11e4-a52e-4f735466cecf":"f.E2CA94EEEADEE1C7A00EAF7EB106933D.d.0882390D74053074C4DE2B9475F28A10.e.489"}} | headers=HTTPHeaderDict({'content-length': '127', 'content-type': 'application/json; charset=utf-8', 'cache-control': 'no-cache'})
DEBUG    selenium.webdriver.remote.remote_connection:remote_connection.py:356 Finished Request
DEBUG    selenium.webdriver.remote.remote_connection:remote_connection.py:313 GET http://selenium-hub:4444/wd/hub/session/2a670954043057007869b12b05838443/element/f.E2CA94EEEADEE1C7A00EAF7EB106933D.d.0882390D74053074C4DE2B9475F28A10.e.489/text {}
DEBUG    urllib3.connectionpool:connectionpool.py:544 http://selenium-hub:4444 "GET /wd/hub/session/2a670954043057007869b12b05838443/element/f.E2CA94EEEADEE1C7A00EAF7EB106933D.d.0882390D74053074C4DE2B9475F28A10.e.489/text HTTP/1.1" 200 0
DEBUG    selenium.webdriver.remote.remote_connection:remote_connection.py:329 Remote response: status=200 | data={"value":"API E2E 1778157926"} | headers=HTTPHeaderDict({'content-length': '30', 'content-type': 'application/json; charset=utf-8', 'cache-control': 'no-cache'})
DEBUG    selenium.webdriver.remote.remote_connection:remote_connection.py:356 Finished Request
DEBUG    selenium.webdriver.remote.remote_connection:remote_connection.py:313 POST http://selenium-hub:4444/wd/hub/session/2a670954043057007869b12b05838443/element/f.E2CA94EEEADEE1C7A00EAF7EB106933D.d.0882390D74053074C4DE2B9475F28A10.e.318/element {"using": "css selector", "value": "div[data-testid='note-card-title']"}
DEBUG    urllib3.connectionpool:connectionpool.py:544 http://selenium-hub:4444 "POST /wd/hub/session/2a670954043057007869b12b05838443/element/f.E2CA94EEEADEE1C7A00EAF7EB106933D.d.0882390D74053074C4DE2B9475F28A10.e.318/element HTTP/1.1" 200 0
DEBUG    selenium.webdriver.remote.remote_connection:remote_connection.py:329 Remote response: status=200 | data={"value":{"element-6066-11e4-a52e-4f735466cecf":"f.E2CA94EEEADEE1C7A00EAF7EB106933D.d.0882390D74053074C4DE2B9475F28A10.e.490"}} | headers=HTTPHeaderDict({'content-length': '127', 'content-type': 'application/json; charset=utf-8', 'cache-control': 'no-cache'})
DEBUG    selenium.webdriver.remote.remote_connection:remote_connection.py:356 Finished Request
DEBUG    selenium.webdriver.remote.remote_connection:remote_connection.py:313 GET http://selenium-hub:4444/wd/hub/session/2a670954043057007869b12b05838443/element/f.E2CA94EEEADEE1C7A00EAF7EB106933D.d.0882390D74053074C4DE2B9475F28A10.e.490/text {}
DEBUG    urllib3.connectionpool:connectionpool.py:544 http://selenium-hub:4444 "GET /wd/hub/session/2a670954043057007869b12b05838443/element/f.E2CA94EEEADEE1C7A00EAF7EB106933D.d.0882390D74053074C4DE2B9475F28A10.e.490/text HTTP/1.1" 200 0
DEBUG    selenium.webdriver.remote.remote_connection:remote_connection.py:329 Remote response: status=200 | data={"value":"API E2E 1778157694"} | headers=HTTPHeaderDict({'content-length': '30', 'content-type': 'application/json; charset=utf-8', 'cache-control': 'no-cache'})
DEBUG    selenium.webdriver.remote.remote_connection:remote_connection.py:356 Finished Request
DEBUG    selenium.webdriver.remote.remote_connection:remote_connection.py:313 POST http://selenium-hub:4444/wd/hub/session/2a670954043057007869b12b05838443/element/f.E2CA94EEEADEE1C7A00EAF7EB106933D.d.0882390D74053074C4DE2B9475F28A10.e.319/element {"using": "css selector", "value": "div[data-testid='note-card-title']"}
DEBUG    urllib3.connectionpool:connectionpool.py:544 http://selenium-hub:4444 "POST /wd/hub/session/2a670954043057007869b12b05838443/element/f.E2CA94EEEADEE1C7A00EAF7EB106933D.d.0882390D74053074C4DE2B9475F28A10.e.319/element HTTP/1.1" 200 0
DEBUG    selenium.webdriver.remote.remote_connection:remote_connection.py:329 Remote response: status=200 | data={"value":{"element-6066-11e4-a52e-4f735466cecf":"f.E2CA94EEEADEE1C7A00EAF7EB106933D.d.0882390D74053074C4DE2B9475F28A10.e.491"}} | headers=HTTPHeaderDict({'content-length': '127', 'content-type': 'application/json; charset=utf-8', 'cache-control': 'no-cache'})
DEBUG    selenium.webdriver.remote.remote_connection:remote_connection.py:356 Finished Request
DEBUG    selenium.webdriver.remote.remote_connection:remote_connection.py:313 GET http://selenium-hub:4444/wd/hub/session/2a670954043057007869b12b05838443/element/f.E2CA94EEEADEE1C7A00EAF7EB106933D.d.0882390D74053074C4DE2B9475F28A10.e.491/text {}
DEBUG    urllib3.connectionpool:connectionpool.py:544 http://selenium-hub:4444 "GET /wd/hub/session/2a670954043057007869b12b05838443/element/f.E2CA94EEEADEE1C7A00EAF7EB106933D.d.0882390D74053074C4DE2B9475F28A10.e.491/text HTTP/1.1" 200 0
DEBUG    selenium.webdriver.remote.remote_connection:remote_connection.py:329 Remote response: status=200 | data={"value":"E2E Title"} | headers=HTTPHeaderDict({'content-length': '21', 'content-type': 'application/json; charset=utf-8', 'cache-control': 'no-cache'})
DEBUG    selenium.webdriver.remote.remote_connection:remote_connection.py:356 Finished Request
DEBUG    selenium.webdriver.remote.remote_connection:remote_connection.py:313 POST http://selenium-hub:4444/wd/hub/session/2a670954043057007869b12b05838443/element/f.E2CA94EEEADEE1C7A00EAF7EB106933D.d.0882390D74053074C4DE2B9475F28A10.e.320/element {"using": "css selector", "value": "div[data-testid='note-card-title']"}
DEBUG    urllib3.connectionpool:connectionpool.py:544 http://selenium-hub:4444 "POST /wd/hub/session/2a670954043057007869b12b05838443/element/f.E2CA94EEEADEE1C7A00EAF7EB106933D.d.0882390D74053074C4DE2B9475F28A10.e.320/element HTTP/1.1" 200 0
DEBUG    selenium.webdriver.remote.remote_connection:remote_connection.py:329 Remote response: status=200 | data={"value":{"element-6066-11e4-a52e-4f735466cecf":"f.E2CA94EEEADEE1C7A00EAF7EB106933D.d.0882390D74053074C4DE2B9475F28A10.e.492"}} | headers=HTTPHeaderDict({'content-length': '127', 'content-type': 'application/json; charset=utf-8', 'cache-control': 'no-cache'})
DEBUG    selenium.webdriver.remote.remote_connection:remote_connection.py:356 Finished Request
DEBUG    selenium.webdriver.remote.remote_connection:remote_connection.py:313 GET http://selenium-hub:4444/wd/hub/session/2a670954043057007869b12b05838443/element/f.E2CA94EEEADEE1C7A00EAF7EB106933D.d.0882390D74053074C4DE2B9475F28A10.e.492/text {}
DEBUG    urllib3.connectionpool:connectionpool.py:544 http://selenium-hub:4444 "GET /wd/hub/session/2a670954043057007869b12b05838443/element/f.E2CA94EEEADEE1C7A00EAF7EB106933D.d.0882390D74053074C4DE2B9475F28A10.e.492/text HTTP/1.1" 200 0
DEBUG    selenium.webdriver.remote.remote_connection:remote_connection.py:329 Remote response: status=200 | data={"value":"UI Test"} | headers=HTTPHeaderDict({'content-length': '19', 'content-type': 'application/json; charset=utf-8', 'cache-control': 'no-cache'})
DEBUG    selenium.webdriver.remote.remote_connection:remote_connection.py:356 Finished Request
DEBUG    selenium.webdriver.remote.remote_connection:remote_connection.py:313 POST http://selenium-hub:4444/wd/hub/session/2a670954043057007869b12b05838443/element/f.E2CA94EEEADEE1C7A00EAF7EB106933D.d.0882390D74053074C4DE2B9475F28A10.e.321/element {"using": "css selector", "value": "div[data-testid='note-card-title']"}
DEBUG    urllib3.connectionpool:connectionpool.py:544 http://selenium-hub:4444 "POST /wd/hub/session/2a670954043057007869b12b05838443/element/f.E2CA94EEEADEE1C7A00EAF7EB106933D.d.0882390D74053074C4DE2B9475F28A10.e.321/element HTTP/1.1" 200 0
DEBUG    selenium.webdriver.remote.remote_connection:remote_connection.py:329 Remote response: status=200 | data={"value":{"element-6066-11e4-a52e-4f735466cecf":"f.E2CA94EEEADEE1C7A00EAF7EB106933D.d.0882390D74053074C4DE2B9475F28A10.e.493"}} | headers=HTTPHeaderDict({'content-length': '127', 'content-type': 'application/json; charset=utf-8', 'cache-control': 'no-cache'})
DEBUG    selenium.webdriver.remote.remote_connection:remote_connection.py:356 Finished Request
DEBUG    selenium.webdriver.remote.remote_connection:remote_connection.py:313 GET http://selenium-hub:4444/wd/hub/session/2a670954043057007869b12b05838443/element/f.E2CA94EEEADEE1C7A00EAF7EB106933D.d.0882390D74053074C4DE2B9475F28A10.e.493/text {}
DEBUG    urllib3.connectionpool:connectionpool.py:544 http://selenium-hub:4444 "GET /wd/hub/session/2a670954043057007869b12b05838443/element/f.E2CA94EEEADEE1C7A00EAF7EB106933D.d.0882390D74053074C4DE2B9475F28A10.e.493/text HTTP/1.1" 200 0
DEBUG    selenium.webdriver.remote.remote_connection:remote_connection.py:329 Remote response: status=200 | data={"value":"API E2E 1778157013"} | headers=HTTPHeaderDict({'content-length': '30', 'content-type': 'application/json; charset=utf-8', 'cache-control': 'no-cache'})
DEBUG    selenium.webdriver.remote.remote_connection:remote_connection.py:356 Finished Request
DEBUG    selenium.webdriver.remote.remote_connection:remote_connection.py:313 POST http://selenium-hub:4444/wd/hub/session/2a670954043057007869b12b05838443/element/f.E2CA94EEEADEE1C7A00EAF7EB106933D.d.0882390D74053074C4DE2B9475F28A10.e.322/element {"using": "css selector", "value": "div[data-testid='note-card-title']"}
DEBUG    urllib3.connectionpool:connectionpool.py:544 http://selenium-hub:4444 "POST /wd/hub/session/2a670954043057007869b12b05838443/element/f.E2CA94EEEADEE1C7A00EAF7EB106933D.d.0882390D74053074C4DE2B9475F28A10.e.322/element HTTP/1.1" 200 0
DEBUG    selenium.webdriver.remote.remote_connection:remote_connection.py:329 Remote response: status=200 | data={"value":{"element-6066-11e4-a52e-4f735466cecf":"f.E2CA94EEEADEE1C7A00EAF7EB106933D.d.0882390D74053074C4DE2B9475F28A10.e.494"}} | headers=HTTPHeaderDict({'content-length': '127', 'content-type': 'application/json; charset=utf-8', 'cache-control': 'no-cache'})
DEBUG    selenium.webdriver.remote.remote_connection:remote_connection.py:356 Finished Request
DEBUG    selenium.webdriver.remote.remote_connection:remote_connection.py:313 GET http://selenium-hub:4444/wd/hub/session/2a670954043057007869b12b05838443/element/f.E2CA94EEEADEE1C7A00EAF7EB106933D.d.0882390D74053074C4DE2B9475F28A10.e.494/text {}
DEBUG    urllib3.connectionpool:connectionpool.py:544 http://selenium-hub:4444 "GET /wd/hub/session/2a670954043057007869b12b05838443/element/f.E2CA94EEEADEE1C7A00EAF7EB106933D.d.0882390D74053074C4DE2B9475F28A10.e.494/text HTTP/1.1" 200 0
DEBUG    selenium.webdriver.remote.remote_connection:remote_connection.py:329 Remote response: status=200 | data={"value":"API E2E 1778156970"} | headers=HTTPHeaderDict({'content-length': '30', 'content-type': 'application/json; charset=utf-8', 'cache-control': 'no-cache'})
DEBUG    selenium.webdriver.remote.remote_connection:remote_connection.py:356 Finished Request
DEBUG    selenium.webdriver.remote.remote_connection:remote_connection.py:313 POST http://selenium-hub:4444/wd/hub/session/2a670954043057007869b12b05838443/element/f.E2CA94EEEADEE1C7A00EAF7EB106933D.d.0882390D74053074C4DE2B9475F28A10.e.323/element {"using": "css selector", "value": "div[data-testid='note-card-title']"}
DEBUG    urllib3.connectionpool:connectionpool.py:544 http://selenium-hub:4444 "POST /wd/hub/session/2a670954043057007869b12b05838443/element/f.E2CA94EEEADEE1C7A00EAF7EB106933D.d.0882390D74053074C4DE2B9475F28A10.e.323/element HTTP/1.1" 200 0
DEBUG    selenium.webdriver.remote.remote_connection:remote_connection.py:329 Remote response: status=200 | data={"value":{"element-6066-11e4-a52e-4f735466cecf":"f.E2CA94EEEADEE1C7A00EAF7EB106933D.d.0882390D74053074C4DE2B9475F28A10.e.495"}} | headers=HTTPHeaderDict({'content-length': '127', 'content-type': 'application/json; charset=utf-8', 'cache-control': 'no-cache'})
DEBUG    selenium.webdriver.remote.remote_connection:remote_connection.py:356 Finished Request
DEBUG    selenium.webdriver.remote.remote_connection:remote_connection.py:313 GET http://selenium-hub:4444/wd/hub/session/2a670954043057007869b12b05838443/element/f.E2CA94EEEADEE1C7A00EAF7EB106933D.d.0882390D74053074C4DE2B9475F28A10.e.495/text {}
DEBUG    urllib3.connectionpool:connectionpool.py:544 http://selenium-hub:4444 "GET /wd/hub/session/2a670954043057007869b12b05838443/element/f.E2CA94EEEADEE1C7A00EAF7EB106933D.d.0882390D74053074C4DE2B9475F28A10.e.495/text HTTP/1.1" 200 0
DEBUG    selenium.webdriver.remote.remote_connection:remote_connection.py:329 Remote response: status=200 | data={"value":"E2E Title"} | headers=HTTPHeaderDict({'content-length': '21', 'content-type': 'application/json; charset=utf-8', 'cache-control': 'no-cache'})
DEBUG    selenium.webdriver.remote.remote_connection:remote_connection.py:356 Finished Request
DEBUG    selenium.webdriver.remote.remote_connection:remote_connection.py:313 POST http://selenium-hub:4444/wd/hub/session/2a670954043057007869b12b05838443/element/f.E2CA94EEEADEE1C7A00EAF7EB106933D.d.0882390D74053074C4DE2B9475F28A10.e.324/element {"using": "css selector", "value": "div[data-testid='note-card-title']"}
DEBUG    urllib3.connectionpool:connectionpool.py:544 http://selenium-hub:4444 "POST /wd/hub/session/2a670954043057007869b12b05838443/element/f.E2CA94EEEADEE1C7A00EAF7EB106933D.d.0882390D74053074C4DE2B9475F28A10.e.324/element HTTP/1.1" 200 0
DEBUG    selenium.webdriver.remote.remote_connection:remote_connection.py:329 Remote response: status=200 | data={"value":{"element-6066-11e4-a52e-4f735466cecf":"f.E2CA94EEEADEE1C7A00EAF7EB106933D.d.0882390D74053074C4DE2B9475F28A10.e.496"}} | headers=HTTPHeaderDict({'content-length': '127', 'content-type': 'application/json; charset=utf-8', 'cache-control': 'no-cache'})
DEBUG    selenium.webdriver.remote.remote_connection:remote_connection.py:356 Finished Request
DEBUG    selenium.webdriver.remote.remote_connection:remote_connection.py:313 GET http://selenium-hub:4444/wd/hub/session/2a670954043057007869b12b05838443/element/f.E2CA94EEEADEE1C7A00EAF7EB106933D.d.0882390D74053074C4DE2B9475F28A10.e.496/text {}
DEBUG    urllib3.connectionpool:connectionpool.py:544 http://selenium-hub:4444 "GET /wd/hub/session/2a670954043057007869b12b05838443/element/f.E2CA94EEEADEE1C7A00EAF7EB106933D.d.0882390D74053074C4DE2B9475F28A10.e.496/text HTTP/1.1" 200 0
DEBUG    selenium.webdriver.remote.remote_connection:remote_connection.py:329 Remote response: status=200 | data={"value":"API E2E 1778154927"} | headers=HTTPHeaderDict({'content-length': '30', 'content-type': 'application/json; charset=utf-8', 'cache-control': 'no-cache'})
DEBUG    selenium.webdriver.remote.remote_connection:remote_connection.py:356 Finished Request
DEBUG    selenium.webdriver.remote.remote_connection:remote_connection.py:313 POST http://selenium-hub:4444/wd/hub/session/2a670954043057007869b12b05838443/element/f.E2CA94EEEADEE1C7A00EAF7EB106933D.d.0882390D74053074C4DE2B9475F28A10.e.325/element {"using": "css selector", "value": "div[data-testid='note-card-title']"}
DEBUG    urllib3.connectionpool:connectionpool.py:544 http://selenium-hub:4444 "POST /wd/hub/session/2a670954043057007869b12b05838443/element/f.E2CA94EEEADEE1C7A00EAF7EB106933D.d.0882390D74053074C4DE2B9475F28A10.e.325/element HTTP/1.1" 200 0
DEBUG    selenium.webdriver.remote.remote_connection:remote_connection.py:329 Remote response: status=200 | data={"value":{"element-6066-11e4-a52e-4f735466cecf":"f.E2CA94EEEADEE1C7A00EAF7EB106933D.d.0882390D74053074C4DE2B9475F28A10.e.497"}} | headers=HTTPHeaderDict({'content-length': '127', 'content-type': 'application/json; charset=utf-8', 'cache-control': 'no-cache'})
DEBUG    selenium.webdriver.remote.remote_connection:remote_connection.py:356 Finished Request
DEBUG    selenium.webdriver.remote.remote_connection:remote_connection.py:313 GET http://selenium-hub:4444/wd/hub/session/2a670954043057007869b12b05838443/element/f.E2CA94EEEADEE1C7A00EAF7EB106933D.d.0882390D74053074C4DE2B9475F28A10.e.497/text {}
DEBUG    urllib3.connectionpool:connectionpool.py:544 http://selenium-hub:4444 "GET /wd/hub/session/2a670954043057007869b12b05838443/element/f.E2CA94EEEADEE1C7A00EAF7EB106933D.d.0882390D74053074C4DE2B9475F28A10.e.497/text HTTP/1.1" 200 0
DEBUG    selenium.webdriver.remote.remote_connection:remote_connection.py:329 Remote response: status=200 | data={"value":"UI Test"} | headers=HTTPHeaderDict({'content-length': '19', 'content-type': 'application/json; charset=utf-8', 'cache-control': 'no-cache'})
DEBUG    selenium.webdriver.remote.remote_connection:remote_connection.py:356 Finished Request
DEBUG    selenium.webdriver.remote.remote_connection:remote_connection.py:313 POST http://selenium-hub:4444/wd/hub/session/2a670954043057007869b12b05838443/element/f.E2CA94EEEADEE1C7A00EAF7EB106933D.d.0882390D74053074C4DE2B9475F28A10.e.326/element {"using": "css selector", "value": "div[data-testid='note-card-title']"}
DEBUG    urllib3.connectionpool:connectionpool.py:544 http://selenium-hub:4444 "POST /wd/hub/session/2a670954043057007869b12b05838443/element/f.E2CA94EEEADEE1C7A00EAF7EB106933D.d.0882390D74053074C4DE2B9475F28A10.e.326/element HTTP/1.1" 200 0
DEBUG    selenium.webdriver.remote.remote_connection:remote_connection.py:329 Remote response: status=200 | data={"value":{"element-6066-11e4-a52e-4f735466cecf":"f.E2CA94EEEADEE1C7A00EAF7EB106933D.d.0882390D74053074C4DE2B9475F28A10.e.498"}} | headers=HTTPHeaderDict({'content-length': '127', 'content-type': 'application/json; charset=utf-8', 'cache-control': 'no-cache'})
DEBUG    selenium.webdriver.remote.remote_connection:remote_connection.py:356 Finished Request
DEBUG    selenium.webdriver.remote.remote_connection:remote_connection.py:313 GET http://selenium-hub:4444/wd/hub/session/2a670954043057007869b12b05838443/element/f.E2CA94EEEADEE1C7A00EAF7EB106933D.d.0882390D74053074C4DE2B9475F28A10.e.498/text {}
DEBUG    urllib3.connectionpool:connectionpool.py:544 http://selenium-hub:4444 "GET /wd/hub/session/2a670954043057007869b12b05838443/element/f.E2CA94EEEADEE1C7A00EAF7EB106933D.d.0882390D74053074C4DE2B9475F28A10.e.498/text HTTP/1.1" 200 0
DEBUG    selenium.webdriver.remote.remote_connection:remote_connection.py:329 Remote response: status=200 | data={"value":"E2E Title"} | headers=HTTPHeaderDict({'content-length': '21', 'content-type': 'application/json; charset=utf-8', 'cache-control': 'no-cache'})
DEBUG    selenium.webdriver.remote.remote_connection:remote_connection.py:356 Finished Request
DEBUG    selenium.webdriver.remote.remote_connection:remote_connection.py:313 POST http://selenium-hub:4444/wd/hub/session/2a670954043057007869b12b05838443/element/f.E2CA94EEEADEE1C7A00EAF7EB106933D.d.0882390D74053074C4DE2B9475F28A10.e.327/element {"using": "css selector", "value": "div[data-testid='note-card-title']"}
DEBUG    urllib3.connectionpool:connectionpool.py:544 http://selenium-hub:4444 "POST /wd/hub/session/2a670954043057007869b12b05838443/element/f.E2CA94EEEADEE1C7A00EAF7EB106933D.d.0882390D74053074C4DE2B9475F28A10.e.327/element HTTP/1.1" 200 0
DEBUG    selenium.webdriver.remote.remote_connection:remote_connection.py:329 Remote response: status=200 | data={"value":{"element-6066-11e4-a52e-4f735466cecf":"f.E2CA94EEEADEE1C7A00EAF7EB106933D.d.0882390D74053074C4DE2B9475F28A10.e.499"}} | headers=HTTPHeaderDict({'content-length': '127', 'content-type': 'application/json; charset=utf-8', 'cache-control': 'no-cache'})
DEBUG    selenium.webdriver.remote.remote_connection:remote_connection.py:356 Finished Request
DEBUG    selenium.webdriver.remote.remote_connection:remote_connection.py:313 GET http://selenium-hub:4444/wd/hub/session/2a670954043057007869b12b05838443/element/f.E2CA94EEEADEE1C7A00EAF7EB106933D.d.0882390D74053074C4DE2B9475F28A10.e.499/text {}
DEBUG    urllib3.connectionpool:connectionpool.py:544 http://selenium-hub:4444 "GET /wd/hub/session/2a670954043057007869b12b05838443/element/f.E2CA94EEEADEE1C7A00EAF7EB106933D.d.0882390D74053074C4DE2B9475F28A10.e.499/text HTTP/1.1" 200 0
DEBUG    selenium.webdriver.remote.remote_connection:remote_connection.py:329 Remote response: status=200 | data={"value":"E2E Title"} | headers=HTTPHeaderDict({'content-length': '21', 'content-type': 'application/json; charset=utf-8', 'cache-control': 'no-cache'})
DEBUG    selenium.webdriver.remote.remote_connection:remote_connection.py:356 Finished Request
DEBUG    selenium.webdriver.remote.remote_connection:remote_connection.py:313 POST http://selenium-hub:4444/wd/hub/session/2a670954043057007869b12b05838443/element/f.E2CA94EEEADEE1C7A00EAF7EB106933D.d.0882390D74053074C4DE2B9475F28A10.e.328/element {"using": "css selector", "value": "div[data-testid='note-card-title']"}
DEBUG    urllib3.connectionpool:connectionpool.py:544 http://selenium-hub:4444 "POST /wd/hub/session/2a670954043057007869b12b05838443/element/f.E2CA94EEEADEE1C7A00EAF7EB106933D.d.0882390D74053074C4DE2B9475F28A10.e.328/element HTTP/1.1" 200 0
DEBUG    selenium.webdriver.remote.remote_connection:remote_connection.py:329 Remote response: status=200 | data={"value":{"element-6066-11e4-a52e-4f735466cecf":"f.E2CA94EEEADEE1C7A00EAF7EB106933D.d.0882390D74053074C4DE2B9475F28A10.e.500"}} | headers=HTTPHeaderDict({'content-length': '127', 'content-type': 'application/json; charset=utf-8', 'cache-control': 'no-cache'})
DEBUG    selenium.webdriver.remote.remote_connection:remote_connection.py:356 Finished Request
DEBUG    selenium.webdriver.remote.remote_connection:remote_connection.py:313 GET http://selenium-hub:4444/wd/hub/session/2a670954043057007869b12b05838443/element/f.E2CA94EEEADEE1C7A00EAF7EB106933D.d.0882390D74053074C4DE2B9475F28A10.e.500/text {}
DEBUG    urllib3.connectionpool:connectionpool.py:544 http://selenium-hub:4444 "GET /wd/hub/session/2a670954043057007869b12b05838443/element/f.E2CA94EEEADEE1C7A00EAF7EB106933D.d.0882390D74053074C4DE2B9475F28A10.e.500/text HTTP/1.1" 200 0
DEBUG    selenium.webdriver.remote.remote_connection:remote_connection.py:329 Remote response: status=200 | data={"value":"API E2E 1778145170"} | headers=HTTPHeaderDict({'content-length': '30', 'content-type': 'application/json; charset=utf-8', 'cache-control': 'no-cache'})
DEBUG    selenium.webdriver.remote.remote_connection:remote_connection.py:356 Finished Request
DEBUG    selenium.webdriver.remote.remote_connection:remote_connection.py:313 POST http://selenium-hub:4444/wd/hub/session/2a670954043057007869b12b05838443/element/f.E2CA94EEEADEE1C7A00EAF7EB106933D.d.0882390D74053074C4DE2B9475F28A10.e.329/element {"using": "css selector", "value": "div[data-testid='note-card-title']"}
DEBUG    urllib3.connectionpool:connectionpool.py:544 http://selenium-hub:4444 "POST /wd/hub/session/2a670954043057007869b12b05838443/element/f.E2CA94EEEADEE1C7A00EAF7EB106933D.d.0882390D74053074C4DE2B9475F28A10.e.329/element HTTP/1.1" 200 0
DEBUG    selenium.webdriver.remote.remote_connection:remote_connection.py:329 Remote response: status=200 | data={"value":{"element-6066-11e4-a52e-4f735466cecf":"f.E2CA94EEEADEE1C7A00EAF7EB106933D.d.0882390D74053074C4DE2B9475F28A10.e.501"}} | headers=HTTPHeaderDict({'content-length': '127', 'content-type': 'application/json; charset=utf-8', 'cache-control': 'no-cache'})
DEBUG    selenium.webdriver.remote.remote_connection:remote_connection.py:356 Finished Request
DEBUG    selenium.webdriver.remote.remote_connection:remote_connection.py:313 GET http://selenium-hub:4444/wd/hub/session/2a670954043057007869b12b05838443/element/f.E2CA94EEEADEE1C7A00EAF7EB106933D.d.0882390D74053074C4DE2B9475F28A10.e.501/text {}
DEBUG    urllib3.connectionpool:connectionpool.py:544 http://selenium-hub:4444 "GET /wd/hub/session/2a670954043057007869b12b05838443/element/f.E2CA94EEEADEE1C7A00EAF7EB106933D.d.0882390D74053074C4DE2B9475F28A10.e.501/text HTTP/1.1" 200 0
DEBUG    selenium.webdriver.remote.remote_connection:remote_connection.py:329 Remote response: status=200 | data={"value":"API E2E 1778144787"} | headers=HTTPHeaderDict({'content-length': '30', 'content-type': 'application/json; charset=utf-8', 'cache-control': 'no-cache'})
DEBUG    selenium.webdriver.remote.remote_connection:remote_connection.py:356 Finished Request
DEBUG    selenium.webdriver.remote.remote_connection:remote_connection.py:313 POST http://selenium-hub:4444/wd/hub/session/2a670954043057007869b12b05838443/element/f.E2CA94EEEADEE1C7A00EAF7EB106933D.d.0882390D74053074C4DE2B9475F28A10.e.330/element {"using": "css selector", "value": "div[data-testid='note-card-title']"}
DEBUG    urllib3.connectionpool:connectionpool.py:544 http://selenium-hub:4444 "POST /wd/hub/session/2a670954043057007869b12b05838443/element/f.E2CA94EEEADEE1C7A00EAF7EB106933D.d.0882390D74053074C4DE2B9475F28A10.e.330/element HTTP/1.1" 200 0
DEBUG    selenium.webdriver.remote.remote_connection:remote_connection.py:329 Remote response: status=200 | data={"value":{"element-6066-11e4-a52e-4f735466cecf":"f.E2CA94EEEADEE1C7A00EAF7EB106933D.d.0882390D74053074C4DE2B9475F28A10.e.502"}} | headers=HTTPHeaderDict({'content-length': '127', 'content-type': 'application/json; charset=utf-8', 'cache-control': 'no-cache'})
DEBUG    selenium.webdriver.remote.remote_connection:remote_connection.py:356 Finished Request
DEBUG    selenium.webdriver.remote.remote_connection:remote_connection.py:313 GET http://selenium-hub:4444/wd/hub/session/2a670954043057007869b12b05838443/element/f.E2CA94EEEADEE1C7A00EAF7EB106933D.d.0882390D74053074C4DE2B9475F28A10.e.502/text {}
DEBUG    urllib3.connectionpool:connectionpool.py:544 http://selenium-hub:4444 "GET /wd/hub/session/2a670954043057007869b12b05838443/element/f.E2CA94EEEADEE1C7A00EAF7EB106933D.d.0882390D74053074C4DE2B9475F28A10.e.502/text HTTP/1.1" 200 0
DEBUG    selenium.webdriver.remote.remote_connection:remote_connection.py:329 Remote response: status=200 | data={"value":"API E2E 1778144428"} | headers=HTTPHeaderDict({'content-length': '30', 'content-type': 'application/json; charset=utf-8', 'cache-control': 'no-cache'})
DEBUG    selenium.webdriver.remote.remote_connection:remote_connection.py:356 Finished Request
DEBUG    selenium.webdriver.remote.remote_connection:remote_connection.py:313 POST http://selenium-hub:4444/wd/hub/session/2a670954043057007869b12b05838443/element/f.E2CA94EEEADEE1C7A00EAF7EB106933D.d.0882390D74053074C4DE2B9475F28A10.e.331/element {"using": "css selector", "value": "div[data-testid='note-card-title']"}
DEBUG    urllib3.connectionpool:connectionpool.py:544 http://selenium-hub:4444 "POST /wd/hub/session/2a670954043057007869b12b05838443/element/f.E2CA94EEEADEE1C7A00EAF7EB106933D.d.0882390D74053074C4DE2B9475F28A10.e.331/element HTTP/1.1" 200 0
DEBUG    selenium.webdriver.remote.remote_connection:remote_connection.py:329 Remote response: status=200 | data={"value":{"element-6066-11e4-a52e-4f735466cecf":"f.E2CA94EEEADEE1C7A00EAF7EB106933D.d.0882390D74053074C4DE2B9475F28A10.e.503"}} | headers=HTTPHeaderDict({'content-length': '127', 'content-type': 'application/json; charset=utf-8', 'cache-control': 'no-cache'})
DEBUG    selenium.webdriver.remote.remote_connection:remote_connection.py:356 Finished Request
DEBUG    selenium.webdriver.remote.remote_connection:remote_connection.py:313 GET http://selenium-hub:4444/wd/hub/session/2a670954043057007869b12b05838443/element/f.E2CA94EEEADEE1C7A00EAF7EB106933D.d.0882390D74053074C4DE2B9475F28A10.e.503/text {}
DEBUG    urllib3.connectionpool:connectionpool.py:544 http://selenium-hub:4444 "GET /wd/hub/session/2a670954043057007869b12b05838443/element/f.E2CA94EEEADEE1C7A00EAF7EB106933D.d.0882390D74053074C4DE2B9475F28A10.e.503/text HTTP/1.1" 200 0
DEBUG    selenium.webdriver.remote.remote_connection:remote_connection.py:329 Remote response: status=200 | data={"value":"API E2E 1778143482"} | headers=HTTPHeaderDict({'content-length': '30', 'content-type': 'application/json; charset=utf-8', 'cache-control': 'no-cache'})
DEBUG    selenium.webdriver.remote.remote_connection:remote_connection.py:356 Finished Request
DEBUG    selenium.webdriver.remote.remote_connection:remote_connection.py:313 POST http://selenium-hub:4444/wd/hub/session/2a670954043057007869b12b05838443/element/f.E2CA94EEEADEE1C7A00EAF7EB106933D.d.0882390D74053074C4DE2B9475F28A10.e.332/element {"using": "css selector", "value": "div[data-testid='note-card-title']"}
DEBUG    urllib3.connectionpool:connectionpool.py:544 http://selenium-hub:4444 "POST /wd/hub/session/2a670954043057007869b12b05838443/element/f.E2CA94EEEADEE1C7A00EAF7EB106933D.d.0882390D74053074C4DE2B9475F28A10.e.332/element HTTP/1.1" 200 0
DEBUG    selenium.webdriver.remote.remote_connection:remote_connection.py:329 Remote response: status=200 | data={"value":{"element-6066-11e4-a52e-4f735466cecf":"f.E2CA94EEEADEE1C7A00EAF7EB106933D.d.0882390D74053074C4DE2B9475F28A10.e.504"}} | headers=HTTPHeaderDict({'content-length': '127', 'content-type': 'application/json; charset=utf-8', 'cache-control': 'no-cache'})
DEBUG    selenium.webdriver.remote.remote_connection:remote_connection.py:356 Finished Request
DEBUG    selenium.webdriver.remote.remote_connection:remote_connection.py:313 GET http://selenium-hub:4444/wd/hub/session/2a670954043057007869b12b05838443/element/f.E2CA94EEEADEE1C7A00EAF7EB106933D.d.0882390D74053074C4DE2B9475F28A10.e.504/text {}
DEBUG    urllib3.connectionpool:connectionpool.py:544 http://selenium-hub:4444 "GET /wd/hub/session/2a670954043057007869b12b05838443/element/f.E2CA94EEEADEE1C7A00EAF7EB106933D.d.0882390D74053074C4DE2B9475F28A10.e.504/text HTTP/1.1" 200 0
DEBUG    selenium.webdriver.remote.remote_connection:remote_connection.py:329 Remote response: status=200 | data={"value":"E2E Title"} | headers=HTTPHeaderDict({'content-length': '21', 'content-type': 'application/json; charset=utf-8', 'cache-control': 'no-cache'})
DEBUG    selenium.webdriver.remote.remote_connection:remote_connection.py:356 Finished Request
DEBUG    selenium.webdriver.remote.remote_connection:remote_connection.py:313 POST http://selenium-hub:4444/wd/hub/session/2a670954043057007869b12b05838443/element/f.E2CA94EEEADEE1C7A00EAF7EB106933D.d.0882390D74053074C4DE2B9475F28A10.e.333/element {"using": "css selector", "value": "div[data-testid='note-card-title']"}
DEBUG    urllib3.connectionpool:connectionpool.py:544 http://selenium-hub:4444 "POST /wd/hub/session/2a670954043057007869b12b05838443/element/f.E2CA94EEEADEE1C7A00EAF7EB106933D.d.0882390D74053074C4DE2B9475F28A10.e.333/element HTTP/1.1" 200 0
DEBUG    selenium.webdriver.remote.remote_connection:remote_connection.py:329 Remote response: status=200 | DEBUG    urllib3.connectionpool:connectionpool.py:544 http://selenium-hub:4444 "POST /wd/hub/session/43511aed1bd5f6b429199614d0cd3d97/element HTTP/1.1" 404 0
DEBUG    selenium.webdriver.remote.remote_connection:remote_connection.py:329 Remote response: status=404 | data={"value":{"error":"no such element","message":"no such element: Unable to locate element: {\"method\":\"xpath\",\"selector\":\"//button[text()='Logout']\"}\n  (Session info: chrome=125.0.6422.76)","stacktrace":"#0 0x604b731ece9a \u003Cunknown>\n#1 0x604b72ed645c \u00DEBUG    urllib3.connectionpool:connectionpool.py:544 http://selenium-hub:4444 "POST /wd/hub/session/aaf41ee7c423515e1ac988c7c8ac9ce5/element HTTP/1.1" 404 0
DEBUG    selenium.webdriver.remote.remote_connection:remote_connection.py:329 Remote response: status=404 | data={"value":{"error":"no such element","message":"no such element: Unable to locate element: {\"method\":\"xpath\",\"selector\":\"//button[text()='Logout']\"}\n  (Session info: chrome=125.0.6422.76)","stacktrace":"#0 0x5cf50c509e9a \u003Cunknown>\n#1 0x5cf50c1f345c \u003Cunknown>\n#2 0x5cf50c23f5b5 \u003Cunknown>\n#3 0x5cf50c23f671 \u003Cunknown>\n#4 0x5cf50c283f14 \u003Cunknown>\n#5 0x5cf50c2624dd \u003Cunknown>\n#6 0x5cf50c2812cc \u003Cunknown>\n#7 0x5cf50c262253 \u003Cunknown>\n#8 0x5cf50c2321c7 \u003Cunknown>\n#9 0x5cf50c232b3e \u003Cunknown>\n#10 0x5cf50c4d02db \u003Cunknown>\n#11 0x5cf50c4d4387 \u003Cunknown>\n#12 0x5cf50c4bce0e \u003Cunknown>\n#13 0x5cf50c4d4e52 \u003Cunknown>\n#14 0x5cf50c4a17af \u003Cunknown>\n#15 0x5cf50c4f9188 \u003Cunknown>\n#16 0x5cf50c4f935b DEBUG    urllib3.connectionpool:connectionpool.py:544 http://selenium-hub:4444 "POST /wd/hub/session/43511aed1bd5f6b429199614d0cd3d97/element HTTP/1.1" 404 0
DEBUG    selenium.webdriver.remote.remote_connection:remote_connection.py:329 Remote response: status=404 | data={"value":{"error":"no such element","message":"no such element: Unable to locate element: {\"method\":\"xpath\",\"selector\":\"//button[text()='Logout']\"}\n  (Session info: chrome=125.0.6422.76)","stacktrace":"#0 0x604b731ece9a \u003Cunknown>\n#1 0x604b72ed645c \u00DEBUG    urllib3.connectionpool:connectionpool.py:544 http://selenium-hub:4444 "POST /wd/hub/session/aaf41ee7c423515e1ac988c7c8ac9ce5/element HTTP/1.1" 404 0
DEBUG    selenium.webdriver.remote.remote_connection:remote_connection.py:329 Remote response: status=404 | data={"value":{"error":"no such element","message":"no such element: Unable to locate element: {\"method\":\"xpath\",\"selector\":\"//button[text()='Logout']\"}\n  (Session info: chrome=125.0.6422.76)","stacktrace":"#0 0x5cf50c509e9a \u003Cunknown>\n#1 0x5cf50c1f345c \u003Cunknown>\n#2 0x5cf50c23f5b5 \u003Cunknown>\n#3 0x5cf50c23f671 \u003Cunknown>\n#4 0x5cf50c283f14 \u003Cunknown>\n#5 0x5cf50c2624dd \u003Cunknown>\n#6 0x5cf50c2812cc \u003Cunknown>\n#7 0x5cf50c262253 \u003Cunknown>\n#8 0x5cf50c2321c7 \u003Cunknown>\n#9 0x5cf50c232b3e \u003Cunknown>\n#10 0x5cf50c4d02db \u003Cunknown>\n#11 0x5cf50c4d4387 \u003Cunknown>\n#12 0x5cf50c4bce0e \u003Cunknown>\n#13 0x5cf50c4d4e52 \u003Cunknown>\n#14 0x5cf50c4a17af \u003Cunknown>\n#15 0x5cf50c4f9188 \u003Cunknown>\n#16 0x5cf50c4f935b DEBUG    urllib3.connectionpool:connectionpool.py:544 http://selenium-hub:4444 "POST /wd/hub/session/43511aed1bd5f6b429199614d0cd3d97/element HTTP/1.1" 404 0
DEBUG    selenium.webdriver.remote.remote_connection:remote_connection.py:329 Remote response: status=404 | data={"value":{"error":"no such element","message":"no such element: Unable to locate element: {\"method\":\"xpath\",\"selector\":\"//button[text()='Logout']\"}\n  (Session info: chrome=125.0.6422.76)","stacktrace":"#0 0x604b731ece9a \u003Cunknown>\n#1 0x604b72ed645c \u00DEBUG    urllib3.connectionpool:connectionpool.py:544 http://selenium-hub:4444 "POST /wd/hub/session/aaf41ee7c423515e1ac988c7c8ac9ce5/element HTTP/1.1" 404 0
DEBUG    selenium.webdriver.remote.remote_connection:remote_connection.py:329 Remote response: status=404 | data={"value":{"error":"no such element","message":"no such element: Unable to locate element: {\"method\":\"xpath\",\"selector\":\"//button[text()='Logout']\"}\n  (Session info: chrome=125.0.6422.76)","stacktrace":"#0 0x5cf50c509e9a \u003Cunknown>\n#1 0x5cf50c1f345c \u003Cunknown>\n#2 0x5cf50c23f5b5 \u003Cunknown>\n#3 0x5cf50c23f671 \u003Cunknown>\n#4 0x5cf50c283f14 \u003Cunknown>\n#5 0x5cf50c2624dd \u003Cunknown>\n#6 0x5cf50c2812cc \u003Cunknown>\n#7 0x5cf50c262253 \u003Cunknown>\n#8 0x5cf50c2321c7 \u003Cunknown>\n#9 0x5cf50c232b3e \u003Cunknown>\n#10 0x5cf50c4d02db \u003Cunknown>\n#11 0x5cf50c4d4387 \u003Cunknown>\n#12 0x5cf50c4bce0e \u003Cunknown>\n#13 0x5cf50c4d4e52 \u003Cunknown>\n#14 0x5cf50c4a17af \u003Cunknown>\n#15 0x5cf50c4f9188 \u003Cunknown>\n#16 0x5cf50c4f935b \u003Cunknown>\n#17 0x5cf50c508fcc \u003Cunknown>\n#18 0x7ebe0904fac3 \u003Cunknown>\n"}} | headers=HTTPHeaderDict({'content-length': '869', 'content-type': 'application/json; charset=utf-8', 'cache-control': 'no-cache'})
DEBUG    selenium.webdriver.remote.remote_connection:remote_connection.py:356 Finished Request
DEBUG    selenium.webdriver.remote.remote_connection:remote_connection.py:313 DELETE http://selenium-hub:4444/wd/hub/session/aaf41ee7c423515e1ac988c7c8ac9ce5 {}
DEBUG    urllib3.connectionpool:connectionpool.py:544 http://selenium-hub:4444 "DELETE /wd/hub/session/aaf41ee7c423515e1ac988c7c8ac9ce5 HTTP/1.1" 200 0
DEBUG    selenium.webdriver.remote.remote_connection:remote_connection.py:329 Remote response: status=200 | data={"value":null} | headers=HTTPHeaderDict({'content-length': '14', 'content-type': 'application/json; charset=utf-8', 'cache-control': 'no-cache'})
DEBUG    selenium.webdriver.remote.remote_connection:remote_connection.py:356 Finished Request
DEBUG    selenium.webdriver.remote.remote_connection:remote_connection.py:313 POST http://selenium-hub:4444/wd/hub/session {"capabilities": {"firstMatch": [{}], "alwaysMatch": {"browserName": "chrome", "pageLoadStrategy": "normal", "goog:chromeOptions": {"extensions": [], "args": ["--headless=new", "--no-sandbox", "--disable-dev-shm-usage", "--disable-gpu", "--window-size=1920,1080", "--disable-extensions", "--disable-infobars"]}}}}
DEBUG    urllib3.connectionpool:connectionpool.py:241 Starting new HTTP connection (1): selenium-hub:4444
DEBUG    urllib3.connectionpool:connectionpool.py:544 http://selenium-hub:4444 "POST /wd/hub/session HTTP/1.1" 200 0
DEBUG    selenium.webdriver.remote.remote_connection:remote_connection.py:329 Remote response: status=200 | data={
  "value": {
    "sessionId": "9be8c1aa68ba25175154757d50bb5f31",
    "capabilities": {
      "acceptInsecureCerts": false,
      "browserName": "chrome",
      "browserVersion": "125.0.6422.76",
      "chrome": {
        "chromedriverVersion": "125.0.6422.76 (67dcf7562b8fb4ab0819135589e37a97bcc8942c-refs\u002fbranch-heads\u002f6422@{#1086})",
        "userDataDir": "\u002ftmp\u002f.org.chromium.Chromium.8OX6bO"
      },
      "fedcm:accounts": true,
      "goog:chromeOptions": {
        "debuggerAddress": "localhost:37411"
      },
      "networkConnectionEnabled": false,
      "pageLoadStrategy": "normal",
      "platformName": "linux",
      "proxy": {
      },
      "se:bidiEnabled": false,
      "se:cdp": "ws:\u002f\u002f172.18.0.3:4444\u002fsession\u002f9be8c1aa68ba25175154757d50bb5f31\u002fse\u002fcdp",
      "se:cdpVersion": "125.0.6422.76",
      "se:vnc": "ws:\u002f\u002f172.18.0.3:4444\u002fsession\u002f9be8c1aa68ba25175154757d50bb5f31\u002fse\u002fvnc",
      "se:vncEnabled": true,
      "se:vncLocalAddress": "ws:\u002f\u002f172.18.0.3:7900",
      "setWindowRect": true,
      "strictFileInteractability": false,
      "timeouts": {
        "implicit": 0,
        "pageLoad": 300000,
        "script": 30000
      },
      "unhandledPromptBehavior": "dismiss and notify",
      "webauthn:extension:credBlob": true,
      "webauthn:extension:largeBlob": true,
      "webauthn:extension:minPinLength": true,
      "webauthn:extension:prf": true,
      "webauthn:virtualAuthenticators": true
    }
  }
} | headers=HTTPHeaderDict({'content-length': '1531', 'Cache-Control': 'no-cache', 'Content-Type': 'application/json; charset=utf-8'})
DEBUG    selenium.webdriver.remote.remote_connection:remote_connection.py:356 Finished Request
DEBUG    selenium.webdriver.remote.remote_connection:remote_connection.py:313 POST http://selenium-hub:4444/wd/hub/session/9be8c1aa68ba25175154757d50bb5f31/timeouts {"implicit": 10000}
DEBUG    urllib3.connectionpool:connectionpool.py:544 http://selenium-hub:4444 "POST /wd/hub/session/9be8c1aa68ba25175154757d50bb5f31/timeouts HTTP/1.1" 200 0
DEBUG    selenium.webdriver.remoDEBUG    urllib3.connectionpool:connectionpool.py:544 http://selenium-hub:4444 "POST /wd/hub/session/c25c0b26e99c8e37c896a9fd3f30a3e9/url HTTP/1.1" 200 0
DEBUG    selenium.webdriver.remote.remote_connection:remote_connection.py:329 Remote response: status=200 | data={"value":null} | headers=HTTPHeaderDict({'content-length': '14', 'content-type': 'application/json; charset=utf-8', 'cache-control': 'no-cache'})
DEBUG    selenium.webdriver.remote.remote_connection:remote_connection.py:356 Finished Request
DEBUG    selenium.webdriver.remote.remote_connection:remote_connection.py:313 POST http://selenium-hub:4444/wd/hub/session/c25c0b26e99c8e37c896a9fd3f30a3e9/execute/sync {"script": "return document.readyState", "args": []}
DEBUG    urllib3.connectionpool:connectionpool.py:544 http://selenium-hub:4444 "POST /wd/hub/session/c25c0b26e99c8e37c896a9fd3f30a3e9/execute/sync HTTP/1.1" 200 0
DEBUG    selenium.webdriver.remote.remote_connection:remote_connection.py:329 Remote response: status=200 | data={"value":"complete"} | headers=HTTPHeaderDict({'content-length': '20', 'content-type': 'application/json; charset=utf-8', 'cache-control': 'no-cache'})
DEBUG    selenium.webdriver.remote.remote_connection:remote_connection.py:356 Finished Request
DEBUG    selenium.webdriver.remote.remote_connection:remote_connection.py:313 GET http://selenium-hub:4444/wd/hub/session/c25c0b26e99c8e37c896a9fd3f30a3e9/url {}
DEBUG    urllib3.connectionpool:connectionpool.py:544 http://selenium-hub:4444 "GET /wd/hub/session/c25c0b26e99c8e37c896a9fd3f30a3e9/url HTTP/1.1" 200 0
DEBUG    selenium.webdriver.remote.remote_connection:remote_connection.py:329 Remote response: status=200 | data={"value":"https://practice.expandtesting.com/notes/app"} | headers=HTTPHeaderDict({'content-length': '56', 'content-type': 'application/json; charset=utf-8', 'cache-control': 'no-cache'})
DEBUG    selenium.webdriver.remote.remote_connection:remote_connection.py:356 Finished Request
DEBUG    selenium.webdriver.remote.remote_connection:remote_connection.py:313 GET http://selenium-hub:4444/wd/hub/session/c25c0b26e99c8e37c896a9fd3f30a3e9/url {}
DEBUG    urllib3.connectionpool:connectionpool.py:544 http://selenium-hub:4444 "GET /wd/hub/session/c25c0b26e99c8e37c896a9fd3f30a3e9/url HTTP/1.1" 200 0
DEBUG    selenium.webdriver.remote.remote_connection:remote_connection.py:329 Remote response: status=200 | data={"value":"https://practice.expandtesting.com/notes/app"} | headers=HTTPHeaderDict({'content-length': '56', 'content-type': 'application/json; charset=utf-8', 'cache-control': 'no-cache'})
DEBUG    selenium.webdriver.remote.remote_connection:remote_connection.py:356 Finished Request
DEBUG    selenium.webdriver.remote.remote_connection:remote_connection.py:313 POST http://selenium-hub:4444/wd/hub/session/c25c0b26e99c8e37c896a9fd3f30a3e9/url {"url": "https://practice.expandtesting.com/notes/app/login"}
DEBUG    urllib3.connectionpool:connectionpool.py:544 http://selenium-hub:4444 "POST /wd/hub/session/c25c0b26e99c8e37c896a9fd3f30a3e9/url HTTP/1.1" 200 0
DEBUG    selenium.webdriver.remote.remote_connection:remote_connection.py:329 Remote response: status=200 | data={"value":null} | headers=HTTPHeaderDict({'content-length': '14', 'content-type': 'application/json; charset=utf-8', 'cache-control': 'no-cache'})
DEBUG    selenium.webdriver.remote.remote_connection:remote_connection.py:356 Finished Request
DEBUG    selenium.webdriver.reDEBUG    urllib3.connectionpool:connectionpool.py:544 http://selenium-hub:4444 "POST /wd/hub/session/9be8c1aa68ba25175154757d50bb5f31/url HTTP/1.1" 200 0
DEBUG    selenium.webdriver.remote.remote_connection:remote_connection.py:329 Remote response: status=200 | data={"value":null} | headers=HTTPHeaderDict({'content-length': '14', 'content-type': 'application/json; charset=utf-8', 'cache-control': 'no-cache'})
DEBUG    selenium.webdriver.remote.remote_connection:remote_connection.py:356 Finished Request
DEBUG    selenium.webdriver.remote.remote_connection:remote_connection.py:313 POST http://selenium-hub:4444/wd/hub/session/9be8c1aa68ba25175154757d50bb5f31/execute/sync {"script": "return document.readyState", "args": []}
DEBUG    urllib3.connectionpool:connectionpool.py:544 http://selenium-hub:4444 "POST /wd/hub/session/9be8c1aa68ba25175154757d50bb5f31/execute/sync HTTP/1.1" 200 0
DEBUG    selenium.webdriver.remote.remote_connection:remote_connection.py:329 Remote response: status=200 | data={"value":"complete"} | headers=HTTPHeaderDict({'content-length': '20', 'content-type': 'application/json; charset=utf-8', 'cache-control': 'no-cache'})
DEBUG    selenium.webdriver.remote.remote_connection:remote_connection.py:356 Finished Request
DEBUG    selenium.webdriver.remote.remote_connection:remote_connection.py:313 POST http://selenium-hub:4444/wd/hub/session/9be8c1aa68ba25175154757d50bb5f31/element {"using": "css selector", "value": "[data-testid='login-email']"}
DEBUG    urllib3.connectionpool:connectionpool.py:544 http://selenium-hub:4444 "POST /wd/hub/session/9be8c1aa68ba25175154757d50bb5f31/element HTTP/1.1" 200 0
DEBUG    selenium.webdriver.remote.remote_connection:remote_connection.py:329 Remote response: status=200 | data={"value":{"element-6066-11e4-a52e-4f735466cecf":"f.63B823F5F932B18CEF0487356FDD0014.d.D73C794E0A517EC1AD39918C00504A79.e.44"}} | headers=HTTPHeaderDict({'content-length': '126', 'content-type': 'application/json; charset=utf-8', 'cache-control': 'no-cache'})
DEBUG    selenium.webdriver.remote.remote_connection:remote_connection.py:356 Finished Request
DEBUG    selenium.webdriver.remote.remote_connection:remote_connection.py:313 POST http://selenium-hub:4444/wd/hub/session/9be8c1aa68ba25175154757d50bb5f31/execute/sync {"script": "/* isDisplayed */return (function(){return (function(){var k=this||self;function aa(a){return\"string\"==typeof a}function ba(a,b){a=a.split(\".\");var c=k;a[0]in c||\"undefined\"==typeof c.execScript||c.execScript(\"var \"+a[0]);for(var d;a.length&&(d=a.shift());)a.length||void 0===b?c[d]&&c[d]!==Object.prototype[d]?c=c[d]:c=c[d]={}:c[d]=b}\nfunction ca(a){var b=typeof a;if(\"object\"==b)if(a){if(a instanceof Array)return\"array\";if(a instanceof Object)return b;var c=Object.prototype.toString.call(a);if(\"[object Window]\"==c)return\"object\";if(\"[object Array]\"==c||\"number\"==typeof a.length&&\"undefined\"!=typeof a.splice&&\"undefined\"!=typeof a.propertyIsEnumerable&&!a.propertyIsEnumerable(\"splice\"))return\"array\";if(\"[object Function]\"==c||\"undefined\"!=typeof a.call&&\"undefined\"!=typeof a.propertyIsEnumerable&&!a.propertyIsEnumerable(\"call\"))return\"function\"}else return\"null\";\nelse if(\"function\"==b&&\"undefined\"==typeof a.call)return\"object\";return b}function da(a,b,c){return a.call.apply(a.bind,arguments)}function ea(a,b,c){if(!a)throw Error();if(2<arguments.length){var d=Array.prototype.slice.call(arguments,2);return function(){var e=Array.prototype.slice.call(arguments);Array.prototype.unshift.apply(e,d);return a.apply(b,e)}}return function(){return a.apply(b,arguments)}}\nfunction fa(a,b,c){Function.prototype.bind&&-1!=Function.prototype.bind.toString().indexOf(\"native code\")?fa=da:fa=ea;return fa.apply(null,arguments)}function ha(a,b){var c=Array.prototype.slice.call(arguments,1);return function(){var d=c.slice();d.push.apply(d,arguments);return a.apply(this,d)}}function l(a,b){function c(){}c.prototype=b.prototype;a.prototype=new c;a.prototype.constructor=a};/*\n\n The MIT License\n\n Copyright (c) 2007 Cybozu Labs, Inc.\n Copyright (c) 2012 Google Inc.\n\n Permission is hereby granted, free of charge, to any person obtaining a copy\n of this software and associated documentation files (the \"Software\"), to\n deal in the Software without restriction, including without limitation the\n rights to use, copy, modify, merge, publish, distribute, sublicense, and/or\n sell copies of the Software, and to permit persons to whom the Software is\n furnished to do so, subject to the following conditions:\n\n The above copyright notice and this permission notice shall be included in\n all copies or substantial portions of the Software.\n\n THE SOFTWARE IS PROVIDED \"AS IS\", WITHOUT WARRANTY OF ANY KIND, EXPRESS OR\n IMPLIED, INCLUDING BUT NOT LIMITED TO THE WARRANTIES OF MERCHANTABILITY,\n FITNESS FOR A PARTICULAR PURPOSE AND NONINFRINGEMENT. IN NO EVENT SHALL THE\n AUTHORS OR COPYRIGHT HOLDERS BE LIABLE FOR ANY CLAIM, DAMAGES OR OTHER\n LIABILITY, WHETHER IN AN ACTION OF CONTRACT, TORT OR OTHERWISE, ARISING\n FROM, OUT OF OR IN CONNECTION WITH THE SOFTWARE OR THE USE OR OTHER DEALINGS\n IN THE SOFTWARE.\n*/\nfunction ia(a,b,c){this.a=a;this.b=b||1;this.f=c||1};var ja=Array.prototype.indexOf?function(a,b){return Array.prototype.indexOf.call(a,b,void 0)}:function(a,b){if(\"string\"===typeof a)return\"string\"!==typeof b||1!=b.length?-1:a.indexOf(b,0);for(var c=0;c<a.length;c++)if(c in a&&a[c]===b)return c;return-1},n=Array.prototype.forEach?function(a,b){Array.prototype.forEach.call(a,b,void 0)}:function(a,b){for(var c=a.length,d=\"string\"===typeof a?a.split(\"\"):a,e=0;e<c;e++)e in d&&b.call(void 0,d[e],e,a)},ka=Array.prototype.filter?function(a,b){return Array.prototype.filter.call(a,\nb,void 0)}:function(a,b){for(var c=a.length,d=[],e=0,f=\"string\"===typeof a?a.split(\"\"):a,g=0;g<c;g++)if(g in f){var h=f[g];b.call(void 0,h,g,a)&&(d[e++]=h)}return d},la=Array.prototype.reduce?function(a,b,c){return Array.prototype.reduce.call(a,b,c)}:function(a,b,c){var d=c;n(a,function(e,f){d=b.call(void 0,d,e,f,a)});return d},ma=Array.prototype.some?function(a,b){return Array.prototype.some.call(a,b,void 0)}:function(a,b){for(var c=a.length,d=\"string\"===typeof a?a.split(\"\"):a,e=0;e<c;e++)if(e in\nd&&b.call(void 0,d[e],e,a))return!0;return!1},na=Array.prototype.every?function(a,b){return Array.prototype.every.call(a,b,void 0)}:function(a,b){for(var c=a.length,d=\"string\"===typeof a?a.split(\"\"):a,e=0;e<c;e++)if(e in d&&!b.call(void 0,d[e],e,a))return!1;return!0};function oa(a,b){a:{for(var c=a.length,d=\"string\"===typeof a?a.split(\"\"):a,e=0;e<c;e++)if(e in d&&b.call(void 0,d[e],e,a)){b=e;break a}b=-1}return 0>b?null:\"string\"===typeof a?a.charAt(b):a[b]}\nfunction pa(a){return Array.prototype.concat.apply([],arguments)}function qa(a,b,c){return 2>=arguments.length?Array.prototype.slice.call(a,b):Array.prototype.slice.call(a,b,c)};var ra=String.prototype.trim?function(a){return a.trim()}:function(a){return/^[\\s\\xa0]*([\\s\\S]*?)[\\s\\xa0]*$/.exec(a)[1]};function sa(a,b){return a<b?-1:a>b?1:0};var t;a:{var ta=k.navigator;if(ta){var ua=ta.userAgent;if(ua){t=ua;break a}}t=\"\"}function u(a){return-1!=t.indexOf(a)};function va(){return u(\"Firefox\")||u(\"FxiOS\")}function wa(){return(u(\"Chrome\")||u(\"CriOS\"))&&!u(\"Edge\")};function xa(a){return String(a).replace(/\\-([a-z])/g,function(b,c){return c.toUpperCase()})};function ya(){return u(\"iPhone\")&&!u(\"iPod\")&&!u(\"iPad\")};function za(a,b){var c=Aa;return Object.prototype.hasOwnProperty.call(c,a)?c[a]:c[a]=b(a)};var Ba=u(\"Opera\"),v=u(\"Trident\")||u(\"MSIE\"),Ca=u(\"Edge\"),Da=u(\"Gecko\")&&!(-1!=t.toLowerCase().indexOf(\"webkit\")&&!u(\"Edge\"))&&!(u(\"Trident\")||u(\"MSIE\"))&&!u(\"Edge\"),Ea=-1!=t.toLowerCase().indexOf(\"webkit\")&&!u(\"Edge\");function Fa(){var a=k.document;return a?a.documentMode:void 0}var Ga;\na:{var Ha=\"\",Ia=function(){var a=t;if(Da)return/rv:([^\\);]+)(\\)|;)/.exec(a);if(Ca)return/Edge\\/([\\d\\.]+)/.exec(a);if(v)return/\\b(?:MSIE|rv)[: ]([^\\);]+)(\\)|;)/.exec(a);if(Ea)return/WebKit\\/(\\S+)/.exec(a);if(Ba)return/(?:Version)[ \\/]?(\\S+)/.exec(a)}();Ia&&(Ha=Ia?Ia[1]:\"\");if(v){var Ja=Fa();if(null!=Ja&&Ja>parseFloat(Ha)){Ga=String(Ja);break a}}Ga=Ha}var Aa={};\nfunction Ka(a){return za(a,function(){for(var b=0,c=ra(String(Ga)).split(\".\"),d=ra(String(a)).split(\".\"),e=Math.max(c.length,d.length),f=0;0==b&&f<e;f++){var g=c[f]||\"\",h=d[f]||\"\";do{g=/(\\d*)(\\D*)(.*)/.exec(g)||[\"\",\"\",\"\",\"\"];h=/(\\d*)(\\D*)(.*)/.exec(h)||[\"\",\"\",\"\",\"\"];if(0==g[0].length&&0==h[0].length)break;b=sa(0==g[1].length?0:parseInt(g[1],10),0==h[1].length?0:parseInt(h[1],10))||sa(0==g[2].length,0==h[2].length)||sa(g[2],h[2]);g=g[3];h=h[3]}while(0==b)}return 0<=b})}var La;\nLa=k.document&&v?Fa():void 0;var x=v&&!(9<=Number(La)),Ma=v&&!(8<=Number(La));function Na(a,b,c,d){this.a=a;this.nodeName=c;this.nodeValue=d;this.nodeType=2;this.parentNode=this.ownerElement=b}function Oa(a,b){var c=Ma&&\"href\"==b.nodeName?a.getAttribute(b.nodeName,2):b.nodeValue;return new Na(b,a,b.nodeName,c)};function Pa(a){this.b=a;this.a=0}function Qa(a){a=a.match(Ra);for(var b=0;b<a.length;b++)Sa.test(a[b])&&a.splice(b,1);return new Pa(a)}var Ra=/\\$?(?:(?![0-9-\\.])(?:\\*|[\\w-\\.]+):)?(?![0-9-\\.])(?:\\*|[\\w-\\.]+)|\\/\\/|\\.\\.|::|\\d+(?:\\.\\d*)?|\\.\\d+|\"[^\"]*\"|'[^']*'|[!<>]=|\\s+|./g,Sa=/^\\s/;function y(a,b){return a.b[a.a+(b||0)]}function z(a){return a.b[a.a++]}function Ta(a){return a.b.length<=a.a};function Ua(a,b){this.x=void 0!==a?a:0;this.y=void 0!==b?b:0}Ua.prototype.ceil=function(){this.x=Math.ceil(this.x);this.y=Math.ceil(this.y);return this};Ua.prototype.floor=function(){this.x=Math.floor(this.x);this.y=Math.floor(this.y);return this};Ua.prototype.round=function(){this.x=Math.round(this.x);this.y=Math.round(this.y);return this};function Va(a,b){this.width=a;this.height=b}Va.prototype.aspectRatio=function(){return this.width/this.height};Va.prototype.ceil=function(){this.width=Math.ceil(this.width);this.height=Math.ceil(this.height);return this};Va.prototype.floor=function(){this.width=Math.floor(this.width);this.height=Math.floor(this.height);return this};Va.prototype.round=function(){this.width=Math.round(this.width);this.height=Math.round(this.height);return this};function Wa(a,b){if(!a||!b)return!1;if(a.contains&&1==b.nodeType)return a==b||a.contains(b);if(\"undefined\"!=typeof a.compareDocumentPosition)return a==b||!!(a.compareDocumentPosition(b)&16);for(;b&&a!=b;)b=b.parentNode;return b==a}\nfunction Xa(a,b){if(a==b)return 0;if(a.compareDocumentPosition)return a.compareDocumentPosition(b)&2?1:-1;if(v&&!(9<=Number(La))){if(9==a.nodeType)return-1;if(9==b.nodeType)return 1}if(\"sourceIndex\"in a||a.parentNode&&\"sourceIndex\"in a.parentNode){var c=1==a.nodeType,d=1==b.nodeType;if(c&&d)return a.sourceIndex-b.sourceIndex;var e=a.parentNode,f=b.parentNode;return e==f?Ya(a,b):!c&&Wa(e,b)?-1*Za(a,b):!d&&Wa(f,a)?Za(b,a):(c?a.sourceIndex:e.sourceIndex)-(d?b.sourceIndex:f.sourceIndex)}d=A(a);c=d.createRange();\nc.selectNode(a);c.collapse(!0);a=d.createRange();a.selectNode(b);a.collapse(!0);return c.compareBoundaryPoints(k.Range.START_TO_END,a)}function Za(a,b){var c=a.parentNode;if(c==b)return-1;for(;b.parentNode!=c;)b=b.parentNode;return Ya(b,a)}function Ya(a,b){for(;b=b.previousSibling;)if(b==a)return-1;return 1}function A(a){return 9==a.nodeType?a:a.ownerDocument||a.document}function $a(a,b){a&&(a=a.parentNode);for(var c=0;a;){if(b(a))return a;a=a.parentNode;c++}return null}\nfunction ab(a){this.a=a||k.document||document}ab.prototype.getElementsByTagName=function(a,b){return(b||this.a).getElementsByTagName(String(a))};function B(a){var b=null,c=a.nodeType;1==c&&(b=a.textContent,b=void 0==b||null==b?a.innerText:b,b=void 0==b||null==b?\"\":b);if(\"string\"!=typeof b)if(x&&\"title\"==a.nodeName.toLowerCase()&&1==c)b=a.text;else if(9==c||1==c){a=9==c?a.documentElement:a.firstChild;c=0;var d=[];for(b=\"\";a;){do 1!=a.nodeType&&(b+=a.nodeValue),x&&\"title\"==a.nodeName.toLowerCase()&&(b+=a.text),d[c++]=a;while(a=a.firstChild);for(;c&&!(a=d[--c].nextSibling););}}else b=a.nodeValue;return b}\nfunction C(a,b,c){if(null===b)return!0;try{if(!a.getAttribute)return!1}catch(d){return!1}Ma&&\"class\"==b&&(b=\"className\");return null==c?!!a.getAttribute(b):a.getAttribute(b,2)==c}function bb(a,b,c,d,e){return(x?cb:db).call(null,a,b,aa(c)?c:null,aa(d)?d:null,e||new E)}\nfunction cb(a,b,c,d,e){if(a instanceof F||8==a.b||c&&null===a.b){var f=b.all;if(!f)return e;a=eb(a);if(\"*\"!=a&&(f=b.getElementsByTagName(a),!f))return e;if(c){for(var g=[],h=0;b=f[h++];)C(b,c,d)&&g.push(b);f=g}for(h=0;b=f[h++];)\"*\"==a&&\"!\"==b.tagName||e.add(b);return e}gb(a,b,c,d,e);return e}\nfunction db(a,b,c,d,e){b.getElementsByName&&d&&\"name\"==c&&!v?(b=b.getElementsByName(d),n(b,function(f){a.a(f)&&e.add(f)})):b.getElementsByClassName&&d&&\"class\"==c?(b=b.getElementsByClassName(d),n(b,function(f){f.className==d&&a.a(f)&&e.add(f)})):a instanceof G?gb(a,b,c,d,e):b.getElementsByTagName&&(b=b.getElementsByTagName(a.f()),n(b,function(f){C(f,c,d)&&e.add(f)}));return e}\nfunction hb(a,b,c,d,e){var f;if((a instanceof F||8==a.b||c&&null===a.b)&&(f=b.childNodes)){var g=eb(a);if(\"*\"!=g&&(f=ka(f,function(h){return h.tagName&&h.tagName.toLowerCase()==g}),!f))return e;c&&(f=ka(f,function(h){return C(h,c,d)}));n(f,function(h){\"*\"==g&&(\"!\"==h.tagName||\"*\"==g&&1!=h.nodeType)||e.add(h)});return e}return ib(a,b,c,d,e)}function ib(a,b,c,d,e){for(b=b.firstChild;b;b=b.nextSibling)C(b,c,d)&&a.a(b)&&e.add(b);return e}\nfunction gb(a,b,c,d,e){for(b=b.firstChild;b;b=b.nextSibling)C(b,c,d)&&a.a(b)&&e.add(b),gb(a,b,c,d,e)}function eb(a){if(a instanceof G){if(8==a.b)return\"!\";if(null===a.b)return\"*\"}return a.f()};function E(){this.b=this.a=null;this.l=0}function jb(a){this.f=a;this.a=this.b=null}function kb(a,b){if(!a.a)return b;if(!b.a)return a;var c=a.a;b=b.a;for(var d=null,e,f=0;c&&b;){e=c.f;var g=b.f;e==g||e instanceof Na&&g instanceof Na&&e.a==g.a?(e=c,c=c.a,b=b.a):0<Xa(c.f,b.f)?(e=b,b=b.a):(e=c,c=c.a);(e.b=d)?d.a=e:a.a=e;d=e;f++}for(e=c||b;e;)e.b=d,d=d.a=e,f++,e=e.a;a.b=d;a.l=f;return a}function lb(a,b){b=new jb(b);b.a=a.a;a.b?a.a.b=b:a.a=a.b=b;a.a=b;a.l++}\nE.prototype.add=function(a){a=new jb(a);a.b=this.b;this.a?this.b.a=a:this.a=this.b=a;this.b=a;this.l++};function mb(a){return(a=a.a)?a.f:null}function nb(a){return(a=mb(a))?B(a):\"\"}function H(a,b){return new ob(a,!!b)}function ob(a,b){this.f=a;this.b=(this.s=b)?a.b:a.a;this.a=null}function I(a){var b=a.b;if(null==b)return null;var c=a.a=b;a.b=a.s?b.b:b.a;return c.f};function J(a){this.i=a;this.b=this.g=!1;this.f=null}function K(a){return\"\\n  \"+a.toString().split(\"\\n\").join(\"\\n  \")}function pb(a,b){a.g=b}function qb(a,b){a.b=b}function N(a,b){a=a.a(b);return a instanceof E?+nb(a):+a}function O(a,b){a=a.a(b);return a instanceof E?nb(a):\"\"+a}function rb(a,b){a=a.a(b);return a instanceof E?!!a.l:!!a};function sb(a,b,c){J.call(this,a.i);this.c=a;this.h=b;this.o=c;this.g=b.g||c.g;this.b=b.b||c.b;this.c==tb&&(c.b||c.g||4==c.i||0==c.i||!b.f?b.b||b.g||4==b.i||0==b.i||!c.f||(this.f={name:c.f.name,u:b}):this.f={name:b.f.name,u:c})}l(sb,J);\nfunction ub(a,b,c,d,e){b=b.a(d);c=c.a(d);var f;if(b instanceof E&&c instanceof E){b=H(b);for(d=I(b);d;d=I(b))for(e=H(c),f=I(e);f;f=I(e))if(a(B(d),B(f)))return!0;return!1}if(b instanceof E||c instanceof E){b instanceof E?(e=b,d=c):(e=c,d=b);f=H(e);for(var g=typeof d,h=I(f);h;h=I(f)){switch(g){case \"number\":h=+B(h);break;case \"boolean\":h=!!B(h);break;case \"string\":h=B(h);break;default:throw Error(\"Illegal primitive type for comparison.\");}if(e==b&&a(h,d)||e==c&&a(d,h))return!0}return!1}return e?\"boolean\"==\ntypeof b||\"boolean\"==typeof c?a(!!b,!!c):\"number\"==typeof b||\"number\"==typeof c?a(+b,+c):a(b,c):a(+b,+c)}sb.prototype.a=function(a){return this.c.m(this.h,this.o,a)};sb.prototype.toString=function(){var a=\"Binary Expression: \"+this.c;a+=K(this.h);return a+=K(this.o)};function vb(a,b,c,d){this.I=a;this.D=b;this.i=c;this.m=d}vb.prototype.toString=function(){return this.I};var wb={};\nfunction P(a,b,c,d){if(wb.hasOwnProperty(a))throw Error(\"Binary operator already created: \"+a);a=new vb(a,b,c,d);return wb[a.toString()]=a}P(\"div\",6,1,function(a,b,c){return N(a,c)/N(b,c)});P(\"mod\",6,1,function(a,b,c){return N(a,c)%N(b,c)});P(\"*\",6,1,function(a,b,c){return N(a,c)*N(b,c)});P(\"+\",5,1,function(a,b,c){return N(a,c)+N(b,c)});P(\"-\",5,1,function(a,b,c){return N(a,c)-N(b,c)});P(\"<\",4,2,function(a,b,c){return ub(function(d,e){return d<e},a,b,c)});\nP(\">\",4,2,function(a,b,c){return ub(function(d,e){return d>e},a,b,c)});P(\"<=\",4,2,function(a,b,c){return ub(function(d,e){return d<=e},a,b,c)});P(\">=\",4,2,function(a,b,c){return ub(function(d,e){return d>=e},a,b,c)});var tb=P(\"=\",3,2,function(a,b,c){return ub(function(d,e){return d==e},a,b,c,!0)});P(\"!=\",3,2,function(a,b,c){return ub(function(d,e){return d!=e},a,b,c,!0)});P(\"and\",2,2,function(a,b,c){return rb(a,c)&&rb(b,c)});P(\"or\",1,2,function(a,b,c){return rb(a,c)||rb(b,c)});function xb(a,b){if(b.a.length&&4!=a.i)throw Error(\"Primary expression must evaluate to nodeset if filter has predicate(s).\");J.call(this,a.i);this.c=a;this.h=b;this.g=a.g;this.b=a.b}l(xb,J);xb.prototype.a=function(a){a=this.c.a(a);return yb(this.h,a)};xb.prototype.toString=function(){var a=\"Filter:\"+K(this.c);return a+=K(this.h)};function zb(a,b){if(b.length<a.C)throw Error(\"Function \"+a.j+\" expects at least\"+a.C+\" arguments, \"+b.length+\" given\");if(null!==a.B&&b.length>a.B)throw Error(\"Function \"+a.j+\" expects at most \"+a.B+\" arguments, \"+b.length+\" given\");a.H&&n(b,function(c,d){if(4!=c.i)throw Error(\"Argument \"+d+\" to function \"+a.j+\" is not of type Nodeset: \"+c);});J.call(this,a.i);this.v=a;this.c=b;pb(this,a.g||ma(b,function(c){return c.g}));qb(this,a.G&&!b.length||a.F&&!!b.length||ma(b,function(c){return c.b}))}\nl(zb,J);zb.prototype.a=function(a){return this.v.m.apply(null,pa(a,this.c))};zb.prototype.toString=function(){var a=\"Function: \"+this.v;if(this.c.length){var b=la(this.c,function(c,d){return c+K(d)},\"Arguments:\");a+=K(b)}return a};function Ab(a,b,c,d,e,f,g,h){this.j=a;this.i=b;this.g=c;this.G=d;this.F=!1;this.m=e;this.C=f;this.B=void 0!==g?g:f;this.H=!!h}Ab.prototype.toString=function(){return this.j};var Bb={};\nfunction Q(a,b,c,d,e,f,g,h){if(Bb.hasOwnProperty(a))throw Error(\"Function already created: \"+a+\".\");Bb[a]=new Ab(a,b,c,d,e,f,g,h)}Q(\"boolean\",2,!1,!1,function(a,b){return rb(b,a)},1);Q(\"ceiling\",1,!1,!1,function(a,b){return Math.ceil(N(b,a))},1);Q(\"concat\",3,!1,!1,function(a,b){return la(qa(arguments,1),function(c,d){return c+O(d,a)},\"\")},2,null);Q(\"contains\",2,!1,!1,function(a,b,c){b=O(b,a);a=O(c,a);return-1!=b.indexOf(a)},2);Q(\"count\",1,!1,!1,function(a,b){return b.a(a).l},1,1,!0);\nQ(\"false\",2,!1,!1,function(){return!1},0);Q(\"floor\",1,!1,!1,function(a,b){return Math.floor(N(b,a))},1);Q(\"id\",4,!1,!1,function(a,b){function c(h){if(x){var m=e.all[h];if(m){if(m.nodeType&&h==m.id)return m;if(m.length)return oa(m,function(w){return h==w.id})}return null}return e.getElementById(h)}var d=a.a,e=9==d.nodeType?d:d.ownerDocument;a=O(b,a).split(/\\s+/);var f=[];n(a,function(h){h=c(h);!h||0<=ja(f,h)||f.push(h)});f.sort(Xa);var g=new E;n(f,function(h){g.add(h)});return g},1);\nQ(\"lang\",2,!1,!1,function(){return!1},1);Q(\"last\",1,!0,!1,function(a){if(1!=arguments.length)throw Error(\"Function last expects ()\");return a.f},0);Q(\"local-name\",3,!1,!0,function(a,b){return(a=b?mb(b.a(a)):a.a)?a.localName||a.nodeName.toLowerCase():\"\"},0,1,!0);Q(\"name\",3,!1,!0,function(a,b){return(a=b?mb(b.a(a)):a.a)?a.nodeName.toLowerCase():\"\"},0,1,!0);Q(\"namespace-uri\",3,!0,!1,function(){return\"\"},0,1,!0);\nQ(\"normalize-space\",3,!1,!0,function(a,b){return(b?O(b,a):B(a.a)).replace(/[\\s\\xa0]+/g,\" \").replace(/^\\s+|\\s+$/g,\"\")},0,1);Q(\"not\",2,!1,!1,function(a,b){return!rb(b,a)},1);Q(\"number\",1,!1,!0,function(a,b){return b?N(b,a):+B(a.a)},0,1);Q(\"position\",1,!0,!1,function(a){return a.b},0);Q(\"round\",1,!1,!1,function(a,b){return Math.round(N(b,a))},1);Q(\"starts-with\",2,!1,!1,function(a,b,c){b=O(b,a);a=O(c,a);return 0==b.lastIndexOf(a,0)},2);Q(\"string\",3,!1,!0,function(a,b){return b?O(b,a):B(a.a)},0,1);\nQ(\"string-length\",1,!1,!0,function(a,b){return(b?O(b,a):B(a.a)).length},0,1);Q(\"substring\",3,!1,!1,function(a,b,c,d){c=N(c,a);if(isNaN(c)||Infinity==c||-Infinity==c)return\"\";d=d?N(d,a):Infinity;if(isNaN(d)||-Infinity===d)return\"\";c=Math.round(c)-1;var e=Math.max(c,0);a=O(b,a);return Infinity==d?a.substring(e):a.substring(e,c+Math.round(d))},2,3);Q(\"substring-after\",3,!1,!1,function(a,b,c){b=O(b,a);a=O(c,a);c=b.indexOf(a);return-1==c?\"\":b.substring(c+a.length)},2);\nQ(\"substring-before\",3,!1,!1,function(a,b,c){b=O(b,a);a=O(c,a);a=b.indexOf(a);return-1==a?\"\":b.substring(0,a)},2);Q(\"sum\",1,!1,!1,function(a,b){a=H(b.a(a));b=0;for(var c=I(a);c;c=I(a))b+=+B(c);return b},1,1,!0);Q(\"translate\",3,!1,!1,function(a,b,c,d){b=O(b,a);c=O(c,a);var e=O(d,a);a={};for(d=0;d<c.length;d++){var f=c.charAt(d);f in a||(a[f]=e.charAt(d))}c=\"\";for(d=0;d<b.length;d++)f=b.charAt(d),c+=f in a?a[f]:f;return c},3);Q(\"true\",2,!1,!1,function(){return!0},0);function G(a,b){this.h=a;this.c=void 0!==b?b:null;this.b=null;switch(a){case \"comment\":this.b=8;break;case \"text\":this.b=3;break;case \"processing-instruction\":this.b=7;break;case \"node\":break;default:throw Error(\"Unexpected argument\");}}function Cb(a){return\"comment\"==a||\"text\"==a||\"processing-instruction\"==a||\"node\"==a}G.prototype.a=function(a){return null===this.b||this.b==a.nodeType};G.prototype.f=function(){return this.h};\nG.prototype.toString=function(){var a=\"Kind Test: \"+this.h;null===this.c||(a+=K(this.c));return a};function Db(a){J.call(this,3);this.c=a.substring(1,a.length-1)}l(Db,J);Db.prototype.a=function(){return this.c};Db.prototype.toString=function(){return\"Literal: \"+this.c};function F(a,b){this.j=a.toLowerCase();a=\"*\"==this.j?\"*\":\"http://www.w3.org/1999/xhtml\";this.c=b?b.toLowerCase():a}F.prototype.a=function(a){var b=a.nodeType;if(1!=b&&2!=b)return!1;b=void 0!==a.localName?a.localName:a.nodeName;return\"*\"!=this.j&&this.j!=b.toLowerCase()?!1:\"*\"==this.c?!0:this.c==(a.namespaceURI?a.namespaceURI.toLowerCase():\"http://www.w3.org/1999/xhtml\")};F.prototype.f=function(){return this.j};\nF.prototype.toString=function(){return\"Name Test: \"+(\"http://www.w3.org/1999/xhtml\"==this.c?\"\":this.c+\":\")+this.j};function Eb(a){J.call(this,1);this.c=a}l(Eb,J);Eb.prototype.a=function(){return this.c};Eb.prototype.toString=function(){return\"Number: \"+this.c};function Fb(a,b){J.call(this,a.i);this.h=a;this.c=b;this.g=a.g;this.b=a.b;1==this.c.length&&(a=this.c[0],a.A||a.c!=Gb||(a=a.o,\"*\"!=a.f()&&(this.f={name:a.f(),u:null})))}l(Fb,J);function Hb(){J.call(this,4)}l(Hb,J);Hb.prototype.a=function(a){var b=new E;a=a.a;9==a.nodeType?b.add(a):b.add(a.ownerDocument);return b};Hb.prototype.toString=function(){return\"Root Helper Expression\"};function Ib(){J.call(this,4)}l(Ib,J);Ib.prototype.a=function(a){var b=new E;b.add(a.a);return b};Ib.prototype.toString=function(){return\"Context Helper Expression\"};\nfunction Jb(a){return\"/\"==a||\"//\"==a}Fb.prototype.a=function(a){var b=this.h.a(a);if(!(b instanceof E))throw Error(\"Filter expression must evaluate to nodeset.\");a=this.c;for(var c=0,d=a.length;c<d&&b.l;c++){var e=a[c],f=H(b,e.c.s);if(e.g||e.c!=Kb)if(e.g||e.c!=Lb){var g=I(f);for(b=e.a(new ia(g));null!=(g=I(f));)g=e.a(new ia(g)),b=kb(b,g)}else g=I(f),b=e.a(new ia(g));else{for(g=I(f);(b=I(f))&&(!g.contains||g.contains(b))&&b.compareDocumentPosition(g)&8;g=b);b=e.a(new ia(g))}}return b};\nFb.prototype.toString=function(){var a=\"Path Expression:\"+K(this.h);if(this.c.length){var b=la(this.c,function(c,d){return c+K(d)},\"Steps:\");a+=K(b)}return a};function Mb(a,b){this.a=a;this.s=!!b}\nfunction yb(a,b,c){for(c=c||0;c<a.a.length;c++)for(var d=a.a[c],e=H(b),f=b.l,g,h=0;g=I(e);h++){var m=a.s?f-h:h+1;g=d.a(new ia(g,m,f));if(\"number\"==typeof g)m=m==g;else if(\"string\"==typeof g||\"boolean\"==typeof g)m=!!g;else if(g instanceof E)m=0<g.l;else throw Error(\"Predicate.evaluate returned an unexpected type.\");if(!m){m=e;g=m.f;var w=m.a;if(!w)throw Error(\"Next must be called at least once before remove.\");var r=w.b;w=w.a;r?r.a=w:g.a=w;w?w.b=r:g.b=r;g.l--;m.a=null}}return b}\nMb.prototype.toString=function(){return la(this.a,function(a,b){return a+K(b)},\"Predicates:\")};function R(a,b,c,d){J.call(this,4);this.c=a;this.o=b;this.h=c||new Mb([]);this.A=!!d;b=this.h;b=0<b.a.length?b.a[0].f:null;a.J&&b&&(a=b.name,a=x?a.toLowerCase():a,this.f={name:a,u:b.u});a:{a=this.h;for(b=0;b<a.a.length;b++)if(c=a.a[b],c.g||1==c.i||0==c.i){a=!0;break a}a=!1}this.g=a}l(R,J);\nR.prototype.a=function(a){var b=a.a,c=this.f,d=null,e=null,f=0;c&&(d=c.name,e=c.u?O(c.u,a):null,f=1);if(this.A)if(this.g||this.c!=Nb)if(b=H((new R(Ob,new G(\"node\"))).a(a)),c=I(b))for(a=this.m(c,d,e,f);null!=(c=I(b));)a=kb(a,this.m(c,d,e,f));else a=new E;else a=bb(this.o,b,d,e),a=yb(this.h,a,f);else a=this.m(a.a,d,e,f);return a};R.prototype.m=function(a,b,c,d){a=this.c.v(this.o,a,b,c);return a=yb(this.h,a,d)};\nR.prototype.toString=function(){var a=\"Step:\"+K(\"Operator: \"+(this.A?\"//\":\"/\"));this.c.j&&(a+=K(\"Axis: \"+this.c));a+=K(this.o);if(this.h.a.length){var b=la(this.h.a,function(c,d){return c+K(d)},\"Predicates:\");a+=K(b)}return a};function Pb(a,b,c,d){this.j=a;this.v=b;this.s=c;this.J=d}Pb.prototype.toString=function(){return this.j};var Qb={};function S(a,b,c,d){if(Qb.hasOwnProperty(a))throw Error(\"Axis already created: \"+a);b=new Pb(a,b,c,!!d);return Qb[a]=b}\nS(\"ancestor\",function(a,b){for(var c=new E;b=b.parentNode;)a.a(b)&&lb(c,b);return c},!0);S(\"ancestor-or-self\",function(a,b){var c=new E;do a.a(b)&&lb(c,b);while(b=b.parentNode);return c},!0);\nvar Gb=S(\"attribute\",function(a,b){var c=new E,d=a.f();if(\"style\"==d&&x&&b.style)return c.add(new Na(b.style,b,\"style\",b.style.cssText)),c;var e=b.attributes;if(e)if(a instanceof G&&null===a.b||\"*\"==d)for(a=0;d=e[a];a++)x?d.nodeValue&&c.add(Oa(b,d)):c.add(d);else(d=e.getNamedItem(d))&&(x?d.nodeValue&&c.add(Oa(b,d)):c.add(d));return c},!1),Nb=S(\"child\",function(a,b,c,d,e){return(x?hb:ib).call(null,a,b,aa(c)?c:null,aa(d)?d:null,e||new E)},!1,!0);S(\"descendant\",bb,!1,!0);\nvar Ob=S(\"descendant-or-self\",function(a,b,c,d){var e=new E;C(b,c,d)&&a.a(b)&&e.add(b);return bb(a,b,c,d,e)},!1,!0),Kb=S(\"following\",function(a,b,c,d){var e=new E;do for(var f=b;f=f.nextSibling;)C(f,c,d)&&a.a(f)&&e.add(f),e=bb(a,f,c,d,e);while(b=b.parentNode);return e},!1,!0);S(\"following-sibling\",function(a,b){for(var c=new E;b=b.nextSibling;)a.a(b)&&c.add(b);return c},!1);S(\"namespace\",function(){return new E},!1);\nvar Rb=S(\"parent\",function(a,b){var c=new E;if(9==b.nodeType)return c;if(2==b.nodeType)return c.add(b.ownerElement),c;b=b.parentNode;a.a(b)&&c.add(b);return c},!1),Lb=S(\"preceding\",function(a,b,c,d){var e=new E,f=[];do f.unshift(b);while(b=b.parentNode);for(var g=1,h=f.length;g<h;g++){var m=[];for(b=f[g];b=b.previousSibling;)m.unshift(b);for(var w=0,r=m.length;w<r;w++)b=m[w],C(b,c,d)&&a.a(b)&&e.add(b),e=bb(a,b,c,d,e)}return e},!0,!0);\nS(\"preceding-sibling\",function(a,b){for(var c=new E;b=b.previousSibling;)a.a(b)&&lb(c,b);return c},!0);var Sb=S(\"self\",function(a,b){var c=new E;a.a(b)&&c.add(b);return c},!1);function Tb(a){J.call(this,1);this.c=a;this.g=a.g;this.b=a.b}l(Tb,J);Tb.prototype.a=function(a){return-N(this.c,a)};Tb.prototype.toString=function(){return\"Unary Expression: -\"+K(this.c)};function Ub(a){J.call(this,4);this.c=a;pb(this,ma(this.c,function(b){return b.g}));qb(this,ma(this.c,function(b){return b.b}))}l(Ub,J);Ub.prototype.a=function(a){var b=new E;n(this.c,function(c){c=c.a(a);if(!(c instanceof E))throw Error(\"Path expression must evaluate to NodeSet.\");b=kb(b,c)});return b};Ub.prototype.toString=function(){return la(this.c,function(a,b){return a+K(b)},\"Union Expression:\")};function Vb(a,b){this.a=a;this.b=b}function Yb(a){for(var b,c=[];;){T(a,\"Missing right hand side of binary expression.\");b=Zb(a);var d=z(a.a);if(!d)break;var e=(d=wb[d]||null)&&d.D;if(!e){a.a.a--;break}for(;c.length&&e<=c[c.length-1].D;)b=new sb(c.pop(),c.pop(),b);c.push(b,d)}for(;c.length;)b=new sb(c.pop(),c.pop(),b);return b}function T(a,b){if(Ta(a.a))throw Error(b);}function $b(a,b){a=z(a.a);if(a!=b)throw Error(\"Bad token, expected: \"+b+\" got: \"+a);}\nfunction ac(a){a=z(a.a);if(\")\"!=a)throw Error(\"Bad token: \"+a);}function bc(a){a=z(a.a);if(2>a.length)throw Error(\"Unclosed literal string\");return new Db(a)}\nfunction cc(a){var b=[];if(Jb(y(a.a))){var c=z(a.a);var d=y(a.a);if(\"/\"==c&&(Ta(a.a)||\".\"!=d&&\"..\"!=d&&\"@\"!=d&&\"*\"!=d&&!/(?![0-9])[\\w]/.test(d)))return new Hb;d=new Hb;T(a,\"Missing next location step.\");c=dc(a,c);b.push(c)}else{a:{c=y(a.a);d=c.charAt(0);switch(d){case \"$\":throw Error(\"Variable reference not allowed in HTML XPath\");case \"(\":z(a.a);c=Yb(a);T(a,'unclosed \"(\"');$b(a,\")\");break;case '\"':case \"'\":c=bc(a);break;default:if(isNaN(+c))if(!Cb(c)&&/(?![0-9])[\\w]/.test(d)&&\"(\"==y(a.a,1)){c=z(a.a);\nc=Bb[c]||null;z(a.a);for(d=[];\")\"!=y(a.a);){T(a,\"Missing function argument list.\");d.push(Yb(a));if(\",\"!=y(a.a))break;z(a.a)}T(a,\"Unclosed function argument list.\");ac(a);c=new zb(c,d)}else{c=null;break a}else c=new Eb(+z(a.a))}\"[\"==y(a.a)&&(d=new Mb(ec(a)),c=new xb(c,d))}if(c)if(Jb(y(a.a)))d=c;else return c;else c=dc(a,\"/\"),d=new Ib,b.push(c)}for(;Jb(y(a.a));)c=z(a.a),T(a,\"Missing next location step.\"),c=dc(a,c),b.push(c);return new Fb(d,b)}\nfunction dc(a,b){if(\"/\"!=b&&\"//\"!=b)throw Error('Step op should be \"/\" or \"//\"');if(\".\"==y(a.a)){var c=new R(Sb,new G(\"node\"));z(a.a);return c}if(\"..\"==y(a.a))return c=new R(Rb,new G(\"node\")),z(a.a),c;if(\"@\"==y(a.a)){var d=Gb;z(a.a);T(a,\"Missing attribute name\")}else if(\"::\"==y(a.a,1)){if(!/(?![0-9])[\\w]/.test(y(a.a).charAt(0)))throw Error(\"Bad token: \"+z(a.a));var e=z(a.a);d=Qb[e]||null;if(!d)throw Error(\"No axis with name: \"+e);z(a.a);T(a,\"Missing node name\")}else d=Nb;e=y(a.a);if(/(?![0-9])[\\w\\*]/.test(e.charAt(0)))if(\"(\"==\ny(a.a,1)){if(!Cb(e))throw Error(\"Invalid node type: \"+e);e=z(a.a);if(!Cb(e))throw Error(\"Invalid type name: \"+e);$b(a,\"(\");T(a,\"Bad nodetype\");var f=y(a.a).charAt(0),g=null;if('\"'==f||\"'\"==f)g=bc(a);T(a,\"Bad nodetype\");ac(a);e=new G(e,g)}else if(e=z(a.a),f=e.indexOf(\":\"),-1==f)e=new F(e);else{g=e.substring(0,f);if(\"*\"==g)var h=\"*\";else if(h=a.b(g),!h)throw Error(\"Namespace prefix not declared: \"+g);e=e.substr(f+1);e=new F(e,h)}else throw Error(\"Bad token: \"+z(a.a));a=new Mb(ec(a),d.s);return c||new R(d,\ne,a,\"//\"==b)}function ec(a){for(var b=[];\"[\"==y(a.a);){z(a.a);T(a,\"Missing predicate expression.\");var c=Yb(a);b.push(c);T(a,\"Unclosed predicate expression.\");$b(a,\"]\")}return b}function Zb(a){if(\"-\"==y(a.a))return z(a.a),new Tb(Zb(a));var b=cc(a);if(\"|\"!=y(a.a))a=b;else{for(b=[b];\"|\"==z(a.a);)T(a,\"Missing next union location path.\"),b.push(cc(a));a.a.a--;a=new Ub(b)}return a};function fc(a){switch(a.nodeType){case 1:return ha(gc,a);case 9:return fc(a.documentElement);case 11:case 10:case 6:case 12:return hc;default:return a.parentNode?fc(a.parentNode):hc}}function hc(){return null}function gc(a,b){if(a.prefix==b)return a.namespaceURI||\"http://www.w3.org/1999/xhtml\";var c=a.getAttributeNode(\"xmlns:\"+b);return c&&c.specified?c.value||null:a.parentNode&&9!=a.parentNode.nodeType?gc(a.parentNode,b):null};function ic(a,b){if(!a.length)throw Error(\"Empty XPath expression.\");a=Qa(a);if(Ta(a))throw Error(\"Invalid XPath expression.\");b?\"function\"==ca(b)||(b=fa(b.lookupNamespaceURI,b)):b=function(){return null};var c=Yb(new Vb(a,b));if(!Ta(a))throw Error(\"Bad token: \"+z(a));this.evaluate=function(d,e){d=c.a(new ia(d));return new U(d,e)}}\nfunction U(a,b){if(0==b)if(a instanceof E)b=4;else if(\"string\"==typeof a)b=2;else if(\"number\"==typeof a)b=1;else if(\"boolean\"==typeof a)b=3;else throw Error(\"Unexpected evaluation result.\");if(2!=b&&1!=b&&3!=b&&!(a instanceof E))throw Error(\"value could not be converted to the specified type\");this.resultType=b;switch(b){case 2:this.stringValue=a instanceof E?nb(a):\"\"+a;break;case 1:this.numberValue=a instanceof E?+nb(a):+a;break;case 3:this.booleanValue=a instanceof E?0<a.l:!!a;break;case 4:case 5:case 6:case 7:var c=\nH(a);var d=[];for(var e=I(c);e;e=I(c))d.push(e instanceof Na?e.a:e);this.snapshotLength=a.l;this.invalidIteratorState=!1;break;case 8:case 9:a=mb(a);this.singleNodeValue=a instanceof Na?a.a:a;break;default:throw Error(\"Unknown XPathResult type.\");}var f=0;this.iterateNext=function(){if(4!=b&&5!=b)throw Error(\"iterateNext called with wrong result type\");return f>=d.length?null:d[f++]};this.snapshotItem=function(g){if(6!=b&&7!=b)throw Error(\"snapshotItem called with wrong result type\");return g>=d.length||\n0>g?null:d[g]}}U.ANY_TYPE=0;U.NUMBER_TYPE=1;U.STRING_TYPE=2;U.BOOLEAN_TYPE=3;U.UNORDERED_NODE_ITERATOR_TYPE=4;U.ORDERED_NODE_ITERATOR_TYPE=5;U.UNORDERED_NODE_SNAPSHOT_TYPE=6;U.ORDERED_NODE_SNAPSHOT_TYPE=7;U.ANY_UNORDERED_NODE_TYPE=8;U.FIRST_ORDERED_NODE_TYPE=9;function jc(a){this.lookupNamespaceURI=fc(a)}\nfunction kc(a,b){a=a||k;var c=a.Document&&a.Document.prototype||a.document;if(!c.evaluate||b)a.XPathResult=U,c.evaluate=function(d,e,f,g){return(new ic(d,f)).evaluate(e,g)},c.createExpression=function(d,e){return new ic(d,e)},c.createNSResolver=function(d){return new jc(d)}}ba(\"wgxpath.install\",kc);ba(\"wgxpath.install\",kc);var lc={aliceblue:\"#f0f8ff\",antiquewhite:\"#faebd7\",aqua:\"#00ffff\",aquamarine:\"#7fffd4\",azure:\"#f0ffff\",beige:\"#f5f5dc\",bisque:\"#ffe4c4\",black:\"#000000\",blanchedalmond:\"#ffebcd\",blue:\"#0000ff\",blueviolet:\"#8a2be2\",brown:\"#a52a2a\",burlywood:\"#deb887\",cadetblue:\"#5f9ea0\",chartreuse:\"#7fff00\",chocolate:\"#d2691e\",coral:\"#ff7f50\",cornflowerblue:\"#6495ed\",cornsilk:\"#fff8dc\",crimson:\"#dc143c\",cyan:\"#00ffff\",darkblue:\"#00008b\",darkcyan:\"#008b8b\",darkgoldenrod:\"#b8860b\",darkgray:\"#a9a9a9\",darkgreen:\"#006400\",\ndarkgrey:\"#a9a9a9\",darkkhaki:\"#bdb76b\",darkmagenta:\"#8b008b\",darkolivegreen:\"#556b2f\",darkorange:\"#ff8c00\",darkorchid:\"#9932cc\",darkred:\"#8b0000\",darksalmon:\"#e9967a\",darkseagreen:\"#8fbc8f\",darkslateblue:\"#483d8b\",darkslategray:\"#2f4f4f\",darkslategrey:\"#2f4f4f\",darkturquoise:\"#00ced1\",darkviolet:\"#9400d3\",deeppink:\"#ff1493\",deepskyblue:\"#00bfff\",dimgray:\"#696969\",dimgrey:\"#696969\",dodgerblue:\"#1e90ff\",firebrick:\"#b22222\",floralwhite:\"#fffaf0\",forestgreen:\"#228b22\",fuchsia:\"#ff00ff\",gainsboro:\"#dcdcdc\",\nghostwhite:\"#f8f8ff\",gold:\"#ffd700\",goldenrod:\"#daa520\",gray:\"#808080\",green:\"#008000\",greenyellow:\"#adff2f\",grey:\"#808080\",honeydew:\"#f0fff0\",hotpink:\"#ff69b4\",indianred:\"#cd5c5c\",indigo:\"#4b0082\",ivory:\"#fffff0\",khaki:\"#f0e68c\",lavender:\"#e6e6fa\",lavenderblush:\"#fff0f5\",lawngreen:\"#7cfc00\",lemonchiffon:\"#fffacd\",lightblue:\"#add8e6\",lightcoral:\"#f08080\",lightcyan:\"#e0ffff\",lightgoldenrodyellow:\"#fafad2\",lightgray:\"#d3d3d3\",lightgreen:\"#90ee90\",lightgrey:\"#d3d3d3\",lightpink:\"#ffb6c1\",lightsalmon:\"#ffa07a\",\nlightseagreen:\"#20b2aa\",lightskyblue:\"#87cefa\",lightslategray:\"#778899\",lightslategrey:\"#778899\",lightsteelblue:\"#b0c4de\",lightyellow:\"#ffffe0\",lime:\"#00ff00\",limegreen:\"#32cd32\",linen:\"#faf0e6\",magenta:\"#ff00ff\",maroon:\"#800000\",mediumaquamarine:\"#66cdaa\",mediumblue:\"#0000cd\",mediumorchid:\"#ba55d3\",mediumpurple:\"#9370db\",mediumseagreen:\"#3cb371\",mediumslateblue:\"#7b68ee\",mediumspringgreen:\"#00fa9a\",mediumturquoise:\"#48d1cc\",mediumvioletred:\"#c71585\",midnightblue:\"#191970\",mintcream:\"#f5fffa\",mistyrose:\"#ffe4e1\",\nmoccasin:\"#ffe4b5\",navajowhite:\"#ffdead\",navy:\"#000080\",oldlace:\"#fdf5e6\",olive:\"#808000\",olivedrab:\"#6b8e23\",orange:\"#ffa500\",orangered:\"#ff4500\",orchid:\"#da70d6\",palegoldenrod:\"#eee8aa\",palegreen:\"#98fb98\",paleturquoise:\"#afeeee\",palevioletred:\"#db7093\",papayawhip:\"#ffefd5\",peachpuff:\"#ffdab9\",peru:\"#cd853f\",pink:\"#ffc0cb\",plum:\"#dda0dd\",powderblue:\"#b0e0e6\",purple:\"#800080\",red:\"#ff0000\",rosybrown:\"#bc8f8f\",royalblue:\"#4169e1\",saddlebrown:\"#8b4513\",salmon:\"#fa8072\",sandybrown:\"#f4a460\",seagreen:\"#2e8b57\",\nseashell:\"#fff5ee\",sienna:\"#a0522d\",silver:\"#c0c0c0\",skyblue:\"#87ceeb\",slateblue:\"#6a5acd\",slategray:\"#708090\",slategrey:\"#708090\",snow:\"#fffafa\",springgreen:\"#00ff7f\",steelblue:\"#4682b4\",tan:\"#d2b48c\",teal:\"#008080\",thistle:\"#d8bfd8\",tomato:\"#ff6347\",turquoise:\"#40e0d0\",violet:\"#ee82ee\",wheat:\"#f5deb3\",white:\"#ffffff\",whitesmoke:\"#f5f5f5\",yellow:\"#ffff00\",yellowgreen:\"#9acd32\"};var mc=\"backgroundColor borderTopColor borderRightColor borderBottomColor borderLeftColor color outlineColor\".split(\" \"),nc=/#([0-9a-fA-F])([0-9a-fA-F])([0-9a-fA-F])/,oc=/^#(?:[0-9a-f]{3}){1,2}$/i,pc=/^(?:rgba)?\\((\\d{1,3}),\\s?(\\d{1,3}),\\s?(\\d{1,3}),\\s?(0|1|0\\.\\d*)\\)$/i,qc=/^(?:rgb)?\\((0|[1-9]\\d{0,2}),\\s?(0|[1-9]\\d{0,2}),\\s?(0|[1-9]\\d{0,2})\\)$/i;function rc(a,b){this.code=a;this.a=V[a]||sc;this.message=b||\"\";a=this.a.replace(/((?:^|\\s+)[a-z])/g,function(c){return c.toUpperCase().replace(/^[\\s\\xa0]+/g,\"\")});b=a.length-5;if(0>b||a.indexOf(\"Error\",b)!=b)a+=\"Error\";this.name=a;a=Error(this.message);a.name=this.name;this.stack=a.stack||\"\"}l(rc,Error);var sc=\"unknown error\",V={15:\"element not selectable\",11:\"element not visible\"};V[31]=sc;V[30]=sc;V[24]=\"invalid cookie domain\";V[29]=\"invalid element coordinates\";V[12]=\"invalid element state\";\nV[32]=\"invalid selector\";V[51]=\"invalid selector\";V[52]=\"invalid selector\";V[17]=\"javascript error\";V[405]=\"unsupported operation\";V[34]=\"move target out of bounds\";V[27]=\"no such alert\";V[7]=\"no such element\";V[8]=\"no such frame\";V[23]=\"no such window\";V[28]=\"script timeout\";V[33]=\"session not created\";V[10]=\"stale element reference\";V[21]=\"timeout\";V[25]=\"unable to set cookie\";V[26]=\"unexpected alert open\";V[13]=sc;V[9]=\"unknown command\";var tc=va(),uc=ya()||u(\"iPod\"),vc=u(\"iPad\"),wc=u(\"Android\")&&!(wa()||va()||u(\"Opera\")||u(\"Silk\")),xc=wa(),yc=u(\"Safari\")&&!(wa()||u(\"Coast\")||u(\"Opera\")||u(\"Edge\")||u(\"Edg/\")||u(\"OPR\")||va()||u(\"Silk\")||u(\"Android\"))&&!(ya()||u(\"iPad\")||u(\"iPod\"));function zc(a){return(a=a.exec(t))?a[1]:\"\"}(function(){if(tc)return zc(/Firefox\\/([0-9.]+)/);if(v||Ca||Ba)return Ga;if(xc)return ya()||u(\"iPad\")||u(\"iPod\")?zc(/CriOS\\/([0-9.]+)/):zc(/Chrome\\/([0-9.]+)/);if(yc&&!(ya()||u(\"iPad\")||u(\"iPod\")))return zc(/Version\\/([0-9.]+)/);if(uc||vc){var a=/Version\\/(\\S+).*Mobile\\/(\\S+)/.exec(t);if(a)return a[1]+\".\"+a[2]}else if(wc)return(a=zc(/Android\\s+([0-9.]+)/))?a:zc(/Version\\/([0-9.]+)/);return\"\"})();var Ac=v&&!(9<=Number(La));function W(a,b){b&&\"string\"!==typeof b&&(b=b.toString());return!!a&&1==a.nodeType&&(!b||a.tagName.toUpperCase()==b)};var Bc=function(){var a={K:\"http://www.w3.org/2000/svg\"};return function(b){return a[b]||null}}();\nfunction Cc(a,b){var c=A(a);if(!c.documentElement)return null;(v||wc)&&kc(c?c.parentWindow||c.defaultView:window);try{var d=c.createNSResolver?c.createNSResolver(c.documentElement):Bc;if(v&&!Ka(7))return c.evaluate.call(c,b,a,d,9,null);if(!v||9<=Number(La)){for(var e={},f=c.getElementsByTagName(\"*\"),g=0;g<f.length;++g){var h=f[g],m=h.namespaceURI;if(m&&!e[m]){var w=h.lookupPrefix(m);if(!w){var r=m.match(\".*/(\\\\w+)/?$\");w=r?r[1]:\"xhtml\"}e[m]=w}}var D={},L;for(L in e)D[e[L]]=L;d=function(M){return D[M]||\nnull}}try{return c.evaluate(b,a,d,9,null)}catch(M){if(\"TypeError\"===M.name)return d=c.createNSResolver?c.createNSResolver(c.documentElement):Bc,c.evaluate(b,a,d,9,null);throw M;}}catch(M){if(!Da||\"NS_ERROR_ILLEGAL_VALUE\"!=M.name)throw new rc(32,\"Unable to locate an element with the xpath expression \"+b+\" because of the following error:\\n\"+M);}}\nfunction Dc(a,b){var c=function(){var d=Cc(b,a);return d?d.singleNodeValue||null:b.selectSingleNode?(d=A(b),d.setProperty&&d.setProperty(\"SelectionLanguage\",\"XPath\"),b.selectSingleNode(a)):null}();if(null!==c&&(!c||1!=c.nodeType))throw new rc(32,'The result of the xpath expression \"'+a+'\" is: '+c+\". It should be an element.\");return c};function Ec(a,b,c,d){this.c=a;this.a=b;this.b=c;this.f=d}Ec.prototype.ceil=function(){this.c=Math.ceil(this.c);this.a=Math.ceil(this.a);this.b=Math.ceil(this.b);this.f=Math.ceil(this.f);return this};Ec.prototype.floor=function(){this.c=Math.floor(this.c);this.a=Math.floor(this.a);this.b=Math.floor(this.b);this.f=Math.floor(this.f);return this};Ec.prototype.round=function(){this.c=Math.round(this.c);this.a=Math.round(this.a);this.b=Math.round(this.b);this.f=Math.round(this.f);return this};function X(a,b,c,d){this.a=a;this.b=b;this.width=c;this.height=d}X.prototype.ceil=function(){this.a=Math.ceil(this.a);this.b=Math.ceil(this.b);this.width=Math.ceil(this.width);this.height=Math.ceil(this.height);return this};X.prototype.floor=function(){this.a=Math.floor(this.a);this.b=Math.floor(this.b);this.width=Math.floor(this.width);this.height=Math.floor(this.height);return this};\nX.prototype.round=function(){this.a=Math.round(this.a);this.b=Math.round(this.b);this.width=Math.round(this.width);this.height=Math.round(this.height);return this};var Fc=\"function\"===typeof ShadowRoot;function Gc(a){for(a=a.parentNode;a&&1!=a.nodeType&&9!=a.nodeType&&11!=a.nodeType;)a=a.parentNode;return W(a)?a:null}\nfunction Y(a,b){b=xa(b);if(\"float\"==b||\"cssFloat\"==b||\"styleFloat\"==b)b=Ac?\"styleFloat\":\"cssFloat\";a:{var c=b;var d=A(a);if(d.defaultView&&d.defaultView.getComputedStyle&&(d=d.defaultView.getComputedStyle(a,null))){c=d[c]||d.getPropertyValue(c)||\"\";break a}c=\"\"}a=c||Hc(a,b);if(null===a)a=null;else if(0<=ja(mc,b)){b:{var e=a.match(pc);if(e&&(b=Number(e[1]),c=Number(e[2]),d=Number(e[3]),e=Number(e[4]),0<=b&&255>=b&&0<=c&&255>=c&&0<=d&&255>=d&&0<=e&&1>=e)){b=[b,c,d,e];break b}b=null}if(!b)b:{if(d=a.match(qc))if(b=\nNumber(d[1]),c=Number(d[2]),d=Number(d[3]),0<=b&&255>=b&&0<=c&&255>=c&&0<=d&&255>=d){b=[b,c,d,1];break b}b=null}if(!b)b:{b=a.toLowerCase();c=lc[b.toLowerCase()];if(!c&&(c=\"#\"==b.charAt(0)?b:\"#\"+b,4==c.length&&(c=c.replace(nc,\"#$1$1$2$2$3$3\")),!oc.test(c))){b=null;break b}b=[parseInt(c.substr(1,2),16),parseInt(c.substr(3,2),16),parseInt(c.substr(5,2),16),1]}a=b?\"rgba(\"+b.join(\", \")+\")\":a}return a}\nfunction Hc(a,b){var c=a.currentStyle||a.style,d=c[b];void 0===d&&\"function\"==ca(c.getPropertyValue)&&(d=c.getPropertyValue(b));return\"inherit\"!=d?void 0!==d?d:null:(a=Gc(a))?Hc(a,b):null}\nfunction Ic(a,b,c){function d(g){var h=Jc(g);return 0<h.height&&0<h.width?!0:W(g,\"PATH\")&&(0<h.height||0<h.width)?(g=Y(g,\"stroke-width\"),!!g&&0<parseInt(g,10)):\"hidden\"!=Y(g,\"overflow\")&&ma(g.childNodes,function(m){return 3==m.nodeType||W(m)&&d(m)})}function e(g){return Kc(g)==Z&&na(g.childNodes,function(h){return!W(h)||e(h)||!d(h)})}if(!W(a))throw Error(\"Argument to isShown must be of type Element\");if(W(a,\"BODY\"))return!0;if(W(a,\"OPTION\")||W(a,\"OPTGROUP\"))return a=$a(a,function(g){return W(g,\"SELECT\")}),\n!!a&&Ic(a,!0,c);var f=Lc(a);if(f)return!!f.image&&0<f.rect.width&&0<f.rect.height&&Ic(f.image,b,c);if(W(a,\"INPUT\")&&\"hidden\"==a.type.toLowerCase()||W(a,\"NOSCRIPT\"))return!1;f=Y(a,\"visibility\");return\"collapse\"!=f&&\"hidden\"!=f&&c(a)&&(b||0!=Mc(a))&&d(a)?!e(a):!1}var Z=\"hidden\";\nfunction Kc(a){function b(p){function q(fb){if(fb==g)return!0;var Wb=Y(fb,\"display\");return 0==Wb.lastIndexOf(\"inline\",0)||\"contents\"==Wb||\"absolute\"==Xb&&\"static\"==Y(fb,\"position\")?!1:!0}var Xb=Y(p,\"position\");if(\"fixed\"==Xb)return w=!0,p==g?null:g;for(p=Gc(p);p&&!q(p);)p=Gc(p);return p}function c(p){var q=p;if(\"visible\"==m)if(p==g&&h)q=h;else if(p==h)return{x:\"visible\",y:\"visible\"};q={x:Y(q,\"overflow-x\"),y:Y(q,\"overflow-y\")};p==g&&(q.x=\"visible\"==q.x?\"auto\":q.x,q.y=\"visible\"==q.y?\"auto\":q.y);return q}\nfunction d(p){if(p==g){var q=(new ab(f)).a;p=q.scrollingElement?q.scrollingElement:Ea||\"CSS1Compat\"!=q.compatMode?q.body||q.documentElement:q.documentElement;q=q.parentWindow||q.defaultView;p=v&&Ka(\"10\")&&q.pageYOffset!=p.scrollTop?new Ua(p.scrollLeft,p.scrollTop):new Ua(q.pageXOffset||p.scrollLeft,q.pageYOffset||p.scrollTop)}else p=new Ua(p.scrollLeft,p.scrollTop);return p}var e=Nc(a),f=A(a),g=f.documentElement,h=f.body,m=Y(g,\"overflow\"),w;for(a=b(a);a;a=b(a)){var r=c(a);if(\"visible\"!=r.x||\"visible\"!=\nr.y){var D=Jc(a);if(0==D.width||0==D.height)return Z;var L=e.a<D.a,M=e.b<D.b;if(L&&\"hidden\"==r.x||M&&\"hidden\"==r.y)return Z;if(L&&\"visible\"!=r.x||M&&\"visible\"!=r.y){L=d(a);M=e.b<D.b-L.y;if(e.a<D.a-L.x&&\"visible\"!=r.x||M&&\"visible\"!=r.x)return Z;e=Kc(a);return e==Z?Z:\"scroll\"}L=e.f>=D.a+D.width;D=e.c>=D.b+D.height;if(L&&\"hidden\"==r.x||D&&\"hidden\"==r.y)return Z;if(L&&\"visible\"!=r.x||D&&\"visible\"!=r.y){if(w&&(r=d(a),e.f>=g.scrollWidth-r.x||e.a>=g.scrollHeight-r.y))return Z;e=Kc(a);return e==Z?Z:\"scroll\"}}}return\"none\"}\nfunction Jc(a){var b=Lc(a);if(b)return b.rect;if(W(a,\"HTML\"))return a=A(a),a=((a?a.parentWindow||a.defaultView:window)||window).document,a=\"CSS1Compat\"==a.compatMode?a.documentElement:a.body,a=new Va(a.clientWidth,a.clientHeight),new X(0,0,a.width,a.height);try{var c=a.getBoundingClientRect()}catch(d){return new X(0,0,0,0)}b=new X(c.left,c.top,c.right-c.left,c.bottom-c.top);v&&a.ownerDocument.body&&(a=A(a),b.a-=a.documentElement.clientLeft+a.body.clientLeft,b.b-=a.documentElement.clientTop+a.body.clientTop);\nreturn b}function Lc(a){var b=W(a,\"MAP\");if(!b&&!W(a,\"AREA\"))return null;var c=b?a:W(a.parentNode,\"MAP\")?a.parentNode:null,d=null,e=null;c&&c.name&&(d=Dc('/descendant::*[@usemap = \"#'+c.name+'\"]',A(c)))&&(e=Jc(d),b||\"default\"==a.shape.toLowerCase()||(a=Oc(a),b=Math.min(Math.max(a.a,0),e.width),c=Math.min(Math.max(a.b,0),e.height),e=new X(b+e.a,c+e.b,Math.min(a.width,e.width-b),Math.min(a.height,e.height-c))));return{image:d,rect:e||new X(0,0,0,0)}}\nfunction Oc(a){var b=a.shape.toLowerCase();a=a.coords.split(\",\");if(\"rect\"==b&&4==a.length){b=a[0];var c=a[1];return new X(b,c,a[2]-b,a[3]-c)}if(\"circle\"==b&&3==a.length)return b=a[2],new X(a[0]-b,a[1]-b,2*b,2*b);if(\"poly\"==b&&2<a.length){b=a[0];c=a[1];for(var d=b,e=c,f=2;f+1<a.length;f+=2)b=Math.min(b,a[f]),d=Math.max(d,a[f]),c=Math.min(c,a[f+1]),e=Math.max(e,a[f+1]);return new X(b,c,d-b,e-c)}return new X(0,0,0,0)}function Nc(a){a=Jc(a);return new Ec(a.b,a.a+a.width,a.b+a.height,a.a)}\nfunction Mc(a){if(Ac){if(\"relative\"==Y(a,\"position\"))return 1;a=Y(a,\"filter\");return(a=a.match(/^alpha\\(opacity=(\\d*)\\)/)||a.match(/^progid:DXImageTransform.Microsoft.Alpha\\(Opacity=(\\d*)\\)/))?Number(a[1])/100:1}return Pc(a)}function Pc(a){var b=1,c=Y(a,\"opacity\");c&&(b=Number(c));(a=Gc(a))&&(b*=Pc(a));return b};ba(\"_\",function(a,b){function c(d){if(W(d)&&\"none\"==Y(d,\"display\"))return!1;var e;if((e=d.parentNode)&&e.shadowRoot&&void 0!==d.assignedSlot)e=d.assignedSlot?d.assignedSlot.parentNode:null;else if(d.getDestinationInsertionPoints){var f=d.getDestinationInsertionPoints();0<f.length&&(e=f[f.length-1])}if(Fc&&e instanceof ShadowRoot){if(e.host.shadowRoot!==e)return!1;e=e.host}return!e||9!=e.nodeType&&11!=e.nodeType?e&&W(e,\"DETAILS\")&&!e.open&&!W(d,\"SUMMARY\")?!1:!!e&&c(e):!0}return Ic(a,!!b,c)});; return this._.apply(null,arguments);}).apply({navigator:typeof window!='undefined'?window.navigator:null,document:typeof window!='undefined'?window.document:null}, arguments);}\n).apply(null, arguments);", "args": [{"element-6066-11e4-a52e-4f735466cecf": "f.63B823F5F932B18CEF0487356FDD0014.d.D73C794E0A517EC1AD39918C00504A79.e.44"}]}
DEBUG    urllib3.connectionpool:connectionpool.py:544 http://selenium-hub:4444 "POST /wd/hub/session/9be8c1aa68ba25175154757d50bb5f31/execute/sync HTTP/1.1" 200 0
DEBUG    selenium.webdriver.remote.remote_connection:remote_connection.py:329 Remote response: status=200 | data={"value":true} | headers=HTTPHeaderDict({'content-length': '14', 'content-type': 'application/json; charset=utf-8', 'cache-control': 'no-cache'})
DEBUG    selenium.webdriver.remote.remote_connection:remote_connection.py:356 Finished Request
DEBUG    selenium.webdriver.remote.remote_connection:remote_connection.py:313 POST http://selenium-hub:4444/wd/hub/session/9be8c1aa68ba25175154757d50bb5f31/element/f.63B823F5F932B18CEF0487356FDD0014.d.D73C794E0A517EC1AD39918C00504A79.e.44/clear {}
DEBUG    urllib3.connectionpool:connectionpool.py:544 http://selenium-hub:4444 "POST /wd/hub/session/9be8c1aa68ba25175154757d50bb5f31/element/f.63B823F5F932B18CEF0487356FDD0014.d.D73C794E0A517EC1AD39918C00504A79.e.44/clear HTTP/1.1" 200 0
DEBUG    selenium.webdriver.remote.remote_connection:remote_connection.py:329 Remote response: status=200 | data={"value":null} | headers=HTTPHeaderDict({'content-length': '14', 'content-type': 'application/json; charDEBUG    urllib3.connectionpool:connectionpool.py:544 http://selenium-hub:4444 "POST /wd/hub/session/c25c0b26e99c8e37c896a9fd3f30a3e9/element/f.F75BFE6DFF7A534D6CD4AEB401685FE4.d.77C609936855048EB94F418E36493A5C.e.38/value HTTP/1.1" 200 0
DEBUG    selenium.webdriver.remote.remote_connection:remote_connection.py:329 Remote response: status=200 | data={"value":null} | headers=HTTPHeaderDict({'content-length': '14', 'content-type': 'application/json; chDEBUG    urllib3.connectionpool:connectionpool.py:544 http://selenium-hub:4444 "POST /wd/hub/session/9be8c1aa68ba25175154757d50bb5f31/element/f.63B823F5F932B18CEF0487356FDD0014.d.D73C794E0A517EC1AD39918C00504A79.e.44/value HTTP/1.1" 200 0
DEBUG    selenium.webdriver.remote.remote_connection:remote_connection.py:329 Remote response: status=200 | data={"value":null} | heaDEBUG    urllib3.connectionpool:connectionpool.py:544 http://selenium-hub:4444 "POST /wd/hub/session/c25c0b26e99c8e37c896a9fd3f30a3e9/element HTTP/1.1" 200 0
DEBUG    selenium.webdriver.remote.remote_connection:remote_connection.py:329 Remote response: status=200 | data={"value":{"element-6066-11e4-a52e-4f735466cecf":"f.F75BFE6DFF7A534D6CD4AEB401685FE4.d.77C609936855048EB94F418E36493A5C.e.39"}} | headers=HTTPHeaderDict({'content-length': '126', 'contDEBUG    urllib3.connectionpool:connectionpool.py:544 http://selenium-hub:4444 "POST /wd/hub/session/9be8c1aa68ba25175154757d50bb5f31/element HTTP/1.1" 200 0
DEBUG    selenium.webdriver.remote.remote_connection:remote_connection.py:329 Remote response: status=200 | data={"value":{"element-6066-11e4-a52e-4f735466cecf":"f.63B823F5F932B18CEF0487356FDD0014.d.D73C794E0A517EC1AD39918C00504A79.e.45"}} | headers=HTTPHeaderDict({'content-length': '126', 'content-type': 'application/json; charset=utf-8', 'cache-control': 'no-cache'})
DEBUG    selenium.webdriver.remote.remote_connection:remote_connection.py:356 Finished Request
DEBUG    selenium.webdriver.remote.remote_connection:remote_connection.py:313 POST http://selenium-hub:4444/wd/hub/session/9be8c1aa68ba25175154757d50bb5f31/execute/sync {"script": "/* isDisplayed */return (function(){return (function(){var k=this||self;function aa(a){return\"string\"==typeof a}function ba(a,b){a=a.split(\".\");var c=k;a[0]in c||\"undefined\"==typeof c.execScript||c.execScript(\"var \"+a[0]);for(var d;a.length&&(d=a.shift());)a.length||void 0===b?c[d]&&c[d]!==Object.prototype[d]?c=c[d]:c=c[d]={}:c[d]=b}\nfunction ca(a){var b=typeof a;if(\"object\"==b)if(a){if(a instanceof Array)return\"array\";if(a instanceof Object)return b;var c=Object.prototype.toString.call(a);if(\"[object Window]\"==c)return\"object\";if(\"[object Array]\"==c||\"number\"==typeof a.length&&\"undefined\"!=typeof a.splice&&\"undefined\"!=typeof a.propertyIsEnumerable&&!a.propertyIsEnumerable(\"splice\"))return\"array\";if(\"[object Function]\"==c||\"undefined\"!=typeof a.call&&\"undefined\"!=typeof a.propertyIsEnumerable&&!a.propertyIsEnumerable(\"call\"))return\"function\"}else return\"null\";\nelse if(\"function\"==b&&\"undefined\"==typeof a.call)return\"object\";return b}function da(a,b,c){return a.call.apply(a.bind,arguments)}function ea(a,b,c){if(!a)throw Error();if(2<arguments.length){var d=Array.prototype.slice.call(arguments,2);return function(){var e=Array.prototype.slice.call(arguments);Array.prototype.unshift.apply(e,d);return a.apply(b,e)}}return function(){return a.apply(b,arguments)}}\nfunction fa(a,b,c){Function.prototype.bind&&-1!=Function.prototype.bind.toString().indexOf(\"native code\")?fa=da:fa=ea;return fa.apply(null,arguments)}function ha(a,b){var c=Array.prototype.slice.call(arguments,1);return function(){var d=c.slice();d.push.apply(d,arguments);return a.apply(this,d)}}function l(a,b){function c(){}c.prototype=b.prototype;a.prototype=new c;a.prototype.constructor=a};/*\n\n The MIT License\n\n Copyright (c) 2007 Cybozu Labs, Inc.\n Copyright (c) 2012 Google Inc.\n\n Permission is hereby granted, free of charge, to any person obtaining a copy\n of this software and associated documentation files (the \"Software\"), to\n deal in the Software without restriction, including without limitation the\n rights to use, copy, modify, merge, publish, distribute, sublicense, and/or\n sell copies of the Software, and to permit persons to whom the Software is\n furnished to do so, subject to the following conditions:\n\n The above copyright notice and this permission notice shall be included in\n all copies or substantial portions of the Software.\n\n THE SOFTWARE IS PROVIDED \"AS IS\", WITHOUT WARRANTY OF ANY KIND, EXPRESS OR\n IMPLIED, INCLUDING BUT NOT LIMITED TO THE WARRANTIES OF MERCHANTABILITY,\n FITNESS FOR A PARTICULAR PURPOSE AND NONINFRINGEMENT. IN NO EVENT SHALL THE\n AUTHORS OR COPYRIGHT HOLDERS BE LIABLE FOR ANY CLAIM, DAMAGES OR OTHER\n LIABILITY, WHETHER IN AN ACTION OF CONTRACT, TORT OR OTHERWISE, ARISING\n FROM, OUT OF OR IN CONNECTION WITH THE SOFTWARE OR THE USE OR OTHER DEALINGS\n IN THE SOFTWARE.\n*/\nfunction ia(a,b,c){this.a=a;this.b=b||1;this.f=c||1};var ja=Array.prototype.indexOf?function(a,b){return Array.prototype.indexOf.call(a,b,void 0)}:function(a,b){if(\"string\"===typeof a)return\"string\"!==typeof b||1!=b.length?-1:a.indexOf(b,0);for(var c=0;c<a.length;c++)if(c in a&&a[c]===b)return c;return-1},n=Array.prototype.forEach?function(a,b){Array.prototype.forEach.call(a,b,void 0)}:function(a,b){for(var c=a.length,d=\"string\"===typeof a?a.split(\"\"):a,e=0;e<c;e++)e in d&&b.call(void 0,d[e],e,a)},ka=Array.prototype.filter?function(a,b){return Array.prototype.filter.call(a,\nb,void 0)}:function(a,b){for(var c=a.length,d=[],e=0,f=\"string\"===typeof a?a.split(\"\"):a,g=0;g<c;g++)if(g in f){var h=f[g];b.call(void 0,h,g,a)&&(d[e++]=h)}return d},la=Array.prototype.reduce?function(a,b,c){return Array.prototype.reduce.call(a,b,c)}:function(a,b,c){var d=c;n(a,function(e,f){d=b.call(void 0,d,e,f,a)});return d},ma=Array.prototype.some?function(a,b){return Array.prototype.some.call(a,b,void 0)}:function(a,b){for(var c=a.length,d=\"string\"===typeof a?a.split(\"\"):a,e=0;e<c;e++)if(e in\nd&&b.call(void 0,d[e],e,a))return!0;return!1},na=Array.prototype.every?function(a,b){return Array.prototype.every.call(a,b,void 0)}:function(a,b){for(var c=a.length,d=\"string\"===typeof a?a.split(\"\"):a,e=0;e<c;e++)if(e in d&&!b.call(void 0,d[e],e,a))return!1;return!0};function oa(a,b){a:{for(var c=a.length,d=\"string\"===typeof a?a.split(\"\"):a,e=0;e<c;e++)if(e in d&&b.call(void 0,d[e],e,a)){b=e;break a}b=-1}return 0>b?null:\"string\"===typeof a?a.charAt(b):a[b]}\nfunction pa(a){return Array.prototype.concat.apply([],arguments)}function qa(a,b,c){return 2>=arguments.length?Array.prototype.slice.call(a,b):Array.prototype.slice.call(a,b,c)};var ra=String.prototype.trim?function(a){return a.trim()}:function(a){return/^[\\s\\xa0]*([\\s\\S]*?)[\\s\\xa0]*$/.exec(a)[1]};function sa(a,b){return a<b?-1:a>b?1:0};var t;a:{var ta=k.navigator;if(ta){var ua=ta.userAgent;if(ua){t=ua;break a}}t=\"\"}function u(a){return-1!=t.indexOf(a)};function va(){return u(\"Firefox\")||u(\"FxiOS\")}function wa(){return(u(\"Chrome\")||u(\"CriOS\"))&&!u(\"Edge\")};function xa(a){return String(a).replace(/\\-([a-z])/g,function(b,c){return c.toUpperCase()})};function ya(){return u(\"iPhone\")&&!u(\"iPod\")&&!u(\"iPad\")};function za(a,b){var c=Aa;return Object.prototype.hasOwnProperty.call(c,a)?c[a]:c[a]=b(a)};var Ba=u(\"Opera\"),v=u(\"Trident\")||u(\"MSIE\"),Ca=u(\"Edge\"),Da=u(\"Gecko\")&&!(-1!=t.toLowerCase().indexOf(\"webkit\")&&!u(\"Edge\"))&&!(u(\"Trident\")||u(\"MSIE\"))&&!u(\"Edge\"),Ea=-1!=t.toLowerCase().indexOf(\"webkit\")&&!u(\"Edge\");function Fa(){var a=k.document;return a?a.documentMode:void 0}var Ga;\na:{var Ha=\"\",Ia=function(){var a=t;if(Da)return/rv:([^\\);]+)(\\)|;)/.exec(a);if(Ca)return/Edge\\/([\\d\\.]+)/.exec(a);if(v)return/\\b(?:MSIE|rv)[: ]([^\\);]+)(\\)|;)/.exec(a);if(Ea)return/WebKit\\/(\\S+)/.exec(a);if(Ba)return/(?:Version)[ \\/]?(\\S+)/.exec(a)}();Ia&&(Ha=Ia?Ia[1]:\"\");if(v){var Ja=Fa();if(null!=Ja&&Ja>parseFloat(Ha)){Ga=String(Ja);break a}}Ga=Ha}var Aa={};\nfunction Ka(a){return za(a,function(){for(var b=0,c=ra(String(Ga)).split(\".\"),d=ra(String(a)).split(\".\"),e=Math.max(c.length,d.length),f=0;0==b&&f<e;f++){var g=c[f]||\"\",h=d[f]||\"\";do{g=/(\\d*)(\\D*)(.*)/.exec(g)||[\"\",\"\",\"\",\"\"];h=/(\\d*)(\\D*)(.*)/.exec(h)||[\"\",\"\",\"\",\"\"];if(0==g[0].length&&0==h[0].length)break;b=sa(0==g[1].length?0:parseInt(g[1],10),0==h[1].length?0:parseInt(h[1],10))||sa(0==g[2].length,0==h[2].length)||sa(g[2],h[2]);g=g[3];h=h[3]}while(0==b)}return 0<=b})}var La;\nLa=k.document&&v?Fa():void 0;var x=v&&!(9<=Number(La)),Ma=v&&!(8<=Number(La));function Na(a,b,c,d){this.a=a;this.nodeName=c;this.nodeValue=d;this.nodeType=2;this.parentNode=this.ownerElement=b}function Oa(a,b){var c=Ma&&\"href\"==b.nodeName?a.getAttribute(b.nodeName,2):b.nodeValue;return new Na(b,a,b.nodeName,c)};function Pa(a){this.b=a;this.a=0}function Qa(a){a=a.match(Ra);for(var b=0;b<a.length;b++)Sa.test(a[b])&&a.splice(b,1);return new Pa(a)}var Ra=/\\$?(?:(?![0-9-\\.])(?:\\*|[\\w-\\.]+):)?(?![0-9-\\.])(?:\\*|[\\w-\\.]+)|\\/\\/|\\.\\.|::|\\d+(?:\\.\\d*)?|\\.\\d+|\"[^\"]*\"|'[^']*'|[!<>]=|\\s+|./g,Sa=/^\\s/;function y(a,b){return a.b[a.a+(b||0)]}function z(a){return a.b[a.a++]}function Ta(a){return a.b.length<=a.a};function Ua(a,b){this.x=void 0!==a?a:0;this.y=void 0!==b?b:0}Ua.prototype.ceil=function(){this.x=Math.ceil(this.x);this.y=Math.ceil(this.y);return this};Ua.prototype.floor=function(){this.x=Math.floor(this.x);this.y=Math.floor(this.y);return this};Ua.prototype.round=function(){this.x=Math.round(this.x);this.y=Math.round(this.y);return this};function Va(a,b){this.width=a;this.height=b}Va.prototype.aspectRatio=function(){return this.width/this.height};Va.prototype.ceil=function(){this.width=Math.ceil(this.width);this.height=Math.ceil(this.height);return this};Va.prototype.floor=function(){this.width=Math.floor(this.width);this.height=Math.floor(this.height);return this};Va.prototype.round=function(){this.width=Math.round(this.width);this.height=Math.round(this.height);return this};function Wa(a,b){if(!a||!b)return!1;if(a.contains&&1==b.nodeType)return a==b||a.contains(b);if(\"undefined\"!=typeof a.compareDocumentPosition)return a==b||!!(a.compareDocumentPosition(b)&16);for(;b&&a!=b;)b=b.parentNode;return b==a}\nfunction Xa(a,b){if(a==b)return 0;if(a.compareDocumentPosition)return a.compareDocumentPosition(b)&2?1:-1;if(v&&!(9<=Number(La))){if(9==a.nodeType)return-1;if(9==b.nodeType)return 1}if(\"sourceIndex\"in a||a.parentNode&&\"sourceIndex\"in a.parentNode){var c=1==a.nodeType,d=1==b.nodeType;if(c&&d)return a.sourceIndex-b.sourceIndex;var e=a.parentNode,f=b.parentNode;return e==f?Ya(a,b):!c&&Wa(e,b)?-1*Za(a,b):!d&&Wa(f,a)?Za(b,a):(c?a.sourceIndex:e.sourceIndex)-(d?b.sourceIndex:f.sourceIndex)}d=A(a);c=d.createRange();\nc.selectNode(a);c.collapse(!0);a=d.createRange();a.selectNode(b);a.collapse(!0);return c.compareBoundaryPoints(k.Range.START_TO_END,a)}function Za(a,b){var c=a.parentNode;if(c==b)return-1;for(;b.parentNode!=c;)b=b.parentNode;return Ya(b,a)}function Ya(a,b){for(;b=b.previousSibling;)if(b==a)return-1;return 1}function A(a){return 9==a.nodeType?a:a.ownerDocument||a.document}function $a(a,b){a&&(a=a.parentNode);for(var c=0;a;){if(b(a))return a;a=a.parentNode;c++}return null}\nfunction ab(a){this.a=a||k.document||document}ab.prototype.getElementsByTagName=function(a,b){return(b||this.a).getElementsByTagName(String(a))};function B(a){var b=null,c=a.nodeType;1==c&&(b=a.textContent,b=void 0==b||null==b?a.innerText:b,b=void 0==b||null==b?\"\":b);if(\"string\"!=typeof b)if(x&&\"title\"==a.nodeName.toLowerCase()&&1==c)b=a.text;else if(9==c||1==c){a=9==c?a.documentElement:a.firstChild;c=0;var d=[];for(b=\"\";a;){do 1!=a.nodeType&&(b+=a.nodeValue),x&&\"title\"==a.nodeName.toLowerCase()&&(b+=a.text),d[c++]=a;while(a=a.firstChild);for(;c&&!(a=d[--c].nextSibling););}}else b=a.nodeValue;return b}\nfunction C(a,b,c){if(null===b)return!0;try{if(!a.getAttribute)return!1}catch(d){return!1}Ma&&\"class\"==b&&(b=\"className\");return null==c?!!a.getAttribute(b):a.getAttribute(b,2)==c}function bb(a,b,c,d,e){return(x?cb:db).call(null,a,b,aa(c)?c:null,aa(d)?d:null,e||new E)}\nfunction cb(a,b,c,d,e){if(a instanceof F||8==a.b||c&&null===a.b){var f=b.all;if(!f)return e;a=eb(a);if(\"*\"!=a&&(f=b.getElementsByTagName(a),!f))return e;if(c){for(var g=[],h=0;b=f[h++];)C(b,c,d)&&g.push(b);f=g}for(h=0;b=f[h++];)\"*\"==a&&\"!\"==b.tagName||e.add(b);return e}gb(a,b,c,d,e);return e}\nfunction db(a,b,c,d,e){b.getElementsByName&&d&&\"name\"==c&&!v?(b=b.getElementsByName(d),n(b,function(f){a.a(f)&&e.add(f)})):b.getElementsByClassName&&d&&\"class\"==c?(b=b.getElementsByClassName(d),n(b,function(f){f.className==d&&a.a(f)&&e.add(f)})):a instanceof G?gb(a,b,c,d,e):b.getElementsByTagName&&(b=b.getElementsByTagName(a.f()),n(b,function(f){C(f,c,d)&&e.add(f)}));return e}\nfunction hb(a,b,c,d,e){var f;if((a instanceof F||8==a.b||c&&null===a.b)&&(f=b.childNodes)){var g=eb(a);if(\"*\"!=g&&(f=ka(f,function(h){return h.tagName&&h.tagName.toLowerCase()==g}),!f))return e;c&&(f=ka(f,function(h){return C(h,c,d)}));n(f,function(h){\"*\"==g&&(\"!\"==h.tagName||\"*\"==g&&1!=h.nodeType)||e.add(h)});return e}return ib(a,b,c,d,e)}function ib(a,b,c,d,e){for(b=b.firstChild;b;b=b.nextSibling)C(b,c,d)&&a.a(b)&&e.add(b);return e}\nfunction gb(a,b,c,d,e){for(b=b.firstChild;b;b=b.nextSibling)C(b,c,d)&&a.a(b)&&e.add(b),gb(a,b,c,d,e)}function eb(a){if(a instanceof G){if(8==a.b)return\"!\";if(null===a.b)return\"*\"}return a.f()};function E(){this.b=this.a=null;this.l=0}function jb(a){this.f=a;this.a=this.b=null}function kb(a,b){if(!a.a)return b;if(!b.a)return a;var c=a.a;b=b.a;for(var d=null,e,f=0;c&&b;){e=c.f;var g=b.f;e==g||e instanceof Na&&g instanceof Na&&e.a==g.a?(e=c,c=c.a,b=b.a):0<Xa(c.f,b.f)?(e=b,b=b.a):(e=c,c=c.a);(e.b=d)?d.a=e:a.a=e;d=e;f++}for(e=c||b;e;)e.b=d,d=d.a=e,f++,e=e.a;a.b=d;a.l=f;return a}function lb(a,b){b=new jb(b);b.a=a.a;a.b?a.a.b=b:a.a=a.b=b;a.a=b;a.l++}\nE.prototype.add=function(a){a=new jb(a);a.b=this.b;this.a?this.b.a=a:this.a=this.b=a;this.b=a;this.l++};function mb(a){return(a=a.a)?a.f:null}function nb(a){return(a=mb(a))?B(a):\"\"}function H(a,b){return new ob(a,!!b)}function ob(a,b){this.f=a;this.b=(this.s=b)?a.b:a.a;this.a=null}function I(a){var b=a.b;if(null==b)return null;var c=a.a=b;a.b=a.s?b.b:b.a;return c.f};function J(a){this.i=a;this.b=this.g=!1;this.f=null}function K(a){return\"\\n  \"+a.toString().split(\"\\n\").join(\"\\n  \")}function pb(a,b){a.g=b}function qb(a,b){a.b=b}function N(a,b){a=a.a(b);return a instanceof E?+nb(a):+a}function O(a,b){a=a.a(b);return a instanceof E?nb(a):\"\"+a}function rb(a,b){a=a.a(b);return a instanceof E?!!a.l:!!a};function sb(a,b,c){J.call(this,a.i);this.c=a;this.h=b;this.o=c;this.g=b.g||c.g;this.b=b.b||c.b;this.c==tb&&(c.b||c.g||4==c.i||0==c.i||!b.f?b.b||b.g||4==b.i||0==b.i||!c.f||(this.f={name:c.f.name,u:b}):this.f={name:b.f.name,u:c})}l(sb,J);\nfunction ub(a,b,c,d,e){b=b.a(d);c=c.a(d);var f;if(b instanceof E&&c instanceof E){b=H(b);for(d=I(b);d;d=I(b))for(e=H(c),f=I(e);f;f=I(e))if(a(B(d),B(f)))return!0;return!1}if(b instanceof E||c instanceof E){b instanceof E?(e=b,d=c):(e=c,d=b);f=H(e);for(var g=typeof d,h=I(f);h;h=I(f)){switch(g){case \"number\":h=+B(h);break;case \"boolean\":h=!!B(h);break;case \"string\":h=B(h);break;default:throw Error(\"Illegal primitive type for comparison.\");}if(e==b&&a(h,d)||e==c&&a(d,h))return!0}return!1}return e?\"boolean\"==\ntypeof b||\"boolean\"==typeof c?a(!!b,!!c):\"number\"==typeof b||\"number\"==typeof c?a(+b,+c):a(b,c):a(+b,+c)}sb.prototype.a=function(a){return this.c.m(this.h,this.o,a)};sb.prototype.toString=function(){var a=\"Binary Expression: \"+this.c;a+=K(this.h);return a+=K(this.o)};function vb(a,b,c,d){this.I=a;this.D=b;this.i=c;this.m=d}vb.prototype.toString=function(){return this.I};var wb={};\nfunction P(a,b,c,d){if(wb.hasOwnProperty(a))throw Error(\"Binary operator already created: \"+a);a=new vb(a,b,c,d);return wb[a.toString()]=a}P(\"div\",6,1,function(a,b,c){return N(a,c)/N(b,c)});P(\"mod\",6,1,function(a,b,c){return N(a,c)%N(b,c)});P(\"*\",6,1,function(a,b,c){return N(a,c)*N(b,c)});P(\"+\",5,1,function(a,b,c){return N(a,c)+N(b,c)});P(\"-\",5,1,function(a,b,c){return N(a,c)-N(b,c)});P(\"<\",4,2,function(a,b,c){return ub(function(d,e){return d<e},a,b,c)});\nP(\">\",4,2,function(a,b,c){return ub(function(d,e){return d>e},a,b,c)});P(\"<=\",4,2,function(a,b,c){return ub(function(d,e){return d<=e},a,b,c)});P(\">=\",4,2,function(a,b,c){return ub(function(d,e){return d>=e},a,b,c)});var tb=P(\"=\",3,2,function(a,b,c){return ub(function(d,e){return d==e},a,b,c,!0)});P(\"!=\",3,2,function(a,b,c){return ub(function(d,e){return d!=e},a,b,c,!0)});P(\"and\",2,2,function(a,b,c){return rb(a,c)&&rb(b,c)});P(\"or\",1,2,function(a,b,c){return rb(a,c)||rb(b,c)});function xb(a,b){if(b.a.length&&4!=a.i)throw Error(\"Primary expression must evaluate to nodeset if filter has predicate(s).\");J.call(this,a.i);this.c=a;this.h=b;this.g=a.g;this.b=a.b}l(xb,J);xb.prototype.a=function(a){a=this.c.a(a);return yb(this.h,a)};xb.prototype.toString=function(){var a=\"Filter:\"+K(this.c);return a+=K(this.h)};function zb(a,b){if(b.length<a.C)throw Error(\"Function \"+a.j+\" expects at least\"+a.C+\" arguments, \"+b.length+\" given\");if(null!==a.B&&b.length>a.B)throw Error(\"Function \"+a.j+\" expects at most \"+a.B+\" arguments, \"+b.length+\" given\");a.H&&n(b,function(c,d){if(4!=c.i)throw Error(\"Argument \"+d+\" to function \"+a.j+\" is not of type Nodeset: \"+c);});J.call(this,a.i);this.v=a;this.c=b;pb(this,a.g||ma(b,function(c){return c.g}));qb(this,a.G&&!b.length||a.F&&!!b.length||ma(b,function(c){return c.b}))}\nl(zb,J);zb.prototype.a=function(a){return this.v.m.apply(null,pa(a,this.c))};zb.prototype.toString=function(){var a=\"Function: \"+this.v;if(this.c.length){var b=la(this.c,function(c,d){return c+K(d)},\"Arguments:\");a+=K(b)}return a};function Ab(a,b,c,d,e,f,g,h){this.j=a;this.i=b;this.g=c;this.G=d;this.F=!1;this.m=e;this.C=f;this.B=void 0!==g?g:f;this.H=!!h}Ab.prototype.toString=function(){return this.j};var Bb={};\nfunction Q(a,b,c,d,e,f,g,h){if(Bb.hasOwnProperty(a))throw Error(\"Function already created: \"+a+\".\");Bb[a]=new Ab(a,b,c,d,e,f,g,h)}Q(\"boolean\",2,!1,!1,function(a,b){return rb(b,a)},1);Q(\"ceiling\",1,!1,!1,function(a,b){return Math.ceil(N(b,a))},1);Q(\"concat\",3,!1,!1,function(a,b){return la(qa(arguments,1),function(c,d){return c+O(d,a)},\"\")},2,null);Q(\"contains\",2,!1,!1,function(a,b,c){b=O(b,a);a=O(c,a);return-1!=b.indexOf(a)},2);Q(\"count\",1,!1,!1,function(a,b){return b.a(a).l},1,1,!0);\nQ(\"false\",2,!1,!1,function(){return!1},0);Q(\"floor\",1,!1,!1,function(a,b){return Math.floor(N(b,a))},1);Q(\"id\",4,!1,!1,function(a,b){function c(h){if(x){var m=e.all[h];if(m){if(m.nodeType&&h==m.id)return m;if(m.length)return oa(m,function(w){return h==w.id})}return null}return e.getElementById(h)}var d=a.a,e=9==d.nodeType?d:d.ownerDocument;a=O(b,a).split(/\\s+/);var f=[];n(a,function(h){h=c(h);!h||0<=ja(f,h)||f.push(h)});f.sort(Xa);var g=new E;n(f,function(h){g.add(h)});return g},1);\nQ(\"lang\",2,!1,!1,function(){return!1},1);Q(\"last\",1,!0,!1,function(a){if(1!=arguments.length)throw Error(\"Function last expects ()\");return a.f},0);Q(\"local-name\",3,!1,!0,function(a,b){return(a=b?mb(b.a(a)):a.a)?a.localName||a.nodeName.toLowerCase():\"\"},0,1,!0);Q(\"name\",3,!1,!0,function(a,b){return(a=b?mb(b.a(a)):a.a)?a.nodeName.toLowerCase():\"\"},0,1,!0);Q(\"namespace-uri\",3,!0,!1,function(){return\"\"},0,1,!0);\nQ(\"normalize-space\",3,!1,!0,function(a,b){return(b?O(b,a):B(a.a)).replace(/[\\s\\xa0]+/g,\" \").replace(/^\\s+|\\s+$/g,\"\")},0,1);Q(\"not\",2,!1,!1,function(a,b){return!rb(b,a)},1);Q(\"number\",1,!1,!0,function(a,b){return b?N(b,a):+B(a.a)},0,1);Q(\"position\",1,!0,!1,function(a){return a.b},0);Q(\"round\",1,!1,!1,function(a,b){return Math.round(N(b,a))},1);Q(\"starts-with\",2,!1,!1,function(a,b,c){b=O(b,a);a=O(c,a);return 0==b.lastIndexOf(a,0)},2);Q(\"string\",3,!1,!0,function(a,b){return b?O(b,a):B(a.a)},0,1);\nQ(\"string-length\",1,!1,!0,function(a,b){return(b?O(b,a):B(a.a)).length},0,1);Q(\"substring\",3,!1,!1,function(a,b,c,d){c=N(c,a);if(isNaN(c)||Infinity==c||-Infinity==c)return\"\";d=d?N(d,a):Infinity;if(isNaN(d)||-Infinity===d)return\"\";c=Math.round(c)-1;var e=Math.max(c,0);a=O(b,a);return Infinity==d?a.substring(e):a.substring(e,c+Math.round(d))},2,3);Q(\"substring-after\",3,!1,!1,function(a,b,c){b=O(b,a);a=O(c,a);c=b.indexOf(a);return-1==c?\"\":b.substring(c+a.length)},2);\nQ(\"substring-before\",3,!1,!1,function(a,b,c){b=O(b,a);a=O(c,a);a=b.indexOf(a);return-1==a?\"\":b.substring(0,a)},2);Q(\"sum\",1,!1,!1,function(a,b){a=H(b.a(a));b=0;for(var c=I(a);c;c=I(a))b+=+B(c);return b},1,1,!0);Q(\"translate\",3,!1,!1,function(a,b,c,d){b=O(b,a);c=O(c,a);var e=O(d,a);a={};for(d=0;d<c.length;d++){var f=c.charAt(d);f in a||(a[f]=e.charAt(d))}c=\"\";for(d=0;d<b.length;d++)f=b.charAt(d),c+=f in a?a[f]:f;return c},3);Q(\"true\",2,!1,!1,function(){return!0},0);function G(a,b){this.h=a;this.c=void 0!==b?b:null;this.b=null;switch(a){case \"comment\":this.b=8;break;case \"text\":this.b=3;break;case \"processing-instruction\":this.b=7;break;case \"node\":break;default:throw Error(\"Unexpected argument\");}}function Cb(a){return\"comment\"==a||\"text\"==a||\"processing-instruction\"==a||\"node\"==a}G.prototype.a=function(a){return null===this.b||this.b==a.nodeType};G.prototype.f=function(){return this.h};\nG.prototype.toString=function(){var a=\"Kind Test: \"+this.h;null===this.c||(a+=K(this.c));return a};function Db(a){J.call(this,3);this.c=a.substring(1,a.length-1)}l(Db,J);Db.prototype.a=function(){return this.c};Db.prototype.toString=function(){return\"Literal: \"+this.c};function F(a,b){this.j=a.toLowerCase();a=\"*\"==this.j?\"*\":\"http://www.w3.org/1999/xhtml\";this.c=b?b.toLowerCase():a}F.prototype.a=function(a){var b=a.nodeType;if(1!=b&&2!=b)return!1;b=void 0!==a.localName?a.localName:a.nodeName;return\"*\"!=this.j&&this.j!=b.toLowerCase()?!1:\"*\"==this.c?!0:this.c==(a.namespaceURI?a.namespaceURI.toLowerCase():\"http://www.w3.org/1999/xhtml\")};F.prototype.f=function(){return this.j};\nF.prototype.toString=function(){return\"Name Test: \"+(\"http://www.w3.org/1999/xhtml\"==this.c?\"\":this.c+\":\")+this.j};function Eb(a){J.call(this,1);this.c=a}l(Eb,J);Eb.prototype.a=function(){return this.c};Eb.prototype.toString=function(){return\"Number: \"+this.c};function Fb(a,b){J.call(this,a.i);this.h=a;this.c=b;this.g=a.g;this.b=a.b;1==this.c.length&&(a=this.c[0],a.A||a.c!=Gb||(a=a.o,\"*\"!=a.f()&&(this.f={name:a.f(),u:null})))}l(Fb,J);function Hb(){J.call(this,4)}l(Hb,J);Hb.prototype.a=function(a){var b=new E;a=a.a;9==a.nodeType?b.add(a):b.add(a.ownerDocument);return b};Hb.prototype.toString=function(){return\"Root Helper Expression\"};function Ib(){J.call(this,4)}l(Ib,J);Ib.prototype.a=function(a){var b=new E;b.add(a.a);return b};Ib.prototype.toString=function(){return\"Context Helper Expression\"};\nfunction Jb(a){return\"/\"==a||\"//\"==a}Fb.prototype.a=function(a){var b=this.h.a(a);if(!(b instanceof E))throw Error(\"Filter expression must evaluate to nodeset.\");a=this.c;for(var c=0,d=a.length;c<d&&b.l;c++){var e=a[c],f=H(b,e.c.s);if(e.g||e.c!=Kb)if(e.g||e.c!=Lb){var g=I(f);for(b=e.a(new ia(g));null!=(g=I(f));)g=e.a(new ia(g)),b=kb(b,g)}else g=I(f),b=e.a(new ia(g));else{for(g=I(f);(b=I(f))&&(!g.contains||g.contains(b))&&b.compareDocumentPosition(g)&8;g=b);b=e.a(new ia(g))}}return b};\nFb.prototype.toString=function(){var a=\"Path Expression:\"+K(this.h);if(this.c.length){var b=la(this.c,function(c,d){return c+K(d)},\"Steps:\");a+=K(b)}return a};function Mb(a,b){this.a=a;this.s=!!b}\nfunction yb(a,b,c){for(c=c||0;c<a.a.length;c++)for(var d=a.a[c],e=H(b),f=b.l,g,h=0;g=I(e);h++){var m=a.s?f-h:h+1;g=d.a(new ia(g,m,f));if(\"number\"==typeof g)m=m==g;else if(\"string\"==typeof g||\"boolean\"==typeof g)m=!!g;else if(g instanceof E)m=0<g.l;else throw Error(\"Predicate.evaluate returned an unexpected type.\");if(!m){m=e;g=m.f;var w=m.a;if(!w)throw Error(\"Next must be called at least once before remove.\");var r=w.b;w=w.a;r?r.a=w:g.a=w;w?w.b=r:g.b=r;g.l--;m.a=null}}return b}\nMb.prototype.toString=function(){return la(this.a,function(a,b){return a+K(b)},\"Predicates:\")};function R(a,b,c,d){J.call(this,4);this.c=a;this.o=b;this.h=c||new Mb([]);this.A=!!d;b=this.h;b=0<b.a.length?b.a[0].f:null;a.J&&b&&(a=b.name,a=x?a.toLowerCase():a,this.f={name:a,u:b.u});a:{a=this.h;for(b=0;b<a.a.length;b++)if(c=a.a[b],c.g||1==c.i||0==c.i){a=!0;break a}a=!1}this.g=a}l(R,J);\nR.prototype.a=function(a){var b=a.a,c=this.f,d=null,e=null,f=0;c&&(d=c.name,e=c.u?O(c.u,a):null,f=1);if(this.A)if(this.g||this.c!=Nb)if(b=H((new R(Ob,new G(\"node\"))).a(a)),c=I(b))for(a=this.m(c,d,e,f);null!=(c=I(b));)a=kb(a,this.m(c,d,e,f));else a=new E;else a=bb(this.o,b,d,e),a=yb(this.h,a,f);else a=this.m(a.a,d,e,f);return a};R.prototype.m=function(a,b,c,d){a=this.c.v(this.o,a,b,c);return a=yb(this.h,a,d)};\nR.prototype.toString=function(){var a=\"Step:\"+K(\"Operator: \"+(this.A?\"//\":\"/\"));this.c.j&&(a+=K(\"Axis: \"+this.c));a+=K(this.o);if(this.h.a.length){var b=la(this.h.a,function(c,d){return c+K(d)},\"Predicates:\");a+=K(b)}return a};function Pb(a,b,c,d){this.j=a;this.v=b;this.s=c;this.J=d}Pb.prototype.toString=function(){return this.j};var Qb={};function S(a,b,c,d){if(Qb.hasOwnProperty(a))throw Error(\"Axis already created: \"+a);b=new Pb(a,b,c,!!d);return Qb[a]=b}\nS(\"ancestor\",function(a,b){for(var c=new E;b=b.parentNode;)a.a(b)&&lb(c,b);return c},!0);S(\"ancestor-or-self\",function(a,b){var c=new E;do a.a(b)&&lb(c,b);while(b=b.parentNode);return c},!0);\nvar Gb=S(\"attribute\",function(a,b){var c=new E,d=a.f();if(\"style\"==d&&x&&b.style)return c.add(new Na(b.style,b,\"style\",b.style.cssText)),c;var e=b.attributes;if(e)if(a instanceof G&&null===a.b||\"*\"==d)for(a=0;d=e[a];a++)x?d.nodeValue&&c.add(Oa(b,d)):c.add(d);else(d=e.getNamedItem(d))&&(x?d.nodeValue&&c.add(Oa(b,d)):c.add(d));return c},!1),Nb=S(\"child\",function(a,b,c,d,e){return(x?hb:ib).call(null,a,b,aa(c)?c:null,aa(d)?d:null,e||new E)},!1,!0);S(\"descendant\",bb,!1,!0);\nvar Ob=S(\"descendant-or-self\",function(a,b,c,d){var e=new E;C(b,c,d)&&a.a(b)&&e.add(b);return bb(a,b,c,d,e)},!1,!0),Kb=S(\"following\",function(a,b,c,d){var e=new E;do for(var f=b;f=f.nextSibling;)C(f,c,d)&&a.a(f)&&e.add(f),e=bb(a,f,c,d,e);while(b=b.parentNode);return e},!1,!0);S(\"following-sibling\",function(a,b){for(var c=new E;b=b.nextSibling;)a.a(b)&&c.add(b);return c},!1);S(\"namespace\",function(){return new E},!1);\nvar Rb=S(\"parent\",function(a,b){var c=new E;if(9==b.nodeType)return c;if(2==b.nodeType)return c.add(b.ownerElement),c;b=b.parentNode;a.a(b)&&c.add(b);return c},!1),Lb=S(\"preceding\",function(a,b,c,d){var e=new E,f=[];do f.unshift(b);while(b=b.parentNode);for(var g=1,h=f.length;g<h;g++){var m=[];for(b=f[g];b=b.previousSibling;)m.unshift(b);for(var w=0,r=m.length;w<r;w++)b=m[w],C(b,c,d)&&a.a(b)&&e.add(b),e=bb(a,b,c,d,e)}return e},!0,!0);\nS(\"preceding-sibling\",function(a,b){for(var c=new E;b=b.previousSibling;)a.a(b)&&lb(c,b);return c},!0);var Sb=S(\"self\",function(a,b){var c=new E;a.a(b)&&c.add(b);return c},!1);function Tb(a){J.call(this,1);this.c=a;this.g=a.g;this.b=a.b}l(Tb,J);Tb.prototype.a=function(a){return-N(this.c,a)};Tb.prototype.toString=function(){return\"Unary Expression: -\"+K(this.c)};function Ub(a){J.call(this,4);this.c=a;pb(this,ma(this.c,function(b){return b.g}));qb(this,ma(this.c,function(b){return b.b}))}l(Ub,J);Ub.prototype.a=function(a){var b=new E;n(this.c,function(c){c=c.a(a);if(!(c instanceof E))throw Error(\"Path expression must evaluate to NodeSet.\");b=kb(b,c)});return b};Ub.prototype.toString=function(){return la(this.c,function(a,b){return a+K(b)},\"Union Expression:\")};function Vb(a,b){this.a=a;this.b=b}function Yb(a){for(var b,c=[];;){T(a,\"Missing right hand side of binary expression.\");b=Zb(a);var d=z(a.a);if(!d)break;var e=(d=wb[d]||null)&&d.D;if(!e){a.a.a--;break}for(;c.length&&e<=c[c.length-1].D;)b=new sb(c.pop(),c.pop(),b);c.push(b,d)}for(;c.length;)b=new sb(c.pop(),c.pop(),b);return b}function T(a,b){if(Ta(a.a))throw Error(b);}function $b(a,b){a=z(a.a);if(a!=b)throw Error(\"Bad token, expected: \"+b+\" got: \"+a);}\nfunction ac(a){a=z(a.a);if(\")\"!=a)throw Error(\"Bad token: \"+a);}function bc(a){a=z(a.a);if(2>a.length)throw Error(\"Unclosed literal string\");return new Db(a)}\nfunction cc(a){var b=[];if(Jb(y(a.a))){var c=z(a.a);var d=y(a.a);if(\"/\"==c&&(Ta(a.a)||\".\"!=d&&\"..\"!=d&&\"@\"!=d&&\"*\"!=d&&!/(?![0-9])[\\w]/.test(d)))return new Hb;d=new Hb;T(a,\"Missing next location step.\");c=dc(a,c);b.push(c)}else{a:{c=y(a.a);d=c.charAt(0);switch(d){case \"$\":throw Error(\"Variable reference not allowed in HTML XPath\");case \"(\":z(a.a);c=Yb(a);T(a,'unclosed \"(\"');$b(a,\")\");break;case '\"':case \"'\":c=bc(a);break;default:if(isNaN(+c))if(!Cb(c)&&/(?![0-9])[\\w]/.test(d)&&\"(\"==y(a.a,1)){c=z(a.a);\nc=Bb[c]||null;z(a.a);for(d=[];\")\"!=y(a.a);){T(a,\"Missing function argument list.\");d.push(Yb(a));if(\",\"!=y(a.a))break;z(a.a)}T(a,\"Unclosed function argument list.\");ac(a);c=new zb(c,d)}else{c=null;break a}else c=new Eb(+z(a.a))}\"[\"==y(a.a)&&(d=new Mb(ec(a)),c=new xb(c,d))}if(c)if(Jb(y(a.a)))d=c;else return c;else c=dc(a,\"/\"),d=new Ib,b.push(c)}for(;Jb(y(a.a));)c=z(a.a),T(a,\"Missing next location step.\"),c=dc(a,c),b.push(c);return new Fb(d,b)}\nfunction dc(a,b){if(\"/\"!=b&&\"//\"!=b)throw Error('Step op should be \"/\" or \"//\"');if(\".\"==y(a.a)){var c=new R(Sb,new G(\"node\"));z(a.a);return c}if(\"..\"==y(a.a))return c=new R(Rb,new G(\"node\")),z(a.a),c;if(\"@\"==y(a.a)){var d=Gb;z(a.a);T(a,\"Missing attribute name\")}else if(\"::\"==y(a.a,1)){if(!/(?![0-9])[\\w]/.test(y(a.a).charAt(0)))throw Error(\"Bad token: \"+z(a.a));var e=z(a.a);d=Qb[e]||null;if(!d)throw Error(\"No axis with name: \"+e);z(a.a);T(a,\"Missing node name\")}else d=Nb;e=y(a.a);if(/(?![0-9])[\\w\\*]/.test(e.charAt(0)))if(\"(\"==\ny(a.a,1)){if(!Cb(e))throw Error(\"Invalid node type: \"+e);e=z(a.a);if(!Cb(e))throw Error(\"Invalid type name: \"+e);$b(a,\"(\");T(a,\"Bad nodetype\");var f=y(a.a).charAt(0),g=null;if('\"'==f||\"'\"==f)g=bc(a);T(a,\"Bad nodetype\");ac(a);e=new G(e,g)}else if(e=z(a.a),f=e.indexOf(\":\"),-1==f)e=new F(e);else{g=e.substring(0,f);if(\"*\"==g)var h=\"*\";else if(h=a.b(g),!h)throw Error(\"Namespace prefix not declared: \"+g);e=e.substr(f+1);e=new F(e,h)}else throw Error(\"Bad token: \"+z(a.a));a=new Mb(ec(a),d.s);return c||new R(d,\ne,a,\"//\"==b)}function ec(a){for(var b=[];\"[\"==y(a.a);){z(a.a);T(a,\"Missing predicate expression.\");var c=Yb(a);b.push(c);T(a,\"Unclosed predicate expression.\");$b(a,\"]\")}return b}function Zb(a){if(\"-\"==y(a.a))return z(a.a),new Tb(Zb(a));var b=cc(a);if(\"|\"!=y(a.a))a=b;else{for(b=[b];\"|\"==z(a.a);)T(a,\"Missing next union location path.\"),b.push(cc(a));a.a.a--;a=new Ub(b)}return a};function fc(a){switch(a.nodeType){case 1:return ha(gc,a);case 9:return fc(a.documentElement);case 11:case 10:case 6:case 12:return hc;default:return a.parentNode?fc(a.parentNode):hc}}function hc(){return null}function gc(a,b){if(a.prefix==b)return a.namespaceURI||\"http://www.w3.org/1999/xhtml\";var c=a.getAttributeNode(\"xmlns:\"+b);return c&&c.specified?c.value||null:a.parentNode&&9!=a.parentNode.nodeType?gc(a.parentNode,b):null};function ic(a,b){if(!a.length)throw Error(\"Empty XPath expression.\");a=Qa(a);if(Ta(a))throw Error(\"Invalid XPath expression.\");b?\"function\"==ca(b)||(b=fa(b.lookupNamespaceURI,b)):b=function(){return null};var c=Yb(new Vb(a,b));if(!Ta(a))throw Error(\"Bad token: \"+z(a));this.evaluate=function(d,e){d=c.a(new ia(d));return new U(d,e)}}\nfunction U(a,b){if(0==b)if(a instanceof E)b=4;else if(\"string\"==typeof a)b=2;else if(\"number\"==typeof a)b=1;else if(\"boolean\"==typeof a)b=3;else throw Error(\"Unexpected evaluation result.\");if(2!=b&&1!=b&&3!=b&&!(a instanceof E))throw Error(\"value could not be converted to the specified type\");this.resultType=b;switch(b){case 2:this.stringValue=a instanceof E?nb(a):\"\"+a;break;case 1:this.numberValue=a instanceof E?+nb(a):+a;break;case 3:this.booleanValue=a instanceof E?0<a.l:!!a;break;case 4:case 5:case 6:case 7:var c=\nH(a);var d=[];for(var e=I(c);e;e=I(c))d.push(e instanceof Na?e.a:e);this.snapshotLength=a.l;this.invalidIteratorState=!1;break;case 8:case 9:a=mb(a);this.singleNodeValue=a instanceof Na?a.a:a;break;default:throw Error(\"Unknown XPathResult type.\");}var f=0;this.iterateNext=function(){if(4!=b&&5!=b)throw Error(\"iterateNext called with wrong result type\");return f>=d.length?null:d[f++]};this.snapshotItem=function(g){if(6!=b&&7!=b)throw Error(\"snapshotItem called with wrong result type\");return g>=d.length||\n0>g?null:d[g]}}U.ANY_TYPE=0;U.NUMBER_TYPE=1;U.STRING_TYPE=2;U.BOOLEAN_TYPE=3;U.UNORDERED_NODE_ITERATOR_TYPE=4;U.ORDERED_NODE_ITERATOR_TYPE=5;U.UNORDERED_NODE_SNAPSHOT_TYPE=6;U.ORDERED_NODE_SNAPSHOT_TYPE=7;U.ANY_UNORDERED_NODE_TYPE=8;U.FIRST_ORDERED_NODE_TYPE=9;function jc(a){this.lookupNamespaceURI=fc(a)}\nfunction kc(a,b){a=a||k;var c=a.Document&&a.Document.prototype||a.document;if(!c.evaluate||b)a.XPathResult=U,c.evaluate=function(d,e,f,g){return(new ic(d,f)).evaluate(e,g)},c.createExpression=function(d,e){return new ic(d,e)},c.createNSResolver=function(d){return new jc(d)}}ba(\"wgxpath.install\",kc);ba(\"wgxpath.install\",kc);var lc={aliceblue:\"#f0f8ff\",antiquewhite:\"#faebd7\",aqua:\"#00ffff\",aquamarine:\"#7fffd4\",azure:\"#f0ffff\",beige:\"#f5f5dc\",bisque:\"#ffe4c4\",black:\"#000000\",blanchedalmond:\"#ffebcd\",blue:\"#0000ff\",blueviolet:\"#8a2be2\",brown:\"#a52a2a\",burlywood:\"#deb887\",cadetblue:\"#5f9ea0\",chartreuse:\"#7fff00\",chocolate:\"#d2691e\",coral:\"#ff7f50\",cornflowerblue:\"#6495ed\",cornsilk:\"#fff8dc\",crimson:\"#dc143c\",cyan:\"#00ffff\",darkblue:\"#00008b\",darkcyan:\"#008b8b\",darkgoldenrod:\"#b8860b\",darkgray:\"#a9a9a9\",darkgreen:\"#006400\",\ndarkgrey:\"#a9a9a9\",darkkhaki:\"#bdb76b\",darkmagenta:\"#8b008b\",darkolivegreen:\"#556b2f\",darkorange:\"#ff8c00\",darkorchid:\"#9932cc\",darkred:\"#8b0000\",darksalmon:\"#e9967a\",darkseagreen:\"#8fbc8f\",darkslateblue:\"#483d8b\",darkslategray:\"#2f4f4f\",darkslategrey:\"#2f4f4f\",darkturquoise:\"#00ced1\",darkviolet:\"#9400d3\",deeppink:\"#ff1493\",deepskyblue:\"#00bfff\",dimgray:\"#696969\",dimgrey:\"#696969\",dodgerblue:\"#1e90ff\",firebrick:\"#b22222\",floralwhite:\"#fffaf0\",forestgreen:\"#228b22\",fuchsia:\"#ff00ff\",gainsboro:\"#dcdcdc\",\nghostwhite:\"#f8f8ff\",gold:\"#ffd700\",goldenrod:\"#daa520\",gray:\"#808080\",green:\"#008000\",greenyellow:\"#adff2f\",grey:\"#808080\",honeydew:\"#f0fff0\",hotpink:\"#ff69b4\",indianred:\"#cd5c5c\",indigo:\"#4b0082\",ivory:\"#fffff0\",khaki:\"#f0e68c\",lavender:\"#e6e6fa\",lavenderblush:\"#fff0f5\",lawngreen:\"#7cfc00\",lemonchiffon:\"#fffacd\",lightblue:\"#add8e6\",lightcoral:\"#f08080\",lightcyan:\"#e0ffff\",lightgoldenrodyellow:\"#fafad2\",lightgray:\"#d3d3d3\",lightgreen:\"#90ee90\",lightgrey:\"#d3d3d3\",lightpink:\"#ffb6c1\",lightsalmon:\"#ffa07a\",\nlightseagreen:\"#20b2aa\",lightskyblue:\"#87cefa\",lightslategray:\"#778899\",lightslategrey:\"#778899\",lightsteelblue:\"#b0c4de\",lightyellow:\"#ffffe0\",lime:\"#00ff00\",limegreen:\"#32cd32\",linen:\"#faf0e6\",magenta:\"#ff00ff\",maroon:\"#800000\",mediumaquamarine:\"#66cdaa\",mediumblue:\"#0000cd\",mediumorchid:\"#ba55d3\",mediumpurple:\"#9370db\",mediumseagreen:\"#3cb371\",mediumslateblue:\"#7b68ee\",mediumspringgreen:\"#00fa9a\",mediumturquoise:\"#48d1cc\",mediumvioletred:\"#c71585\",midnightblue:\"#191970\",mintcream:\"#f5fffa\",mistyrose:\"#ffe4e1\",\nmoccasin:\"#ffe4b5\",navajowhite:\"#ffdead\",navy:\"#000080\",oldlace:\"#fdf5e6\",olive:\"#808000\",olivedrab:\"#6b8e23\",orange:\"#ffa500\",orangered:\"#ff4500\",orchid:\"#da70d6\",palegoldenrod:\"#eee8aa\",palegreen:\"#98fb98\",paleturquoise:\"#afeeee\",palevioletred:\"#db7093\",papayawhip:\"#ffefd5\",peachpuff:\"#ffdab9\",peru:\"#cd853f\",pink:\"#ffc0cb\",plum:\"#dda0dd\",powderblue:\"#b0e0e6\",purple:\"#800080\",red:\"#ff0000\",rosybrown:\"#bc8f8f\",royalblue:\"#4169e1\",saddlebrown:\"#8b4513\",salmon:\"#fa8072\",sandybrown:\"#f4a460\",seagreen:\"#2e8b57\",\nseashell:\"#fff5ee\",sienna:\"#a0522d\",silver:\"#c0c0c0\",skyblue:\"#87ceeb\",slateblue:\"#6a5acd\",slategray:\"#708090\",slategrey:\"#708090\",snow:\"#fffafa\",springgreen:\"#00ff7f\",steelblue:\"#4682b4\",tan:\"#d2b48c\",teal:\"#008080\",thistle:\"#d8bfd8\",tomato:\"#ff6347\",turquoise:\"#40e0d0\",violet:\"#ee82ee\",wheat:\"#f5deb3\",white:\"#ffffff\",whitesmoke:\"#f5f5f5\",yellow:\"#ffff00\",yellowgreen:\"#9acd32\"};var mc=\"backgroundColor borderTopColor borderRightColor borderBottomColor borderLeftColor color outlineColor\".split(\" \"),nc=/#([0-9a-fA-F])([0-9a-fA-F])([0-9a-fA-F])/,oc=/^#(?:[0-9a-f]{3}){1,2}$/i,pc=/^(?:rgba)?\\((\\d{1,3}),\\s?(\\d{1,3}),\\s?(\\d{1,3}),\\s?(0|1|0\\.\\d*)\\)$/i,qc=/^(?:rgb)?\\((0|[1-9]\\d{0,2}),\\s?(0|[1-9]\\d{0,2}),\\s?(0|[1-9]\\d{0,2})\\)$/i;function rc(a,b){this.code=a;this.a=V[a]||sc;this.message=b||\"\";a=this.a.replace(/((?:^|\\s+)[a-z])/g,function(c){return c.toUpperCase().replace(/^[\\s\\xa0]+/g,\"\")});b=a.length-5;if(0>b||a.indexOf(\"Error\",b)!=b)a+=\"Error\";this.name=a;a=Error(this.message);a.name=this.name;this.stack=a.stack||\"\"}l(rc,Error);var sc=\"unknown error\",V={15:\"element not selectable\",11:\"element not visible\"};V[31]=sc;V[30]=sc;V[24]=\"invalid cookie domain\";V[29]=\"invalid element coordinates\";V[12]=\"invalid element state\";\nV[32]=\"invalid selector\";V[51]=\"invalid selector\";V[52]=\"invalid selector\";V[17]=\"javascript error\";V[405]=\"unsupported operation\";V[34]=\"move target out of bounds\";V[27]=\"no such alert\";V[7]=\"no such element\";V[8]=\"no such frame\";V[23]=\"no such window\";V[28]=\"script timeout\";V[33]=\"session not created\";V[10]=\"stale element reference\";V[21]=\"timeout\";V[25]=\"unable to set cookie\";V[26]=\"unexpected alert open\";V[13]=sc;V[9]=\"unknown command\";var tc=va(),uc=ya()||u(\"iPod\"),vc=u(\"iPad\"),wc=u(\"Android\")&&!(wa()||va()||u(\"Opera\")||u(\"Silk\")),xc=wa(),yc=u(\"Safari\")&&!(wa()||u(\"Coast\")||u(\"Opera\")||u(\"Edge\")||u(\"Edg/\")||u(\"OPR\")||va()||u(\"Silk\")||u(\"Android\"))&&!(ya()||u(\"iPad\")||u(\"iPod\"));function zc(a){return(a=a.exec(t))?a[1]:\"\"}(function(){if(tc)return zc(/Firefox\\/([0-9.]+)/);if(v||Ca||Ba)return Ga;if(xc)return ya()||u(\"iPad\")||u(\"iPod\")?zc(/CriOS\\/([0-9.]+)/):zc(/Chrome\\/([0-9.]+)/);if(yc&&!(ya()||u(\"iPad\")||u(\"iPod\")))return zc(/Version\\/([0-9.]+)/);if(uc||vc){var a=/Version\\/(\\S+).*Mobile\\/(\\S+)/.exec(t);if(a)return a[1]+\".\"+a[2]}else if(wc)return(a=zc(/Android\\s+([0-9.]+)/))?a:zc(/Version\\/([0-9.]+)/);return\"\"})();var Ac=v&&!(9<=Number(La));function W(a,b){b&&\"string\"!==typeof b&&(b=b.toString());return!!a&&1==a.nodeType&&(!b||a.tagName.toUpperCase()==b)};var Bc=function(){var a={K:\"http://www.w3.org/2000/svg\"};return function(b){return a[b]||null}}();\nfunction Cc(a,b){var c=A(a);if(!c.documentElement)return null;(v||wc)&&kc(c?c.parentWindow||c.defaultView:window);try{var d=c.createNSResolver?c.createNSResolver(c.documentElement):Bc;if(v&&!Ka(7))return c.evaluate.call(c,b,a,d,9,null);if(!v||9<=Number(La)){for(var e={},f=c.getElementsByTagName(\"*\"),g=0;g<f.length;++g){var h=f[g],m=h.namespaceURI;if(m&&!e[m]){var w=h.lookupPrefix(m);if(!w){var r=m.match(\".*/(\\\\w+)/?$\");w=r?r[1]:\"xhtml\"}e[m]=w}}var D={},L;for(L in e)D[e[L]]=L;d=function(M){return D[M]||\nnull}}try{return c.evaluate(b,a,d,9,null)}catch(M){if(\"TypeError\"===M.name)return d=c.createNSResolver?c.createNSResolver(c.documentElement):Bc,c.evaluate(b,a,d,9,null);throw M;}}catch(M){if(!Da||\"NS_ERROR_ILLEGAL_VALUE\"!=M.name)throw new rc(32,\"Unable to locate an element with the xpath expression \"+b+\" because of the following error:\\n\"+M);}}\nfunction Dc(a,b){var c=function(){var d=Cc(b,a);return d?d.singleNodeValue||null:b.selectSingleNode?(d=A(b),d.setProperty&&d.setProperty(\"SelectionLanguage\",\"XPath\"),b.selectSingleNode(a)):null}();if(null!==c&&(!c||1!=c.nodeType))throw new rc(32,'The result of the xpath expression \"'+a+'\" is: '+c+\". It should be an element.\");return c};function Ec(a,b,c,d){this.c=a;this.a=b;this.b=c;this.f=d}Ec.prototype.ceil=function(){this.c=Math.ceil(this.c);this.a=Math.ceil(this.a);this.b=Math.ceil(this.b);this.f=Math.ceil(this.f);return this};Ec.prototype.floor=function(){this.c=Math.floor(this.c);this.a=Math.floor(this.a);this.b=Math.floor(this.b);this.f=Math.floor(this.f);return this};Ec.prototype.round=function(){this.c=Math.round(this.c);this.a=Math.round(this.a);this.b=Math.round(this.b);this.f=Math.round(this.f);return this};function X(a,b,c,d){this.a=a;this.b=b;this.width=c;this.height=d}X.prototype.ceil=function(){this.a=Math.ceil(this.a);this.b=Math.ceil(this.b);this.width=Math.ceil(this.width);this.height=Math.ceil(this.height);return this};X.prototype.floor=function(){this.a=Math.floor(this.a);this.b=Math.floor(this.b);this.width=Math.floor(this.width);this.height=Math.floor(this.height);return this};\nX.prototype.round=function(){this.a=Math.round(this.a);this.b=Math.round(this.b);this.width=Math.round(this.width);this.height=Math.round(this.height);return this};var Fc=\"function\"===typeof ShadowRoot;function Gc(a){for(a=a.parentNode;a&&1!=a.nodeType&&9!=a.nodeType&&11!=a.nodeType;)a=a.parentNode;return W(a)?a:null}\nfunction Y(a,b){b=xa(b);if(\"float\"==b||\"cssFloat\"==b||\"styleFloat\"==b)b=Ac?\"styleFloat\":\"cssFloat\";a:{var c=b;var d=A(a);if(d.defaultView&&d.defaultView.getComputedStyle&&(d=d.defaultView.getComputedStyle(a,null))){c=d[c]||d.getPropertyValue(c)||\"\";break a}c=\"\"}a=c||Hc(a,b);if(null===a)a=null;else if(0<=ja(mc,b)){b:{var e=a.match(pc);if(e&&(b=Number(e[1]),c=Number(e[2]),d=Number(e[3]),e=Number(e[4]),0<=b&&255>=b&&0<=c&&255>=c&&0<=d&&255>=d&&0<=e&&1>=e)){b=[b,c,d,e];break b}b=null}if(!b)b:{if(d=a.match(qc))if(b=\nNumber(d[1]),c=Number(d[2]),d=Number(d[3]),0<=b&&255>=b&&0<=c&&255>=c&&0<=d&&255>=d){b=[b,c,d,1];break b}b=null}if(!b)b:{b=a.toLowerCase();c=lc[b.toLowerCase()];if(!c&&(c=\"#\"==b.charAt(0)?b:\"#\"+b,4==c.length&&(c=c.replace(nc,\"#$1$1$2$2$3$3\")),!oc.test(c))){b=null;break b}b=[parseInt(c.substr(1,2),16),parseInt(c.substr(3,2),16),parseInt(c.substr(5,2),16),1]}a=b?\"rgba(\"+b.join(\", \")+\")\":a}return a}\nfunction Hc(a,b){var c=a.currentStyle||a.style,d=c[b];void 0===d&&\"function\"==ca(c.getPropertyValue)&&(d=c.getPropertyValue(b));return\"inherit\"!=d?void 0!==d?d:null:(a=Gc(a))?Hc(a,b):null}\nfunction Ic(a,b,c){function d(g){var h=Jc(g);return 0<h.height&&0<h.width?!0:W(g,\"PATH\")&&(0<h.height||0<h.width)?(g=Y(g,\"stroke-width\"),!!g&&0<parseInt(g,10)):\"hidden\"!=Y(g,\"overflow\")&&ma(g.childNodes,function(m){return 3==m.nodeType||W(m)&&d(m)})}function e(g){return Kc(g)==Z&&na(g.childNodes,function(h){return!W(h)||e(h)||!d(h)})}if(!W(a))throw Error(\"Argument to isShown must be of type Element\");if(W(a,\"BODY\"))return!0;if(W(a,\"OPTION\")||W(a,\"OPTGROUP\"))return a=$a(a,function(g){return W(g,\"SELECT\")}),\n!!a&&Ic(a,!0,c);var f=Lc(a);if(f)return!!f.image&&0<f.rect.width&&0<f.rect.height&&Ic(f.image,b,c);if(W(a,\"INPUT\")&&\"hidden\"==a.type.toLowerCase()||W(a,\"NOSCRIPT\"))return!1;f=Y(a,\"visibility\");return\"collapse\"!=f&&\"hidden\"!=f&&c(a)&&(b||0!=Mc(a))&&d(a)?!e(a):!1}var Z=\"hidden\";\nfunction Kc(a){function b(p){function q(fb){if(fb==g)return!0;var Wb=Y(fb,\"display\");return 0==Wb.lastIndexOf(\"inline\",0)||\"contents\"==Wb||\"absolute\"==Xb&&\"static\"==Y(fb,\"position\")?!1:!0}var Xb=Y(p,\"position\");if(\"fixed\"==Xb)return w=!0,p==g?null:g;for(p=Gc(p);p&&!q(p);)p=Gc(p);return p}function c(p){var q=p;if(\"visible\"==m)if(p==g&&h)q=h;else if(p==h)return{x:\"visible\",y:\"visible\"};q={x:Y(q,\"overflow-x\"),y:Y(q,\"overflow-y\")};p==g&&(q.x=\"visible\"==q.x?\"auto\":q.x,q.y=\"visible\"==q.y?\"auto\":q.y);return q}\nfunction d(p){if(p==g){var q=(new ab(f)).a;p=q.scrollingElement?q.scrollingElement:Ea||\"CSS1Compat\"!=q.compatMode?q.body||q.documentElement:q.documentElement;q=q.parentWindow||q.defaultView;p=v&&Ka(\"10\")&&q.pageYOffset!=p.scrollTop?new Ua(p.scrollLeft,p.scrollTop):new Ua(q.pageXOffset||p.scrollLeft,q.pageYOffset||p.scrollTop)}else p=new Ua(p.scrollLeft,p.scrollTop);return p}var e=Nc(a),f=A(a),g=f.documentElement,h=f.body,m=Y(g,\"overflow\"),w;for(a=b(a);a;a=b(a)){var r=c(a);if(\"visible\"!=r.x||\"visible\"!=\nr.y){var D=Jc(a);if(0==D.width||0==D.height)return Z;var L=e.a<D.a,M=e.b<D.b;if(L&&\"hidden\"==r.x||M&&\"hidden\"==r.y)return Z;if(L&&\"visible\"!=r.x||M&&\"visible\"!=r.y){L=d(a);M=e.b<D.b-L.y;if(e.a<D.a-L.x&&\"visible\"!=r.x||M&&\"visible\"!=r.x)return Z;e=Kc(a);return e==Z?Z:\"scroll\"}L=e.f>=D.a+D.width;D=e.c>=D.b+D.height;if(L&&\"hidden\"==r.x||D&&\"hidden\"==r.y)return Z;if(L&&\"visible\"!=r.x||D&&\"visible\"!=r.y){if(w&&(r=d(a),e.f>=g.scrollWidth-r.x||e.a>=g.scrollHeight-r.y))return Z;e=Kc(a);return e==Z?Z:\"scroll\"}}}return\"none\"}\nfunction Jc(a){var b=Lc(a);if(b)return b.rect;if(W(a,\"HTML\"))return a=A(a),a=((a?a.parentWindow||a.defaultView:window)||window).document,a=\"CSS1Compat\"==a.compatMode?a.documentElement:a.body,a=new Va(a.clientWidth,a.clientHeight),new X(0,0,a.width,a.height);try{var c=a.getBoundingClientRect()}catch(d){return new X(0,0,0,0)}b=new X(c.left,c.top,c.right-c.left,c.bottom-c.top);v&&a.ownerDocument.body&&(a=A(a),b.a-=a.documentElement.clientLeft+a.body.clientLeft,b.b-=a.documentElement.clientTop+a.body.clientTop);\nreturn b}function Lc(a){var b=W(a,\"MAP\");if(!b&&!W(a,\"AREA\"))return null;var c=b?a:W(a.parentNode,\"MAP\")?a.parentNode:null,d=null,e=null;c&&c.name&&(d=Dc('/descendant::*[@usemap = \"#'+c.name+'\"]',A(c)))&&(e=Jc(d),b||\"default\"==a.shape.toLowerCase()||(a=Oc(a),b=Math.min(Math.max(a.a,0),e.width),c=Math.min(Math.max(a.b,0),e.height),e=new X(b+e.a,c+e.b,Math.min(a.width,e.width-b),Math.min(a.height,e.height-c))));return{image:d,rect:e||new X(0,0,0,0)}}\nfunction Oc(a){var b=a.shape.toLowerCase();a=a.coords.split(\",\");if(\"rect\"==b&&4==a.length){b=a[0];var c=a[1];return new X(b,c,a[2]-b,a[3]-c)}if(\"circle\"==b&&3==a.length)return b=a[2],new X(a[0]-b,a[1]-b,2*b,2*b);if(\"poly\"==b&&2<a.length){b=a[0];c=a[1];for(var d=b,e=c,f=2;f+1<a.length;f+=2)b=Math.min(b,a[f]),d=Math.max(d,a[f]),c=Math.min(c,a[f+1]),e=Math.max(e,a[f+1]);return new X(b,c,d-b,e-c)}return new X(0,0,0,0)}function Nc(a){a=Jc(a);return new Ec(a.b,a.a+a.width,a.b+a.height,a.a)}\nfunction Mc(a){if(Ac){if(\"relative\"==Y(a,\"position\"))return 1;a=Y(a,\"filter\");return(a=a.match(/^alpha\\(opacity=(\\d*)\\)/)||a.match(/^progid:DXImageTransform.Microsoft.Alpha\\(Opacity=(\\d*)\\)/))?Number(a[1])/100:1}return Pc(a)}function Pc(a){var b=1,c=Y(a,\"opacity\");c&&(b=Number(c));(a=Gc(a))&&(b*=Pc(a));return b};ba(\"_\",function(a,b){function c(d){if(W(d)&&\"none\"==Y(d,\"display\"))return!1;var e;if((e=d.parentNode)&&e.shadowRoot&&void 0!==d.assignedSlot)e=d.assignedSlot?d.assignedSlot.parentNode:null;else if(d.getDestinationInsertionPoints){var f=d.getDestinationInsertionPoints();0<f.length&&(e=f[f.length-1])}if(Fc&&e instanceof ShadowRoot){if(e.host.shadowRoot!==e)return!1;e=e.host}return!eDEBUG    urllib3.connectionpool:connectionpool.py:544 http://selenium-hub:4444 "POST /wd/hub/session/c25c0b26e99c8e37c896a9fd3f30a3e9/execute/sync HTTP/1.1" 200 0
DEBUG    selenium.webdriver.remote.remote_connection:remote_connection.py:329 Remote response: status=200 | data={"value":true} | headers=HTTPHeaderDict({'content-length': '14', 'content-type': 'application/json; charset=utf-8', 'cache-control': 'no-cache'})
DEBUG    selenium.webdriver.remoDEBUG    urllib3.connectionpool:connectionpool.py:544 http://selenium-hub:4444 "POST /wd/hub/session/9be8c1aa68ba25175154757d50bb5f31/execute/sync HTTP/1.1" 200 0
DEBUG    selenium.webdriver.remote.remote_connection:remote_connection.py:329 Remote response: status=200 | data={"value":true} | headers=HTTPHeaderDEBUG    urllib3.connectionpool:connectionpool.py:544 http://selenium-hub:4444 "POST /wd/hub/session/c25c0b26e99c8e37c896a9fd3f30a3e9/element/f.F75BFE6DFF7A534D6CD4AEB401685FE4.d.77C609936855048EB94F418E36493A5C.e.39/clear HTTP/1.1" 200 0
DEBUG    selenium.webdriver.remote.remote_connection:remote_connection.py:329 Remote response: status=200 | data={"value":null} | headers=HTTPHeaderDict({'content-length': '14', 'content-type': 'application/json; chDEBUG    urllib3.connectionpool:connectionpool.py:544 http://selenium-hub:4444 "POST /wd/hub/session/9be8c1aa68ba25175154757d50bb5f31/element/f.63B823F5F932B18CEF0487356FDD0014.d.D73C794E0A517EC1AD39918C00504A79.e.45/clear HTTP/1.1" 200 0
DEBUG    selenium.webdriver.remote.remote_connection:remote_connection.py:329 Remote response: status=200 | data={"value":null} | headers=HTTPHeaderDict({'content-length':DEBUG    urllib3.connectionpool:connectionpool.py:544 http://selenium-hub:4444 "POST /wd/hub/session/c25c0b26e99c8e37c896a9fd3f30a3e9/element/f.F75BFE6DFF7A534D6CD4AEB401685FE4.d.77C609936855048EB94F418E36493A5C.e.39/value HTTP/1.1" 200 0
DEBUG    selenium.webdriver.remote.remote_connection:remote_connection.py:329 Remote response: status=200 | data={"value":null} | headers=HTTPHeaderDict({'content-length': '14', 'content-type': 'application/json; charset=utf-8', 'cache-controlDEBUG    urllib3.connectionpool:connectionpool.py:544 http://selenium-hub:4444 "POST /wd/hub/session/9be8c1aa68ba25175154757d50bb5f31/element/f.63B823F5F932B18CEF0487356FDD0014.d.D73C794E0A517EC1AD39918C00504A79.e.45/value HTTP/1.1" 200 0
DEBUG    selenium.webdriver.remote.remote_connection:remote_connection.py:329 Remote response: status=200 | data={"value":null} | headers=HTTPHeaderDict({'content-length': '14', 'content-type': 'application/json; charset=utf-8', 'cache-control': 'no-cache'})
DEBUG    selenium.webdriver.remote.remote_connection:remote_connection.py:356 Finished Request
DEBUG    selenium.webdriver.remote.remote_connection:remote_connection.py:313 POST http://selenium-hub:4444/wd/hub/session/9be8c1aa68ba25175154757d50bb5f31/element {"using": "css selector", "value": "[data-testid='login-submit']"}
DEBUG    urllib3.connectionpool:connectionpool.py:544 http://selenium-hub:4444 "POST /wd/hub/session/9be8c1aa68ba25175154757d50bb5f31/element HTTP/1.1" 200 0
DEBUG    selenium.webdriver.remote.remote_connection:remote_connection.py:329 Remote response: status=200 | data={"value":{"element-6066-11e4-a52e-4f735466cecf":"f.63B823F5F932B18CEF0487356FDD0014.d.D73C794E0A517EC1AD39918C00504A79.e.46"}} | headers=HTTPHeaderDict({'content-length': '126', 'content-type': 'application/json; charset=utf-8', 'cache-control': 'no-cache'})
DEBUG    selenium.webdriver.remote.remote_connection:remote_connection.py:356 Finished Request
DEBUG    selenium.webdriver.remote.remote_connection:remote_connection.py:313 POST http://selenium-hub:4444/wd/hub/session/9be8c1aa68ba25175154757d50bb5f31/execute/sync {"script": "/* isDisplayed */return (function(){return (function(){var k=this||self;function aa(a){return\"string\"==typeof a}function ba(a,b){a=a.split(\".\");var c=k;a[0]in c||\"undefined\"==typeof c.execScript||c.execScript(\"var \"+a[0]);for(var d;a.length&&(d=a.shift());)a.length||void 0===b?c[d]&&c[d]!==Object.prototype[d]?c=c[d]:c=c[d]={}:c[d]=b}\nfunction ca(a){var b=typeof a;if(\"object\"==b)if(a){if(a instanceof Array)return\"array\";if(a instanceof Object)return b;var c=Object.prototype.toString.call(a);if(\"[object Window]\"==c)return\"object\";if(\"[object Array]\"==c||\"number\"==typeof a.length&&\"undefined\"!=typeof a.splice&&\"undefined\"!=typeof a.propertyIsEnumerable&&!a.propertyIsEnumerable(\"splice\"))return\"array\";if(\"[object Function]\"==c||\"undefined\"!=typeof a.call&&\"undefined\"!=typeof a.propertyIsEnumerable&&!a.propertyIsEnumerable(\"call\"))return\"function\"}else return\"null\";\nelse if(\"function\"==b&&\"undefined\"==typeof a.call)return\"object\";return b}function da(a,b,c){return a.call.apply(a.bind,arguments)}function ea(a,b,c){if(!a)throw Error();if(2<arguments.length){var d=Array.prototype.slice.call(arguments,2);return function(){var e=Array.prototype.slice.call(arguments);Array.prototype.unshift.apply(e,d);return a.apply(b,e)}}return function(){return a.apply(b,arguments)}}\nfunction fa(a,b,c){Function.prototype.bind&&-1!=Function.prototype.bind.toString().indexOf(\"native code\")?fa=da:fa=ea;return fa.apply(null,arguments)}function ha(a,b){var c=Array.prototype.slice.call(arguments,1);return function(){var d=c.slice();d.push.apply(d,arguments);return a.apply(this,d)}}function l(a,b){function c(){}c.prototype=b.prototype;a.prototype=new c;a.prototype.constructor=a};/*\n\n The MIT License\n\n Copyright (c) 2007 Cybozu Labs, Inc.\n Copyright (c) 2012 Google Inc.\n\n Permission is hereby granted, free of charge, to any person obtaining a copy\n of this software and associated documentation files (the \"Software\"), to\n deal in the Software without restriction, including without limitation the\n rights to use, copy, modify, merge, publish, distribute, sublicense, and/or\n sell copies of the Software, and to permit persons to whom the Software is\n furnished to do so, subject to the following conditions:\n\n The above copyright notice and this permission notice shall be included in\n all copies or substantial portions of the Software.\n\n THE SOFTWARE IS PROVIDED \"AS IS\", WITHOUT WARRANTY OF ANY KIND, EXPRESS OR\n IMPLIED, INCLUDING BUT NOT LIMITED TO THE WARRANTIES OF MERCHANTABILITY,\n FITNESS FOR A PARTICULAR PURPOSE AND NONINFRINGEMENT. IN NO EVENT SHALL THE\n AUTHORS OR COPYRIGHT HOLDERS BE LIABLE FOR ANY CLAIM, DAMAGES OR OTHER\n LIABILITY, WHETHER IN AN ACTION OF CONTRACT, TORT OR OTHERWISE, ARISING\n FROM, OUT OF OR IN CONNECTION WITH THE SOFTWARE OR THE USE OR OTHER DEALINGS\n IN THE SOFTWARE.\n*/\nfunction ia(a,b,c){this.a=a;this.b=b||1;this.f=c||1};var ja=Array.prototype.indexOf?function(a,b){return Array.prototype.indexOf.call(a,b,void 0)}:function(a,b){if(\"string\"===typeof a)return\"string\"!==typeof b||1!=b.length?-1:a.indexOf(b,0);for(var c=0;c<a.length;c++)if(c in a&&a[c]===b)return c;return-1},n=Array.prototype.forEach?function(a,b){Array.prototype.forEach.call(a,b,void 0)}:function(a,b){for(var c=a.length,d=\"string\"===typeof a?a.split(\"\"):a,e=0;e<c;e++)e in d&&b.call(void 0,d[e],e,a)},ka=Array.prototype.filter?function(a,b){return Array.prototype.filter.call(a,\nb,void 0)}:function(a,b){for(var c=a.length,d=[],e=0,f=\"string\"===typeof a?a.split(\"\"):a,g=0;g<c;g++)if(g in f){var h=f[g];b.call(void 0,h,g,a)&&(d[e++]=h)}return d},la=Array.prototype.reduce?function(a,b,c){return Array.prototype.reduce.call(a,b,c)}:function(a,b,c){var d=c;n(a,function(e,f){d=b.call(void 0,d,e,f,a)});return d},ma=Array.prototype.some?function(a,b){return Array.prototype.some.call(a,b,void 0)}:function(a,b){for(var c=a.length,d=\"string\"===typeof a?a.split(\"\"):a,e=0;e<c;e++)if(e in\nd&&b.call(void 0,d[e],e,a))return!0;return!1},na=Array.prototype.every?function(a,b){return Array.prototype.every.call(a,b,void 0)}:function(a,b){for(var c=a.length,d=\"string\"===typeof a?a.split(\"\"):a,e=0;e<c;e++)if(e in d&&!b.call(void 0,d[e],e,a))return!1;return!0};function oa(a,b){a:{for(var c=a.length,d=\"string\"===typeof a?a.split(\"\"):a,e=0;e<c;e++)if(e in d&&b.call(void 0,d[e],e,a)){b=e;break a}b=-1}return 0>b?null:\"string\"===typeof a?a.charAt(b):a[b]}\nfunction pa(a){return Array.prototype.concat.apply([],arguments)}function qa(a,b,c){return 2>=arguments.length?Array.prototype.slice.call(a,b):Array.prototype.slice.call(a,b,c)};var ra=String.prototype.trim?function(a){return a.trim()}:function(a){return/^[\\s\\xa0]*([\\s\\S]*?)[\\s\\xa0]*$/.exec(a)[1]};function sa(a,b){return a<b?-1:a>b?1:0};var t;a:{var ta=k.navigator;if(ta){var ua=ta.userAgent;if(ua){t=ua;break a}}t=\"\"}function u(a){return-1!=t.indexOf(a)};function va(){return u(\"Firefox\")||u(\"FxiOS\")}function wa(){return(u(\"Chrome\")||u(\"CriOS\"))&&!u(\"Edge\")};function xa(a){return String(a).replace(/\\-([a-z])/g,function(b,c){return c.toUpperCase()})};function ya(){return u(\"iPhone\")&&!u(\"iPod\")&&!u(\"iPad\")};function za(a,b){var c=Aa;return Object.prototype.hasOwnProperty.call(c,a)?c[a]:c[a]=b(a)};var Ba=u(\"Opera\"),v=u(\"Trident\")||u(\"MSIE\"),Ca=u(\"Edge\"),Da=u(\"Gecko\")&&!(-1!=t.toLowerCase().indexOf(\"webkit\")&&!u(\"Edge\"))&&!(u(\"Trident\")||u(\"MSIE\"))&&!u(\"Edge\"),Ea=-1!=t.toLowerCase().indexOf(\"webkit\")&&!u(\"Edge\");function Fa(){var a=k.document;return a?a.documentMode:void 0}var Ga;\na:{var Ha=\"\",Ia=function(){var a=t;if(Da)return/rv:([^\\);]+)(\\)|;)/.exec(a);if(Ca)return/Edge\\/([\\d\\.]+)/.exec(a);if(v)return/\\b(?:MSIE|rv)[: ]([^\\);]+)(\\)|;)/.exec(a);if(Ea)return/WebKit\\/(\\S+)/.exec(a);if(Ba)return/(?:Version)[ \\/]?(\\S+)/.exec(a)}();Ia&&(Ha=Ia?Ia[1]:\"\");if(v){var Ja=Fa();if(null!=Ja&&Ja>parseFloat(Ha)){Ga=String(Ja);break a}}Ga=Ha}var Aa={};\nfunction Ka(a){return za(a,function(){for(var b=0,c=ra(String(Ga)).split(\".\"),d=ra(String(a)).split(\".\"),e=Math.max(c.length,d.length),f=0;0==b&&f<e;f++){var g=c[f]||\"\",h=d[f]||\"\";do{g=/(\\d*)(\\D*)(.*)/.exec(g)||[\"\",\"\",\"\",\"\"];h=/(\\d*)(\\D*)(.*)/.exec(h)||[\"\",\"\",\"\",\"\"];if(0==g[0].length&&0==h[0].length)break;b=sa(0==g[1].length?0:parseInt(g[1],10),0==h[1].length?0:parseInt(h[1],10))||sa(0==g[2].length,0==h[2].length)||sa(g[2],h[2]);g=g[3];h=h[3]}while(0==b)}return 0<=b})}var La;\nLa=k.document&&v?Fa():void 0;var x=v&&!(9<=Number(La)),Ma=v&&!(8<=Number(La));function Na(a,b,c,d){this.a=a;this.nodeName=c;this.nodeValue=d;this.nodeType=2;this.parentNode=this.ownerElement=b}function Oa(a,b){var c=Ma&&\"href\"==b.nodeName?a.getAttribute(b.nodeName,2):b.nodeValue;return new Na(b,a,b.nodeName,c)};function Pa(a){this.b=a;this.a=0}function Qa(a){a=a.match(Ra);for(var b=0;b<a.length;b++)Sa.test(a[b])&&a.splice(b,1);return new Pa(a)}var Ra=/\\$?(?:(?![0-9-\\.])(?:\\*|[\\w-\\.]+):)?(?![0-9-\\.])(?:\\*|[\\w-\\.]+)|\\/\\/|\\.\\.|::|\\d+(?:\\.\\d*)?|\\.\\d+|\"[^\"]*\"|'[^']*'|[!<>]=|\\s+|./g,Sa=/^\\s/;function y(a,b){return a.b[a.a+(b||0)]}function z(a){return a.b[a.a++]}function Ta(a){return a.b.length<=a.a};function Ua(a,b){this.x=void 0!==a?a:0;this.y=void 0!==b?b:0}Ua.prototype.ceil=function(){this.x=Math.ceil(this.x);this.y=Math.ceil(this.y);return this};Ua.prototype.floor=function(){this.x=Math.floor(this.x);this.y=Math.floor(this.y);return this};Ua.prototype.round=function(){this.x=Math.round(this.x);this.y=Math.round(this.y);return this};function Va(a,b){this.width=a;this.height=b}Va.prototype.aspectRatio=function(){return this.width/this.height};Va.prototype.ceil=function(){this.width=Math.ceil(this.width);this.height=Math.ceil(this.height);return this};Va.prototype.floor=function(){this.width=Math.floor(this.width);this.height=Math.floor(this.height);return this};Va.prototype.round=function(){this.width=Math.round(this.width);this.height=Math.round(this.height);return this};function Wa(a,b){if(!a||!b)return!1;if(a.contains&&1==b.nodeType)return a==b||a.contains(b);if(\"undefined\"!=typeof a.compareDocumentPosition)return a==b||!!(a.compareDocumentPosition(b)&16);for(;b&&a!=b;)b=b.parentNode;return b==a}\nfunction Xa(a,b){if(a==b)return 0;if(a.compareDocumentPosition)return a.compareDocumentPosition(b)&2?1:-1;if(v&&!(9<=Number(La))){if(9==a.nodeType)return-1;if(9==b.nodeType)return 1}if(\"sourceIndex\"in a||a.parentNode&&\"sourceIndex\"in a.parentNode){var c=1==a.nodeType,d=1==b.nodeType;if(c&&d)return a.sourceIndex-b.sourceIndex;var e=a.parentNode,f=b.parentNode;return e==f?Ya(a,b):!c&&Wa(e,b)?-1*Za(a,b):!d&&Wa(f,a)?Za(b,a):(c?a.sourceIndex:e.sourceIndex)-(d?b.sourceIndex:f.sourceIndex)}d=A(a);c=d.createRange();\nc.selectNode(a);c.collapse(!0);a=d.createRange();a.selectNode(b);a.collapse(!0);return c.compareBoundaryPoints(k.Range.START_TO_END,a)}function Za(a,b){var c=a.parentNode;if(c==b)return-1;for(;b.parentNode!=c;)b=b.parentNode;return Ya(b,a)}function Ya(a,b){for(;b=b.previousSibling;)if(b==a)return-1;return 1}function A(a){return 9==a.nodeType?a:a.ownerDocument||a.document}function $a(a,b){a&&(a=a.parentNode);for(var c=0;a;){if(b(a))return a;a=a.parentNode;c++}return null}\nfunction ab(a){this.a=a||k.document||document}ab.prototype.getElementsByTagName=function(a,b){return(b||this.a).getElementsByTagName(String(a))};function B(a){var b=null,c=a.nodeType;1==c&&(b=a.textContent,b=void 0==b||null==b?a.innerText:b,b=void 0==b||null==b?\"\":b);if(\"string\"!=typeof b)if(x&&\"title\"==a.nodeName.toLowerCase()&&1==c)b=a.text;else if(9==c||1==c){a=9==c?a.documentElement:a.firstChild;c=0;var d=[];for(b=\"\";a;){do 1!=a.nodeType&&(b+=a.nodeValue),x&&\"title\"==a.nodeName.toLowerCase()&&(b+=a.text),d[c++]=a;while(a=a.firstChild);for(;c&&!(a=d[--c].nextSibling););}}else b=a.nodeValue;return b}\nfunction C(a,b,c){if(null===b)return!0;try{if(!a.getAttribute)return!1}catch(d){return!1}Ma&&\"class\"==b&&(b=\"className\");return null==c?!!a.getAttribute(b):a.getAttribute(b,2)==c}function bb(a,b,c,d,e){return(x?cb:db).call(null,a,b,aa(c)?c:null,aa(d)?d:null,e||new E)}\nfunction cb(a,b,c,d,e){if(a instanceof F||8==a.b||c&&null===a.b){var f=b.all;if(!f)return e;a=eb(a);if(\"*\"!=a&&(f=b.getElementsByTagName(a),!f))return e;if(c){for(var g=[],h=0;b=f[h++];)C(b,c,d)&&g.push(b);f=g}for(h=0;b=f[h++];)\"*\"==a&&\"!\"==b.tagName||e.add(b);return e}gb(a,b,c,d,e);return e}\nfunction db(a,b,c,d,e){b.getElementsByName&&d&&\"name\"==c&&!v?(b=b.getElementsByName(d),n(b,function(f){a.a(f)&&e.add(f)})):b.getElementsByClassName&&d&&\"class\"==c?(b=b.getElementsByClassName(d),n(b,function(f){f.className==d&&a.a(f)&&e.add(f)})):a instanceof G?gb(a,b,c,d,e):b.getElementsByTagName&&(b=b.getElementsByTagName(a.f()),n(b,function(f){C(f,c,d)&&e.add(f)}));return e}\nfunction hb(a,b,c,d,e){var f;if((a instanceof F||8==a.b||c&&null===a.b)&&(f=b.childNodes)){var g=eb(a);if(\"*\"!=g&&(f=ka(f,function(h){return h.tagName&&h.tagName.toLowerCase()==g}),!f))return e;c&&(f=ka(f,function(h){return C(h,c,d)}));n(f,function(h){\"*\"==g&&(\"!\"==h.tagName||\"*\"==g&&1!=h.nodeType)||e.add(h)});return e}return ib(a,b,c,d,e)}function ib(a,b,c,d,e){for(b=b.firstChild;b;b=b.nextSibling)C(b,c,d)&&a.a(b)&&e.add(b);return e}\nfunction gb(a,b,c,d,e){for(b=b.firstChild;b;b=b.nextSibling)C(b,c,d)&&a.a(b)&&e.add(b),gb(a,b,c,d,e)}function eb(a){if(a instanceof G){if(8==a.b)return\"!\";if(null===a.b)return\"*\"}return a.f()};function E(){this.b=this.a=null;this.l=0}function jb(a){this.f=a;this.a=this.b=null}function kb(a,b){if(!a.a)return b;if(!b.a)return a;var c=a.a;b=b.a;for(var d=null,e,f=0;c&&b;){e=c.f;var g=b.f;e==g||e instanceof Na&&g instanceof Na&&e.a==g.a?(e=c,c=c.a,b=b.a):0<Xa(c.f,b.f)?(e=b,b=b.a):(e=c,c=c.a);(e.b=d)?d.a=e:a.a=e;d=e;f++}for(e=c||b;e;)e.b=d,d=d.a=e,f++,e=e.a;a.b=d;a.l=f;return a}function lb(a,b){b=new jb(b);b.a=a.a;a.b?a.a.b=b:a.a=a.b=b;a.a=b;a.l++}\nE.prototype.add=function(a){a=new jb(a);a.b=this.b;this.a?this.b.a=a:this.a=this.b=a;this.b=a;this.l++};function mb(a){return(a=a.a)?a.f:null}function nb(a){return(a=mb(a))?B(a):\"\"}function H(a,b){return new ob(a,!!b)}function ob(a,b){this.f=a;this.b=(this.s=b)?a.b:a.a;this.a=null}function I(a){var b=a.b;if(null==b)return null;var c=a.a=b;a.b=a.s?b.b:b.a;return c.f};function J(a){this.i=a;this.b=this.g=!1;this.f=null}function K(a){return\"\\n  \"+a.toString().split(\"\\n\").join(\"\\n  \")}function pb(a,b){a.g=b}function qb(a,b){a.b=b}function N(a,b){a=a.a(b);return a instanceof E?+nb(a):+a}function O(a,b){a=a.a(b);return a instanceof E?nb(a):\"\"+a}function rb(a,b){a=a.a(b);return a instanceof E?!!a.l:!!a};function sb(a,b,c){J.call(this,a.i);this.c=a;this.h=b;this.o=c;this.g=b.g||c.g;this.b=b.b||c.b;this.c==tb&&(c.b||c.g||4==c.i||0==c.i||!b.f?b.b||b.g||4==b.i||0==b.i||!c.f||(this.f={name:c.f.name,u:b}):this.f={name:b.f.name,u:c})}l(sb,J);\nfunction ub(a,b,c,d,e){b=b.a(d);c=c.a(d);var f;if(b instanceof E&&c instanceof E){b=H(b);for(d=I(b);d;d=I(b))for(e=H(c),f=I(e);f;f=I(e))if(a(B(d),B(f)))return!0;return!1}if(b instanceof E||c instanceof E){b instanceof E?(e=b,d=c):(e=c,d=b);f=H(e);for(var g=typeof d,h=I(f);h;h=I(f)){switch(g){case \"number\":h=+B(h);break;case \"boolean\":h=!!B(h);break;case \"string\":h=B(h);break;default:throw Error(\"Illegal primitive type for comparison.\");}if(e==b&&a(h,d)||e==c&&a(d,h))return!0}return!1}return e?\"boolean\"==\ntypeof b||\"boolean\"==typeof c?a(!!b,!!c):\"number\"==typeof b||\"number\"==typeof c?a(+b,+c):a(b,c):a(+b,+c)}sb.prototype.a=function(a){return this.c.m(this.h,this.o,a)};sb.prototype.toString=function(){var a=\"Binary Expression: \"+this.c;a+=K(this.h);return a+=K(this.o)};function vb(a,b,c,d){this.I=a;this.D=b;this.i=c;this.m=d}vb.prototype.toString=function(){return this.I};var wb={};\nfunction P(a,b,c,d){if(wb.hasOwnProperty(a))throw Error(\"Binary operator already created: \"+a);a=new vb(a,b,c,d);return wb[a.toString()]=a}P(\"div\",6,1,function(a,b,c){return N(a,c)/N(b,c)});P(\"mod\",6,1,function(a,b,c){return N(a,c)%N(b,c)});P(\"*\",6,1,function(a,b,c){return N(a,c)*N(b,c)});P(\"+\",5,1,function(a,b,c){return N(a,c)+N(b,c)});P(\"-\",5,1,function(a,b,c){return N(a,c)-N(b,c)});P(\"<\",4,2,function(a,b,c){return ub(function(d,e){return d<e},a,b,c)});\nP(\">\",4,2,function(a,b,c){return ub(function(d,e){return d>e},a,b,c)});P(\"<=\",4,2,function(a,b,c){return ub(function(d,e){return d<=e},a,b,c)});P(\">=\",4,2,function(a,b,c){return ub(function(d,e){return d>=e},a,b,c)});var tb=P(\"=\",3,2,function(a,b,c){return ub(function(d,e){return d==e},a,b,c,!0)});P(\"!=\",3,2,function(a,b,c){return ub(function(d,e){return d!=e},a,b,c,!0)});P(\"and\",2,2,function(a,b,c){return rb(a,c)&&rb(b,c)});P(\"or\",1,2,function(a,b,c){return rb(a,c)||rb(b,c)});function xb(a,b){if(b.a.length&&4!=a.i)throw Error(\"Primary expression must evaluate to nodeset if filter has predicate(s).\");J.call(this,a.i);this.c=a;this.h=b;this.g=a.g;this.b=a.b}l(xb,J);xb.prototype.a=function(a){a=this.c.a(a);return yb(this.h,a)};xb.prototype.toString=function(){var a=\"Filter:\"+K(this.c);return a+=K(this.h)};function zb(a,b){if(b.length<a.C)throw Error(\"Function \"+a.j+\" expects at least\"+a.C+\" arguments, \"+b.length+\" given\");if(null!==a.B&&b.length>a.B)throw Error(\"Function \"+a.j+\" expects at most \"+a.B+\" arguments, \"+b.length+\" given\");a.H&&n(b,function(c,d){if(4!=c.i)throw Error(\"Argument \"+d+\" to function \"+a.j+\" is not of type Nodeset: \"+c);});J.call(this,a.i);this.v=a;this.c=b;pb(this,a.g||ma(b,function(c){return c.g}));qb(this,a.G&&!b.length||a.F&&!!b.length||ma(b,function(c){return c.b}))}\nl(zb,J);zb.prototype.a=function(a){return this.v.m.apply(null,pa(a,this.c))};zb.prototype.toString=function(){var a=\"Function: \"+this.v;if(this.c.length){var b=la(this.c,function(c,d){return c+K(d)},\"Arguments:\");a+=K(b)}return a};function Ab(a,b,c,d,e,f,g,h){this.j=a;this.i=b;this.g=c;this.G=d;this.F=!1;this.m=e;this.C=f;this.B=void 0!==g?g:f;this.H=!!h}Ab.prototype.toString=function(){return this.j};var Bb={};\nfunction Q(a,b,c,d,e,f,g,h){if(Bb.hasOwnProperty(a))throw Error(\"Function already created: \"+a+\".\");Bb[a]=new Ab(a,b,c,d,e,f,g,h)}Q(\"boolean\",2,!1,!1,function(a,b){return rb(b,a)},1);Q(\"ceiling\",1,!1,!1,function(a,b){return Math.ceil(N(b,a))},1);Q(\"concat\",3,!1,!1,function(a,b){return la(qa(arguments,1),function(c,d){return c+O(d,a)},\"\")},2,null);Q(\"contains\",2,!1,!1,function(a,b,c){b=O(b,a);a=O(c,a);return-1!=b.indexOf(a)},2);Q(\"count\",1,!1,!1,function(a,b){return b.a(a).l},1,1,!0);\nQ(\"false\",2,!1,!1,function(){return!1},0);Q(\"floor\",1,!1,!1,function(a,b){return Math.floor(N(b,a))},1);Q(\"id\",4,!1,!1,function(a,b){function c(h){if(x){var m=e.all[h];if(m){if(m.nodeType&&h==m.id)return m;if(m.length)return oa(m,function(w){return h==w.id})}return null}return e.getElementById(h)}var d=a.a,e=9==d.nodeType?d:d.ownerDocument;a=O(b,a).split(/\\s+/);var f=[];n(a,function(h){h=c(h);!h||0<=ja(f,h)||f.push(h)});f.sort(Xa);var g=new E;n(f,function(h){g.add(h)});return g},1);\nQ(\"lang\",2,!1,!1,function(){return!1},1);Q(\"last\",1,!0,!1,function(a){if(1!=arguments.length)throw Error(\"Function last expects ()\");return a.f},0);Q(\"local-name\",3,!1,!0,function(a,b){return(a=b?mb(b.a(a)):a.a)?a.localName||a.nodeName.toLowerCase():\"\"},0,1,!0);Q(\"name\",3,!1,!0,function(a,b){return(a=b?mb(b.a(a)):a.a)?a.nodeName.toLowerCase():\"\"},0,1,!0);Q(\"namespace-uri\",3,!0,!1,function(){return\"\"},0,1,!0);\nQ(\"normalize-space\",3,!1,!0,function(a,b){return(b?O(b,a):B(a.a)).replace(/[\\s\\xa0]+/g,\" \").replace(/^\\s+|\\s+$/g,\"\")},0,1);Q(\"not\",2,!1,!1,function(a,b){return!rb(b,a)},1);Q(\"number\",1,!1,!0,function(a,b){return b?N(b,a):+B(a.a)},0,1);Q(\"position\",1,!0,!1,function(a){return a.b},0);Q(\"round\",1,!1,!1,function(a,b){return Math.round(N(b,a))},1);Q(\"starts-with\",2,!1,!1,function(a,b,c){b=O(b,a);a=O(c,a);return 0==b.lastIndexOf(a,0)},2);Q(\"string\",3,!1,!0,function(a,b){return b?O(b,a):B(a.a)},0,1);\nQ(\"string-length\",1,!1,!0,function(a,b){return(b?O(b,a):B(a.a)).length},0,1);Q(\"substring\",3,!1,!1,function(a,b,c,d){c=N(c,a);if(isNaN(c)||Infinity==c||-Infinity==c)return\"\";d=d?N(d,a):Infinity;if(isNaN(d)||-Infinity===d)return\"\";c=Math.round(c)-1;var e=Math.max(c,0);a=O(b,a);return Infinity==d?a.substring(e):a.substring(e,c+Math.round(d))},2,3);Q(\"substring-after\",3,!1,!1,function(a,b,c){b=O(b,a);a=O(c,a);c=b.indexOf(a);return-1==c?\"\":b.substring(c+a.length)},2);\nQ(\"substring-before\",3,!1,!1,function(a,b,c){b=O(b,a);a=O(c,a);a=b.indexOf(a);return-1==a?\"\":b.substring(0,a)},2);Q(\"sum\",1,!1,!1,function(a,b){a=H(b.a(a));b=0;for(var c=I(a);c;c=I(a))b+=+B(c);return b},1,1,!0);Q(\"translate\",3,!1,!1,function(a,b,c,d){b=O(b,a);c=O(c,a);var e=O(d,a);a={};for(d=0;d<c.length;d++){var f=c.charAt(d);f in a||(a[f]=e.charAt(d))}c=\"\";for(d=0;d<b.length;d++)f=b.charAt(d),c+=f in a?a[f]:f;return c},3);Q(\"true\",2,!1,!1,function(){return!0},0);function G(a,b){this.h=a;this.c=void 0!==b?b:null;this.b=null;switch(a){case \"comment\":this.b=8;break;case \"text\":this.b=3;break;case \"processing-instruction\":this.b=7;break;case \"node\":break;default:throw Error(\"Unexpected argument\");}}function Cb(a){return\"comment\"==a||\"text\"==a||\"processing-instruction\"==a||\"node\"==a}G.prototype.a=function(a){return null===this.b||this.b==a.nodeType};G.prototype.f=function(){return this.h};\nG.prototype.toString=function(){var a=\"Kind Test: \"+this.h;null===this.c||(a+=K(this.c));return a};function Db(a){J.call(this,3);this.c=a.substring(1,a.length-1)}l(Db,J);Db.prototype.a=function(){return this.c};Db.prototype.toString=function(){return\"Literal: \"+this.c};function F(a,b){this.j=a.toLowerCase();a=\"*\"==this.j?\"*\":\"http://www.w3.org/1999/xhtml\";this.c=b?b.toLowerCase():a}F.prototype.a=function(a){var b=a.nodeType;if(1!=b&&2!=b)return!1;b=void 0!==a.localName?a.localName:a.nodeName;return\"*\"!=this.j&&this.j!=b.toLowerCase()?!1:\"*\"==this.c?!0:this.c==(a.namespaceURI?a.namespaceURI.toLowerCase():\"http://www.w3.org/1999/xhtml\")};F.prototype.f=function(){return this.j};\nF.prototype.toString=function(){return\"Name Test: \"+(\"http://www.w3.org/1999/xhtml\"==this.c?\"\":this.c+\":\")+this.j};function Eb(a){J.call(this,1);this.c=a}l(Eb,J);Eb.prototype.a=function(){return this.c};Eb.prototype.toString=function(){return\"Number: \"+this.c};function Fb(a,b){J.call(this,a.i);this.h=a;this.c=b;this.g=a.g;this.b=a.b;1==this.c.length&&(a=this.c[0],a.A||a.c!=Gb||(a=a.o,\"*\"!=a.f()&&(this.f={name:a.f(),u:null})))}l(Fb,J);function Hb(){J.call(this,4)}l(Hb,J);Hb.prototype.a=function(a){var b=new E;a=a.a;9==a.nodeType?b.add(a):b.add(a.ownerDocument);return b};Hb.prototype.toString=function(){return\"Root Helper Expression\"};function Ib(){J.call(this,4)}l(Ib,J);Ib.prototype.a=function(a){var b=new E;b.add(a.a);return b};Ib.prototype.toString=function(){return\"Context Helper Expression\"};\nfunction Jb(a){return\"/\"==a||\"//\"==a}Fb.prototype.a=function(a){var b=this.h.a(a);if(!(b instanceof E))throw Error(\"Filter expression must evaluate to nodeset.\");a=this.c;for(var c=0,d=a.length;c<d&&b.l;c++){var e=a[c],f=H(b,e.c.s);if(e.g||e.c!=Kb)if(e.g||e.c!=Lb){var g=I(f);for(b=e.a(new ia(g));null!=(g=I(f));)g=e.a(new ia(g)),b=kb(b,g)}else g=I(f),b=e.a(new ia(g));else{for(g=I(f);(b=I(f))&&(!g.contains||g.contains(b))&&b.compareDocumentPosition(g)&8;g=b);b=e.a(new ia(g))}}return b};\nFb.prototype.toString=function(){var a=\"Path Expression:\"+K(this.h);if(this.c.length){var b=la(this.c,function(c,d){return c+K(d)},\"Steps:\");a+=K(b)}return a};function Mb(a,b){this.a=a;this.s=!!b}\nfunction yb(a,b,c){for(c=c||0;c<a.a.length;c++)for(var d=a.a[c],e=H(b),f=b.l,g,h=0;g=I(e);h++){var m=a.s?f-h:h+1;g=d.a(new ia(g,m,f));if(\"number\"==typeof g)m=m==g;else if(\"string\"==typeof g||\"boolean\"==typeof g)m=!!g;else if(g instanceof E)m=0<g.l;else throw Error(\"Predicate.evaluate returned an unexpected type.\");if(!m){m=e;g=m.f;var w=m.a;if(!w)throw Error(\"Next must be called at least once before remove.\");var r=w.b;w=w.a;r?r.a=w:g.a=w;w?w.b=r:g.b=r;g.l--;m.a=null}}return b}\nMb.prototype.toString=function(){return la(this.a,function(a,b){return a+K(b)},\"Predicates:\")};function R(a,b,c,d){J.call(this,4);this.c=a;this.o=b;this.h=c||new Mb([]);this.A=!!d;b=this.h;b=0<b.a.length?b.a[0].f:null;a.J&&b&&(a=b.name,a=x?a.toLowerCase():a,this.f={name:a,u:b.u});a:{a=this.h;for(b=0;b<a.a.length;b++)if(c=a.a[b],c.g||1==c.i||0==c.i){a=!0;break a}a=!1}this.g=a}l(R,J);\nR.prototype.a=function(a){var b=a.a,c=this.f,d=null,e=null,f=0;c&&(d=c.name,e=c.u?O(c.u,a):null,f=1);if(this.A)if(this.g||this.c!=Nb)if(b=H((new R(Ob,new G(\"node\"))).a(a)),c=I(b))for(a=this.m(c,d,e,f);null!=(c=I(b));)a=kb(a,this.m(c,d,e,f));else a=new E;else a=bb(this.o,b,d,e),a=yb(this.h,a,f);else a=this.m(a.a,d,e,f);return a};R.prototype.m=function(a,b,c,d){a=this.c.v(this.o,a,b,c);return a=yb(this.h,a,d)};\nR.prototype.toString=function(){var a=\"Step:\"+K(\"Operator: \"+(this.A?\"//\":\"/\"));this.c.j&&(a+=K(\"Axis: \"+this.c));a+=K(this.o);if(this.h.a.length){var b=la(this.h.a,function(c,d){return c+K(d)},\"Predicates:\");a+=K(b)}return a};function Pb(a,b,c,d){this.j=a;this.v=b;this.s=c;this.J=d}Pb.prototype.toString=function(){return this.j};var Qb={};function S(a,b,c,d){if(Qb.hasOwnProperty(a))throw Error(\"Axis already created: \"+a);b=new Pb(a,b,c,!!d);return Qb[a]=b}\nS(\"ancestor\",function(a,b){for(var c=new E;b=b.parentNode;)a.a(b)&&lb(c,b);return c},!0);S(\"ancestor-or-self\",function(a,b){var c=new E;do a.a(b)&&lb(c,b);while(b=b.parentNode);return c},!0);\nvar Gb=S(\"attribute\",function(a,b){var c=new E,d=a.f();if(\"style\"==d&&x&&b.style)return c.add(new Na(b.style,b,\"style\",b.style.cssText)),c;var e=b.attributes;if(e)if(a instanceof G&&null===a.b||\"*\"==d)for(a=0;d=e[a];a++)x?d.nodeValue&&c.add(Oa(b,d)):c.add(d);else(d=e.getNamedItem(d))&&(x?d.nodeValue&&c.add(Oa(b,d)):c.add(d));return c},!1),Nb=S(\"child\",function(a,b,c,d,e){return(x?hb:ib).call(null,a,b,aa(c)?c:null,aa(d)?d:null,e||new E)},!1,!0);S(\"descendant\",bb,!1,!0);\nvar Ob=S(\"descendant-or-self\",function(a,b,c,d){var e=new E;C(b,c,d)&&a.a(b)&&e.add(b);return bb(a,b,c,d,e)},!1,!0),Kb=S(\"following\",function(a,b,c,d){var e=new E;do for(var f=b;f=f.nextSibling;)C(f,c,d)&&a.a(f)&&e.add(f),e=bb(a,f,c,d,e);while(b=b.parentNode);return e},!1,!0);S(\"following-sibling\",function(a,b){for(var c=new E;b=b.nextSibling;)a.a(b)&&c.add(b);return c},!1);S(\"namespace\",function(){return new E},!1);\nvar Rb=S(\"parent\",function(a,b){var c=new E;if(9==b.nodeType)return c;if(2==b.nodeType)return c.add(b.ownerElement),c;b=b.parentNode;a.a(b)&&c.add(b);return c},!1),Lb=S(\"preceding\",function(a,b,c,d){var e=new E,f=[];do f.unshift(b);while(b=b.parentNode);for(var g=1,h=f.length;g<h;g++){var m=[];for(b=f[g];b=b.previousSibling;)m.unshift(b);for(var w=0,r=m.length;w<r;w++)b=m[w],C(b,c,d)&&a.a(b)&&e.add(b),e=bb(a,b,c,d,e)}return e},!0,!0);\nS(\"preceding-sibling\",function(a,b){for(var c=new E;b=b.previousSibling;)a.a(b)&&lb(c,b);return c},!0);var Sb=S(\"self\",function(a,b){var c=new E;a.a(b)&&c.add(b);return c},!1);function Tb(a){J.call(this,1);this.c=a;this.g=a.g;this.b=a.b}l(Tb,J);Tb.prototype.a=function(a){return-N(this.c,a)};Tb.prototype.toString=function(){return\"Unary Expression: -\"+K(this.c)};function Ub(a){J.call(this,4);this.c=a;pb(this,ma(this.c,function(b){return b.g}));qb(this,ma(this.c,function(b){return b.b}))}l(Ub,J);Ub.prototype.a=function(a){var b=new E;n(this.c,function(c){c=c.a(a);if(!(c instanceof E))throw Error(\"Path expression must evaluate to NodeSet.\");b=kb(b,c)});return b};Ub.prototype.toString=function(){return la(this.c,function(a,b){return a+K(b)},\"Union Expression:\")};function Vb(a,b){this.a=a;this.b=b}function Yb(a){for(var b,c=[];;){T(a,\"Missing right hand side of binary expression.\");b=Zb(a);var d=z(a.a);if(!d)break;var e=(d=wb[d]||null)&&d.D;if(!e){a.a.a--;break}for(;c.length&&e<=c[c.length-1].D;)b=new sb(c.pop(),c.pop(),b);c.push(b,d)}for(;c.length;)b=new sb(c.pop(),c.pop(),b);return b}function T(a,b){if(Ta(a.a))throw Error(b);}function $b(a,b){a=z(a.a);if(a!=b)throw Error(\"Bad token, expected: \"+b+\" got: \"+a);}\nfunction ac(a){a=z(a.a);if(\")\"!=a)throw Error(\"Bad token: \"+a);}function bc(a){a=z(a.a);if(2>a.length)throw Error(\"Unclosed literal string\");return new Db(a)}\nfunction cc(a){var b=[];if(Jb(y(a.a))){var c=z(a.a);var d=y(a.a);if(\"/\"==c&&(Ta(a.a)||\".\"!=d&&\"..\"!=d&&\"@\"!=d&&\"*\"!=d&&!/(?![0-9])[\\w]/.test(d)))return new Hb;d=new Hb;T(a,\"Missing next location step.\");c=dc(a,c);b.push(c)}else{a:{c=y(a.a);d=c.charAt(0);switch(d){case \"$\":throw Error(\"Variable reference not allowed in HTML XPath\");case \"(\":z(a.a);c=Yb(a);T(a,'unclosed \"(\"');$b(a,\")\");break;case '\"':case \"'\":c=bc(a);break;default:if(isNaN(+c))if(!Cb(c)&&/(?![0-9])[\\w]/.test(d)&&\"(\"==y(a.a,1)){c=z(a.a);\nc=Bb[c]||null;z(a.a);for(d=[];\")\"!=y(a.a);){T(a,\"Missing function argument list.\");d.push(Yb(a));if(\",\"!=y(a.a))break;z(a.a)}T(a,\"Unclosed function argument list.\");ac(a);c=new zb(c,d)}else{c=null;break a}else c=new Eb(+z(a.a))}\"[\"==y(a.a)&&(d=new Mb(ec(a)),c=new xb(c,d))}if(c)if(Jb(y(a.a)))d=c;else return c;else c=dc(a,\"/\"),d=new Ib,b.push(c)}for(;Jb(y(a.a));)c=z(a.a),T(a,\"Missing next location step.\"),c=dc(a,c),b.push(c);return new Fb(d,b)}\nfunction dc(a,b){if(\"/\"!=b&&\"//\"!=b)throw Error('Step op should be \"/\" or \"//\"');if(\".\"==y(a.a)){var c=new R(Sb,new G(\"node\"));z(a.a);return c}if(\"..\"==y(a.a))return c=new R(Rb,new G(\"node\")),z(a.a),c;if(\"@\"==y(a.a)){var d=Gb;z(a.a);T(a,\"Missing attribute name\")}else if(\"::\"==y(a.a,1)){if(!/(?![0-9])[\\w]/.test(y(a.a).charAt(0)))throw Error(\"Bad token: \"+z(a.a));var e=z(a.a);d=Qb[e]||null;if(!d)throw Error(\"No axis with name: \"+e);z(a.a);T(a,\"Missing node name\")}else d=Nb;e=y(a.a);if(/(?![0-9])[\\w\\*]/.test(e.charAt(0)))if(\"(\"==\ny(a.a,1)){if(!Cb(e))throw Error(\"Invalid node type: \"+e);e=z(a.a);if(!Cb(e))throw Error(\"Invalid type name: \"+e);$b(a,\"(\");T(a,\"Bad nodetype\");var f=y(a.a).charAt(0),g=null;if('\"'==f||\"'\"==f)g=bc(a);T(a,\"Bad nodetype\");ac(a);e=new G(e,g)}else if(e=z(a.a),f=e.indexOf(\":\"),-1==f)e=new F(e);else{g=e.substring(0,f);if(\"*\"==g)var h=\"*\";else if(h=a.b(g),!h)throw Error(\"Namespace prefix not declared: \"+g);e=e.substr(f+1);e=new F(e,h)}else throw Error(\"Bad token: \"+z(a.a));a=new Mb(ec(a),d.s);return c||new R(d,\ne,a,\"//\"==b)}function ec(a){for(var b=[];\"[\"==y(a.a);){z(a.a);T(a,\"Missing predicate expression.\");var c=Yb(a);b.push(c);T(a,\"Unclosed predicate expression.\");$b(a,\"]\")}return b}function Zb(a){if(\"-\"==y(a.a))return z(a.a),new Tb(Zb(a));var b=cc(a);if(\"|\"!=y(a.a))a=b;else{for(b=[b];\"|\"==z(a.a);)T(a,\"Missing next union location path.\"),b.push(cc(a));a.a.a--;a=new Ub(b)}return a};function fc(a){switch(a.nodeType){case 1:return ha(gc,a);case 9:return fc(a.documentElement);case 11:case 10:case 6:case 12:return hc;default:return a.parentNode?fc(a.parentNode):hc}}function hc(){return null}function gc(a,b){if(a.prefix==b)return a.namespaceURI||\"http://www.w3.org/1999/xhtml\";var c=a.getAttributeNode(\"xmlns:\"+b);return c&&c.specified?c.value||null:a.parentNode&&9!=a.parentNode.nodeType?gc(a.parentNode,b):null};function ic(a,b){if(!a.length)throw Error(\"Empty XPath expression.\");a=Qa(a);if(Ta(a))throw Error(\"Invalid XPath expression.\");b?\"function\"==ca(b)||(b=fa(b.lookupNamespaceURI,b)):b=function(){return null};var c=Yb(new Vb(a,b));if(!Ta(a))throw Error(\"Bad token: \"+z(a));this.evaluate=function(d,e){d=c.a(new ia(d));return new U(d,e)}}\nfunction U(a,b){if(0==b)if(a instanceof E)b=4;else if(\"string\"==typeof a)b=2;else if(\"number\"==typeof a)b=1;else if(\"boolean\"==typeof a)b=3;else throw Error(\"Unexpected evaluation result.\");if(2!=b&&1!=b&&3!=b&&!(a instanceof E))throw Error(\"value could not be converted to the specified type\");this.resultType=b;switch(b){case 2:this.stringValue=a instanceof E?nb(a):\"\"+a;break;case 1:this.numberValue=a instanceof E?+nb(a):+a;break;case 3:this.booleanValue=a instanceof E?0<a.l:!!a;break;case 4:case 5:case 6:case 7:var c=\nH(a);var d=[];for(var e=I(c);e;e=I(c))d.push(e instanceof Na?e.a:e);this.snapshotLength=a.l;this.invalidIteratorState=!1;break;case 8:case 9:a=mb(a);this.singleNodeValue=a instanceof Na?a.a:a;break;default:throw Error(\"Unknown XPathResult type.\");}var f=0;this.iterateNext=function(){if(4!=b&&5!=b)throw Error(\"iterateNext called with wrong result type\");return f>=d.length?null:d[f++]};this.snapshotItem=function(g){if(6!=b&&7!=b)throw Error(\"snapshotItem called with wrong result type\");return g>=d.length||\n0>g?null:d[g]}}U.ANY_TYPE=0;U.NUMBER_TYPE=1;U.STRING_TYPE=2;U.BOOLEAN_TYPE=3;U.UNORDERED_NODE_ITERATOR_TYPE=4;U.ORDERED_NODE_ITERATOR_TYPE=5;U.UNORDERED_NODE_SNAPSHOT_TYPE=6;U.ORDERED_NODE_SNAPSHOT_TYPE=7;U.ANY_UNORDERED_NODE_TYPE=8;U.FIRST_ORDERED_NODE_TYPE=9;function jc(a){this.lookupNamespaceURI=fc(a)}\nfunction kc(a,b){a=a||k;var c=a.Document&&a.Document.prototype||a.document;if(!c.evaluate||b)a.XPathResult=U,c.evaluate=function(d,e,f,g){return(new ic(d,f)).evaluate(e,g)},c.createExpression=function(d,e){return new ic(d,e)},c.createNSResolver=function(d){return new jc(d)}}ba(\"wgxpath.install\",kc);ba(\"wgxpath.install\",kc);var lc={aliceblue:\"#f0f8ff\",antiquewhite:\"#faebd7\",aqua:\"#00ffff\",aquamarine:\"#7fffd4\",azure:\"#f0ffff\",beige:\"#f5f5dc\",bisque:\"#ffe4c4\",black:\"#000000\",blanchedalmond:\"#ffebcd\",blue:\"#0000ff\",blueviolet:\"#8a2be2\",brown:\"#a52a2a\",burlywood:\"#deb887\",cadetblue:\"#5f9ea0\",chartreuse:\"#7fff00\",chocolate:\"#d2691e\",coral:\"#ff7f50\",cornflowerblue:\"#6495ed\",cornsilk:\"#fff8dc\",crimson:\"#dc143c\",cyan:\"#00ffff\",darkblue:\"#00008b\",darkcyan:\"#008b8b\",darkgoldenrod:\"#b8860b\",darkgray:\"#a9a9a9\",darkgreen:\"#006400\",\ndarkgrey:\"#a9a9a9\",darkkhaki:\"#bdb76b\",darkmagenta:\"#8b008b\",darkolivegreen:\"#556b2f\",darkorange:\"#ff8c00\",darkorchid:\"#9932cc\",darkred:\"#8b0000\",darksalmon:\"#e9967a\",darkseagreen:\"#8fbc8f\",darkslateblue:\"#483d8b\",darkslategray:\"#2f4f4f\",darkslategrey:\"#2f4f4f\",darkturquoise:\"#00ced1\",darkviolet:\"#9400d3\",deeppink:\"#ff1493\",deepskyblue:\"#00bfff\",dimgray:\"#696969\",dimgrey:\"#696969\",dodgerblue:\"#1e90ff\",firebrick:\"#b22222\",floralwhite:\"#fffaf0\",forestgreen:\"#228b22\",fuchsia:\"#ff00ff\",gainsboro:\"#dcdcdc\",\nghostwhite:\"#f8f8ff\",gold:\"#ffd700\",goldenrod:\"#daa520\",gray:\"#808080\",green:\"#008000\",greenyellow:\"#adff2f\",grey:\"#808080\",honeydew:\"#f0fff0\",hotpink:\"#ff69b4\",indianred:\"#cd5c5c\",indigo:\"#4b0082\",ivory:\"#fffff0\",khaki:\"#f0e68c\",lavender:\"#e6e6fa\",lavenderblush:\"#fff0f5\",lawngreen:\"#7cfc00\",lemonchiffon:\"#fffacd\",lightblue:\"#add8e6\",lightcoral:\"#f08080\",lightcyan:\"#e0ffff\",lightgoldenrodyellow:\"#fafad2\",lightgray:\"#d3d3d3\",lightgreen:\"#90ee90\",lightgrey:\"#d3d3d3\",lightpink:\"#ffb6c1\",lightsalmon:\"#ffa07a\",\nlightseagreen:\"#20b2aa\",lightskyblue:\"#87cefa\",lightslategray:\"#778899\",lightslategrey:\"#778899\",lightsteelblue:\"#b0c4de\",lightyellow:\"#ffffe0\",lime:\"#00ff00\",limegreen:\"#32cd32\",linen:\"#faf0e6\",magenta:\"#ff00ff\",maroon:\"#800000\",mediumaquamarine:\"#66cdaa\",mediumblue:\"#0000cd\",mediumorchid:\"#ba55d3\",mediumpurple:\"#9370db\",mediumseagreen:\"#3cb371\",mediumslateblue:\"#7b68ee\",mediumspringgreen:\"#00fa9a\",mediumturquoise:\"#48d1cc\",mediumvioletred:\"#c71585\",midnightblue:\"#191970\",mintcream:\"#f5fffa\",mistyrose:\"#ffe4e1\",\nmoccasin:\"#ffe4b5\",navajowhite:\"#ffdead\",navy:\"#000080\",oldlace:\"#fdf5e6\",olive:\"#808000\",olivedrab:\"#6b8e23\",orange:\"#ffa500\",orangered:\"#ff4500\",orchid:\"#da70d6\",palegoldenrod:\"#eee8aa\",palegreen:\"#98fb98\",paleturquoise:\"#afeeee\",palevioletred:\"#db7093\",papayawhip:\"#ffefd5\",peachpuff:\"#ffdab9\",peru:\"#cd853f\",pink:\"#ffc0cb\",plum:\"#dda0dd\",powderblue:\"#b0e0e6\",purple:\"#800080\",red:\"#ff0000\",rosybrown:\"#bc8f8f\",royalblue:\"#4169e1\",saddlebrown:\"#8b4513\",salmon:\"#fa8072\",sandybrown:\"#f4a460\",seagreen:\"#2e8b57\",\nseashell:\"#fff5ee\",sienna:\"#a0522d\",silver:\"#c0c0c0\",skyblue:\"#87ceeb\",slateblue:\"#6a5acd\",slategray:\"#708090\",slategrey:\"#708090\",snow:\"#fffafa\",springgreen:\"#00ff7f\",steelblue:\"#4682b4\",tan:\"#d2b48c\",teal:\"#008080\",thistle:\"#d8bfd8\",tomato:\"#ff6347\",turquoise:\"#40e0d0\",violet:\"#ee82ee\",wheat:\"#f5deb3\",white:\"#ffffff\",whitesmoke:\"#f5f5f5\",yellow:\"#ffff00\",yellowgreen:\"#9acd32\"};var mc=\"backgroundColor borderTopColor borderRightColor borderBottomColor borderLeftColor color outlineColor\".split(\" \"),nc=/#([0-9a-fA-F])([0-9a-fA-F])([0-9a-fA-F])/,oc=/^#(?:[0-9a-f]{3}){1,2}$/i,pc=/^(?:rgba)?\\((\\d{1,3}),\\s?(\\d{1,3}),\\s?(\\d{1,3}),\\s?(0|1|0\\.\\d*)\\)$/i,qc=/^(?:rgb)?\\((0|[1-9]\\d{0,2}),\\s?(0|[1-9]\\d{0,2}),\\s?(0|[1-9]\\d{0,2})\\)$/i;function rc(a,b){this.code=a;this.a=V[a]||sc;this.message=b||\"\";a=this.a.replace(/((?:^|\\s+)[a-z])/g,function(c){return c.toUpperCase().replace(/^[\\s\\xa0]+/g,\"\")});b=a.length-5;if(0>b||a.indexOf(\"Error\",b)!=b)a+=\"Error\";this.name=a;a=Error(this.message);a.name=this.name;this.stack=a.stack||\"\"}l(rc,Error);var sc=\"unknown error\",V={15:\"element not selectable\",11:\"element not visible\"};V[31]=sc;V[30]=sc;V[24]=\"invalid cookie domain\";V[29]=\"invalid element coordinates\";V[12]=\"invalid element state\";\nV[32]=\"invalid selector\";V[51]=\"invalid selector\";V[52]=\"invalid selector\";V[17]=\"javascript error\";V[405]=\"unsupported operation\";V[34]=\"move target out of bounds\";V[27]=\"no such alert\";V[7]=\"no such element\";V[8]=\"no such frame\";V[23]=\"no such window\";V[28]=\"script timeout\";V[33]=\"session not created\";V[10]=\"stale element reference\";V[21]=\"timeout\";V[25]=\"unable to set cookie\";V[26]=\"unexpected alert open\";V[13]=sc;V[9]=\"unknown command\";var tc=va(),uc=ya()||u(\"iPod\"),vc=u(\"iPad\"),wc=u(\"Android\")&&!(wa()||va()||u(\"Opera\")||u(\"Silk\")),xc=wa(),yc=u(\"Safari\")&&!(wa()||u(\"Coast\")||u(\"Opera\")||u(\"Edge\")||u(\"Edg/\")||u(\"OPR\")||va()||u(\"Silk\")||u(\"Android\"))&&!(ya()||u(\"iPad\")||u(\"iPod\"));function zc(a){return(a=a.exec(t))?a[1]:\"\"}(function(){if(tc)return zc(/Firefox\\/([0-9.]+)/);if(v||Ca||Ba)return Ga;if(xc)return ya()||u(\"iPad\")||u(\"iPod\")?zc(/CriOS\\/([0-9.]+)/):zc(/Chrome\\/([0-9.]+)/);if(yc&&!(ya()||u(\"iPad\")||u(\"iPod\")))return zc(/Version\\/([0-9.]+)/);if(uc||vc){var a=/Version\\/(\\S+).*Mobile\\/(\\S+)/.exec(t);if(a)return a[1]+\".\"+a[2]}else if(wc)return(a=zc(/Android\\s+([0-9.]+)/))?a:zc(/Version\\/([0-9.]+)/);return\"\"})();var Ac=v&&!(9<=Number(La));function W(a,b){b&&\"string\"!==typeof b&&(b=b.toString());return!!a&&1==a.nodeType&&(!b||a.tagName.toUpperCase()==b)};var Bc=function(){var a={K:\"http://www.w3.org/2000/svg\"};return function(b){return a[b]||null}}();\nfunction Cc(a,b){var c=A(a);if(!c.documentElement)return null;(v||wc)&&kc(c?c.parentWindow||c.defaultView:window);try{var d=c.createNSResolver?c.createNSResolver(c.documentElement):Bc;if(v&&!Ka(7))return c.evaluate.call(c,b,a,d,9,null);if(!v||9<=Number(La)){for(var e={},f=c.getElementsByTagName(\"*\"),g=0;g<f.length;++g){var h=f[g],m=h.namespaceURI;if(m&&!e[m]){var w=h.lookupPrefix(m);if(!w){var r=m.match(\".*/(\\\\w+)/?$\");w=r?r[1]:\"xhtml\"}e[m]=w}}var D={},L;for(L in e)D[e[L]]=L;d=function(M){return D[M]||\nnull}}try{return c.evaluate(b,a,d,9,null)}catch(M){if(\"TypeError\"===M.name)return d=c.createNSResolver?c.createNSResolver(c.documentElement):Bc,c.evaluate(b,a,d,9,null);throw M;}}catch(M){if(!Da||\"NS_ERROR_ILLEGAL_VALUE\"!=M.name)throw new rc(32,\"Unable to locate an element with the xpath expression \"+b+\" because of the following error:\\n\"+M);}}\nfunction Dc(a,b){var c=function(){var d=Cc(b,a);return d?d.singleNodeValue||null:b.selectSingleNode?(d=A(b),d.setProperty&&d.setProperty(\"SelectionLanguage\",\"XPath\"),b.selectSingleNode(a)):null}();if(null!==c&&(!c||1!=c.nodeType))throw new rc(32,'The result of the xpath expression \"'+a+'\" is: '+c+\". It should be an element.\");return c};function Ec(a,b,c,d){this.c=a;this.a=b;this.b=c;this.f=d}Ec.prototype.ceil=function(){this.c=Math.ceil(this.c);this.a=Math.ceil(this.a);this.b=Math.ceil(this.b);this.f=Math.ceil(this.f);return this};Ec.prototype.floor=function(){this.c=Math.floor(this.c);this.a=Math.floor(this.a);this.b=Math.floor(this.b);this.f=Math.floor(this.f);return this};Ec.prototype.round=function(){this.c=Math.round(this.c);this.a=Math.round(this.a);this.b=Math.round(this.b);this.f=Math.round(this.f);return this};function X(a,b,c,d){this.a=a;this.b=b;this.width=c;this.height=d}X.prototype.ceil=function(){this.a=Math.ceil(this.a);this.b=Math.ceil(this.b);this.width=Math.ceil(this.width);this.height=Math.ceil(this.height);return this};X.prototype.floor=function(){this.a=Math.floor(this.a);this.b=Math.floor(this.b);this.width=Math.floor(this.width);this.height=Math.floor(this.height);return this};\nX.prototype.round=function(){this.a=Math.round(this.a);this.b=Math.round(this.b);this.width=Math.round(this.width);this.height=Math.round(this.height);return this};var Fc=\"function\"===typeof ShadowRoot;function Gc(a){for(a=a.parentNode;a&&1!=a.nodeType&&9!=a.nodeType&&11!=a.nodeType;)a=a.parentNode;return W(a)?a:null}\nfunction Y(a,b){b=xa(b);if(\"float\"==b||\"cssFloat\"==b||\"styleFloat\"==b)b=Ac?\"styleFloat\":\"cssFloat\";a:{var c=b;var d=A(a);if(d.defaultView&&d.defaultView.getComputedStyle&&(d=d.defaultView.getComputedStyle(a,null))){c=d[c]||d.getPropertyValue(c)||\"\";break a}c=\"\"}a=c||Hc(a,b);if(null===a)a=null;else if(0<=ja(mc,b)){b:{var e=a.match(pc);if(e&&(b=Number(e[1]),c=Number(e[2]),d=Number(e[3]),e=Number(e[4]),0<=b&&255>=b&&0<=c&&255>=c&&0<=d&&255>=d&&0<=e&&1>=e)){b=[b,c,d,e];break b}b=null}if(!b)b:{if(d=a.match(qc))if(b=\nNumber(d[1]),c=Number(d[2]),d=Number(d[3]),0<=b&&255>=b&&0<=c&&255>=c&&0<=d&&255>=d){b=[b,c,d,1];break b}b=null}if(!b)b:{b=a.toLowerCase();c=lc[b.toLowerCase()];if(!c&&(c=\"#\"==b.charAt(0)?b:\"#\"+b,4==c.length&&(c=c.replace(nc,\"#$1$1$2$2$3$3\")),!oc.test(c))){b=null;break b}b=[parseInt(c.substr(1,2),16),parseInt(c.substr(3,2),16),parseInt(c.substr(5,2),16),1]}a=b?\"rgba(\"+b.join(\", \")+\")\":a}return a}\nfunction Hc(a,b){var c=a.currentStyle||a.style,d=c[b];void 0===d&&\"function\"==ca(c.getPropertyValue)&&(d=c.getPropertyValue(b));return\"inherit\"!=d?void 0!==d?d:null:(a=Gc(a))?Hc(a,b):null}\nfunction Ic(a,b,c){function d(g){var h=Jc(g);return 0<h.height&&0<h.width?!0:W(g,\"PATH\")&&(0<h.height||0<h.width)?(g=Y(g,\"stroke-width\"),!!g&&0<parseInt(g,10)):\"hidden\"!=Y(g,\"overflow\")&&ma(g.childNodes,function(m){return 3==m.nodeType||W(m)&&d(m)})}function e(g){return Kc(g)==Z&&na(g.childNodes,function(h){return!W(h)||e(h)||!d(h)})}if(!W(a))throw Error(\"Argument to isShown must be of type Element\");if(W(a,\"BODY\"))return!0;if(W(a,\"OPTION\")||W(a,\"OPTGROUP\"))return a=$a(a,function(g){return W(g,\"SELECT\")}),\n!!a&&Ic(a,!0,c);var f=Lc(a);if(f)return!!f.image&&0<f.rect.width&&0<f.rect.height&&Ic(f.image,b,c);if(W(a,\"INPUT\")&&\"hidden\"==a.type.toLowerCase()||W(a,\"NOSCRIPT\"))return!1;f=Y(a,\"visibility\");return\"collapse\"!=f&&\"hidden\"!=f&&c(a)&&(b||0!=Mc(a))&&d(a)?!e(a):!1}var Z=\"hidden\";\nfunction Kc(a){function b(p){function q(fb){if(fb==g)return!0;var Wb=Y(fb,\"display\");return 0==Wb.lastIndexOf(\"inline\",0)||\"contents\"==Wb||\"absolute\"==Xb&&\"static\"==Y(fb,\"position\")?!1:!0}var Xb=Y(p,\"position\");if(\"fixed\"==Xb)return w=!0,p==g?null:g;for(p=Gc(p);p&&!q(p);)p=Gc(p);return p}function c(p){var q=p;if(\"visible\"==m)if(p==g&&h)q=h;else if(p==h)return{x:\"visible\",y:\"visible\"};q={x:Y(q,\"overflow-x\"),y:Y(q,\"overflow-y\")};p==g&&(q.x=\"visible\"==q.x?\"auto\":q.x,q.y=\"visible\"==q.y?\"auto\":q.y);return q}\nfunction d(p){if(p==g){var q=(new ab(f)).a;p=q.scrollingElement?q.scrollingElement:Ea||\"CSS1Compat\"!=q.compatMode?q.body||q.documentElement:q.documentElement;q=q.parentWindow||q.defaultView;p=v&&Ka(\"10\")&&q.pageYOffset!=p.scrollTop?new Ua(p.scrollLeft,p.scrollTop):new Ua(q.pageXOffset||p.scrollLeft,q.pageYOffset||p.scrollTop)}else p=new Ua(p.scrollLeft,p.scrollTop);return p}var e=Nc(a),f=A(a),g=f.documentElement,h=f.body,m=Y(g,\"overflow\"),w;for(a=b(a);a;a=b(a)){var r=c(a);if(\"visible\"!=r.x||\"visible\"!=\nr.y){var D=Jc(a);if(0==D.width||0==D.height)return Z;var L=e.a<D.a,M=e.b<D.b;if(L&&\"hidden\"==r.x||M&&\"hidden\"==r.y)return Z;if(L&&\"visible\"!=r.x||M&&\"visible\"!=r.y){L=d(a);M=e.b<D.b-L.y;if(e.a<D.a-L.x&&\"visible\"!=r.x||M&&\"visible\"!=r.x)return Z;e=Kc(a);return e==Z?Z:\"scroll\"}L=e.f>=D.a+D.width;D=e.c>=D.b+D.height;if(L&&\"hidden\"==r.x||D&&\"hidden\"==r.y)return Z;if(L&&\"visible\"!=r.x||D&&\"visible\"!=r.y){if(w&&(r=d(a),e.f>=g.scrollWidth-r.x||e.a>=g.scrollHeight-r.y))return Z;e=Kc(a);return e==Z?Z:\"scroll\"}}}return\"none\"}\nfunction Jc(a){var b=Lc(a);if(b)return b.rect;if(W(a,\"HTML\"))return a=A(a),a=((a?a.parentWindow||a.defaultView:window)||window).document,a=\"CSS1Compat\"==a.compatMode?a.documentElement:a.body,a=new Va(a.clientWidth,a.clientHeight),new X(0,0,a.width,a.height);try{var c=a.getBoundingClientRect()}catch(d){return new X(0,0,0,0)}b=new X(c.left,c.top,c.right-c.left,c.bottom-c.top);v&&a.ownerDocument.body&&(a=A(a),b.a-=a.documentElement.clientLeft+a.body.clientLeft,b.b-=a.documentElement.clientTop+a.body.clientTop);\nreturn b}function Lc(a){var b=W(a,\"MAP\");if(!b&&!W(a,\"AREA\"))return null;var c=b?a:W(a.parentNode,\"MAP\")?a.parentNode:null,d=null,e=null;c&&c.name&&(d=Dc('/descendant::*[@usemap = \"#'+c.name+'\"]',A(c)))&&(e=Jc(d),b||\"default\"==a.shape.toLowerCase()||(a=Oc(a),b=Math.min(Math.max(a.a,0),e.width),c=Math.min(Math.max(a.b,0),e.height),e=new X(b+e.a,c+e.b,Math.min(a.width,e.width-b),Math.min(a.height,e.height-c))));return{image:d,rect:e||new X(0,0,0,0)}}\nfunction Oc(a){var b=a.shape.toLowerCase();a=a.coords.split(\",\");if(\"rect\"==b&&4==a.length){b=a[0];var c=a[1];return new X(b,c,a[2]-b,a[3]-c)}if(\"circle\"==b&&3==a.length)return b=a[2],new X(a[0]-b,a[1]-b,2*b,2*b);if(\"poly\"==b&&2<a.length){b=a[0];c=a[1];for(var d=b,e=c,f=2;f+1<a.length;f+=2)b=Math.min(b,a[f]),d=Math.max(d,a[f]),c=Math.min(c,a[f+1]),e=Math.max(e,a[f+1]);return new X(b,c,d-b,e-c)}return new X(0,0,0,0)}function Nc(a){a=Jc(a);return new Ec(a.b,a.a+a.width,a.b+a.height,a.a)}\nfunction Mc(a){if(Ac){if(\"relative\"==Y(a,\"position\"))return 1;a=Y(a,\"filter\");return(a=a.match(/^alpha\\(opacity=(\\d*)\\)/)||a.match(/^progid:DXImageTransform.Microsoft.Alpha\\(Opacity=(\\d*)\\)/))?Number(a[1])/100:1}return Pc(a)}function Pc(a){var b=1,c=Y(a,\"opacity\");c&&(b=Number(c));(a=Gc(a))&&(b*=Pc(a));return b};ba(\"_\",function(a,b){function c(d){if(W(d)&&\"none\"==Y(d,\"display\"))return!1;var e;if((e=d.parentNode)&&e.shadowRoot&&void 0!==d.assignedSlot)e=d.assignedSlot?d.assignedSlot.parentNode:null;else if(d.getDestinationInsertionPoints){var f=d.getDestinationInsertionPoints();0<f.length&&(e=f[f.length-1])}if(Fc&&e instanceof ShadowRoot){if(e.host.shadowRoot!==e)return!1;e=e.host}return!e||9!=e.nodeType&&11!=e.nodeType?e&&W(e,\"DETAILS\")&&!e.open&&!W(d,\"SUMMARY\")?!1:!!e&&c(e):!0}return Ic(a,!!b,c)});; return this._.apply(null,arguments);}).apply({navigator:typeof window!='undefined'?window.navigator:null,document:typeof window!='undefined'?window.document:null}, arguments);}\n).apply(null, arguments);", "args": [{"element-6066-11e4-a52e-4f735466cecf": "f.63B823F5F932B18CEF0487356FDD0014.d.D73C794E0A517EC1AD39918C00504A79.e.46"}]}
DEBUG    urllib3.connectionpool:connectionpool.py:544 http://selenium-hub:4444 "POST /wd/hub/session/9be8c1aa68ba25175154757d50bb5f31/execute/sync HTTP/1.1" 200 0
DEBUG    selenium.webdriver.remote.remote_connection:remote_connection.py:329 Remote response: status=200 | data={"value":true} | headers=HTTPHeaderDict({'content-length': '14', 'content-type': 'application/json; charset=utf-8', 'cache-control': 'no-cache'})
DEBUG    selenium.webdriver.remote.remote_connection:remote_connection.py:356 Finished Request
DEBUG    selenium.webdriver.remote.remote_connection:remote_connection.py:313 GET http://selenium-hub:4444/wd/hub/session/9be8c1aa68ba25175154757d50bb5f31/element/f.63B823F5F932B18CEF0487356FDD0014.d.D73C794E0A517EC1AD39918C00504A79.e.46/enabled {}
DEBUG    urllib3.connectionpool:connectionpool.py:544 http://selenium-hub:4444 "GET /wd/hub/session/9be8c1aa68ba25175154757d50bb5f31/element/f.63B823F5F932B18CEF0487356FDD0014.d.D73C794E0A517EC1AD39918C00504A79.e.46/enabled HTTP/1.1" 200 0
DEBUG    selenium.webdriver.remote.remote_connection:remote_connection.py:329 Remote response: status=200 | data={"value":true} | headers=HTTPHeaderDict({'content-length': '14', 'content-type': 'application/json; charset=utf-8', 'cache-control': 'no-cache'})
DEBUG    selenium.webdriver.remote.remote_connection:remote_connection.py:356 Finished Request
DEBUG    selenium.webdriver.remote.remote_connection:remote_connection.py:313 POST http://selenium-hub:4444/wd/hub/session/9be8c1aa68ba25175154757d50bb5f31/execute/sync {"script": "arguments[0].scrollIntoView(true);", "args": [{"element-6066-11e4-a52e-4f735466cecf": "f.63B823F5F932B18CEF0487356FDD0014.d.D73C794E0A517EC1AD39918C00504A79.e.46"}]}
DEBUG    urllib3.connectionpool:connectionpool.py:544 http://selenium-hub:4444 "POST /wd/hub/session/9be8c1aa68ba25175154757d50bb5f31/execute/sync HTTP/1.1" 200 0
DEBUG    selenium.webdriver.remote.remote_connection:remote_connection.py:329 Remote response: status=200 | data={"valueDEBUG    urllib3.connectionpool:connectionpool.py:544 http://selenium-hub:4444 "POST /wd/hub/session/c25c0b26e99c8e37c896a9fd3f30a3e9/element/f.F75BFE6DFF7A534D6CD4AEB401685FE4.d.77C609936855048EB94F418E36493A5C.e.40/click HTTP/1.1" 200 0
DEBUG    selenium.webdriver.remote.remote_connection:remote_connection.py:329 Remote response: status=200 | data={"value":null} | headers=HTTPHeaderDict({'content-length': '14', 'content-type': 'application/json; charset=utf-8', 'cache-controlDEBUG    urllib3.connectionpool:connectionpool.py:544 http://selenium-hub:4444 "POST /wd/hub/session/9be8c1aa68DEBUG    selenium.webdriver.remote.remote_connection:remote_connection.py:313 GET http://selenium-hub:4444/wd/hub/session/c25c0b26e99c8e37c896a9fd3f30a3e9/url {}
DEBUG    urllib3.connectionpool:connectionpool.py:544 http://selenium-hub:4444 "GET /wd/hub/session/c25c0b26e99c8e37c896a9fd3f30a3e9/url HTTP/1.1" 200 0
DEBUG    selenium.webdriver.remote.remote_connection:remote_connection.py:329 Remote response: status=200 | data={"value":"https://practice.expandtesting.com/notes/appDEBUG    selenium.webdriver.remote.remote_connection:remote_connection.py:313 GET http://selenium-hub:4444/wd/hub/session/9be8c1aa68ba25175154757d50bb5f31/url {}
DEBUG    urllib3.connectionpool:connectionpool.py:544 http://selenium-hub:4444 "GET /wd/hub/session/9be8c1aa68ba25175154757d50bb5f31/url HTTP/1.1" 200 0
DEBUG    selenium.webdriver.remote.remote_connection:remote_connection.py:329 Remote response: status=200 | data={"value":"https://practice.expandtesting.com/notes/app/login"} | headers=HTTPHeaderDict({'content-length': '62', 'content-type': 'application/json; charset=utf-8', 'cache-control': 'no-cache'})
DEBUG    selenium.webdriver.remote.remote_connection:remote_connection.py:356 Finished Request
DEBUG    selenium.webdriver.remote.remote_connection:remote_connection.py:313 POST http://selenium-hub:4444/wd/hub/session/9be8c1aa68ba25175154757d50bb5f31/element {"using": "css selector", "value": "[data-testid='login-email']"}
DEBUG    urllib3.connectionpool:connectionpool.py:544 http://selenium-hub:4444 "POST /wd/hub/session/9be8c1aa68ba25175154757d50bb5f31/element HTTP/1.1" 200 0
DEBUG    selenium.webdriver.remote.remote_connection:remote_connection.py:329 Remote response: status=200 | data={"value":{"element-6066-11e4-a52e-4f735466cecf":"f.63B823F5F932B18CEF0487356FDD0014.d.D73C794E0A517EC1AD39918C00504A79.e.44"}} | headers=HTTPHeaderDict({'content-length': '126', 'content-type': 'application/json; charset=utf-8', 'cache-control': 'no-cache'})
DEBUG    selenium.webdriver.remote.remote_connection:remote_connection.py:356 Finished Request
DEBUG    selenium.webdriver.remote.remote_connection:remote_connection.py:313 POST http://selenium-hub:4444/wd/hub/session/9be8c1aa68ba25175154757d50bb5f31/execute/sync {"script": "/* isDisplayed */return (function(){return (function(){var k=this||self;function aa(a){return\"string\"==typeof a}function ba(a,b){a=a.split(\".\");var c=k;a[0]in c||\"undefined\"==typeof c.execScript||c.execScript(\"var \"+a[0]);for(var d;a.length&&(d=a.shift());)a.length||void 0===b?c[d]&&c[d]!==Object.prototype[d]?c=c[d]:c=c[d]={}:c[d]=b}\nfunction ca(a){var b=typeof a;if(\"object\"==b)if(a){if(a instanceof Array)return\"array\";if(a instanceof Object)return b;var c=Object.prototype.toString.call(a);if(\"[object Window]\"==c)return\"object\";if(\"[object Array]\"==c||\"number\"==typeof a.length&&\"undefined\"!=typeof a.splice&&\"undefined\"!=typeof a.propertyIsEnumerable&&!a.propertyIsEnumerable(\"splice\"))return\"array\";if(\"[object Function]\"==c||\"undefined\"!=typeof a.call&&\"undefined\"!=typeof a.propertyIsEnumerable&&!a.propertyIsEnumerable(\"call\"))return\"function\"}else return\"null\";\nelse if(\"function\"==b&&\"undefined\"==typeof a.call)return\"object\";return b}function da(a,b,c){return a.call.apply(a.bind,arguments)}function ea(a,b,c){if(!a)throw Error();if(2<arguments.length){var d=Array.prototype.slice.call(arguments,2);return function(){var e=Array.prototype.slice.call(arguments);Array.prototype.unshift.apply(e,d);return a.apply(b,e)}}return function(){return a.apply(b,arguments)}}\nfunction fa(a,b,c){Function.prototype.bind&&-1!=Function.prototype.bind.toString().indexOf(\"native code\")?fa=da:fa=ea;return fa.apply(null,arguments)}function ha(a,b){var c=Array.prototype.slice.call(arguments,1);return function(){var d=c.slice();d.push.apply(d,arguments);return a.apply(this,d)}}function l(a,b){function c(){}c.prototype=b.prototype;a.prototype=new c;a.prototype.constructor=a};/*\n\n The MIT License\n\n Copyright (c) 2007 Cybozu Labs, Inc.\n Copyright (c) 2012 Google Inc.\n\n Permission is hereby granted, free of charge, to any person obtaining a copy\n of this software and associated documentation files (the \"Software\"), to\n deal in the Software without restriction, including without limitation the\n rights to use, copy, modify, merge, publish, distribute, sublicense, and/or\n sell copies of the Software, and to permit persons to whom the Software is\n furnished to do so, subject to the following conditions:\n\n The above copyright notice and this permission notice shall be included in\n all copies or substantial portions of the Software.\n\n THE SOFTWARE IS PROVIDED \"AS IS\", WITHOUT WARRANTY OF ANY KIND, EXPRESS OR\n IMPLIED, INCLUDING BUT NOT LIMITED TO THE WARRANTIES OF MERCHANTABILITY,\n FITNESS FOR A PARTICULAR PURPOSE AND NONINFRINGEMENT. IN NO EVENT SHALL THE\n AUTHORS OR COPYRIGHT HOLDERS BE LIABLE FOR ANY CLAIM, DAMAGES OR OTHER\n LIABILITY, WHETHER IN AN ACTION OF CONTRACT, TORT OR OTHERWISE, ARISING\n FROM, OUT OF OR IN CONNECTION WITH THE SOFTWARE OR THE USE OR OTHER DEALINGS\n IN THE SOFTWARE.\n*/\nfunction ia(a,b,c){this.a=a;this.b=b||1;this.f=c||1};var ja=Array.prototype.indexOf?function(a,b){return Array.prototype.indexOf.call(a,b,void 0)}:function(a,b){if(\"string\"===typeof a)return\"string\"!==typeof b||1!=b.length?-1:a.indexOf(b,0);for(var c=0;c<a.length;c++)if(c in a&&a[c]===b)return c;return-1},n=Array.prototype.forEach?function(a,b){Array.prototype.forEach.call(a,b,void 0)}:function(a,b){for(var c=a.length,d=\"string\"===typeof a?a.split(\"\"):a,e=0;e<c;e++)e in d&&b.call(void 0,d[e],e,a)},ka=Array.prototype.filter?function(a,b){return Array.prototype.filter.call(a,\nb,void 0)}:function(a,b){for(var c=a.length,d=[],e=0,f=\"string\"===typeof a?a.split(\"\"):a,g=0;g<c;g++)if(g in f){var h=f[g];b.call(void 0,h,g,a)&&(d[e++]=h)}return d},la=Array.prototype.reduce?function(a,b,c){return Array.prototype.reduce.call(a,b,c)}:function(a,b,c){var d=c;n(a,function(e,f){d=b.call(void 0,d,e,f,a)});return d},ma=Array.prototype.some?function(a,b){return Array.prototype.some.call(a,b,void 0)}:function(a,b){for(var c=a.length,d=\"string\"===typeof a?a.split(\"\"):a,e=0;e<c;e++)if(e in\nd&&b.call(void 0,d[e],e,a))return!0;return!1},na=Array.prototype.every?function(a,b){return Array.prototype.every.call(a,b,void 0)}:function(a,b){for(var c=a.length,d=\"string\"===typeof a?a.split(\"\"):a,e=0;e<c;e++)if(e in d&&!b.call(void 0,d[e],e,a))return!1;return!0};function oa(a,b){a:{for(var c=a.length,d=\"string\"===typeof a?a.split(\"\"):a,e=0;e<c;e++)if(e in d&&b.call(void 0,d[e],e,a)){b=e;break a}b=-1}return 0>b?null:\"string\"===typeof a?a.charAt(b):a[b]}\nfunction pa(a){return Array.prototype.concat.apply([],arguments)}function qa(a,b,c){return 2>=arguments.length?Array.prototype.slice.call(a,b):Array.prototype.slice.call(a,b,c)};var ra=String.prototype.trim?function(a){return a.trim()}:function(a){return/^[\\s\\xa0]*([\\s\\S]*?)[\\s\\xa0]*$/.exec(a)[1]};function sa(a,b){return a<b?-1:a>b?1:0};var t;a:{var ta=k.navigator;if(ta){var ua=ta.userAgent;if(ua){t=ua;break a}}t=\"\"}function u(a){return-1!=t.indexOf(a)};function va(){return u(\"Firefox\")||u(\"FxiOS\")}function wa(){return(u(\"Chrome\")||u(\"CriOS\"))&&!u(\"Edge\")};function xa(a){return String(a).replace(/\\-([a-z])/g,function(b,c){return c.toUpperCase()})};function ya(){return u(\"iPhone\")&&!u(\"iPod\")&&!u(\"iPad\")};function za(a,b){var c=Aa;return Object.prototype.hasOwnProperty.call(c,a)?c[a]:c[a]=b(a)};var Ba=u(\"Opera\"),v=u(\"Trident\")||u(\"MSIE\"),Ca=u(\"Edge\"),Da=u(\"Gecko\")&&!(-1!=t.toLowerCase().indexOf(\"webkit\")&&!u(\"Edge\"))&&!(u(\"Trident\")||u(\"MSIE\"))&&!u(\"Edge\"),Ea=-1!=t.toLowerCase().indexOf(\"webkit\")&&!u(\"Edge\");function Fa(){var a=k.document;return a?a.documentMode:void 0}var Ga;\na:{var Ha=\"\",Ia=function(){var a=t;if(Da)return/rv:([^\\);]+)(\\)|;)/.exec(a);if(Ca)return/Edge\\/([\\d\\.]+)/.exec(a);if(v)return/\\b(?:MSIE|rv)[: ]([^\\);]+)(\\)|;)/.exec(a);if(Ea)return/WebKit\\/(\\S+)/.exec(a);if(Ba)return/(?:Version)[ \\/]?(\\S+)/.exec(a)}();Ia&&(Ha=Ia?Ia[1]:\"\");if(v){var Ja=Fa();if(null!=Ja&&Ja>parseFloat(Ha)){Ga=String(Ja);break a}}Ga=Ha}var Aa={};\nfunction Ka(a){return za(a,function(){for(var b=0,c=ra(String(Ga)).split(\".\"),d=ra(String(a)).split(\".\"),e=Math.max(c.length,d.length),f=0;0==b&&f<e;f++){var g=c[f]||\"\",h=d[f]||\"\";do{g=/(\\d*)(\\D*)(.*)/.exec(g)||[\"\",\"\",\"\",\"\"];h=/(\\d*)(\\D*)(.*)/.exec(h)||[\"\",\"\",\"\",\"\"];if(0==g[0].length&&0==h[0].length)break;b=sa(0==g[1].length?0:parseInt(g[1],10),0==h[1].length?0:parseInt(h[1],10))||sa(0==g[2].length,0==h[2].length)||sa(g[2],h[2]);g=g[3];h=h[3]}while(0==b)}return 0<=b})}var La;\nLa=k.document&&v?Fa():void 0;var x=v&&!(9<=Number(La)),Ma=v&&!(8<=Number(La));function Na(a,b,c,d){this.a=a;this.nodeName=c;this.nodeValue=d;this.nodeType=2;this.parentNode=this.ownerElement=b}function Oa(a,b){var c=Ma&&\"href\"==b.nodeName?a.getAttribute(b.nodeName,2):b.nodeValue;return new Na(b,a,b.nodeName,c)};function Pa(a){this.b=a;this.a=0}function Qa(a){a=a.match(Ra);for(var b=0;b<a.length;b++)Sa.test(a[b])&&a.splice(b,1);return new Pa(a)}var Ra=/\\$?(?:(?![0-9-\\.])(?:\\*|[\\w-\\.]+):)?(?![0-9-\\.])(?:\\*|[\\w-\\.]+)|\\/\\/|\\.\\.|::|\\d+(?:\\.\\d*)?|\\.\\d+|\"[^\"]*\"|'[^']*'|[!<>]=|\\s+|./g,Sa=/^\\s/;function y(a,b){return a.b[a.a+(b||0)]}function z(a){return a.b[a.a++]}function Ta(a){return a.b.length<=a.a};function Ua(a,b){this.x=void 0!==a?a:0;this.y=void 0!==b?b:0}Ua.prototype.ceil=function(){this.x=Math.ceil(this.x);this.y=Math.ceil(this.y);return this};Ua.prototype.floor=function(){this.x=Math.floor(this.x);this.y=Math.floor(this.y);return this};Ua.prototype.round=function(){this.x=Math.round(this.x);this.y=Math.round(this.y);return this};function Va(a,b){this.width=a;this.height=b}Va.prototype.aspectRatio=function(){return this.width/this.height};Va.prototype.ceil=function(){this.width=Math.ceil(this.width);this.height=Math.ceil(this.height);return this};Va.prototype.floor=function(){this.width=Math.floor(this.width);this.height=Math.floor(this.height);return this};Va.prototype.round=function(){this.width=Math.round(this.width);this.height=Math.round(this.height);return this};function Wa(a,b){if(!a||!b)return!1;if(a.contains&&1==b.nodeType)return a==b||a.contains(b);if(\"undefined\"!=typeof a.compareDocumentPosition)return a==b||!!(a.compareDocumentPosition(b)&16);for(;b&&a!=b;)b=b.parentNode;return b==a}\nfunction Xa(a,b){if(a==b)return 0;if(a.compareDocumentPosition)return a.compareDocumentPosition(b)&2?1:-1;if(v&&!(9<=Number(La))){if(9==a.nodeType)return-1;if(9==b.nodeType)return 1}if(\"sourceIndex\"in a||a.parentNode&&\"sourceIndex\"in a.parentNode){var c=1==a.nodeType,d=1==b.nodeType;if(c&&d)return a.sourceIndex-b.sourceIndex;var e=a.parentNode,f=b.parentNode;return e==f?Ya(a,b):!c&&Wa(e,b)?-1*Za(a,b):!d&&Wa(f,a)?Za(b,a):(c?a.sourceIndex:e.sourceIndex)-(d?b.sourceIndex:f.sourceIndex)}d=A(a);c=d.createRange();\nc.selectNode(a);c.collapse(!0);a=d.createRange();a.selectNode(b);a.collapse(!0);return c.compareBoundaryPoints(k.Range.START_TO_END,a)}function Za(a,b){var c=a.parentNode;if(c==b)return-1;for(;b.parentNode!=c;)b=b.parentNode;return Ya(b,a)}function Ya(a,b){for(;b=b.previousSibling;)if(b==a)return-1;return 1}function A(a){return 9==a.nodeType?a:a.ownerDocument||a.document}function $a(a,b){a&&(a=a.parentNode);for(var c=0;a;){if(b(a))return a;a=a.parentNode;c++}return null}\nfunction ab(a){this.a=a||k.document||document}ab.prototype.getElementsByTagName=function(a,b){return(b||this.a).getElementsByTagName(String(a))};function B(a){var b=null,c=a.nodeType;1==c&&(b=a.textContent,b=void 0==b||null==b?a.innerText:b,b=void 0==b||null==b?\"\":b);if(\"string\"!=typeof b)if(x&&\"title\"==a.nodeName.toLowerCase()&&1==c)b=a.text;else if(9==c||1==c){a=9==c?a.documentElement:a.firstChild;c=0;var d=[];for(b=\"\";a;){do 1!=a.nodeType&&(b+=a.nodeValue),x&&\"title\"==a.nodeName.toLowerCase()&&(b+=a.text),d[c++]=a;while(a=a.firstChild);for(;c&&!(a=d[--c].nextSibling););}}else b=a.nodeValue;return b}\nfunction C(a,b,c){if(null===b)return!0;try{if(!a.getAttribute)return!1}catch(d){return!1}Ma&&\"class\"==b&&(b=\"className\");return null==c?!!a.getAttribute(b):a.getAttribute(b,2)==c}function bb(a,b,c,d,e){return(x?cb:db).call(null,a,b,aa(c)?c:null,aa(d)?d:null,e||new E)}\nfunction cb(a,b,c,d,e){if(a instanceof F||8==a.b||c&&null===a.b){var f=b.all;if(!f)return e;a=eb(a);if(\"*\"!=a&&(f=b.getElementsByTagName(a),!f))return e;if(c){for(var g=[],h=0;b=f[h++];)C(b,c,d)&&g.push(b);f=g}for(h=0;b=f[h++];)\"*\"==a&&\"!\"==b.tagName||e.add(b);return e}gb(a,b,c,d,e);return e}\nfunction db(a,b,c,d,e){b.getElementsByName&&d&&\"name\"==c&&!v?(b=b.getElementsByName(d),n(b,function(f){a.a(f)&&e.add(f)})):b.getElementsByClassName&&d&&\"class\"==c?(b=b.getElementsByClassName(d),n(b,function(f){f.className==d&&a.a(f)&&e.add(f)})):a instanceof G?gb(a,b,c,d,e):b.getElementsByTagName&&(b=b.getElementsByTagName(a.f()),n(b,function(f){C(f,c,d)&&e.add(f)}));return e}\nfunction hb(a,b,c,d,e){var f;if((a instanceof F||8==a.b||c&&null===a.b)&&(f=b.childNodes)){var g=eb(a);if(\"*\"!=g&&(f=ka(f,function(h){return h.tagName&&h.tagName.toLowerCase()==g}),!f))return e;c&&(f=ka(f,function(h){return C(h,c,d)}));n(f,function(h){\"*\"==g&&(\"!\"==h.tagName||\"*\"==g&&1!=h.nodeType)||e.add(h)});return e}return ib(a,b,c,d,e)}function ib(a,b,c,d,e){for(b=b.firstChild;b;b=b.nextSibling)C(b,c,d)&&a.a(b)&&e.add(b);return e}\nfunction gb(a,b,c,d,e){for(b=b.firstChild;b;b=b.nextSibling)C(b,c,d)&&a.a(b)&&e.add(b),gb(a,b,c,d,e)}function eb(a){if(a instanceof G){if(8==a.b)return\"!\";if(null===a.b)return\"*\"}return a.f()};function E(){this.b=this.a=null;this.l=0}function jb(a){this.f=a;this.a=this.b=null}function kb(a,b){if(!a.a)return b;if(!b.a)return a;var c=a.a;b=b.a;for(var d=null,e,f=0;c&&b;){e=c.f;var g=b.f;e==g||e instanceof Na&&g instanceof Na&&e.a==g.a?(e=c,c=c.a,b=b.a):0<Xa(c.f,b.f)?(e=b,b=b.a):(e=c,c=c.a);(e.b=d)?d.a=e:a.a=e;d=e;f++}for(e=c||b;e;)e.b=d,d=d.a=e,f++,e=e.a;a.b=d;a.l=f;return a}function lb(a,b){b=new jb(b);b.a=a.a;a.b?a.a.b=b:a.a=a.b=b;a.a=b;a.l++}\nE.prototype.add=function(a){a=new jb(a);a.b=this.b;this.a?this.b.a=a:this.a=this.b=a;this.b=a;this.l++};function mb(a){return(a=a.a)?a.f:null}function nb(a){return(a=mb(a))?B(a):\"\"}function H(a,b){return new ob(a,!!b)}function ob(a,b){this.f=a;this.b=(this.s=b)?a.b:a.a;this.a=null}function I(a){var b=a.b;if(null==b)return null;var c=a.a=b;a.b=a.s?b.b:b.a;return c.f};function J(a){this.i=a;this.b=this.g=!1;this.f=null}function K(a){return\"\\n  \"+a.toString().split(\"\\n\").join(\"\\n  \")}function pb(a,b){a.g=b}function qb(a,b){a.b=b}function N(a,b){a=a.a(b);return a instanceof E?+nb(a):+a}function O(a,b){a=a.a(b);return a instanceof E?nb(a):\"\"+a}function rb(a,b){a=a.a(b);return a instanceof E?!!a.l:!!a};function sb(a,b,c){J.call(this,a.i);this.c=a;this.h=b;this.o=c;this.g=b.g||c.g;this.b=b.b||c.b;this.c==tb&&(c.b||c.g||4==c.i||0==c.i||!b.f?b.b||b.g||4==b.i||0==b.i||!c.f||(this.f={name:c.f.name,u:b}):this.f={name:b.f.name,u:c})}l(sb,J);\nfunction ub(a,b,c,d,e){b=b.a(d);c=c.a(d);var f;if(b instanceof E&&c instanceof E){b=H(b);for(d=I(b);d;d=I(b))for(e=H(c),f=I(e);f;f=I(e))if(a(B(d),B(f)))return!0;return!1}if(b instanceof E||c instanceof E){b instanceof E?(e=b,d=c):(e=c,d=b);f=H(e);for(var g=typeof d,h=I(f);h;h=I(f)){switch(g){case \"number\":h=+B(h);break;case \"boolean\":h=!!B(h);break;case \"string\":h=B(h);break;default:throw Error(\"Illegal primitive type for comparison.\");}if(e==b&&a(h,d)||e==c&&a(d,h))return!0}return!1}return e?\"boolean\"==\ntypeof b||\"boolean\"==typeof c?a(!!b,!!c):\"number\"==typeof b||\"number\"==typeof c?a(+b,+c):a(b,c):a(+b,+c)}sb.prototype.a=function(a){return this.c.m(this.h,this.o,a)};sb.prototype.toString=function(){var a=\"Binary Expression: \"+this.c;a+=K(this.h);return a+=K(this.o)};function vb(a,b,c,d){this.I=a;this.D=b;this.i=c;this.m=d}vb.prototype.toString=function(){return this.I};var wb={};\nfunction P(a,b,c,d){if(wb.hasOwnProperty(a))throw Error(\"Binary operator already created: \"+a);a=new vb(a,b,c,d);return wb[a.toString()]=a}P(\"div\",6,1,function(a,b,c){return N(a,c)/N(b,c)});P(\"mod\",6,1,function(a,b,c){return N(a,c)%N(b,c)});P(\"*\",6,1,function(a,b,c){return N(a,c)*N(b,c)});P(\"+\",5,1,function(a,b,c){return N(a,c)+N(b,c)});P(\"-\",5,1,function(a,b,c){return N(a,c)-N(b,c)});P(\"<\",4,2,function(a,b,c){return ub(function(d,e){return d<e},a,b,c)});\nP(\">\",4,2,function(a,b,c){return ub(function(d,e){return d>e},a,b,c)});P(\"<=\",4,2,function(a,b,c){return ub(function(d,e){return d<=e},a,b,c)});P(\">=\",4,2,function(a,b,c){return ub(function(d,e){return d>=e},a,b,c)});var tb=P(\"=\",3,2,function(a,b,c){return ub(function(d,e){return d==e},a,b,c,!0)});P(\"!=\",3,2,function(a,b,c){return ub(function(d,e){return d!=e},a,b,c,!0)});P(\"and\",2,2,function(a,b,c){return rb(a,c)&&rb(b,c)});P(\"or\",1,2,function(a,b,c){return rb(a,c)||rb(b,c)});function xb(a,b){if(b.a.length&&4!=a.i)throw Error(\"Primary expression must evaluate to nodeset if filter has predicate(s).\");J.call(this,a.i);this.c=a;this.h=b;this.g=a.g;this.b=a.b}l(xb,J);xb.prototype.a=function(a){a=this.c.a(a);return yb(this.h,a)};xb.prototype.toString=function(){var a=\"Filter:\"+K(this.c);return a+=K(this.h)};function zb(a,b){if(b.length<a.C)throw Error(\"Function \"+a.j+\" expects at least\"+a.C+\" arguments, \"+b.length+\" given\");if(null!==a.B&&b.length>a.B)throw Error(\"Function \"+a.j+\" expects at most \"+a.B+\" arguments, \"+b.length+\" given\");a.H&&n(b,function(c,d){if(4!=c.i)throw Error(\"Argument \"+d+\" to function \"+a.j+\" is not of type Nodeset: \"+c);});J.call(this,a.i);this.v=a;this.c=b;pb(this,a.g||ma(b,function(c){return c.g}));qb(this,a.G&&!b.length||a.F&&!!b.length||ma(b,function(c){return c.b}))}\nl(zb,J);zb.prototype.a=function(a){return this.v.m.apply(null,pa(a,this.c))};zb.prototype.toString=function(){var a=\"Function: \"+this.v;if(this.c.length){var b=la(this.c,function(c,d){return c+K(d)},\"Arguments:\");a+=K(b)}return a};function Ab(a,b,c,d,e,f,g,h){this.j=a;this.i=b;this.g=c;this.G=d;this.F=!1;this.m=e;this.C=f;this.B=void 0!==g?g:f;this.H=!!h}Ab.prototype.toString=function(){return this.j};var Bb={};\nfunction Q(a,b,c,d,e,f,g,h){if(Bb.hasOwnProperty(a))throw Error(\"Function already created: \"+a+\".\");Bb[a]=new Ab(a,b,c,d,e,f,g,h)}Q(\"boolean\",2,!1,!1,function(a,b){return rb(b,a)},1);Q(\"ceiling\",1,!1,!1,function(a,b){return Math.ceil(N(b,a))},1);Q(\"concat\",3,!1,!1,function(a,b){return la(qa(arguments,1),function(c,d){return c+O(d,a)},\"\")},2,null);Q(\"contains\",2,!1,!1,function(a,b,c){b=O(b,a);a=O(c,a);return-1!=b.indexOf(a)},2);Q(\"count\",1,!1,!1,function(a,b){return b.a(a).l},1,1,!0);\nQ(\"false\",2,!1,!1,function(){return!1},0);Q(\"floor\",1,!1,!1,function(a,b){return Math.floor(N(b,a))},1);Q(\"id\",4,!1,!1,function(a,b){function c(h){if(x){var m=e.all[h];if(m){if(m.nodeType&&h==m.id)return m;if(m.length)return oa(m,function(w){return h==w.id})}return null}return e.getElementById(h)}var d=a.a,e=9==d.nodeType?d:d.ownerDocument;a=O(b,a).split(/\\s+/);var f=[];n(a,function(h){h=c(h);!h||0<=ja(f,h)||f.push(h)});f.sort(Xa);var g=new E;n(f,function(h){g.add(h)});return g},1);\nQ(\"lang\",2,!1,!1,function(){return!1},1);Q(\"last\",1,!0,!1,function(a){if(1!=arguments.length)throw Error(\"Function last expects ()\");return a.f},0);Q(\"local-name\",3,!1,!0,function(a,b){return(a=b?mb(b.a(a)):a.a)?a.localName||a.nodeName.toLowerCase():\"\"},0,1,!0);Q(\"name\",3,!1,!0,function(a,b){return(a=b?mb(b.a(a)):a.a)?a.nodeName.toLowerCase():\"\"},0,1,!0);Q(\"namespace-uri\",3,!0,!1,function(){return\"\"},0,1,!0);\nQ(\"normalize-space\",3,!1,!0,function(a,b){return(b?O(b,a):B(a.a)).replace(/[\\s\\xa0]+/g,\" \").replace(/^\\s+|\\s+$/g,\"\")},0,1);Q(\"not\",2,!1,!1,function(a,b){return!rb(b,a)},1);Q(\"number\",1,!1,!0,function(a,b){return b?N(b,a):+B(a.a)},0,1);Q(\"position\",1,!0,!1,function(a){return a.b},0);Q(\"round\",1,!1,!1,function(a,b){return Math.round(N(b,a))},1);Q(\"starts-with\",2,!1,!1,function(a,b,c){b=O(b,a);a=O(c,a);return 0==b.lastIndexOf(a,0)},2);Q(\"string\",3,!1,!0,function(a,b){return b?O(b,a):B(a.a)},0,1);\nQ(\"string-length\",1,!1,!0,function(a,b){return(b?O(b,a):B(a.a)).length},0,1);Q(\"substring\",3,!1,!1,function(a,b,c,d){c=N(c,a);if(isNaN(c)||Infinity==c||-Infinity==c)return\"\";d=d?N(d,a):Infinity;if(isNaN(d)||-Infinity===d)return\"\";c=Math.round(c)-1;var e=Math.max(c,0);a=O(b,a);return Infinity==d?a.substring(e):a.substring(e,c+Math.round(d))},2,3);Q(\"substring-after\",3,!1,!1,function(a,b,c){b=O(b,a);a=O(c,a);c=b.indexOf(a);return-1==c?\"\":b.substring(c+a.length)},2);\nQ(\"substring-before\",3,!1,!1,function(a,b,c){b=O(b,a);a=O(c,a);a=b.indexOf(a);return-1==a?\"\":b.substring(0,a)},2);Q(\"sum\",1,!1,!1,function(a,b){a=H(b.a(a));b=0;for(var c=I(a);c;c=I(a))b+=+B(c);return b},1,1,!0);Q(\"translate\",3,!1,!1,function(a,b,c,d){b=O(b,a);c=O(c,a);var e=O(d,a);a={};for(d=0;d<c.length;d++){var f=c.charAt(d);f in a||(a[f]=e.charAt(d))}c=\"\";for(d=0;d<b.length;d++)f=b.charAt(d),c+=f in a?a[f]:f;return c},3);Q(\"true\",2,!1,!1,function(){return!0},0);function G(a,b){this.h=a;this.c=void 0!==b?b:null;this.b=null;switch(a){case \"comment\":this.b=8;break;case \"text\":this.b=3;break;case \"processing-instruction\":this.b=7;break;case \"node\":break;default:throw Error(\"Unexpected argument\");}}function Cb(a){return\"comment\"==a||\"text\"==a||\"processing-instruction\"==a||\"node\"==a}G.prototype.a=function(a){return null===this.b||this.b==a.nodeType};G.prototype.f=function(){return this.h};\nG.prototype.toString=function(){var a=\"Kind Test: \"+this.h;null===this.c||(a+=K(this.c));return a};function Db(a){J.call(this,3);this.c=a.substring(1,a.length-1)}l(Db,J);Db.prototype.a=function(){return this.c};Db.prototype.toString=function(){return\"Literal: \"+this.c};function F(a,b){this.j=a.toLowerCase();a=\"*\"==this.j?\"*\":\"http://www.w3.org/1999/xhtml\";this.c=b?b.toLowerCase():a}F.prototype.a=function(a){var b=a.nodeType;if(1!=b&&2!=b)return!1;b=void 0!==a.localName?a.localName:a.nodeName;return\"*\"!=this.j&&this.j!=b.toLowerCase()?!1:\"*\"==this.c?!0:this.c==(a.namespaceURI?a.namespaceURI.toLowerCase():\"http://www.w3.org/1999/xhtml\")};F.prototype.f=function(){return this.j};\nF.prototype.toString=function(){return\"Name Test: \"+(\"http://www.w3.org/1999/xhtml\"==this.c?\"\":this.c+\":\")+this.j};function Eb(a){J.call(this,1);this.c=a}l(Eb,J);Eb.prototype.a=function(){return this.c};Eb.prototype.toString=function(){return\"Number: \"+this.c};function Fb(a,b){J.call(this,a.i);this.h=a;this.c=b;this.g=a.g;this.b=a.b;1==this.c.length&&(a=this.c[0],a.A||a.c!=Gb||(a=a.o,\"*\"!=a.f()&&(this.f={name:a.f(),u:null})))}l(Fb,J);function Hb(){J.call(this,4)}l(Hb,J);Hb.prototype.a=function(a){var b=new E;a=a.a;9==a.nodeType?b.add(a):b.add(a.ownerDocument);return b};Hb.prototype.toString=function(){return\"Root Helper Expression\"};function Ib(){J.call(this,4)}l(Ib,J);Ib.prototype.a=function(a){var b=new E;b.add(a.a);return b};Ib.prototype.toString=function(){return\"Context Helper Expression\"};\nfunction Jb(a){return\"/\"==a||\"//\"==a}Fb.prototype.a=function(a){var b=this.h.a(a);if(!(b instanceof E))throw Error(\"Filter expression must evaluate to nodeset.\");a=this.c;for(var c=0,d=a.length;c<d&&b.l;c++){var e=a[c],f=H(b,e.c.s);if(e.g||e.c!=Kb)if(e.g||e.c!=Lb){var g=I(f);for(b=e.a(new ia(g));null!=(g=I(f));)g=e.a(new ia(g)),b=kb(b,g)}else g=I(f),b=e.a(new ia(g));else{for(g=I(f);(b=I(f))&&(!g.contains||g.contains(b))&&b.compareDocumentPosition(g)&8;g=b);b=e.a(new ia(g))}}return b};\nFb.prototype.toString=function(){var a=\"Path Expression:\"+K(this.h);if(this.c.length){var b=la(this.c,function(c,d){return c+K(d)},\"Steps:\");a+=K(b)}return a};function Mb(a,b){this.a=a;this.s=!!b}\nfunction yb(a,b,c){for(c=c||0;c<a.a.length;c++)for(var d=a.a[c],e=H(b),f=b.l,g,h=0;g=I(e);h++){var m=a.s?f-h:h+1;g=d.a(new ia(g,m,f));if(\"number\"==typeof g)m=m==g;else if(\"string\"==typeof g||\"boolean\"==typeof g)m=!!g;else if(g instanceof E)m=0<g.l;else throw Error(\"Predicate.evaluate returned an unexpected type.\");if(!m){m=e;g=m.f;var w=m.a;if(!w)throw Error(\"Next must be called at least once before remove.\");var r=w.b;w=w.a;r?r.a=w:g.a=w;w?w.b=r:g.b=r;g.l--;m.a=null}}return b}\nMb.prototype.toString=function(){return la(this.a,function(a,b){return a+K(b)},\"Predicates:\")};function R(a,b,c,d){J.call(this,4);this.c=a;this.o=b;this.h=c||new Mb([]);this.A=!!d;b=this.h;b=0<b.a.length?b.a[0].f:null;a.J&&b&&(a=b.name,a=x?a.toLowerCase():a,this.f={name:a,u:b.u});a:{a=this.h;for(b=0;b<a.a.length;b++)if(c=a.a[b],c.g||1==c.i||0==c.i){a=!0;break a}a=!1}this.g=a}l(R,J);\nR.prototype.a=function(a){var b=a.a,c=this.f,d=null,e=null,f=0;c&&(d=c.name,e=c.u?O(c.u,a):null,f=1);if(this.A)if(this.g||this.c!=Nb)if(b=H((new R(Ob,new G(\"node\"))).a(a)),c=I(b))for(a=this.m(c,d,e,f);null!=(c=I(b));)a=kb(a,this.m(c,d,e,f));else a=new E;else a=bb(this.o,b,d,e),a=yb(this.h,a,f);else a=this.m(a.a,d,e,f);return a};R.prototype.m=function(a,b,c,d){a=this.c.v(this.o,a,b,c);return a=yb(this.h,a,d)};\nR.prototype.toString=function(){var a=\"Step:\"+K(\"Operator: \"+(this.A?\"//\":\"/\"));this.c.j&&(a+=K(\"Axis: \"+this.c));a+=K(this.o);if(this.h.a.length){var b=la(this.h.a,function(c,d){return c+K(d)},\"Predicates:\");a+=K(b)}return a};function Pb(a,b,c,d){this.j=a;this.v=b;this.s=c;this.J=d}Pb.prototype.toString=function(){return this.j};var Qb={};function S(a,b,c,d){if(Qb.hasOwnProperty(a))throw Error(\"Axis already created: \"+a);b=new Pb(a,b,c,!!d);return Qb[a]=b}\nS(\"ancestor\",function(a,b){for(var c=new E;b=b.parentNode;)a.a(b)&&lb(c,b);return c},!0);S(\"ancestor-or-self\",function(a,b){var c=new E;do a.a(b)&&lb(c,b);while(b=b.parentNode);return c},!0);\nvar Gb=S(\"attribute\",function(a,b){var c=new E,d=a.f();if(\"style\"==d&&x&&b.style)return c.add(new Na(b.style,b,\"style\",b.style.cssText)),c;var e=b.attributes;if(e)if(a instanceof G&&null===a.b||\"*\"==d)for(a=0;d=e[a];a++)x?d.nodeValue&&c.add(Oa(b,d)):c.add(d);else(d=e.getNamedItem(d))&&(x?d.nodeValue&&c.add(Oa(b,d)):c.add(d));return c},!1),Nb=S(\"child\",function(a,b,c,d,e){return(x?hb:ib).call(null,a,b,aa(c)?c:null,aa(d)?d:null,e||new E)},!1,!0);S(\"descendant\",bb,!1,!0);\nvar Ob=S(\"descendant-or-self\",function(a,b,c,d){var e=new E;C(b,c,d)&&a.a(b)&&e.add(b);return bb(a,b,c,d,e)},!1,!0),Kb=S(\"following\",function(a,b,c,d){var e=new E;do for(var f=b;f=f.nextSibling;)C(f,c,d)&&a.a(f)&&e.add(f),e=bb(a,f,c,d,e);while(b=b.parentNode);return e},!1,!0);S(\"following-sibling\",function(a,b){for(var c=new E;b=b.nextSibling;)a.a(b)&&c.add(b);return c},!1);S(\"namespace\",function(){return new E},!1);\nvar Rb=S(\"parent\",function(a,b){var c=new E;if(9==b.nodeType)return c;if(2==b.nodeType)return c.add(b.ownerElement),c;b=b.parentNode;a.a(b)&&c.add(b);return c},!1),Lb=S(\"preceding\",function(a,b,c,d){var e=new E,f=[];do f.unshift(b);while(b=b.parentNode);for(var g=1,h=f.length;g<h;g++){var m=[];for(b=f[g];b=b.previousSibling;)m.unshift(b);for(var w=0,r=m.length;w<r;w++)b=m[w],C(b,c,d)&&a.a(b)&&e.add(b),e=bb(a,b,c,d,e)}return e},!0,!0);\nS(\"preceding-sibling\",function(a,b){for(var c=new E;b=b.previousSibling;)a.a(b)&&lb(c,b);return c},!0);var Sb=S(\"self\",function(a,b){var c=new E;a.a(b)&&c.add(b);return c},!1);function Tb(a){J.call(this,1);this.c=a;this.g=a.g;this.b=a.b}l(Tb,J);Tb.prototype.a=function(a){return-N(this.c,a)};Tb.prototype.toString=function(){return\"Unary Expression: -\"+K(this.c)};function Ub(a){J.call(this,4);this.c=a;pb(this,ma(this.c,function(b){return b.g}));qb(this,ma(this.c,function(b){return b.b}))}l(Ub,J);Ub.prototype.a=function(a){var b=new E;n(this.c,function(c){c=c.a(a);if(!(c instanceof E))throw Error(\"Path expression must evaluate to NodeSet.\");b=kb(b,c)});return b};Ub.prototype.toString=function(){return la(this.c,function(a,b){return a+K(b)},\"Union Expression:\")};function Vb(a,b){this.a=a;this.b=b}function Yb(a){for(var b,c=[];;){T(a,\"Missing right hand side of binary expression.\");b=Zb(a);var d=z(a.a);if(!d)break;var e=(d=wb[d]||null)&&d.D;if(!e){a.a.a--;break}for(;c.length&&e<=c[c.length-1].D;)b=new sb(c.pop(),c.pop(),b);c.push(b,d)}for(;c.length;)b=new sb(c.pop(),c.pop(),b);return b}function T(a,b){if(Ta(a.a))throw Error(b);}function $b(a,b){a=z(a.a);if(a!=b)throw Error(\"Bad token, expected: \"+b+\" got: \"+a);}\nfunction ac(a){a=z(a.a);if(\")\"!=a)throw Error(\"Bad token: \"+a);}function bc(a){a=z(a.a);if(2>a.length)throw Error(\"Unclosed literal string\");return new Db(a)}\nfunction cc(a){var b=[];if(Jb(y(a.a))){var c=z(a.a);var d=y(a.a);if(\"/\"==c&&(Ta(a.a)||\".\"!=d&&\"..\"!=d&&\"@\"!=d&&\"*\"!=d&&!/(?![0-9])[\\w]/.test(d)))return new Hb;d=new Hb;T(a,\"Missing next location step.\");c=dc(a,c);b.push(c)}else{a:{c=y(a.a);d=c.charAt(0);switch(d){case \"$\":throw Error(\"Variable reference not allowed in HTML XPath\");case \"(\":z(a.a);c=Yb(a);T(a,'unclosed \"(\"');$b(a,\")\");break;case '\"':case \"'\":c=bc(a);break;default:if(isNaN(+c))if(!Cb(c)&&/(?![0-9])[\\w]/.test(d)&&\"(\"==y(a.a,1)){c=z(a.a);\nc=Bb[c]||null;z(a.a);for(d=[];\")\"!=y(a.a);){T(a,\"Missing function argument list.\");d.push(Yb(a));if(\",\"!=y(a.a))break;z(a.a)}T(a,\"Unclosed function argument list.\");ac(a);c=new zb(c,d)}else{c=null;break a}else c=new Eb(+z(a.a))}\"[\"==y(a.a)&&(d=new Mb(ec(a)),c=new xb(c,d))}if(c)if(Jb(y(a.a)))d=c;else return c;else c=dc(a,\"/\"),d=new Ib,b.push(c)}for(;Jb(y(a.a));)c=z(a.a),T(a,\"Missing next location step.\"),c=dc(a,c),b.push(c);return new Fb(d,b)}\nfunction dc(a,b){if(\"/\"!=b&&\"//\"!=b)throw Error('Step op should be \"/\" or \"//\"');if(\".\"==y(a.a)){var c=new R(Sb,new G(\"node\"));z(a.a);return c}if(\"..\"==y(a.a))return c=new R(Rb,new G(\"node\")),z(a.a),c;if(\"@\"==y(a.a)){var d=Gb;z(a.a);T(a,\"Missing attribute name\")}else if(\"::\"==y(a.a,1)){if(!/(?![0-9])[\\w]/.test(y(a.a).charAt(0)))throw Error(\"Bad token: \"+z(a.a));var e=z(a.a);d=Qb[e]||null;if(!d)throw Error(\"No axis with name: \"+e);z(a.a);T(a,\"Missing node name\")}else d=Nb;e=y(a.a);if(/(?![0-9])[\\w\\*]/.test(e.charAt(0)))if(\"(\"==\ny(a.a,1)){if(!Cb(e))throw Error(\"Invalid node type: \"+e);e=z(a.a);if(!Cb(e))throw Error(\"Invalid type name: \"+e);$b(a,\"(\");T(a,\"Bad nodetype\");var f=y(a.a).charAt(0),g=null;if('\"'==f||\"'\"==f)g=bc(a);T(a,\"Bad nodetype\");ac(a);e=new G(e,g)}else if(e=z(a.a),f=e.indexOf(\":\"),-1==f)e=new F(e);else{g=e.substring(0,f);if(\"*\"==g)var h=\"*\";else if(h=a.b(g),!h)throw Error(\"Namespace prefix not declared: \"+g);e=e.substr(f+1);e=new F(e,h)}else throw Error(\"Bad token: \"+z(a.a));a=new Mb(ec(a),d.s);return c||new R(d,\ne,a,\"//\"==b)}function ec(a){for(var b=[];\"[\"==y(a.a);){z(a.a);T(a,\"Missing predicate expression.\");var c=Yb(a);b.push(c);T(a,\"Unclosed predicate expression.\");$b(a,\"]\")}return b}function Zb(a){if(\"-\"==y(a.a))return z(a.a),new Tb(Zb(a));var b=cc(a);if(\"|\"!=y(a.a))a=b;else{for(b=[b];\"|\"==z(a.a);)T(a,\"Missing next union location path.\"),b.push(cc(a));a.a.a--;a=new Ub(b)}return a};function fc(a){switch(a.nodeType){case 1:return ha(gc,a);case 9:return fc(a.documentElement);case 11:case 10:case 6:case 12:return hc;default:return a.parentNode?fc(a.parentNode):hc}}function hc(){return null}function gc(a,b){if(a.prefix==b)return a.namespaceURI||\"http://www.w3.org/1999/xhtml\";var c=a.getAttributeNode(\"xmlns:\"+b);return c&&c.specified?c.value||null:a.parentNode&&9!=a.parentNode.nodeType?gc(a.parentNode,b):null};function ic(a,b){if(!a.length)throw Error(\"Empty XPath expression.\");a=Qa(a);if(Ta(a))throw Error(\"Invalid XPath expression.\");b?\"function\"==ca(b)||(b=fa(b.lookupNamespaceURI,b)):b=function(){return null};var c=Yb(new Vb(a,b));if(!Ta(a))throw Error(\"Bad token: \"+z(a));this.evaluate=function(d,e){d=c.a(new ia(d));return new U(d,e)}}\nfunction U(a,b){if(0==b)if(a instanceof E)b=4;else if(\"string\"==typeof a)b=2;else if(\"number\"==typeof a)b=1;else if(\"boolean\"==typeof a)b=3;else throw Error(\"Unexpected evaluation result.\");if(2!=b&&1!=b&&3!=b&&!(a instanceof E))throw Error(\"value could not be converted to the specified type\");this.resultType=b;switch(b){case 2:this.stringValue=a instanceof E?nb(a):\"\"+a;break;case 1:this.numberValue=a instanceof E?+nb(a):+a;break;case 3:this.booleanValue=a instanceof E?0<a.l:!!a;break;case 4:case 5:case 6:case 7:var c=\nH(a);var d=[];for(var e=I(c);e;e=I(c))d.push(e instanceof Na?e.a:e);this.snapshotLength=a.l;this.invalidIteratorState=!1;break;case 8:case 9:a=mb(a);this.singleNodeValue=a instanceof Na?a.a:a;break;default:throw Error(\"Unknown XPathResult type.\");}var f=0;this.iterateNext=function(){if(4!=b&&5!=b)throw Error(\"iterateNext called with wrong result type\");return f>=d.length?null:d[f++]};this.snapshotItem=function(g){if(6!=b&&7!=b)throw Error(\"snapshotItem called with wrong result type\");return g>=d.length||\n0>g?null:d[g]}}U.ANY_TYPE=0;U.NUMBER_TYPE=1;U.STRING_TYPE=2;U.BOOLEAN_TYPE=3;U.UNORDERED_NODE_ITERATOR_TYPE=4;U.ORDERED_NODE_ITERATOR_TYPE=5;U.UNORDERED_NODE_SNAPSHOT_TYPE=6;U.ORDERED_NODE_SNAPSHOT_TYPE=7;U.ANY_UNORDERED_NODE_TYPE=8;U.FIRST_ORDERED_NODE_TYPE=9;function jc(a){this.lookupNamespaceURI=fc(a)}\nfunction kc(a,b){a=a||k;var c=a.Document&&a.Document.prototype||a.document;if(!c.evaluate||b)a.XPathResult=U,c.evaluate=function(d,e,f,g){return(new ic(d,f)).evaluate(e,g)},c.createExpression=function(d,e){return new ic(d,e)},c.createNSResolver=function(d){return new jc(d)}}ba(\"wgxpath.install\",kc);ba(\"wgxpath.install\",kc);var lc={aliceblue:\"#f0f8ff\",antiquewhite:\"#faebd7\",aqua:\"#00ffff\",aquamarine:\"#7fffd4\",azure:\"#f0ffff\",beige:\"#f5f5dc\",bisque:\"#ffe4c4\",black:\"#000000\",blanchedalmond:\"#ffebcd\",blue:\"#0000ff\",blueviolet:\"#8a2be2\",brown:\"#a52a2a\",burlywood:\"#deb887\",cadetblue:\"#5f9ea0\",chartreuse:\"#7fff00\",chocolate:\"#d2691e\",coral:\"#ff7f50\",cornflowerblue:\"#6495ed\",cornsilk:\"#fff8dc\",crimson:\"#dc143c\",cyan:\"#00ffff\",darkblue:\"#00008b\",darkcyan:\"#008b8b\",darkgoldenrod:\"#b8860b\",darkgray:\"#a9a9a9\",darkgreen:\"#006400\",\ndarkgrey:\"#a9a9a9\",darkkhaki:\"#bdb76b\",darkmagenta:\"#8b008b\",darkolivegreen:\"#556b2f\",darkorange:\"#ff8c00\",darkorchid:\"#9932cc\",darkred:\"#8b0000\",darksalmon:\"#e9967a\",darkseagreen:\"#8fbc8f\",darkslateblue:\"#483d8b\",darkslategray:\"#2f4f4f\",darkslategrey:\"#2f4f4f\",darkturquoise:\"#00ced1\",darkviolet:\"#9400d3\",deeppink:\"#ff1493\",deepskyblue:\"#00bfff\",dimgray:\"#696969\",dimgrey:\"#696969\",dodgerblue:\"#1e90ff\",firebrick:\"#b22222\",floralwhite:\"#fffaf0\",forestgreen:\"#228b22\",fuchsia:\"#ff00ff\",gainsboro:\"#dcdcdc\",\nghostwhite:\"#f8f8ff\",gold:\"#ffd700\",goldenrod:\"#daa520\",gray:\"#808080\",green:\"#008000\",greenyellow:\"#adff2f\",grey:\"#808080\",honeydew:\"#f0fff0\",hotpink:\"#ff69b4\",indianred:\"#cd5c5c\",indigo:\"#4b0082\",ivory:\"#fffff0\",khaki:\"#f0e68c\",lavender:\"#e6e6fa\",lavenderblush:\"#fff0f5\",lawngreen:\"#7cfc00\",lemonchiffon:\"#fffacd\",lightblue:\"#add8e6\",lightcoral:\"#f08080\",lightcyan:\"#e0ffff\",lightgoldenrodyellow:\"#fafad2\",lightgray:\"#d3d3d3\",lightgreen:\"#90ee90\",lightgrey:\"#d3d3d3\",lightpink:\"#ffb6c1\",lightsalmon:\"#ffa07a\",\nlightseagreen:\"#20b2aa\",lightskyblue:\"#87cefa\",lightslategray:\"#778899\",lightslategrey:\"#778899\",lightsteelblue:\"#b0c4de\",lightyellow:\"#ffffe0\",lime:\"#00ff00\",limegreen:\"#32cd32\",linen:\"#faf0e6\",magenta:\"#ff00ff\",maroon:\"#800000\",mediumaquamarine:\"#66cdaa\",mediumblue:\"#0000cd\",mediumorchid:\"#ba55d3\",mediumpurple:\"#9370db\",mediumseagreen:\"#3cb371\",mediumslateblue:\"#7b68ee\",mediumspringgreen:\"#00fa9a\",mediumturquoise:\"#48d1cc\",mediumvioletred:\"#c71585\",midnightblue:\"#191970\",mintcream:\"#f5fffa\",mistyrose:\"#ffe4e1\",\nmoccasin:\"#ffe4b5\",navajowhite:\"#ffdead\",navy:\"#000080\",oldlace:\"#fdf5e6\",olive:\"#808000\",olivedrab:\"#6b8e23\",orange:\"#ffa500\",orangered:\"#ff4500\",orchid:\"#da70d6\",palegoldenrod:\"#eee8aa\",palegreen:\"#98fb98\",paleturquoise:\"#afeeee\",palevioletred:\"#db7093\",papayawhip:\"#ffefd5\",peachpuff:\"#ffdab9\",peru:\"#cd853f\",pink:\"#ffc0cb\",plum:\"#dda0dd\",powderblue:\"#b0e0e6\",purple:\"#800080\",red:\"#ff0000\",rosybrown:\"#bc8f8f\",royalblue:\"#4169e1\",saddlebrown:\"#8b4513\",salmon:\"#fa8072\",sandybrown:\"#f4a460\",seagreen:\"#2e8b57\",\nseashell:\"#fff5ee\",sienna:\"#a0522d\",silver:\"#c0c0c0\",skyblue:\"#87ceeb\",slateblue:\"#6a5acd\",slategray:\"#708090\",slategrey:\"#708090\",snow:\"#fffafa\",springgreen:\"#00ff7f\",steelblue:\"#4682b4\",tan:\"#d2b48c\",teal:\"#008080\",thistle:\"#d8bfd8\",tomato:\"#ff6347\",turquoise:\"#40e0d0\",violet:\"#ee82ee\",wheat:\"#f5deb3\",white:\"#ffffff\",whitesmoke:\"#f5f5f5\",yellow:\"#ffff00\",yellowgreen:\"#9acd32\"};var mc=\"backgroundColor borderTopColor borderRightColor borderBottomColor borderLeftColor color outlineColor\".split(\" \"),nc=/#([0-9a-fA-F])([0-9a-fA-F])([0-9a-fA-F])/,oc=/^#(?:[0-9a-f]{3}){1,2}$/i,pc=/^(?:rgba)?\\((\\d{1,3}),\\s?(\\d{1,3}),\\s?(\\d{1,3}),\\s?(0|1|0\\.\\d*)\\)$/i,qc=/^(?:rgb)?\\((0|[1-9]\\d{0,2}),\\s?(0|[1-9]\\d{0,2}),\\s?(0|[1-9]\\d{0,2})\\)$/i;function rc(a,b){this.code=a;this.a=V[a]||sc;this.message=b||\"\";a=this.a.replace(/((?:^|\\s+)[a-z])/g,function(c){return c.toUpperCase().replace(/^[\\s\\xa0]+/g,\"\")});b=a.length-5;if(0>b||a.indexOf(\"Error\",b)!=b)a+=\"Error\";this.name=a;a=Error(this.message);a.name=this.name;this.stack=a.stack||\"\"}l(rc,Error);var sc=\"unknown error\",V={15:\"element not selectable\",11:\"element not visible\"};V[31]=sc;V[30]=sc;V[24]=\"invalid cookie domain\";V[29]=\"invalid element coordinates\";V[12]=\"invalid element state\";\nV[32]=\"invalid selector\";V[51]=\"invalid selector\";V[52]=\"invalid selector\";V[17]=\"javascript error\";V[405]=\"unsupported operation\";V[34]=\"move target out of bounds\";V[27]=\"no such alert\";V[7]=\"no such element\";V[8]=\"no such frame\";V[23]=\"no such window\";V[28]=\"script timeout\";V[33]=\"session not created\";V[10]=\"stale element reference\";V[21]=\"timeout\";V[25]=\"unable to set cookie\";V[26]=\"unexpected alert open\";V[13]=sc;V[9]=\"unknown command\";var tc=va(),uc=ya()||u(\"iPod\"),vc=u(\"iPad\"),wc=u(\"Android\")&&!(wa()||va()||u(\"Opera\")||u(\"Silk\")),xc=wa(),yc=u(\"Safari\")&&!(wa()||u(\"Coast\")||u(\"Opera\")||u(\"Edge\")||u(\"Edg/\")||u(\"OPR\")||va()||u(\"Silk\")||u(\"Android\"))&&!(ya()||u(\"iPad\")||u(\"iPod\"));function zc(a){return(a=a.exec(t))?a[1]:\"\"}(function(){if(tc)return zc(/Firefox\\/([0-9.]+)/);if(v||Ca||Ba)return Ga;if(xc)return ya()||u(\"iPad\")||u(\"iPod\")?zc(/CriOS\\/([0-9.]+)/):zc(/Chrome\\/([0-9.]+)/);if(yc&&!(ya()||u(\"iPad\")||u(\"iPod\")))return zc(/Version\\/([0-9.]+)/);if(uc||vc){var a=/Version\\/(\\S+).*Mobile\\/(\\S+)/.exec(t);if(a)return a[1]+\".\"+a[2]}else if(wc)return(a=zc(/Android\\s+([0-9.]+)/))?a:zc(/Version\\/([0-9.]+)/);return\"\"})();var Ac=v&&!(9<=Number(La));function W(a,b){b&&\"string\"!==typeof b&&(b=b.toString());return!!a&&1==a.nodeType&&(!b||a.tagName.toUpperCase()==b)};var Bc=function(){var a={K:\"http://www.w3.org/2000/svg\"};return function(b){return a[b]||null}}();\nfunction Cc(a,b){var c=A(a);if(!c.documentElement)return null;(v||wc)&&kc(c?c.parentWindow||c.defaultView:window);try{var d=c.createNSResolver?c.createNSResolver(c.documentElement):Bc;if(v&&!Ka(7))return c.evaluate.call(c,b,a,d,9,null);if(!v||9<=Number(La)){for(var e={},f=c.getElementsByTagName(\"*\"),g=0;g<f.length;++g){var h=f[g],m=h.namespaceURI;if(m&&!e[m]){var w=h.lookupPrefix(m);if(!w){var r=m.match(\".*/(\\\\w+)/?$\");w=r?r[1]:\"xhtml\"}e[m]=w}}var D={},L;for(L in e)D[e[L]]=L;d=function(M){return D[M]||\nnull}}try{return c.evaluate(b,a,d,9,null)}catch(M){if(\"TypeError\"===M.name)return d=c.createNSResolver?c.createNSResolver(c.documentElement):Bc,c.evaluate(b,a,d,9,null);throw M;}}catch(M){if(!Da||\"NS_ERROR_ILLEGAL_VALUE\"!=M.name)throw new rc(32,\"Unable to locate an element with the xpath expression \"+b+\" because of the following error:\\n\"+M);}}\nfunction Dc(a,b){var c=function(){var d=Cc(b,a);return d?d.singleNodeValue||null:b.selectSingleNode?(d=A(b),d.setProperty&&d.setProperty(\"SelectionLanguage\",\"XPath\"),b.selectSingleNode(a)):null}();if(null!==c&&(!c||1!=c.nodeType))throw new rc(32,'The result of the xpath expression \"'+a+'\" is: '+c+\". It should be an element.\");return c};function Ec(a,b,c,d){this.c=a;this.a=b;this.b=c;this.f=d}Ec.prototype.ceil=function(){this.c=Math.ceil(this.c);this.a=Math.ceil(this.a);this.b=Math.ceil(this.b);this.f=Math.ceil(this.f);return this};Ec.prototype.floor=function(){this.c=Math.floor(this.c);this.a=Math.floor(this.a);this.b=Math.floor(this.b);this.f=Math.floor(this.f);return this};Ec.prototype.round=function(){this.c=Math.round(this.c);this.a=Math.round(this.a);this.b=Math.round(this.b);this.f=Math.round(this.f);return this};function X(a,b,c,d){this.a=a;this.b=b;this.width=c;this.height=d}X.prototype.ceil=function(){this.a=Math.ceil(this.a);this.b=Math.ceil(this.b);this.width=Math.ceil(this.width);this.height=Math.ceil(this.height);return this};X.prototype.floor=function(){this.a=Math.floor(this.a);this.b=Math.floor(this.b);this.width=Math.floor(this.width);this.height=Math.floor(this.height);return this};\nX.prototype.round=function(){this.a=Math.round(this.a);this.b=Math.round(this.b);this.width=Math.round(this.width);this.height=Math.round(this.height);return this};var Fc=\"function\"===typeof ShadowRoot;function Gc(a){for(a=a.parentNode;a&&1!=a.nodeType&&9!=a.nodeType&&11!=a.nodeType;)a=a.parentNode;return W(a)?a:null}\nfunction Y(a,b){b=xa(b);if(\"float\"==b||\"cssFloat\"==b||\"styleFloat\"==b)b=Ac?\"styleFloat\":\"cssFloat\";a:{var c=b;var d=A(a);if(d.defaultView&&d.defaultView.getComputedStyle&&(d=d.defaultView.getComputedStyle(a,null))){c=d[c]||d.getPropertyValue(c)||\"\";break a}c=\"\"}a=c||Hc(a,b);if(null===a)a=null;else if(0<=ja(mc,b)){b:{var e=a.match(pc);if(e&&(b=Number(e[1]),c=Number(e[2]),d=Number(e[3]),e=Number(e[4]),0<=b&&255>=b&&0<=c&&255>=c&&0<=d&&255>=d&&0<=e&&1>=e)){b=[b,c,d,e];break b}b=null}if(!b)b:{if(d=a.match(qc))if(b=\nNumber(d[1]),c=Number(d[2]),d=Number(d[3]),0<=b&&255>=b&&0<=c&&255>=c&&0<=d&&255>=d){b=[b,c,d,1];break b}b=null}if(!b)b:{b=a.toLowerCase();c=lc[b.toLowerCase()];if(!c&&(c=\"#\"==b.charAt(0)?b:\"#\"+b,4==c.length&&(c=c.replace(nc,\"#$1$1$2$2$3$3\")),!oc.test(c))){b=null;break b}b=[parseInt(c.substr(1,2),16),parseInt(c.substr(3,2),16),parseInt(c.substr(5,2),16),1]}a=b?\"rgba(\"+b.join(\", \")+\")\":a}return a}\nfunction Hc(a,b){var c=a.currentStyle||a.style,d=c[b];void 0===d&&\"function\"==ca(c.getPropertyValue)&&(d=c.getPropertyValue(b));return\"inherit\"!=d?void 0!==d?d:null:(a=Gc(a))?Hc(a,b):null}\nfunction Ic(a,b,c){function d(g){var h=Jc(g);return 0<h.height&&0<h.width?!0:W(g,\"PATH\")&&(0<h.height||0<h.width)?(g=Y(g,\"stroke-width\"),!!g&&0<parseInt(g,10)):\"hidden\"!=Y(g,\"overflow\")&&ma(g.childNodes,function(m){return 3==m.nodeType||W(m)&&d(m)})}function e(g){return Kc(g)==Z&&na(g.childNodes,function(h){return!W(h)||e(h)||!d(h)})}if(!W(a))throw Error(\"Argument to isShown must be of type Element\");if(W(a,\"BODY\"))return!0;if(W(a,\"OPTION\")||W(a,\"OPTGROUP\"))return a=$a(a,function(g){return W(g,\"SELECT\")}),\n!!a&&Ic(a,!0,c);var f=Lc(a);if(f)return!!f.image&&0<f.rect.width&&0<f.rect.height&&Ic(f.image,b,c);if(W(a,\"INPUT\")&&\"hidden\"==a.type.toLowerCase()||W(a,\"NOSCRIPT\"))return!1;f=Y(a,\"visibility\");return\"collapse\"!=f&&\"hidden\"!=f&&c(a)&&(b||0!=Mc(a))&&d(a)?!e(a):!1}var Z=\"hidden\";\nfunction Kc(a){function b(p){function q(fb){if(fb==g)return!0;var Wb=Y(fb,\"display\");return 0==Wb.lastIndexOf(\"inline\",0)||\"contents\"==Wb||\"absolute\"==Xb&&\"static\"==Y(fb,\"position\")?!1:!0}var Xb=Y(p,\"position\");if(\"fixed\"==Xb)return w=!0,p==g?null:g;for(p=Gc(p);p&&!q(p);)p=Gc(p);return p}function c(p){var q=p;if(\"visible\"==m)if(p==g&&h)q=h;else if(p==h)return{x:\"visible\",y:\"visible\"};q={x:Y(q,\"overflow-x\"),y:Y(q,\"overflow-y\")};p==g&&(q.x=\"visible\"==q.x?\"auto\":q.x,q.y=\"visible\"==q.y?\"auto\":q.y);return q}\nfunction d(p){if(p==g){var q=(new ab(f)).a;p=q.scrollingElement?q.scrollingElement:Ea||\"CSS1Compat\"!=q.compatMode?q.body||q.documentElement:q.documentElement;q=q.parentWindow||q.defaultView;p=v&&Ka(\"10\")&&q.pageYOffset!=p.scrollTop?new Ua(p.scrollLeft,p.scrollTop):new Ua(q.pageXOffset||p.scrollLeft,q.pageYOffset||p.scrollTop)}else p=new Ua(p.scrollLeft,p.scrollTop);return p}var e=Nc(a),f=A(a),g=f.documentElement,h=f.body,m=Y(g,\"overflow\"),w;for(a=b(a);a;a=b(a)){var r=c(a);if(\"visible\"!=r.x||\"visible\"!=\nr.y){var D=Jc(a);if(0==D.width||0==D.height)return Z;var L=e.a<D.a,M=e.b<D.b;if(L&&\"hidden\"==r.x||M&&\"hidden\"==r.y)return Z;if(L&&\"visible\"!=r.x||M&&\"visible\"!=r.y){L=d(a);M=e.b<D.b-L.y;if(e.a<D.a-L.x&&\"visible\"!=r.x||M&&\"visible\"!=r.x)return Z;e=Kc(a);return e==Z?Z:\"scroll\"}L=e.f>=D.a+D.width;D=e.c>=D.b+D.height;if(L&&\"hidden\"==r.x||D&&\"hidden\"==r.y)return Z;if(L&&\"visible\"!=r.x||D&&\"visible\"!=r.y){if(w&&(r=d(a),e.f>=g.scrollWidth-r.x||e.a>=g.scrollHeight-r.y))return Z;e=Kc(a);return e==Z?Z:\"scroll\"}}}return\"none\"}\nfunction Jc(a){var b=Lc(a);if(b)return b.rect;if(W(a,\"HTML\"))return a=A(a),a=((a?a.parentWindow||a.defaultView:window)||window).document,a=\"CSS1Compat\"==a.compatMode?a.documentElement:a.body,a=new Va(a.clientWidth,a.clientHeight),new X(0,0,a.width,a.height);try{var c=a.getBoundingClientRect()}catch(d){return new X(0,0,0,0)}b=new X(c.left,c.top,c.right-c.left,c.bottom-c.top);v&&a.ownerDocument.body&&(a=A(a),b.a-=a.documentElement.clientLeft+a.body.clientLeft,b.b-=a.documentElement.clientTop+a.body.clientTop);\nreturn b}function Lc(a){var b=W(a,\"MAP\");if(!b&&!W(a,\"AREA\"))return null;var c=b?a:W(a.parentNode,\"MAP\")?a.parentNode:null,d=null,e=null;c&&c.name&&(d=Dc('/descendant::*[@usemap = \"#'+c.name+'\"]',A(c)))&&(e=Jc(d),b||\"default\"==a.shape.toLowerCase()||(a=Oc(a),b=Math.min(Math.max(a.a,0),e.width),c=Math.min(Math.max(a.b,0),e.height),e=new X(b+e.a,c+e.b,Math.min(a.width,e.width-b),Math.min(a.height,e.height-c))));return{image:d,rect:e||new X(0,0,0,0)}}\nfunction Oc(a){var b=a.shape.toLowerCase();a=a.coords.split(\",\");if(\"rect\"==b&&4==a.length){b=a[0];var c=a[1];return new X(b,c,a[2]-b,a[3]-c)}if(\"circle\"==b&&3==a.length)return b=a[2],new X(a[0]-b,a[1]-b,2*b,2*b);if(\"poly\"==b&&2<a.length){b=a[0];c=a[1];for(var d=b,e=c,f=2;f+1<a.length;f+=2)b=Math.min(b,a[f]),d=Math.max(d,a[f]),c=Math.min(c,a[f+1]),e=Math.max(e,a[f+1]);return new X(b,c,d-b,e-c)}return new X(0,0,0,0)}function Nc(a){a=Jc(a);return new Ec(a.b,a.a+a.width,a.b+a.height,a.a)}\nfunction Mc(a){if(Ac){if(\"relative\"==Y(a,\"position\"))return 1;a=Y(a,\"filter\");return(a=a.match(/^alpha\\(opacity=(\\d*)\\)/)||a.match(/^progid:DXImageTransform.Microsoft.Alpha\\(Opacity=(\\d*)\\)/))?Number(a[1])/100:1}return Pc(a)}function Pc(a){var b=1,c=Y(a,\"opacity\");c&&(b=Number(c));(a=Gc(a))&&(b*=Pc(a));return b};ba(\"_\",function(a,b){function c(d){if(W(d)&&\"none\"==Y(d,\"display\"))return!1;var e;if((e=d.parentNode)&&e.shadowRoot&&void 0!==d.assignedSlot)e=d.assignedSlot?d.assignedSlot.parentNode:null;else if(d.getDestinationInsertionPoints){var f=d.getDestinationInsertionPoints();0<f.length&&(e=f[f.length-1])}if(Fc&&e instanceof ShadowRoot){if(e.host.shadowRoot!==e)return!1;e=e.host}return!e||9!=e.nodeType&&11!=e.nodeType?e&&W(e,\"DETAILS\")&&!e.open&&!W(d,\"SUMMARY\")?!1:!!e&&c(e):!0}return Ic(a,!!b,c)});; return this._.apply(null,arguments);}).apply({navigator:typeof window!='undefined'?window.navigator:null,document:typeof window!='undefined'?window.document:null}, arguments);}\n).apply(null, arguments);", "args": [{"element-6066-11e4-a52e-4f735466cecf": "f.63B823F5F932B18CEF0487356FDD0014.d.D73C794E0A517EC1AD39918C00504A79.e.44"}]}
DEBUG    urllib3.connectionpool:connectionpool.py:544 http://selenium-hub:4444 "POST /wd/hub/session/9be8c1aa68ba25175154757d50bb5f31/execute/sync HTTP/1.1" 200 0
DEBUG    selenium.webdriver.remote.remote_connection:remote_connection.py:329 Remote response: status=200 | data={"value":true} | headers=HTTPHeaderDict({'content-length': '14', 'content-type': 'application/json; charset=utf-8', 'cache-control': 'no-cache'})
DEBUG    selenium.webdriver.remote.remote_connection:remote_connection.py:356 Finished Request
DEBUG    selenium.webdriver.remote.remote_connection:remote_connection.py:313 POST http://selenium-hub:4444/wd/hub/session/9be8c1aa68ba25175154757d50bb5f31/execute/sync {"script": "/* isDisplayed */return (function(){return (function(){var k=this||self;function aa(a){return\"string\"==typeof a}function ba(a,b){a=a.split(\".\");var c=k;a[0]in c||\"undefined\"==typeof c.execScript||c.execScript(\"var \"+a[0]);for(var d;a.length&&(d=a.shift());)a.length||void 0===b?c[d]&&c[d]!==Object.prototype[d]?c=c[d]:c=c[d]={}:c[d]=b}\nfunction ca(a){var b=typeof a;if(\"object\"==b)if(a){if(a instanceof Array)return\"array\";if(a instanceof Object)return b;var c=Object.prototype.toString.call(a);if(\"[object Window]\"==c)return\"object\";if(\"[object Array]\"==c||\"number\"==typeof a.length&&\"undefined\"!=typeof a.splice&&\"undefined\"!=typeof a.propertyIsEnumerable&&!a.propertyIsEnumerable(\"splice\"))return\"array\";if(\"[object Function]\"==c||\"undefined\"!=typeof a.call&&\"undefined\"!=typeof a.propertyIsEnumerable&&!a.propertyIsEnumerable(\"call\"))return\"function\"}else return\"null\";\nelse if(\"function\"==b&&\"undefined\"==typeof a.call)return\"object\";return b}function da(a,b,c){return a.call.apply(a.bind,arguments)}function ea(a,b,c){if(!a)throw Error();if(2<arguments.length){var d=Array.prototype.slice.call(arguments,2);return function(){var e=Array.prototype.slice.call(arguments);Array.prototype.unshift.apply(e,d);return a.apply(b,e)}}return function(){return a.apply(b,arguments)}}\nfunction fa(a,b,c){Function.prototype.bind&&-1!=Function.prototype.bind.toString().indexOf(\"native code\")?fa=da:fa=ea;return fa.apply(null,arguments)}function ha(a,b){var c=Array.prototype.slice.call(arguments,1);return function(){var d=c.slice();d.push.apply(d,arguments);return a.apply(this,d)}}function l(a,b){function c(){}c.prototype=b.prototype;a.prototype=new c;a.prototype.constructor=a};/*\n\n The MIT License\n\n Copyright (c) 2007 Cybozu Labs, Inc.\n Copyright (c) 2012 Google Inc.\n\n Permission is hereby granted, free of charge, to any person obtaining a copy\n of this software and associated documentation files (the \"Software\"), to\n deal in the Software without restriction, including without limitation the\n rights to use, copy, modify, merge, publish, distribute, sublicense, and/or\n sell copies of the Software, and to permit persons to whom the Software is\n furnished to do so, subject to the following conditions:\n\n The above copyright notice and this permission notice shall be included in\n all copies or substantial portions of the Software.\n\n THE SOFTWARE IS PROVIDED \"AS IS\", WITHOUT WARRANTY OF ANY KIND, EXPRESS OR\n IMPLIED, INCLUDING BUT NOT LIMITED TO THE WARRANTIES OF MERCHANTABILITY,\n FITNESS FOR A PARTICULAR PURPOSE AND NONINFRINGEMENT. IN NO EVENT SHALL THE\n AUTHORS OR COPYRIGHT HOLDERS BE LIABLE FOR ANY CLAIM, DAMAGES OR OTHER\n LIABILITY, WHETHER IN AN ACTION OF CONTRACT, TORT OR OTHERWISE, ARISING\n FROM, OUT OF OR IN CONNECTION WITH THE SOFTWARE OR THE USE OR OTHER DEALINGS\n IN THE SOFTWARE.\n*/\nfunction ia(a,b,c){this.a=a;this.b=b||1;this.f=c||1};var ja=Array.prototype.indexOf?function(a,b){return Array.prototype.indexOf.call(a,b,void 0)}:function(a,b){if(\"string\"===typeof a)return\"string\"!==typeof b||1!=b.length?-1:a.indexOf(b,0);for(var c=0;c<a.length;c++)if(c in a&&a[c]===b)return c;return-1},n=Array.prototype.forEach?function(a,b){Array.prototype.forEach.call(a,b,void 0)}:function(a,b){for(var c=a.length,d=\"string\"===typeof a?a.split(\"\"):a,e=0;e<c;e++)e in d&&b.call(void 0,d[e],e,a)},ka=Array.prototype.filter?function(a,b){return Array.prototype.filter.call(a,\nb,void 0)}:function(a,b){for(var c=a.length,d=[],e=0,f=\"string\"===typeof a?a.split(\"\"):a,g=0;g<c;g++)if(g in f){var h=f[g];b.call(void 0,h,g,a)&&(d[e++]=h)}return d},la=Array.prototype.reduce?function(a,b,c){return Array.prototype.reduce.call(a,b,c)}:function(a,b,c){var d=c;n(a,function(e,f){d=b.call(void 0,d,e,f,a)});return d},ma=Array.prototype.some?function(a,b){return Array.prototype.some.call(a,b,void 0)}:function(a,b){for(var c=a.length,d=\"string\"===typeof a?a.split(\"\"):a,e=0;e<c;e++)if(e in\nd&&b.call(void 0,d[e],e,a))return!0;return!1},na=Array.prototype.every?function(a,b){return Array.prototype.every.call(a,b,void 0)}:function(a,b){for(var c=a.length,d=\"string\"===typeof a?a.split(\"\"):a,e=0;e<c;e++)if(e in d&&!b.call(void 0,d[e],e,a))return!1;return!0};function oa(a,b){a:{for(var c=a.length,d=\"string\"===typeof a?a.split(\"\"):a,e=0;e<c;e++)if(e in d&&b.call(void 0,d[e],e,a)){b=e;break a}b=-1}return 0>b?null:\"string\"===typeof a?a.charAt(b):a[b]}\nfunction pa(a){return Array.prototype.concat.apply([],arguments)}function qa(a,b,c){return 2>=arguments.length?Array.prototype.slice.call(a,b):Array.prototype.slice.call(a,b,c)};var ra=String.prototype.trim?function(a){return a.trim()}:function(a){return/^[\\s\\xa0]*([\\s\\S]*?)[\\s\\xa0]*$/.exec(a)[1]};function sa(a,b){return a<b?-1:a>b?1:0};var t;a:{var ta=k.navigator;if(ta){var ua=ta.userAgent;if(ua){t=ua;break a}}t=\"\"}function u(a){return-1!=t.indexOf(a)};function va(){return u(\"Firefox\")||u(\"FxiOS\")}function wa(){return(u(\"Chrome\")||u(\"CriOS\"))&&!u(\"Edge\")};function xa(a){return String(a).replace(/\\-([a-z])/g,function(b,c){return c.toUpperCase()})};function ya(){return u(\"iPhone\")&&!u(\"iPod\")&&!u(\"iPad\")};function za(a,b){var c=Aa;return Object.prototype.hasOwnProperty.call(c,a)?c[a]:c[a]=b(a)};var Ba=u(\"Opera\"),v=u(\"Trident\")||u(\"MSIE\"),Ca=u(\"Edge\"),Da=u(\"Gecko\")&&!(-1!=t.toLowerCase().indexOf(\"webkit\")&&!u(\"Edge\"))&&!(u(\"Trident\")||u(\"MSIE\"))&&!u(\"Edge\"),Ea=-1!=t.toLowerCase().indexOf(\"webkit\")&&!u(\"Edge\");function Fa(){var a=k.document;return a?a.documentMode:void 0}var Ga;\na:{var Ha=\"\",Ia=function(){var a=t;if(Da)return/rv:([^\\);]+)(\\)|;)/.exec(a);if(Ca)return/Edge\\/([\\d\\.]+)/.exec(a);if(v)return/\\b(?:MSIE|rv)[: ]([^\\);]+)(\\)|;)/.exec(a);if(Ea)return/WebKit\\/(\\S+)/.exec(a);if(Ba)return/(?:Version)[ \\/]?(\\S+)/.exec(a)}();Ia&&(Ha=Ia?Ia[1]:\"\");if(v){var Ja=Fa();if(null!=Ja&&Ja>parseFloat(Ha)){Ga=String(Ja);break a}}Ga=Ha}var Aa={};\nfunction Ka(a){return za(a,function(){for(var b=0,c=ra(String(Ga)).split(\".\"),d=ra(String(a)).split(\".\"),e=Math.max(c.length,d.length),f=0;0==b&&f<e;f++){var g=c[f]||\"\",h=d[f]||\"\";do{g=/(\\d*)(\\D*)(.*)/.exec(g)||[\"\",\"\",\"\",\"\"];h=/(\\d*)(\\D*)(.*)/.exec(h)||[\"\",\"\",\"\",\"\"];if(0==g[0].length&&0==h[0].length)break;b=sa(0==g[1].length?0:parseInt(g[1],10),0==h[1].length?0:parseInt(h[1],10))||sa(0==g[2].length,0==h[2].length)||sa(g[2],h[2]);g=g[3];h=h[3]}while(0==b)}return 0<=b})}var La;\nLa=k.document&&v?Fa():void 0;var x=v&&!(9<=Number(La)),Ma=v&&!(8<=Number(La));function Na(a,b,c,d){this.a=a;this.nodeName=c;this.nodeValue=d;this.nodeType=2;this.parentNode=this.ownerElement=b}function Oa(a,b){var c=Ma&&\"href\"==b.nodeName?a.getAttribute(b.nodeName,2):b.nodeValue;return new Na(b,a,b.nodeName,c)};function Pa(a){this.b=a;this.a=0}function Qa(a){a=a.match(Ra);for(var b=0;b<a.length;b++)Sa.test(a[b])&&a.splice(b,1);return new Pa(a)}var Ra=/\\$?(?:(?![0-9-\\.])(?:\\*|[\\w-\\.]+):)?(?![0-9-\\.])(?:\\*|[\\w-\\.]+)|\\/\\/|\\.\\.|::|\\d+(?:\\.\\d*)?|\\.\\d+|\"[^\"]*\"|'[^']*'|[!<>]=|\\s+|./g,Sa=/^\\s/;function y(a,b){return a.b[a.a+(b||0)]}function z(a){return a.b[a.a++]}function Ta(a){return a.b.length<=a.a};function Ua(a,b){this.x=void 0!==a?a:0;this.y=void 0!==b?b:0}Ua.prototype.ceil=function(){this.x=Math.ceil(this.x);this.y=Math.ceil(this.y);return this};Ua.prototype.floor=function(){this.x=Math.floor(this.x);this.y=Math.floor(this.y);return this};Ua.prototype.round=function(){this.x=Math.round(this.x);this.y=Math.round(this.y);return this};function Va(a,b){this.width=a;this.height=b}Va.prototype.aspectRatio=function(){return this.width/this.height};Va.prototype.ceil=function(){this.width=Math.ceil(this.width);this.height=Math.ceil(this.height);return this};Va.prototype.floor=function(){this.width=Math.floor(this.width);this.height=Math.floor(this.height);return this};Va.prototype.round=function(){this.width=Math.round(this.width);this.height=Math.round(this.height);return this};function Wa(a,b){if(!a||!b)return!1;if(a.contains&&1==b.nodeType)return a==b||a.contains(b);if(\"undefined\"!=typeof a.compareDocumentPosition)return a==b||!!(a.compareDocumentPosition(b)&16);for(;b&&a!=b;)b=b.parentNode;return b==a}\nfunction Xa(a,b){if(a==b)return 0;if(a.compareDocumentPosition)return a.compareDocumentPosition(b)&2?1:-1;if(v&&!(9<=Number(La))){if(9==a.nodeType)return-1;if(9==b.nodeType)return 1}if(\"sourceIndex\"in a||a.parentNode&&\"sourceIndex\"in a.parentNode){var c=1==a.nodeType,d=1==b.nodeType;if(c&&d)return a.sourceIndex-b.sourceIndex;var e=a.parentNode,f=b.parentNode;return e==f?Ya(a,b):!c&&Wa(e,b)?-1*Za(a,b):!d&&Wa(f,a)?Za(b,a):(c?a.sourceIndex:e.sourceIndex)-(d?b.sourceIndex:f.sourceIndex)}d=A(a);c=d.createRange();\nc.selectNode(a);c.collapse(!0);a=d.createRange();a.selectNode(b);a.collapse(!0);return c.compareBoundaryPoints(k.Range.START_TO_END,a)}function Za(a,b){var c=a.parentNode;if(c==b)return-1;for(;b.parentNode!=c;)b=b.parentNode;return Ya(b,a)}function Ya(a,b){for(;b=b.previousSibling;)if(b==a)return-1;return 1}function A(a){return 9==a.nodeType?a:a.ownerDocument||a.document}function $a(a,b){a&&(a=a.parentNode);for(var c=0;a;){if(b(a))return a;a=a.parentNode;c++}return null}\nfunction ab(a){this.a=a||k.document||document}ab.prototype.getElementsByTagName=function(a,b){return(b||this.a).getElementsByTagName(String(a))};function B(a){var b=null,c=a.nodeType;1==c&&(b=a.textContent,b=void 0==b||null==b?a.innerText:b,b=void 0==b||null==b?\"\":b);if(\"string\"!=typeof b)if(x&&\"title\"==a.nodeName.toLowerCase()&&1==c)b=a.text;else if(9==c||1==c){a=9==c?a.documentElement:a.firstChild;c=0;var d=[];for(b=\"\";a;){do 1!=a.nodeType&&(b+=a.nodeValue),x&&\"title\"==a.nodeName.toLowerCase()&&(b+=a.text),d[c++]=a;while(a=a.firstChild);for(;c&&!(a=d[--c].nextSibling););}}else b=a.nodeValue;return b}\nfunction C(a,b,c){if(null===b)return!0;try{if(!a.getAttribute)return!1}catch(d){return!1}Ma&&\"class\"==b&&(b=\"className\");return null==c?!!a.getAttribute(b):a.getAttribute(b,2)==c}function bb(a,b,c,d,e){return(x?cb:db).call(null,a,b,aa(c)?c:null,aa(d)?d:null,e||new E)}\nfunction cb(a,b,c,d,e){if(a instanceof F||8==a.b||c&&null===a.b){var f=b.all;if(!f)return e;a=eb(a);if(\"*\"!=a&&(f=b.getElementsByTagName(a),!f))return e;if(c){for(var g=[],h=0;b=f[h++];)C(b,c,d)&&g.push(b);f=g}for(h=0;b=f[h++];)\"*\"==a&&\"!\"==b.tagName||e.add(b);return e}gb(a,b,c,d,e);return e}\nfunction db(a,b,c,d,e){b.getElementsByName&&d&&\"name\"==c&&!v?(b=b.getElementsByName(d),n(b,function(f){a.a(f)&&e.add(f)})):b.getElementsByClassName&&d&&\"class\"==c?(b=b.getElementsByClassName(d),n(b,function(f){f.className==d&&a.a(f)&&e.add(f)})):a instanceof G?gb(a,b,c,d,e):b.getElementsByTagName&&(b=b.getElementsByTagName(a.f()),n(b,function(f){C(f,c,d)&&e.add(f)}));return e}\nfunction hb(a,b,c,d,e){var f;if((a instanceof F||8==a.b||c&&null===a.b)&&(f=b.childNodes)){var g=eb(a);if(\"*\"!=g&&(f=ka(f,function(h){return h.tagName&&h.tagName.toLowerCase()==g}),!f))return e;c&&(f=ka(f,function(h){return C(h,c,d)}));n(f,function(h){\"*\"==g&&(\"!\"==h.tagName||\"*\"==g&&1!=h.nodeType)||e.add(h)});return e}return ib(a,b,c,d,e)}function ib(a,b,c,d,e){for(b=b.firstChild;b;b=b.nextSibling)C(b,c,d)&&a.a(b)&&e.add(b);return e}\nfunction gb(a,b,c,d,e){for(b=b.firstChild;b;b=b.nextSibling)C(b,c,d)&&a.a(b)&&e.add(b),gb(a,b,c,d,e)}function eb(a){if(a instanceof G){if(8==a.b)return\"!\";if(null===a.b)return\"*\"}return a.f()};function E(){this.b=this.a=null;this.l=0}function jb(a){this.f=a;this.a=this.b=null}function kb(a,b){if(!a.a)return b;if(!b.a)return a;var c=a.a;b=b.a;for(var d=null,e,f=0;c&&b;){e=c.f;var g=b.f;e==g||e instanceof Na&&g instanceof Na&&e.a==g.a?(e=c,c=c.a,b=b.a):0<Xa(c.f,b.f)?(e=b,b=b.a):(e=c,c=c.a);(e.b=d)?d.a=e:a.a=e;d=e;f++}for(e=c||b;e;)e.b=d,d=d.a=e,f++,e=e.a;a.b=d;a.l=f;return a}function lb(a,b){b=new jb(b);b.a=a.a;a.b?a.a.b=b:a.a=a.b=b;a.a=b;a.l++}\nE.prototype.add=function(a){a=new jb(a);a.b=this.b;this.a?this.b.a=a:this.a=this.b=a;this.b=a;this.l++};function mb(a){return(a=a.a)?a.f:null}function nb(a){return(a=mb(a))?B(a):\"\"}function H(a,b){return new ob(a,!!b)}function ob(a,b){this.f=a;this.b=(this.s=b)?a.b:a.a;this.a=null}function I(a){var b=a.b;if(null==b)return null;var c=a.a=b;a.b=a.s?b.b:b.a;return c.f};function J(a){this.i=a;this.b=this.g=!1;this.f=null}function K(a){return\"\\n  \"+a.toString().split(\"\\n\").join(\"\\n  \")}function pb(a,b){a.g=b}function qb(a,b){a.b=b}function N(a,b){a=a.a(b);return a instanceof E?+nb(a):+a}function O(a,b){a=a.a(b);return a instanceof E?nb(a):\"\"+a}function rb(a,b){a=a.a(b);return a instanceof E?!!a.l:!!a};function sb(a,b,c){J.call(this,a.i);this.c=a;this.h=b;this.o=c;this.g=b.g||c.g;this.b=b.b||c.b;this.c==tb&&(c.b||c.g||4==c.i||0==c.i||!b.f?b.b||b.g||4==b.i||0==b.i||!c.f||(this.f={name:c.f.name,u:b}):this.f={name:b.f.name,u:c})}l(sb,J);\nfunction ub(a,b,c,d,e){b=b.a(d);c=c.a(d);var f;if(b instanceof E&&c instanceof E){b=H(b);for(d=I(b);d;d=I(b))for(e=H(c),f=I(e);f;f=I(e))if(a(B(d),B(f)))return!0;return!1}if(b instanceof E||c instanceof E){b instanceof E?(e=b,d=c):(e=c,d=b);f=H(e);for(var g=typeof d,h=I(f);h;h=I(f)){switch(g){case \"number\":h=+B(h);break;case \"boolean\":h=!!B(h);break;case \"string\":h=B(h);break;default:throw Error(\"Illegal primitive type for comparison.\");}if(e==b&&a(h,d)||e==c&&a(d,h))return!0}return!1}return e?\"boolean\"==\ntypeof b||\"boolean\"==typeof c?a(!!b,!!c):\"number\"==typeof b||\"number\"==typeof c?a(+b,+c):a(b,c):a(+b,+c)}sb.prototype.a=function(a){return this.c.m(this.h,this.o,a)};sb.prototype.toString=function(){var a=\"Binary Expression: \"+this.c;a+=K(this.h);return a+=K(this.o)};function vb(a,b,c,d){this.I=a;this.D=b;this.i=c;this.m=d}vb.prototype.toString=function(){return this.I};var wb={};\nfunction P(a,b,c,d){if(wb.hasOwnProperty(a))throw Error(\"Binary operator already created: \"+a);a=new vb(a,b,c,d);return wb[a.toString()]=a}P(\"div\",6,1,function(a,b,c){return N(a,c)/N(b,c)});P(\"mod\",6,1,function(a,b,c){return N(a,c)%N(b,c)});P(\"*\",6,1,function(a,b,c){return N(a,c)*N(b,c)});P(\"+\",5,1,function(a,b,c){return N(a,c)+N(b,c)});P(\"-\",5,1,function(a,b,c){return N(a,c)-N(b,c)});P(\"<\",4,2,function(a,b,c){return ub(function(d,e){return d<e},a,b,c)});\nP(\">\",4,2,function(a,b,c){return ub(function(d,e){return d>e},a,b,c)});P(\"<=\",4,2,function(a,b,c){return ub(function(d,e){return d<=e},a,b,c)});P(\">=\",4,2,function(a,b,c){return ub(function(d,e){return d>=e},a,b,c)});var tb=P(\"=\",3,2,function(a,b,c){return ub(function(d,e){return d==e},a,b,c,!0)});P(\"!=\",3,2,function(a,b,c){return ub(function(d,e){return d!=e},a,b,c,!0)});P(\"and\",2,2,function(a,b,c){return rb(a,c)&&rb(b,c)});P(\"or\",1,2,function(a,b,c){return rb(a,c)||rb(b,c)});function xb(a,b){if(b.a.length&&4!=a.i)throw Error(\"Primary expression must evaluate to nodeset if filter has predicate(s).\");J.call(this,a.i);this.c=a;this.h=b;this.g=a.g;this.b=a.b}l(xb,J);xb.prototype.a=function(a){a=this.c.a(a);return yb(this.h,a)};xb.prototype.toString=function(){var a=\"Filter:\"+K(this.c);return a+=K(this.h)};function zb(a,b){if(b.length<a.C)throw Error(\"Function \"+a.j+\" expects at least\"+a.C+\" arguments, \"+b.length+\" given\");if(null!==a.B&&b.length>a.B)throw Error(\"Function \"+a.j+\" expects at most \"+a.B+\" arguments, \"+b.length+\" given\");a.H&&n(b,function(c,d){if(4!=c.i)throw Error(\"Argument \"+d+\" to function \"+a.j+\" is not of type Nodeset: \"+c);});J.call(this,a.i);this.v=a;this.c=b;pb(this,a.g||ma(b,function(c){return c.g}));qb(this,a.G&&!b.length||a.F&&!!b.length||ma(b,function(c){return c.b}))}\nl(zb,J);zb.prototype.a=function(a){return this.v.m.apply(null,pa(a,this.c))};zb.prototype.toString=function(){var a=\"Function: \"+this.v;if(this.c.length){var b=la(this.c,function(c,d){return c+K(d)},\"Arguments:\");a+=K(b)}return a};function Ab(a,b,c,d,e,f,g,h){this.j=a;this.i=b;this.g=c;this.G=d;this.F=!1;this.m=e;this.C=f;this.B=void 0!==g?g:f;this.H=!!h}Ab.prototype.toString=function(){return this.j};var Bb={};\nfunction Q(a,b,c,d,e,f,g,h){if(Bb.hasOwnProperty(a))throw Error(\"Function already created: \"+a+\".\");Bb[a]=new Ab(a,b,c,d,e,f,g,h)}Q(\"boolean\",2,!1,!1,function(a,b){return rb(b,a)},1);Q(\"ceiling\",1,!1,!1,function(a,b){return Math.ceil(N(b,a))},1);Q(\"concat\",3,!1,!1,function(a,b){return la(qa(arguments,1),function(c,d){return c+O(d,a)},\"\")},2,null);Q(\"contains\",2,!1,!1,function(a,b,c){b=O(b,a);a=O(c,a);return-1!=b.indexOf(a)},2);Q(\"count\",1,!1,!1,function(a,b){return b.a(a).l},1,1,!0);\nQ(\"false\",2,!1,!1,function(){return!1},0);Q(\"floor\",1,!1,!1,function(a,b){return Math.floor(N(b,a))},1);Q(\"id\",4,!1,!1,function(a,b){function c(h){if(x){var m=e.all[h];if(m){if(m.nodeType&&h==m.id)return m;if(m.length)return oa(m,function(w){return h==w.id})}return null}return e.getElementById(h)}var d=a.a,e=9==d.nodeType?d:d.ownerDocument;a=O(b,a).split(/\\s+/);var f=[];n(a,function(h){h=c(h);!h||0<=ja(f,h)||f.push(h)});f.sort(Xa);var g=new E;n(f,function(h){g.add(h)});return g},1);\nQ(\"lang\",2,!1,!1,function(){return!1},1);Q(\"last\",1,!0,!1,function(a){if(1!=arguments.length)throw Error(\"Function last expects ()\");return a.f},0);Q(\"local-name\",3,!1,!0,function(a,b){return(a=b?mb(b.a(a)):a.a)?a.localName||a.nodeName.toLowerCase():\"\"},0,1,!0);Q(\"name\",3,!1,!0,function(a,b){return(a=b?mb(b.a(a)):a.a)?a.nodeName.toLowerCase():\"\"},0,1,!0);Q(\"namespace-uri\",3,!0,!1,function(){return\"\"},0,1,!0);\nQ(\"normalize-space\",3,!1,!0,function(a,b){return(b?O(b,a):B(a.a)).replace(/[\\s\\xa0]+/g,\" \").replace(/^\\s+|\\s+$/g,\"\")},0,1);Q(\"not\",2,!1,!1,function(a,b){return!rb(b,a)},1);Q(\"number\",1,!1,!0,function(a,b){return b?N(b,a):+B(a.a)},0,1);Q(\"position\",1,!0,!1,function(a){return a.b},0);Q(\"round\",1,!1,!1,function(a,b){return Math.round(N(b,a))},1);Q(\"starts-with\",2,!1,!1,function(a,b,c){b=O(b,a);a=O(c,a);return 0==b.lastIndexOf(a,0)},2);Q(\"string\",3,!1,!0,function(a,b){return b?O(b,a):B(a.a)},0,1);\nQ(\"string-length\",1,!1,!0,function(a,b){return(b?O(b,a):B(a.a)).length},0,1);Q(\"substring\",3,!1,!1,function(a,b,c,d){c=N(c,a);if(isNaN(c)||Infinity==c||-Infinity==c)return\"\";d=d?N(d,a):Infinity;if(isNaN(d)||-Infinity===d)return\"\";c=Math.round(c)-1;var e=Math.max(c,0);a=O(b,a);return Infinity==d?a.substring(e):a.substring(e,c+Math.round(d))},2,3);Q(\"substring-after\",3,!1,!1,function(a,b,c){b=O(b,a);a=O(c,a);c=b.indexOf(a);return-1==c?\"\":b.substring(c+a.length)},2);\nQ(\"substring-before\",3,!1,!1,function(a,b,c){b=O(b,a);a=O(c,a);a=b.indexOf(a);return-1==a?\"\":b.substring(0,a)},2);Q(\"sum\",1,!1,!1,function(a,b){a=H(b.a(a));b=0;for(var c=I(a);c;c=I(a))b+=+B(c);return b},1,1,!0);Q(\"translate\",3,!1,!1,function(a,b,c,d){b=O(b,a);c=O(c,a);var e=O(d,a);a={};for(d=0;d<c.length;d++){var f=c.charAt(d);f in a||(a[f]=e.charAt(d))}c=\"\";for(d=0;d<b.length;d++)f=b.charAt(d),c+=f in a?a[f]:f;return c},3);Q(\"true\",2,!1,!1,function(){return!0},0);function G(a,b){this.h=a;this.c=void 0!==b?b:null;this.b=null;switch(a){case \"comment\":this.b=8;break;case \"text\":this.b=3;break;case \"processing-instruction\":this.b=7;break;case \"node\":break;default:throw Error(\"Unexpected argument\");}}function Cb(a){return\"comment\"==a||\"text\"==a||\"processing-instruction\"==a||\"node\"==a}G.prototype.a=function(a){return null===this.b||this.b==a.nodeType};G.prototype.f=function(){return this.h};\nG.prototype.toString=function(){var a=\"Kind Test: \"+this.h;null===this.c||(a+=K(this.c));return a};function Db(a){J.call(this,3);this.c=a.substring(1,a.length-1)}l(Db,J);Db.prototype.a=function(){return this.c};Db.prototype.toString=function(){return\"Literal: \"+this.c};function F(a,b){this.j=a.toLowerCase();a=\"*\"==this.j?\"*\":\"http://www.w3.org/1999/xhtml\";this.c=b?b.toLowerCase():a}F.prototype.a=function(a){var b=a.nodeType;if(1!=b&&2!=b)return!1;b=void 0!==a.localName?a.localName:a.nodeName;return\"*\"!=this.j&&this.j!=b.toLowerCase()?!1:\"*\"==this.c?!0:this.c==(a.namespaceURI?a.namespaceURI.toLowerCase():\"http://www.w3.org/1999/xhtml\")};F.prototype.f=function(){return this.j};\nF.prototype.toString=function(){return\"Name Test: \"+(\"http://www.w3.org/1999/xhtml\"==this.c?\"\":this.c+\":\")+this.j};function Eb(a){J.call(this,1);this.c=a}l(Eb,J);Eb.prototype.a=function(){return this.c};Eb.prototype.toString=function(){return\"Number: \"+this.c};function Fb(a,b){J.call(this,a.i);this.h=a;this.c=b;this.g=a.g;this.b=a.b;1==this.c.length&&(a=this.c[0],a.A||a.c!=Gb||(a=a.o,\"*\"!=a.f()&&(this.f={name:a.f(),u:null})))}l(Fb,J);function Hb(){J.call(this,4)}l(Hb,J);Hb.prototype.a=function(a){var b=new E;a=a.a;9==a.nodeType?b.add(a):b.add(a.ownerDocument);return b};Hb.prototype.toString=function(){return\"Root Helper Expression\"};function Ib(){J.call(this,4)}l(Ib,J);Ib.prototype.a=function(a){var b=new E;b.add(a.a);return b};Ib.prototype.toString=function(){return\"Context Helper Expression\"};\nfunction Jb(a){return\"/\"==a||\"//\"==a}Fb.prototype.a=function(a){var b=this.h.a(a);if(!(b instanceof E))throw Error(\"Filter expression must evaluate to nodeset.\");a=this.c;for(var c=0,d=a.length;c<d&&b.l;c++){var e=a[c],f=H(b,e.c.s);if(e.g||e.c!=Kb)if(e.g||e.c!=Lb){var g=I(f);for(b=e.a(new ia(g));null!=(g=I(f));)g=e.a(new ia(g)),b=kb(b,g)}else g=I(f),b=e.a(new ia(g));else{for(g=I(f);(b=I(f))&&(!g.contains||g.contains(b))&&b.compareDocumentPosition(g)&8;g=b);b=e.a(new ia(g))}}return b};\nFb.prototype.toString=function(){var a=\"Path Expression:\"+K(this.h);if(this.c.length){var b=la(this.c,function(c,d){return c+K(d)},\"Steps:\");a+=K(b)}return a};function Mb(a,b){this.a=a;this.s=!!b}\nfunction yb(a,b,c){for(c=c||0;c<a.a.length;c++)for(var d=a.a[c],e=H(b),f=b.l,g,h=0;g=I(e);h++){var m=a.s?f-h:h+1;g=d.a(new ia(g,m,f));if(\"number\"==typeof g)m=m==g;else if(\"string\"==typeof g||\"boolean\"==typeof g)m=!!g;else if(g instanceof E)m=0<g.l;else throw Error(\"Predicate.evaluate returned an unexpected type.\");if(!m){m=e;g=m.f;var w=m.a;if(!w)throw Error(\"Next must be called at least once before remove.\");var r=w.b;w=w.a;r?r.a=w:g.a=w;w?w.b=r:g.b=r;g.l--;m.a=null}}return b}\nMb.prototype.toString=function(){return la(this.a,function(a,b){return a+K(b)},\"Predicates:\")};function R(a,b,c,d){J.call(this,4);this.c=a;this.o=b;this.h=c||new Mb([]);this.A=!!d;b=this.h;b=0<b.a.length?b.a[0].f:null;a.J&&b&&(a=b.name,a=x?a.toLowerCase():a,this.f={name:a,u:b.u});a:{a=this.h;for(b=0;b<a.a.length;b++)if(c=a.a[b],c.g||1==c.i||0==c.i){a=!0;break a}a=!1}this.g=a}l(R,J);\nR.prototype.a=function(a){var b=a.a,c=this.f,d=null,e=null,f=0;c&&(d=c.name,e=c.u?O(c.u,a):null,f=1);if(this.A)if(this.g||this.c!=Nb)if(b=H((new R(Ob,new G(\"node\"))).a(a)),c=I(b))for(a=this.m(c,d,e,f);null!=(c=I(b));)a=kb(a,this.m(c,d,e,f));else a=new E;else a=bb(this.o,b,d,e),a=yb(this.h,a,f);else a=this.m(a.a,d,e,f);return a};R.prototype.m=function(a,b,c,d){a=this.c.v(this.o,a,b,c);return a=yb(this.h,a,d)};\nR.prototype.toString=function(){var a=\"Step:\"+K(\"Operator: \"+(this.A?\"//\":\"/\"));this.c.j&&(a+=K(\"Axis: \"+this.c));a+=K(this.o);if(this.h.a.length){var b=la(this.h.a,function(c,d){return c+K(d)},\"Predicates:\");a+=K(b)}return a};function Pb(a,b,c,d){this.j=a;this.v=b;this.s=c;this.J=d}Pb.prototype.toString=function(){return this.j};var Qb={};function S(a,b,c,d){if(Qb.hasOwnProperty(a))throw Error(\"Axis already created: \"+a);b=new Pb(a,b,c,!!d);return Qb[a]=b}\nS(\"ancestor\",function(a,b){for(var c=new E;b=b.parentNode;)a.a(b)&&lb(c,b);return c},!0);S(\"ancestor-or-self\",function(a,b){var c=new E;do a.a(b)&&lb(c,b);while(b=b.parentNode);return c},!0);\nvar Gb=S(\"attribute\",function(a,b){var c=new E,d=a.f();if(\"style\"==d&&x&&b.style)return c.add(new Na(b.style,b,\"style\",b.style.cssText)),c;var e=b.attributes;if(e)if(a instanceof G&&null===a.b||\"*\"==d)for(a=0;d=e[a];a++)x?d.nodeValue&&c.add(Oa(b,d)):c.add(d);else(d=e.getNamedItem(d))&&(x?d.nodeValue&&c.add(Oa(b,d)):c.add(d));return c},!1),Nb=S(\"child\",function(a,b,c,d,e){return(x?hb:ib).call(null,a,b,aa(c)?c:null,aa(d)?d:null,e||new E)},!1,!0);S(\"descendant\",bb,!1,!0);\nvar Ob=S(\"descendant-or-self\",function(a,b,c,d){var e=new E;C(b,c,d)&&a.a(b)&&e.add(b);return bb(a,b,c,d,e)},!1,!0),Kb=S(\"following\",function(a,b,c,d){var e=new E;do for(var f=b;f=f.nextSibling;)C(f,c,d)&&a.a(f)&&e.add(f),e=bb(a,f,c,d,e);while(b=b.parentNode);return e},!1,!0);S(\"following-sibling\",function(a,b){for(var c=new E;b=b.nextSibling;)a.a(b)&&c.add(b);return c},!1);S(\"namespace\",function(){return new E},!1);\nvar Rb=S(\"parent\",function(a,b){var c=new E;if(9==b.nodeType)return c;if(2==b.nodeType)return c.add(b.ownerElement),c;b=b.parentNode;a.a(b)&&c.add(b);return c},!1),Lb=S(\"preceding\",function(a,b,c,d){var e=new E,f=[];do f.unshift(b);while(b=b.parentNode);for(var g=1,h=f.length;g<h;g++){var m=[];for(b=f[g];b=b.previousSibling;)m.unshift(b);for(var w=0,r=m.length;w<r;w++)b=m[w],C(b,c,d)&&a.a(b)&&e.add(b),e=bb(a,b,c,d,e)}return e},!0,!0);\nS(\"preceding-sibling\",function(a,b){for(var c=new E;b=b.previousSibling;)a.a(b)&&lb(c,b);return c},!0);var Sb=S(\"self\",function(a,b){var c=new E;a.a(b)&&c.add(b);return c},!1);function Tb(a){J.call(this,1);this.c=a;this.g=a.g;this.b=a.b}l(Tb,J);Tb.prototype.a=function(a){return-N(this.c,a)};Tb.prototype.toString=function(){return\"Unary Expression: -\"+K(this.c)};function Ub(a){J.call(this,4);this.c=a;pb(this,ma(this.c,function(b){return b.g}));qb(this,ma(this.c,function(b){return b.b}))}l(Ub,J);Ub.prototype.a=function(a){var b=new E;n(this.c,function(c){c=c.a(a);if(!(c instanceof E))throw Error(\"Path expression must evaluate to NodeSet.\");b=kb(b,c)});return b};Ub.prototype.toString=function(){return la(this.c,function(a,b){return a+K(b)},\"Union Expression:\")};function Vb(a,b){this.a=a;this.b=b}function Yb(a){for(var b,c=[];;){T(a,\"Missing right hand side of binary expression.\");b=Zb(a);var d=z(a.a);if(!d)break;var e=(d=wb[d]||null)&&d.D;if(!e){a.a.a--;break}for(;c.length&&e<=c[c.length-1].D;)b=new sb(c.pop(),c.pop(),b);c.push(b,d)}for(;c.length;)b=new sb(c.pop(),c.pop(),b);return b}function T(a,b){if(Ta(a.a))throw Error(b);}function $b(a,b){a=z(a.a);if(a!=b)throw Error(\"Bad token, expected: \"+b+\" got: \"+a);}\nfunction ac(a){a=z(a.a);if(\")\"!=a)throw Error(\"Bad token: \"+a);}function bc(a){a=z(a.a);if(2>a.length)throw Error(\"Unclosed literal string\");return new Db(a)}\nfunction cc(a){var b=[];if(Jb(y(a.a))){var c=z(a.a);var d=y(a.a);if(\"/\"==c&&(Ta(a.a)||\".\"!=d&&\"..\"!=d&&\"@\"!=d&&\"*\"!=d&&!/(?![0-9])[\\w]/.test(d)))return new Hb;d=new Hb;T(a,\"Missing next location step.\");c=dc(a,c);b.push(c)}else{a:{c=y(a.a);d=c.charAt(0);switch(d){case \"$\":throw Error(\"Variable reference not allowed in HTML XPath\");case \"(\":z(a.a);c=Yb(a);T(a,'unclosed \"(\"');$b(a,\")\");break;case '\"':case \"'\":c=bc(a);break;default:if(isNaN(+c))if(!Cb(c)&&/(?![0-9])[\\w]/.test(d)&&\"(\"==y(a.a,1)){c=z(a.a);\nc=Bb[c]||null;z(a.a);for(d=[];\")\"!=y(a.a);){T(a,\"Missing function argument list.\");d.push(Yb(a));if(\",\"!=y(a.a))break;z(a.a)}T(a,\"Unclosed function argument list.\");ac(a);c=new zb(c,d)}else{c=null;break a}else c=new Eb(+z(a.a))}\"[\"==y(a.a)&&(d=new Mb(ec(a)),c=new xb(c,d))}if(c)if(Jb(y(a.a)))d=c;else return c;else c=dc(a,\"/\"),d=new Ib,b.push(c)}for(;Jb(y(a.a));)c=z(a.a),T(a,\"Missing next location step.\"),c=dc(a,c),b.push(c);return new Fb(d,b)}\nfunction dc(a,b){if(\"/\"!=b&&\"//\"!=b)throw Error('Step op should be \"/\" or \"//\"');if(\".\"==y(a.a)){var c=new R(Sb,new G(\"node\"));z(a.a);return c}if(\"..\"==y(a.a))return c=new R(Rb,new G(\"node\")),z(a.a),c;if(\"@\"==y(a.a)){var d=Gb;z(a.a);T(a,\"Missing attribute name\")}else if(\"::\"==y(a.a,1)){if(!/(?![0-9])[\\w]/.test(y(a.a).charAt(0)))throw Error(\"Bad token: \"+z(a.a));var e=z(a.a);d=Qb[e]||null;if(!d)throw Error(\"No axis with name: \"+e);z(a.a);T(a,\"Missing node name\")}else d=Nb;e=y(a.a);if(/(?![0-9])[\\w\\*]/.test(e.charAt(0)))if(\"(\"==\ny(a.a,1)){if(!Cb(e))throw Error(\"Invalid node type: \"+e);e=z(a.a);if(!Cb(e))throw Error(\"Invalid type name: \"+e);$b(a,\"(\");T(a,\"Bad nodetype\");var f=y(a.a).charAt(0),g=null;if('\"'==f||\"'\"==f)g=bc(a);T(a,\"Bad nodetype\");ac(a);e=new G(e,g)}else if(e=z(a.a),f=e.indexOf(\":\"),-1==f)e=new F(e);else{g=e.substring(0,f);if(\"*\"==g)var h=\"*\";else if(h=a.b(g),!h)throw Error(\"Namespace prefix not declared: \"+g);e=e.substr(f+1);e=new F(e,h)}else throw Error(\"Bad token: \"+z(a.a));a=new Mb(ec(a),d.s);return c||new R(d,\ne,a,\"//\"==b)}function ec(a){for(var b=[];\"[\"==y(a.a);){z(a.a);T(a,\"Missing predicate expression.\");var c=Yb(a);b.push(c);T(a,\"Unclosed predicate expression.\");$b(a,\"]\")}return b}function Zb(a){if(\"-\"==y(a.a))return z(a.a),new Tb(Zb(a));var b=cc(a);if(\"|\"!=y(a.a))a=b;else{for(b=[b];\"|\"==z(a.a);)T(a,\"Missing next union location path.\"),b.push(cc(a));a.a.a--;a=new Ub(b)}return a};function fc(a){switch(a.nodeType){case 1:return ha(gc,a);case 9:return fc(a.documentElement);case 11:case 10:case 6:case 12:return hc;default:return a.parentNode?fc(a.parentNode):hc}}function hc(){return null}function gc(a,b){if(a.prefix==b)return a.namespaceURI||\"http://www.w3.org/1999/xhtml\";var c=a.getAttributeNode(\"xmlns:\"+b);return c&&c.specified?c.value||null:a.parentNode&&9!=a.parentNode.nodeType?gc(a.parentNode,b):null};function ic(a,b){if(!a.length)throw Error(\"Empty XPath expression.\");a=Qa(a);if(Ta(a))throw Error(\"Invalid XPath expression.\");b?\"function\"==ca(b)||(b=fa(b.lookupNamespaceURI,b)):b=function(){return null};var c=Yb(new Vb(a,b));if(!Ta(a))throw Error(\"Bad token: \"+z(a));this.evaluate=function(d,e){d=c.a(new ia(d));return new U(d,e)}}\nfunction U(a,b){if(0==b)if(a instanceof E)b=4;else if(\"string\"==typeof a)b=2;else if(\"number\"==typeof a)b=1;else if(\"boolean\"==typeof a)b=3;else throw Error(\"Unexpected evaluation result.\");if(2!=b&&1!=b&&3!=b&&!(a instanceof E))throw Error(\"value could not be converted to the specified type\");this.resultType=b;switch(b){case 2:this.stringValue=a instanceof E?nb(a):\"\"+a;break;case 1:this.numberValue=a instanceof E?+nb(a):+a;break;case 3:this.booleanValue=a instanceof E?0<a.l:!!a;break;case 4:case 5:case 6:case 7:var c=\nH(a);var d=[];for(var e=I(c);e;e=I(c))d.push(e instanceof Na?e.a:e);this.snapshotLength=a.l;this.invalidIteratorState=!1;break;case 8:case 9:a=mb(a);this.singleNodeValue=a instanceof Na?a.a:a;break;default:throw Error(\"Unknown XPathResult type.\");}var f=0;this.iterateNext=function(){if(4!=b&&5!=b)throw Error(\"iterateNext called with wrong result type\");return f>=d.length?null:d[f++]};this.snapshotItem=function(g){if(6!=b&&7!=b)throw Error(\"snapshotItem called with wrong result type\");return g>=d.length||\n0>g?null:d[g]}}U.ANY_TYPE=0;U.NUMBER_TYPE=1;U.STRING_TYPE=2;U.BOOLEAN_TYPE=3;U.UNORDERED_NODE_ITERATOR_TYPE=4;U.ORDERED_NODE_ITERATOR_TYPE=5;U.UNORDERED_NODE_SNAPSHOT_TYPE=6;U.ORDERED_NODE_SNAPSHOT_TYPE=7;U.ANY_UNORDERED_NODE_TYPE=8;U.FIRST_ORDERED_NODE_TYPE=9;function jc(a){this.lookupNamespaceURI=fc(a)}\nfunction kc(a,b){a=a||k;var c=a.Document&&a.Document.prototype||a.document;if(!c.evaluate||b)a.XPathResult=U,c.evaluate=function(d,e,f,g){return(new ic(d,f)).evaluate(e,g)},c.createExpression=function(d,e){return new ic(d,e)},c.createNSResolver=function(d){return new jc(d)}}ba(\"wgxpath.install\",kc);ba(\"wgxpath.install\",kc);var lc={aliceblue:\"#f0f8ff\",antiquewhite:\"#faebd7\",aqua:\"#00ffff\",aquamarine:\"#7fffd4\",azure:\"#f0ffff\",beige:\"#f5f5dc\",bisque:\"#ffe4c4\",black:\"#000000\",blanchedalmond:\"#ffebcd\",blue:\"#0000ff\",blueviolet:\"#8a2be2\",brown:\"#a52a2a\",burlywood:\"#deb887\",cadetblue:\"#5f9ea0\",chartreuse:\"#7fff00\",chocolate:\"#d2691e\",coral:\"#ff7f50\",cornflowerblue:\"#6495ed\",cornsilk:\"#fff8dc\",crimson:\"#dc143c\",cyan:\"#00ffff\",darkblue:\"#00008b\",darkcyan:\"#008b8b\",darkgoldenrod:\"#b8860b\",darkgray:\"#a9a9a9\",darkgreen:\"#006400\",\ndarkgrey:\"#a9a9a9\",darkkhaki:\"#bdb76b\",darkmagenta:\"#8b008b\",darkolivegreen:\"#556b2f\",darkorange:\"#ff8c00\",darkorchid:\"#9932cc\",darkred:\"#8b0000\",darksalmon:\"#e9967a\",darkseagreen:\"#8fbc8f\",darkslateblue:\"#483d8b\",darkslategray:\"#2f4f4f\",darkslategrey:\"#2f4f4f\",darkturquoise:\"#00ced1\",darkviolet:\"#9400d3\",deeppink:\"#ff1493\",deepskyblue:\"#00bfff\",dimgray:\"#696969\",dimgrey:\"#696969\",dodgerblue:\"#1e90ff\",firebrick:\"#b22222\",floralwhite:\"#fffaf0\",forestgreen:\"#228b22\",fuchsia:\"#ff00ff\",gainsboro:\"#dcdcdc\",\nghostwhite:\"#f8f8ff\",gold:\"#ffd700\",goldenrod:\"#daa520\",gray:\"#808080\",green:\"#008000\",greenyellow:\"#adff2f\",grey:\"#808080\",honeydew:\"#f0fff0\",hotpink:\"#ff69b4\",indianred:\"#cd5c5c\",indigo:\"#4b0082\",ivory:\"#fffff0\",khaki:\"#f0e68c\",lavender:\"#e6e6fa\",lavenderblush:\"#fff0f5\",lawngreen:\"#7cfc00\",lemonchiffon:\"#fffacd\",lightblue:\"#add8e6\",lightcoral:\"#f08080\",lightcyan:\"#e0ffff\",lightgoldenrodyellow:\"#fafad2\",lightgray:\"#d3d3d3\",lightgreen:\"#90ee90\",lightgrey:\"#d3d3d3\",lightpink:\"#ffb6c1\",lightsalmon:\"#ffa07a\",\nlightseagreen:\"#20b2aa\",lightskyblue:\"#87cefa\",lightslategray:\"#778899\",lightslategrey:\"#778899\",lightsteelblue:\"#b0c4de\",lightyellow:\"#ffffe0\",lime:\"#00ff00\",limegreen:\"#32cd32\",linen:\"#faf0e6\",magenta:\"#ff00ff\",maroon:\"#800000\",mediumaquamarine:\"#66cdaa\",mediumblue:\"#0000cd\",mediumorchid:\"#ba55d3\",mediumpurple:\"#9370db\",mediumseagreen:\"#3cb371\",mediumslateblue:\"#7b68ee\",mediumspringgreen:\"#00fa9a\",mediumturquoise:\"#48d1cc\",mediumvioletred:\"#c71585\",midnightblue:\"#191970\",mintcream:\"#f5fffa\",mistyrose:\"#ffe4e1\",\nmoccasin:\"#ffe4b5\",navajowhite:\"#ffdead\",navy:\"#000080\",oldlace:\"#fdf5e6\",olive:\"#808000\",olivedrab:\"#6b8e23\",orange:\"#ffa500\",orangered:\"#ff4500\",orchid:\"#da70d6\",palegoldenrod:\"#eee8aa\",palegreen:\"#98fb98\",paleturquoise:\"#afeeee\",palevioletred:\"#db7093\",papayawhip:\"#ffefd5\",peachpuff:\"#ffdab9\",peru:\"#cd853f\",pink:\"#ffc0cb\",plum:\"#dda0dd\",powderblue:\"#b0e0e6\",purple:\"#800080\",red:\"#ff0000\",rosybrown:\"#bc8f8f\",royalblue:\"#4169e1\",saddlebrown:\"#8b4513\",salmon:\"#fa8072\",sandybrown:\"#f4a460\",seagreen:\"#2e8b57\",\nseashell:\"#fff5ee\",sienna:\"#a0522d\",silver:\"#c0c0c0\",skyblue:\"#87ceeb\",slateblue:\"#6a5acd\",slategray:\"#708090\",slategrey:\"#708090\",snow:\"#fffafa\",springgreen:\"#00ff7f\",steelblue:\"#4682b4\",tan:\"#d2b48c\",teal:\"#008080\",thistle:\"#d8bfd8\",tomato:\"#ff6347\",turquoise:\"#40e0d0\",violet:\"#ee82ee\",wheat:\"#f5deb3\",white:\"#ffffff\",whitesmoke:\"#f5f5f5\",yellow:\"#ffff00\",yellowgreen:\"#9acd32\"};var mc=\"backgroundColor borderTopColor borderRightColor borderBottomColor borderLeftColor color outlineColor\".split(\" \"),nc=/#([0-9a-fA-F])([0-9a-fA-F])([0-9a-fA-F])/,oc=/^#(?:[0-9a-f]{3}){1,2}$/i,pc=/^(?:rgba)?\\((\\d{1,3}),\\s?(\\d{1,3}),\\s?(\\d{1,3}),\\s?(0|1|0\\.\\d*)\\)$/i,qc=/^(?:rgb)?\\((0|[1-9]\\d{0,2}),\\s?(0|[1-9]\\d{0,2}),\\s?(0|[1-9]\\d{0,2})\\)$/i;function rc(a,b){this.code=a;this.a=V[a]||sc;this.message=b||\"\";a=this.a.replace(/((?:^|\\s+)[a-z])/g,function(c){return c.toUpperCase().replace(/^[\\s\\xa0]+/g,\"\")});b=a.length-5;if(0>b||a.indexOf(\"Error\",b)!=b)a+=\"Error\";this.name=a;a=Error(this.message);a.name=this.name;this.stack=a.stack||\"\"}l(rc,Error);var sc=\"unknown error\",V={15:\"element not selectable\",11:\"element not visible\"};V[31]=sc;V[30]=sc;V[24]=\"invalid cookie domain\";V[29]=\"invalid element coordinates\";V[12]=\"invalid element state\";\nV[32]=\"invalid selector\";V[51]=\"invalid selector\";V[52]=\"invalid selector\";V[17]=\"javascript error\";V[405]=\"unsupported operation\";V[34]=\"move target out of bounds\";V[27]=\"no such alert\";V[7]=\"no such element\";V[8]=\"no such frame\";V[23]=\"no such window\";V[28]=\"script timeout\";V[33]=\"session not created\";V[10]=\"stale element reference\";V[21]=\"timeout\";V[25]=\"unable to set cookie\";V[26]=\"unexpected alert open\";V[13]=sc;V[9]=\"unknown command\";var tc=va(),uc=ya()||u(\"iPod\"),vc=u(\"iPad\"),wc=u(\"Android\")&&!(wa()||va()||u(\"Opera\")||u(\"Silk\")),xc=wa(),yc=u(\"Safari\")&&!(wa()||u(\"Coast\")||u(\"Opera\")||u(\"Edge\")||u(\"Edg/\")||u(\"OPR\")||va()||u(\"Silk\")||u(\"Android\"))&&!(ya()||u(\"iPad\")||u(\"iPod\"));function zc(a){return(a=a.exec(t))?a[1]:\"\"}(function(){if(tc)return zc(/Firefox\\/([0-9.]+)/);if(v||Ca||Ba)return Ga;if(xc)return ya()||u(\"iPad\")||u(\"iPod\")?zc(/CriOS\\/([0-9.]+)/):zc(/Chrome\\/([0-9.]+)/);if(yc&&!(ya()||u(\"iPad\")||u(\"iPod\")))return zc(/Version\\/([0-9.]+)/);if(uc||vc){var a=/Version\\/(\\S+).*Mobile\\/(\\S+)/.exec(t);if(a)return a[1]+\".\"+a[2]}else if(wc)return(a=zc(/Android\\s+([0-9.]+)/))?a:zc(/Version\\/([0-9.]+)/);return\"\"})();var Ac=v&&!(9<=Number(La));function W(a,b){b&&\"string\"!==typeof b&&(b=b.toString());return!!a&&1==a.nodeType&&(!b||a.tagName.toUpperCase()==b)};var Bc=function(){var a={K:\"http://www.w3.org/2000/svg\"};return function(b){return a[b]||null}}();\nfunction Cc(a,b){var c=A(a);if(!c.documentElement)return null;(v||wc)&&kc(c?c.parentWindow||c.defaultView:window);try{var d=c.createNSResolver?c.createNSResolver(c.documentElement):Bc;if(v&&!Ka(7))return c.evaluate.call(c,b,a,d,9,null);if(!v||9<=Number(La)){for(var e={},f=c.getElementsByTagName(\"*\"),g=0;g<f.length;++g){var h=f[g],m=h.namespaceURI;if(m&&!e[m]){var w=h.lookupPrefix(m);if(!w){var r=m.match(\".*/(\\\\w+)/?$\");w=r?r[1]:\"xhtml\"}e[m]=w}}var D={},L;for(L in e)D[e[L]]=L;d=function(M){return D[M]||\nnull}}try{return c.evaluate(b,a,d,9,null)}catch(M){if(\"TypeError\"===M.name)return d=c.createNSResolver?c.createNSResolver(c.documentElement):Bc,c.evaluate(b,a,d,9,null);throw M;}}catch(M){if(!Da||\"NS_ERROR_ILLEGAL_VALUE\"!=M.name)throw new rc(32,\"Unable to locate an element with the xpath expression \"+b+\" because of the following error:\\n\"+M);}}\nfunction Dc(a,b){var c=function(){var d=Cc(b,a);return d?d.singleNodeValue||null:b.selectSingleNode?(d=A(b),d.setProperty&&d.setProperty(\"SelectionLanguage\",\"XPath\"),b.selectSingleNode(a)):null}();if(null!==c&&(!c||1!=c.nodeType))throw new rc(32,'The result of the xpath expression \"'+a+'\" is: '+c+\". It should be an element.\");return c};function Ec(a,b,c,d){this.c=a;this.a=b;this.b=c;this.f=d}Ec.prototype.ceil=function(){this.c=Math.ceil(this.c);this.a=Math.ceil(this.a);this.b=Math.ceil(this.b);this.f=Math.ceil(this.f);return this};Ec.prototype.floor=function(){this.c=Math.floor(this.c);this.a=Math.floor(this.a);this.b=Math.floor(this.b);this.f=Math.floor(this.f);return this};Ec.prototype.round=function(){this.c=Math.round(this.c);this.a=Math.round(this.a);this.b=Math.round(this.b);this.f=Math.round(this.f);return this};function X(a,b,c,d){this.a=a;this.b=b;this.width=c;this.height=d}X.prototype.ceil=function(){this.a=Math.ceil(this.a);this.b=Math.ceil(this.b);this.width=Math.ceil(this.width);this.height=Math.ceil(this.height);return this};X.prototype.floor=function(){this.a=Math.floor(this.a);this.b=Math.floor(this.b);this.width=Math.floor(this.width);this.height=Math.floor(this.height);return this};\nX.prototype.round=function(){this.a=Math.round(this.a);this.b=Math.round(this.b);this.width=Math.round(this.width);this.height=Math.round(this.height);return this};var Fc=\"function\"===typeof ShadowRoot;function Gc(a){for(a=a.parentNode;a&&1!=a.nodeType&&9!=a.nodeType&&11!=a.nodeType;)a=a.parentNode;return W(a)?a:null}\nfunction Y(a,b){b=xa(b);if(\"float\"==b||\"cssFloat\"==b||\"styleFloat\"==b)b=Ac?\"styleFloat\":\"cssFloat\";a:{var c=b;var d=A(a);if(d.defaultView&&d.defaultView.getComputedStyle&&(d=d.defaultView.getComputedStyle(a,null))){c=d[c]||d.getPropertyValue(c)||\"\";break a}c=\"\"}a=c||Hc(a,b);if(null===a)a=null;else if(0<=ja(mc,b)){b:{var e=a.match(pc);if(e&&(b=Number(e[1]),c=Number(e[2]),d=Number(e[3]),e=Number(e[4]),0<=b&&255>=b&&0<=c&&255>=c&&0<=d&&255>=d&&0<=e&&1>=e)){b=[b,c,d,e];break b}b=null}if(!b)b:{if(d=a.match(qc))if(b=\nNumber(d[1]),c=Number(d[2]),d=Number(d[3]),0<=b&&255>=b&&0<=c&&255>=c&&0<=d&&255>=d){b=[b,c,d,1];break b}b=null}if(!b)b:{b=a.toLowerCase();c=lc[b.toLowerCase()];if(!c&&(c=\"#\"==b.charAt(0)?b:\"#\"+b,4==c.length&&(c=c.replace(nc,\"#$1$1$2$2$3$3\")),!oc.test(c))){b=null;break b}b=[parseInt(c.substr(1,2),16),parseInt(c.substr(3,2),16),parseInt(c.substr(5,2),16),1]}a=b?\"rgba(\"+b.join(\", \")+\")\":a}return a}\nfunction Hc(a,b){var c=a.currentStyle||a.style,d=c[b];void 0===d&&\"function\"==ca(c.getPropertyValue)&&(d=c.getPropertyValue(b));return\"inherit\"!=d?void 0!==d?d:null:(a=Gc(a))?Hc(a,b):null}\nfunction Ic(a,b,c){function d(g){var h=Jc(g);return 0<h.height&&0<h.width?!0:W(g,\"PATH\")&&(0<h.height||0<h.width)?(g=Y(g,\"stroke-width\"),!!g&&0<parseInt(g,10)):\"hidden\"!=Y(g,\"overflow\")&&ma(g.childNodes,function(m){return 3==m.nodeType||W(m)&&d(m)})}function e(g){return Kc(g)==Z&&na(g.childNodes,function(h){return!W(h)||e(h)||!d(h)})}if(!W(a))throw Error(\"Argument to isShown must be of type Element\");if(W(a,\"BODY\"))return!0;if(W(a,\"OPTION\")||W(a,\"OPTGROUP\"))return a=$a(a,function(g){return W(g,\"SELECT\")}),\n!!a&&Ic(a,!0,c);var f=Lc(a);if(f)return!!f.image&&0<f.rect.width&&0<f.rect.height&&Ic(f.image,b,c);if(W(a,\"INPUT\")&&\"hidden\"==a.type.toLowerCase()||W(a,\"NOSCRIPT\"))return!1;f=Y(a,\"visibility\");return\"collapse\"!=f&&\"hidden\"!=f&&c(a)&&(b||0!=Mc(a))&&d(a)?!e(a):!1}var Z=\"hidden\";\nfunction Kc(a){function b(p){function q(fb){if(fb==g)return!0;var Wb=Y(fb,\"display\");return 0==Wb.lastIndexOf(\"inline\",0)||\"contents\"==Wb||\"absolute\"==Xb&&\"static\"==Y(fb,\"position\")?!1:!0}var Xb=Y(p,\"position\");if(\"fixed\"==Xb)return w=!0,p==g?null:g;for(p=Gc(p);p&&!q(p);)p=Gc(p);return p}function c(p){var q=p;if(\"visible\"==m)if(p==g&&h)q=h;else if(p==h)return{x:\"visible\",y:\"visible\"};q={x:Y(q,\"overflow-x\"),y:Y(q,\"overflow-y\")};p==g&&(q.x=\"visible\"==q.x?\"auto\":q.x,q.y=\"visible\"==q.y?\"auto\":q.y);return q}\nfunction d(p){if(p==g){var q=(new ab(f)).a;p=q.scrollingElement?q.scrollingElement:Ea||\"CSS1Compat\"!=q.compatMode?q.body||q.documentElement:q.documentElement;q=q.parentWindow||q.defaultView;p=v&&Ka(\"10\")&&q.pageYOffset!=p.scrollTop?new Ua(p.scrollLeft,p.scrollTop):new Ua(q.pageXOffset||p.scrollLeft,q.pageYOffset||p.scrollTop)}else p=new Ua(p.scrollLeft,p.scrollTop);return p}var e=Nc(a),f=A(a),g=f.documentElement,h=f.body,m=Y(g,\"overflow\"),w;for(a=b(a);a;a=b(a)){var r=c(a);if(\"visible\"!=r.x||\"visible\"!=\nr.y){var D=Jc(a);if(0==D.width||0==D.height)return Z;var L=e.a<D.a,M=e.b<D.b;if(L&&\"hidden\"==r.x||M&&\"hidden\"==r.y)return Z;if(L&&\"visible\"!=r.x||M&&\"visible\"!=r.y){L=d(a);M=e.b<D.b-L.y;if(e.a<D.a-L.x&&\"visible\"!=r.x||M&&\"visible\"!=r.x)return Z;e=Kc(a);return e==Z?Z:\"scroll\"}L=e.f>=D.a+D.width;D=e.c>=D.b+D.height;if(L&&\"hidden\"==r.x||D&&\"hidden\"==r.y)return Z;if(L&&\"visible\"!=r.x||D&&\"visible\"!=r.y){if(w&&(r=d(a),e.f>=g.scrollWidth-r.x||e.a>=g.scrollHeight-r.y))return Z;e=Kc(a);return e==Z?Z:\"scroll\"}}}return\"none\"}\nfunction Jc(a){var b=Lc(a);if(b)return b.rect;if(W(a,\"HTML\"))return a=A(a),a=((a?a.parentWindow||a.defaultView:window)||window).document,a=\"CSS1Compat\"==a.compatMode?a.documentElement:a.body,a=new Va(a.clientWidth,a.clientHeight),new X(0,0,a.width,a.height);try{var c=a.getBoundingClientRect()}catch(d){return new X(0,0,0,0)}b=new X(c.left,c.top,c.right-c.left,c.bottom-c.top);v&&a.ownerDocument.body&&(a=A(a),b.a-=a.documentElement.clientLeft+a.body.clientLeft,b.b-=a.documentElement.clientTop+a.body.clientTop);\nreturn b}function Lc(a){var b=W(a,\"MAP\");if(!b&&!W(a,\"AREA\"))return null;var c=b?a:W(a.parentNode,\"MAP\")?a.parentNode:null,d=null,e=null;c&&c.name&&(d=Dc('/descendant::*[@usemap = \"#'+c.name+'\"]',A(c)))&&(e=Jc(d),b||\"default\"==a.shape.toLowerCase()||(a=Oc(a),b=Math.min(Math.max(a.a,0),e.width),c=Math.min(Math.max(a.b,0),e.height),e=new X(b+e.a,c+e.b,Math.min(a.width,e.width-b),Math.min(a.height,e.height-c))));return{image:d,rect:e||new X(0,0,0,0)}}\nfunction Oc(a){var b=a.shape.toLowerCase();a=a.coords.split(\",\");if(\"rect\"==b&&4==a.length){b=a[0];var c=a[1];return new X(b,c,a[2]-b,a[3]-c)}if(\"circle\"==b&&3==a.length)return b=a[2],new X(a[0]-b,a[1]-b,2*b,2*b);if(\"poly\"==b&&2<a.length){b=a[0];c=a[1];for(var d=b,e=c,f=2;f+1<a.length;f+=2)b=Math.min(b,a[f]),d=Math.max(d,a[f]),c=Math.min(c,a[f+1]),e=Math.max(e,a[f+1]);return new X(b,c,d-b,e-c)}return new X(0,0,0,0)}function Nc(a){a=Jc(a);return new Ec(a.b,a.a+a.width,a.b+a.height,a.a)}\nfunction Mc(a){if(Ac){if(\"relative\"==Y(a,\"position\"))return 1;a=Y(a,\"filter\");return(a=a.match(/^alpha\\(opacity=(\\d*)\\)/)||a.match(/^progid:DXImageTransform.Microsoft.Alpha\\(Opacity=(\\d*)\\)/))?Number(a[1])/100:1}return Pc(a)}function Pc(a){var b=1,c=Y(a,\"opacity\");c&&(b=Number(c));(a=Gc(a))&&(b*=Pc(a));return b};ba(\"_\",function(a,b){function c(d){if(W(d)&&\"none\"==Y(d,\"display\"))return!1;var e;if((e=d.parentNode)&&e.shadowRoot&&void 0!==d.assignedSlot)e=d.assignedSlot?d.assignedSlot.parentNode:null;else if(d.getDestinationInsertionPoints){var f=d.getDestinationInsertionPoints();0<f.length&&(e=f[f.length-1])}if(Fc&&e instanceof ShadowRoot){if(e.host.shadowRoot!==e)return!1;e=e.host}return!e||9!=e.nodeType&&11!=e.nodeType?e&&W(e,\"DETAILS\")&&!e.open&&!W(d,\"SUMMARY\")?!1:!!e&&c(e):!0}return Ic(a,!!b,c)});; return this._.apply(null,arguments);}).apply({navigator:typeof window!='undefined'?window.navigator:null,document:typeof window!='undefined'?window.document:null}, arguments);}\n).apply(null, arguments);", "args": [{"element-6066-11e4-a52e-4f735466cecf": "f.63B823F5F932B18CEF0487356FDD0014.d.D73C794E0A517EC1AD39918C00504A79.e.44"}]}
DEBUG    urllib3.connectionpool:connectionpool.py:544 http://selenium-hub:4444 "POST /wd/hub/session/9be8c1aa68ba25175154757d50bb5f31/execute/sync HTTP/1.1" 200 0
DEBUG    selenium.webdriver.remote.remote_connection:remote_connection.py:329 Remote response: status=200 | data={"value":true} | headers=HTTPHeaderDict({'content-length': '14', 'content-type': 'application/json; charset=utf-8', 'cache-control': 'no-cache'})
DEBUG    selenium.webdriver.remote.remote_connection:remote_connection.py:356 Finished Request
DEBUG    selenium.webdriver.remote.remote_connection:remote_connection.py:313 POST http://selenium-hub:4444/wd/hub/session/9be8c1aa68ba25175154757d50bb5f31/element {"using": "css selector", "value": "[data-testid='login-password']"}
DEBUG    urllib3.connectionpool:connectionpool.py:544 http://selenium-hub:4444 "POST /wd/hub/session/9be8c1aa68ba25175154757d50bb5f31/element HTTP/1.1" 200 0
DEBUG    selenium.webdriver.remote.remote_connection:remote_connection.py:329 Remote response: status=200 | data={"value":{"element-6066-11e4-a52e-4f735466cecf":"f.63B823F5F932B18CEF0487356FDD0014.d.D73C794E0A517EC1AD39918C00504A79.e.45"}} | headers=HTTPHeaderDict({'content-length': '126', 'content-type': 'application/json; charset=utf-8', 'cache-control': 'no-cache'})
DEBUG    selenium.webdriver.remote.remote_connection:remote_connection.py:356 Finished Request
DEBUG    selenium.webdriver.remote.remote_connection:remote_connection.py:313 POST http://selenium-hub:4444/wd/hub/session/9be8c1aa68ba25175154757d50bb5f31/execute/sync {"script": "/* isDisplayed */return (function(){return (function(){var k=this||self;function aa(a){return\"string\"==typeof a}function ba(a,b){a=a.split(\".\");var c=k;a[0]in c||\"undefined\"==typeof c.execScript||c.execScript(\"var \"+a[0]);for(var d;a.length&&(d=a.shift());)a.length||void 0===b?c[d]&&c[d]!==Object.prototype[d]?c=c[d]:c=c[d]={}:c[d]=b}\nfunction ca(a){var b=typeof a;if(\"object\"==b)if(a){if(a instanceof Array)return\"array\";if(a instanceof Object)return b;var c=Object.prototype.toString.call(a);if(\"[object Window]\"==c)return\"object\";if(\"[object Array]\"==c||\"number\"==typeof a.length&&\"undefined\"!=typeof a.splice&&\"undefined\"!=typeof a.propertyIsEnumerable&&!a.propertyIsEnumerable(\"splice\"))return\"array\";if(\"[object Function]\"==c||\"undefined\"!=typeof a.call&&\"undefined\"!=typeof a.propertyIsEnumerable&&!a.propertyIsEnumerable(\"call\"))return\"function\"}else return\"null\";\nelse if(\"function\"==b&&\"undefined\"==typeof a.call)return\"object\";return b}function da(a,b,c){return a.call.apply(a.bind,arguments)}function ea(a,b,c){if(!a)throw Error();if(2<arguments.length){var d=Array.prototype.slice.call(arguments,2);return function(){var e=Array.prototype.slice.call(arguments);Array.prototype.unshift.apply(e,d);return a.apply(b,e)}}return function(){return a.apply(b,arguments)}}\nfunction fa(a,b,c){Function.prototype.bind&&-1!=Function.prototype.bind.toString().indexOf(\"native code\")?fa=da:fa=ea;return fa.apply(null,arguments)}function ha(a,b){var c=Array.prototype.slice.call(arguments,1);return function(){var d=c.slice();d.push.apply(d,arguments);return a.apply(this,d)}}function l(a,b){function c(){}c.prototype=b.prototype;a.prototype=new c;a.prototype.constructor=a};/*\n\n The MIT License\n\n Copyright (c) 2007 Cybozu Labs, Inc.\n Copyright (c) 2012 Google Inc.\n\n Permission is hereby granted, free of charge, to any person obtaining a copy\n of this software and associated documentation files (the \"Software\"), to\n deal in the Software without restriction, including without limitation the\n rights to use, copy, modify, merge, publish, distribute, sublicense, and/or\n sell copies of the Software, and to permit persons to whom the Software is\n furnished to do so, subject to the following conditions:\n\n The above copyright notice and this permission notice shall be included in\n all copies or substantial portions of the Software.\n\n THE SOFTWARE IS PROVIDED \"AS IS\", WITHOUT WARRANTY OF ANY KIND, EXPRESS OR\n IMPLIED, INCLUDING BUT NOT LIMITED TO THE WARRANTIES OF MERCHANTABILITY,\n FITNESS FOR A PARTICULAR PURPOSE AND NONINFRINGEMENT. IN NO EVENT SHALL THE\n AUTHORS OR COPYRIGHT HOLDERS BE LIABLE FOR ANY CLAIM, DAMAGES OR OTHER\n LIABILITY, WHETHER IN AN ACTION OF CONTRACT, TORT OR OTHERWISE, ARISING\n FROM, OUT OF OR IN CONNECTION WITH THE SOFTWARE OR THE USE OR OTHER DEALINGS\n IN THE SOFTWARE.\n*/\nfunction ia(a,b,c){this.a=a;this.b=b||1;this.f=c||1};var ja=Array.prototype.indexOf?function(a,b){return Array.prototype.indexOf.call(a,b,void 0)}:function(a,b){if(\"string\"===typeof a)return\"string\"!==typeof b||1!=b.length?-1:a.indexOf(b,0);for(var c=0;c<a.length;c++)if(c in a&&a[c]===b)return c;return-1},n=Array.prototype.forEach?function(a,b){Array.prototype.forEach.call(a,b,void 0)}:function(a,b){for(var c=a.length,d=\"string\"===typeof a?a.split(\"\"):a,e=0;e<c;e++)e in d&&b.call(void 0,d[e],e,a)},ka=Array.prototype.filter?function(a,b){return Array.prototype.filter.call(a,\nb,void 0)}:function(a,b){for(var c=a.length,d=[],e=0,f=\"string\"===typeof a?a.split(\"\"):a,g=0;g<c;g++)if(g in f){var h=f[g];b.call(void 0,h,g,a)&&(d[e++]=h)}return d},la=Array.prototype.reduce?function(a,b,c){return Array.prototype.reduce.call(a,b,c)}:function(a,b,c){var d=c;n(a,function(e,f){d=b.call(void 0,d,e,f,a)});return d},ma=Array.prototype.some?function(a,b){return Array.prototype.some.call(a,b,void 0)}:function(a,b){for(var c=a.length,d=\"string\"===typeof a?a.split(\"\"):a,e=0;e<c;e++)if(e in\nd&&b.call(void 0,d[e],e,a))return!0;return!1},na=Array.prototype.every?function(a,b){return Array.prototype.every.call(a,b,void 0)}:function(a,b){for(var c=a.length,d=\"string\"===typeof a?a.split(\"\"):a,e=0;e<c;e++)if(e in d&&!b.call(void 0,d[e],e,a))return!1;return!0};function oa(a,b){a:{for(var c=a.length,d=\"string\"===typeof a?a.split(\"\"):a,e=0;e<c;e++)if(e in d&&b.call(void 0,d[e],e,a)){b=e;break a}b=-1}return 0>b?null:\"string\"===typeof a?a.charAt(b):a[b]}\nfunction pa(a){return Array.prototype.concat.apply([],arguments)}function qa(a,b,c){return 2>=arguments.length?Array.prototype.slice.call(a,b):Array.prototype.slice.call(a,b,c)};var ra=String.prototype.trim?function(a){return a.trim()}:function(a){return/^[\\s\\xa0]*([\\s\\S]*?)[\\s\\xa0]*$/.exec(a)[1]};function sa(a,b){return a<b?-1:a>b?1:0};var t;a:{var ta=k.navigator;if(ta){var ua=ta.userAgent;if(ua){t=ua;break a}}t=\"\"}function u(a){return-1!=t.indexOf(a)};function va(){return u(\"Firefox\")||u(\"FxiOS\")}function wa(){return(u(\"Chrome\")||u(\"CriOS\"))&&!u(\"Edge\")};function xa(a){return String(a).replace(/\\-([a-z])/g,function(b,c){return c.toUpperCase()})};function ya(){return u(\"iPhone\")&&!u(\"iPod\")&&!u(\"iPad\")};function za(a,b){var c=Aa;return Object.prototype.hasOwnProperty.call(c,a)?c[a]:c[a]=b(a)};var Ba=u(\"Opera\"),v=u(\"Trident\")||u(\"MSIE\"),Ca=u(\"Edge\"),Da=u(\"Gecko\")&&!(-1!=t.toLowerCase().indexOf(\"webkit\")&&!u(\"Edge\"))&&!(u(\"Trident\")||u(\"MSIE\"))&&!u(\"Edge\"),Ea=-1!=t.toLowerCase().indexOf(\"webkit\")&&!u(\"Edge\");function Fa(){var a=k.document;return a?a.documentMode:void 0}var Ga;\na:{var Ha=\"\",Ia=function(){var a=t;if(Da)return/rv:([^\\);]+)(\\)|;)/.exec(a);if(Ca)return/Edge\\/([\\d\\.]+)/.exec(a);if(v)return/\\b(?:MSIE|rv)[: ]([^\\);]+)(\\)|;)/.exec(a);if(Ea)return/WebKit\\/(\\S+)/.exec(a);if(Ba)return/(?:Version)[ \\/]?(\\S+)/.exec(a)}();Ia&&(Ha=Ia?Ia[1]:\"\");if(v){var Ja=Fa();if(null!=Ja&&Ja>parseFloat(Ha)){Ga=String(Ja);break a}}Ga=Ha}var Aa={};\nfunction Ka(a){return za(a,function(){for(var b=0,c=ra(String(Ga)).split(\".\"),d=ra(String(a)).split(\".\"),e=Math.max(c.length,d.length),f=0;0==b&&f<e;f++){var g=c[f]||\"\",h=d[f]||\"\";do{g=/(\\d*)(\\D*)(.*)/.exec(g)||[\"\",\"\",\"\",\"\"];h=/(\\d*)(\\D*)(.*)/.exec(h)||[\"\",\"\",\"\",\"\"];if(0==g[0].length&&0==h[0].length)break;b=sa(0==g[1].length?0:parseInt(g[1],10),0==h[1].length?0:parseInt(h[1],10))||sa(0==g[2].length,0==h[2].length)||sa(g[2],h[2]);g=g[3];h=h[3]}while(0==b)}return 0<=b})}var La;\nLa=k.document&&v?Fa():void 0;var x=v&&!(9<=Number(La)),Ma=v&&!(8<=Number(La));function Na(a,b,c,d){this.a=a;this.nodeName=c;this.nodeValue=d;this.nodeType=2;this.parentNode=this.ownerElement=b}function Oa(a,b){var c=Ma&&\"href\"==b.nodeName?a.getAttribute(b.nodeName,2):b.nodeValue;return new Na(b,a,b.nodeName,c)};function Pa(a){this.b=a;this.a=0}function Qa(a){a=a.match(Ra);for(var b=0;b<a.length;b++)Sa.test(a[b])&&a.splice(b,1);return new Pa(a)}var Ra=/\\$?(?:(?![0-9-\\.])(?:\\*|[\\w-\\.]+):)?(?![0-9-\\.])(?:\\*|[\\w-\\.]+)|\\/\\/|\\.\\.|::|\\d+(?:\\.\\d*)?|\\.\\d+|\"[^\"]*\"|'[^']*'|[!<>]=|\\s+|./g,Sa=/^\\s/;function y(a,b){return a.b[a.a+(b||0)]}function z(a){return a.b[a.a++]}function Ta(a){return a.b.length<=a.a};function Ua(a,b){this.x=void 0!==a?a:0;this.y=void 0!==b?b:0}Ua.prototype.ceil=function(){this.x=Math.ceil(this.x);this.y=Math.ceil(this.y);return this};Ua.prototype.floor=function(){this.x=Math.floor(this.x);this.y=Math.floor(this.y);return this};Ua.prototype.round=function(){this.x=Math.round(this.x);this.y=Math.round(this.y);return this};function Va(a,b){this.width=a;this.height=b}Va.prototype.aspectRatio=function(){return this.width/this.height};Va.prototype.ceil=function(){this.width=Math.ceil(this.width);this.height=Math.ceil(this.height);return this};Va.prototype.floor=function(){this.width=Math.floor(this.width);this.height=Math.floor(this.height);return this};Va.prototype.round=function(){this.width=Math.round(this.width);this.height=Math.round(this.height);return this};function Wa(a,b){if(!a||!b)return!1;if(a.contains&&1==b.nodeType)return a==b||a.contains(b);if(\"undefined\"!=typeof a.compareDocumentPosition)return a==b||!!(a.compareDocumentPosition(b)&16);for(;b&&a!=b;)b=b.parentNode;return b==a}\nfunction Xa(a,b){if(a==b)return 0;if(a.compareDocumentPosition)return a.compareDocumentPosition(b)&2?1:-1;if(v&&!(9<=Number(La))){if(9==a.nodeType)return-1;if(9==b.nodeType)return 1}if(\"sourceIndex\"in a||a.parentNode&&\"sourceIndex\"in a.parentNode){var c=1==a.nodeType,d=1==b.nodeType;if(c&&d)return a.sourceIndex-b.sourceIndex;var e=a.parentNode,f=b.parentNode;return e==f?Ya(a,b):!c&&Wa(e,b)?-1*Za(a,b):!d&&Wa(f,a)?Za(b,a):(c?a.sourceIndex:e.sourceIndex)-(d?b.sourceIndex:f.sourceIndex)}d=A(a);c=d.createRange();\nc.selectNode(a);c.collapse(!0);a=d.createRange();a.selectNode(b);a.collapse(!0);return c.compareBoundaryPoints(k.Range.START_TO_END,a)}function Za(a,b){var c=a.parentNode;if(c==b)return-1;for(;b.parentNode!=c;)b=b.parentNode;return Ya(b,a)}function Ya(a,b){for(;b=b.previousSibling;)if(b==a)return-1;return 1}function A(a){return 9==a.nodeType?a:a.ownerDocument||a.document}function $a(a,b){a&&(a=a.parentNode);for(var c=0;a;){if(b(a))return a;a=a.parentNode;c++}return null}\nfunction ab(a){this.a=a||k.document||document}ab.prototype.getElementsByTagName=function(a,b){return(b||this.a).getElementsByTagName(String(a))};function B(a){var b=null,c=a.nodeType;1==c&&(b=a.textContent,b=void 0==b||null==b?a.innerText:b,b=void 0==b||null==b?\"\":b);if(\"string\"!=typeof b)if(x&&\"title\"==a.nodeName.toLowerCase()&&1==c)b=a.text;else if(9==c||1==c){a=9==c?a.documentElement:a.firstChild;c=0;var d=[];for(b=\"\";a;){do 1!=a.nodeType&&(b+=a.nodeValue),x&&\"title\"==a.nodeName.toLowerCase()&&(b+=a.text),d[c++]=a;while(a=a.firstChild);for(;c&&!(a=d[--c].nextSibling););}}else b=a.nodeValue;return b}\nfunction C(a,b,c){if(null===b)return!0;try{if(!a.getAttribute)return!1}catch(d){return!1}Ma&&\"class\"==b&&(b=\"className\");return null==c?!!a.getAttribute(b):a.getAttribute(b,2)==c}function bb(a,b,c,d,e){return(x?cb:db).call(null,a,b,aa(c)?c:null,aa(d)?d:null,e||new E)}\nfunction cb(a,b,c,d,e){if(a instanceof F||8==a.b||c&&null===a.b){var f=b.all;if(!f)return e;a=eb(a);if(\"*\"!=a&&(f=b.getElementsByTagName(a),!f))return e;if(c){for(var g=[],h=0;b=f[h++];)C(b,c,d)&&g.push(b);f=g}for(h=0;b=f[h++];)\"*\"==a&&\"!\"==b.tagName||e.add(b);return e}gb(a,b,c,d,e);return e}\nfunction db(a,b,c,d,e){b.getElementsByName&&d&&\"name\"==c&&!v?(b=b.getElementsByName(d),n(b,function(f){a.a(f)&&e.add(f)})):b.getElementsByClassName&&d&&\"class\"==c?(b=b.getElementsByClassName(d),n(b,function(f){f.className==d&&a.a(f)&&e.add(f)})):a instanceof G?gb(a,b,c,d,e):b.getElementsByTagName&&(b=b.getElementsByTagName(a.f()),n(b,function(f){C(f,c,d)&&e.add(f)}));return e}\nfunction hb(a,b,c,d,e){var f;if((a instanceof F||8==a.b||c&&null===a.b)&&(f=b.childNodes)){var g=eb(a);if(\"*\"!=g&&(f=ka(f,function(h){return h.tagName&&h.tagName.toLowerCase()==g}),!f))return e;c&&(f=ka(f,function(h){return C(h,c,d)}));n(f,function(h){\"*\"==g&&(\"!\"==h.tagName||\"*\"==g&&1!=h.nodeType)||e.add(h)});return e}return ib(a,b,c,d,e)}function ib(a,b,c,d,e){for(b=b.firstChild;b;b=b.nextSibling)C(b,c,d)&&a.a(b)&&e.add(b);return e}\nfunction gb(a,b,c,d,e){for(b=b.firstChild;b;b=b.nextSibling)C(b,c,d)&&a.a(b)&&e.add(b),gb(a,b,c,d,e)}function eb(a){if(a instanceof G){if(8==a.b)return\"!\";if(null===a.b)return\"*\"}return a.f()};function E(){this.b=this.a=null;this.l=0}function jb(a){this.f=a;this.a=this.b=null}function kb(a,b){if(!a.a)return b;if(!b.a)return a;var c=a.a;b=b.a;for(var d=null,e,f=0;c&&b;){e=c.f;var g=b.f;e==g||e instanceof Na&&g instanceof Na&&e.a==g.a?(e=c,c=c.a,b=b.a):0<Xa(c.f,b.f)?(e=b,b=b.a):(e=c,c=c.a);(e.b=d)?d.a=e:a.a=e;d=e;f++}for(e=c||b;e;)e.b=d,d=d.a=e,f++,e=e.a;a.b=d;a.l=f;return a}function lb(a,b){b=new jb(b);b.a=a.a;a.b?a.a.b=b:a.a=a.b=b;a.a=b;a.l++}\nE.prototype.add=function(a){a=new jb(a);a.b=this.b;this.a?this.b.a=a:this.a=this.b=a;this.b=a;this.l++};function mb(a){return(a=a.a)?a.f:null}function nb(a){return(a=mb(a))?B(a):\"\"}function H(a,b){return new ob(a,!!b)}function ob(a,b){this.f=a;this.b=(this.s=b)?a.b:a.a;this.a=null}function I(a){var b=a.b;if(null==b)return null;var c=a.a=b;a.b=a.s?b.b:b.a;return c.f};function J(a){this.i=a;this.b=this.g=!1;this.f=null}function K(a){return\"\\n  \"+a.toString().split(\"\\n\").join(\"\\n  \")}function pb(a,b){a.g=b}function qb(a,b){a.b=b}function N(a,b){a=a.a(b);return a instanceof E?+nb(a):+a}function O(a,b){a=a.a(b);return a instanceof E?nb(a):\"\"+a}function rb(a,b){a=a.a(b);return a instanceof E?!!a.l:!!a};function sb(a,b,c){J.call(this,a.i);this.c=a;this.h=b;this.o=c;this.g=b.g||c.g;this.b=b.b||c.b;this.c==tb&&(c.b||c.g||4==c.i||0==c.i||!b.f?b.b||b.g||4==b.i||0==b.i||!c.f||(this.f={name:c.f.name,u:b}):this.f={name:b.f.name,u:c})}l(sb,J);\nfunction ub(a,b,c,d,e){b=b.a(d);c=c.a(d);var f;if(b instanceof E&&c instanceof E){b=H(b);for(d=I(b);d;d=I(b))for(e=H(c),f=I(e);f;f=I(e))if(a(B(d),B(f)))return!0;return!1}if(b instanceof E||c instanceof E){b instanceof E?(e=b,d=c):(e=c,d=b);f=H(e);for(var g=typeof d,h=I(f);h;h=I(f)){switch(g){case \"number\":h=+B(h);break;case \"boolean\":h=!!B(h);break;case \"string\":h=B(h);break;default:throw Error(\"Illegal primitive type for comparison.\");}if(e==b&&a(h,d)||e==c&&a(d,h))return!0}return!1}return e?\"boolean\"==\ntypeof b||\"boolean\"==typeof c?a(!!b,!!c):\"number\"==typeof b||\"number\"==typeof c?a(+b,+c):a(b,c):a(+b,+c)}sb.prototype.a=function(a){return this.c.m(this.h,this.o,a)};sb.prototype.toString=function(){var a=\"Binary Expression: \"+this.c;a+=K(this.h);return a+=K(this.o)};function vb(a,b,c,d){this.I=a;this.D=b;this.i=c;this.m=d}vb.prototype.toString=function(){return this.I};var wb={};\nfunction P(a,b,c,d){if(wb.hasOwnProperty(a))throw Error(\"Binary operator already created: \"+a);a=new vb(a,b,c,d);return wb[a.toString()]=a}P(\"div\",6,1,function(a,b,c){return N(a,c)/N(b,c)});P(\"mod\",6,1,function(a,b,c){return N(a,c)%N(b,c)});P(\"*\",6,1,function(a,b,c){return N(a,c)*N(b,c)});P(\"+\",5,1,function(a,b,c){return N(a,c)+N(b,c)});P(\"-\",5,1,function(a,b,c){return N(a,c)-N(b,c)});P(\"<\",4,2,function(a,b,c){return ub(function(d,e){return d<e},a,b,c)});\nP(\">\",4,2,function(a,b,c){return ub(function(d,e){return d>e},a,b,c)});P(\"<=\",4,2,function(a,b,c){return ub(function(d,e){return d<=e},a,b,c)});P(\">=\",4,2,function(a,b,c){return ub(function(d,e){return d>=e},a,b,c)});var tb=P(\"=\",3,2,function(a,b,c){return ub(function(d,e){return d==e},a,b,c,!0)});P(\"!=\",3,2,function(a,b,c){return ub(function(d,e){return d!=e},a,b,c,!0)});P(\"and\",2,2,function(a,b,c){return rb(a,c)&&rb(b,c)});P(\"or\",1,2,function(a,b,c){return rb(a,c)||rb(b,c)});function xb(a,b){if(b.a.length&&4!=a.i)throw Error(\"Primary expression must evaluate to nodeset if filter has predicate(s).\");J.call(this,a.i);this.c=a;this.h=b;this.g=a.g;this.b=a.b}l(xb,J);xb.prototype.a=function(a){a=this.c.a(a);return yb(this.h,a)};xb.prototype.toString=function(){var a=\"Filter:\"+K(this.c);return a+=K(this.h)};function zb(a,b){if(b.length<a.C)throw Error(\"Function \"+a.j+\" expects at least\"+a.C+\" arguments, \"+b.length+\" given\");if(null!==a.B&&b.length>a.B)throw Error(\"Function \"+a.j+\" expects at most \"+a.B+\" arguments, \"+b.length+\" given\");a.H&&n(b,function(c,d){if(4!=c.i)throw Error(\"Argument \"+d+\" to function \"+a.j+\" is not of type Nodeset: \"+c);});J.call(this,a.i);this.v=a;this.c=b;pb(this,a.g||ma(b,function(c){return c.g}));qb(this,a.G&&!b.length||a.F&&!!b.length||ma(b,function(c){return c.b}))}\nl(zb,J);zb.prototype.a=function(a){return this.v.m.apply(null,pa(a,this.c))};zb.prototype.toString=function(){var a=\"Function: \"+this.v;if(this.c.length){var b=la(this.c,function(c,d){return c+K(d)},\"Arguments:\");a+=K(b)}return a};function Ab(a,b,c,d,e,f,g,h){this.j=a;this.i=b;this.g=c;this.G=d;this.F=!1;this.m=e;this.C=f;this.B=void 0!==g?g:f;this.H=!!h}Ab.prototype.toString=function(){return this.j};var Bb={};\nfunction Q(a,b,c,d,e,f,g,h){if(Bb.hasOwnProperty(a))throw Error(\"Function already created: \"+a+\".\");Bb[a]=new Ab(a,b,c,d,e,f,g,h)}Q(\"boolean\",2,!1,!1,function(a,b){return rb(b,a)},1);Q(\"ceiling\",1,!1,!1,function(a,b){return Math.ceil(N(b,a))},1);Q(\"concat\",3,!1,!1,function(a,b){return la(qa(arguments,1),function(c,d){return c+O(d,a)},\"\")},2,null);Q(\"contains\",2,!1,!1,function(a,b,c){b=O(b,a);a=O(c,a);return-1!=b.indexOf(a)},2);Q(\"count\",1,!1,!1,function(a,b){return b.a(a).l},1,1,!0);\nQ(\"false\",2,!1,!1,function(){return!1},0);Q(\"floor\",1,!1,!1,function(a,b){return Math.floor(N(b,a))},1);Q(\"id\",4,!1,!1,function(a,b){function c(h){if(x){var m=e.all[h];if(m){if(m.nodeType&&h==m.id)return m;if(m.length)return oa(m,function(w){return h==w.id})}return null}return e.getElementById(h)}var d=a.a,e=9==d.nodeType?d:d.ownerDocument;a=O(b,a).split(/\\s+/);var f=[];n(a,function(h){h=c(h);!h||0<=ja(f,h)||f.push(h)});f.sort(Xa);var g=new E;n(f,function(h){g.add(h)});return g},1);\nQ(\"lang\",2,!1,!1,function(){return!1},1);Q(\"last\",1,!0,!1,function(a){if(1!=arguments.length)throw Error(\"Function last expects ()\");return a.f},0);Q(\"local-name\",3,!1,!0,function(a,b){return(a=b?mb(b.a(a)):a.a)?a.localName||a.nodeName.toLowerCase():\"\"},0,1,!0);Q(\"name\",3,!1,!0,function(a,b){return(a=b?mb(b.a(a)):a.a)?a.nodeName.toLowerCase():\"\"},0,1,!0);Q(\"namespace-uri\",3,!0,!1,function(){return\"\"},0,1,!0);\nQ(\"normalize-space\",3,!1,!0,function(a,b){return(b?O(b,a):B(a.a)).replace(/[\\s\\xa0]+/g,\" \").replace(/^\\s+|\\s+$/g,\"\")},0,1);Q(\"not\",2,!1,!1,function(a,b){return!rb(b,a)},1);Q(\"number\",1,!1,!0,function(a,b){return b?N(b,a):+B(a.a)},0,1);Q(\"position\",1,!0,!1,function(a){return a.b},0);Q(\"round\",1,!1,!1,function(a,b){return Math.round(N(b,a))},1);Q(\"starts-with\",2,!1,!1,function(a,b,c){b=O(b,a);a=O(c,a);return 0==b.lastIndexOf(a,0)},2);Q(\"string\",3,!1,!0,function(a,b){return b?O(b,a):B(a.a)},0,1);\nQ(\"string-length\",1,!1,!0,function(a,b){return(b?O(b,a):B(a.a)).length},0,1);Q(\"substring\",3,!1,!1,function(a,b,c,d){c=N(c,a);if(isNaN(c)||Infinity==c||-Infinity==c)return\"\";d=d?N(d,a):Infinity;if(isNaN(d)||-Infinity===d)return\"\";c=Math.round(c)-1;var e=Math.max(c,0);a=O(b,a);return Infinity==d?a.substring(e):a.substring(e,c+Math.round(d))},2,3);Q(\"substring-after\",3,!1,!1,function(a,b,c){b=O(b,a);a=O(c,a);c=b.indexOf(a);return-1==c?\"\":b.substring(c+a.length)},2);\nQ(\"substring-before\",3,!1,!1,function(a,b,c){b=O(b,a);a=O(c,a);a=b.indexOf(a);return-1==a?\"\":b.substring(0,a)},2);Q(\"sum\",1,!1,!1,function(a,b){a=H(b.a(a));b=0;for(var c=I(a);c;c=I(a))b+=+B(c);return b},1,1,!0);Q(\"translate\",3,!1,!1,function(a,b,c,d){b=O(b,a);c=O(c,a);var e=O(d,a);a={};for(d=0;d<c.length;d++){var f=c.charAt(d);f in a||(a[f]=e.charAt(d))}c=\"\";for(d=0;d<b.length;d++)f=b.charAt(d),c+=f in a?a[f]:f;return c},3);Q(\"true\",2,!1,!1,function(){return!0},0);function G(a,b){this.h=a;this.c=void 0!==b?b:null;this.b=null;switch(a){case \"comment\":this.b=8;break;case \"text\":this.b=3;break;case \"processing-instruction\":this.b=7;break;case \"node\":break;default:throw Error(\"Unexpected argument\");}}function Cb(a){return\"comment\"==a||\"text\"==a||\"processing-instruction\"==a||\"node\"==a}G.prototype.a=function(a){return null===this.b||this.b==a.nodeType};G.prototype.f=function(){return this.h};\nG.prototype.toString=function(){var a=\"Kind Test: \"+this.h;null===this.c||(a+=K(this.c));return a};function Db(a){J.call(this,3);this.c=a.substring(1,a.length-1)}l(Db,J);Db.prototype.a=function(){return this.c};Db.prototype.toString=function(){return\"Literal: \"+this.c};function F(a,b){this.j=a.toLowerCase();a=\"*\"==this.j?\"*\":\"http://www.w3.org/1999/xhtml\";this.c=b?b.toLowerCase():a}F.prototype.a=function(a){var b=a.nodeType;if(1!=b&&2!=b)return!1;b=void 0!==a.localName?a.localName:a.nodeName;return\"*\"!=this.j&&this.j!=b.toLowerCase()?!1:\"*\"==this.c?!0:this.c==(a.namespaceURI?a.namespaceURI.toLowerCase():\"http://www.w3.org/1999/xhtml\")};F.prototype.f=function(){return this.j};\nF.prototype.toString=function(){return\"Name Test: \"+(\"http://www.w3.org/1999/xhtml\"==this.c?\"\":this.c+\":\")+this.j};function Eb(a){J.call(this,1);this.c=a}l(Eb,J);Eb.prototype.a=function(){return this.c};Eb.prototype.toString=function(){return\"Number: \"+this.c};function Fb(a,b){J.call(this,a.i);this.h=a;this.c=b;this.g=a.g;this.b=a.b;1==this.c.length&&(a=this.c[0],a.A||a.c!=Gb||(a=a.o,\"*\"!=a.f()&&(this.f={name:a.f(),u:null})))}l(Fb,J);function Hb(){J.call(this,4)}l(Hb,J);Hb.prototype.a=function(a){var b=new E;a=a.a;9==a.nodeType?b.add(a):b.add(a.ownerDocument);return b};Hb.prototype.toString=function(){return\"Root Helper Expression\"};function Ib(){J.call(this,4)}l(Ib,J);Ib.prototype.a=function(a){var b=new E;b.add(a.a);return b};Ib.prototype.toString=function(){return\"Context Helper Expression\"};\nfunction Jb(a){return\"/\"==a||\"//\"==a}Fb.prototype.a=function(a){var b=this.h.a(a);if(!(b instanceof E))throw Error(\"Filter expression must evaluate to nodeset.\");a=this.c;for(var c=0,d=a.length;c<d&&b.l;c++){var e=a[c],f=H(b,e.c.s);if(e.g||e.c!=Kb)if(e.g||e.c!=Lb){var g=I(f);for(b=e.a(new ia(g));null!=(g=I(f));)g=e.a(new ia(g)),b=kb(b,g)}else g=I(f),b=e.a(new ia(g));else{for(g=I(f);(b=I(f))&&(!g.contains||g.contains(b))&&b.compareDocumentPosition(g)&8;g=b);b=e.a(new ia(g))}}return b};\nFb.prototype.toString=function(){var a=\"Path Expression:\"+K(this.h);if(this.c.length){var b=la(this.c,function(c,d){return c+K(d)},\"Steps:\");a+=K(b)}return a};function Mb(a,b){this.a=a;this.s=!!b}\nfunction yb(a,b,c){for(c=c||0;c<a.a.length;c++)for(var d=a.a[c],e=H(b),f=b.l,g,h=0;g=I(e);h++){var m=a.s?f-h:h+1;g=d.a(new ia(g,m,f));if(\"number\"==typeof g)m=m==g;else if(\"string\"==typeof g||\"boolean\"==typeof g)m=!!g;else if(g instanceof E)m=0<g.l;else throw Error(\"Predicate.evaluate returned an unexpected type.\");if(!m){m=e;g=m.f;var w=m.a;if(!w)throw Error(\"Next must be called at least once before remove.\");var r=w.b;w=w.a;r?r.a=w:g.a=w;w?w.b=r:g.b=r;g.l--;m.a=null}}return b}\nMb.prototype.toString=function(){return la(this.a,function(a,b){return a+K(b)},\"Predicates:\")};function R(a,b,c,d){J.call(this,4);this.c=a;this.o=b;this.h=c||new Mb([]);this.A=!!d;b=this.h;b=0<b.a.length?b.a[0].f:null;a.J&&b&&(a=b.name,a=x?a.toLowerCase():a,this.f={name:a,u:b.u});a:{a=this.h;for(b=0;b<a.a.length;b++)if(c=a.a[b],c.g||1==c.i||0==c.i){a=!0;break a}a=!1}this.g=a}l(R,J);\nR.prototype.a=function(a){var b=a.a,c=this.f,d=null,e=null,f=0;c&&(d=c.name,e=c.u?O(c.u,a):null,f=1);if(this.A)if(this.g||this.c!=Nb)if(b=H((new R(Ob,new G(\"node\"))).a(a)),c=I(b))for(a=this.m(c,d,e,f);null!=(c=I(b));)a=kb(a,this.m(c,d,e,f));else a=new E;else a=bb(this.o,b,d,e),a=yb(this.h,a,f);else a=this.m(a.a,d,e,f);return a};R.prototype.m=function(a,b,c,d){a=this.c.v(this.o,a,b,c);return a=yb(this.h,a,d)};\nR.prototype.toString=function(){var a=\"Step:\"+K(\"Operator: \"+(this.A?\"//\":\"/\"));this.c.j&&(a+=K(\"Axis: \"+this.c));a+=K(this.o);if(this.h.a.length){var b=la(this.h.a,function(c,d){return c+K(d)},\"Predicates:\");a+=K(b)}return a};function Pb(a,b,c,d){this.j=a;this.v=b;this.s=c;this.J=d}Pb.prototype.toString=function(){return this.j};var Qb={};function S(a,b,c,d){if(Qb.hasOwnProperty(a))throw Error(\"Axis already created: \"+a);b=new Pb(a,b,c,!!d);return Qb[a]=b}\nS(\"ancestor\",function(a,b){for(var c=new E;b=b.parentNode;)a.a(b)&&lb(c,b);return c},!0);S(\"ancestor-or-self\",function(a,b){var c=new E;do a.a(b)&&lb(c,b);while(b=b.parentNode);return c},!0);\nvar Gb=S(\"attribute\",function(a,b){var c=new E,d=a.f();if(\"style\"==d&&x&&b.style)return c.add(new Na(b.style,b,\"style\",b.style.cssText)),c;var e=b.attributes;if(e)if(a instanceof G&&null===a.b||\"*\"==d)for(a=0;d=e[a];a++)x?d.nodeValue&&c.add(Oa(b,d)):c.add(d);else(d=e.getNamedItem(d))&&(x?d.nodeValue&&c.add(Oa(b,d)):c.add(d));return c},!1),Nb=S(\"child\",function(a,b,c,d,e){return(x?hb:ib).call(null,a,b,aa(c)?c:null,aa(d)?d:null,e||new E)},!1,!0);S(\"descendant\",bb,!1,!0);\nvar Ob=S(\"descendant-or-self\",function(a,b,c,d){var e=new E;C(b,c,d)&&a.a(b)&&e.add(b);return bb(a,b,c,d,e)},!1,!0),Kb=S(\"following\",function(a,b,c,d){var e=new E;do for(var f=b;f=f.nextSibling;)C(f,c,d)&&a.a(f)&&e.add(f),e=bb(a,f,c,d,e);while(b=b.parentNode);return e},!1,!0);S(\"following-sibling\",function(a,b){for(var c=new E;b=b.nextSibling;)a.a(b)&&c.add(b);return c},!1);S(\"namespace\",function(){return new E},!1);\nvar Rb=S(\"parent\",function(a,b){var c=new E;if(9==b.nodeType)return c;if(2==b.nodeType)return c.add(b.ownerElement),c;b=b.parentNode;a.a(b)&&c.add(b);return c},!1),Lb=S(\"preceding\",function(a,b,c,d){var e=new E,f=[];do f.unshift(b);while(b=b.parentNode);for(var g=1,h=f.length;g<h;g++){var m=[];for(b=f[g];b=b.previousSibling;)m.unshift(b);for(var w=0,r=m.length;w<r;w++)b=m[w],C(b,c,d)&&a.a(b)&&e.add(b),e=bb(a,b,c,d,e)}return e},!0,!0);\nS(\"preceding-sibling\",function(a,b){for(var c=new E;b=b.previousSibling;)a.a(b)&&lb(c,b);return c},!0);var Sb=S(\"self\",function(a,b){var c=new E;a.a(b)&&c.add(b);return c},!1);function Tb(a){J.call(this,1);this.c=a;this.g=a.g;this.b=a.b}l(Tb,J);Tb.prototype.a=function(a){return-N(this.c,a)};Tb.prototype.toString=function(){return\"Unary Expression: -\"+K(this.c)};function Ub(a){J.call(this,4);this.c=a;pb(this,ma(this.c,function(b){return b.g}));qb(this,ma(this.c,function(b){return b.b}))}l(Ub,J);Ub.prototype.a=function(a){var b=new E;n(this.c,function(c){c=c.a(a);if(!(c instanceof E))throw Error(\"Path expression must evaluate to NodeSet.\");b=kb(b,c)});return b};Ub.prototype.toString=function(){return la(this.c,function(a,b){return a+K(b)},\"Union Expression:\")};function Vb(a,b){this.a=a;this.b=b}function Yb(a){for(var b,c=[];;){T(a,\"Missing right hand side of binary expression.\");b=Zb(a);var d=z(a.a);if(!d)break;var e=(d=wb[d]||null)&&d.D;if(!e){a.a.a--;break}for(;c.length&&e<=c[c.length-1].D;)b=new sb(c.pop(),c.pop(),b);c.push(b,d)}for(;c.length;)b=new sb(c.pop(),c.pop(),b);return b}function T(a,b){if(Ta(a.a))throw Error(b);}function $b(a,b){a=z(a.a);if(a!=b)throw Error(\"Bad token, expected: \"+b+\" got: \"+a);}\nfunction ac(a){a=z(a.a);if(\")\"!=a)throw Error(\"Bad token: \"+a);}function bc(a){a=z(a.a);if(2>a.length)throw Error(\"Unclosed literal string\");return new Db(a)}\nfunction cc(a){var b=[];if(Jb(y(a.a))){var c=z(a.a);var d=y(a.a);if(\"/\"==c&&(Ta(a.a)||\".\"!=d&&\"..\"!=d&&\"@\"!=d&&\"*\"!=d&&!/(?![0-9])[\\w]/.test(d)))return new Hb;d=new Hb;T(a,\"Missing next location step.\");c=dc(a,c);b.push(c)}else{a:{c=y(a.a);d=c.charAt(0);switch(d){case \"$\":throw Error(\"Variable reference not allowed in HTML XPath\");case \"(\":z(a.a);c=Yb(a);T(a,'unclosed \"(\"');$b(a,\")\");break;case '\"':case \"'\":c=bc(a);break;default:if(isNaN(+c))if(!Cb(c)&&/(?![0-9])[\\w]/.test(d)&&\"(\"==y(a.a,1)){c=z(a.a);\nc=Bb[c]||null;z(a.a);for(d=[];\")\"!=y(a.a);){T(a,\"Missing function argument list.\");d.push(Yb(a));if(\",\"!=y(a.a))break;z(a.a)}T(a,\"Unclosed function argument list.\");ac(a);c=new zb(c,d)}else{c=null;break a}else c=new Eb(+z(a.a))}\"[\"==y(a.a)&&(d=new Mb(ec(a)),c=new xb(c,d))}if(c)if(Jb(y(a.a)))d=c;else return c;else c=dc(a,\"/\"),d=new Ib,b.push(c)}for(;Jb(y(a.a));)c=z(a.a),T(a,\"Missing next location step.\"),c=dc(a,c),b.push(c);return new Fb(d,b)}\nfunction dc(a,b){if(\"/\"!=b&&\"//\"!=b)throw Error('Step op should be \"/\" or \"//\"');if(\".\"==y(a.a)){var c=new R(Sb,new G(\"node\"));z(a.a);return c}if(\"..\"==y(a.a))return c=new R(Rb,new G(\"node\")),z(a.a),c;if(\"@\"==y(a.a)){var d=Gb;z(a.a);T(a,\"Missing attribute name\")}else if(\"::\"==y(a.a,1)){if(!/(?![0-9])[\\w]/.test(y(a.a).charAt(0)))throw Error(\"Bad token: \"+z(a.a));var e=z(a.a);d=Qb[e]||null;if(!d)throw Error(\"No axis with name: \"+e);z(a.a);T(a,\"Missing node name\")}else d=Nb;e=y(a.a);if(/(?![0-9])[\\w\\*]/.test(e.charAt(0)))if(\"(\"==\ny(a.a,1)){if(!Cb(e))throw Error(\"Invalid node type: \"+e);e=z(a.a);if(!Cb(e))throw Error(\"Invalid type name: \"+e);$b(a,\"(\");T(a,\"Bad nodetype\");var f=y(a.a).charAt(0),g=null;if('\"'==f||\"'\"==f)g=bc(a);T(a,\"Bad nodetype\");ac(a);e=new G(e,g)}else if(e=z(a.a),f=e.indexOf(\":\"),-1==f)e=new F(e);else{g=e.substring(0,f);if(\"*\"==g)var h=\"*\";else if(h=a.b(g),!h)throw Error(\"Namespace prefix not declared: \"+g);e=e.substr(f+1);e=new F(e,h)}else throw Error(\"Bad token: \"+z(a.a));a=new Mb(ec(a),d.s);return c||new R(d,\ne,a,\"//\"==b)}function ec(a){for(var b=[];\"[\"==y(a.a);){z(a.a);T(a,\"Missing predicate expression.\");var c=Yb(a);b.push(c);T(a,\"Unclosed predicate expression.\");$b(a,\"]\")}return b}function Zb(a){if(\"-\"==y(a.a))return z(a.a),new Tb(Zb(a));var b=cc(a);if(\"|\"!=y(a.a))a=b;else{for(b=[b];\"|\"==z(a.a);)T(a,\"Missing next union location path.\"),b.push(cc(a));a.a.a--;a=new Ub(b)}return a};function fc(a){switch(a.nodeType){case 1:return ha(gc,a);case 9:return fc(a.documentElement);case 11:case 10:case 6:case 12:return hc;default:return a.parentNode?fc(a.parentNode):hc}}function hc(){return null}function gc(a,b){if(a.prefix==b)return a.namespaceURI||\"http://www.w3.org/1999/xhtml\";var c=a.getAttributeNode(\"xmlns:\"+b);return c&&c.specified?c.value||null:a.parentNode&&9!=a.parentNode.nodeType?gc(a.parentNode,b):null};function ic(a,b){if(!a.length)throw Error(\"Empty XPath expression.\");a=Qa(a);if(Ta(a))throw Error(\"Invalid XPath expression.\");b?\"function\"==ca(b)||(b=fa(b.lookupNamespaceURI,b)):b=function(){return null};var c=Yb(new Vb(a,b));if(!Ta(a))throw Error(\"Bad token: \"+z(a));this.evaluate=function(d,e){d=c.a(new ia(d));return new U(d,e)}}\nfunction U(a,b){if(0==b)if(a instanceof E)b=4;else if(\"string\"==typeof a)b=2;else if(\"number\"==typeof a)b=1;else if(\"boolean\"==typeof a)b=3;else throw Error(\"Unexpected evaluation result.\");if(2!=b&&1!=b&&3!=b&&!(a instanceof E))throw Error(\"value could not be converted to the specified type\");this.resultType=b;switch(b){case 2:this.stringValue=a instanceof E?nb(a):\"\"+a;break;case 1:this.numberValue=a instanceof E?+nb(a):+a;break;case 3:this.booleanValue=a instanceof E?0<a.l:!!a;break;case 4:case 5:case 6:case 7:var c=\nH(a);var d=[];for(var e=I(c);e;e=I(c))d.push(e instanceof Na?e.a:e);this.snapshotLength=a.l;this.invalidIteratorState=!1;break;case 8:case 9:a=mb(a);this.singleNodeValue=a instanceof Na?a.a:a;break;default:throw Error(\"Unknown XPathResult type.\");}var f=0;this.iterateNext=function(){if(4!=b&&5!=b)throw Error(\"iterateNext called with wrong result type\");return f>=d.length?null:d[f++]};this.snapshotItem=function(g){if(6!=b&&7!=b)throw Error(\"snapshotItem called with wrong result type\");return g>=d.length||\n0>g?null:d[g]}}U.ANY_TYPE=0;U.NUMBER_TYPE=1;U.STRING_TYPE=2;U.BOOLEAN_TYPE=3;U.UNORDERED_NODE_ITERATOR_TYPE=4;U.ORDERED_NODE_ITERATOR_TYPE=5;U.UNORDERED_NODE_SNAPSHOT_TYPE=6;U.ORDERED_NODE_SNAPSHOT_TYPE=7;U.ANY_UNORDERED_NODE_TYPE=8;U.FIRST_ORDERED_NODE_TYPE=9;function jc(a){this.lookupNamespaceURI=fc(a)}\nfunction kc(a,b){a=a||k;var c=a.Document&&a.Document.prototype||a.document;if(!c.evaluate||b)a.XPathResult=U,c.evaluate=function(d,e,f,g){return(new ic(d,f)).evaluate(e,g)},c.createExpression=function(d,e){return new ic(d,e)},c.createNSResolver=function(d){return new jc(d)}}ba(\"wgxpath.install\",kc);ba(\"wgxpath.install\",kc);var lc={aliceblue:\"#f0f8ff\",antiquewhite:\"#faebd7\",aqua:\"#00ffff\",aquamarine:\"#7fffd4\",azure:\"#f0ffff\",beige:\"#f5f5dc\",bisque:\"#ffe4c4\",black:\"#000000\",blanchedalmond:\"#ffebcd\",blue:\"#0000ff\",blueviolet:\"#8a2be2\",brown:\"#a52a2a\",burlywood:\"#deb887\",cadetblue:\"#5f9ea0\",chartreuse:\"#7fff00\",chocolate:\"#d2691e\",coral:\"#ff7f50\",cornflowerblue:\"#6495ed\",cornsilk:\"#fff8dc\",crimson:\"#dc143c\",cyan:\"#00ffff\",darkblue:\"#00008b\",darkcyan:\"#008b8b\",darkgoldenrod:\"#b8860b\",darkgray:\"#a9a9a9\",darkgreen:\"#006400\",\ndarkgrey:\"#a9a9a9\",darkkhaki:\"#bdb76b\",darkmagenta:\"#8b008b\",darkolivegreen:\"#556b2f\",darkorange:\"#ff8c00\",darkorchid:\"#9932cc\",darkred:\"#8b0000\",darksalmon:\"#e9967a\",darkseagreen:\"#8fbc8f\",darkslateblue:\"#483d8b\",darkslategray:\"#2f4f4f\",darkslategrey:\"#2f4f4f\",darkturquoise:\"#00ced1\",darkviolet:\"#9400d3\",deeppink:\"#ff1493\",deepskyblue:\"#00bfff\",dimgray:\"#696969\",dimgrey:\"#696969\",dodgerblue:\"#1e90ff\",firebrick:\"#b22222\",floralwhite:\"#fffaf0\",forestgreen:\"#228b22\",fuchsia:\"#ff00ff\",gainsboro:\"#dcdcdc\",\nghostwhite:\"#f8f8ff\",gold:\"#ffd700\",goldenrod:\"#daa520\",gray:\"#808080\",green:\"#008000\",greenyellow:\"#adff2f\",grey:\"#808080\",honeydew:\"#f0fff0\",hotpink:\"#ff69b4\",indianred:\"#cd5c5c\",indigo:\"#4b0082\",ivory:\"#fffff0\",khaki:\"#f0e68c\",lavender:\"#e6e6fa\",lavenderblush:\"#fff0f5\",lawngreen:\"#7cfc00\",lemonchiffon:\"#fffacd\",lightblue:\"#add8e6\",lightcoral:\"#f08080\",lightcyan:\"#e0ffff\",lightgoldenrodyellow:\"#fafad2\",lightgray:\"#d3d3d3\",lightgreen:\"#90ee90\",lightgrey:\"#d3d3d3\",lightpink:\"#ffb6c1\",lightsalmon:\"#ffa07a\",\nlightseagreen:\"#20b2aa\",lightskyblue:\"#87cefa\",lightslategray:\"#778899\",lightslategrey:\"#778899\",lightsteelblue:\"#b0c4de\",lightyellow:\"#ffffe0\",lime:\"#00ff00\",limegreen:\"#32cd32\",linen:\"#faf0e6\",magenta:\"#ff00ff\",maroon:\"#800000\",mediumaquamarine:\"#66cdaa\",mediumblue:\"#0000cd\",mediumorchid:\"#ba55d3\",mediumpurple:\"#9370db\",mediumseagreen:\"#3cb371\",mediumslateblue:\"#7b68ee\",mediumspringgreen:\"#00fa9a\",mediumturquoise:\"#48d1cc\",mediumvioletred:\"#c71585\",midnightblue:\"#191970\",mintcream:\"#f5fffa\",mistyrose:\"#ffe4e1\",\nmoccasin:\"#ffe4b5\",navajowhite:\"#ffdead\",navy:\"#000080\",oldlace:\"#fdf5e6\",olive:\"#808000\",olivedrab:\"#6b8e23\",orange:\"#ffa500\",orangered:\"#ff4500\",orchid:\"#da70d6\",palegoldenrod:\"#eee8aa\",palegreen:\"#98fb98\",paleturquoise:\"#afeeee\",palevioletred:\"#db7093\",papayawhip:\"#ffefd5\",peachpuff:\"#ffdab9\",peru:\"#cd853f\",pink:\"#ffc0cb\",plum:\"#dda0dd\",powderblue:\"#b0e0e6\",purple:\"#800080\",red:\"#ff0000\",rosybrown:\"#bc8f8f\",royalblue:\"#4169e1\",saddlebrown:\"#8b4513\",salmon:\"#fa8072\",sandybrown:\"#f4a460\",seagreen:\"#2e8b57\",\nseashell:\"#fff5ee\",sienna:\"#a0522d\",silver:\"#c0c0c0\",skyblue:\"#87ceeb\",slateblue:\"#6a5acd\",slategray:\"#708090\",slategrey:\"#708090\",snow:\"#fffafa\",springgreen:\"#00ff7f\",steelblue:\"#4682b4\",tan:\"#d2b48c\",teal:\"#008080\",thistle:\"#d8bfd8\",tomato:\"#ff6347\",turquoise:\"#40e0d0\",violet:\"#ee82ee\",wheat:\"#f5deb3\",white:\"#ffffff\",whitesmoke:\"#f5f5f5\",yellow:\"#ffff00\",yellowgreen:\"#9acd32\"};var mc=\"backgroundColor borderTopColor borderRightColor borderBottomColor borderLeftColor color outlineColor\".split(\" \"),nc=/#([0-9a-fA-F])([0-9a-fA-F])([0-9a-fA-F])/,oc=/^#(?:[0-9a-f]{3}){1,2}$/i,pc=/^(?:rgba)?\\((\\d{1,3}),\\s?(\\d{1,3}),\\s?(\\d{1,3}),\\s?(0|1|0\\.\\d*)\\)$/i,qc=/^(?:rgb)?\\((0|[1-9]\\d{0,2}),\\s?(0|[1-9]\\d{0,2}),\\s?(0|[1-9]\\d{0,2})\\)$/i;function rc(a,b){this.code=a;this.a=V[a]||sc;this.message=b||\"\";a=this.a.replace(/((?:^|\\s+)[a-z])/g,function(c){return c.toUpperCase().replace(/^[\\s\\xa0]+/g,\"\")});b=a.length-5;if(0>b||a.indexOf(\"Error\",b)!=b)a+=\"Error\";this.name=a;a=Error(this.message);a.name=this.name;this.stack=a.stack||\"\"}l(rc,Error);var sc=\"unknown error\",V={15:\"element not selectable\",11:\"element not visible\"};V[31]=sc;V[30]=sc;V[24]=\"invalid cookie domain\";V[29]=\"invalid element coordinates\";V[12]=\"invalid element state\";\nV[32]=\"invalid selector\";V[51]=\"invalid selector\";V[52]=\"invalid selector\";V[17]=\"javascript error\";V[405]=\"unsupported operation\";V[34]=\"move target out of bounds\";V[27]=\"no such alert\";V[7]=\"no such element\";V[8]=\"no such frame\";V[23]=\"no such window\";V[28]=\"script timeout\";V[33]=\"session not created\";V[10]=\"stale element reference\";V[21]=\"timeout\";V[25]=\"unable to set cookie\";V[26]=\"unexpected alert open\";V[13]=sc;V[9]=\"unknown command\";var tc=va(),uc=ya()||u(\"iPod\"),vc=u(\"iPad\"),wc=u(\"Android\")&&!(wa()||va()||u(\"Opera\")||u(\"Silk\")),xc=wa(),yc=u(\"Safari\")&&!(wa()||u(\"Coast\")||u(\"Opera\")||u(\"Edge\")||u(\"Edg/\")||u(\"OPR\")||va()||u(\"Silk\")||u(\"Android\"))&&!(ya()||u(\"iPad\")||u(\"iPod\"));function zc(a){return(a=a.exec(t))?a[1]:\"\"}(function(){if(tc)return zc(/Firefox\\/([0-9.]+)/);if(v||Ca||Ba)return Ga;if(xc)return ya()||u(\"iPad\")||u(\"iPod\")?zc(/CriOS\\/([0-9.]+)/):zc(/Chrome\\/([0-9.]+)/);if(yc&&!(ya()||u(\"iPad\")||u(\"iPod\")))return zc(/Version\\/([0-9.]+)/);if(uc||vc){var a=/Version\\/(\\S+).*Mobile\\/(\\S+)/.exec(t);if(a)return a[1]+\".\"+a[2]}else if(wc)return(a=zc(/Android\\s+([0-9.]+)/))?a:zc(/Version\\/([0-9.]+)/);return\"\"})();var Ac=v&&!(9<=Number(La));function W(a,b){b&&\"string\"!==typeof b&&(b=b.toString());return!!a&&1==a.nodeType&&(!b||a.tagName.toUpperCase()==b)};var Bc=function(){var a={K:\"http://www.w3.org/2000/svg\"};return function(b){return a[b]||null}}();\nfunction Cc(a,b){var c=A(a);if(!c.documentElement)return null;(v||wc)&&kc(c?c.parentWindow||c.defaultView:window);try{var d=c.createNSResolver?c.createNSResolver(c.documentElement):Bc;if(v&&!Ka(7))return c.evaluate.call(c,b,a,d,9,null);if(!v||9<=Number(La)){for(var e={},f=c.getElementsByTagName(\"*\"),g=0;g<f.length;++g){var h=f[g],m=h.namespaceURI;if(m&&!e[m]){var w=h.lookupPrefix(m);if(!w){var r=m.match(\".*/(\\\\w+)/?$\");w=r?r[1]:\"xhtml\"}e[m]=w}}var D={},L;for(L in e)D[e[L]]=L;d=function(M){return D[M]||\nnull}}try{return c.evaluate(b,a,d,9,null)}catch(M){if(\"TypeError\"===M.name)return d=c.createNSResolver?c.createNSResolver(c.documentElement):Bc,c.evaluate(b,a,d,9,null);throw M;}}catch(M){if(!Da||\"NS_ERROR_ILLEGAL_VALUE\"!=M.name)throw new rc(32,\"Unable to locate an element with the xpath expression \"+b+\" because of the following error:\\n\"+M);}}\nfunction Dc(a,b){var c=function(){var d=Cc(b,a);return d?d.singleNodeValue||null:b.selectSingleNode?(d=A(b),d.setProperty&&d.setProperty(\"SelectionLanguage\",\"XPath\"),b.selectSingleNode(a)):null}();if(null!==c&&(!c||1!=c.nodeType))throw new rc(32,'The result of the xpath expression \"'+a+'\" is: '+c+\". It should be an element.\");return c};function Ec(a,b,c,d){this.c=a;this.a=b;this.b=c;this.f=d}Ec.prototype.ceil=function(){this.c=Math.ceil(this.c);this.a=Math.ceil(this.a);this.b=Math.ceil(this.b);this.f=Math.ceil(this.f);return this};Ec.prototype.floor=function(){this.c=Math.floor(this.c);this.a=Math.floor(this.a);this.b=Math.floor(this.b);this.f=Math.floor(this.f);return this};Ec.prototype.round=function(){this.c=Math.round(this.c);this.a=Math.round(this.a);this.b=Math.round(this.b);this.f=Math.round(this.f);return this};function X(a,b,c,d){this.a=a;this.b=b;this.width=c;this.height=d}X.prototype.ceil=function(){this.a=Math.ceil(this.a);this.b=Math.ceil(this.b);this.width=Math.ceil(this.width);this.height=Math.ceil(this.height);return this};X.prototype.floor=function(){this.a=Math.floor(this.a);this.b=Math.floor(this.b);this.width=Math.floor(this.width);this.height=Math.floor(this.height);return this};\nX.prototype.round=function(){this.a=Math.round(this.a);this.b=Math.round(this.b);this.width=Math.round(this.width);this.height=Math.round(this.height);return this};var Fc=\"function\"===typeof ShadowRoot;function Gc(a){for(a=a.parentNode;a&&1!=a.nodeType&&9!=a.nodeType&&11!=a.nodeType;)a=a.parentNode;return W(a)?a:null}\nfunction Y(a,b){b=xa(b);if(\"float\"==b||\"cssFloat\"==b||\"styleFloat\"==b)b=Ac?\"styleFloat\":\"cssFloat\";a:{var c=b;var d=A(a);if(d.defaultView&&d.defaultView.getComputedStyle&&(d=d.defaultView.getComputedStyle(a,null))){c=d[c]||d.getPropertyValue(c)||\"\";break a}c=\"\"}a=c||Hc(a,b);if(null===a)a=null;else if(0<=ja(mc,b)){b:{var e=a.match(pc);if(e&&(b=Number(e[1]),c=Number(e[2]),d=Number(e[3]),e=Number(e[4]),0<=b&&255>=b&&0<=c&&255>=c&&0<=d&&255>=d&&0<=e&&1>=e)){b=[b,c,d,e];break b}b=null}if(!b)b:{if(d=a.match(qc))if(b=\nNumber(d[1]),c=Number(d[2]),d=Number(d[3]),0<=b&&255>=b&&0<=c&&255>=c&&0<=d&&255>=d){b=[b,c,d,1];break b}b=null}if(!b)b:{b=a.toLowerCase();c=lc[b.toLowerCase()];if(!c&&(c=\"#\"==b.charAt(0)?b:\"#\"+b,4==c.length&&(c=c.replace(nc,\"#$1$1$2$2$3$3\")),!oc.test(c))){b=null;break b}b=[parseInt(c.substr(1,2),16),parseInt(c.substr(3,2),16),parseInt(c.substr(5,2),16),1]}a=b?\"rgba(\"+b.join(\", \")+\")\":a}return a}\nfunction Hc(a,b){var c=a.currentStyle||a.style,d=c[b];void 0===d&&\"function\"==ca(c.getPropertyValue)&&(d=c.getPropertyValue(b));return\"inherit\"!=d?void 0!==d?d:null:(a=Gc(a))?Hc(a,b):null}\nfunction Ic(a,b,c){function d(g){var h=Jc(g);return 0<h.height&&0<h.width?!0:W(g,\"PATH\")&&(0<h.height||0<h.width)?(g=Y(g,\"stroke-width\"),!!g&&0<parseInt(g,10)):\"hidden\"!=Y(g,\"overflow\")&&ma(g.childNodes,function(m){return 3==m.nodeType||W(m)&&d(m)})}function e(g){return Kc(g)==Z&&na(g.childNodes,function(h){return!W(h)||e(h)||!d(h)})}if(!W(a))throw Error(\"Argument to isShown must be of type Element\");if(W(a,\"BODY\"))return!0;if(W(a,\"OPTION\")||W(a,\"OPTGROUP\"))return a=$a(a,function(g){return W(g,\"SELECT\")}),\n!!a&&Ic(a,!0,c);var f=Lc(a);if(f)return!!f.image&&0<f.rect.width&&0<f.rect.height&&Ic(f.image,b,c);if(W(a,\"INPUT\")&&\"hidden\"==a.type.toLowerCase()||W(a,\"NOSCRIPT\"))return!1;f=Y(a,\"visibility\");return\"collapse\"!=f&&\"hidden\"!=f&&c(a)&&(b||0!=Mc(a))&&d(a)?!e(a):!1}var Z=\"hidden\";\nfunction Kc(a){function b(p){function q(fb){if(fb==g)return!0;var Wb=Y(fb,\"display\");return 0==Wb.lastIndexOf(\"inline\",0)||\"contents\"==Wb||\"absolute\"==Xb&&\"static\"==Y(fb,\"position\")?!1:!0}var Xb=Y(p,\"position\");if(\"fixed\"==Xb)return w=!0,p==g?null:g;for(p=Gc(p);p&&!q(p);)p=Gc(p);return p}function c(p){var q=p;if(\"visible\"==m)if(p==g&&h)q=h;else if(p==h)return{x:\"visible\",y:\"visible\"};q={x:Y(q,\"overflow-x\"),y:Y(q,\"overflow-y\")};p==g&&(q.x=\"visible\"==q.x?\"auto\":q.x,q.y=\"visible\"==q.y?\"auto\":q.y);return q}\nfunction d(p){if(p==g){var q=(new ab(f)).a;p=q.scrollingElement?q.scrollingElement:Ea||\"CSS1Compat\"!=q.compatMode?q.body||q.documentElement:q.documentElement;q=q.parentWindow||q.defaultView;p=v&&Ka(\"10\")&&q.pageYOffset!=p.scrollTop?new Ua(p.scrollLeft,p.scrollTop):new Ua(q.pageXOffset||p.scrollLeft,q.pageYOffset||p.scrollTop)}else p=new Ua(p.scrollLeft,p.scrollTop);return p}var e=Nc(a),f=A(a),g=f.documentElement,h=f.body,m=Y(g,\"overflow\"),w;for(a=b(a);a;a=b(a)){var r=c(a);if(\"visible\"!=r.x||\"visible\"!=\nr.y){var D=Jc(a);if(0==D.width||0==D.height)return Z;var L=e.a<D.a,M=e.b<D.b;if(L&&\"hidden\"==r.x||M&&\"hidden\"==r.y)return Z;if(L&&\"visible\"!=r.x||M&&\"visible\"!=r.y){L=d(a);M=e.b<D.b-L.y;if(e.a<D.a-L.x&&\"visible\"!=r.x||M&&\"visible\"!=r.x)return Z;e=Kc(a);return e==Z?Z:\"scroll\"}L=e.f>=D.a+D.width;D=e.c>=D.b+D.height;if(L&&\"hidden\"==r.x||D&&\"hidden\"==r.y)return Z;if(L&&\"visible\"!=r.x||D&&\"visible\"!=r.y){if(w&&(r=d(a),e.f>=g.scrollWidth-r.x||e.a>=g.scrollHeight-r.y))return Z;e=Kc(a);return e==Z?Z:\"scroll\"}}}return\"none\"}\nfunction Jc(a){var b=Lc(a);if(b)return b.rect;if(W(a,\"HTML\"))return a=A(a),a=((a?a.parentWindow||a.defaultView:window)||window).document,a=\"CSS1Compat\"==a.compatMode?a.documentElement:a.body,a=new Va(a.clientWidth,a.clientHeight),new X(0,0,a.width,a.height);try{var c=a.getBoundingClientRect()}catch(d){return new X(0,0,0,0)}b=new X(c.left,c.top,c.right-c.left,c.bottom-c.top);v&&a.ownerDocument.body&&(a=A(a),b.a-=a.documentElement.clientLeft+a.body.clientLeft,b.b-=a.documentElement.clientTop+a.body.clientTop);\nreturn b}function Lc(a){var b=W(a,\"MAP\");if(!b&&!W(a,\"AREA\"))return null;var c=b?a:W(a.parentNode,\"MAP\")?a.parentNode:null,d=null,e=null;c&&c.name&&(d=Dc('/descendant::*[@usemap = \"#'+c.name+'\"]',A(c)))&&(e=Jc(d),b||\"default\"==a.shape.toLowerCase()||(a=Oc(a),b=Math.min(Math.max(a.a,0),e.width),c=Math.min(Math.max(a.b,0),e.height),e=new X(b+e.a,c+e.b,Math.min(a.width,e.width-b),Math.min(a.height,e.height-c))));return{image:d,rect:e||new X(0,0,0,0)}}\nfunction Oc(a){var b=a.shape.toLowerCase();a=a.coords.split(\",\");if(\"rect\"==b&&4==a.length){b=a[0];var c=a[1];return new X(b,c,a[2]-b,a[3]-c)}if(\"circle\"==b&&3==a.length)return b=a[2],new X(a[0]-b,a[1]-b,2*b,2*b);if(\"poly\"==b&&2<a.length){b=a[0];c=a[1];for(var d=b,e=c,f=2;f+1<a.length;f+=2)b=Math.min(b,a[f]),d=Math.max(d,a[f]),c=Math.min(c,a[f+1]),e=Math.max(e,a[f+1]);return new X(b,c,d-b,e-c)}return new X(0,0,0,0)}function Nc(a){a=Jc(a);return new Ec(a.b,a.a+a.width,a.b+a.height,a.a)}\nfunction Mc(a){if(Ac){if(\"relative\"==Y(a,\"position\"))return 1;a=Y(a,\"filter\");return(a=a.match(/^alpha\\(opacity=(\\d*)\\)/)||a.match(/^progid:DXImageTransform.Microsoft.Alpha\\(Opacity=(\\d*)\\)/))?Number(a[1])/100:1}return Pc(a)}function Pc(a){var b=1,c=Y(a,\"opacity\");c&&(b=Number(c));(a=Gc(a))&&(b*=Pc(a));return b};ba(\"_\",function(a,b){function c(d){if(W(d)&&\"none\"==Y(d,\"display\"))return!1;var e;if((e=d.parentNode)&&e.shadowRoot&&void 0!==d.assignedSlot)e=d.assignedSlot?d.assignedSlot.parentNode:null;else if(d.getDestinationInsertionPoints){var f=d.getDestinationInsertionPoints();0<f.length&&(e=f[f.length-1])}if(Fc&&e instanceof ShadowRoot){if(e.host.shadowRoot!==e)return!1;e=e.host}return!e||9!=e.nodeType&&11!=e.nodeType?e&&W(e,\"DETAILS\")&&!e.open&&!W(d,\"SUMMARY\")?!1:!!e&&c(e):!0}return Ic(a,!!b,c)});; return this._.apply(null,arguments);}).apply({navigator:typeof window!='undefined'?window.navigator:null,document:typeof window!='undefined'?window.document:null}, arguments);}\n).apply(null, arguments);", "args": [{"element-6066-11e4-a52e-4f735466cecf": "f.63B823F5F932B18CEF0487356FDD0014.d.D73C794E0A517EC1AD39918C00504A79.e.45"}]}
DEBUG    urllib3.connectionpool:connectionpool.py:544 http://selenium-hub:4444 "POST /wd/hub/session/9be8c1aa68ba25175154757d50bb5f31/execute/sync HTTP/1.1" 200 0
DEBUG    selenium.webdriver.remote.remote_connection:remote_connection.py:329 Remote response: status=200 | data={"value":true} | headers=HTTPHeaderDict({'content-length': '14', 'content-type': 'application/json; charset=utf-8', 'cache-control': 'no-cache'})
DEBUG    selenium.webdriver.remote.remote_connection:remote_connection.py:356 Finished Request
DEBUG    selenium.webdriver.remote.remote_connection:remote_connection.py:313 POST http://selenium-hub:4444/wd/hub/session/9be8c1aa68ba25175154757d50bb5f31/execute/sync {"script": "/* isDisplayed */return (function(){return (function(){var k=this||self;function aa(a){return\"string\"==typeof a}function ba(a,b){a=a.split(\".\");var c=k;a[0]in c||\"undefined\"==typeof c.execScript||c.execScript(\"var \"+a[0]);for(var d;a.length&&(d=a.shift());)a.length||void 0===b?c[d]&&c[d]!==Object.prototype[d]?c=c[d]:c=c[d]={}:c[d]=b}\nfunction ca(a){var b=typeof a;if(\"object\"==b)if(a){if(a instanceof Array)return\"array\";if(a instanceof Object)return b;var c=Object.prototype.toString.call(a);if(\"[object Window]\"==c)return\"object\";if(\"[object Array]\"==c||\"number\"==typeof a.length&&\"undefined\"!=typeof a.splice&&\"undefined\"!=typeof a.propertyIsEnumerable&&!a.propertyIsEnumerable(\"splice\"))return\"array\";if(\"[object Function]\"==c||\"undefined\"!=typeof a.call&&\"undefined\"!=typeof a.propertyIsEnumerable&&!a.propertyIsEnumerable(\"call\"))return\"function\"}else return\"null\";\nelse if(\"function\"==b&&\"undefined\"==typeof a.call)return\"object\";return b}function da(a,b,c){return a.call.apply(a.bind,arguments)}function ea(a,b,c){if(!a)throw Error();if(2<arguments.length){var d=Array.prototype.slice.call(arguments,2);return function(){var e=Array.prototype.slice.call(arguments);Array.prototype.unshift.apply(e,d);return a.apply(b,e)}}return function(){return a.apply(b,arguments)}}\nfunction fa(a,b,c){Function.prototype.bind&&-1!=Function.prototype.bind.toString().indexOf(\"native code\")?fa=da:fa=ea;return fa.apply(null,arguments)}function ha(a,b){var c=Array.prototype.slice.call(arguments,1);return function(){var d=c.slice();d.push.apply(d,arguments);return a.apply(this,d)}}function l(a,b){function c(){}c.prototype=b.prototype;a.prototype=new c;a.prototype.constructor=a};/*\n\n The MIT License\n\n Copyright (c) 2007 Cybozu Labs, Inc.\n Copyright (c) 2012 Google Inc.\n\n Permission is hereby granted, free of charge, to any person obtaining a copy\n of this software and associated documentation files (the \"Software\"), to\n deal in the Software without restriction, including without limitation the\n rights to use, copy, modify, merge, publish, distribute, sublicense, and/or\n sell copies of the Software, and to permit persons to whom the Software is\n furnished to do so, subject to the following conditions:\n\n The above copyright notice and this permission notice shall be included in\n all copies or substantial portions of the Software.\n\n THE SOFTWARE IS PROVIDED \"AS IS\", WITHOUT WARRANTY OF ANY KIND, EXPRESS OR\n IMPLIED, INCLUDING BUT NOT LIMITED TO THE WARRANTIES OF MERCHANTABILITY,\n FITNESS FOR A PARTICULAR PURPOSE AND NONINFRINGEMENT. IN NO EVENT SHALL THE\n AUTHORS OR COPYRIGHT HOLDERS BE LIABLE FOR ANY CLAIM, DAMAGES OR OTHER\n LIABILITY, WHETHER IN AN ACTION OF CONTRACT, TORT OR OTHERWISE, ARISING\n FROM, OUT OF OR IN CONNECTION WITH THE SOFTWARE OR THE USE OR OTHER DEALINGS\n IN THE SOFTWARE.\n*/\nfunction ia(a,b,c){this.a=a;this.b=b||1;this.f=c||1};var ja=Array.prototype.indexOf?function(a,b){return Array.prototype.indexOf.call(a,b,void 0)}:function(a,b){if(\"string\"===typeof a)return\"string\"!==typeof b||1!=b.length?-1:a.indexOf(b,0);for(var c=0;c<a.length;c++)if(c in a&&a[c]===b)return c;return-1},n=Array.prototype.forEach?function(a,b){Array.prototype.forEach.call(a,b,void 0)}:function(a,b){for(var c=a.length,d=\"string\"===typeof a?a.split(\"\"):a,e=0;e<c;e++)e in d&&b.call(void 0,d[e],e,a)},ka=Array.prototype.filter?function(a,b){return Array.prototype.filter.call(a,\nb,void 0)}:function(a,b){for(var c=a.length,d=[],e=0,f=\"string\"===typeof a?a.split(\"\"):a,g=0;g<c;g++)if(g in f){var h=f[g];b.call(void 0,h,g,a)&&(d[e++]=h)}return d},la=Array.prototype.reduce?function(a,b,c){return Array.prototype.reduce.call(a,b,c)}:function(a,b,c){var d=c;n(a,function(e,f){d=b.call(void 0,d,e,f,a)});return d},ma=Array.prototype.some?function(a,b){return Array.prototype.some.call(a,b,void 0)}:function(a,b){for(var c=a.length,d=\"string\"===typeof a?a.split(\"\"):a,e=0;e<c;e++)if(e in\nd&&b.call(void 0,d[e],e,a))return!0;return!1},na=Array.prototype.every?function(a,b){return Array.prototype.every.call(a,b,void 0)}:function(a,b){for(var c=a.length,d=\"string\"===typeof a?a.split(\"\"):a,e=0;e<c;e++)if(e in d&&!b.call(void 0,d[e],e,a))return!1;return!0};function oa(a,b){a:{for(var c=a.length,d=\"string\"===typeof a?a.split(\"\"):a,e=0;e<c;e++)if(e in d&&b.call(void 0,d[e],e,a)){b=e;break a}b=-1}return 0>b?null:\"string\"===typeof a?a.charAt(b):a[b]}\nfunction pa(a){return Array.prototype.concat.apply([],arguments)}function qa(a,b,c){return 2>=arguments.length?Array.prototype.slice.call(a,b):Array.prototype.slice.call(a,b,c)};var ra=String.prototype.trim?function(a){return a.trim()}:function(a){return/^[\\s\\xa0]*([\\s\\S]*?)[\\s\\xa0]*$/.exec(a)[1]};function sa(a,b){return a<b?-1:a>b?1:0};var t;a:{var ta=k.navigator;if(ta){var ua=ta.userAgent;if(ua){t=ua;break a}}t=\"\"}function u(a){return-1!=t.indexOf(a)};function va(){return u(\"Firefox\")||u(\"FxiOS\")}function wa(){return(u(\"Chrome\")||u(\"CriOS\"))&&!u(\"Edge\")};function xa(a){return String(a).replace(/\\-([a-z])/g,function(b,c){return c.toUpperCase()})};function ya(){return u(\"iPhone\")&&!u(\"iPod\")&&!u(\"iPad\")};function za(a,b){var c=Aa;return Object.prototype.hasOwnProperty.call(c,a)?c[a]:c[a]=b(a)};var Ba=u(\"Opera\"),v=u(\"Trident\")||u(\"MSIE\"),Ca=u(\"Edge\"),Da=u(\"Gecko\")&&!(-1!=t.toLowerCase().indexOf(\"webkit\")&&!u(\"Edge\"))&&!(u(\"Trident\")||u(\"MSIE\"))&&!u(\"Edge\"),Ea=-1!=t.toLowerCase().indexOf(\"webkit\")&&!u(\"Edge\");function Fa(){var a=k.document;return a?a.documentMode:void 0}var Ga;\na:{var Ha=\"\",Ia=function(){var a=t;if(Da)return/rv:([^\\);]+)(\\)|;)/.exec(a);if(Ca)return/Edge\\/([\\d\\.]+)/.exec(a);if(v)return/\\b(?:MSIE|rv)[: ]([^\\);]+)(\\)|;)/.exec(a);if(Ea)return/WebKit\\/(\\S+)/.exec(a);if(Ba)return/(?:Version)[ \\/]?(\\S+)/.exec(a)}();Ia&&(Ha=Ia?Ia[1]:\"\");if(v){var Ja=Fa();if(null!=Ja&&Ja>parseFloat(Ha)){Ga=String(Ja);break a}}Ga=Ha}var Aa={};\nfunction Ka(a){return za(a,function(){for(var b=0,c=ra(String(Ga)).split(\".\"),d=ra(String(a)).split(\".\"),e=Math.max(c.length,d.length),f=0;0==b&&f<e;f++){var g=c[f]||\"\",h=d[f]||\"\";do{g=/(\\d*)(\\D*)(.*)/.exec(g)||[\"\",\"\",\"\",\"\"];h=/(\\d*)(\\D*)(.*)/.exec(h)||[\"\",\"\",\"\",\"\"];if(0==g[0].length&&0==h[0].length)break;b=sa(0==g[1].length?0:parseInt(g[1],10),0==h[1].length?0:parseInt(h[1],10))||sa(0==g[2].length,0==h[2].length)||sa(g[2],h[2]);g=g[3];h=h[3]}while(0==b)}return 0<=b})}var La;\nLa=k.document&&v?Fa():void 0;var x=v&&!(9<=Number(La)),Ma=v&&!(8<=Number(La));function Na(a,b,c,d){this.a=a;this.nodeName=c;this.nodeValue=d;this.nodeType=2;this.parentNode=this.ownerElement=b}function Oa(a,b){var c=Ma&&\"href\"==b.nodeName?a.getAttribute(b.nodeName,2):b.nodeValue;return new Na(b,a,b.nodeName,c)};function Pa(a){this.b=a;this.a=0}function Qa(a){a=a.match(Ra);for(var b=0;b<a.length;b++)Sa.test(a[b])&&a.splice(b,1);return new Pa(a)}var Ra=/\\$?(?:(?![0-9-\\.])(?:\\*|[\\w-\\.]+):)?(?![0-9-\\.])(?:\\*|[\\w-\\.]+)|\\/\\/|\\.\\.|::|\\d+(?:\\.\\d*)?|\\.\\d+|\"[^\"]*\"|'[^']*'|[!<>]=|\\s+|./g,Sa=/^\\s/;function y(a,b){return a.b[a.a+(b||0)]}function z(a){return a.b[a.a++]}function Ta(a){return a.b.length<=a.a};function Ua(a,b){this.x=void 0!==a?a:0;this.y=void 0!==b?b:0}Ua.prototype.ceil=function(){this.x=Math.ceil(this.x);this.y=Math.ceil(this.y);return this};Ua.prototype.floor=function(){this.x=Math.floor(this.x);this.y=Math.floor(this.y);return this};Ua.prototype.round=function(){this.x=Math.round(this.x);this.y=Math.round(this.y);return this};function Va(a,b){this.width=a;this.height=b}Va.prototype.aspectRatio=function(){return this.width/this.height};Va.prototype.ceil=function(){this.width=Math.ceil(this.width);this.height=Math.ceil(this.height);return this};Va.prototype.floor=function(){this.width=Math.floor(this.width);this.height=Math.floor(this.height);return this};Va.prototype.round=function(){this.width=Math.round(this.width);this.height=Math.round(this.height);return this};function Wa(a,b){if(!a||!b)return!1;if(a.contains&&1==b.nodeType)return a==b||a.contains(b);if(\"undefined\"!=typeof a.compareDocumentPosition)return a==b||!!(a.compareDocumentPosition(b)&16);for(;b&&a!=b;)b=b.parentNode;return b==a}\nfunction Xa(a,b){if(a==b)return 0;if(a.compareDocumentPosition)return a.compareDocumentPosition(b)&2?1:-1;if(v&&!(9<=Number(La))){if(9==a.nodeType)return-1;if(9==b.nodeType)return 1}if(\"sourceIndex\"in a||a.parentNode&&\"sourceIndex\"in a.parentNode){var c=1==a.nodeType,d=1==b.nodeType;if(c&&d)return a.sourceIndex-b.sourceIndex;var e=a.parentNode,f=b.parentNode;return e==f?Ya(a,b):!c&&Wa(e,b)?-1*Za(a,b):!d&&Wa(f,a)?Za(b,a):(c?a.sourceIndex:e.sourceIndex)-(d?b.sourceIndex:f.sourceIndex)}d=A(a);c=d.createRange();\nc.selectNode(a);c.collapse(!0);a=d.createRange();a.selectNode(b);a.collapse(!0);return c.compareBoundaryPoints(k.Range.START_TO_END,a)}function Za(a,b){var c=a.parentNode;if(c==b)return-1;for(;b.parentNode!=c;)b=b.parentNode;return Ya(b,a)}function Ya(a,b){for(;b=b.previousSibling;)if(b==a)return-1;return 1}function A(a){return 9==a.nodeType?a:a.ownerDocument||a.document}function $a(a,b){a&&(a=a.parentNode);for(var c=0;a;){if(b(a))return a;a=a.parentNode;c++}return null}\nfunction ab(a){this.a=a||k.document||document}ab.prototype.getElementsByTagName=function(a,b){return(b||this.a).getElementsByTagName(String(a))};function B(a){var b=null,c=a.nodeType;1==c&&(b=a.textContent,b=void 0==b||null==b?a.innerText:b,b=void 0==b||null==b?\"\":b);if(\"string\"!=typeof b)if(x&&\"title\"==a.nodeName.toLowerCase()&&1==c)b=a.text;else if(9==c||1==c){a=9==c?a.documentElement:a.firstChild;c=0;var d=[];for(b=\"\";a;){do 1!=a.nodeType&&(b+=a.nodeValue),x&&\"title\"==a.nodeName.toLowerCase()&&(b+=a.text),d[c++]=a;while(a=a.firstChild);for(;c&&!(a=d[--c].nextSibling););}}else b=a.nodeValue;return b}\nfunction C(a,b,c){if(null===b)return!0;try{if(!a.getAttribute)return!1}catch(d){return!1}Ma&&\"class\"==b&&(b=\"className\");return null==c?!!a.getAttribute(b):a.getAttribute(b,2)==c}function bb(a,b,c,d,e){return(x?cb:db).call(null,a,b,aa(c)?c:null,aa(d)?d:null,e||new E)}\nfunction cb(a,b,c,d,e){if(a instanceof F||8==a.b||c&&null===a.b){var f=b.all;if(!f)return e;a=eb(a);if(\"*\"!=a&&(f=b.getElementsByTagName(a),!f))return e;if(c){for(var g=[],h=0;b=f[h++];)C(b,c,d)&&g.push(b);f=g}for(h=0;b=f[h++];)\"*\"==a&&\"!\"==b.tagName||e.add(b);return e}gb(a,b,c,d,e);return e}\nfunction db(a,b,c,d,e){b.getElementsByName&&d&&\"name\"==c&&!v?(b=b.getElementsByName(d),n(b,function(f){a.a(f)&&e.add(f)})):b.getElementsByClassName&&d&&\"class\"==c?(b=b.getElementsByClassName(d),n(b,function(f){f.className==d&&a.a(f)&&e.add(f)})):a instanceof G?gb(a,b,c,d,e):b.getElementsByTagName&&(b=b.getElementsByTagName(a.f()),n(b,function(f){C(f,c,d)&&e.add(f)}));return e}\nfunction hb(a,b,c,d,e){var f;if((a instanceof F||8==a.b||c&&null===a.b)&&(f=b.childNodes)){var g=eb(a);if(\"*\"!=g&&(f=ka(f,function(h){return h.tagName&&h.tagName.toLowerCase()==g}),!f))return e;c&&(f=ka(f,function(h){return C(h,c,d)}));n(f,function(h){\"*\"==g&&(\"!\"==h.tagName||\"*\"==g&&1!=h.nodeType)||e.add(h)});return e}return ib(a,b,c,d,e)}function ib(a,b,c,d,e){for(b=b.firstChild;b;b=b.nextSibling)C(b,c,d)&&a.a(b)&&e.add(b);return e}\nfunction gb(a,b,c,d,e){for(b=b.firstChild;b;b=b.nextSibling)C(b,c,d)&&a.a(b)&&e.add(b),gb(a,b,c,d,e)}function eb(a){if(a instanceof G){if(8==a.b)return\"!\";if(null===a.b)return\"*\"}return a.f()};function E(){this.b=this.a=null;this.l=0}function jb(a){this.f=a;this.a=this.b=null}function kb(a,b){if(!a.a)return b;if(!b.a)return a;var c=a.a;b=b.a;for(var d=null,e,f=0;c&&b;){e=c.f;var g=b.f;e==g||e instanceof Na&&g instanceof Na&&e.a==g.a?(e=c,c=c.a,b=b.a):0<Xa(c.f,b.f)?(e=b,b=b.a):(e=c,c=c.a);(e.b=d)?d.a=e:a.a=e;d=e;f++}for(e=c||b;e;)e.b=d,d=d.a=e,f++,e=e.a;a.b=d;a.l=f;return a}function lb(a,b){b=new jb(b);b.a=a.a;a.b?a.a.b=b:a.a=a.b=b;a.a=b;a.l++}\nE.prototype.add=function(a){a=new jb(a);a.b=this.b;this.a?this.b.a=a:this.a=this.b=a;this.b=a;this.l++};function mb(a){return(a=a.a)?a.f:null}function nb(a){return(a=mb(a))?B(a):\"\"}function H(a,b){return new ob(a,!!b)}function ob(a,b){this.f=a;this.b=(this.s=b)?a.b:a.a;this.a=null}function I(a){var b=a.b;if(null==b)return null;var c=a.a=b;a.b=a.s?b.b:b.a;return c.f};function J(a){this.i=a;this.b=this.g=!1;this.f=null}function K(a){return\"\\n  \"+a.toString().split(\"\\n\").join(\"\\n  \")}function pb(a,b){a.g=b}function qb(a,b){a.b=b}function N(a,b){a=a.a(b);return a instanceof E?+nb(a):+a}function O(a,b){a=a.a(b);return a instanceof E?nb(a):\"\"+a}function rb(a,b){a=a.a(b);return a instanceof E?!!a.l:!!a};function sb(a,b,c){J.call(this,a.i);this.c=a;this.h=b;this.o=c;this.g=b.g||c.g;this.b=b.b||c.b;this.c==tb&&(c.b||c.g||4==c.i||0==c.i||!b.f?b.b||b.g||4==b.i||0==b.i||!c.f||(this.f={name:c.f.name,u:b}):this.f={name:b.f.name,u:c})}l(sb,J);\nfunction ub(a,b,c,d,e){b=b.a(d);c=c.a(d);var f;if(b instanceof E&&c instanceof E){b=H(b);for(d=I(b);d;d=I(b))for(e=H(c),f=I(e);f;f=I(e))if(a(B(d),B(f)))return!0;return!1}if(b instanceof E||c instanceof E){b instanceof E?(e=b,d=c):(e=c,d=b);f=H(e);for(var g=typeof d,h=I(f);h;h=I(f)){switch(g){case \"number\":h=+B(h);break;case \"boolean\":h=!!B(h);break;case \"string\":h=B(h);break;default:throw Error(\"Illegal primitive type for comparison.\");}if(e==b&&a(h,d)||e==c&&a(d,h))return!0}return!1}return e?\"boolean\"==\ntypeof b||\"boolean\"==typeof c?a(!!b,!!c):\"number\"==typeof b||\"number\"==typeof c?a(+b,+c):a(b,c):a(+b,+c)}sb.prototype.a=function(a){return this.c.m(this.h,this.o,a)};sb.prototype.toString=function(){var a=\"Binary Expression: \"+this.c;a+=K(this.h);return a+=K(this.o)};function vb(a,b,c,d){this.I=a;this.D=b;this.i=c;this.m=d}vb.prototype.toString=function(){return this.I};var wb={};\nfunction P(a,b,c,d){if(wb.hasOwnProperty(a))throw Error(\"Binary operator already created: \"+a);a=new vb(a,b,c,d);return wb[a.toString()]=a}P(\"div\",6,1,function(a,b,c){return N(a,c)/N(b,c)});P(\"mod\",6,1,function(a,b,c){return N(a,c)%N(b,c)});P(\"*\",6,1,function(a,b,c){return N(a,c)*N(b,c)});P(\"+\",5,1,function(a,b,c){return N(a,c)+N(b,c)});P(\"-\",5,1,function(a,b,c){return N(a,c)-N(b,c)});P(\"<\",4,2,function(a,b,c){return ub(function(d,e){return d<e},a,b,c)});\nP(\">\",4,2,function(a,b,c){return ub(function(d,e){return d>e},a,b,c)});P(\"<=\",4,2,function(a,b,c){return ub(function(d,e){return d<=e},a,b,c)});P(\">=\",4,2,function(a,b,c){return ub(function(d,e){return d>=e},a,b,c)});var tb=P(\"=\",3,2,function(a,b,c){return ub(function(d,e){return d==e},a,b,c,!0)});P(\"!=\",3,2,function(a,b,c){return ub(function(d,e){return d!=e},a,b,c,!0)});P(\"and\",2,2,function(a,b,c){return rb(a,c)&&rb(b,c)});P(\"or\",1,2,function(a,b,c){return rb(a,c)||rb(b,c)});function xb(a,b){if(b.a.length&&4!=a.i)throw Error(\"Primary expression must evaluate to nodeset if filter has predicate(s).\");J.call(this,a.i);this.c=a;this.h=b;this.g=a.g;this.b=a.b}l(xb,J);xb.prototype.a=function(a){a=this.c.a(a);return yb(this.h,a)};xb.prototype.toString=function(){var a=\"Filter:\"+K(this.c);return a+=K(this.h)};function zb(a,b){if(b.length<a.C)throw Error(\"Function \"+a.j+\" expects at least\"+a.C+\" arguments, \"+b.length+\" given\");if(null!==a.B&&b.length>a.B)throw Error(\"Function \"+a.j+\" expects at most \"+a.B+\" arguments, \"+b.length+\" given\");a.H&&n(b,function(c,d){if(4!=c.i)throw Error(\"Argument \"+d+\" to function \"+a.j+\" is not of type Nodeset: \"+c);});J.call(this,a.i);this.v=a;this.c=b;pb(this,a.g||ma(b,function(c){return c.g}));qb(this,a.G&&!b.length||a.F&&!!b.length||ma(b,function(c){return c.b}))}\nl(zb,J);zb.prototype.a=function(a){return this.v.m.apply(null,pa(a,this.c))};zb.prototype.toString=function(){var a=\"Function: \"+this.v;if(this.c.length){var b=la(this.c,function(c,d){return c+K(d)},\"Arguments:\");a+=K(b)}return a};function Ab(a,b,c,d,e,f,g,h){this.j=a;this.i=b;this.g=c;this.G=d;this.F=!1;this.m=e;this.C=f;this.B=void 0!==g?g:f;this.H=!!h}Ab.prototype.toString=function(){return this.j};var Bb={};\nfunction Q(a,b,c,d,e,f,g,h){if(Bb.hasOwnProperty(a))throw Error(\"Function already created: \"+a+\".\");Bb[a]=new Ab(a,b,c,d,e,f,g,h)}Q(\"boolean\",2,!1,!1,function(a,b){return rb(b,a)},1);Q(\"ceiling\",1,!1,!1,function(a,b){return Math.ceil(N(b,a))},1);Q(\"concat\",3,!1,!1,function(a,b){return la(qa(arguments,1),function(c,d){return c+O(d,a)},\"\")},2,null);Q(\"contains\",2,!1,!1,function(a,b,c){b=O(b,a);a=O(c,a);return-1!=b.indexOf(a)},2);Q(\"count\",1,!1,!1,function(a,b){return b.a(a).l},1,1,!0);\nQ(\"false\",2,!1,!1,function(){return!1},0);Q(\"floor\",1,!1,!1,function(a,b){return Math.floor(N(b,a))},1);Q(\"id\",4,!1,!1,function(a,b){function c(h){if(x){var m=e.all[h];if(m){if(m.nodeType&&h==m.id)return m;if(m.length)return oa(m,function(w){return h==w.id})}return null}return e.getElementById(h)}var d=a.a,e=9==d.nodeType?d:d.ownerDocument;a=O(b,a).split(/\\s+/);var f=[];n(a,function(h){h=c(h);!h||0<=ja(f,h)||f.push(h)});f.sort(Xa);var g=new E;n(f,function(h){g.add(h)});return g},1);\nQ(\"lang\",2,!1,!1,function(){return!1},1);Q(\"last\",1,!0,!1,function(a){if(1!=arguments.length)throw Error(\"Function last expects ()\");return a.f},0);Q(\"local-name\",3,!1,!0,function(a,b){return(a=b?mb(b.a(a)):a.a)?a.localName||a.nodeName.toLowerCase():\"\"},0,1,!0);Q(\"name\",3,!1,!0,function(a,b){return(a=b?mb(b.a(a)):a.a)?a.nodeName.toLowerCase():\"\"},0,1,!0);Q(\"namespace-uri\",3,!0,!1,function(){return\"\"},0,1,!0);\nQ(\"normalize-space\",3,!1,!0,function(a,b){return(b?O(b,a):B(a.a)).replace(/[\\s\\xa0]+/g,\" \").replace(/^\\s+|\\s+$/g,\"\")},0,1);Q(\"not\",2,!1,!1,function(a,b){return!rb(b,a)},1);Q(\"number\",1,!1,!0,function(a,b){return b?N(b,a):+B(a.a)},0,1);Q(\"position\",1,!0,!1,function(a){return a.b},0);Q(\"round\",1,!1,!1,function(a,b){return Math.round(N(b,a))},1);Q(\"starts-with\",2,!1,!1,function(a,b,c){b=O(b,a);a=O(c,a);return 0==b.lastIndexOf(a,0)},2);Q(\"string\",3,!1,!0,function(a,b){return b?O(b,a):B(a.a)},0,1);\nQ(\"string-length\",1,!1,!0,function(a,b){return(b?O(b,a):B(a.a)).length},0,1);Q(\"substring\",3,!1,!1,function(a,b,c,d){c=N(c,a);if(isNaN(c)||Infinity==c||-Infinity==c)return\"\";d=d?N(d,a):Infinity;if(isNaN(d)||-Infinity===d)return\"\";c=Math.round(c)-1;var e=Math.max(c,0);a=O(b,a);return Infinity==d?a.substring(e):a.substring(e,c+Math.round(d))},2,3);Q(\"substring-after\",3,!1,!1,function(a,b,c){b=O(b,a);a=O(c,a);c=b.indexOf(a);return-1==c?\"\":b.substring(c+a.length)},2);\nQ(\"substring-before\",3,!1,!1,function(a,b,c){b=O(b,a);a=O(c,a);a=b.indexOf(a);return-1==a?\"\":b.substring(0,a)},2);Q(\"sum\",1,!1,!1,function(a,b){a=H(b.a(a));b=0;for(var c=I(a);c;c=I(a))b+=+B(c);return b},1,1,!0);Q(\"translate\",3,!1,!1,function(a,b,c,d){b=O(b,a);c=O(c,a);var e=O(d,a);a={};for(d=0;d<c.length;d++){var f=c.charAt(d);f in a||(a[f]=e.charAt(d))}c=\"\";for(d=0;d<b.length;d++)f=b.charAt(d),c+=f in a?a[f]:f;return c},3);Q(\"true\",2,!1,!1,function(){return!0},0);function G(a,b){this.h=a;this.c=void 0!==b?b:null;this.b=null;switch(a){case \"comment\":this.b=8;break;case \"text\":this.b=3;break;case \"processing-instruction\":this.b=7;break;case \"node\":break;default:throw Error(\"Unexpected argument\");}}function Cb(a){return\"comment\"==a||\"text\"==a||\"processing-instruction\"==a||\"node\"==a}G.prototype.a=function(a){return null===this.b||this.b==a.nodeType};G.prototype.f=function(){return this.h};\nG.prototype.toString=function(){var a=\"Kind Test: \"+this.h;null===this.c||(a+=K(this.c));return a};function Db(a){J.call(this,3);this.c=a.substring(1,a.length-1)}l(Db,J);Db.prototype.a=function(){return this.c};Db.prototype.toString=function(){return\"Literal: \"+this.c};function F(a,b){this.j=a.toLowerCase();a=\"*\"==this.j?\"*\":\"http://www.w3.org/1999/xhtml\";this.c=b?b.toLowerCase():a}F.prototype.a=function(a){var b=a.nodeType;if(1!=b&&2!=b)return!1;b=void 0!==a.localName?a.localName:a.nodeName;return\"*\"!=this.j&&this.j!=b.toLowerCase()?!1:\"*\"==this.c?!0:this.c==(a.namespaceURI?a.namespaceURI.toLowerCase():\"http://www.w3.org/1999/xhtml\")};F.prototype.f=function(){return this.j};\nF.prototype.toString=function(){return\"Name Test: \"+(\"http://www.w3.org/1999/xhtml\"==this.c?\"\":this.c+\":\")+this.j};function Eb(a){J.call(this,1);this.c=a}l(Eb,J);Eb.prototype.a=function(){return this.c};Eb.prototype.toString=function(){return\"Number: \"+this.c};function Fb(a,b){J.call(this,a.i);this.h=a;this.c=b;this.g=a.g;this.b=a.b;1==this.c.length&&(a=this.c[0],a.A||a.c!=Gb||(a=a.o,\"*\"!=a.f()&&(this.f={name:a.f(),u:null})))}l(Fb,J);function Hb(){J.call(this,4)}l(Hb,J);Hb.prototype.a=function(a){var b=new E;a=a.a;9==a.nodeType?b.add(a):b.add(a.ownerDocument);return b};Hb.prototype.toString=function(){return\"Root Helper Expression\"};function Ib(){J.call(this,4)}l(Ib,J);Ib.prototype.a=function(a){var b=new E;b.add(a.a);return b};Ib.prototype.toString=function(){return\"Context Helper Expression\"};\nfunction Jb(a){return\"/\"==a||\"//\"==a}Fb.prototype.a=function(a){var b=this.h.a(a);if(!(b instanceof E))throw Error(\"Filter expression must evaluate to nodeset.\");a=this.c;for(var c=0,d=a.length;c<d&&b.l;c++){var e=a[c],f=H(b,e.c.s);if(e.g||e.c!=Kb)if(e.g||e.c!=Lb){var g=I(f);for(b=e.a(new ia(g));null!=(g=I(f));)g=e.a(new ia(g)),b=kb(b,g)}else g=I(f),b=e.a(new ia(g));else{for(g=I(f);(b=I(f))&&(!g.contains||g.contains(b))&&b.compareDocumentPosition(g)&8;g=b);b=e.a(new ia(g))}}return b};\nFb.prototype.toString=function(){var a=\"Path Expression:\"+K(this.h);if(this.c.length){var b=la(this.c,function(c,d){return c+K(d)},\"Steps:\");a+=K(b)}return a};function Mb(a,b){this.a=a;this.s=!!b}\nfunction yb(a,b,c){for(c=c||0;c<a.a.length;c++)for(var d=a.a[c],e=H(b),f=b.l,g,h=0;g=I(e);h++){var m=a.s?f-h:h+1;g=d.a(new ia(g,m,f));if(\"number\"==typeof g)m=m==g;else if(\"string\"==typeof g||\"boolean\"==typeof g)m=!!g;else if(g instanceof E)m=0<g.l;else throw Error(\"Predicate.evaluate returned an unexpected type.\");if(!m){m=e;g=m.f;var w=m.a;if(!w)throw Error(\"Next must be called at least once before remove.\");var r=w.b;w=w.a;r?r.a=w:g.a=w;w?w.b=r:g.b=r;g.l--;m.a=null}}return b}\nMb.prototype.toString=function(){return la(this.a,function(a,b){return a+K(b)},\"Predicates:\")};function R(a,b,c,d){J.call(this,4);this.c=a;this.o=b;this.h=c||new Mb([]);this.A=!!d;b=this.h;b=0<b.a.length?b.a[0].f:null;a.J&&b&&(a=b.name,a=x?a.toLowerCase():a,this.f={name:a,u:b.u});a:{a=this.h;for(b=0;b<a.a.length;b++)if(c=a.a[b],c.g||1==c.i||0==c.i){a=!0;break a}a=!1}this.g=a}l(R,J);\nR.prototype.a=function(a){var b=a.a,c=this.f,d=null,e=null,f=0;c&&(d=c.name,e=c.u?O(c.u,a):null,f=1);if(this.A)if(this.g||this.c!=Nb)if(b=H((new R(Ob,new G(\"node\"))).a(a)),c=I(b))for(a=this.m(c,d,e,f);null!=(c=I(b));)a=kb(a,this.m(c,d,e,f));else a=new E;else a=bb(this.o,b,d,e),a=yb(this.h,a,f);else a=this.m(a.a,d,e,f);return a};R.prototype.m=function(a,b,c,d){a=this.c.v(this.o,a,b,c);return a=yb(this.h,a,d)};\nR.prototype.toString=function(){var a=\"Step:\"+K(\"Operator: \"+(this.A?\"//\":\"/\"));this.c.j&&(a+=K(\"Axis: \"+this.c));a+=K(this.o);if(this.h.a.length){var b=la(this.h.a,function(c,d){return c+K(d)},\"Predicates:\");a+=K(b)}return a};function Pb(a,b,c,d){this.j=a;this.v=b;this.s=c;this.J=d}Pb.prototype.toString=function(){return this.j};var Qb={};function S(a,b,c,d){if(Qb.hasOwnProperty(a))throw Error(\"Axis already created: \"+a);b=new Pb(a,b,c,!!d);return Qb[a]=b}\nS(\"ancestor\",function(a,b){for(var c=new E;b=b.parentNode;)a.a(b)&&lb(c,b);return c},!0);S(\"ancestor-or-self\",function(a,b){var c=new E;do a.a(b)&&lb(c,b);while(b=b.parentNode);return c},!0);\nvar Gb=S(\"attribute\",function(a,b){var c=new E,d=a.f();if(\"style\"==d&&x&&b.style)return c.add(new Na(b.style,b,\"style\",b.style.cssText)),c;var e=b.attributes;if(e)if(a instanceof G&&null===a.b||\"*\"==d)for(a=0;d=e[a];a++)x?d.nodeValue&&c.add(Oa(b,d)):c.add(d);else(d=e.getNamedItem(d))&&(x?d.nodeValue&&c.add(Oa(b,d)):c.add(d));return c},!1),Nb=S(\"child\",function(a,b,c,d,e){return(x?hb:ib).call(null,a,b,aa(c)?c:null,aa(d)?d:null,e||new E)},!1,!0);S(\"descendant\",bb,!1,!0);\nvar Ob=S(\"descendant-or-self\",function(a,b,c,d){var e=new E;C(b,c,d)&&a.a(b)&&e.add(b);return bb(a,b,c,d,e)},!1,!0),Kb=S(\"following\",function(a,b,c,d){var e=new E;do for(var f=b;f=f.nextSibling;)C(f,c,d)&&a.a(f)&&e.add(f),e=bb(a,f,c,d,e);while(b=b.parentNode);return e},!1,!0);S(\"following-sibling\",function(a,b){for(var c=new E;b=b.nextSibling;)a.a(b)&&c.add(b);return c},!1);S(\"namespace\",function(){return new E},!1);\nvar Rb=S(\"parent\",function(a,b){var c=new E;if(9==b.nodeType)return c;if(2==b.nodeType)return c.add(b.ownerElement),c;b=b.parentNode;a.a(b)&&c.add(b);return c},!1),Lb=S(\"preceding\",function(a,b,c,d){var e=new E,f=[];do f.unshift(b);while(b=b.parentNode);for(var g=1,h=f.length;g<h;g++){var m=[];for(b=f[g];b=b.previousSibling;)m.unshift(b);for(var w=0,r=m.length;w<r;w++)b=m[w],C(b,c,d)&&a.a(b)&&e.add(b),e=bb(a,b,c,d,e)}return e},!0,!0);\nS(\"preceding-sibling\",function(a,b){for(var c=new E;b=b.previousSibling;)a.a(b)&&lb(c,b);return c},!0);var Sb=S(\"self\",function(a,b){var c=new E;a.a(b)&&c.add(b);return c},!1);function Tb(a){J.call(this,1);this.c=a;this.g=a.g;this.b=a.b}l(Tb,J);Tb.prototype.a=function(a){return-N(this.c,a)};Tb.prototype.toString=function(){return\"Unary Expression: -\"+K(this.c)};function Ub(a){J.call(this,4);this.c=a;pb(this,ma(this.c,function(b){return b.g}));qb(this,ma(this.c,function(b){return b.b}))}l(Ub,J);Ub.prototype.a=function(a){var b=new E;n(this.c,function(c){c=c.a(a);if(!(c instanceof E))throw Error(\"Path expression must evaluate to NodeSet.\");b=kb(b,c)});return b};Ub.prototype.toString=function(){return la(this.c,function(a,b){return a+K(b)},\"Union Expression:\")};function Vb(a,b){this.a=a;this.b=b}function Yb(a){for(var b,c=[];;){T(a,\"Missing right hand side of binary expression.\");b=Zb(a);var d=z(a.a);if(!d)break;var e=(d=wb[d]||null)&&d.D;if(!e){a.a.a--;break}for(;c.length&&e<=c[c.length-1].D;)b=new sb(c.pop(),c.pop(),b);c.push(b,d)}for(;c.length;)b=new sb(c.pop(),c.pop(),b);return b}function T(a,b){if(Ta(a.a))throw Error(b);}function $b(a,b){a=z(a.a);if(a!=b)throw Error(\"Bad token, expected: \"+b+\" got: \"+a);}\nfunction ac(a){a=z(a.a);if(\")\"!=a)throw Error(\"Bad token: \"+a);}function bc(a){a=z(a.a);if(2>a.length)throw Error(\"Unclosed literal string\");return new Db(a)}\nfunction cc(a){var b=[];if(Jb(y(a.a))){var c=z(a.a);var d=y(a.a);if(\"/\"==c&&(Ta(a.a)||\".\"!=d&&\"..\"!=d&&\"@\"!=d&&\"*\"!=d&&!/(?![0-9])[\\w]/.test(d)))return new Hb;d=new Hb;T(a,\"Missing next location step.\");c=dc(a,c);b.push(c)}else{a:{c=y(a.a);d=c.charAt(0);switch(d){case \"$\":throw Error(\"Variable reference not allowed in HTML XPath\");case \"(\":z(a.a);c=Yb(a);T(a,'unclosed \"(\"');$b(a,\")\");break;case '\"':case \"'\":c=bc(a);break;default:if(isNaN(+c))if(!Cb(c)&&/(?![0-9])[\\w]/.test(d)&&\"(\"==y(a.a,1)){c=z(a.a);\nc=Bb[c]||null;z(a.a);for(d=[];\")\"!=y(a.a);){T(a,\"Missing function argument list.\");d.push(Yb(a));if(\",\"!=y(a.a))break;z(a.a)}T(a,\"Unclosed function argument list.\");ac(a);c=new zb(c,d)}else{c=null;break a}else c=new Eb(+z(a.a))}\"[\"==y(a.a)&&(d=new Mb(ec(a)),c=new xb(c,d))}if(c)if(Jb(y(a.a)))d=c;else return c;else c=dc(a,\"/\"),d=new Ib,b.push(c)}for(;Jb(y(a.a));)c=z(a.a),T(a,\"Missing next location step.\"),c=dc(a,c),b.push(c);return new Fb(d,b)}\nfunction dc(a,b){if(\"/\"!=b&&\"//\"!=b)throw Error('Step op should be \"/\" or \"//\"');if(\".\"==y(a.a)){var c=new R(Sb,new G(\"node\"));z(a.a);return c}if(\"..\"==y(a.a))return c=new R(Rb,new G(\"node\")),z(a.a),c;if(\"@\"==y(a.a)){var d=Gb;z(a.a);T(a,\"Missing attribute name\")}else if(\"::\"==y(a.a,1)){if(!/(?![0-9])[\\w]/.test(y(a.a).charAt(0)))throw Error(\"Bad token: \"+z(a.a));var e=z(a.a);d=Qb[e]||null;if(!d)throw Error(\"No axis with name: \"+e);z(a.a);T(a,\"Missing node name\")}else d=Nb;e=y(a.a);if(/(?![0-9])[\\w\\*]/.test(e.charAt(0)))if(\"(\"==\ny(a.a,1)){if(!Cb(e))throw Error(\"Invalid node type: \"+e);e=z(a.a);if(!Cb(e))throw Error(\"Invalid type name: \"+e);$b(a,\"(\");T(a,\"Bad nodetype\");var f=y(a.a).charAt(0),g=null;if('\"'==f||\"'\"==f)g=bc(a);T(a,\"Bad nodetype\");ac(a);e=new G(e,g)}else if(e=z(a.a),f=e.indexOf(\":\"),-1==f)e=new F(e);else{g=e.substring(0,f);if(\"*\"==g)var h=\"*\";else if(h=a.b(g),!h)throw Error(\"Namespace prefix not declared: \"+g);e=e.substr(f+1);e=new F(e,h)}else throw Error(\"Bad token: \"+z(a.a));a=new Mb(ec(a),d.s);return c||new R(d,\ne,a,\"//\"==b)}function ec(a){for(var b=[];\"[\"==y(a.a);){z(a.a);T(a,\"Missing predicate expression.\");var c=Yb(a);b.push(c);T(a,\"Unclosed predicate expression.\");$b(a,\"]\")}return b}function Zb(a){if(\"-\"==y(a.a))return z(a.a),new Tb(Zb(a));var b=cc(a);if(\"|\"!=y(a.a))a=b;else{for(b=[b];\"|\"==z(a.a);)T(a,\"Missing next union location path.\"),b.push(cc(a));a.a.a--;a=new Ub(b)}return a};function fc(a){switch(a.nodeType){case 1:return ha(gc,a);case 9:return fc(a.documentElement);case 11:case 10:case 6:case 12:return hc;default:return a.parentNode?fc(a.parentNode):hc}}function hc(){return null}function gc(a,b){if(a.prefix==b)return a.namespaceURI||\"http://www.w3.org/1999/xhtml\";var c=a.getAttributeNode(\"xmlns:\"+b);return c&&c.specified?c.value||null:a.parentNode&&9!=a.parentNode.nodeType?gc(a.parentNode,b):null};function ic(a,b){if(!a.length)throw Error(\"Empty XPath expression.\");a=Qa(a);if(Ta(a))throw Error(\"Invalid XPath expression.\");b?\"function\"==ca(b)||(b=fa(b.lookupNamespaceURI,b)):b=function(){return null};var c=Yb(new Vb(a,b));if(!Ta(a))throw Error(\"Bad token: \"+z(a));this.evaluate=function(d,e){d=c.a(new ia(d));return new U(d,e)}}\nfunction U(a,b){if(0==b)if(a instanceof E)b=4;else if(\"string\"==typeof a)b=2;else if(\"number\"==typeof a)b=1;else if(\"boolean\"==typeof a)b=3;else throw Error(\"Unexpected evaluation result.\");if(2!=b&&1!=b&&3!=b&&!(a instanceof E))throw Error(\"value could not be converted to the specified type\");this.resultType=b;switch(b){case 2:this.stringValue=a instanceof E?nb(a):\"\"+a;break;case 1:this.numberValue=a instanceof E?+nb(a):+a;break;case 3:this.booleanValue=a instanceof E?0<a.l:!!a;break;case 4:case 5:case 6:case 7:var c=\nH(a);var d=[];for(var e=I(c);e;e=I(c))d.push(e instanceof Na?e.a:e);this.snapshotLength=a.l;this.invalidIteratorState=!1;break;case 8:case 9:a=mb(a);this.singleNodeValue=a instanceof Na?a.a:a;break;default:throw Error(\"Unknown XPathResult type.\");}var f=0;this.iterateNext=function(){if(4!=b&&5!=b)throw Error(\"iterateNext called with wrong result type\");return f>=d.length?null:d[f++]};this.snapshotItem=function(g){if(6!=b&&7!=b)throw Error(\"snapshotItem called with wrong result type\");return g>=d.length||\n0>g?null:d[g]}}U.ANY_TYPE=0;U.NUMBER_TYPE=1;U.STRING_TYPE=2;U.BOOLEAN_TYPE=3;U.UNORDERED_NODE_ITERATOR_TYPE=4;U.ORDERED_NODE_ITERATOR_TYPE=5;U.UNORDERED_NODE_SNAPSHOT_TYPE=6;U.ORDERED_NODE_SNAPSHOT_TYPE=7;U.ANY_UNORDERED_NODE_TYPE=8;U.FIRST_ORDERED_NODE_TYPE=9;function jc(a){this.lookupNamespaceURI=fc(a)}\nfunction kc(a,b){a=a||k;var c=a.Document&&a.Document.prototype||a.document;if(!c.evaluate||b)a.XPathResult=U,c.evaluate=function(d,e,f,g){return(new ic(d,f)).evaluate(e,g)},c.createExpression=function(d,e){return new ic(d,e)},c.createNSResolver=function(d){return new jc(d)}}ba(\"wgxpath.install\",kc);ba(\"wgxpath.install\",kc);var lc={aliceblue:\"#f0f8ff\",antiquewhite:\"#faebd7\",aqua:\"#00ffff\",aquamarine:\"#7fffd4\",azure:\"#f0ffff\",beige:\"#f5f5dc\",bisque:\"#ffe4c4\",black:\"#000000\",blanchedalmond:\"#ffebcd\",blue:\"#0000ff\",blueviolet:\"#8a2be2\",brown:\"#a52a2a\",burlywood:\"#deb887\",cadetblue:\"#5f9ea0\",chartreuse:\"#7fff00\",chocolate:\"#d2691e\",coral:\"#ff7f50\",cornflowerblue:\"#6495ed\",cornsilk:\"#fff8dc\",crimson:\"#dc143c\",cyan:\"#00ffff\",darkblue:\"#00008b\",darkcyan:\"#008b8b\",darkgoldenrod:\"#b8860b\",darkgray:\"#a9a9a9\",darkgreen:\"#006400\",\ndarkgrey:\"#a9a9a9\",darkkhaki:\"#bdb76b\",darkmagenta:\"#8b008b\",darkolivegreen:\"#556b2f\",darkorange:\"#ff8c00\",darkorchid:\"#9932cc\",darkred:\"#8b0000\",darksalmon:\"#e9967a\",darkseagreen:\"#8fbc8f\",darkslateblue:\"#483d8b\",darkslategray:\"#2f4f4f\",darkslategrey:\"#2f4f4f\",darkturquoise:\"#00ced1\",darkviolet:\"#9400d3\",deeppink:\"#ff1493\",deepskyblue:\"#00bfff\",dimgray:\"#696969\",dimgrey:\"#696969\",dodgerblue:\"#1e90ff\",firebrick:\"#b22222\",floralwhite:\"#fffaf0\",forestgreen:\"#228b22\",fuchsia:\"#ff00ff\",gainsboro:\"#dcdcdc\",\nghostwhite:\"#f8f8ff\",gold:\"#ffd700\",goldenrod:\"#daa520\",gray:\"#808080\",green:\"#008000\",greenyellow:\"#adff2f\",grey:\"#808080\",honeydew:\"#f0fff0\",hotpink:\"#ff69b4\",indianred:\"#cd5c5c\",indigo:\"#4b0082\",ivory:\"#fffff0\",khaki:\"#f0e68c\",lavender:\"#e6e6fa\",lavenderblush:\"#fff0f5\",lawngreen:\"#7cfc00\",lemonchiffon:\"#fffacd\",lightblue:\"#add8e6\",lightcoral:\"#f08080\",lightcyan:\"#e0ffff\",lightgoldenrodyellow:\"#fafad2\",lightgray:\"#d3d3d3\",lightgreen:\"#90ee90\",lightgrey:\"#d3d3d3\",lightpink:\"#ffb6c1\",lightsalmon:\"#ffa07a\",\nlightseagreen:\"#20b2aa\",lightskyblue:\"#87cefa\",lightslategray:\"#778899\",lightslategrey:\"#778899\",lightsteelblue:\"#b0c4de\",lightyellow:\"#ffffe0\",lime:\"#00ff00\",limegreen:\"#32cd32\",linen:\"#faf0e6\",magenta:\"#ff00ff\",maroon:\"#800000\",mediumaquamarine:\"#66cdaa\",mediumblue:\"#0000cd\",mediumorchid:\"#ba55d3\",mediumpurple:\"#9370db\",mediumseagreen:\"#3cb371\",mediumslateblue:\"#7b68ee\",mediumspringgreen:\"#00fa9a\",mediumturquoise:\"#48d1cc\",mediumvioletred:\"#c71585\",midnightblue:\"#191970\",mintcream:\"#f5fffa\",mistyrose:\"#ffe4e1\",\nmoccasin:\"#ffe4b5\",navajowhite:\"#ffdead\",navy:\"#000080\",oldlace:\"#fdf5e6\",olive:\"#808000\",olivedrab:\"#6b8e23\",orange:\"#ffa500\",orangered:\"#ff4500\",orchid:\"#da70d6\",palegoldenrod:\"#eee8aa\",palegreen:\"#98fb98\",paleturquoise:\"#afeeee\",palevioletred:\"#db7093\",papayawhip:\"#ffefd5\",peachpuff:\"#ffdab9\",peru:\"#cd853f\",pink:\"#ffc0cb\",plum:\"#dda0dd\",powderblue:\"#b0e0e6\",purple:\"#800080\",red:\"#ff0000\",rosybrown:\"#bc8f8f\",royalblue:\"#4169e1\",saddlebrown:\"#8b4513\",salmon:\"#fa8072\",sandybrown:\"#f4a460\",seagreen:\"#2e8b57\",\nseashell:\"#fff5ee\",sienna:\"#a0522d\",silver:\"#c0c0c0\",skyblue:\"#87ceeb\",slateblue:\"#6a5acd\",slategray:\"#708090\",slategrey:\"#708090\",snow:\"#fffafa\",springgreen:\"#00ff7f\",steelblue:\"#4682b4\",tan:\"#d2b48c\",teal:\"#008080\",thistle:\"#d8bfd8\",tomato:\"#ff6347\",turquoise:\"#40e0d0\",violet:\"#ee82ee\",wheat:\"#f5deb3\",white:\"#ffffff\",whitesmoke:\"#f5f5f5\",yellow:\"#ffff00\",yellowgreen:\"#9acd32\"};var mc=\"backgroundColor borderTopColor borderRightColor borderBottomColor borderLeftColor color outlineColor\".split(\" \"),nc=/#([0-9a-fA-F])([0-9a-fA-F])([0-9a-fA-F])/,oc=/^#(?:[0-9a-f]{3}){1,2}$/i,pc=/^(?:rgba)?\\((\\d{1,3}),\\s?(\\d{1,3}),\\s?(\\d{1,3}),\\s?(0|1|0\\.\\d*)\\)$/i,qc=/^(?:rgb)?\\((0|[1-9]\\d{0,2}),\\s?(0|[1-9]\\d{0,2}),\\s?(0|[1-9]\\d{0,2})\\)$/i;function rc(a,b){this.code=a;this.a=V[a]||sc;this.message=b||\"\";a=this.a.replace(/((?:^|\\s+)[a-z])/g,function(c){return c.toUpperCase().replace(/^[\\s\\xa0]+/g,\"\")});b=a.length-5;if(0>b||a.indexOf(\"Error\",b)!=b)a+=\"Error\";this.name=a;a=Error(this.message);a.name=this.name;this.stack=a.stack||\"\"}l(rc,Error);var sc=\"unknown error\",V={15:\"element not selectable\",11:\"element not visible\"};V[31]=sc;V[30]=sc;V[24]=\"invalid cookie domain\";V[29]=\"invalid element coordinates\";V[12]=\"invalid element state\";\nV[32]=\"invalid selector\";V[51]=\"invalid selector\";V[52]=\"invalid selector\";V[17]=\"javascript error\";V[405]=\"unsupported operation\";V[34]=\"move target out of bounds\";V[27]=\"no such alert\";V[7]=\"no such element\";V[8]=\"no such frame\";V[23]=\"no such window\";V[28]=\"script timeout\";V[33]=\"session not created\";V[10]=\"stale element reference\";V[21]=\"timeout\";V[25]=\"unable to set cookie\";V[26]=\"unexpected alert open\";V[13]=sc;V[9]=\"unknown command\";var tc=va(),uc=ya()||u(\"iPod\"),vc=u(\"iPad\"),wc=u(\"Android\")&&!(wa()||va()||u(\"Opera\")||u(\"Silk\")),xc=wa(),yc=u(\"Safari\")&&!(wa()||u(\"Coast\")||u(\"Opera\")||u(\"Edge\")||u(\"Edg/\")||u(\"OPR\")||va()||u(\"Silk\")||u(\"Android\"))&&!(ya()||u(\"iPad\")||u(\"iPod\"));function zc(a){return(a=a.exec(t))?a[1]:\"\"}(function(){if(tc)return zc(/Firefox\\/([0-9.]+)/);if(v||Ca||Ba)return Ga;if(xc)return ya()||u(\"iPad\")||u(\"iPod\")?zc(/CriOS\\/([0-9.]+)/):zc(/Chrome\\/([0-9.]+)/);if(yc&&!(ya()||u(\"iPad\")||u(\"iPod\")))return zc(/Version\\/([0-9.]+)/);if(uc||vc){var a=/Version\\/(\\S+).*Mobile\\/(\\S+)/.exec(t);if(a)return a[1]+\".\"+a[2]}else if(wc)return(a=zc(/Android\\s+([0-9.]+)/))?a:zc(/Version\\/([0-9.]+)/);return\"\"})();var Ac=v&&!(9<=Number(La));function W(a,b){b&&\"string\"!==typeof b&&(b=b.toString());return!!a&&1==a.nodeType&&(!b||a.tagName.toUpperCase()==b)};var Bc=function(){var a={K:\"http://www.w3.org/2000/svg\"};return function(b){return a[b]||null}}();\nfunction Cc(a,b){var c=A(a);if(!c.documentElement)return null;(v||wc)&&kc(c?c.parentWindow||c.defaultView:window);try{var d=c.createNSResolver?c.createNSResolver(c.documentElement):Bc;if(v&&!Ka(7))return c.evaluate.call(c,b,a,d,9,null);if(!v||9<=Number(La)){for(var e={},f=c.getElementsByTagName(\"*\"),g=0;g<f.length;++g){var h=f[g],m=h.namespaceURI;if(m&&!e[m]){var w=h.lookupPrefix(m);if(!w){var r=m.match(\".*/(\\\\w+)/?$\");w=r?r[1]:\"xhtml\"}e[m]=w}}var D={},L;for(L in e)D[e[L]]=L;d=function(M){return D[M]||\nnull}}try{return c.evaluate(b,a,d,9,null)}catch(M){if(\"TypeError\"===M.name)return d=c.createNSResolver?c.createNSResolver(c.documentElement):Bc,c.evaluate(b,a,d,9,null);throw M;}}catch(M){if(!Da||\"NS_ERROR_ILLEGAL_VALUE\"!=M.name)throw new rc(32,\"Unable to locate an element with the xpath expression \"+b+\" because of the following error:\\n\"+M);}}\nfunction Dc(a,b){var c=function(){var d=Cc(b,a);return d?d.singleNodeValue||null:b.selectSingleNode?(d=A(b),d.setProperty&&d.setProperty(\"SelectionLanguage\",\"XPath\"),b.selectSingleNode(a)):null}();if(null!==c&&(!c||1!=c.nodeType))throw new rc(32,'The result of the xpath expression \"'+a+'\" is: '+c+\". It should be an element.\");return c};function Ec(a,b,c,d){this.c=a;this.a=b;this.b=c;this.f=d}Ec.prototype.ceil=function(){this.c=Math.ceil(this.c);this.a=Math.ceil(this.a);this.b=Math.ceil(this.b);this.f=Math.ceil(this.f);return this};Ec.prototype.floor=function(){this.c=Math.floor(this.c);this.a=Math.floor(this.a);this.b=Math.floor(this.b);this.f=Math.floor(this.f);return this};Ec.prototype.round=function(){this.c=Math.round(this.c);this.a=Math.round(this.a);this.b=Math.round(this.b);this.f=Math.round(this.f);return this};function X(a,b,c,d){this.a=a;this.b=b;this.width=c;this.height=d}X.prototype.ceil=function(){this.a=Math.ceil(this.a);this.b=Math.ceil(this.b);this.width=Math.ceil(this.width);this.height=Math.ceil(this.height);return this};X.prototype.floor=function(){this.a=Math.floor(this.a);this.b=Math.floor(this.b);this.width=Math.floor(this.width);this.height=Math.floor(this.height);return this};\nX.prototype.round=function(){this.a=Math.round(this.a);this.b=Math.round(this.b);this.width=Math.round(this.width);this.height=Math.round(this.height);return this};var Fc=\"function\"===typeof ShadowRoot;function Gc(a){for(a=a.parentNode;a&&1!=a.nodeType&&9!=a.nodeType&&11!=a.nodeType;)a=a.parentNode;return W(a)?a:null}\nfunction Y(a,b){b=xa(b);if(\"float\"==b||\"cssFloat\"==b||\"styleFloat\"==b)b=Ac?\"styleFloat\":\"cssFloat\";a:{var c=b;var d=A(a);if(d.defaultView&&d.defaultView.getComputedStyle&&(d=d.defaultView.getComputedStyle(a,null))){c=d[c]||d.getPropertyValue(c)||\"\";break a}c=\"\"}a=c||Hc(a,b);if(null===a)a=null;else if(0<=ja(mc,b)){b:{var e=a.match(pc);if(e&&(b=Number(e[1]),c=Number(e[2]),d=Number(e[3]),e=Number(e[4]),0<=b&&255>=b&&0<=c&&255>=c&&0<=d&&255>=d&&0<=e&&1>=e)){b=[b,c,d,e];break b}b=null}if(!b)b:{if(d=a.match(qc))if(b=\nNumber(d[1]),c=Number(d[2]),d=Number(d[3]),0<=b&&255>=b&&0<=c&&255>=c&&0<=d&&255>=d){b=[b,c,d,1];break b}b=null}if(!b)b:{b=a.toLowerCase();c=lc[b.toLowerCase()];if(!c&&(c=\"#\"==b.charAt(0)?b:\"#\"+b,4==c.length&&(c=c.replace(nc,\"#$1$1$2$2$3$3\")),!oc.test(c))){b=null;break b}b=[parseInt(c.substr(1,2),16),parseInt(c.substr(3,2),16),parseInt(c.substr(5,2),16),1]}a=b?\"rgba(\"+b.join(\", \")+\")\":a}return a}\nfunction Hc(a,b){var c=a.currentStyle||a.style,d=c[b];void 0===d&&\"function\"==ca(c.getPropertyValue)&&(d=c.getPropertyValue(b));return\"inherit\"!=d?void 0!==d?d:null:(a=Gc(a))?Hc(a,b):null}\nfunction Ic(a,b,c){function d(g){var h=Jc(g);return 0<h.height&&0<h.width?!0:W(g,\"PATH\")&&(0<h.height||0<h.width)?(g=Y(g,\"stroke-width\"),!!g&&0<parseInt(g,10)):\"hidden\"!=Y(g,\"overflow\")&&ma(g.childNodes,function(m){return 3==m.nodeType||W(m)&&d(m)})}function e(g){return Kc(g)==Z&&na(g.childNodes,function(h){return!W(h)||e(h)||!d(h)})}if(!W(a))throw Error(\"Argument to isShown must be of type Element\");if(W(a,\"BODY\"))return!0;if(W(a,\"OPTION\")||W(a,\"OPTGROUP\"))return a=$a(a,function(g){return W(g,\"SELECT\")}),\n!!a&&Ic(a,!0,c);var f=Lc(a);if(f)return!!f.image&&0<f.rect.width&&0<f.rect.height&&Ic(f.image,b,c);if(W(a,\"INPUT\")&&\"hidden\"==a.type.toLowerCase()||W(a,\"NOSCRIPT\"))return!1;f=Y(a,\"visibility\");return\"collapse\"!=f&&\"hidden\"!=f&&c(a)&&(b||0!=Mc(a))&&d(a)?!e(a):!1}var Z=\"hidden\";\nfunction Kc(a){function b(p){function q(fb){if(fb==g)return!0;var Wb=Y(fb,\"display\");return 0==Wb.lastIndexOf(\"inline\",0)||\"contents\"==Wb||\"absolute\"==Xb&&\"static\"==Y(fb,\"position\")?!1:!0}var Xb=Y(p,\"position\");if(\"fixed\"==Xb)return w=!0,p==g?null:g;for(p=Gc(p);p&&!q(p);)p=Gc(p);return p}function c(p){var q=p;if(\"visible\"==m)if(p==g&&h)q=h;else if(p==h)return{x:\"visible\",y:\"visible\"};q={x:Y(q,\"overflow-x\"),y:Y(q,\"overflow-y\")};p==g&&(q.x=\"visible\"==q.x?\"auto\":q.x,q.y=\"visible\"==q.y?\"auto\":q.y);return q}\nfunction d(p){if(p==g){var q=(new ab(f)).a;p=q.scrollingElement?q.scrollingElement:Ea||\"CSS1Compat\"!=q.compatMode?q.body||q.documentElement:q.documentElement;q=q.parentWindow||q.defaultView;p=v&&Ka(\"10\")&&q.pageYOffset!=p.scrollTop?new Ua(p.scrollLeft,p.scrollTop):new Ua(q.pageXOffset||p.scrollLeft,q.pageYOffset||p.scrollTop)}else p=new Ua(p.scrollLeft,p.scrollTop);return p}var e=Nc(a),f=A(a),g=f.documentElement,h=f.body,m=Y(g,\"overflow\"),w;for(a=b(a);a;a=b(a)){var r=c(a);if(\"visible\"!=r.x||\"visible\"!=\nr.y){var D=Jc(a);if(0==D.width||0==D.height)return Z;var L=e.a<D.a,M=e.b<D.b;if(L&&\"hidden\"==r.x||M&&\"hidden\"==r.y)return Z;if(L&&\"visible\"!=r.x||M&&\"visible\"!=r.y){L=d(a);M=e.b<D.b-L.y;if(e.a<D.a-L.x&&\"visible\"!=r.x||M&&\"visible\"!=r.x)return Z;e=Kc(a);return e==Z?Z:\"scroll\"}L=e.f>=D.a+D.width;D=e.c>=D.b+D.height;if(L&&\"hidden\"==r.x||D&&\"hidden\"==r.y)return Z;if(L&&\"visible\"!=r.x||D&&\"visible\"!=r.y){if(w&&(r=d(a),e.f>=g.scrollWidth-r.x||e.a>=g.scrollHeight-r.y))return Z;e=Kc(a);return e==Z?Z:\"scroll\"}}}return\"none\"}\nfunction Jc(a){var b=Lc(a);if(b)return b.rect;if(W(a,\"HTML\"))return a=A(a),a=((a?a.parentWindow||a.defaultView:window)||window).document,a=\"CSS1Compat\"==a.compatMode?a.documentElement:a.body,a=new Va(a.clientWidth,a.clientHeight),new X(0,0,a.width,a.height);try{var c=a.getBoundingClientRect()}catch(d){return new X(0,0,0,0)}b=new X(c.left,c.top,c.right-c.left,c.bottom-c.top);v&&a.ownerDocument.body&&(a=A(a),b.a-=a.documentElement.clientLeft+a.body.clientLeft,b.b-=a.documentElement.clientTop+a.body.clientTop);\nreturn b}function Lc(a){var b=W(a,\"MAP\");if(!b&&!W(a,\"AREA\"))return null;var c=b?a:W(a.parentNode,\"MAP\")?a.parentNode:null,d=null,e=null;c&&c.name&&(d=Dc('/descendant::*[@usemap = \"#'+c.name+'\"]',A(c)))&&(e=Jc(d),b||\"default\"==a.shape.toLowerCase()||(a=Oc(a),b=Math.min(Math.max(a.a,0),e.width),c=Math.min(Math.max(a.b,0),e.height),e=new X(b+e.a,c+e.b,Math.min(a.width,e.width-b),Math.min(a.height,e.height-c))));return{image:d,rect:e||new X(0,0,0,0)}}\nfunction Oc(a){var b=a.shape.toLowerCase();a=a.coords.split(\",\");if(\"rect\"==b&&4==a.length){b=a[0];var c=a[1];return new X(b,c,a[2]-b,a[3]-c)}if(\"circle\"==b&&3==a.length)return b=a[2],new X(a[0]-b,a[1]-b,2*b,2*b);if(\"poly\"==b&&2<a.length){b=a[0];c=a[1];for(var d=b,e=c,f=2;f+1<a.length;f+=2)b=Math.min(b,a[f]),d=Math.max(d,a[f]),c=Math.min(c,a[f+1]),e=Math.max(e,a[f+1]);return new X(b,c,d-b,e-c)}return new X(0,0,0,0)}function Nc(a){a=Jc(a);return new Ec(a.b,a.a+a.width,a.b+a.height,a.a)}\nfunction Mc(a){if(Ac){if(\"relative\"==Y(a,\"position\"))return 1;a=Y(a,\"filter\");return(a=a.match(/^alpha\\(opacity=(\\d*)\\)/)||a.match(/^progid:DXImageTransform.Microsoft.Alpha\\(Opacity=(\\d*)\\)/))?Number(a[1])/100:1}return Pc(a)}function Pc(a){var b=1,c=Y(a,\"opacity\");c&&(b=Number(c));(a=Gc(a))&&(b*=Pc(a));return b};ba(\"_\",function(a,b){function c(d){if(W(d)&&\"none\"==Y(d,\"display\"))return!1;var e;if((e=d.parentNode)&&e.shadowRoot&&void 0!==d.assignedSlot)e=d.assignedSlot?d.assignedSlot.parentNode:null;else if(d.getDestinationInsertionPoints){var f=d.getDestinationInsertionPoints();0<f.length&&(e=f[f.length-1])}if(Fc&&e instanceof ShadowRoot){if(e.host.shadowRoot!==e)return!1;e=e.host}return!e||9!=e.nodeType&&11!=e.nodeType?e&&W(e,\"DETAILS\")&&!e.open&&!W(d,\"SUMMARY\")?!1:!!e&&c(e):!0}return Ic(a,!!b,c)});; return this._.apply(null,arguments);}).apply({navigator:typeof window!='undefined'?window.navigator:null,document:typeof window!='undefined'?window.document:null}, arguments);}\n).apply(null, arguments);", "args": [{"element-6066-11e4-a52e-4f735466cecf": "f.63B823F5F932B18CEF0487356FDD0014.d.D73C794E0A517EC1AD39918C00504A79.e.45"}]}
DEBUG    urllib3.connectionpool:connectionpool.py:544 http://selenium-hub:4444 "POST /wd/hub/session/9be8c1aa68ba25175154757d50bb5f31/execute/sync HTTP/1.1" 200 0
DEBUG    selenium.webdriver.remote.remote_connection:remote_connection.py:329 Remote responseDEBUG    urllib3.connectionpool:connectionpool.py:544 http://selenium-hub:4444 "POST /wd/hub/session/c25c0b26e99c8e37c896a9fd3f30a3e9/element HTTP/1.1" 404 0
DEBUG    selenium.webdriver.remote.remote_connection:remote_connection.py:329 Remote response: status=404 | data={"value":{"error":"no such element","message":"no such element: Unable to locate element: {\"method\":\"xpath\",\"selector\":\"//button[text()='Logout']\"}\n  (Session info: chrome=125.0.6422.76)","stacktrace":"DEBUG    urllib3.connectionpool:connectionpool.py:544 http://selenium-hub:4444 "POST /wd/hub/session/9be8c1aa68ba25175154757d50bb5f31/element HTTP/1.1" 404 0
DEBUG    selenium.webdriver.remote.remote_connection:remote_connection.py:329 Remote response: status=404 | data={"value":{"error":"no such element","message":"no such element: Unable to locate element: {\"method\":\"xpath\",\"selector\":\"//button[text()='Logout']\"}\n  (Session info: chrome=125.0.6422.76)","stacktrace":"#0 0x59a29238fe9a \u003Cunknown>\n#1 0x59a29207945c \u003Cunknown>\n#2 0x59a2920c55b5 \u003Cunknown>\n#3 0x59a2920c5671 \u003Cunknown>\n#4 0x59a292109f14 \u003Cunknown>\n#5 0x59a2920e84dd \u003Cunknown>\n#6 0x59a2921072cc \u003Cunknown>\n#7 0x59a2920e8253 \u003Cunknown>\n#8 0x59a2920b81c7 \u003Cunknown>\n#9 0x59a2920b8b3e \u003Cunknown>\n#10 0x59a2923562db \u003Cunknown>\n#11 0x59a29235a387 \u003CunknDEBUG    selenium.webdriver.remote.remote_connection:remote_connection.py:313 POST http://selenium-hub:4444/wd/hub/session/c25c0b26e99c8e37c896a9fd3f30a3e9/element {"using": "xpath", "value": "//button[text()='Logout']"}
DEBUG    urllib3.connectionpool:connectionpool.py:544 http://selenium-hub:4444 "POST /wd/hub/session/c25c0b26e99c8e37c896a9fd3f30a3e9/element HTTP/1.1" 404 0
DEBUG    selenium.webdriver.remote.remote_connection:remote_connection.py:329 Remote response: status=404 | data={"value":{"error":"no such element","message":"no such element: Unable to locate element: {\"method\":\"xpath\",\"selector\":\"//button[text()='Logout']\"}\n  (Session info: chrome=125.0.6422.76)","stacktrace":"DEBUG    urllib3.connectionpool:connectionpool.py:544 http://selenium-hub:4444 "POST /wd/hub/session/9be8c1aa68ba25175154757d50bb5f31/element HTTP/1.1" 404 0
DEBUG    selenium.webdriver.remote.remote_connection:remote_connection.py:329 Remote response: status=404 | data={"value":{"error":"no such element","message":"no such element: Unable to locate element: {\"method\":\"xpath\",\"selector\":\"//button[text()='Logout']\"}\n  (Session info: chrome=125.0.6422.76)","stacktrace":"#0 0x59a29238fe9a \u003Cunknown>\n#1 0x59a29207945c \u003Cunknown>\n#2 0x59a2920c55b5 \u003Cunknown>\n#3 0x59a2920c5671 \u003Cunknown>\n#4 0x59a292109f14 \u003Cunknown>\n#5 0x59a2920e84dd \u003Cunknown>\n#6 0x59a2921072cc \u003Cunknown>\n#7 0x59a2920e8253 \u003Cunknown>\n#8 0x59a2920b81c7 \u003Cunknown>\n#9 0x59a2920b8b3e \u003Cunknown>\n#10 0x59a2923562db \u003Cunknown>\n#11 0x59a29235a387 \u003CunknDEBUG    selenium.webdriver.remote.remote_connection:remote_connection.py:313 POST http://selenium-hub:4444/wd/hub/session/c25c0b26e99c8e37c896a9fd3f30a3e9/element {"using": "xpath", "value": "//button[text()='Logout']"}
DEBUG    urllib3.connectionpool:connectionpool.py:544 http://selenium-hub:4444 "POST /wd/hub/session/c25c0b26e99c8e37c896a9fd3f30a3e9/element HTTP/1.1" 404 0
DEBUG    selenium.webdriver.remote.remote_connection:remote_connection.py:329 Remote response: status=404 | data={"value":{"error":"no such element","message":"no such element: Unable to locate element: {\"method\":\"xpath\",\"selector\":\"//button[text()='Logout']\"}\n  (Session info: chrome=125.0.6422.76)","stacktrace":"DEBUG    urllib3.connectionpool:connectionpool.py:544 http://selenium-hub:4444 "POST /wd/hub/session/9be8c1aa68ba25175154757d50bb5f31/element HTTP/1.1" 404 0
DEBUG    selenium.webdriver.remote.remote_connection:remote_connection.py:329 Remote response: status=404 | data={"value":{"error":"no such element","message":"no such element: Unable to locate element: {\"method\":\"xpath\",\"selector\":\"//button[text()='Logout']\"}\n  (Session info: chrome=125.0.6422.76)","stacktrace":"#0 0x59a29238fe9a \u003Cunknown>\n#1 0x59a29207945c \u003Cunknown>\n#2 0x59a2920c55b5 \u003Cunknown>\n#3 0x59a2920c5671 \u003Cunknown>\n#4 0x59a292109f14 \u003Cunknown>\n#5 0x59a2920e84dd \u003Cunknown>\n#6 0x59a2921072cc \u003Cunknown>\n#7 0x59a2920e8253 \u003Cunknown>\n#8 0x59a2920b81c7 \u003Cunknown>\n#9 0x59a2920b8b3e \u003Cunknown>\n#10 0x59a2923562db \u003Cunknown>\n#11 0x59a29235a387 \u003CunknDEBUG    selenium.webdriver.remote.remote_connection:remote_connection.py:313 DELETE http://selenium-hub:4444/wd/hub/session/c25c0b26e99c8e37c896a9fd3f30a3e9 {}
DEBUG    urllib3.connectionpool:connectionpool.py:544 http://selenium-hub:4444 "DELETE /wd/hub/session/c25c0b26e99c8e37c896a9fd3f30a3e9 HTTP/1.1" 200 0
DEBUG    selenium.webdriver.remote.remote_connection:remote_connection.py:329 Remote response: status=200 | data={"value":null} | headers=HTTPHeaderDict({'content-length': '14', 'content-type': 'application/json; charset=utf-8', 'cache-control': 'no-cache'})
DEBUG    selenium.webdriver.remote.remote_connection:remote_connection.DEBUG    urllib3.connectDEBUG    urllib3.connectionpool:connectionpool.py:1062 Starting new HTTPS connection (1): practice.expandtesting.com:443
DEBUG    urllib3.connectionpool:connectionpool.py:544 https://practice.expandtesting.com:443 "POST /notes/api/users/register HTTP/1.1" 409 None
DEBUG    urllib3.connectionpool:connectionpool.py:1062 Starting new HTTPS connection (1): practice.expandtesting.com:443
DEBUG    urllib3.connectionpool:connectionpool.py:544 https://practice.expandtesting.com:443 "POST /notes/api/users/login HTTP/1.1" 200 None
DEBUG    urllib3.connectionpool:connectionpool.py:544 https://practice.expandtesting.com:443 "GET /notes/api/notes HTTP/1.1" 200 None
rowserName": "chrome", "pageLoadStrategy": "normal", "goog:chromeOptions": {"extensions": [], "args": ["--headless=new", "--no-sandbox", "--disable-dev-shm-usage", "--disable-gpu", "--window-size=1920,1080", "--disable-extensions", "--disable-infobars"]}}}}
DEBUG    urllib3.connectionpool:connectionpool.py:241 Starting new HTTP connection (1): selenium-hub:4444
DEBUG    urllib3.connectionpool:connectionpool.py:544 http://selenium-hub:4444 "POST /wd/hub/session HTTP/1.1" 200 0
DEBUG    selenium.webdriver.remote.remote_connection:remote_connection.py:329 Remote response: status=200 | data={
  "value": {
    "sessionId": "5aadbad870835be2b7ca50b04b408df3",
    "capabilities": {
      "acceptInsecureCerts": false,
      "browserName": "chrome",
      "browserVersion": "125.0.6422.76",
      "chrome": {
        "chromedriverVersion": "125.0.6422.76 (67dcf7562b8fb4ab0819135589e37a97bcc8942c-refs\u002fbranch-heads\u002f6422@{#1086})",
        "userDataDir": "\u002ftmp\u002f.org.chromium.Chromium.7Wg0O1"
      },
      "fedcm:accounts": true,
      "goog:chromeOptions": {
        "debuggerAddress": "localhost:45547"
      },
      "networkConnectionEnabled": false,
      "pageLoadStrategy": "normal",
      "platformName": "linux",
      "proxy": {
      },
      "se:bidiEnabled": false,
      "se:cdp": "ws:\u002f\u002f172.18.0.5:4444\u002fsession\u002f5aadbad870835be2b7ca50b04b408df3\u002fse\u002fcdp",
      "se:cdpVersion": "125.0.6422.76",
      "se:vnc": "ws:\u002f\u002f172.18.0.5:4444\u002fsession\u002f5aadbad870835be2b7ca50b04b408df3\u002fse\u002fvnc",
      "se:vncEnabled": true,
      "se:vncLocalAddress": "ws:\u002f\u002f172.18.0.5:7900",
      "setWindowRect": true,
      "strictFileInteractability": false,
      "timeouts": {
        "implicit": 0,
        "pageLoad": 300000,
        "script": 30000
      },
      "unhandledPromptBehavior": "dismiss and notify",
      "webauthn:extension:credBlob": true,
      "webauthn:extension:largeBlob": true,
      "webauthn:extension:minPinLength": true,
      "webauthn:extension:prf": true,
      "webauthn:virtualAuthenticators": true
    }
  }
} | headers=HTTPHeaderDict({'content-length': '1531', 'Cache-Control': 'no-cache', 'Content-Type': 'application/json; charset=utf-8'})
DEBUG    selenium.webdriver.remote.remote_connection:remote_connection.py:356 Finished Request
DEBUG    selenium.webdriver.remote.remote_connection:remote_connection.py:313 POST http://selenium-hub:4444/wd/hub/session/5aadbad870835be2b7ca50b04b408df3/timeouts {"implicit": 10000}
DEBUG    urllib3.connectionpool:connectionpool.py:544 http://selenium-hub:4444 "POST /wd/hub/session/5aadbad870835be2b7ca50b04b408df3/timeouts HTTP/1.1" 200 0
DEBUG    selenium.webdriver.remote.remote_connection:remote_connection.py:329 Remote response: status=200 | data={"value":null} | headers=HTTPHeaderDict({'content-length': '14', 'content-type': 'application/json; charset=utf-8', 'cache-control': 'no-cache'})
DEBUG    selenium.webdriver.remote.remote_connection:remote_connection.py:356 Finished Request
DEBUG    selenium.webdriver.remote.remote_connection:remote_connection.py:313 POST http://selenium-hub:4444/wd/hub/session/5aadbad870835be2b7ca50b04b408df3/url {"url": "https://practice.expandtesting.com/notes/app"}
DEBUG    urllib3.connectionpool:connectionpool.py:544 http://selenium-hub:4444 "POST /wd/hub/session/5aadbad870835be2b7ca50b04b408df3/url HTTP/1.1" 200 0
DEBUG    selenium.webdriver.remote.remote_connection:remote_connection.py:329 Remote response: status=200 | data={"value":null} | headers=HTTPHeaderDict({'content-length': '14', 'content-type': 'application/json; charset=utf-8', 'cache-control': 'no-cache'})
DEBUG    selenium.webdriver.remote.remote_connection:remote_connection.py:356 Finished Request
DEBUG    selenium.webdriver.remote.remote_connection:remote_connection.py:313 POST http://selenium-hub:4444/wd/hub/session/5aadbad870835be2b7ca50b04b408df3/execute/sync {"script": "return document.readyState", "args": []}
DEBUG    urllib3.connectionpool:connectionpool.py:544 http://selenium-hub:4444 "POST /wd/hub/session/5aadbad870835be2b7ca50b04b408df3/execute/sync HTTP/1.1" 200 0
DEBUG    selenium.webdriver.remote.remote_connection:remote_connection.py:329 Remote response: status=200 | data={"value":"complete"} | headers=HTTPHeaderDict({'content-length': '20', 'content-type': 'application/json; charset=utf-8', 'cache-control': 'no-cache'})
DEBUG    selenium.webdriver.remote.remote_connection:remote_connection.py:356 Finished Request
DEBUG    selenium.webdriver.remote.remote_connection:remote_connection.py:313 GET http://selenium-hub:4444/wd/hub/session/5aadbad870835be2b7ca50b04b408df3/url {}
DEBUG    urllib3.connectionpool:connectionpool.py:544 http://selenium-hub:4444 "GET /wd/hub/session/5aadbad870835be2b7ca50b04b408df3/url HTTP/1.1" 200 0
DEBUG    selenium.webdriver.remote.remote_connection:remote_connection.py:329 Remote response: status=200 | data={"value":"https://practice.expandtesting.com/notes/app"} | headers=HTTPHeaderDict({'content-length': '56', 'content-type': 'application/json; charset=utf-8', 'cache-control': 'no-cache'})
DEBUG    selenium.webdriver.remote.remote_connection:remote_connection.py:356 Finished Request
DEBUG    selenium.webdriver.remote.remote_connection:remote_connection.py:313 GET http://selenium-hub:4444/wd/hub/session/5aadbad870835be2b7ca50b04b408df3/url {}
DEBUG    urllib3.connectionpool:connectionpool.py:544 http://selenium-hub:4444 "GET /wd/hub/session/5aadbad870835be2b7ca50b04b408df3/url HTTP/1.1" 200 0
DEBUG    selenium.webdriver.remote.remote_connection:remote_connection.py:329 Remote response: status=200 | data={"value":"https://practice.expandtesting.com/notes/app"} | headers=HTTPHeaderDict({'content-length': '56', 'content-type': 'application/json; charset=utf-8', 'cache-control': 'no-cache'})
DEBUG    selenium.webdriver.remote.remote_connection:remote_connection.py:356 Finished Request
DEBUG    selenium.webdriver.remote.remote_connection:remote_connection.py:313 POST http://selenium-hub:4444/wd/hub/session/5aadbad870835be2b7ca50b04b408df3/url {"url": "https://practice.expandtesting.com/notes/app/login"}
DEBUG    urllib3.connectionpool:connectionpool.py:544 http://selenium-hub:4444 "POST /wd/hub/session/5aadbad870835be2b7ca50b04b408df3/url HTTP/1.1" 200 0
DEBUG    selenium.webdriver.remote.remote_connection:remote_connection.py:329 Remote response: status=200 | data={"value":null} | headers=HTTPHeaderDict({'content-length': '14', 'content-type': 'application/json; charset=utf-8', 'cache-control': 'no-cache'})
DEBUG    selenium.webdriver.remote.remote_connection:remote_connection.py:356 Finished Request
DEBUG    selenium.webdriver.remote.remote_connection:remote_connection.py:313 POST http://selenium-hub:4444/wd/hub/session/5aadbad870835be2b7ca50b04b408df3/execute/sync {"script": "return document.readyState", "args": []}
DEBUG    urllib3.connectionpool:connectionpool.py:544 http://selenium-hub:4444 "POST /wd/hub/session/5aadbad870835be2b7ca50b04b408df3/execute/sync HTTP/1.1" 200 0
DEBUG    selenium.webdriver.remote.remote_connection:remote_connection.py:329 Remote response: status=200 | data={"value":"complete"} | headers=HTTPHeaderDict({'content-length': '20', 'content-type': 'application/json; charset=utf-8', 'cache-control': 'no-cache'})
DEBUG    selenium.webdriver.remote.remote_connection:remote_connection.py:356 Finished Request
DEBUG    selenium.webdriver.remote.remote_connection:remote_connection.py:313 POST http://selenium-hub:4444/wd/hub/session/5aadbad870835be2b7ca50b04b408df3/element {"using": "css selector", "value": "[data-testid='login-email']"}
DEBUG    urllib3.connectionpool:connectionpool.py:544 http://selenium-hub:4444 "POST /wd/hub/session/5aadbad870835be2b7ca50b04b408df3/element HTTP/1.1" 200 0
DEBUG    selenium.webdriver.remote.remote_connection:remote_connection.py:329 Remote response: status=200 | data={"value":{"element-6066-11e4-a52e-4f735466cecf":"f.79622DA940D870A453092AF735DA60D6.d.E768620207747D2B494CBE9E68314D09.e.53"}} | headers=HTTPHeaderDict({'content-length': '126', 'content-type': 'application/json; charset=utf-8', 'cache-control': 'no-cache'})
DEBUG    selenium.webdriver.remote.remote_connection:remote_connection.py:356 Finished Request
DEBUG    selenium.webdriver.remote.remote_connection:remote_connection.py:313 POST http://selenium-hub:4444/wd/hub/session/5aadbad870835be2b7ca50b04b408df3/execute/sync {"script": "/* isDisplayed */return (function(){return (function(){var k=this||self;function aa(a){return\"string\"==typeof a}function ba(a,b){a=a.split(\".\");var c=k;a[0]in c||\"undefined\"==typeof c.execScript||c.execScript(\"var \"+a[0]);for(var d;a.length&&(d=a.shift());)a.length||void 0===b?c[d]&&c[d]!==Object.prototype[d]?c=c[d]:c=c[d]={}:c[d]=b}\nfunction ca(a){var b=typeof a;if(\"object\"==b)if(a){if(a instanceof Array)return\"array\";if(a instanceof Object)return b;var c=Object.prototype.toString.call(a);if(\"[object Window]\"==c)return\"object\";if(\"[object Array]\"==c||\"number\"==typeof a.length&&\"undefined\"!=typeof a.splice&&\"undefined\"!=typeof a.propertyIsEnumerable&&!a.propertyIsEnumerable(\"splice\"))return\"array\";if(\"[object Function]\"==c||\"undefined\"!=typeof a.call&&\"undefined\"!=typeof a.propertyIsEnumerable&&!a.propertyIsEnumerable(\"call\"))return\"function\"}else return\"null\";\nelse if(\"function\"==b&&\"undefined\"==typeof a.call)return\"object\";return b}function da(a,b,c){return a.call.apply(a.bind,arguments)}function ea(a,b,c){if(!a)throw Error();if(2<arguments.length){var d=Array.prototype.slice.call(arguments,2);return function(){var e=Array.prototype.slice.call(arguments);Array.prototype.unshift.apply(e,d);return a.apply(b,e)}}return function(){return a.apply(b,arguments)}}\nfunction fa(a,b,c){Function.prototype.bind&&-1!=Function.prototype.bind.toString().indexOf(\"native code\")?fa=da:fa=ea;return fa.apply(null,arguments)}function ha(a,b){var c=Array.prototype.slice.call(arguments,1);return function(){var d=c.slice();d.push.apply(d,arguments);return a.apply(this,d)}}function l(a,b){function c(){}c.prototype=b.prototype;a.prototype=new c;a.prototype.constructor=a};/*\n\n The MIT License\n\n Copyright (c) 2007 Cybozu Labs, Inc.\n Copyright (c) 2012 Google Inc.\n\n Permission is hereby granted, free of charge, to any person obtaining a copy\n of this software and associated documentation files (the \"Software\"), to\n deal in the Software without restriction, including without limitation the\n rights to use, copy, modify, merge, publish, distribute, sublicense, and/or\n sell copies of the Software, and to permit persons to whom the Software is\n furnished to do so, subject to the following conditions:\n\n The above copyright notice and this permission notice shall be included in\n all copies or substantial portions of the Software.\n\n THE SOFTWARE IS PROVIDED \"AS IS\", WITHOUT WARRANTY OF ANY KIND, EXPRESS OR\n IMPLIED, INCLUDING BUT NOT LIMITED TO THE WARRANTIES OF MERCHANTABILITY,\n FITNESS FOR A PARTICULAR PURPOSE AND NONINFRINGEMENT. IN NO EVENT SHALL THE\n AUTHORS OR COPYRIGHT HOLDERS BE LIABLE FOR ANY CLAIM, DAMAGES OR OTHER\n LIABILITY, WHETHER IN AN ACTION OF CONTRACT, TORT OR OTHERWISE, ARISING\n FROM, OUT OF OR IN CONNECTION WITH THE SOFTWARE OR THE USE OR OTHER DEALINGS\n IN THE SOFTWARE.\n*/\nfunction ia(a,b,c){this.a=a;this.b=b||1;this.f=c||1};var ja=Array.prototype.indexOf?function(a,b){return Array.prototype.indexOf.call(a,b,void 0)}:function(a,b){if(\"string\"===typeof a)return\"string\"!==typeof b||1!=b.length?-1:a.indexOf(b,0);for(var c=0;c<a.length;c++)if(c in a&&a[c]===b)return c;return-1},n=Array.prototype.forEach?function(a,b){Array.prototype.forEach.call(a,b,void 0)}:function(a,b){for(var c=a.length,d=\"string\"===typeof a?a.split(\"\"):a,e=0;e<c;e++)e in d&&b.call(void 0,d[e],e,a)},ka=Array.prototype.filter?function(a,b){return Array.prototype.filter.call(a,\nb,void 0)}:function(a,b){for(var c=a.length,d=[],e=0,f=\"string\"===typeof a?a.split(\"\"):a,g=0;g<c;g++)if(g in f){var h=f[g];b.call(void 0,h,g,a)&&(d[e++]=h)}return d},la=Array.prototype.reduce?function(a,b,c){return Array.prototype.reduce.call(a,b,c)}:function(a,b,c){var d=c;n(a,function(e,f){d=b.call(void 0,d,e,f,a)});return d},ma=Array.prototype.some?function(a,b){return Array.prototype.some.call(a,b,void 0)}:function(a,b){for(var c=a.length,d=\"string\"===typeof a?a.split(\"\"):a,e=0;e<c;e++)if(e in\nd&&b.call(void 0,d[e],e,a))return!0;return!1},na=Array.prototype.every?function(a,b){return Array.prototype.every.call(a,b,void 0)}:function(a,b){for(var c=a.length,d=\"string\"===typeof a?a.split(\"\"):a,e=0;e<c;e++)if(e in d&&!b.call(void 0,d[e],e,a))return!1;return!0};function oa(a,b){a:{for(var c=a.length,d=\"string\"===typeof a?a.split(\"\"):a,e=0;e<c;e++)if(e in d&&b.call(void 0,d[e],e,a)){b=e;break a}b=-1}return 0>b?null:\"string\"===typeof a?a.charAt(b):a[b]}\nfunction pa(a){return Array.prototype.concat.apply([],arguments)}function qa(a,b,c){return 2>=arguments.length?Array.prototype.slice.call(a,b):Array.prototype.slice.call(a,b,c)};var ra=String.prototype.trim?function(a){return a.trim()}:function(a){return/^[\\s\\xa0]*([\\s\\S]*?)[\\s\\xa0]*$/.exec(a)[1]};function sa(a,b){return a<b?-1:a>b?1:0};var t;a:{var ta=k.navigator;if(ta){var ua=ta.userAgent;if(ua){t=ua;break a}}t=\"\"}function u(a){return-1!=t.indexOf(a)};function va(){return u(\"Firefox\")||u(\"FxiOS\")}function wa(){return(u(\"Chrome\")||u(\"CriOS\"))&&!u(\"Edge\")};function xa(a){return String(a).replace(/\\-([a-z])/g,function(b,c){return c.toUpperCase()})};function ya(){return u(\"iPhone\")&&!u(\"iPod\")&&!u(\"iPad\")};function za(a,b){var c=Aa;return Object.prototype.hasOwnProperty.call(c,a)?c[a]:c[a]=b(a)};var Ba=u(\"Opera\"),v=u(\"Trident\")||u(\"MSIE\"),Ca=u(\"Edge\"),Da=u(\"Gecko\")&&!(-1!=t.toLowerCase().indexOf(\"webkit\")&&!u(\"Edge\"))&&!(u(\"Trident\")||u(\"MSIE\"))&&!u(\"Edge\"),Ea=-1!=t.toLowerCase().indexOf(\"webkit\")&&!u(\"Edge\");function Fa(){var a=k.document;return a?a.documentMode:void 0}var Ga;\na:{var Ha=\"\",Ia=function(){var a=t;if(Da)return/rv:([^\\);]+)(\\)|;)/.exec(a);if(Ca)return/Edge\\/([\\d\\.]+)/.exec(a);if(v)return/\\b(?:MSIE|rv)[: ]([^\\);]+)(\\)|;)/.exec(a);if(Ea)return/WebKit\\/(\\S+)/.exec(a);if(Ba)return/(?:Version)[ \\/]?(\\S+)/.exec(a)}();Ia&&(Ha=Ia?Ia[1]:\"\");if(v){var Ja=Fa();if(null!=Ja&&Ja>parseFloat(Ha)){Ga=String(Ja);break a}}Ga=Ha}var Aa={};\nfunction Ka(a){return za(a,function(){for(var b=0,c=ra(String(Ga)).split(\".\"),d=ra(String(a)).split(\".\"),e=Math.max(c.length,d.length),f=0;0==b&&f<e;f++){var g=c[f]||\"\",h=d[f]||\"\";do{g=/(\\d*)(\\D*)(.*)/.exec(g)||[\"\",\"\",\"\",\"\"];h=/(\\d*)(\\D*)(.*)/.exec(h)||[\"\",\"\",\"\",\"\"];if(0==g[0].length&&0==h[0].length)break;b=sa(0==g[1].length?0:parseInt(g[1],10),0==h[1].length?0:parseInt(h[1],10))||sa(0==g[2].length,0==h[2].length)||sa(g[2],h[2]);g=g[3];h=h[3]}while(0==b)}return 0<=b})}var La;\nLa=k.document&&v?Fa():void 0;var x=v&&!(9<=Number(La)),Ma=v&&!(8<=Number(La));function Na(a,b,c,d){this.a=a;this.nodeName=c;this.nodeValue=d;this.nodeType=2;this.parentNode=this.ownerElement=b}function Oa(a,b){var c=Ma&&\"href\"==b.nodeName?a.getAttribute(b.nodeName,2):b.nodeValue;return new Na(b,a,b.nodeName,c)};function Pa(a){this.b=a;this.a=0}function Qa(a){a=a.match(Ra);for(var b=0;b<a.length;b++)Sa.test(a[b])&&a.splice(b,1);return new Pa(a)}var Ra=/\\$?(?:(?![0-9-\\.])(?:\\*|[\\w-\\.]+):)?(?![0-9-\\.])(?:\\*|[\\w-\\.]+)|\\/\\/|\\.\\.|::|\\d+(?:\\.\\d*)?|\\.\\d+|\"[^\"]*\"|'[^']*'|[!<>]=|\\s+|./g,Sa=/^\\s/;function y(a,b){return a.b[a.a+(b||0)]}function z(a){return a.b[a.a++]}function Ta(a){return a.b.length<=a.a};function Ua(a,b){this.x=void 0!==a?a:0;this.y=void 0!==b?b:0}Ua.prototype.ceil=function(){this.x=Math.ceil(this.x);this.y=Math.ceil(this.y);return this};Ua.prototype.floor=function(){this.x=Math.floor(this.x);this.y=Math.floor(this.y);return this};Ua.prototype.round=function(){this.x=Math.round(this.x);this.y=Math.round(this.y);return this};function Va(a,b){this.width=a;this.height=b}Va.prototype.aspectRatio=function(){return this.width/this.height};Va.prototype.ceil=function(){this.width=Math.ceil(this.width);this.height=Math.ceil(this.height);return this};Va.prototype.floor=function(){this.width=Math.floor(this.width);this.height=Math.floor(this.height);return this};Va.prototype.round=function(){this.width=Math.round(this.width);this.height=Math.round(this.height);return this};function Wa(a,b){if(!a||!b)return!1;if(a.contains&&1==b.nodeType)return a==b||a.contains(b);if(\"undefined\"!=typeof a.compareDocumentPosition)return a==b||!!(a.compareDocumentPosition(b)&16);for(;b&&a!=b;)b=b.parentNode;return b==a}\nfunction Xa(a,b){if(a==b)return 0;if(a.compareDocumentPosition)return a.compareDocumentPosition(b)&2?1:-1;if(v&&!(9<=Number(La))){if(9==a.nodeType)return-1;if(9==b.nodeType)return 1}if(\"sourceIndex\"in a||a.parentNode&&\"sourceIndex\"in a.parentNode){var c=1==a.nodeType,d=1==b.nodeType;if(c&&d)return a.sourceIndex-b.sourceIndex;var e=a.parentNode,f=b.parentNode;return e==f?Ya(a,b):!c&&Wa(e,b)?-1*Za(a,b):!d&&Wa(f,a)?Za(b,a):(c?a.sourceIndex:e.sourceIndex)-(d?b.sourceIndex:f.sourceIndex)}d=A(a);c=d.createRange();\nc.selectNode(a);c.collapse(!0);a=d.createRange();a.selectNode(b);a.collapse(!0);return c.compareBoundaryPoints(k.Range.START_TO_END,a)}function Za(a,b){var c=a.parentNode;if(c==b)return-1;for(;b.parentNode!=c;)b=b.parentNode;return Ya(b,a)}function Ya(a,b){for(;b=b.previousSibling;)if(b==a)return-1;return 1}function A(a){return 9==a.nodeType?a:a.ownerDocument||a.document}function $a(a,b){a&&(a=a.parentNode);for(var c=0;a;){if(b(a))return a;a=a.parentNode;c++}return null}\nfunction ab(a){this.a=a||k.document||document}ab.prototype.getElementsByTagName=function(a,b){return(b||this.a).getElementsByTagName(String(a))};function B(a){var b=null,c=a.nodeType;1==c&&(b=a.textContent,b=void 0==b||null==b?a.innerText:b,b=void 0==b||null==b?\"\":b);if(\"string\"!=typeof b)if(x&&\"title\"==a.nodeName.toLowerCase()&&1==c)b=a.text;else if(9==c||1==c){a=9==c?a.documentElement:a.firstChild;c=0;var d=[];for(b=\"\";a;){do 1!=a.nodeType&&(b+=a.nodeValue),x&&\"title\"==a.nodeName.toLowerCase()&&(b+=a.text),d[c++]=a;while(a=a.firstChild);for(;c&&!(a=d[--c].nextSibling););}}else b=a.nodeValue;return b}\nfunction C(a,b,c){if(null===b)return!0;try{if(!a.getAttribute)return!1}catch(d){return!1}Ma&&\"class\"==b&&(b=\"className\");return null==c?!!a.getAttribute(b):a.getAttribute(b,2)==c}function bb(a,b,c,d,e){return(x?cb:db).call(null,a,b,aa(c)?c:null,aa(d)?d:null,e||new E)}\nfunction cb(a,b,c,d,e){if(a instanceof F||8==a.b||c&&null===a.b){var f=b.all;if(!f)return e;a=eb(a);if(\"*\"!=a&&(f=b.getElementsByTagName(a),!f))return e;if(c){for(var g=[],h=0;b=f[h++];)C(b,c,d)&&g.push(b);f=g}for(h=0;b=f[h++];)\"*\"==a&&\"!\"==b.tagName||e.add(b);return e}gb(a,b,c,d,e);return e}\nfunction db(a,b,c,d,e){b.getElementsByName&&d&&\"name\"==c&&!v?(b=b.getElementsByName(d),n(b,function(f){a.a(f)&&e.add(f)})):b.getElementsByClassName&&d&&\"class\"==c?(b=b.getElementsByClassName(d),n(b,function(f){f.className==d&&a.a(f)&&e.add(f)})):a instanceof G?gb(a,b,c,d,e):b.getElementsByTagName&&(b=b.getElementsByTagName(a.f()),n(b,function(f){C(f,c,d)&&e.add(f)}));return e}\nfunction hb(a,b,c,d,e){var f;if((a instanceof F||8==a.b||c&&null===a.b)&&(f=b.childNodes)){var g=eb(a);if(\"*\"!=g&&(f=ka(f,function(h){return h.tagName&&h.tagName.toLowerCase()==g}),!f))return e;c&&(f=ka(f,function(h){return C(h,c,d)}));n(f,function(h){\"*\"==g&&(\"!\"==h.tagName||\"*\"==g&&1!=h.nodeType)||e.add(h)});return e}return ib(a,b,c,d,e)}function ib(a,b,c,d,e){for(b=b.firstChild;b;b=b.nextSibling)C(b,c,d)&&a.a(b)&&e.add(b);return e}\nfunction gb(a,b,c,d,e){for(b=b.firstChild;b;b=b.nextSibling)C(b,c,d)&&a.a(b)&&e.add(b),gb(a,b,c,d,e)}function eb(a){if(a instanceof G){if(8==a.b)return\"!\";if(null===a.b)return\"*\"}return a.f()};function E(){this.b=this.a=null;this.l=0}function jb(a){this.f=a;this.a=this.b=null}function kb(a,b){if(!a.a)return b;if(!b.a)return a;var c=a.a;b=b.a;for(var d=null,e,f=0;c&&b;){e=c.f;var g=b.f;e==g||e instanceof Na&&g instanceof Na&&e.a==g.a?(e=c,c=c.a,b=b.a):0<Xa(c.f,b.f)?(e=b,b=b.a):(e=c,c=c.a);(e.b=d)?d.a=e:a.a=e;d=e;f++}for(e=c||b;e;)e.b=d,d=d.a=e,f++,e=e.a;a.b=d;a.l=f;return a}function lb(a,b){b=new jb(b);b.a=a.a;a.b?a.a.b=b:a.a=a.b=b;a.a=b;a.l++}\nE.prototype.add=function(a){a=new jb(a);a.b=this.b;this.a?this.b.a=a:this.a=this.b=a;this.b=a;this.l++};function mb(a){return(a=a.a)?a.f:null}function nb(a){return(a=mb(a))?B(a):\"\"}function H(a,b){return new ob(a,!!b)}function ob(a,b){this.f=a;this.b=(this.s=b)?a.b:a.a;this.a=null}function I(a){var b=a.b;if(null==b)return null;var c=a.a=b;a.b=a.s?b.b:b.a;return c.f};function J(a){this.i=a;this.b=this.g=!1;this.f=null}function K(a){return\"\\n  \"+a.toString().split(\"\\n\").join(\"\\n  \")}function pb(a,b){a.g=b}function qb(a,b){a.b=b}function N(a,b){a=a.a(b);return a instanceof E?+nb(a):+a}function O(a,b){a=a.a(b);return a instanceof E?nb(a):\"\"+a}function rb(a,b){a=a.a(b);return a instanceof E?!!a.l:!!a};function sb(a,b,c){J.call(this,a.i);this.c=a;this.h=b;this.o=c;this.g=b.g||c.g;this.b=b.b||c.b;this.c==tb&&(c.b||c.g||4==c.i||0==c.i||!b.f?b.b||b.g||4==b.i||0==b.i||!c.f||(this.f={name:c.f.name,u:b}):this.f={name:b.f.name,u:c})}l(sb,J);\nfunction ub(a,b,c,d,e){b=b.a(d);c=c.a(d);var f;if(b instanceof E&&c instanceof E){b=H(b);for(d=I(b);d;d=I(b))for(e=H(c),f=I(e);f;f=I(e))if(a(B(d),B(f)))return!0;return!1}if(b instanceof E||c instanceof E){b instanceof E?(e=b,d=c):(e=c,d=b);f=H(e);for(var g=typeof d,h=I(f);h;h=I(f)){switch(g){case \"number\":h=+B(h);break;case \"boolean\":h=!!B(h);break;case \"string\":h=B(h);break;default:throw Error(\"Illegal primitive type for comparison.\");}if(e==b&&a(h,d)||e==c&&a(d,h))return!0}return!1}return e?\"boolean\"==\ntypeof b||\"boolean\"==typeof c?a(!!b,!!c):\"number\"==typeof b||\"number\"==typeof c?a(+b,+c):a(b,c):a(+b,+c)}sb.prototype.a=function(a){return this.c.m(this.h,this.o,a)};sb.prototype.toString=function(){var a=\"Binary Expression: \"+this.c;a+=K(this.h);return a+=K(this.o)};function vb(a,b,c,d){this.I=a;this.D=b;this.i=c;this.m=d}vb.prototype.toString=function(){return this.I};var wb={};\nfunction P(a,b,c,d){if(wb.hasOwnProperty(a))throw Error(\"Binary operator already created: \"+a);a=new vb(a,b,c,d);return wb[a.toString()]=a}P(\"div\",6,1,function(a,b,c){return N(a,c)/N(b,c)});P(\"mod\",6,1,function(a,b,c){return N(a,c)%N(b,c)});P(\"*\",6,1,function(a,b,c){return N(a,c)*N(b,c)});P(\"+\",5,1,function(a,b,c){return N(a,c)+N(b,c)});P(\"-\",5,1,function(a,b,c){return N(a,c)-N(b,c)});P(\"<\",4,2,function(a,b,c){return ub(function(d,e){return d<e},a,b,c)});\nP(\">\",4,2,function(a,b,c){return ub(function(d,e){return d>e},a,b,c)});P(\"<=\",4,2,function(a,b,c){return ub(function(d,e){return d<=e},a,b,c)});P(\">=\",4,2,function(a,b,c){return ub(function(d,e){return d>=e},a,b,c)});var tb=P(\"=\",3,2,function(a,b,c){return ub(function(d,e){return d==e},a,b,c,!0)});P(\"!=\",3,2,function(a,b,c){return ub(function(d,e){return d!=e},a,b,c,!0)});P(\"and\",2,2,function(a,b,c){return rb(a,c)&&rb(b,c)});P(\"or\",1,2,function(a,b,c){return rb(a,c)||rb(b,c)});function xb(a,b){if(b.a.length&&4!=a.i)throw Error(\"Primary expression must evaluate to nodeset if filter has predicate(s).\");J.call(this,a.i);this.c=a;this.h=b;this.g=a.g;this.b=a.b}l(xb,J);xb.prototype.a=function(a){a=this.c.a(a);return yb(this.h,a)};xb.prototype.toString=function(){var a=\"Filter:\"+K(this.c);return a+=K(this.h)};function zb(a,b){if(b.length<a.C)throw Error(\"Function \"+a.j+\" expects at least\"+a.C+\" arguments, \"+b.length+\" given\");if(null!==a.B&&b.length>a.B)throw Error(\"Function \"+a.j+\" expects at most \"+a.B+\" arguments, \"+b.length+\" given\");a.H&&n(b,function(c,d){if(4!=c.i)throw Error(\"Argument \"+d+\" to function \"+a.j+\" is not of type Nodeset: \"+c);});J.call(this,a.i);this.v=a;this.c=b;pb(this,a.g||ma(b,function(c){return c.g}));qb(this,a.G&&!b.length||a.F&&!!b.length||ma(b,function(c){return c.b}))}\nl(zb,J);zb.prototype.a=function(a){return this.v.m.apply(null,pa(a,this.c))};zb.prototype.toString=function(){var a=\"Function: \"+this.v;if(this.c.length){var b=la(this.c,function(c,d){return c+K(d)},\"Arguments:\");a+=K(b)}return a};function Ab(a,b,c,d,e,f,g,h){this.j=a;this.i=b;this.g=c;this.G=d;this.F=!1;this.m=e;this.C=f;this.B=void 0!==g?g:f;this.H=!!h}Ab.prototype.toString=function(){return this.j};var Bb={};\nfunction Q(a,b,c,d,e,f,g,h){if(Bb.hasOwnProperty(a))throw Error(\"Function already created: \"+a+\".\");Bb[a]=new Ab(a,b,c,d,e,f,g,h)}Q(\"boolean\",2,!1,!1,function(a,b){return rb(b,a)},1);Q(\"ceiling\",1,!1,!1,function(a,b){return Math.ceil(N(b,a))},1);Q(\"concat\",3,!1,!1,function(a,b){return la(qa(arguments,1),function(c,d){return c+O(d,a)},\"\")},2,null);Q(\"contains\",2,!1,!1,function(a,b,c){b=O(b,a);a=O(c,a);return-1!=b.indexOf(a)},2);Q(\"count\",1,!1,!1,function(a,b){return b.a(a).l},1,1,!0);\nQ(\"false\",2,!1,!1,function(){return!1},0);Q(\"floor\",1,!1,!1,function(a,b){return Math.floor(N(b,a))},1);Q(\"id\",4,!1,!1,function(a,b){function c(h){if(x){var m=e.all[h];if(m){if(m.nodeType&&h==m.id)return m;if(m.length)return oa(m,function(w){return h==w.id})}return null}return e.getElementById(h)}var d=a.a,e=9==d.nodeType?d:d.ownerDocument;a=O(b,a).split(/\\s+/);var f=[];n(a,function(h){h=c(h);!h||0<=ja(f,h)||f.push(h)});f.sort(Xa);var g=new E;n(f,function(h){g.add(h)});return g},1);\nQ(\"lang\",2,!1,!1,function(){return!1},1);Q(\"last\",1,!0,!1,function(a){if(1!=arguments.length)throw Error(\"Function last expects ()\");return a.f},0);Q(\"local-name\",3,!1,!0,function(a,b){return(a=b?mb(b.a(a)):a.a)?a.localName||a.nodeName.toLowerCase():\"\"},0,1,!0);Q(\"name\",3,!1,!0,function(a,b){return(a=b?mb(b.a(a)):a.a)?a.nodeName.toLowerCase():\"\"},0,1,!0);Q(\"namespace-uri\",3,!0,!1,function(){return\"\"},0,1,!0);\nQ(\"normalize-space\",3,!1,!0,function(a,b){return(b?O(b,a):B(a.a)).replace(/[\\s\\xa0]+/g,\" \").replace(/^\\s+|\\s+$/g,\"\")},0,1);Q(\"not\",2,!1,!1,function(a,b){return!rb(b,a)},1);Q(\"number\",1,!1,!0,function(a,b){return b?N(b,a):+B(a.a)},0,1);Q(\"position\",1,!0,!1,function(a){return a.b},0);Q(\"round\",1,!1,!1,function(a,b){return Math.round(N(b,a))},1);Q(\"starts-with\",2,!1,!1,function(a,b,c){b=O(b,a);a=O(c,a);return 0==b.lastIndexOf(a,0)},2);Q(\"string\",3,!1,!0,function(a,b){return b?O(b,a):B(a.a)},0,1);\nQ(\"string-length\",1,!1,!0,function(a,b){return(b?O(b,a):B(a.a)).length},0,1);Q(\"substring\",3,!1,!1,function(a,b,c,d){c=N(c,a);if(isNaN(c)||Infinity==c||-Infinity==c)return\"\";d=d?N(d,a):Infinity;if(isNaN(d)||-Infinity===d)return\"\";c=Math.round(c)-1;var e=Math.max(c,0);a=O(b,a);return Infinity==d?a.substring(e):a.substring(e,c+Math.round(d))},2,3);Q(\"substring-after\",3,!1,!1,function(a,b,c){b=O(b,a);a=O(c,a);c=b.indexOf(a);return-1==c?\"\":b.substring(c+a.length)},2);\nQ(\"substring-before\",3,!1,!1,function(a,b,c){b=O(b,a);a=O(c,a);a=b.indexOf(a);return-1==a?\"\":b.substring(0,a)},2);Q(\"sum\",1,!1,!1,function(a,b){a=H(b.a(a));b=0;for(var c=I(a);c;c=I(a))b+=+B(c);return b},1,1,!0);Q(\"translate\",3,!1,!1,function(a,b,c,d){b=O(b,a);c=O(c,a);var e=O(d,a);a={};for(d=0;d<c.length;d++){var f=c.charAt(d);f in a||(a[f]=e.charAt(d))}c=\"\";for(d=0;d<b.length;d++)f=b.charAt(d),c+=f in a?a[f]:f;return c},3);Q(\"true\",2,!1,!1,function(){return!0},0);function G(a,b){this.h=a;this.c=void 0!==b?b:null;this.b=null;switch(a){case \"comment\":this.b=8;break;case \"text\":this.b=3;break;case \"processing-instruction\":this.b=7;break;case \"node\":break;default:throw Error(\"Unexpected argument\");}}function Cb(a){return\"comment\"==a||\"text\"==a||\"processing-instruction\"==a||\"node\"==a}G.prototype.a=function(a){return null===this.b||this.b==a.nodeType};G.prototype.f=function(){return this.h};\nG.prototype.toString=function(){var a=\"Kind Test: \"+this.h;null===this.c||(a+=K(this.c));return a};function Db(a){J.call(this,3);this.c=a.substring(1,a.length-1)}l(Db,J);Db.prototype.a=function(){return this.c};Db.prototype.toString=function(){return\"Literal: \"+this.c};function F(a,b){this.j=a.toLowerCase();a=\"*\"==this.j?\"*\":\"http://www.w3.org/1999/xhtml\";this.c=b?b.toLowerCase():a}F.prototype.a=function(a){var b=a.nodeType;if(1!=b&&2!=b)return!1;b=void 0!==a.localName?a.localName:a.nodeName;return\"*\"!=this.j&&this.j!=b.toLowerCase()?!1:\"*\"==this.c?!0:this.c==(a.namespaceURI?a.namespaceURI.toLowerCase():\"http://www.w3.org/1999/xhtml\")};F.prototype.f=function(){return this.j};\nF.prototype.toString=function(){return\"Name Test: \"+(\"http://www.w3.org/1999/xhtml\"==this.c?\"\":this.c+\":\")+this.j};function Eb(a){J.call(this,1);this.c=a}l(Eb,J);Eb.prototype.a=function(){return this.c};Eb.prototype.toString=function(){return\"Number: \"+this.c};function Fb(a,b){J.call(this,a.i);this.h=a;this.c=b;this.g=a.g;this.b=a.b;1==this.c.length&&(a=this.c[0],a.A||a.c!=Gb||(a=a.o,\"*\"!=a.f()&&(this.f={name:a.f(),u:null})))}l(Fb,J);function Hb(){J.call(this,4)}l(Hb,J);Hb.prototype.a=function(a){var b=new E;a=a.a;9==a.nodeType?b.add(a):b.add(a.ownerDocument);return b};Hb.prototype.toString=function(){return\"Root Helper Expression\"};function Ib(){J.call(this,4)}l(Ib,J);Ib.prototype.a=function(a){var b=new E;b.add(a.a);return b};Ib.prototype.toString=function(){return\"Context Helper Expression\"};\nfunction Jb(a){return\"/\"==a||\"//\"==a}Fb.prototype.a=function(a){var b=this.h.a(a);if(!(b instanceof E))throw Error(\"Filter expression must evaluate to nodeset.\");a=this.c;for(var c=0,d=a.length;c<d&&b.l;c++){var e=a[c],f=H(b,e.c.s);if(e.g||e.c!=Kb)if(e.g||e.c!=Lb){var g=I(f);for(b=e.a(new ia(g));null!=(g=I(f));)g=e.a(new ia(g)),b=kb(b,g)}else g=I(f),b=e.a(new ia(g));else{for(g=I(f);(b=I(f))&&(!g.contains||g.contains(b))&&b.compareDocumentPosition(g)&8;g=b);b=e.a(new ia(g))}}return b};\nFb.prototype.toString=function(){var a=\"Path Expression:\"+K(this.h);if(this.c.length){var b=la(this.c,function(c,d){return c+K(d)},\"Steps:\");a+=K(b)}return a};function Mb(a,b){this.a=a;this.s=!!b}\nfunction yb(a,b,c){for(c=c||0;c<a.a.length;c++)for(var d=a.a[c],e=H(b),f=b.l,g,h=0;g=I(e);h++){var m=a.s?f-h:h+1;g=d.a(new ia(g,m,f));if(\"number\"==typeof g)m=m==g;else if(\"string\"==typeof g||\"boolean\"==typeof g)m=!!g;else if(g instanceof E)m=0<g.l;else throw Error(\"Predicate.evaluate returned an unexpected type.\");if(!m){m=e;g=m.f;var w=m.a;if(!w)throw Error(\"Next must be called at least once before remove.\");var r=w.b;w=w.a;r?r.a=w:g.a=w;w?w.b=r:g.b=r;g.l--;m.a=null}}return b}\nMb.prototype.toString=function(){return la(this.a,function(a,b){return a+K(b)},\"Predicates:\")};function R(a,b,c,d){J.call(this,4);this.c=a;this.o=b;this.h=c||new Mb([]);this.A=!!d;b=this.h;b=0<b.a.length?b.a[0].f:null;a.J&&b&&(a=b.name,a=x?a.toLowerCase():a,this.f={name:a,u:b.u});a:{a=this.h;for(b=0;b<a.a.length;b++)if(c=a.a[b],c.g||1==c.i||0==c.i){a=!0;break a}a=!1}this.g=a}l(R,J);\nR.prototype.a=function(a){var b=a.a,c=this.f,d=null,e=null,f=0;c&&(d=c.name,e=c.u?O(c.u,a):null,f=1);if(this.A)if(this.g||this.c!=Nb)if(b=H((new R(Ob,new G(\"node\"))).a(a)),c=I(b))for(a=this.m(c,d,e,f);null!=(c=I(b));)a=kb(a,this.m(c,d,e,f));else a=new E;else a=bb(this.o,b,d,e),a=yb(this.h,a,f);else a=this.m(a.a,d,e,f);return a};R.prototype.m=function(a,b,c,d){a=this.c.v(this.o,a,b,c);return a=yb(this.h,a,d)};\nR.prototype.toString=function(){var a=\"Step:\"+K(\"Operator: \"+(this.A?\"//\":\"/\"));this.c.j&&(a+=K(\"Axis: \"+this.c));a+=K(this.o);if(this.h.a.length){var b=la(this.h.a,function(c,d){return c+K(d)},\"Predicates:\");a+=K(b)}return a};function Pb(a,b,c,d){this.j=a;this.v=b;this.s=c;this.J=d}Pb.prototype.toString=function(){return this.j};var Qb={};function S(a,b,c,d){if(Qb.hasOwnProperty(a))throw Error(\"Axis already created: \"+a);b=new Pb(a,b,c,!!d);return Qb[a]=b}\nS(\"ancestor\",function(a,b){for(var c=new E;b=b.parentNode;)a.a(b)&&lb(c,b);return c},!0);S(\"ancestor-or-self\",function(a,b){var c=new E;do a.a(b)&&lb(c,b);while(b=b.parentNode);return c},!0);\nvar Gb=S(\"attribute\",function(a,b){var c=new E,d=a.f();if(\"style\"==d&&x&&b.style)return c.add(new Na(b.style,b,\"style\",b.style.cssText)),c;var e=b.attributes;if(e)if(a instanceof G&&null===a.b||\"*\"==d)for(a=0;d=e[a];a++)x?d.nodeValue&&c.add(Oa(b,d)):c.add(d);else(d=e.getNamedItem(d))&&(x?d.nodeValue&&c.add(Oa(b,d)):c.add(d));return c},!1),Nb=S(\"child\",function(a,b,c,d,e){return(x?hb:ib).call(null,a,b,aa(c)?c:null,aa(d)?d:null,e||new E)},!1,!0);S(\"descendant\",bb,!1,!0);\nvar Ob=S(\"descendant-or-self\",function(a,b,c,d){var e=new E;C(b,c,d)&&a.a(b)&&e.add(b);return bb(a,b,c,d,e)},!1,!0),Kb=S(\"following\",function(a,b,c,d){var e=new E;do for(var f=b;f=f.nextSibling;)C(f,c,d)&&a.a(f)&&e.add(f),e=bb(a,f,c,d,e);while(b=b.parentNode);return e},!1,!0);S(\"following-sibling\",function(a,b){for(var c=new E;b=b.nextSibling;)a.a(b)&&c.add(b);return c},!1);S(\"namespace\",function(){return new E},!1);\nvar Rb=S(\"parent\",function(a,b){var c=new E;if(9==b.nodeType)return c;if(2==b.nodeType)return c.add(b.ownerElement),c;b=b.parentNode;a.a(b)&&c.add(b);return c},!1),Lb=S(\"preceding\",function(a,b,c,d){var e=new E,f=[];do f.unshift(b);while(b=b.parentNode);for(var g=1,h=f.length;g<h;g++){var m=[];for(b=f[g];b=b.previousSibling;)m.unshift(b);for(var w=0,r=m.length;w<r;w++)b=m[w],C(b,c,d)&&a.a(b)&&e.add(b),e=bb(a,b,c,d,e)}return e},!0,!0);\nS(\"preceding-sibling\",function(a,b){for(var c=new E;b=b.previousSibling;)a.a(b)&&lb(c,b);return c},!0);var Sb=S(\"self\",function(a,b){var c=new E;a.a(b)&&c.add(b);return c},!1);function Tb(a){J.call(this,1);this.c=a;this.g=a.g;this.b=a.b}l(Tb,J);Tb.prototype.a=function(a){return-N(this.c,a)};Tb.prototype.toString=function(){return\"Unary Expression: -\"+K(this.c)};function Ub(a){J.call(this,4);this.c=a;pb(this,ma(this.c,function(b){return b.g}));qb(this,ma(this.c,function(b){return b.b}))}l(Ub,J);Ub.prototype.a=function(a){var b=new E;n(this.c,function(c){c=c.a(a);if(!(c instanceof E))throw Error(\"Path expression must evaluate to NodeSet.\");b=kb(b,c)});return b};Ub.prototype.toString=function(){return la(this.c,function(a,b){return a+K(b)},\"Union Expression:\")};function Vb(a,b){this.a=a;this.b=b}function Yb(a){for(var b,c=[];;){T(a,\"Missing right hand side of binary expression.\");b=Zb(a);var d=z(a.a);if(!d)break;var e=(d=wb[d]||null)&&d.D;if(!e){a.a.a--;break}for(;c.length&&e<=c[c.length-1].D;)b=new sb(c.pop(),c.pop(),b);c.push(b,d)}for(;c.length;)b=new sb(c.pop(),c.pop(),b);return b}function T(a,b){if(Ta(a.a))throw Error(b);}function $b(a,b){a=z(a.a);if(a!=b)throw Error(\"Bad token, expected: \"+b+\" got: \"+a);}\nfunction ac(a){a=z(a.a);if(\")\"!=a)throw Error(\"Bad token: \"+a);}function bc(a){a=z(a.a);if(2>a.length)throw Error(\"Unclosed literal string\");return new Db(a)}\nfunction cc(a){var b=[];if(Jb(y(a.a))){var c=z(a.a);var d=y(a.a);if(\"/\"==c&&(Ta(a.a)||\".\"!=d&&\"..\"!=d&&\"@\"!=d&&\"*\"!=d&&!/(?![0-9])[\\w]/.test(d)))return new Hb;d=new Hb;T(a,\"Missing next location step.\");c=dc(a,c);b.push(c)}else{a:{c=y(a.a);d=c.charAt(0);switch(d){case \"$\":throw Error(\"Variable reference not allowed in HTML XPath\");case \"(\":z(a.a);c=Yb(a);T(a,'unclosed \"(\"');$b(a,\")\");break;case '\"':case \"'\":c=bc(a);break;default:if(isNaN(+c))if(!Cb(c)&&/(?![0-9])[\\w]/.test(d)&&\"(\"==y(a.a,1)){c=z(a.a);\nc=Bb[c]||null;z(a.a);for(d=[];\")\"!=y(a.a);){T(a,\"Missing function argument list.\");d.push(Yb(a));if(\",\"!=y(a.a))break;z(a.a)}T(a,\"Unclosed function argument list.\");ac(a);c=new zb(c,d)}else{c=null;break a}else c=new Eb(+z(a.a))}\"[\"==y(a.a)&&(d=new Mb(ec(a)),c=new xb(c,d))}if(c)if(Jb(y(a.a)))d=c;else return c;else c=dc(a,\"/\"),d=new Ib,b.push(c)}for(;Jb(y(a.a));)c=z(a.a),T(a,\"Missing next location step.\"),c=dc(a,c),b.push(c);return new Fb(d,b)}\nfunction dc(a,b){if(\"/\"!=b&&\"//\"!=b)throw Error('Step op should be \"/\" or \"//\"');if(\".\"==y(a.a)){var c=new R(Sb,new G(\"node\"));z(a.a);return c}if(\"..\"==y(a.a))return c=new R(Rb,new G(\"node\")),z(a.a),c;if(\"@\"==y(a.a)){var d=Gb;z(a.a);T(a,\"Missing attribute name\")}else if(\"::\"==y(a.a,1)){if(!/(?![0-9])[\\w]/.test(y(a.a).charAt(0)))throw Error(\"Bad token: \"+z(a.a));var e=z(a.a);d=Qb[e]||null;if(!d)throw Error(\"No axis with name: \"+e);z(a.a);T(a,\"Missing node name\")}else d=Nb;e=y(a.a);if(/(?![0-9])[\\w\\*]/.test(e.charAt(0)))if(\"(\"==\ny(a.a,1)){if(!Cb(e))throw Error(\"Invalid node type: \"+e);e=z(a.a);if(!Cb(e))throw Error(\"Invalid type name: \"+e);$b(a,\"(\");T(a,\"Bad nodetype\");var f=y(a.a).charAt(0),g=null;if('\"'==f||\"'\"==f)g=bc(a);T(a,\"Bad nodetype\");ac(a);e=new G(e,g)}else if(e=z(a.a),f=e.indexOf(\":\"),-1==f)e=new F(e);else{g=e.substring(0,f);if(\"*\"==g)var h=\"*\";else if(h=a.b(g),!h)throw Error(\"Namespace prefix not declared: \"+g);e=e.substr(f+1);e=new F(e,h)}else throw Error(\"Bad token: \"+z(a.a));a=new Mb(ec(a),d.s);return c||new R(d,\ne,a,\"//\"==b)}function ec(a){for(var b=[];\"[\"==y(a.a);){z(a.a);T(a,\"Missing predicate expression.\");var c=Yb(a);b.push(c);T(a,\"Unclosed predicate expression.\");$b(a,\"]\")}return b}function Zb(a){if(\"-\"==y(a.a))return z(a.a),new Tb(Zb(a));var b=cc(a);if(\"|\"!=y(a.a))a=b;else{for(b=[b];\"|\"==z(a.a);)T(a,\"Missing next union location path.\"),b.push(cc(a));a.a.a--;a=new Ub(b)}return a};function fc(a){switch(a.nodeType){case 1:return ha(gc,a);case 9:return fc(a.documentElement);case 11:case 10:case 6:case 12:return hc;default:return a.parentNode?fc(a.parentNode):hc}}function hc(){return null}function gc(a,b){if(a.prefix==b)return a.namespaceURI||\"http://www.w3.org/1999/xhtml\";var c=a.getAttributeNode(\"xmlns:\"+b);return c&&c.specified?c.value||null:a.parentNode&&9!=a.parentNode.nodeType?gc(a.parentNode,b):null};function ic(a,b){if(!a.length)throw Error(\"Empty XPath expression.\");a=Qa(a);if(Ta(a))throw Error(\"Invalid XPath expression.\");b?\"function\"==ca(b)||(b=fa(b.lookupNamespaceURI,b)):b=function(){return null};var c=Yb(new Vb(a,b));if(!Ta(a))throw Error(\"Bad token: \"+z(a));this.evaluate=function(d,e){d=c.a(new ia(d));return new U(d,e)}}\nfunction U(a,b){if(0==b)if(a instanceof E)b=4;else if(\"string\"==typeof a)b=2;else if(\"number\"==typeof a)b=1;else if(\"boolean\"==typeof a)b=3;else throw Error(\"Unexpected evaluation result.\");if(2!=b&&1!=b&&3!=b&&!(a instanceof E))throw Error(\"value could not be converted to the specified type\");this.resultType=b;switch(b){case 2:this.stringValue=a instanceof E?nb(a):\"\"+a;break;case 1:this.numberValue=a instanceof E?+nb(a):+a;break;case 3:this.booleanValue=a instanceof E?0<a.l:!!a;break;case 4:case 5:case 6:case 7:var c=\nH(a);var d=[];for(var e=I(c);e;e=I(c))d.push(e instanceof Na?e.a:e);this.snapshotLength=a.l;this.invalidIteratorState=!1;break;case 8:case 9:a=mb(a);this.singleNodeValue=a instanceof Na?a.a:a;break;default:throw Error(\"Unknown XPathResult type.\");}var f=0;this.iterateNext=function(){if(4!=b&&5!=b)throw Error(\"iterateNext called with wrong result type\");return f>=d.length?null:d[f++]};this.snapshotItem=function(g){if(6!=b&&7!=b)throw Error(\"snapshotItem called with wrong result type\");return g>=d.length||\n0>g?null:d[g]}}U.ANY_TYPE=0;U.NUMBER_TYPE=1;U.STRING_TYPE=2;U.BOOLEAN_TYPE=3;U.UNORDERED_NODE_ITERATOR_TYPE=4;U.ORDERED_NODE_ITERATOR_TYPE=5;U.UNORDERED_NODE_SNAPSHOT_TYPE=6;U.ORDERED_NODE_SNAPSHOT_TYPE=7;U.ANY_UNORDERED_NODE_TYPE=8;U.FIRST_ORDERED_NODE_TYPE=9;function jc(a){this.lookupNamespaceURI=fc(a)}\nfunction kc(a,b){a=a||k;var c=a.Document&&a.Document.prototype||a.document;if(!c.evaluate||b)a.XPathResult=U,c.evaluate=function(d,e,f,g){return(new ic(d,f)).evaluate(e,g)},c.createExpression=function(d,e){return new ic(d,e)},c.createNSResolver=function(d){return new jc(d)}}ba(\"wgxpath.install\",kc);ba(\"wgxpath.install\",kc);var lc={aliceblue:\"#f0f8ff\",antiquewhite:\"#faebd7\",aqua:\"#00ffff\",aquamarine:\"#7fffd4\",azure:\"#f0ffff\",beige:\"#f5f5dc\",bisque:\"#ffe4c4\",black:\"#000000\",blanchedalmond:\"#ffebcd\",blue:\"#0000ff\",blueviolet:\"#8a2be2\",brown:\"#a52a2a\",burlywood:\"#deb887\",cadetblue:\"#5f9ea0\",chartreuse:\"#7fff00\",chocolate:\"#d2691e\",coral:\"#ff7f50\",cornflowerblue:\"#6495ed\",cornsilk:\"#fff8dc\",crimson:\"#dc143c\",cyan:\"#00ffff\",darkblue:\"#00008b\",darkcyan:\"#008b8b\",darkgoldenrod:\"#b8860b\",darkgray:\"#a9a9a9\",darkgreen:\"#006400\",\ndarkgrey:\"#a9a9a9\",darkkhaki:\"#bdb76b\",darkmagenta:\"#8b008b\",darkolivegreen:\"#556b2f\",darkorange:\"#ff8c00\",darkorchid:\"#9932cc\",darkred:\"#8b0000\",darksalmon:\"#e9967a\",darkseagreen:\"#8fbc8f\",darkslateblue:\"#483d8b\",darkslategray:\"#2f4f4f\",darkslategrey:\"#2f4f4f\",darkturquoise:\"#00ced1\",darkviolet:\"#9400d3\",deeppink:\"#ff1493\",deepskyblue:\"#00bfff\",dimgray:\"#696969\",dimgrey:\"#696969\",dodgerblue:\"#1e90ff\",firebrick:\"#b22222\",floralwhite:\"#fffaf0\",forestgreen:\"#228b22\",fuchsia:\"#ff00ff\",gainsboro:\"#dcdcdc\",\nghostwhite:\"#f8f8ff\",gold:\"#ffd700\",goldenrod:\"#daa520\",gray:\"#808080\",green:\"#008000\",greenyellow:\"#adff2f\",grey:\"#808080\",honeydew:\"#f0fff0\",hotpink:\"#ff69b4\",indianred:\"#cd5c5c\",indigo:\"#4b0082\",ivory:\"#fffff0\",khaki:\"#f0e68c\",lavender:\"#e6e6fa\",lavenderblush:\"#fff0f5\",lawngreen:\"#7cfc00\",lemonchiffon:\"#fffacd\",lightblue:\"#add8e6\",lightcoral:\"#f08080\",lightcyan:\"#e0ffff\",lightgoldenrodyellow:\"#fafad2\",lightgray:\"#d3d3d3\",lightgreen:\"#90ee90\",lightgrey:\"#d3d3d3\",lightpink:\"#ffb6c1\",lightsalmon:\"#ffa07a\",\nlightseagreen:\"#20b2aa\",lightskyblue:\"#87cefa\",lightslategray:\"#778899\",lightslategrey:\"#778899\",lightsteelblue:\"#b0c4de\",lightyellow:\"#ffffe0\",lime:\"#00ff00\",limegreen:\"#32cd32\",linen:\"#faf0e6\",magenta:\"#ff00ff\",maroon:\"#800000\",mediumaquamarine:\"#66cdaa\",mediumblue:\"#0000cd\",mediumorchid:\"#ba55d3\",mediumpurple:\"#9370db\",mediumseagreen:\"#3cb371\",mediumslateblue:\"#7b68ee\",mediumspringgreen:\"#00fa9a\",mediumturquoise:\"#48d1cc\",mediumvioletred:\"#c71585\",midnightblue:\"#191970\",mintcream:\"#f5fffa\",mistyrose:\"#ffe4e1\",\nmoccasin:\"#ffe4b5\",navajowhite:\"#ffdead\",navy:\"#000080\",oldlace:\"#fdf5e6\",olive:\"#808000\",olivedrab:\"#6b8e23\",orange:\"#ffa500\",orangered:\"#ff4500\",orchid:\"#da70d6\",palegoldenrod:\"#eee8aa\",palegreen:\"#98fb98\",paleturquoise:\"#afeeee\",palevioletred:\"#db7093\",papayawhip:\"#ffefd5\",peachpuff:\"#ffdab9\",peru:\"#cd853f\",pink:\"#ffc0cb\",plum:\"#dda0dd\",powderblue:\"#b0e0e6\",purple:\"#800080\",red:\"#ff0000\",rosybrown:\"#bc8f8f\",royalblue:\"#4169e1\",saddlebrown:\"#8b4513\",salmon:\"#fa8072\",sandybrown:\"#f4a460\",seagreen:\"#2e8b57\",\nseashell:\"#fff5ee\",sienna:\"#a0522d\",silver:\"#c0c0c0\",skyblue:\"#87ceeb\",slateblue:\"#6a5acd\",slategray:\"#708090\",slategrey:\"#708090\",snow:\"#fffafa\",springgreen:\"#00ff7f\",steelblue:\"#4682b4\",tan:\"#d2b48c\",teal:\"#008080\",thistle:\"#d8bfd8\",tomato:\"#ff6347\",turquoise:\"#40e0d0\",violet:\"#ee82ee\",wheat:\"#f5deb3\",white:\"#ffffff\",whitesmoke:\"#f5f5f5\",yellow:\"#ffff00\",yellowgreen:\"#9acd32\"};var mc=\"backgroundColor borderTopColor borderRightColor borderBottomColor borderLeftColor color outlineColor\".split(\" \"),nc=/#([0-9a-fA-F])([0-9a-fA-F])([0-9a-fA-F])/,oc=/^#(?:[0-9a-f]{3}){1,2}$/i,pc=/^(?:rgba)?\\((\\d{1,3}),\\s?(\\d{1,3}),\\s?(\\d{1,3}),\\s?(0|1|0\\.\\d*)\\)$/i,qc=/^(?:rgb)?\\((0|[1-9]\\d{0,2}),\\s?(0|[1-9]\\d{0,2}),\\s?(0|[1-9]\\d{0,2})\\)$/i;function rc(a,b){this.code=a;this.a=V[a]||sc;this.message=b||\"\";a=this.a.replace(/((?:^|\\s+)[a-z])/g,function(c){return c.toUpperCase().replace(/^[\\s\\xa0]+/g,\"\")});b=a.length-5;if(0>b||a.indexOf(\"Error\",b)!=b)a+=\"Error\";this.name=a;a=Error(this.message);a.name=this.name;this.stack=a.stack||\"\"}l(rc,Error);var sc=\"unknown error\",V={15:\"element not selectable\",11:\"element not visible\"};V[31]=sc;V[30]=sc;V[24]=\"invalid cookie domain\";V[29]=\"invalid element coordinates\";V[12]=\"invalid element state\";\nV[32]=\"invalid selector\";V[51]=\"invalid selector\";V[52]=\"invalid selector\";V[17]=\"javascript error\";V[405]=\"unsupported operation\";V[34]=\"move target out of bounds\";V[27]=\"no such alert\";V[7]=\"no such element\";V[8]=\"no such frame\";V[23]=\"no such window\";V[28]=\"script timeout\";V[33]=\"session not created\";V[10]=\"stale element reference\";V[21]=\"timeout\";V[25]=\"unable to set cookie\";V[26]=\"unexpected alert open\";V[13]=sc;V[9]=\"unknown command\";var tc=va(),uc=ya()||u(\"iPod\"),vc=u(\"iPad\"),wc=u(\"Android\")&&!(wa()||va()||u(\"Opera\")||u(\"Silk\")),xc=wa(),yc=u(\"Safari\")&&!(wa()||u(\"Coast\")||u(\"Opera\")||u(\"Edge\")||u(\"Edg/\")||u(\"OPR\")||va()||u(\"Silk\")||u(\"Android\"))&&!(ya()||u(\"iPad\")||u(\"iPod\"));function zc(a){return(a=a.exec(t))?a[1]:\"\"}(function(){if(tc)return zc(/Firefox\\/([0-9.]+)/);if(v||Ca||Ba)return Ga;if(xc)return ya()||u(\"iPad\")||u(\"iPod\")?zc(/CriOS\\/([0-9.]+)/):zc(/Chrome\\/([0-9.]+)/);if(yc&&!(ya()||u(\"iPad\")||u(\"iPod\")))return zc(/Version\\/([0-9.]+)/);if(uc||vc){var a=/Version\\/(\\S+).*Mobile\\/(\\S+)/.exec(t);if(a)return a[1]+\".\"+a[2]}else if(wc)return(a=zc(/Android\\s+([0-9.]+)/))?a:zc(/Version\\/([0-9.]+)/);return\"\"})();var Ac=v&&!(9<=Number(La));function W(a,b){b&&\"string\"!==typeof b&&(b=b.toString());return!!a&&1==a.nodeType&&(!b||a.tagName.toUpperCase()==b)};var Bc=function(){var a={K:\"http://www.w3.org/2000/svg\"};return function(b){return a[b]||null}}();\nfunction Cc(a,b){var c=A(a);if(!c.documentElement)return null;(v||wc)&&kc(c?c.parentWindow||c.defaultView:window);try{var d=c.createNSResolver?c.createNSResolver(c.documentElement):Bc;if(v&&!Ka(7))return c.evaluate.call(c,b,a,d,9,null);if(!v||9<=Number(La)){for(var e={},f=c.getElementsByTagName(\"*\"),g=0;g<f.length;++g){var h=f[g],m=h.namespaceURI;if(m&&!e[m]){var w=h.lookupPrefix(m);if(!w){var r=m.match(\".*/(\\\\w+)/?$\");w=r?r[1]:\"xhtml\"}e[m]=w}}var D={},L;for(L in e)D[e[L]]=L;d=function(M){return D[M]||\nnull}}try{return c.evaluate(b,a,d,9,null)}catch(M){if(\"TypeError\"===M.name)return d=c.createNSResolver?c.createNSResolver(c.documentElement):Bc,c.evaluate(b,a,d,9,null);throw M;}}catch(M){if(!Da||\"NS_ERROR_ILLEGAL_VALUE\"!=M.name)throw new rc(32,\"Unable to locate an element with the xpath expression \"+b+\" because of the following error:\\n\"+M);}}\nfunction Dc(a,b){var c=function(){var d=Cc(b,a);return d?d.singleNodeValue||null:b.selectSingleNode?(d=A(b),d.setProperty&&d.setProperty(\"SelectionLanguage\",\"XPath\"),b.selectSingleNode(a)):null}();if(null!==c&&(!c||1!=c.nodeType))throw new rc(32,'The result of the xpath expression \"'+a+'\" is: '+c+\". It should be an element.\");return c};function Ec(a,b,c,d){this.c=a;this.a=b;this.b=c;this.f=d}Ec.prototype.ceil=function(){this.c=Math.ceil(this.c);this.a=Math.ceil(this.a);this.b=Math.ceil(this.b);this.f=Math.ceil(this.f);return this};Ec.prototype.floor=function(){this.c=Math.floor(this.c);this.a=Math.floor(this.a);this.b=Math.floor(this.b);this.f=Math.floor(this.f);return this};Ec.prototype.round=function(){this.c=Math.round(this.c);this.a=Math.round(this.a);this.b=Math.round(this.b);this.f=Math.round(this.f);return this};function X(a,b,c,d){this.a=a;this.b=b;this.width=c;this.height=d}X.prototype.ceil=function(){this.a=Math.ceil(this.a);this.b=Math.ceil(this.b);this.width=Math.ceil(this.width);this.height=Math.ceil(this.height);return this};X.prototype.floor=function(){this.a=Math.floor(this.a);this.b=Math.floor(this.b);this.width=Math.floor(this.width);this.height=Math.floor(this.height);return this};\nX.prototype.round=function(){this.a=Math.round(this.a);this.b=Math.round(this.b);this.width=Math.round(this.width);this.height=Math.round(this.height);return this};var Fc=\"function\"===typeof ShadowRoot;function Gc(a){for(a=a.parentNode;a&&1!=a.nodeType&&9!=a.nodeType&&11!=a.nodeType;)a=a.parentNode;return W(a)?a:null}\nfunction Y(a,b){b=xa(b);if(\"float\"==b||\"cssFloat\"==b||\"styleFloat\"==b)b=Ac?\"styleFloat\":\"cssFloat\";a:{var c=b;var d=A(a);if(d.defaultView&&d.defaultView.getComputedStyle&&(d=d.defaultView.getComputedStyle(a,null))){c=d[c]||d.getPropertyValue(c)||\"\";break a}c=\"\"}a=c||Hc(a,b);if(null===a)a=null;else if(0<=ja(mc,b)){b:{var e=a.match(pc);if(e&&(b=Number(e[1]),c=Number(e[2]),d=Number(e[3]),e=Number(e[4]),0<=b&&255>=b&&0<=c&&255>=c&&0<=d&&255>=d&&0<=e&&1>=e)){b=[b,c,d,e];break b}b=null}if(!b)b:{if(d=a.match(qc))if(b=\nNumber(d[1]),c=Number(d[2]),d=Number(d[3]),0<=b&&255>=b&&0<=c&&255>=c&&0<=d&&255>=d){b=[b,c,d,1];break b}b=null}if(!b)b:{b=a.toLowerCase();c=lc[b.toLowerCase()];if(!c&&(c=\"#\"==b.charAt(0)?b:\"#\"+b,4==c.length&&(c=c.replace(nc,\"#$1$1$2$2$3$3\")),!oc.test(c))){b=null;break b}b=[parseInt(c.substr(1,2),16),parseInt(c.substr(3,2),16),parseInt(c.substr(5,2),16),1]}a=b?\"rgba(\"+b.join(\", \")+\")\":a}return a}\nfunction Hc(a,b){var c=a.currentStyle||a.style,d=c[b];void 0===d&&\"function\"==ca(c.getPropertyValue)&&(d=c.getPropertyValue(b));return\"inherit\"!=d?void 0!==d?d:null:(a=Gc(a))?Hc(a,b):null}\nfunction Ic(a,b,c){function d(g){var h=Jc(g);return 0<h.height&&0<h.width?!0:W(g,\"PATH\")&&(0<h.height||0<h.width)?(g=Y(g,\"stroke-width\"),!!g&&0<parseInt(g,10)):\"hidden\"!=Y(g,\"overflow\")&&ma(g.childNodes,function(m){return 3==m.nodeType||W(m)&&d(m)})}function e(g){return Kc(g)==Z&&na(g.childNodes,function(h){return!W(h)||e(h)||!d(h)})}if(!W(a))throw Error(\"Argument to isShown must be of type Element\");if(W(a,\"BODY\"))return!0;if(W(a,\"OPTION\")||W(a,\"OPTGROUP\"))return a=$a(a,function(g){return W(g,\"SELECT\")}),\n!!a&&Ic(a,!0,c);var f=Lc(a);if(f)return!!f.image&&0<f.rect.width&&0<f.rect.height&&Ic(f.image,b,c);if(W(a,\"INPUT\")&&\"hidden\"==a.type.toLowerCase()||W(a,\"NOSCRIPT\"))return!1;f=Y(a,\"visibility\");return\"collapse\"!=f&&\"hidden\"!=f&&c(a)&&(b||0!=Mc(a))&&d(a)?!e(a):!1}var Z=\"hidden\";\nfunction Kc(a){function b(p){function q(fb){if(fb==g)return!0;var Wb=Y(fb,\"display\");return 0==Wb.lastIndexOf(\"inline\",0)||\"contents\"==Wb||\"absolute\"==Xb&&\"static\"==Y(fb,\"position\")?!1:!0}var Xb=Y(p,\"position\");if(\"fixed\"==Xb)return w=!0,p==g?null:g;for(p=Gc(p);p&&!q(p);)p=Gc(p);return p}function c(p){var q=p;if(\"visible\"==m)if(p==g&&h)q=h;else if(p==h)return{x:\"visible\",y:\"visible\"};q={x:Y(q,\"overflow-x\"),y:Y(q,\"overflow-y\")};p==g&&(q.x=\"visible\"==q.x?\"auto\":q.x,q.y=\"visible\"==q.y?\"auto\":q.y);return q}\nfunction d(p){if(p==g){var q=(new ab(f)).a;p=q.scrollingElement?q.scrollingElement:Ea||\"CSS1Compat\"!=q.compatMode?q.body||q.documentElement:q.documentElement;q=q.parentWindow||q.defaultView;p=v&&Ka(\"10\")&&q.pageYOffset!=p.scrollTop?new Ua(p.scrollLeft,p.scrollTop):new Ua(q.pageXOffset||p.scrollLeft,q.pageYOffset||p.scrollTop)}else p=new Ua(p.scrollLeft,p.scrollTop);return p}var e=Nc(a),f=A(a),g=f.documentElement,h=f.body,m=Y(g,\"overflow\"),w;for(a=b(a);a;a=b(a)){var r=c(a);if(\"visible\"!=r.x||\"visible\"!=\nr.y){var D=Jc(a);if(0==D.width||0==D.height)return Z;var L=e.a<D.a,M=e.b<D.b;if(L&&\"hidden\"==r.x||M&&\"hidden\"==r.y)return Z;if(L&&\"visible\"!=r.x||M&&\"visible\"!=r.y){L=d(a);M=e.b<D.b-L.y;if(e.a<D.a-L.x&&\"visible\"!=r.x||M&&\"visible\"!=r.x)return Z;e=Kc(a);return e==Z?Z:\"scroll\"}L=e.f>=D.a+D.width;D=e.c>=D.b+D.height;if(L&&\"hidden\"==r.x||D&&\"hidden\"==r.y)return Z;if(L&&\"visible\"!=r.x||D&&\"visible\"!=r.y){if(w&&(r=d(a),e.f>=g.scrollWidth-r.x||e.a>=g.scrollHeight-r.y))return Z;e=Kc(a);return e==Z?Z:\"scroll\"}}}return\"none\"}\nfunction Jc(a){var b=Lc(a);if(b)return b.rect;if(W(a,\"HTML\"))return a=A(a),a=((a?a.parentWindow||a.defaultView:window)||window).document,a=\"CSS1Compat\"==a.compatMode?a.documentElement:a.body,a=new Va(a.clientWidth,a.clientHeight),new X(0,0,a.width,a.height);try{var c=a.getBoundingClientRect()}catch(d){return new X(0,0,0,0)}b=new X(c.left,c.top,c.right-c.left,c.bottom-c.top);v&&a.ownerDocument.body&&(a=A(a),b.a-=a.documentElement.clientLeft+a.body.clientLeft,b.b-=a.documentElement.clientTop+a.body.clientTop);\nreturn b}function Lc(a){var b=W(a,\"MAP\");if(!b&&!W(a,\"AREA\"))return null;var c=b?a:W(a.parentNode,\"MAP\")?a.parentNode:null,d=null,e=null;c&&c.name&&(d=Dc('/descendant::*[@usemap = \"#'+c.name+'\"]',A(c)))&&(e=Jc(d),b||\"default\"==a.shape.toLowerCase()||(a=Oc(a),b=Math.min(Math.max(a.a,0),e.width),c=Math.min(Math.max(a.b,0),e.height),e=new X(b+e.a,c+e.b,Math.min(a.width,e.width-b),Math.min(a.height,e.height-c))));return{image:d,rect:e||new X(0,0,0,0)}}\nfunction Oc(a){var b=a.shape.toLowerCase();a=a.coords.split(\",\");if(\"rect\"==b&&4==a.length){b=a[0];var c=a[1];return new X(b,c,a[2]-b,a[3]-c)}if(\"circle\"==b&&3==a.length)return b=a[2],new X(a[0]-b,a[1]-b,2*b,2*b);if(\"poly\"==b&&2<a.length){b=a[0];c=a[1];for(var d=b,e=c,f=2;f+1<a.length;f+=2)b=Math.min(b,a[f]),d=Math.max(d,a[f]),c=Math.min(c,a[f+1]),e=Math.max(e,a[f+1]);return new X(b,c,d-b,e-c)}return new X(0,0,0,0)}function Nc(a){a=Jc(a);return new Ec(a.b,a.a+a.width,a.b+a.height,a.a)}\nfunction Mc(a){if(Ac){if(\"relative\"==Y(a,\"position\"))return 1;a=Y(a,\"filter\");return(a=a.match(/^alpha\\(opacity=(\\d*)\\)/)||a.match(/^progid:DXImageTransform.Microsoft.Alpha\\(Opacity=(\\d*)\\)/))?Number(a[1])/100:1}return Pc(a)}function Pc(a){var b=1,c=Y(a,\"opacity\");c&&(b=Number(c));(a=Gc(a))&&(b*=Pc(a));return b};ba(\"_\",function(a,b){function c(d){if(W(d)&&\"none\"==Y(d,\"display\"))return!1;var e;if((e=d.parentNode)&&e.shadowRoot&&void 0!==d.assignedSlot)e=d.assignedSlot?d.assignedSlot.parentNode:null;else if(d.getDestinationInsertionPoints){var f=d.getDestinationInsertionPoints();0<f.length&&(e=f[f.length-1])}if(Fc&&e instanceof ShadowRoot){if(e.host.shadowRoot!==e)return!1;e=e.host}return!e||9!=e.nodeType&&11!=e.nodeType?e&&W(e,\"DETAILS\")&&!e.open&&!W(d,\"SUMMARY\")?!1:!!e&&c(e):!0}return Ic(a,!!b,c)});; return this._.apply(null,arguments);}).apply({navigator:typeof window!='undefined'?window.navigator:null,document:typeof window!='undefined'?window.document:null}, arguments);}\n).apply(null, arguments);", "args": [{"element-6066-11e4-a52e-4f735466cecf": "f.79622DA940D870A453092AF735DA60D6.d.E768620207747D2B494CBE9E68314D09.e.53"}]}
DEBUG    urllib3.connectionpool:connectionpool.py:544 http://selenium-hub:4444 "POST /wd/hub/session/5aadbad870835be2b7ca50b04b408df3/execute/sync HTTP/1.1" 200 0
DEBUG    selenium.webdriver.remote.remote_connection:remote_connection.py:329 Remote response: status=200 | data={"value":true} | headers=HTTPHeaderDict({'content-length': '14', 'content-type': 'application/json; charset=utf-8', 'cache-control': 'no-cache'})
DEBUG    selenium.webdriver.remote.remote_connection:remote_connection.py:356 Finished Request
DEBUG    selenium.webdriver.remote.remote_connection:remote_connection.py:313 POST http://selenium-hub:4444/wd/hub/session/5aadbad870835be2b7ca50b04b408df3/element/f.79622DA940D870A453092AF735DA60D6.d.E768620207747D2B494CBE9E68314D09.e.53/clear {}
DEBUG    urllib3.connectionpool:connectionpool.py:544 http://selenium-hub:4444 "POST /wd/hub/session/5aadbad870835be2b7ca50b04b408df3/element/f.79622DA940D870A453092AF735DA60D6.d.E768620207747D2B494CBE9E68314D09.e.53/clear HTTP/1.1" 200 0
DEBUG    selenium.webdriver.remote.remote_connection:remote_connection.py:329 Remote response: status=200 | data={"value":null} | headers=HTTPHeaderDict({'content-length': '14', 'content-type': 'application/json; charset=utf-8', 'cache-control': 'no-cache'})
DEBUG    selenium.webdriver.remote.remote_connection:remote_connection.py:356 Finished Request
DEBUG    selenium.webdriver.remote.remote_connection:remote_connection.py:313 POST http://selenium-hub:4444/wd/hub/session/5aadbad870835be2b7ca50b04b408df3/element/f.79622DA940D870A453092AF735DA60D6.d.E768620207747D2B494CBE9E68314D09.e.53/value {"text": "awantikakagdelwar@gmail.com", "value": ["a", "w", "a", "n", "t", "i", "k", "a", "k", "a", "g", "d", "e", "l", "w", "a", "r", "@", "g", "m", "a", "i", "l", ".", "c", "o", "m"]}
DEBUG    urllib3.connectionpool:connectionpool.py:544 http://selenium-hub:4444 "POST /wd/hub/session/5aadbad870835be2b7ca50b04b408df3/element/f.79622DA940D870A453092AF735DA60D6.d.E768620207747D2B494CBE9E68314D09.e.53/value HTTP/1.1" 200 0
DEBUG    selenium.webdriver.remote.remote_connection:remote_connection.py:329 Remote response: status=200 | data={"value":null} | headers=HTTPHeaderDict({'content-length': '14', 'content-type': 'application/json; charset=utf-8', 'cache-control': 'no-cache'})
DEBUG    selenium.webdriver.remote.remote_connection:remote_connection.py:356 Finished Request
DEBUG    selenium.webdriver.remote.remote_connection:remote_connection.py:313 POST http://selenium-hub:4444/wd/hub/session/5aadbad870835be2b7ca50b04b408df3/element {"using": "css selector", "value": "[data-testid='login-password']"}
DEBUG    urllib3.connectionpool:connectionpool.py:544 http://selenium-hub:4444 "POST /wd/hub/session/5aadbad870835be2b7ca50b04b408df3/element HTTP/1.1" 200 0
DEBUG    selenium.webdriver.remote.remote_connection:remote_connection.py:329 Remote response: status=200 | data={"value":{"element-6066-11e4-a52e-4f735466cecf":"f.79622DA940D870A453092AF735DA60D6.d.E768620207747D2B494CBE9E68314D09.e.54"}} | headers=HTTPHeaderDict({'content-length': '126', 'content-type': 'application/json; charset=utf-8', 'cache-control': 'no-cache'})
DEBUG    selenium.webdriver.remote.remote_connection:remote_connection.py:356 Finished Request
DEBUG    selenium.webdriver.remote.remote_connection:remote_connection.py:313 POST http://selenium-hub:4444/wd/hub/session/5aadbad870835be2b7ca50b04b408df3/execute/sync {"script": "/* isDisplayed */return (function(){return (function(){var k=this||self;function aa(a){return\"string\"==typeof a}function ba(a,b){a=a.split(\".\");var c=k;a[0]in c||\"undefined\"==typeof c.execScript||c.execScript(\"var \"+a[0]);for(var d;a.length&&(d=a.shift());)a.length||void 0===b?c[d]&&c[d]!==Object.prototype[d]?c=c[d]:c=c[d]={}:c[d]=b}\nfunction ca(a){var b=typeof a;if(\"object\"==b)if(a){if(a instanceof Array)return\"array\";if(a instanceof Object)return b;var c=Object.prototype.toString.call(a);if(\"[object Window]\"==c)return\"object\";if(\"[object Array]\"==c||\"number\"==typeof a.length&&\"undefined\"!=typeof a.splice&&\"undefined\"!=typeof a.propertyIsEnumerable&&!a.propertyIsEnumerable(\"splice\"))return\"array\";if(\"[object Function]\"==c||\"undefined\"!=typeof a.call&&\"undefined\"!=typeof a.propertyIsEnumerable&&!a.propertyIsEnumerable(\"call\"))return\"function\"}else return\"null\";\nelse if(\"function\"==b&&\"undefined\"==typeof a.call)return\"object\";return b}function da(a,b,c){return a.call.apply(a.bind,arguments)}function ea(a,b,c){if(!a)throw Error();if(2<arguments.length){var d=Array.prototype.slice.call(arguments,2);return function(){var e=Array.prototype.slice.call(arguments);Array.prototype.unshift.apply(e,d);return a.apply(b,e)}}return function(){return a.apply(b,arguments)}}\nfunction fa(a,b,c){Function.prototype.bind&&-1!=Function.prototype.bind.toString().indexOf(\"native code\")?fa=da:fa=ea;return fa.apply(null,arguments)}function ha(a,b){var c=Array.prototype.slice.call(arguments,1);return function(){var d=c.slice();d.push.apply(d,arguments);return a.apply(this,d)}}function l(a,b){function c(){}c.prototype=b.prototype;a.prototype=new c;a.prototype.constructor=a};/*\n\n The MIT License\n\n Copyright (c) 2007 Cybozu Labs, Inc.\n Copyright (c) 2012 Google Inc.\n\n Permission is hereby granted, free of charge, to any person obtaining a copy\n of this software and associated documentation files (the \"Software\"), to\n deal in the Software without restriction, including without limitation the\n rights to use, copy, modify, merge, publish, distribute, sublicense, and/or\n sell copies of the Software, and to permit persons to whom the Software is\n furnished to do so, subject to the following conditions:\n\n The above copyright notice and this permission notice shall be included in\n all copies or substantial portions of the Software.\n\n THE SOFTWARE IS PROVIDED \"AS IS\", WITHOUT WARRANTY OF ANY KIND, EXPRESS OR\n IMPLIED, INCLUDING BUT NOT LIMITED TO THE WARRANTIES OF MERCHANTABILITY,\n FITNESS FOR A PARTICULAR PURPOSE AND NONINFRINGEMENT. IN NO EVENT SHALL THE\n AUTHORS OR COPYRIGHT HOLDERS BE LIABLE FOR ANY CLAIM, DAMAGES OR OTHER\n LIABILITY, WHETHER IN AN ACTION OF CONTRACT, TORT OR OTHERWISE, ARISING\n FROM, OUT OF OR IN CONNECTION WITH THE SOFTWARE OR THE USE OR OTHER DEALINGS\n IN THE SOFTWARE.\n*/\nfunction ia(a,b,c){this.a=a;this.b=b||1;this.f=c||1};var ja=Array.prototype.indexOf?function(a,b){return Array.prototype.indexOf.call(a,b,void 0)}:function(a,b){if(\"string\"===typeof a)return\"string\"!==typeof b||1!=b.length?-1:a.indexOf(b,0);for(var c=0;c<a.length;c++)if(c in a&&a[c]===b)return c;return-1},n=Array.prototype.forEach?function(a,b){Array.prototype.forEach.call(a,b,void 0)}:function(a,b){for(var c=a.length,d=\"string\"===typeof a?a.split(\"\"):a,e=0;e<c;e++)e in d&&b.call(void 0,d[e],e,a)},ka=Array.prototype.filter?function(a,b){return Array.prototype.filter.call(a,\nb,void 0)}:function(a,b){for(var c=a.length,d=[],e=0,f=\"string\"===typeof a?a.split(\"\"):a,g=0;g<c;g++)if(g in f){var h=f[g];b.call(void 0,h,g,a)&&(d[e++]=h)}return d},la=Array.prototype.reduce?function(a,b,c){return Array.prototype.reduce.call(a,b,c)}:function(a,b,c){var d=c;n(a,function(e,f){d=b.call(void 0,d,e,f,a)});return d},ma=Array.prototype.some?function(a,b){return Array.prototype.some.call(a,b,void 0)}:function(a,b){for(var c=a.length,d=\"string\"===typeof a?a.split(\"\"):a,e=0;e<c;e++)if(e in\nd&&b.call(void 0,d[e],e,a))return!0;return!1},na=Array.prototype.every?function(a,b){return Array.prototype.every.call(a,b,void 0)}:function(a,b){for(var c=a.length,d=\"string\"===typeof a?a.split(\"\"):a,e=0;e<c;e++)if(e in d&&!b.call(void 0,d[e],e,a))return!1;return!0};function oa(a,b){a:{for(var c=a.length,d=\"string\"===typeof a?a.split(\"\"):a,e=0;e<c;e++)if(e in d&&b.call(void 0,d[e],e,a)){b=e;break a}b=-1}return 0>b?null:\"string\"===typeof a?a.charAt(b):a[b]}\nfunction pa(a){return Array.prototype.concat.apply([],arguments)}function qa(a,b,c){return 2>=arguments.length?Array.prototype.slice.call(a,b):Array.prototype.slice.call(a,b,c)};var ra=String.prototype.trim?function(a){return a.trim()}:function(a){return/^[\\s\\xa0]*([\\s\\S]*?)[\\s\\xa0]*$/.exec(a)[1]};function sa(a,b){return a<b?-1:a>b?1:0};var t;a:{var ta=k.navigator;if(ta){var ua=ta.userAgent;if(ua){t=ua;break a}}t=\"\"}function u(a){return-1!=t.indexOf(a)};function va(){return u(\"Firefox\")||u(\"FxiOS\")}function wa(){return(u(\"Chrome\")||u(\"CriOS\"))&&!u(\"Edge\")};function xa(a){return String(a).replace(/\\-([a-z])/g,function(b,c){return c.toUpperCase()})};function ya(){return u(\"iPhone\")&&!u(\"iPod\")&&!u(\"iPad\")};function za(a,b){var c=Aa;return Object.prototype.hasOwnProperty.call(c,a)?c[a]:c[a]=b(a)};var Ba=u(\"Opera\"),v=u(\"Trident\")||u(\"MSIE\"),Ca=u(\"Edge\"),Da=u(\"Gecko\")&&!(-1!=t.toLowerCase().indexOf(\"webkit\")&&!u(\"Edge\"))&&!(u(\"Trident\")||u(\"MSIE\"))&&!u(\"Edge\"),Ea=-1!=t.toLowerCase().indexOf(\"webkit\")&&!u(\"Edge\");function Fa(){var a=k.document;return a?a.documentMode:void 0}var Ga;\na:{var Ha=\"\",Ia=function(){var a=t;if(Da)return/rv:([^\\);]+)(\\)|;)/.exec(a);if(Ca)return/Edge\\/([\\d\\.]+)/.exec(a);if(v)return/\\b(?:MSIE|rv)[: ]([^\\);]+)(\\)|;)/.exec(a);if(Ea)return/WebKit\\/(\\S+)/.exec(a);if(Ba)return/(?:Version)[ \\/]?(\\S+)/.exec(a)}();Ia&&(Ha=Ia?Ia[1]:\"\");if(v){var Ja=Fa();if(null!=Ja&&Ja>parseFloat(Ha)){Ga=String(Ja);break a}}Ga=Ha}var Aa={};\nfunction Ka(a){return za(a,function(){for(var b=0,c=ra(String(Ga)).split(\".\"),d=ra(String(a)).split(\".\"),e=Math.max(c.length,d.length),f=0;0==b&&f<e;f++){var g=c[f]||\"\",h=d[f]||\"\";do{g=/(\\d*)(\\D*)(.*)/.exec(g)||[\"\",\"\",\"\",\"\"];h=/(\\d*)(\\D*)(.*)/.exec(h)||[\"\",\"\",\"\",\"\"];if(0==g[0].length&&0==h[0].length)break;b=sa(0==g[1].length?0:parseInt(g[1],10),0==h[1].length?0:parseInt(h[1],10))||sa(0==g[2].length,0==h[2].length)||sa(g[2],h[2]);g=g[3];h=h[3]}while(0==b)}return 0<=b})}var La;\nLa=k.document&&v?Fa():void 0;var x=v&&!(9<=Number(La)),Ma=v&&!(8<=Number(La));function Na(a,b,c,d){this.a=a;this.nodeName=c;this.nodeValue=d;this.nodeType=2;this.parentNode=this.ownerElement=b}function Oa(a,b){var c=Ma&&\"href\"==b.nodeName?a.getAttribute(b.nodeName,2):b.nodeValue;return new Na(b,a,b.nodeName,c)};function Pa(a){this.b=a;this.a=0}function Qa(a){a=a.match(Ra);for(var b=0;b<a.length;b++)Sa.test(a[b])&&a.splice(b,1);return new Pa(a)}var Ra=/\\$?(?:(?![0-9-\\.])(?:\\*|[\\w-\\.]+):)?(?![0-9-\\.])(?:\\*|[\\w-\\.]+)|\\/\\/|\\.\\.|::|\\d+(?:\\.\\d*)?|\\.\\d+|\"[^\"]*\"|'[^']*'|[!<>]=|\\s+|./g,Sa=/^\\s/;function y(a,b){return a.b[a.a+(b||0)]}function z(a){return a.b[a.a++]}function Ta(a){return a.b.length<=a.a};function Ua(a,b){this.x=void 0!==a?a:0;this.y=void 0!==b?b:0}Ua.prototype.ceil=function(){this.x=Math.ceil(this.x);this.y=Math.ceil(this.y);return this};Ua.prototype.floor=function(){this.x=Math.floor(this.x);this.y=Math.floor(this.y);return this};Ua.prototype.round=function(){this.x=Math.round(this.x);this.y=Math.round(this.y);return this};function Va(a,b){this.width=a;this.height=b}Va.prototype.aspectRatio=function(){return this.width/this.height};Va.prototype.ceil=function(){this.width=Math.ceil(this.width);this.height=Math.ceil(this.height);return this};Va.prototype.floor=function(){this.width=Math.floor(this.width);this.height=Math.floor(this.height);return this};Va.prototype.round=function(){this.width=Math.round(this.width);this.height=Math.round(this.height);return this};function Wa(a,b){if(!a||!b)return!1;if(a.contains&&1==b.nodeType)return a==b||a.contains(b);if(\"undefined\"!=typeof a.compareDocumentPosition)return a==b||!!(a.compareDocumentPosition(b)&16);for(;b&&a!=b;)b=b.parentNode;return b==a}\nfunction Xa(a,b){if(a==b)return 0;if(a.compareDocumentPosition)return a.compareDocumentPosition(b)&2?1:-1;if(v&&!(9<=Number(La))){if(9==a.nodeType)return-1;if(9==b.nodeType)return 1}if(\"sourceIndex\"in a||a.parentNode&&\"sourceIndex\"in a.parentNode){var c=1==a.nodeType,d=1==b.nodeType;if(c&&d)return a.sourceIndex-b.sourceIndex;var e=a.parentNode,f=b.parentNode;return e==f?Ya(a,b):!c&&Wa(e,b)?-1*Za(a,b):!d&&Wa(f,a)?Za(b,a):(c?a.sourceIndex:e.sourceIndex)-(d?b.sourceIndex:f.sourceIndex)}d=A(a);c=d.createRange();\nc.selectNode(a);c.collapse(!0);a=d.createRange();a.selectNode(b);a.collapse(!0);return c.compareBoundaryPoints(k.Range.START_TO_END,a)}function Za(a,b){var c=a.parentNode;if(c==b)return-1;for(;b.parentNode!=c;)b=b.parentNode;return Ya(b,a)}function Ya(a,b){for(;b=b.previousSibling;)if(b==a)return-1;return 1}function A(a){return 9==a.nodeType?a:a.ownerDocument||a.document}function $a(a,b){a&&(a=a.parentNode);for(var c=0;a;){if(b(a))return a;a=a.parentNode;c++}return null}\nfunction ab(a){this.a=a||k.document||document}ab.prototype.getElementsByTagName=function(a,b){return(b||this.a).getElementsByTagName(String(a))};function B(a){var b=null,c=a.nodeType;1==c&&(b=a.textContent,b=void 0==b||null==b?a.innerText:b,b=void 0==b||null==b?\"\":b);if(\"string\"!=typeof b)if(x&&\"title\"==a.nodeName.toLowerCase()&&1==c)b=a.text;else if(9==c||1==c){a=9==c?a.documentElement:a.firstChild;c=0;var d=[];for(b=\"\";a;){do 1!=a.nodeType&&(b+=a.nodeValue),x&&\"title\"==a.nodeName.toLowerCase()&&(b+=a.text),d[c++]=a;while(a=a.firstChild);for(;c&&!(a=d[--c].nextSibling););}}else b=a.nodeValue;return b}\nfunction C(a,b,c){if(null===b)return!0;try{if(!a.getAttribute)return!1}catch(d){return!1}Ma&&\"class\"==b&&(b=\"className\");return null==c?!!a.getAttribute(b):a.getAttribute(b,2)==c}function bb(a,b,c,d,e){return(x?cb:db).call(null,a,b,aa(c)?c:null,aa(d)?d:null,e||new E)}\nfunction cb(a,b,c,d,e){if(a instanceof F||8==a.b||c&&null===a.b){var f=b.all;if(!f)return e;a=eb(a);if(\"*\"!=a&&(f=b.getElementsByTagName(a),!f))return e;if(c){for(var g=[],h=0;b=f[h++];)C(b,c,d)&&g.push(b);f=g}for(h=0;b=f[h++];)\"*\"==a&&\"!\"==b.tagName||e.add(b);return e}gb(a,b,c,d,e);return e}\nfunction db(a,b,c,d,e){b.getElementsByName&&d&&\"name\"==c&&!v?(b=b.getElementsByName(d),n(b,function(f){a.a(f)&&e.add(f)})):b.getElementsByClassName&&d&&\"class\"==c?(b=b.getElementsByClassName(d),n(b,function(f){f.className==d&&a.a(f)&&e.add(f)})):a instanceof G?gb(a,b,c,d,e):b.getElementsByTagName&&(b=b.getElementsByTagName(a.f()),n(b,function(f){C(f,c,d)&&e.add(f)}));return e}\nfunction hb(a,b,c,d,e){var f;if((a instanceof F||8==a.b||c&&null===a.b)&&(f=b.childNodes)){var g=eb(a);if(\"*\"!=g&&(f=ka(f,function(h){return h.tagName&&h.tagName.toLowerCase()==g}),!f))return e;c&&(f=ka(f,function(h){return C(h,c,d)}));n(f,function(h){\"*\"==g&&(\"!\"==h.tagName||\"*\"==g&&1!=h.nodeType)||e.add(h)});return e}return ib(a,b,c,d,e)}function ib(a,b,c,d,e){for(b=b.firstChild;b;b=b.nextSibling)C(b,c,d)&&a.a(b)&&e.add(b);return e}\nfunction gb(a,b,c,d,e){for(b=b.firstChild;b;b=b.nextSibling)C(b,c,d)&&a.a(b)&&e.add(b),gb(a,b,c,d,e)}function eb(a){if(a instanceof G){if(8==a.b)return\"!\";if(null===a.b)return\"*\"}return a.f()};function E(){this.b=this.a=null;this.l=0}function jb(a){this.f=a;this.a=this.b=null}function kb(a,b){if(!a.a)return b;if(!b.a)return a;var c=a.a;b=b.a;for(var d=null,e,f=0;c&&b;){e=c.f;var g=b.f;e==g||e instanceof Na&&g instanceof Na&&e.a==g.a?(e=c,c=c.a,b=b.a):0<Xa(c.f,b.f)?(e=b,b=b.a):(e=c,c=c.a);(e.b=d)?d.a=e:a.a=e;d=e;f++}for(e=c||b;e;)e.b=d,d=d.a=e,f++,e=e.a;a.b=d;a.l=f;return a}function lb(a,b){b=new jb(b);b.a=a.a;a.b?a.a.b=b:a.a=a.b=b;a.a=b;a.l++}\nE.prototype.add=function(a){a=new jb(a);a.b=this.b;this.a?this.b.a=a:this.a=this.b=a;this.b=a;this.l++};function mb(a){return(a=a.a)?a.f:null}function nb(a){return(a=mb(a))?B(a):\"\"}function H(a,b){return new ob(a,!!b)}function ob(a,b){this.f=a;this.b=(this.s=b)?a.b:a.a;this.a=null}function I(a){var b=a.b;if(null==b)return null;var c=a.a=b;a.b=a.s?b.b:b.a;return c.f};function J(a){this.i=a;this.b=this.g=!1;this.f=null}function K(a){return\"\\n  \"+a.toString().split(\"\\n\").join(\"\\n  \")}function pb(a,b){a.g=b}function qb(a,b){a.b=b}function N(a,b){a=a.a(b);return a instanceof E?+nb(a):+a}function O(a,b){a=a.a(b);return a instanceof E?nb(a):\"\"+a}function rb(a,b){a=a.a(b);return a instanceof E?!!a.l:!!a};function sb(a,b,c){J.call(this,a.i);this.c=a;this.h=b;this.o=c;this.g=b.g||c.g;this.b=b.b||c.b;this.c==tb&&(c.b||c.g||4==c.i||0==c.i||!b.f?b.b||b.g||4==b.i||0==b.i||!c.f||(this.f={name:c.f.name,u:b}):this.f={name:b.f.name,u:c})}l(sb,J);\nfunction ub(a,b,c,d,e){b=b.a(d);c=c.a(d);var f;if(b instanceof E&&c instanceof E){b=H(b);for(d=I(b);d;d=I(b))for(e=H(c),f=I(e);f;f=I(e))if(a(B(d),B(f)))return!0;return!1}if(b instanceof E||c instanceof E){b instanceof E?(e=b,d=c):(e=c,d=b);f=H(e);for(var g=typeof d,h=I(f);h;h=I(f)){switch(g){case \"number\":h=+B(h);break;case \"boolean\":h=!!B(h);break;case \"string\":h=B(h);break;default:throw Error(\"Illegal primitive type for comparison.\");}if(e==b&&a(h,d)||e==c&&a(d,h))return!0}return!1}return e?\"boolean\"==\ntypeof b||\"boolean\"==typeof c?a(!!b,!!c):\"number\"==typeof b||\"number\"==typeof c?a(+b,+c):a(b,c):a(+b,+c)}sb.prototype.a=function(a){return this.c.m(this.h,this.o,a)};sb.prototype.toString=function(){var a=\"Binary Expression: \"+this.c;a+=K(this.h);return a+=K(this.o)};function vb(a,b,c,d){this.I=a;this.D=b;this.i=c;this.m=d}vb.prototype.toString=function(){return this.I};var wb={};\nfunction P(a,b,c,d){if(wb.hasOwnProperty(a))throw Error(\"Binary operator already created: \"+a);a=new vb(a,b,c,d);return wb[a.toString()]=a}P(\"div\",6,1,function(a,b,c){return N(a,c)/N(b,c)});P(\"mod\",6,1,function(a,b,c){return N(a,c)%N(b,c)});P(\"*\",6,1,function(a,b,c){return N(a,c)*N(b,c)});P(\"+\",5,1,function(a,b,c){return N(a,c)+N(b,c)});P(\"-\",5,1,function(a,b,c){return N(a,c)-N(b,c)});P(\"<\",4,2,function(a,b,c){return ub(function(d,e){return d<e},a,b,c)});\nP(\">\",4,2,function(a,b,c){return ub(function(d,e){return d>e},a,b,c)});P(\"<=\",4,2,function(a,b,c){return ub(function(d,e){return d<=e},a,b,c)});P(\">=\",4,2,function(a,b,c){return ub(function(d,e){return d>=e},a,b,c)});var tb=P(\"=\",3,2,function(a,b,c){return ub(function(d,e){return d==e},a,b,c,!0)});P(\"!=\",3,2,function(a,b,c){return ub(function(d,e){return d!=e},a,b,c,!0)});P(\"and\",2,2,function(a,b,c){return rb(a,c)&&rb(b,c)});P(\"or\",1,2,function(a,b,c){return rb(a,c)||rb(b,c)});function xb(a,b){if(b.a.length&&4!=a.i)throw Error(\"Primary expression must evaluate to nodeset if filter has predicate(s).\");J.call(this,a.i);this.c=a;this.h=b;this.g=a.g;this.b=a.b}l(xb,J);xb.prototype.a=function(a){a=this.c.a(a);return yb(this.h,a)};xb.prototype.toString=function(){var a=\"Filter:\"+K(this.c);return a+=K(this.h)};function zb(a,b){if(b.length<a.C)throw Error(\"Function \"+a.j+\" expects at least\"+a.C+\" arguments, \"+b.length+\" given\");if(null!==a.B&&b.length>a.B)throw Error(\"Function \"+a.j+\" expects at most \"+a.B+\" arguments, \"+b.length+\" given\");a.H&&n(b,function(c,d){if(4!=c.i)throw Error(\"Argument \"+d+\" to function \"+a.j+\" is not of type Nodeset: \"+c);});J.call(this,a.i);this.v=a;this.c=b;pb(this,a.g||ma(b,function(c){return c.g}));qb(this,a.G&&!b.length||a.F&&!!b.length||ma(b,function(c){return c.b}))}\nl(zb,J);zb.prototype.a=function(a){return this.v.m.apply(null,pa(a,this.c))};zb.prototype.toString=function(){var a=\"Function: \"+this.v;if(this.c.length){var b=la(this.c,function(c,d){return c+K(d)},\"Arguments:\");a+=K(b)}return a};function Ab(a,b,c,d,e,f,g,h){this.j=a;this.i=b;this.g=c;this.G=d;this.F=!1;this.m=e;this.C=f;this.B=void 0!==g?g:f;this.H=!!h}Ab.prototype.toString=function(){return this.j};var Bb={};\nfunction Q(a,b,c,d,e,f,g,h){if(Bb.hasOwnProperty(a))throw Error(\"Function already created: \"+a+\".\");Bb[a]=new Ab(a,b,c,d,e,f,g,h)}Q(\"boolean\",2,!1,!1,function(a,b){return rb(b,a)},1);Q(\"ceiling\",1,!1,!1,function(a,b){return Math.ceil(N(b,a))},1);Q(\"concat\",3,!1,!1,function(a,b){return la(qa(arguments,1),function(c,d){return c+O(d,a)},\"\")},2,null);Q(\"contains\",2,!1,!1,function(a,b,c){b=O(b,a);a=O(c,a);return-1!=b.indexOf(a)},2);Q(\"count\",1,!1,!1,function(a,b){return b.a(a).l},1,1,!0);\nQ(\"false\",2,!1,!1,function(){return!1},0);Q(\"floor\",1,!1,!1,function(a,b){return Math.floor(N(b,a))},1);Q(\"id\",4,!1,!1,function(a,b){function c(h){if(x){var m=e.all[h];if(m){if(m.nodeType&&h==m.id)return m;if(m.length)return oa(m,function(w){return h==w.id})}return null}return e.getElementById(h)}var d=a.a,e=9==d.nodeType?d:d.ownerDocument;a=O(b,a).split(/\\s+/);var f=[];n(a,function(h){h=c(h);!h||0<=ja(f,h)||f.push(h)});f.sort(Xa);var g=new E;n(f,function(h){g.add(h)});return g},1);\nQ(\"lang\",2,!1,!1,function(){return!1},1);Q(\"last\",1,!0,!1,function(a){if(1!=arguments.length)throw Error(\"Function last expects ()\");return a.f},0);Q(\"local-name\",3,!1,!0,function(a,b){return(a=b?mb(b.a(a)):a.a)?a.localName||a.nodeName.toLowerCase():\"\"},0,1,!0);Q(\"name\",3,!1,!0,function(a,b){return(a=b?mb(b.a(a)):a.a)?a.nodeName.toLowerCase():\"\"},0,1,!0);Q(\"namespace-uri\",3,!0,!1,function(){return\"\"},0,1,!0);\nQ(\"normalize-space\",3,!1,!0,function(a,b){return(b?O(b,a):B(a.a)).replace(/[\\s\\xa0]+/g,\" \").replace(/^\\s+|\\s+$/g,\"\")},0,1);Q(\"not\",2,!1,!1,function(a,b){return!rb(b,a)},1);Q(\"number\",1,!1,!0,function(a,b){return b?N(b,a):+B(a.a)},0,1);Q(\"position\",1,!0,!1,function(a){return a.b},0);Q(\"round\",1,!1,!1,function(a,b){return Math.round(N(b,a))},1);Q(\"starts-with\",2,!1,!1,function(a,b,c){b=O(b,a);a=O(c,a);return 0==b.lastIndexOf(a,0)},2);Q(\"string\",3,!1,!0,function(a,b){return b?O(b,a):B(a.a)},0,1);\nQ(\"string-length\",1,!1,!0,function(a,b){return(b?O(b,a):B(a.a)).length},0,1);Q(\"substring\",3,!1,!1,function(a,b,c,d){c=N(c,a);if(isNaN(c)||Infinity==c||-Infinity==c)return\"\";d=d?N(d,a):Infinity;if(isNaN(d)||-Infinity===d)return\"\";c=Math.round(c)-1;var e=Math.max(c,0);a=O(b,a);return Infinity==d?a.substring(e):a.substring(e,c+Math.round(d))},2,3);Q(\"substring-after\",3,!1,!1,function(a,b,c){b=O(b,a);a=O(c,a);c=b.indexOf(a);return-1==c?\"\":b.substring(c+a.length)},2);\nQ(\"substring-before\",3,!1,!1,function(a,b,c){b=O(b,a);a=O(c,a);a=b.indexOf(a);return-1==a?\"\":b.substring(0,a)},2);Q(\"sum\",1,!1,!1,function(a,b){a=H(b.a(a));b=0;for(var c=I(a);c;c=I(a))b+=+B(c);return b},1,1,!0);Q(\"translate\",3,!1,!1,function(a,b,c,d){b=O(b,a);c=O(c,a);var e=O(d,a);a={};for(d=0;d<c.length;d++){var f=c.charAt(d);f in a||(a[f]=e.charAt(d))}c=\"\";for(d=0;d<b.length;d++)f=b.charAt(d),c+=f in a?a[f]:f;return c},3);Q(\"true\",2,!1,!1,function(){return!0},0);function G(a,b){this.h=a;this.c=void 0!==b?b:null;this.b=null;switch(a){case \"comment\":this.b=8;break;case \"text\":this.b=3;break;case \"processing-instruction\":this.b=7;break;case \"node\":break;default:throw Error(\"Unexpected argument\");}}function Cb(a){return\"comment\"==a||\"text\"==a||\"processing-instruction\"==a||\"node\"==a}G.prototype.a=function(a){return null===this.b||this.b==a.nodeType};G.prototype.f=function(){return this.h};\nG.prototype.toString=function(){var a=\"Kind Test: \"+this.h;null===this.c||(a+=K(this.c));return a};function Db(a){J.call(this,3);this.c=a.substring(1,a.length-1)}l(Db,J);Db.prototype.a=function(){return this.c};Db.prototype.toString=function(){return\"Literal: \"+this.c};function F(a,b){this.j=a.toLowerCase();a=\"*\"==this.j?\"*\":\"http://www.w3.org/1999/xhtml\";this.c=b?b.toLowerCase():a}F.prototype.a=function(a){var b=a.nodeType;if(1!=b&&2!=b)return!1;b=void 0!==a.localName?a.localName:a.nodeName;return\"*\"!=this.j&&this.j!=b.toLowerCase()?!1:\"*\"==this.c?!0:this.c==(a.namespaceURI?a.namespaceURI.toLowerCase():\"http://www.w3.org/1999/xhtml\")};F.prototype.f=function(){return this.j};\nF.prototype.toString=function(){return\"Name Test: \"+(\"http://www.w3.org/1999/xhtml\"==this.c?\"\":this.c+\":\")+this.j};function Eb(a){J.call(this,1);this.c=a}l(Eb,J);Eb.prototype.a=function(){return this.c};Eb.prototype.toString=function(){return\"Number: \"+this.c};function Fb(a,b){J.call(this,a.i);this.h=a;this.c=b;this.g=a.g;this.b=a.b;1==this.c.length&&(a=this.c[0],a.A||a.c!=Gb||(a=a.o,\"*\"!=a.f()&&(this.f={name:a.f(),u:null})))}l(Fb,J);function Hb(){J.call(this,4)}l(Hb,J);Hb.prototype.a=function(a){var b=new E;a=a.a;9==a.nodeType?b.add(a):b.add(a.ownerDocument);return b};Hb.prototype.toString=function(){return\"Root Helper Expression\"};function Ib(){J.call(this,4)}l(Ib,J);Ib.prototype.a=function(a){var b=new E;b.add(a.a);return b};Ib.prototype.toString=function(){return\"Context Helper Expression\"};\nfunction Jb(a){return\"/\"==a||\"//\"==a}Fb.prototype.a=function(a){var b=this.h.a(a);if(!(b instanceof E))throw Error(\"Filter expression must evaluate to nodeset.\");a=this.c;for(var c=0,d=a.length;c<d&&b.l;c++){var e=a[c],f=H(b,e.c.s);if(e.g||e.c!=Kb)if(e.g||e.c!=Lb){var g=I(f);for(b=e.a(new ia(g));null!=(g=I(f));)g=e.a(new ia(g)),b=kb(b,g)}else g=I(f),b=e.a(new ia(g));else{for(g=I(f);(b=I(f))&&(!g.contains||g.contains(b))&&b.compareDocumentPosition(g)&8;g=b);b=e.a(new ia(g))}}return b};\nFb.prototype.toString=function(){var a=\"Path Expression:\"+K(this.h);if(this.c.length){var b=la(this.c,function(c,d){return c+K(d)},\"Steps:\");a+=K(b)}return a};function Mb(a,b){this.a=a;this.s=!!b}\nfunction yb(a,b,c){for(c=c||0;c<a.a.length;c++)for(var d=a.a[c],e=H(b),f=b.l,g,h=0;g=I(e);h++){var m=a.s?f-h:h+1;g=d.a(new ia(g,m,f));if(\"number\"==typeof g)m=m==g;else if(\"string\"==typeof g||\"boolean\"==typeof g)m=!!g;else if(g instanceof E)m=0<g.l;else throw Error(\"Predicate.evaluate returned an unexpected type.\");if(!m){m=e;g=m.f;var w=m.a;if(!w)throw Error(\"Next must be called at least once before remove.\");var r=w.b;w=w.a;r?r.a=w:g.a=w;w?w.b=r:g.b=r;g.l--;m.a=null}}return b}\nMb.prototype.toString=function(){return la(this.a,function(a,b){return a+K(b)},\"Predicates:\")};function R(a,b,c,d){J.call(this,4);this.c=a;this.o=b;this.h=c||new Mb([]);this.A=!!d;b=this.h;b=0<b.a.length?b.a[0].f:null;a.J&&b&&(a=b.name,a=x?a.toLowerCase():a,this.f={name:a,u:b.u});a:{a=this.h;for(b=0;b<a.a.length;b++)if(c=a.a[b],c.g||1==c.i||0==c.i){a=!0;break a}a=!1}this.g=a}l(R,J);\nR.prototype.a=function(a){var b=a.a,c=this.f,d=null,e=null,f=0;c&&(d=c.name,e=c.u?O(c.u,a):null,f=1);if(this.A)if(this.g||this.c!=Nb)if(b=H((new R(Ob,new G(\"node\"))).a(a)),c=I(b))for(a=this.m(c,d,e,f);null!=(c=I(b));)a=kb(a,this.m(c,d,e,f));else a=new E;else a=bb(this.o,b,d,e),a=yb(this.h,a,f);else a=this.m(a.a,d,e,f);return a};R.prototype.m=function(a,b,c,d){a=this.c.v(this.o,a,b,c);return a=yb(this.h,a,d)};\nR.prototype.toString=function(){var a=\"Step:\"+K(\"Operator: \"+(this.A?\"//\":\"/\"));this.c.j&&(a+=K(\"Axis: \"+this.c));a+=K(this.o);if(this.h.a.length){var b=la(this.h.a,function(c,d){return c+K(d)},\"Predicates:\");a+=K(b)}return a};function Pb(a,b,c,d){this.j=a;this.v=b;this.s=c;this.J=d}Pb.prototype.toString=function(){return this.j};var Qb={};function S(a,b,c,d){if(Qb.hasOwnProperty(a))throw Error(\"Axis already created: \"+a);b=new Pb(a,b,c,!!d);return Qb[a]=b}\nS(\"ancestor\",function(a,b){for(var c=new E;b=b.parentNode;)a.a(b)&&lb(c,b);return c},!0);S(\"ancestor-or-self\",function(a,b){var c=new E;do a.a(b)&&lb(c,b);while(b=b.parentNode);return c},!0);\nvar Gb=S(\"attribute\",function(a,b){var c=new E,d=a.f();if(\"style\"==d&&x&&b.style)return c.add(new Na(b.style,b,\"style\",b.style.cssText)),c;var e=b.attributes;if(e)if(a instanceof G&&null===a.b||\"*\"==d)for(a=0;d=e[a];a++)x?d.nodeValue&&c.add(Oa(b,d)):c.add(d);else(d=e.getNamedItem(d))&&(x?d.nodeValue&&c.add(Oa(b,d)):c.add(d));return c},!1),Nb=S(\"child\",function(a,b,c,d,e){return(x?hb:ib).call(null,a,b,aa(c)?c:null,aa(d)?d:null,e||new E)},!1,!0);S(\"descendant\",bb,!1,!0);\nvar Ob=S(\"descendant-or-self\",function(a,b,c,d){var e=new E;C(b,c,d)&&a.a(b)&&e.add(b);return bb(a,b,c,d,e)},!1,!0),Kb=S(\"following\",function(a,b,c,d){var e=new E;do for(var f=b;f=f.nextSibling;)C(f,c,d)&&a.a(f)&&e.add(f),e=bb(a,f,c,d,e);while(b=b.parentNode);return e},!1,!0);S(\"following-sibling\",function(a,b){for(var c=new E;b=b.nextSibling;)a.a(b)&&c.add(b);return c},!1);S(\"namespace\",function(){return new E},!1);\nvar Rb=S(\"parent\",function(a,b){var c=new E;if(9==b.nodeType)return c;if(2==b.nodeType)return c.add(b.ownerElement),c;b=b.parentNode;a.a(b)&&c.add(b);return c},!1),Lb=S(\"preceding\",function(a,b,c,d){var e=new E,f=[];do f.unshift(b);while(b=b.parentNode);for(var g=1,h=f.length;g<h;g++){var m=[];for(b=f[g];b=b.previousSibling;)m.unshift(b);for(var w=0,r=m.length;w<r;w++)b=m[w],C(b,c,d)&&a.a(b)&&e.add(b),e=bb(a,b,c,d,e)}return e},!0,!0);\nS(\"preceding-sibling\",function(a,b){for(var c=new E;b=b.previousSibling;)a.a(b)&&lb(c,b);return c},!0);var Sb=S(\"self\",function(a,b){var c=new E;a.a(b)&&c.add(b);return c},!1);function Tb(a){J.call(this,1);this.c=a;this.g=a.g;this.b=a.b}l(Tb,J);Tb.prototype.a=function(a){return-N(this.c,a)};Tb.prototype.toString=function(){return\"Unary Expression: -\"+K(this.c)};function Ub(a){J.call(this,4);this.c=a;pb(this,ma(this.c,function(b){return b.g}));qb(this,ma(this.c,function(b){return b.b}))}l(Ub,J);Ub.prototype.a=function(a){var b=new E;n(this.c,function(c){c=c.a(a);if(!(c instanceof E))throw Error(\"Path expression must evaluate to NodeSet.\");b=kb(b,c)});return b};Ub.prototype.toString=function(){return la(this.c,function(a,b){return a+K(b)},\"Union Expression:\")};function Vb(a,b){this.a=a;this.b=b}function Yb(a){for(var b,c=[];;){T(a,\"Missing right hand side of binary expression.\");b=Zb(a);var d=z(a.a);if(!d)break;var e=(d=wb[d]||null)&&d.D;if(!e){a.a.a--;break}for(;c.length&&e<=c[c.length-1].D;)b=new sb(c.pop(),c.pop(),b);c.push(b,d)}for(;c.length;)b=new sb(c.pop(),c.pop(),b);return b}function T(a,b){if(Ta(a.a))throw Error(b);}function $b(a,b){a=z(a.a);if(a!=b)throw Error(\"Bad token, expected: \"+b+\" got: \"+a);}\nfunction ac(a){a=z(a.a);if(\")\"!=a)throw Error(\"Bad token: \"+a);}function bc(a){a=z(a.a);if(2>a.length)throw Error(\"Unclosed literal string\");return new Db(a)}\nfunction cc(a){var b=[];if(Jb(y(a.a))){var c=z(a.a);var d=y(a.a);if(\"/\"==c&&(Ta(a.a)||\".\"!=d&&\"..\"!=d&&\"@\"!=d&&\"*\"!=d&&!/(?![0-9])[\\w]/.test(d)))return new Hb;d=new Hb;T(a,\"Missing next location step.\");c=dc(a,c);b.push(c)}else{a:{c=y(a.a);d=c.charAt(0);switch(d){case \"$\":throw Error(\"Variable reference not allowed in HTML XPath\");case \"(\":z(a.a);c=Yb(a);T(a,'unclosed \"(\"');$b(a,\")\");break;case '\"':case \"'\":c=bc(a);break;default:if(isNaN(+c))if(!Cb(c)&&/(?![0-9])[\\w]/.test(d)&&\"(\"==y(a.a,1)){c=z(a.a);\nc=Bb[c]||null;z(a.a);for(d=[];\")\"!=y(a.a);){T(a,\"Missing function argument list.\");d.push(Yb(a));if(\",\"!=y(a.a))break;z(a.a)}T(a,\"Unclosed function argument list.\");ac(a);c=new zb(c,d)}else{c=null;break a}else c=new Eb(+z(a.a))}\"[\"==y(a.a)&&(d=new Mb(ec(a)),c=new xb(c,d))}if(c)if(Jb(y(a.a)))d=c;else return c;else c=dc(a,\"/\"),d=new Ib,b.push(c)}for(;Jb(y(a.a));)c=z(a.a),T(a,\"Missing next location step.\"),c=dc(a,c),b.push(c);return new Fb(d,b)}\nfunction dc(a,b){if(\"/\"!=b&&\"//\"!=b)throw Error('Step op should be \"/\" or \"//\"');if(\".\"==y(a.a)){var c=new R(Sb,new G(\"node\"));z(a.a);return c}if(\"..\"==y(a.a))return c=new R(Rb,new G(\"node\")),z(a.a),c;if(\"@\"==y(a.a)){var d=Gb;z(a.a);T(a,\"Missing attribute name\")}else if(\"::\"==y(a.a,1)){if(!/(?![0-9])[\\w]/.test(y(a.a).charAt(0)))throw Error(\"Bad token: \"+z(a.a));var e=z(a.a);d=Qb[e]||null;if(!d)throw Error(\"No axis with name: \"+e);z(a.a);T(a,\"Missing node name\")}else d=Nb;e=y(a.a);if(/(?![0-9])[\\w\\*]/.test(e.charAt(0)))if(\"(\"==\ny(a.a,1)){if(!Cb(e))throw Error(\"Invalid node type: \"+e);e=z(a.a);if(!Cb(e))throw Error(\"Invalid type name: \"+e);$b(a,\"(\");T(a,\"Bad nodetype\");var f=y(a.a).charAt(0),g=null;if('\"'==f||\"'\"==f)g=bc(a);T(a,\"Bad nodetype\");ac(a);e=new G(e,g)}else if(e=z(a.a),f=e.indexOf(\":\"),-1==f)e=new F(e);else{g=e.substring(0,f);if(\"*\"==g)var h=\"*\";else if(h=a.b(g),!h)throw Error(\"Namespace prefix not declared: \"+g);e=e.substr(f+1);e=new F(e,h)}else throw Error(\"Bad token: \"+z(a.a));a=new Mb(ec(a),d.s);return c||new R(d,\ne,a,\"//\"==b)}function ec(a){for(var b=[];\"[\"==y(a.a);){z(a.a);T(a,\"Missing predicate expression.\");var c=Yb(a);b.push(c);T(a,\"Unclosed predicate expression.\");$b(a,\"]\")}return b}function Zb(a){if(\"-\"==y(a.a))return z(a.a),new Tb(Zb(a));var b=cc(a);if(\"|\"!=y(a.a))a=b;else{for(b=[b];\"|\"==z(a.a);)T(a,\"Missing next union location path.\"),b.push(cc(a));a.a.a--;a=new Ub(b)}return a};function fc(a){switch(a.nodeType){case 1:return ha(gc,a);case 9:return fc(a.documentElement);case 11:case 10:case 6:case 12:return hc;default:return a.parentNode?fc(a.parentNode):hc}}function hc(){return null}function gc(a,b){if(a.prefix==b)return a.namespaceURI||\"http://www.w3.org/1999/xhtml\";var c=a.getAttributeNode(\"xmlns:\"+b);return c&&c.specified?c.value||null:a.parentNode&&9!=a.parentNode.nodeType?gc(a.parentNode,b):null};function ic(a,b){if(!a.length)throw Error(\"Empty XPath expression.\");a=Qa(a);if(Ta(a))throw Error(\"Invalid XPath expression.\");b?\"function\"==ca(b)||(b=fa(b.lookupNamespaceURI,b)):b=function(){return null};var c=Yb(new Vb(a,b));if(!Ta(a))throw Error(\"Bad token: \"+z(a));this.evaluate=function(d,e){d=c.a(new ia(d));return new U(d,e)}}\nfunction U(a,b){if(0==b)if(a instanceof E)b=4;else if(\"string\"==typeof a)b=2;else if(\"number\"==typeof a)b=1;else if(\"boolean\"==typeof a)b=3;else throw Error(\"Unexpected evaluation result.\");if(2!=b&&1!=b&&3!=b&&!(a instanceof E))throw Error(\"value could not be converted to the specified type\");this.resultType=b;switch(b){case 2:this.stringValue=a instanceof E?nb(a):\"\"+a;break;case 1:this.numberValue=a instanceof E?+nb(a):+a;break;case 3:this.booleanValue=a instanceof E?0<a.l:!!a;break;case 4:case 5:case 6:case 7:var c=\nH(a);var d=[];for(var e=I(c);e;e=I(c))d.push(e instanceof Na?e.a:e);this.snapshotLength=a.l;this.invalidIteratorState=!1;break;case 8:case 9:a=mb(a);this.singleNodeValue=a instanceof Na?a.a:a;break;default:throw Error(\"Unknown XPathResult type.\");}var f=0;this.iterateNext=function(){if(4!=b&&5!=b)throw Error(\"iterateNext called with wrong result type\");return f>=d.length?null:d[f++]};this.snapshotItem=function(g){if(6!=b&&7!=b)throw Error(\"snapshotItem called with wrong result type\");return g>=d.length||\n0>g?null:d[g]}}U.ANY_TYPE=0;U.NUMBER_TYPE=1;U.STRING_TYPE=2;U.BOOLEAN_TYPE=3;U.UNORDERED_NODE_ITERATOR_TYPE=4;U.ORDERED_NODE_ITERATOR_TYPE=5;U.UNORDERED_NODE_SNAPSHOT_TYPE=6;U.ORDERED_NODE_SNAPSHOT_TYPE=7;U.ANY_UNORDERED_NODE_TYPE=8;U.FIRST_ORDERED_NODE_TYPE=9;function jc(a){this.lookupNamespaceURI=fc(a)}\nfunction kc(a,b){a=a||k;var c=a.Document&&a.Document.prototype||a.document;if(!c.evaluate||b)a.XPathResult=U,c.evaluate=function(d,e,f,g){return(new ic(d,f)).evaluate(e,g)},c.createExpression=function(d,e){return new ic(d,e)},c.createNSResolver=function(d){return new jc(d)}}ba(\"wgxpath.install\",kc);ba(\"wgxpath.install\",kc);var lc={aliceblue:\"#f0f8ff\",antiquewhite:\"#faebd7\",aqua:\"#00ffff\",aquamarine:\"#7fffd4\",azure:\"#f0ffff\",beige:\"#f5f5dc\",bisque:\"#ffe4c4\",black:\"#000000\",blanchedalmond:\"#ffebcd\",blue:\"#0000ff\",blueviolet:\"#8a2be2\",brown:\"#a52a2a\",burlywood:\"#deb887\",cadetblue:\"#5f9ea0\",chartreuse:\"#7fff00\",chocolate:\"#d2691e\",coral:\"#ff7f50\",cornflowerblue:\"#6495ed\",cornsilk:\"#fff8dc\",crimson:\"#dc143c\",cyan:\"#00ffff\",darkblue:\"#00008b\",darkcyan:\"#008b8b\",darkgoldenrod:\"#b8860b\",darkgray:\"#a9a9a9\",darkgreen:\"#006400\",\ndarkgrey:\"#a9a9a9\",darkkhaki:\"#bdb76b\",darkmagenta:\"#8b008b\",darkolivegreen:\"#556b2f\",darkorange:\"#ff8c00\",darkorchid:\"#9932cc\",darkred:\"#8b0000\",darksalmon:\"#e9967a\",darkseagreen:\"#8fbc8f\",darkslateblue:\"#483d8b\",darkslategray:\"#2f4f4f\",darkslategrey:\"#2f4f4f\",darkturquoise:\"#00ced1\",darkviolet:\"#9400d3\",deeppink:\"#ff1493\",deepskyblue:\"#00bfff\",dimgray:\"#696969\",dimgrey:\"#696969\",dodgerblue:\"#1e90ff\",firebrick:\"#b22222\",floralwhite:\"#fffaf0\",forestgreen:\"#228b22\",fuchsia:\"#ff00ff\",gainsboro:\"#dcdcdc\",\nghostwhite:\"#f8f8ff\",gold:\"#ffd700\",goldenrod:\"#daa520\",gray:\"#808080\",green:\"#008000\",greenyellow:\"#adff2f\",grey:\"#808080\",honeydew:\"#f0fff0\",hotpink:\"#ff69b4\",indianred:\"#cd5c5c\",indigo:\"#4b0082\",ivory:\"#fffff0\",khaki:\"#f0e68c\",lavender:\"#e6e6fa\",lavenderblush:\"#fff0f5\",lawngreen:\"#7cfc00\",lemonchiffon:\"#fffacd\",lightblue:\"#add8e6\",lightcoral:\"#f08080\",lightcyan:\"#e0ffff\",lightgoldenrodyellow:\"#fafad2\",lightgray:\"#d3d3d3\",lightgreen:\"#90ee90\",lightgrey:\"#d3d3d3\",lightpink:\"#ffb6c1\",lightsalmon:\"#ffa07a\",\nlightseagreen:\"#20b2aa\",lightskyblue:\"#87cefa\",lightslategray:\"#778899\",lightslategrey:\"#778899\",lightsteelblue:\"#b0c4de\",lightyellow:\"#ffffe0\",lime:\"#00ff00\",limegreen:\"#32cd32\",linen:\"#faf0e6\",magenta:\"#ff00ff\",maroon:\"#800000\",mediumaquamarine:\"#66cdaa\",mediumblue:\"#0000cd\",mediumorchid:\"#ba55d3\",mediumpurple:\"#9370db\",mediumseagreen:\"#3cb371\",mediumslateblue:\"#7b68ee\",mediumspringgreen:\"#00fa9a\",mediumturquoise:\"#48d1cc\",mediumvioletred:\"#c71585\",midnightblue:\"#191970\",mintcream:\"#f5fffa\",mistyrose:\"#ffe4e1\",\nmoccasin:\"#ffe4b5\",navajowhite:\"#ffdead\",navy:\"#000080\",oldlace:\"#fdf5e6\",olive:\"#808000\",olivedrab:\"#6b8e23\",orange:\"#ffa500\",orangered:\"#ff4500\",orchid:\"#da70d6\",palegoldenrod:\"#eee8aa\",palegreen:\"#98fb98\",paleturquoise:\"#afeeee\",palevioletred:\"#db7093\",papayawhip:\"#ffefd5\",peachpuff:\"#ffdab9\",peru:\"#cd853f\",pink:\"#ffc0cb\",plum:\"#dda0dd\",powderblue:\"#b0e0e6\",purple:\"#800080\",red:\"#ff0000\",rosybrown:\"#bc8f8f\",royalblue:\"#4169e1\",saddlebrown:\"#8b4513\",salmon:\"#fa8072\",sandybrown:\"#f4a460\",seagreen:\"#2e8b57\",\nseashell:\"#fff5ee\",sienna:\"#a0522d\",silver:\"#c0c0c0\",skyblue:\"#87ceeb\",slateblue:\"#6a5acd\",slategray:\"#708090\",slategrey:\"#708090\",snow:\"#fffafa\",springgreen:\"#00ff7f\",steelblue:\"#4682b4\",tan:\"#d2b48c\",teal:\"#008080\",thistle:\"#d8bfd8\",tomato:\"#ff6347\",turquoise:\"#40e0d0\",violet:\"#ee82ee\",wheat:\"#f5deb3\",white:\"#ffffff\",whitesmoke:\"#f5f5f5\",yellow:\"#ffff00\",yellowgreen:\"#9acd32\"};var mc=\"backgroundColor borderTopColor borderRightColor borderBottomColor borderLeftColor color outlineColor\".split(\" \"),nc=/#([0-9a-fA-F])([0-9a-fA-F])([0-9a-fA-F])/,oc=/^#(?:[0-9a-f]{3}){1,2}$/i,pc=/^(?:rgba)?\\((\\d{1,3}),\\s?(\\d{1,3}),\\s?(\\d{1,3}),\\s?(0|1|0\\.\\d*)\\)$/i,qc=/^(?:rgb)?\\((0|[1-9]\\d{0,2}),\\s?(0|[1-9]\\d{0,2}),\\s?(0|[1-9]\\d{0,2})\\)$/i;function rc(a,b){this.code=a;this.a=V[a]||sc;this.message=b||\"\";a=this.a.replace(/((?:^|\\s+)[a-z])/g,function(c){return c.toUpperCase().replace(/^[\\s\\xa0]+/g,\"\")});b=a.length-5;if(0>b||a.indexOf(\"Error\",b)!=b)a+=\"Error\";this.name=a;a=Error(this.message);a.name=this.name;this.stack=a.stack||\"\"}l(rc,Error);var sc=\"unknown error\",V={15:\"element not selectable\",11:\"element not visible\"};V[31]=sc;V[30]=sc;V[24]=\"invalid cookie domain\";V[29]=\"invalid element coordinates\";V[12]=\"invalid element state\";\nV[32]=\"invalid selector\";V[51]=\"invalid selector\";V[52]=\"invalid selector\";V[17]=\"javascript error\";V[405]=\"unsupported operation\";V[34]=\"move target out of bounds\";V[27]=\"no such alert\";V[7]=\"no such element\";V[8]=\"no such frame\";V[23]=\"no such window\";V[28]=\"script timeout\";V[33]=\"session not created\";V[10]=\"stale element reference\";V[21]=\"timeout\";V[25]=\"unable to set cookie\";V[26]=\"unexpected alert open\";V[13]=sc;V[9]=\"unknown command\";var tc=va(),uc=ya()||u(\"iPod\"),vc=u(\"iPad\"),wc=u(\"Android\")&&!(wa()||va()||u(\"Opera\")||u(\"Silk\")),xc=wa(),yc=u(\"Safari\")&&!(wa()||u(\"Coast\")||u(\"Opera\")||u(\"Edge\")||u(\"Edg/\")||u(\"OPR\")||va()||u(\"Silk\")||u(\"Android\"))&&!(ya()||u(\"iPad\")||u(\"iPod\"));function zc(a){return(a=a.exec(t))?a[1]:\"\"}(function(){if(tc)return zc(/Firefox\\/([0-9.]+)/);if(v||Ca||Ba)return Ga;if(xc)return ya()||u(\"iPad\")||u(\"iPod\")?zc(/CriOS\\/([0-9.]+)/):zc(/Chrome\\/([0-9.]+)/);if(yc&&!(ya()||u(\"iPad\")||u(\"iPod\")))return zc(/Version\\/([0-9.]+)/);if(uc||vc){var a=/Version\\/(\\S+).*Mobile\\/(\\S+)/.exec(t);if(a)return a[1]+\".\"+a[2]}else if(wc)return(a=zc(/Android\\s+([0-9.]+)/))?a:zc(/Version\\/([0-9.]+)/);return\"\"})();var Ac=v&&!(9<=Number(La));function W(a,b){b&&\"string\"!==typeof b&&(b=b.toString());return!!a&&1==a.nodeType&&(!b||a.tagName.toUpperCase()==b)};var Bc=function(){var a={K:\"http://www.w3.org/2000/svg\"};return function(b){return a[b]||null}}();\nfunction Cc(a,b){var c=A(a);if(!c.documentElement)return null;(v||wc)&&kc(c?c.parentWindow||c.defaultView:window);try{var d=c.createNSResolver?c.createNSResolver(c.documentElement):Bc;if(v&&!Ka(7))return c.evaluate.call(c,b,a,d,9,null);if(!v||9<=Number(La)){for(var e={},f=c.getElementsByTagName(\"*\"),g=0;g<f.length;++g){var h=f[g],m=h.namespaceURI;if(m&&!e[m]){var w=h.lookupPrefix(m);if(!w){var r=m.match(\".*/(\\\\w+)/?$\");w=r?r[1]:\"xhtml\"}e[m]=w}}var D={},L;for(L in e)D[e[L]]=L;d=function(M){return D[M]||\nnull}}try{return c.evaluate(b,a,d,9,null)}catch(M){if(\"TypeError\"===M.name)return d=c.createNSResolver?c.createNSResolver(c.documentElement):Bc,c.evaluate(b,a,d,9,null);throw M;}}catch(M){if(!Da||\"NS_ERROR_ILLEGAL_VALUE\"!=M.name)throw new rc(32,\"Unable to locate an element with the xpath expression \"+b+\" because of the following error:\\n\"+M);}}\nfunction Dc(a,b){var c=function(){var d=Cc(b,a);return d?d.singleNodeValue||null:b.selectSingleNode?(d=A(b),d.setProperty&&d.setProperty(\"SelectionLanguage\",\"XPath\"),b.selectSingleNode(a)):null}();if(null!==c&&(!c||1!=c.nodeType))throw new rc(32,'The result of the xpath expression \"'+a+'\" is: '+c+\". It should be an element.\");return c};function Ec(a,b,c,d){this.c=a;this.a=b;this.b=c;this.f=d}Ec.prototype.ceil=function(){this.c=Math.ceil(this.c);this.a=Math.ceil(this.a);this.b=Math.ceil(this.b);this.f=Math.ceil(this.f);return this};Ec.prototype.floor=function(){this.c=Math.floor(this.c);this.a=Math.floor(this.a);this.b=Math.floor(this.b);this.f=Math.floor(this.f);return this};Ec.prototype.round=function(){this.c=Math.round(this.c);this.a=Math.round(this.a);this.b=Math.round(this.b);this.f=Math.round(this.f);return this};function X(a,b,c,d){this.a=a;this.b=b;this.width=c;this.height=d}X.prototype.ceil=function(){this.a=Math.ceil(this.a);this.b=Math.ceil(this.b);this.width=Math.ceil(this.width);this.height=Math.ceil(this.height);return this};X.prototype.floor=function(){this.a=Math.floor(this.a);this.b=Math.floor(this.b);this.width=Math.floor(this.width);this.height=Math.floor(this.height);return this};\nX.prototype.round=function(){this.a=Math.round(this.a);this.b=Math.round(this.b);this.width=Math.round(this.width);this.height=Math.round(this.height);return this};var Fc=\"function\"===typeof ShadowRoot;function Gc(a){for(a=a.parentNode;a&&1!=a.nodeType&&9!=a.nodeType&&11!=a.nodeType;)a=a.parentNode;return W(a)?a:null}\nfunction Y(a,b){b=xa(b);if(\"float\"==b||\"cssFloat\"==b||\"styleFloat\"==b)b=Ac?\"styleFloat\":\"cssFloat\";a:{var c=b;var d=A(a);if(d.defaultView&&d.defaultView.getComputedStyle&&(d=d.defaultView.getComputedStyle(a,null))){c=d[c]||d.getPropertyValue(c)||\"\";break a}c=\"\"}a=c||Hc(a,b);if(null===a)a=null;else if(0<=ja(mc,b)){b:{var e=a.match(pc);if(e&&(b=Number(e[1]),c=Number(e[2]),d=Number(e[3]),e=Number(e[4]),0<=b&&255>=b&&0<=c&&255>=c&&0<=d&&255>=d&&0<=e&&1>=e)){b=[b,c,d,e];break b}b=null}if(!b)b:{if(d=a.match(qc))if(b=\nNumber(d[1]),c=Number(d[2]),d=Number(d[3]),0<=b&&255>=b&&0<=c&&255>=c&&0<=d&&255>=d){b=[b,c,d,1];break b}b=null}if(!b)b:{b=a.toLowerCase();c=lc[b.toLowerCase()];if(!c&&(c=\"#\"==b.charAt(0)?b:\"#\"+b,4==c.length&&(c=c.replace(nc,\"#$1$1$2$2$3$3\")),!oc.test(c))){b=null;break b}b=[parseInt(c.substr(1,2),16),parseInt(c.substr(3,2),16),parseInt(c.substr(5,2),16),1]}a=b?\"rgba(\"+b.join(\", \")+\")\":a}return a}\nfunction Hc(a,b){var c=a.currentStyle||a.style,d=c[b];void 0===d&&\"function\"==ca(c.getPropertyValue)&&(d=c.getPropertyValue(b));return\"inherit\"!=d?void 0!==d?d:null:(a=Gc(a))?Hc(a,b):null}\nfunction Ic(a,b,c){function d(g){var h=Jc(g);return 0<h.height&&0<h.width?!0:W(g,\"PATH\")&&(0<h.height||0<h.width)?(g=Y(g,\"stroke-width\"),!!g&&0<parseInt(g,10)):\"hidden\"!=Y(g,\"overflow\")&&ma(g.childNodes,function(m){return 3==m.nodeType||W(m)&&d(m)})}function e(g){return Kc(g)==Z&&na(g.childNodes,function(h){return!W(h)||e(h)||!d(h)})}if(!W(a))throw Error(\"Argument to isShown must be of type Element\");if(W(a,\"BODY\"))return!0;if(W(a,\"OPTION\")||W(a,\"OPTGROUP\"))return a=$a(a,function(g){return W(g,\"SELECT\")}),\n!!a&&Ic(a,!0,c);var f=Lc(a);if(f)return!!f.image&&0<f.rect.width&&0<f.rect.height&&Ic(f.image,b,c);if(W(a,\"INPUT\")&&\"hidden\"==a.type.toLowerCase()||W(a,\"NOSCRIPT\"))return!1;f=Y(a,\"visibility\");return\"collapse\"!=f&&\"hidden\"!=f&&c(a)&&(b||0!=Mc(a))&&d(a)?!e(a):!1}var Z=\"hidden\";\nfunction Kc(a){function b(p){function q(fb){if(fb==g)return!0;var Wb=Y(fb,\"display\");return 0==Wb.lastIndexOf(\"inline\",0)||\"contents\"==Wb||\"absolute\"==Xb&&\"static\"==Y(fb,\"position\")?!1:!0}var Xb=Y(p,\"position\");if(\"fixed\"==Xb)return w=!0,p==g?null:g;for(p=Gc(p);p&&!q(p);)p=Gc(p);return p}function c(p){var q=p;if(\"visible\"==m)if(p==g&&h)q=h;else if(p==h)return{x:\"visible\",y:\"visible\"};q={x:Y(q,\"overflow-x\"),y:Y(q,\"overflow-y\")};p==g&&(q.x=\"visible\"==q.x?\"auto\":q.x,q.y=\"visible\"==q.y?\"auto\":q.y);return q}\nfunction d(p){if(p==g){var q=(new ab(f)).a;p=q.scrollingElement?q.scrollingElement:Ea||\"CSS1Compat\"!=q.compatMode?q.body||q.documentElement:q.documentElement;q=q.parentWindow||q.defaultView;p=v&&Ka(\"10\")&&q.pageYOffset!=p.scrollTop?new Ua(p.scrollLeft,p.scrollTop):new Ua(q.pageXOffset||p.scrollLeft,q.pageYOffset||p.scrollTop)}else p=new Ua(p.scrollLeft,p.scrollTop);return p}var e=Nc(a),f=A(a),g=f.documentElement,h=f.body,m=Y(g,\"overflow\"),w;for(a=b(a);a;a=b(a)){var r=c(a);if(\"visible\"!=r.x||\"visible\"!=\nr.y){var D=Jc(a);if(0==D.width||0==D.height)return Z;var L=e.a<D.a,M=e.b<D.b;if(L&&\"hidden\"==r.x||M&&\"hidden\"==r.y)return Z;if(L&&\"visible\"!=r.x||M&&\"visible\"!=r.y){L=d(a);M=e.b<D.b-L.y;if(e.a<D.a-L.x&&\"visible\"!=r.x||M&&\"visible\"!=r.x)return Z;e=Kc(a);return e==Z?Z:\"scroll\"}L=e.f>=D.a+D.width;D=e.c>=D.b+D.height;if(L&&\"hidden\"==r.x||D&&\"hidden\"==r.y)return Z;if(L&&\"visible\"!=r.x||D&&\"visible\"!=r.y){if(w&&(r=d(a),e.f>=g.scrollWidth-r.x||e.a>=g.scrollHeight-r.y))return Z;e=Kc(a);return e==Z?Z:\"scroll\"}}}return\"none\"}\nfunction Jc(a){var b=Lc(a);if(b)return b.rect;if(W(a,\"HTML\"))return a=A(a),a=((a?a.parentWindow||a.defaultView:window)||window).document,a=\"CSS1Compat\"==a.compatMode?a.documentElement:a.body,a=new Va(a.clientWidth,a.clientHeight),new X(0,0,a.width,a.height);try{var c=a.getBoundingClientRect()}catch(d){return new X(0,0,0,0)}b=new X(c.left,c.top,c.right-c.left,c.bottom-c.top);v&&a.ownerDocument.body&&(a=A(a),b.a-=a.documentElement.clientLeft+a.body.clientLeft,b.b-=a.documentElement.clientTop+a.body.clientTop);\nreturn b}function Lc(a){var b=W(a,\"MAP\");if(!b&&!W(a,\"AREA\"))return null;var c=b?a:W(a.parentNode,\"MAP\")?a.parentNode:null,d=null,e=null;c&&c.name&&(d=Dc('/descendant::*[@usemap = \"#'+c.name+'\"]',A(c)))&&(e=Jc(d),b||\"default\"==a.shape.toLowerCase()||(a=Oc(a),b=Math.min(Math.max(a.a,0),e.width),c=Math.min(Math.max(a.b,0),e.height),e=new X(b+e.a,c+e.b,Math.min(a.width,e.width-b),Math.min(a.height,e.height-c))));return{image:d,rect:e||new X(0,0,0,0)}}\nfunction Oc(a){var b=a.shape.toLowerCase();a=a.coords.split(\",\");if(\"rect\"==b&&4==a.length){b=a[0];var c=a[1];return new X(b,c,a[2]-b,a[3]-c)}if(\"circle\"==b&&3==a.length)return b=a[2],new X(a[0]-b,a[1]-b,2*b,2*b);if(\"poly\"==b&&2<a.length){b=a[0];c=a[1];for(var d=b,e=c,f=2;f+1<a.length;f+=2)b=Math.min(b,a[f]),d=Math.max(d,a[f]),c=Math.min(c,a[f+1]),e=Math.max(e,a[f+1]);return new X(b,c,d-b,e-c)}return new X(0,0,0,0)}function Nc(a){a=Jc(a);return new Ec(a.b,a.a+a.width,a.b+a.height,a.a)}\nfunction Mc(a){if(Ac){if(\"relative\"==Y(a,\"position\"))return 1;a=Y(a,\"filter\");return(a=a.match(/^alpha\\(opacity=(\\d*)\\)/)||a.match(/^progid:DXImageTransform.Microsoft.Alpha\\(Opacity=(\\d*)\\)/))?Number(a[1])/100:1}return Pc(a)}function Pc(a){var b=1,c=Y(a,\"opacity\");c&&(b=Number(c));(a=Gc(a))&&(b*=Pc(a));return b};ba(\"_\",function(a,b){function c(d){if(W(d)&&\"none\"==Y(d,\"display\"))return!1;var e;if((e=d.parentNode)&&e.shadowRoot&&void 0!==d.assignedSlot)e=d.assignedSlot?d.assignedSlot.parentNode:null;else if(d.getDestinationInsertionPoints){var f=d.getDestinationInsertionPoints();0<f.length&&(e=f[f.length-1])}if(Fc&&e instanceof ShadowRoot){if(e.host.shadowRoot!==e)return!1;e=e.host}return!e||9!=e.nodeType&&11!=e.nodeType?e&&W(e,\"DETAILS\")&&!e.open&&!W(d,\"SUMMARY\")?!1:!!e&&c(e):!0}return Ic(a,!!b,c)});; return this._.apply(null,arguments);}).apply({navigator:typeof window!='undefined'?window.navigator:null,document:typeof window!='undefined'?window.document:null}, arguments);}\n).apply(null, arguments);", "args": [{"element-6066-11e4-a52e-4f735466cecf": "f.79622DA940D870A453092AF735DA60D6.d.E768620207747D2B494CBE9E68314D09.e.54"}]}
DEBUG    urllib3.connectionpool:connectionpool.py:544 http://selenium-hub:4444 "POST /wd/hub/session/5aadbad870835be2b7ca50b04b408df3/execute/sync HTTP/1.1" 200 0
DEBUG    selenium.webdriver.remote.remote_connection:remote_connection.py:329 Remote response: status=200 | data={"value":true} | headers=HTTPHeaderDict({'content-length': '14', 'content-type': 'application/json; charset=utf-8', 'cache-control': 'no-cache'})
DEBUG    selenium.webdriver.remote.remote_connection:remote_connection.py:356 Finished Request
DEBUG    selenium.webdriver.remote.remote_connection:remote_connection.py:313 POST http://selenium-hub:4444/wd/hub/session/5aadbad870835be2b7ca50b04b408df3/element/f.79622DA940D870A453092AF735DA60D6.d.E768620207747D2B494CBE9E68314D09.e.54/clear {}
DEBUG    urllib3.connectionpool:connectionpool.py:544 http://selenium-hub:4444 "POST /wd/hub/session/5aadbad870835be2b7ca50b04b408df3/element/f.79622DA940D870A453092AF735DA60D6.d.E768620207747D2B494CBE9E68314D09.e.54/clear HTTP/1.1" 200 0
DEBUG    selenium.webdriver.remote.remote_connection:remote_connection.py:329 Remote response: status=200 | data={"value":null} | headers=HTTPHeaderDict({'content-length': '14', 'content-type': 'application/json; charset=utf-8', 'cache-control': 'no-cache'})
DEBUG    selenium.webdriver.remote.remote_connection:remote_connection.py:356 Finished Request
DEBUG    selenium.webdriver.remote.remote_connection:remote_connection.py:313 POST http://selenium-hub:4444/wd/hub/session/5aadbad870835be2b7ca50b04b408df3/element/f.79622DA940D870A453092AF735DA60D6.d.E768620207747D2B494CBE9E68314D09.e.54/value {"text": "Test@1234", "value": ["T", "e", "s", "t", "@", "1", "2", "3", "4"]}
DEBUG    urllib3.connectionpool:connectionpool.py:544 http://selenium-hub:4444 "POST /wd/hub/session/5aadbad870835be2b7ca50b04b408df3/element/f.79622DA940D870A453092AF735DA60D6.d.E768620207747D2B494CBE9E68314D09.e.54/value HTTP/1.1" 200 0
DEBUG    selenium.webdriver.remote.remote_connection:remote_connection.py:329 Remote response: status=200 | data={"value":null} | headers=HTTPHeaderDict({'content-length': '14', 'content-type': 'application/json; charset=utf-8', 'cache-control': 'no-cache'})
DEBUG    selenium.webdriver.remote.remote_connection:remote_connection.py:356 Finished Request
DEBUG    selenium.webdriver.remote.remote_connection:remote_connection.py:313 POST http://selenium-hub:4444/wd/hub/session/5aadbad870835be2b7ca50b04b408df3/element {"using": "css selector", "value": "[data-testid='login-submit']"}
DEBUG    urllib3.connectionpool:connectionpool.py:544 http://selenium-hub:4444 "POST /wd/hub/session/5aadbad870835be2b7ca50b04b408df3/element HTTP/1.1" 200 0
DEBUG    selenium.webdriver.remote.remote_connection:remote_connection.py:329 Remote response: status=200 | data={"value":{"element-6066-11e4-a52e-4f735466cecf":"f.79622DA940D870A453092AF735DA60D6.d.E768620207747D2B494CBE9E68314D09.e.55"}} | headers=HTTPHeaderDict({'content-length': '126', 'content-type': 'application/json; charset=utf-8', 'cache-control': 'no-cache'})
DEBUG    selenium.webdriver.remote.remote_connection:remote_connection.py:356 Finished Request
DEBUG    selenium.webdriver.remote.remote_connection:remote_connection.py:313 POST http://selenium-hub:4444/wd/hub/session/5aadbad870835be2b7ca50b04b408df3/execute/sync {"script": "/* isDisplayed */return (function(){return (function(){var k=this||self;function aa(a){return\"string\"==typeof a}function ba(a,b){a=a.split(\".\");var c=k;a[0]in c||\"undefined\"==typeof c.execScript||c.execScript(\"var \"+a[0]);for(var d;a.length&&(d=a.shift());)a.length||void 0===b?c[d]&&c[d]!==Object.prototype[d]?c=c[d]:c=c[d]={}:c[d]=b}\nfunction ca(a){var b=typeof a;if(\"object\"==b)if(a){if(a instanceof Array)return\"array\";if(a instanceof Object)return b;var c=Object.prototype.toString.call(a);if(\"[object Window]\"==c)return\"object\";if(\"[object Array]\"==c||\"number\"==typeof a.length&&\"undefined\"!=typeof a.splice&&\"undefined\"!=typeof a.propertyIsEnumerable&&!a.propertyIsEnumerable(\"splice\"))return\"array\";if(\"[object Function]\"==c||\"undefined\"!=typeof a.call&&\"undefined\"!=typeof a.propertyIsEnumerable&&!a.propertyIsEnumerable(\"call\"))return\"function\"}else return\"null\";\nelse if(\"function\"==b&&\"undefined\"==typeof a.call)return\"object\";return b}function da(a,b,c){return a.call.apply(a.bind,arguments)}function ea(a,b,c){if(!a)throw Error();if(2<arguments.length){var d=Array.prototype.slice.call(arguments,2);return function(){var e=Array.prototype.slice.call(arguments);Array.prototype.unshift.apply(e,d);return a.apply(b,e)}}return function(){return a.apply(b,arguments)}}\nfunction fa(a,b,c){Function.prototype.bind&&-1!=Function.prototype.bind.toString().indexOf(\"native code\")?fa=da:fa=ea;return fa.apply(null,arguments)}function ha(a,b){var c=Array.prototype.slice.call(arguments,1);return function(){var d=c.slice();d.push.apply(d,arguments);return a.apply(this,d)}}function l(a,b){function c(){}c.prototype=b.prototype;a.prototype=new c;a.prototype.constructor=a};/*\n\n The MIT License\n\n Copyright (c) 2007 Cybozu Labs, Inc.\n Copyright (c) 2012 Google Inc.\n\n Permission is hereby granted, free of charge, to any person obtaining a copy\n of this software and associated documentation files (the \"Software\"), to\n deal in the Software without restriction, including without limitation the\n rights to use, copy, modify, merge, publish, distribute, sublicense, and/or\n sell copies of the Software, and to permit persons to whom the Software is\n furnished to do so, subject to the following conditions:\n\n The above copyright notice and this permission notice shall be included in\n all copies or substantial portions of the Software.\n\n THE SOFTWARE IS PROVIDED \"AS IS\", WITHOUT WARRANTY OF ANY KIND, EXPRESS OR\n IMPLIED, INCLUDING BUT NOT LIMITED TO THE WARRANTIES OF MERCHANTABILITY,\n FITNESS FOR A PARTICULAR PURPOSE AND NONINFRINGEMENT. IN NO EVENT SHALL THE\n AUTHORS OR COPYRIGHT HOLDERS BE LIABLE FOR ANY CLAIM, DAMAGES OR OTHER\n LIABILITY, WHETHER IN AN ACTION OF CONTRACT, TORT OR OTHERWISE, ARISING\n FROM, OUT OF OR IN CONNECTION WITH THE SOFTWARE OR THE USE OR OTHER DEALINGS\n IN THE SOFTWARE.\n*/\nfunction ia(a,b,c){this.a=a;this.b=b||1;this.f=c||1};var ja=Array.prototype.indexOf?function(a,b){return Array.prototype.indexOf.call(a,b,void 0)}:function(a,b){if(\"string\"===typeof a)return\"string\"!==typeof b||1!=b.length?-1:a.indexOf(b,0);for(var c=0;c<a.length;c++)if(c in a&&a[c]===b)return c;return-1},n=Array.prototype.forEach?function(a,b){Array.prototype.forEach.call(a,b,void 0)}:function(a,b){for(var c=a.length,d=\"string\"===typeof a?a.split(\"\"):a,e=0;e<c;e++)e in d&&b.call(void 0,d[e],e,a)},ka=Array.prototype.filter?function(a,b){return Array.prototype.filter.call(a,\nb,void 0)}:function(a,b){for(var c=a.length,d=[],e=0,f=\"string\"===typeof a?a.split(\"\"):a,g=0;g<c;g++)if(g in f){var h=f[g];b.call(void 0,h,g,a)&&(d[e++]=h)}return d},la=Array.prototype.reduce?function(a,b,c){return Array.prototype.reduce.call(a,b,c)}:function(a,b,c){var d=c;n(a,function(e,f){d=b.call(void 0,d,e,f,a)});return d},ma=Array.prototype.some?function(a,b){return Array.prototype.some.call(a,b,void 0)}:function(a,b){for(var c=a.length,d=\"string\"===typeof a?a.split(\"\"):a,e=0;e<c;e++)if(e in\nd&&b.call(void 0,d[e],e,a))return!0;return!1},na=Array.prototype.every?function(a,b){return Array.prototype.every.call(a,b,void 0)}:function(a,b){for(var c=a.length,d=\"string\"===typeof a?a.split(\"\"):a,e=0;e<c;e++)if(e in d&&!b.call(void 0,d[e],e,a))return!1;return!0};function oa(a,b){a:{for(var c=a.length,d=\"string\"===typeof a?a.split(\"\"):a,e=0;e<c;e++)if(e in d&&b.call(void 0,d[e],e,a)){b=e;break a}b=-1}return 0>b?null:\"string\"===typeof a?a.charAt(b):a[b]}\nfunction pa(a){return Array.prototype.concat.apply([],arguments)}function qa(a,b,c){return 2>=arguments.length?Array.prototype.slice.call(a,b):Array.prototype.slice.call(a,b,c)};var ra=String.prototype.trim?function(a){return a.trim()}:function(a){return/^[\\s\\xa0]*([\\s\\S]*?)[\\s\\xa0]*$/.exec(a)[1]};function sa(a,b){return a<b?-1:a>b?1:0};var t;a:{var ta=k.navigator;if(ta){var ua=ta.userAgent;if(ua){t=ua;break a}}t=\"\"}function u(a){return-1!=t.indexOf(a)};function va(){return u(\"Firefox\")||u(\"FxiOS\")}function wa(){return(u(\"Chrome\")||u(\"CriOS\"))&&!u(\"Edge\")};function xa(a){return String(a).replace(/\\-([a-z])/g,function(b,c){return c.toUpperCase()})};function ya(){return u(\"iPhone\")&&!u(\"iPod\")&&!u(\"iPad\")};function za(a,b){var c=Aa;return Object.prototype.hasOwnProperty.call(c,a)?c[a]:c[a]=b(a)};var Ba=u(\"Opera\"),v=u(\"Trident\")||u(\"MSIE\"),Ca=u(\"Edge\"),Da=u(\"Gecko\")&&!(-1!=t.toLowerCase().indexOf(\"webkit\")&&!u(\"Edge\"))&&!(u(\"Trident\")||u(\"MSIE\"))&&!u(\"Edge\"),Ea=-1!=t.toLowerCase().indexOf(\"webkit\")&&!u(\"Edge\");function Fa(){var a=k.document;return a?a.documentMode:void 0}var Ga;\na:{var Ha=\"\",Ia=function(){var a=t;if(Da)return/rv:([^\\);]+)(\\)|;)/.exec(a);if(Ca)return/Edge\\/([\\d\\.]+)/.exec(a);if(v)return/\\b(?:MSIE|rv)[: ]([^\\);]+)(\\)|;)/.exec(a);if(Ea)return/WebKit\\/(\\S+)/.exec(a);if(Ba)return/(?:Version)[ \\/]?(\\S+)/.exec(a)}();Ia&&(Ha=Ia?Ia[1]:\"\");if(v){var Ja=Fa();if(null!=Ja&&Ja>parseFloat(Ha)){Ga=String(Ja);break a}}Ga=Ha}var Aa={};\nfunction Ka(a){return za(a,function(){for(var b=0,c=ra(String(Ga)).split(\".\"),d=ra(String(a)).split(\".\"),e=Math.max(c.length,d.length),f=0;0==b&&f<e;f++){var g=c[f]||\"\",h=d[f]||\"\";do{g=/(\\d*)(\\D*)(.*)/.exec(g)||[\"\",\"\",\"\",\"\"];h=/(\\d*)(\\D*)(.*)/.exec(h)||[\"\",\"\",\"\",\"\"];if(0==g[0].length&&0==h[0].length)break;b=sa(0==g[1].length?0:parseInt(g[1],10),0==h[1].length?0:parseInt(h[1],10))||sa(0==g[2].length,0==h[2].length)||sa(g[2],h[2]);g=g[3];h=h[3]}while(0==b)}return 0<=b})}var La;\nLa=k.document&&v?Fa():void 0;var x=v&&!(9<=Number(La)),Ma=v&&!(8<=Number(La));function Na(a,b,c,d){this.a=a;this.nodeName=c;this.nodeValue=d;this.nodeType=2;this.parentNode=this.ownerElement=b}function Oa(a,b){var c=Ma&&\"href\"==b.nodeName?a.getAttribute(b.nodeName,2):b.nodeValue;return new Na(b,a,b.nodeName,c)};function Pa(a){this.b=a;this.a=0}function Qa(a){a=a.match(Ra);for(var b=0;b<a.length;b++)Sa.test(a[b])&&a.splice(b,1);return new Pa(a)}var Ra=/\\$?(?:(?![0-9-\\.])(?:\\*|[\\w-\\.]+):)?(?![0-9-\\.])(?:\\*|[\\w-\\.]+)|\\/\\/|\\.\\.|::|\\d+(?:\\.\\d*)?|\\.\\d+|\"[^\"]*\"|'[^']*'|[!<>]=|\\s+|./g,Sa=/^\\s/;function y(a,b){return a.b[a.a+(b||0)]}function z(a){return a.b[a.a++]}function Ta(a){return a.b.length<=a.a};function Ua(a,b){this.x=void 0!==a?a:0;this.y=void 0!==b?b:0}Ua.prototype.ceil=function(){this.x=Math.ceil(this.x);this.y=Math.ceil(this.y);return this};Ua.prototype.floor=function(){this.x=Math.floor(this.x);this.y=Math.floor(this.y);return this};Ua.prototype.round=function(){this.x=Math.round(this.x);this.y=Math.round(this.y);return this};function Va(a,b){this.width=a;this.height=b}Va.prototype.aspectRatio=function(){return this.width/this.height};Va.prototype.ceil=function(){this.width=Math.ceil(this.width);this.height=Math.ceil(this.height);return this};Va.prototype.floor=function(){this.width=Math.floor(this.width);this.height=Math.floor(this.height);return this};Va.prototype.round=function(){this.width=Math.round(this.width);this.height=Math.round(this.height);return this};function Wa(a,b){if(!a||!b)return!1;if(a.contains&&1==b.nodeType)return a==b||a.contains(b);if(\"undefined\"!=typeof a.compareDocumentPosition)return a==b||!!(a.compareDocumentPosition(b)&16);for(;b&&a!=b;)b=b.parentNode;return b==a}\nfunction Xa(a,b){if(a==b)return 0;if(a.compareDocumentPosition)return a.compareDocumentPosition(b)&2?1:-1;if(v&&!(9<=Number(La))){if(9==a.nodeType)return-1;if(9==b.nodeType)return 1}if(\"sourceIndex\"in a||a.parentNode&&\"sourceIndex\"in a.parentNode){var c=1==a.nodeType,d=1==b.nodeType;if(c&&d)return a.sourceIndex-b.sourceIndex;var e=a.parentNode,f=b.parentNode;return e==f?Ya(a,b):!c&&Wa(e,b)?-1*Za(a,b):!d&&Wa(f,a)?Za(b,a):(c?a.sourceIndex:e.sourceIndex)-(d?b.sourceIndex:f.sourceIndex)}d=A(a);c=d.createRange();\nc.selectNode(a);c.collapse(!0);a=d.createRange();a.selectNode(b);a.collapse(!0);return c.compareBoundaryPoints(k.Range.START_TO_END,a)}function Za(a,b){var c=a.parentNode;if(c==b)return-1;for(;b.parentNode!=c;)b=b.parentNode;return Ya(b,a)}function Ya(a,b){for(;b=b.previousSibling;)if(b==a)return-1;return 1}function A(a){return 9==a.nodeType?a:a.ownerDocument||a.document}function $a(a,b){a&&(a=a.parentNode);for(var c=0;a;){if(b(a))return a;a=a.parentNode;c++}return null}\nfunction ab(a){this.a=a||k.document||document}ab.prototype.getElementsByTagName=function(a,b){return(b||this.a).getElementsByTagName(String(a))};function B(a){var b=null,c=a.nodeType;1==c&&(b=a.textContent,b=void 0==b||null==b?a.innerText:b,b=void 0==b||null==b?\"\":b);if(\"string\"!=typeof b)if(x&&\"title\"==a.nodeName.toLowerCase()&&1==c)b=a.text;else if(9==c||1==c){a=9==c?a.documentElement:a.firstChild;c=0;var d=[];for(b=\"\";a;){do 1!=a.nodeType&&(b+=a.nodeValue),x&&\"title\"==a.nodeName.toLowerCase()&&(b+=a.text),d[c++]=a;while(a=a.firstChild);for(;c&&!(a=d[--c].nextSibling););}}else b=a.nodeValue;return b}\nfunction C(a,b,c){if(null===b)return!0;try{if(!a.getAttribute)return!1}catch(d){return!1}Ma&&\"class\"==b&&(b=\"className\");return null==c?!!a.getAttribute(b):a.getAttribute(b,2)==c}function bb(a,b,c,d,e){return(x?cb:db).call(null,a,b,aa(c)?c:null,aa(d)?d:null,e||new E)}\nfunction cb(a,b,c,d,e){if(a instanceof F||8==a.b||c&&null===a.b){var f=b.all;if(!f)return e;a=eb(a);if(\"*\"!=a&&(f=b.getElementsByTagName(a),!f))return e;if(c){for(var g=[],h=0;b=f[h++];)C(b,c,d)&&g.push(b);f=g}for(h=0;b=f[h++];)\"*\"==a&&\"!\"==b.tagName||e.add(b);return e}gb(a,b,c,d,e);return e}\nfunction db(a,b,c,d,e){b.getElementsByName&&d&&\"name\"==c&&!v?(b=b.getElementsByName(d),n(b,function(f){a.a(f)&&e.add(f)})):b.getElementsByClassName&&d&&\"class\"==c?(b=b.getElementsByClassName(d),n(b,function(f){f.className==d&&a.a(f)&&e.add(f)})):a instanceof G?gb(a,b,c,d,e):b.getElementsByTagName&&(b=b.getElementsByTagName(a.f()),n(b,function(f){C(f,c,d)&&e.add(f)}));return e}\nfunction hb(a,b,c,d,e){var f;if((a instanceof F||8==a.b||c&&null===a.b)&&(f=b.childNodes)){var g=eb(a);if(\"*\"!=g&&(f=ka(f,function(h){return h.tagName&&h.tagName.toLowerCase()==g}),!f))return e;c&&(f=ka(f,function(h){return C(h,c,d)}));n(f,function(h){\"*\"==g&&(\"!\"==h.tagName||\"*\"==g&&1!=h.nodeType)||e.add(h)});return e}return ib(a,b,c,d,e)}function ib(a,b,c,d,e){for(b=b.firstChild;b;b=b.nextSibling)C(b,c,d)&&a.a(b)&&e.add(b);return e}\nfunction gb(a,b,c,d,e){for(b=b.firstChild;b;b=b.nextSibling)C(b,c,d)&&a.a(b)&&e.add(b),gb(a,b,c,d,e)}function eb(a){if(a instanceof G){if(8==a.b)return\"!\";if(null===a.b)return\"*\"}return a.f()};function E(){this.b=this.a=null;this.l=0}function jb(a){this.f=a;this.a=this.b=null}function kb(a,b){if(!a.a)return b;if(!b.a)return a;var c=a.a;b=b.a;for(var d=null,e,f=0;c&&b;){e=c.f;var g=b.f;e==g||e instanceof Na&&g instanceof Na&&e.a==g.a?(e=c,c=c.a,b=b.a):0<Xa(c.f,b.f)?(e=b,b=b.a):(e=c,c=c.a);(e.b=d)?d.a=e:a.a=e;d=e;f++}for(e=c||b;e;)e.b=d,d=d.a=e,f++,e=e.a;a.b=d;a.l=f;return a}function lb(a,b){b=new jb(b);b.a=a.a;a.b?a.a.b=b:a.a=a.b=b;a.a=b;a.l++}\nE.prototype.add=function(a){a=new jb(a);a.b=this.b;this.a?this.b.a=a:this.a=this.b=a;this.b=a;this.l++};function mb(a){return(a=a.a)?a.f:null}function nb(a){return(a=mb(a))?B(a):\"\"}function H(a,b){return new ob(a,!!b)}function ob(a,b){this.f=a;this.b=(this.s=b)?a.b:a.a;this.a=null}function I(a){var b=a.b;if(null==b)return null;var c=a.a=b;a.b=a.s?b.b:b.a;return c.f};function J(a){this.i=a;this.b=this.g=!1;this.f=null}function K(a){return\"\\n  \"+a.toString().split(\"\\n\").join(\"\\n  \")}function pb(a,b){a.g=b}function qb(a,b){a.b=b}function N(a,b){a=a.a(b);return a instanceof E?+nb(a):+a}function O(a,b){a=a.a(b);return a instanceof E?nb(a):\"\"+a}function rb(a,b){a=a.a(b);return a instanceof E?!!a.l:!!a};function sb(a,b,c){J.call(this,a.i);this.c=a;this.h=b;this.o=c;this.g=b.g||c.g;this.b=b.b||c.b;this.c==tb&&(c.b||c.g||4==c.i||0==c.i||!b.f?b.b||b.g||4==b.i||0==b.i||!c.f||(this.f={name:c.f.name,u:b}):this.f={name:b.f.name,u:c})}l(sb,J);\nfunction ub(a,b,c,d,e){b=b.a(d);c=c.a(d);var f;if(b instanceof E&&c instanceof E){b=H(b);for(d=I(b);d;d=I(b))for(e=H(c),f=I(e);f;f=I(e))if(a(B(d),B(f)))return!0;return!1}if(b instanceof E||c instanceof E){b instanceof E?(e=b,d=c):(e=c,d=b);f=H(e);for(var g=typeof d,h=I(f);h;h=I(f)){switch(g){case \"number\":h=+B(h);break;case \"boolean\":h=!!B(h);break;case \"string\":h=B(h);break;default:throw Error(\"Illegal primitive type for comparison.\");}if(e==b&&a(h,d)||e==c&&a(d,h))return!0}return!1}return e?\"boolean\"==\ntypeof b||\"boolean\"==typeof c?a(!!b,!!c):\"number\"==typeof b||\"number\"==typeof c?a(+b,+c):a(b,c):a(+b,+c)}sb.prototype.a=function(a){return this.c.m(this.h,this.o,a)};sb.prototype.toString=function(){var a=\"Binary Expression: \"+this.c;a+=K(this.h);return a+=K(this.o)};function vb(a,b,c,d){this.I=a;this.D=b;this.i=c;this.m=d}vb.prototype.toString=function(){return this.I};var wb={};\nfunction P(a,b,c,d){if(wb.hasOwnProperty(a))throw Error(\"Binary operator already created: \"+a);a=new vb(a,b,c,d);return wb[a.toString()]=a}P(\"div\",6,1,function(a,b,c){return N(a,c)/N(b,c)});P(\"mod\",6,1,function(a,b,c){return N(a,c)%N(b,c)});P(\"*\",6,1,function(a,b,c){return N(a,c)*N(b,c)});P(\"+\",5,1,function(a,b,c){return N(a,c)+N(b,c)});P(\"-\",5,1,function(a,b,c){return N(a,c)-N(b,c)});P(\"<\",4,2,function(a,b,c){return ub(function(d,e){return d<e},a,b,c)});\nP(\">\",4,2,function(a,b,c){return ub(function(d,e){return d>e},a,b,c)});P(\"<=\",4,2,function(a,b,c){return ub(function(d,e){return d<=e},a,b,c)});P(\">=\",4,2,function(a,b,c){return ub(function(d,e){return d>=e},a,b,c)});var tb=P(\"=\",3,2,function(a,b,c){return ub(function(d,e){return d==e},a,b,c,!0)});P(\"!=\",3,2,function(a,b,c){return ub(function(d,e){return d!=e},a,b,c,!0)});P(\"and\",2,2,function(a,b,c){return rb(a,c)&&rb(b,c)});P(\"or\",1,2,function(a,b,c){return rb(a,c)||rb(b,c)});function xb(a,b){if(b.a.length&&4!=a.i)throw Error(\"Primary expression must evaluate to nodeset if filter has predicate(s).\");J.call(this,a.i);this.c=a;this.h=b;this.g=a.g;this.b=a.b}l(xb,J);xb.prototype.a=function(a){a=this.c.a(a);return yb(this.h,a)};xb.prototype.toString=function(){var a=\"Filter:\"+K(this.c);return a+=K(this.h)};function zb(a,b){if(b.length<a.C)throw Error(\"Function \"+a.j+\" expects at least\"+a.C+\" arguments, \"+b.length+\" given\");if(null!==a.B&&b.length>a.B)throw Error(\"Function \"+a.j+\" expects at most \"+a.B+\" arguments, \"+b.length+\" given\");a.H&&n(b,function(c,d){if(4!=c.i)throw Error(\"Argument \"+d+\" to function \"+a.j+\" is not of type Nodeset: \"+c);});J.call(this,a.i);this.v=a;this.c=b;pb(this,a.g||ma(b,function(c){return c.g}));qb(this,a.G&&!b.length||a.F&&!!b.length||ma(b,function(c){return c.b}))}\nl(zb,J);zb.prototype.a=function(a){return this.v.m.apply(null,pa(a,this.c))};zb.prototype.toString=function(){var a=\"Function: \"+this.v;if(this.c.length){var b=la(this.c,function(c,d){return c+K(d)},\"Arguments:\");a+=K(b)}return a};function Ab(a,b,c,d,e,f,g,h){this.j=a;this.i=b;this.g=c;this.G=d;this.F=!1;this.m=e;this.C=f;this.B=void 0!==g?g:f;this.H=!!h}Ab.prototype.toString=function(){return this.j};var Bb={};\nfunction Q(a,b,c,d,e,f,g,h){if(Bb.hasOwnProperty(a))throw Error(\"Function already created: \"+a+\".\");Bb[a]=new Ab(a,b,c,d,e,f,g,h)}Q(\"boolean\",2,!1,!1,function(a,b){return rb(b,a)},1);Q(\"ceiling\",1,!1,!1,function(a,b){return Math.ceil(N(b,a))},1);Q(\"concat\",3,!1,!1,function(a,b){return la(qa(arguments,1),function(c,d){return c+O(d,a)},\"\")},2,null);Q(\"contains\",2,!1,!1,function(a,b,c){b=O(b,a);a=O(c,a);return-1!=b.indexOf(a)},2);Q(\"count\",1,!1,!1,function(a,b){return b.a(a).l},1,1,!0);\nQ(\"false\",2,!1,!1,function(){return!1},0);Q(\"floor\",1,!1,!1,function(a,b){return Math.floor(N(b,a))},1);Q(\"id\",4,!1,!1,function(a,b){function c(h){if(x){var m=e.all[h];if(m){if(m.nodeType&&h==m.id)return m;if(m.length)return oa(m,function(w){return h==w.id})}return null}return e.getElementById(h)}var d=a.a,e=9==d.nodeType?d:d.ownerDocument;a=O(b,a).split(/\\s+/);var f=[];n(a,function(h){h=c(h);!h||0<=ja(f,h)||f.push(h)});f.sort(Xa);var g=new E;n(f,function(h){g.add(h)});return g},1);\nQ(\"lang\",2,!1,!1,function(){return!1},1);Q(\"last\",1,!0,!1,function(a){if(1!=arguments.length)throw Error(\"Function last expects ()\");return a.f},0);Q(\"local-name\",3,!1,!0,function(a,b){return(a=b?mb(b.a(a)):a.a)?a.localName||a.nodeName.toLowerCase():\"\"},0,1,!0);Q(\"name\",3,!1,!0,function(a,b){return(a=b?mb(b.a(a)):a.a)?a.nodeName.toLowerCase():\"\"},0,1,!0);Q(\"namespace-uri\",3,!0,!1,function(){return\"\"},0,1,!0);\nQ(\"normalize-space\",3,!1,!0,function(a,b){return(b?O(b,a):B(a.a)).replace(/[\\s\\xa0]+/g,\" \").replace(/^\\s+|\\s+$/g,\"\")},0,1);Q(\"not\",2,!1,!1,function(a,b){return!rb(b,a)},1);Q(\"number\",1,!1,!0,function(a,b){return b?N(b,a):+B(a.a)},0,1);Q(\"position\",1,!0,!1,function(a){return a.b},0);Q(\"round\",1,!1,!1,function(a,b){return Math.round(N(b,a))},1);Q(\"starts-with\",2,!1,!1,function(a,b,c){b=O(b,a);a=O(c,a);return 0==b.lastIndexOf(a,0)},2);Q(\"string\",3,!1,!0,function(a,b){return b?O(b,a):B(a.a)},0,1);\nQ(\"string-length\",1,!1,!0,function(a,b){return(b?O(b,a):B(a.a)).length},0,1);Q(\"substring\",3,!1,!1,function(a,b,c,d){c=N(c,a);if(isNaN(c)||Infinity==c||-Infinity==c)return\"\";d=d?N(d,a):Infinity;if(isNaN(d)||-Infinity===d)return\"\";c=Math.round(c)-1;var e=Math.max(c,0);a=O(b,a);return Infinity==d?a.substring(e):a.substring(e,c+Math.round(d))},2,3);Q(\"substring-after\",3,!1,!1,function(a,b,c){b=O(b,a);a=O(c,a);c=b.indexOf(a);return-1==c?\"\":b.substring(c+a.length)},2);\nQ(\"substring-before\",3,!1,!1,function(a,b,c){b=O(b,a);a=O(c,a);a=b.indexOf(a);return-1==a?\"\":b.substring(0,a)},2);Q(\"sum\",1,!1,!1,function(a,b){a=H(b.a(a));b=0;for(var c=I(a);c;c=I(a))b+=+B(c);return b},1,1,!0);Q(\"translate\",3,!1,!1,function(a,b,c,d){b=O(b,a);c=O(c,a);var e=O(d,a);a={};for(d=0;d<c.length;d++){var f=c.charAt(d);f in a||(a[f]=e.charAt(d))}c=\"\";for(d=0;d<b.length;d++)f=b.charAt(d),c+=f in a?a[f]:f;return c},3);Q(\"true\",2,!1,!1,function(){return!0},0);function G(a,b){this.h=a;this.c=void 0!==b?b:null;this.b=null;switch(a){case \"comment\":this.b=8;break;case \"text\":this.b=3;break;case \"processing-instruction\":this.b=7;break;case \"node\":break;default:throw Error(\"Unexpected argument\");}}function Cb(a){return\"comment\"==a||\"text\"==a||\"processing-instruction\"==a||\"node\"==a}G.prototype.a=function(a){return null===this.b||this.b==a.nodeType};G.prototype.f=function(){return this.h};\nG.prototype.toString=function(){var a=\"Kind Test: \"+this.h;null===this.c||(a+=K(this.c));return a};function Db(a){J.call(this,3);this.c=a.substring(1,a.length-1)}l(Db,J);Db.prototype.a=function(){return this.c};Db.prototype.toString=function(){return\"Literal: \"+this.c};function F(a,b){this.j=a.toLowerCase();a=\"*\"==this.j?\"*\":\"http://www.w3.org/1999/xhtml\";this.c=b?b.toLowerCase():a}F.prototype.a=function(a){var b=a.nodeType;if(1!=b&&2!=b)return!1;b=void 0!==a.localName?a.localName:a.nodeName;return\"*\"!=this.j&&this.j!=b.toLowerCase()?!1:\"*\"==this.c?!0:this.c==(a.namespaceURI?a.namespaceURI.toLowerCase():\"http://www.w3.org/1999/xhtml\")};F.prototype.f=function(){return this.j};\nF.prototype.toString=function(){return\"Name Test: \"+(\"http://www.w3.org/1999/xhtml\"==this.c?\"\":this.c+\":\")+this.j};function Eb(a){J.call(this,1);this.c=a}l(Eb,J);Eb.prototype.a=function(){return this.c};Eb.prototype.toString=function(){return\"Number: \"+this.c};function Fb(a,b){J.call(this,a.i);this.h=a;this.c=b;this.g=a.g;this.b=a.b;1==this.c.length&&(a=this.c[0],a.A||a.c!=Gb||(a=a.o,\"*\"!=a.f()&&(this.f={name:a.f(),u:null})))}l(Fb,J);function Hb(){J.call(this,4)}l(Hb,J);Hb.prototype.a=function(a){var b=new E;a=a.a;9==a.nodeType?b.add(a):b.add(a.ownerDocument);return b};Hb.prototype.toString=function(){return\"Root Helper Expression\"};function Ib(){J.call(this,4)}l(Ib,J);Ib.prototype.a=function(a){var b=new E;b.add(a.a);return b};Ib.prototype.toString=function(){return\"Context Helper Expression\"};\nfunction Jb(a){return\"/\"==a||\"//\"==a}Fb.prototype.a=function(a){var b=this.h.a(a);if(!(b instanceof E))throw Error(\"Filter expression must evaluate to nodeset.\");a=this.c;for(var c=0,d=a.length;c<d&&b.l;c++){var e=a[c],f=H(b,e.c.s);if(e.g||e.c!=Kb)if(e.g||e.c!=Lb){var g=I(f);for(b=e.a(new ia(g));null!=(g=I(f));)g=e.a(new ia(g)),b=kb(b,g)}else g=I(f),b=e.a(new ia(g));else{for(g=I(f);(b=I(f))&&(!g.contains||g.contains(b))&&b.compareDocumentPosition(g)&8;g=b);b=e.a(new ia(g))}}return b};\nFb.prototype.toString=function(){var a=\"Path Expression:\"+K(this.h);if(this.c.length){var b=la(this.c,function(c,d){return c+K(d)},\"Steps:\");a+=K(b)}return a};function Mb(a,b){this.a=a;this.s=!!b}\nfunction yb(a,b,c){for(c=c||0;c<a.a.length;c++)for(var d=a.a[c],e=H(b),f=b.l,g,h=0;g=I(e);h++){var m=a.s?f-h:h+1;g=d.a(new ia(g,m,f));if(\"number\"==typeof g)m=m==g;else if(\"string\"==typeof g||\"boolean\"==typeof g)m=!!g;else if(g instanceof E)m=0<g.l;else throw Error(\"Predicate.evaluate returned an unexpected type.\");if(!m){m=e;g=m.f;var w=m.a;if(!w)throw Error(\"Next must be called at least once before remove.\");var r=w.b;w=w.a;r?r.a=w:g.a=w;w?w.b=r:g.b=r;g.l--;m.a=null}}return b}\nMb.prototype.toString=function(){return la(this.a,function(a,b){return a+K(b)},\"Predicates:\")};function R(a,b,c,d){J.call(this,4);this.c=a;this.o=b;this.h=c||new Mb([]);this.A=!!d;b=this.h;b=0<b.a.length?b.a[0].f:null;a.J&&b&&(a=b.name,a=x?a.toLowerCase():a,this.f={name:a,u:b.u});a:{a=this.h;for(b=0;b<a.a.length;b++)if(c=a.a[b],c.g||1==c.i||0==c.i){a=!0;break a}a=!1}this.g=a}l(R,J);\nR.prototype.a=function(a){var b=a.a,c=this.f,d=null,e=null,f=0;c&&(d=c.name,e=c.u?O(c.u,a):null,f=1);if(this.A)if(this.g||this.c!=Nb)if(b=H((new R(Ob,new G(\"node\"))).a(a)),c=I(b))for(a=this.m(c,d,e,f);null!=(c=I(b));)a=kb(a,this.m(c,d,e,f));else a=new E;else a=bb(this.o,b,d,e),a=yb(this.h,a,f);else a=this.m(a.a,d,e,f);return a};R.prototype.m=function(a,b,c,d){a=this.c.v(this.o,a,b,c);return a=yb(this.h,a,d)};\nR.prototype.toString=function(){var a=\"Step:\"+K(\"Operator: \"+(this.A?\"//\":\"/\"));this.c.j&&(a+=K(\"Axis: \"+this.c));a+=K(this.o);if(this.h.a.length){var b=la(this.h.a,function(c,d){return c+K(d)},\"Predicates:\");a+=K(b)}return a};function Pb(a,b,c,d){this.j=a;this.v=b;this.s=c;this.J=d}Pb.prototype.toString=function(){return this.j};var Qb={};function S(a,b,c,d){if(Qb.hasOwnProperty(a))throw Error(\"Axis already created: \"+a);b=new Pb(a,b,c,!!d);return Qb[a]=b}\nS(\"ancestor\",function(a,b){for(var c=new E;b=b.parentNode;)a.a(b)&&lb(c,b);return c},!0);S(\"ancestor-or-self\",function(a,b){var c=new E;do a.a(b)&&lb(c,b);while(b=b.parentNode);return c},!0);\nvar Gb=S(\"attribute\",function(a,b){var c=new E,d=a.f();if(\"style\"==d&&x&&b.style)return c.add(new Na(b.style,b,\"style\",b.style.cssText)),c;var e=b.attributes;if(e)if(a instanceof G&&null===a.b||\"*\"==d)for(a=0;d=e[a];a++)x?d.nodeValue&&c.add(Oa(b,d)):c.add(d);else(d=e.getNamedItem(d))&&(x?d.nodeValue&&c.add(Oa(b,d)):c.add(d));return c},!1),Nb=S(\"child\",function(a,b,c,d,e){return(x?hb:ib).call(null,a,b,aa(c)?c:null,aa(d)?d:null,e||new E)},!1,!0);S(\"descendant\",bb,!1,!0);\nvar Ob=S(\"descendant-or-self\",function(a,b,c,d){var e=new E;C(b,c,d)&&a.a(b)&&e.add(b);return bb(a,b,c,d,e)},!1,!0),Kb=S(\"following\",function(a,b,c,d){var e=new E;do for(var f=b;f=f.nextSibling;)C(f,c,d)&&a.a(f)&&e.add(f),e=bb(a,f,c,d,e);while(b=b.parentNode);return e},!1,!0);S(\"following-sibling\",function(a,b){for(var c=new E;b=b.nextSibling;)a.a(b)&&c.add(b);return c},!1);S(\"namespace\",function(){return new E},!1);\nvar Rb=S(\"parent\",function(a,b){var c=new E;if(9==b.nodeType)return c;if(2==b.nodeType)return c.add(b.ownerElement),c;b=b.parentNode;a.a(b)&&c.add(b);return c},!1),Lb=S(\"preceding\",function(a,b,c,d){var e=new E,f=[];do f.unshift(b);while(b=b.parentNode);for(var g=1,h=f.length;g<h;g++){var m=[];for(b=f[g];b=b.previousSibling;)m.unshift(b);for(var w=0,r=m.length;w<r;w++)b=m[w],C(b,c,d)&&a.a(b)&&e.add(b),e=bb(a,b,c,d,e)}return e},!0,!0);\nS(\"preceding-sibling\",function(a,b){for(var c=new E;b=b.previousSibling;)a.a(b)&&lb(c,b);return c},!0);var Sb=S(\"self\",function(a,b){var c=new E;a.a(b)&&c.add(b);return c},!1);function Tb(a){J.call(this,1);this.c=a;this.g=a.g;this.b=a.b}l(Tb,J);Tb.prototype.a=function(a){return-N(this.c,a)};Tb.prototype.toString=function(){return\"Unary Expression: -\"+K(this.c)};function Ub(a){J.call(this,4);this.c=a;pb(this,ma(this.c,function(b){return b.g}));qb(this,ma(this.c,function(b){return b.b}))}l(Ub,J);Ub.prototype.a=function(a){var b=new E;n(this.c,function(c){c=c.a(a);if(!(c instanceof E))throw Error(\"Path expression must evaluate to NodeSet.\");b=kb(b,c)});return b};Ub.prototype.toString=function(){return la(this.c,function(a,b){return a+K(b)},\"Union Expression:\")};function Vb(a,b){this.a=a;this.b=b}function Yb(a){for(var b,c=[];;){T(a,\"Missing right hand side of binary expression.\");b=Zb(a);var d=z(a.a);if(!d)break;var e=(d=wb[d]||null)&&d.D;if(!e){a.a.a--;break}for(;c.length&&e<=c[c.length-1].D;)b=new sb(c.pop(),c.pop(),b);c.push(b,d)}for(;c.length;)b=new sb(c.pop(),c.pop(),b);return b}function T(a,b){if(Ta(a.a))throw Error(b);}function $b(a,b){a=z(a.a);if(a!=b)throw Error(\"Bad token, expected: \"+b+\" got: \"+a);}\nfunction ac(a){a=z(a.a);if(\")\"!=a)throw Error(\"Bad token: \"+a);}function bc(a){a=z(a.a);if(2>a.length)throw Error(\"Unclosed literal string\");return new Db(a)}\nfunction cc(a){var b=[];if(Jb(y(a.a))){var c=z(a.a);var d=y(a.a);if(\"/\"==c&&(Ta(a.a)||\".\"!=d&&\"..\"!=d&&\"@\"!=d&&\"*\"!=d&&!/(?![0-9])[\\w]/.test(d)))return new Hb;d=new Hb;T(a,\"Missing next location step.\");c=dc(a,c);b.push(c)}else{a:{c=y(a.a);d=c.charAt(0);switch(d){case \"$\":throw Error(\"Variable reference not allowed in HTML XPath\");case \"(\":z(a.a);c=Yb(a);T(a,'unclosed \"(\"');$b(a,\")\");break;case '\"':case \"'\":c=bc(a);break;default:if(isNaN(+c))if(!Cb(c)&&/(?![0-9])[\\w]/.test(d)&&\"(\"==y(a.a,1)){c=z(a.a);\nc=Bb[c]||null;z(a.a);for(d=[];\")\"!=y(a.a);){T(a,\"Missing function argument list.\");d.push(Yb(a));if(\",\"!=y(a.a))break;z(a.a)}T(a,\"Unclosed function argument list.\");ac(a);c=new zb(c,d)}else{c=null;break a}else c=new Eb(+z(a.a))}\"[\"==y(a.a)&&(d=new Mb(ec(a)),c=new xb(c,d))}if(c)if(Jb(y(a.a)))d=c;else return c;else c=dc(a,\"/\"),d=new Ib,b.push(c)}for(;Jb(y(a.a));)c=z(a.a),T(a,\"Missing next location step.\"),c=dc(a,c),b.push(c);return new Fb(d,b)}\nfunction dc(a,b){if(\"/\"!=b&&\"//\"!=b)throw Error('Step op should be \"/\" or \"//\"');if(\".\"==y(a.a)){var c=new R(Sb,new G(\"node\"));z(a.a);return c}if(\"..\"==y(a.a))return c=new R(Rb,new G(\"node\")),z(a.a),c;if(\"@\"==y(a.a)){var d=Gb;z(a.a);T(a,\"Missing attribute name\")}else if(\"::\"==y(a.a,1)){if(!/(?![0-9])[\\w]/.test(y(a.a).charAt(0)))throw Error(\"Bad token: \"+z(a.a));var e=z(a.a);d=Qb[e]||null;if(!d)throw Error(\"No axis with name: \"+e);z(a.a);T(a,\"Missing node name\")}else d=Nb;e=y(a.a);if(/(?![0-9])[\\w\\*]/.test(e.charAt(0)))if(\"(\"==\ny(a.a,1)){if(!Cb(e))throw Error(\"Invalid node type: \"+e);e=z(a.a);if(!Cb(e))throw Error(\"Invalid type name: \"+e);$b(a,\"(\");T(a,\"Bad nodetype\");var f=y(a.a).charAt(0),g=null;if('\"'==f||\"'\"==f)g=bc(a);T(a,\"Bad nodetype\");ac(a);e=new G(e,g)}else if(e=z(a.a),f=e.indexOf(\":\"),-1==f)e=new F(e);else{g=e.substring(0,f);if(\"*\"==g)var h=\"*\";else if(h=a.b(g),!h)throw Error(\"Namespace prefix not declared: \"+g);e=e.substr(f+1);e=new F(e,h)}else throw Error(\"Bad token: \"+z(a.a));a=new Mb(ec(a),d.s);return c||new R(d,\ne,a,\"//\"==b)}function ec(a){for(var b=[];\"[\"==y(a.a);){z(a.a);T(a,\"Missing predicate expression.\");var c=Yb(a);b.push(c);T(a,\"Unclosed predicate expression.\");$b(a,\"]\")}return b}function Zb(a){if(\"-\"==y(a.a))return z(a.a),new Tb(Zb(a));var b=cc(a);if(\"|\"!=y(a.a))a=b;else{for(b=[b];\"|\"==z(a.a);)T(a,\"Missing next union location path.\"),b.push(cc(a));a.a.a--;a=new Ub(b)}return a};function fc(a){switch(a.nodeType){case 1:return ha(gc,a);case 9:return fc(a.documentElement);case 11:case 10:case 6:case 12:return hc;default:return a.parentNode?fc(a.parentNode):hc}}function hc(){return null}function gc(a,b){if(a.prefix==b)return a.namespaceURI||\"http://www.w3.org/1999/xhtml\";var c=a.getAttributeNode(\"xmlns:\"+b);return c&&c.specified?c.value||null:a.parentNode&&9!=a.parentNode.nodeType?gc(a.parentNode,b):null};function ic(a,b){if(!a.length)throw Error(\"Empty XPath expression.\");a=Qa(a);if(Ta(a))throw Error(\"Invalid XPath expression.\");b?\"function\"==ca(b)||(b=fa(b.lookupNamespaceURI,b)):b=function(){return null};var c=Yb(new Vb(a,b));if(!Ta(a))throw Error(\"Bad token: \"+z(a));this.evaluate=function(d,e){d=c.a(new ia(d));return new U(d,e)}}\nfunction U(a,b){if(0==b)if(a instanceof E)b=4;else if(\"string\"==typeof a)b=2;else if(\"number\"==typeof a)b=1;else if(\"boolean\"==typeof a)b=3;else throw Error(\"Unexpected evaluation result.\");if(2!=b&&1!=b&&3!=b&&!(a instanceof E))throw Error(\"value could not be converted to the specified type\");this.resultType=b;switch(b){case 2:this.stringValue=a instanceof E?nb(a):\"\"+a;break;case 1:this.numberValue=a instanceof E?+nb(a):+a;break;case 3:this.booleanValue=a instanceof E?0<a.l:!!a;break;case 4:case 5:case 6:case 7:var c=\nH(a);var d=[];for(var e=I(c);e;e=I(c))d.push(e instanceof Na?e.a:e);this.snapshotLength=a.l;this.invalidIteratorState=!1;break;case 8:case 9:a=mb(a);this.singleNodeValue=a instanceof Na?a.a:a;break;default:throw Error(\"Unknown XPathResult type.\");}var f=0;this.iterateNext=function(){if(4!=b&&5!=b)throw Error(\"iterateNext called with wrong result type\");return f>=d.length?null:d[f++]};this.snapshotItem=function(g){if(6!=b&&7!=b)throw Error(\"snapshotItem called with wrong result type\");return g>=d.length||\n0>g?null:d[g]}}U.ANY_TYPE=0;U.NUMBER_TYPE=1;U.STRING_TYPE=2;U.BOOLEAN_TYPE=3;U.UNORDERED_NODE_ITERATOR_TYPE=4;U.ORDERED_NODE_ITERATOR_TYPE=5;U.UNORDERED_NODE_SNAPSHOT_TYPE=6;U.ORDERED_NODE_SNAPSHOT_TYPE=7;U.ANY_UNORDERED_NODE_TYPE=8;U.FIRST_ORDERED_NODE_TYPE=9;function jc(a){this.lookupNamespaceURI=fc(a)}\nfunction kc(a,b){a=a||k;var c=a.Document&&a.Document.prototype||a.document;if(!c.evaluate||b)a.XPathResult=U,c.evaluate=function(d,e,f,g){return(new ic(d,f)).evaluate(e,g)},c.createExpression=function(d,e){return new ic(d,e)},c.createNSResolver=function(d){return new jc(d)}}ba(\"wgxpath.install\",kc);ba(\"wgxpath.install\",kc);var lc={aliceblue:\"#f0f8ff\",antiquewhite:\"#faebd7\",aqua:\"#00ffff\",aquamarine:\"#7fffd4\",azure:\"#f0ffff\",beige:\"#f5f5dc\",bisque:\"#ffe4c4\",black:\"#000000\",blanchedalmond:\"#ffebcd\",blue:\"#0000ff\",blueviolet:\"#8a2be2\",brown:\"#a52a2a\",burlywood:\"#deb887\",cadetblue:\"#5f9ea0\",chartreuse:\"#7fff00\",chocolate:\"#d2691e\",coral:\"#ff7f50\",cornflowerblue:\"#6495ed\",cornsilk:\"#fff8dc\",crimson:\"#dc143c\",cyan:\"#00ffff\",darkblue:\"#00008b\",darkcyan:\"#008b8b\",darkgoldenrod:\"#b8860b\",darkgray:\"#a9a9a9\",darkgreen:\"#006400\",\ndarkgrey:\"#a9a9a9\",darkkhaki:\"#bdb76b\",darkmagenta:\"#8b008b\",darkolivegreen:\"#556b2f\",darkorange:\"#ff8c00\",darkorchid:\"#9932cc\",darkred:\"#8b0000\",darksalmon:\"#e9967a\",darkseagreen:\"#8fbc8f\",darkslateblue:\"#483d8b\",darkslategray:\"#2f4f4f\",darkslategrey:\"#2f4f4f\",darkturquoise:\"#00ced1\",darkviolet:\"#9400d3\",deeppink:\"#ff1493\",deepskyblue:\"#00bfff\",dimgray:\"#696969\",dimgrey:\"#696969\",dodgerblue:\"#1e90ff\",firebrick:\"#b22222\",floralwhite:\"#fffaf0\",forestgreen:\"#228b22\",fuchsia:\"#ff00ff\",gainsboro:\"#dcdcdc\",\nghostwhite:\"#f8f8ff\",gold:\"#ffd700\",goldenrod:\"#daa520\",gray:\"#808080\",green:\"#008000\",greenyellow:\"#adff2f\",grey:\"#808080\",honeydew:\"#f0fff0\",hotpink:\"#ff69b4\",indianred:\"#cd5c5c\",indigo:\"#4b0082\",ivory:\"#fffff0\",khaki:\"#f0e68c\",lavender:\"#e6e6fa\",lavenderblush:\"#fff0f5\",lawngreen:\"#7cfc00\",lemonchiffon:\"#fffacd\",lightblue:\"#add8e6\",lightcoral:\"#f08080\",lightcyan:\"#e0ffff\",lightgoldenrodyellow:\"#fafad2\",lightgray:\"#d3d3d3\",lightgreen:\"#90ee90\",lightgrey:\"#d3d3d3\",lightpink:\"#ffb6c1\",lightsalmon:\"#ffa07a\",\nlightseagreen:\"#20b2aa\",lightskyblue:\"#87cefa\",lightslategray:\"#778899\",lightslategrey:\"#778899\",lightsteelblue:\"#b0c4de\",lightyellow:\"#ffffe0\",lime:\"#00ff00\",limegreen:\"#32cd32\",linen:\"#faf0e6\",magenta:\"#ff00ff\",maroon:\"#800000\",mediumaquamarine:\"#66cdaa\",mediumblue:\"#0000cd\",mediumorchid:\"#ba55d3\",mediumpurple:\"#9370db\",mediumseagreen:\"#3cb371\",mediumslateblue:\"#7b68ee\",mediumspringgreen:\"#00fa9a\",mediumturquoise:\"#48d1cc\",mediumvioletred:\"#c71585\",midnightblue:\"#191970\",mintcream:\"#f5fffa\",mistyrose:\"#ffe4e1\",\nmoccasin:\"#ffe4b5\",navajowhite:\"#ffdead\",navy:\"#000080\",oldlace:\"#fdf5e6\",olive:\"#808000\",olivedrab:\"#6b8e23\",orange:\"#ffa500\",orangered:\"#ff4500\",orchid:\"#da70d6\",palegoldenrod:\"#eee8aa\",palegreen:\"#98fb98\",paleturquoise:\"#afeeee\",palevioletred:\"#db7093\",papayawhip:\"#ffefd5\",peachpuff:\"#ffdab9\",peru:\"#cd853f\",pink:\"#ffc0cb\",plum:\"#dda0dd\",powderblue:\"#b0e0e6\",purple:\"#800080\",red:\"#ff0000\",rosybrown:\"#bc8f8f\",royalblue:\"#4169e1\",saddlebrown:\"#8b4513\",salmon:\"#fa8072\",sandybrown:\"#f4a460\",seagreen:\"#2e8b57\",\nseashell:\"#fff5ee\",sienna:\"#a0522d\",silver:\"#c0c0c0\",skyblue:\"#87ceeb\",slateblue:\"#6a5acd\",slategray:\"#708090\",slategrey:\"#708090\",snow:\"#fffafa\",springgreen:\"#00ff7f\",steelblue:\"#4682b4\",tan:\"#d2b48c\",teal:\"#008080\",thistle:\"#d8bfd8\",tomato:\"#ff6347\",turquoise:\"#40e0d0\",violet:\"#ee82ee\",wheat:\"#f5deb3\",white:\"#ffffff\",whitesmoke:\"#f5f5f5\",yellow:\"#ffff00\",yellowgreen:\"#9acd32\"};var mc=\"backgroundColor borderTopColor borderRightColor borderBottomColor borderLeftColor color outlineColor\".split(\" \"),nc=/#([0-9a-fA-F])([0-9a-fA-F])([0-9a-fA-F])/,oc=/^#(?:[0-9a-f]{3}){1,2}$/i,pc=/^(?:rgba)?\\((\\d{1,3}),\\s?(\\d{1,3}),\\s?(\\d{1,3}),\\s?(0|1|0\\.\\d*)\\)$/i,qc=/^(?:rgb)?\\((0|[1-9]\\d{0,2}),\\s?(0|[1-9]\\d{0,2}),\\s?(0|[1-9]\\d{0,2})\\)$/i;function rc(a,b){this.code=a;this.a=V[a]||sc;this.message=b||\"\";a=this.a.replace(/((?:^|\\s+)[a-z])/g,function(c){return c.toUpperCase().replace(/^[\\s\\xa0]+/g,\"\")});b=a.length-5;if(0>b||a.indexOf(\"Error\",b)!=b)a+=\"Error\";this.name=a;a=Error(this.message);a.name=this.name;this.stack=a.stack||\"\"}l(rc,Error);var sc=\"unknown error\",V={15:\"element not selectable\",11:\"element not visible\"};V[31]=sc;V[30]=sc;V[24]=\"invalid cookie domain\";V[29]=\"invalid element coordinates\";V[12]=\"invalid element state\";\nV[32]=\"invalid selector\";V[51]=\"invalid selector\";V[52]=\"invalid selector\";V[17]=\"javascript error\";V[405]=\"unsupported operation\";V[34]=\"move target out of bounds\";V[27]=\"no such alert\";V[7]=\"no such element\";V[8]=\"no such frame\";V[23]=\"no such window\";V[28]=\"script timeout\";V[33]=\"session not created\";V[10]=\"stale element reference\";V[21]=\"timeout\";V[25]=\"unable to set cookie\";V[26]=\"unexpected alert open\";V[13]=sc;V[9]=\"unknown command\";var tc=va(),uc=ya()||u(\"iPod\"),vc=u(\"iPad\"),wc=u(\"Android\")&&!(wa()||va()||u(\"Opera\")||u(\"Silk\")),xc=wa(),yc=u(\"Safari\")&&!(wa()||u(\"Coast\")||u(\"Opera\")||u(\"Edge\")||u(\"Edg/\")||u(\"OPR\")||va()||u(\"Silk\")||u(\"Android\"))&&!(ya()||u(\"iPad\")||u(\"iPod\"));function zc(a){return(a=a.exec(t))?a[1]:\"\"}(function(){if(tc)return zc(/Firefox\\/([0-9.]+)/);if(v||Ca||Ba)return Ga;if(xc)return ya()||u(\"iPad\")||u(\"iPod\")?zc(/CriOS\\/([0-9.]+)/):zc(/Chrome\\/([0-9.]+)/);if(yc&&!(ya()||u(\"iPad\")||u(\"iPod\")))return zc(/Version\\/([0-9.]+)/);if(uc||vc){var a=/Version\\/(\\S+).*Mobile\\/(\\S+)/.exec(t);if(a)return a[1]+\".\"+a[2]}else if(wc)return(a=zc(/Android\\s+([0-9.]+)/))?a:zc(/Version\\/([0-9.]+)/);return\"\"})();var Ac=v&&!(9<=Number(La));function W(a,b){b&&\"string\"!==typeof b&&(b=b.toString());return!!a&&1==a.nodeType&&(!b||a.tagName.toUpperCase()==b)};var Bc=function(){var a={K:\"http://www.w3.org/2000/svg\"};return function(b){return a[b]||null}}();\nfunction Cc(a,b){var c=A(a);if(!c.documentElement)return null;(v||wc)&&kc(c?c.parentWindow||c.defaultView:window);try{var d=c.createNSResolver?c.createNSResolver(c.documentElement):Bc;if(v&&!Ka(7))return c.evaluate.call(c,b,a,d,9,null);if(!v||9<=Number(La)){for(var e={},f=c.getElementsByTagName(\"*\"),g=0;g<f.length;++g){var h=f[g],m=h.namespaceURI;if(m&&!e[m]){var w=h.lookupPrefix(m);if(!w){var r=m.match(\".*/(\\\\w+)/?$\");w=r?r[1]:\"xhtml\"}e[m]=w}}var D={},L;for(L in e)D[e[L]]=L;d=function(M){return D[M]||\nnull}}try{return c.evaluate(b,a,d,9,null)}catch(M){if(\"TypeError\"===M.name)return d=c.createNSResolver?c.createNSResolver(c.documentElement):Bc,c.evaluate(b,a,d,9,null);throw M;}}catch(M){if(!Da||\"NS_ERROR_ILLEGAL_VALUE\"!=M.name)throw new rc(32,\"Unable to locate an element with the xpath expression \"+b+\" because of the following error:\\n\"+M);}}\nfunction Dc(a,b){var c=function(){var d=Cc(b,a);return d?d.singleNodeValue||null:b.selectSingleNode?(d=A(b),d.setProperty&&d.setProperty(\"SelectionLanguage\",\"XPath\"),b.selectSingleNode(a)):null}();if(null!==c&&(!c||1!=c.nodeType))throw new rc(32,'The result of the xpath expression \"'+a+'\" is: '+c+\". It should be an element.\");return c};function Ec(a,b,c,d){this.c=a;this.a=b;this.b=c;this.f=d}Ec.prototype.ceil=function(){this.c=Math.ceil(this.c);this.a=Math.ceil(this.a);this.b=Math.ceil(this.b);this.f=Math.ceil(this.f);return this};Ec.prototype.floor=function(){this.c=Math.floor(this.c);this.a=Math.floor(this.a);this.b=Math.floor(this.b);this.f=Math.floor(this.f);return this};Ec.prototype.round=function(){this.c=Math.round(this.c);this.a=Math.round(this.a);this.b=Math.round(this.b);this.f=Math.round(this.f);return this};function X(a,b,c,d){this.a=a;this.b=b;this.width=c;this.height=d}X.prototype.ceil=function(){this.a=Math.ceil(this.a);this.b=Math.ceil(this.b);this.width=Math.ceil(this.width);this.height=Math.ceil(this.height);return this};X.prototype.floor=function(){this.a=Math.floor(this.a);this.b=Math.floor(this.b);this.width=Math.floor(this.width);this.height=Math.floor(this.height);return this};\nX.prototype.round=function(){this.a=Math.round(this.a);this.b=Math.round(this.b);this.width=Math.round(this.width);this.height=Math.round(this.height);return this};var Fc=\"function\"===typeof ShadowRoot;function Gc(a){for(a=a.parentNode;a&&1!=a.nodeType&&9!=a.nodeType&&11!=a.nodeType;)a=a.parentNode;return W(a)?a:null}\nfunction Y(a,b){b=xa(b);if(\"float\"==b||\"cssFloat\"==b||\"styleFloat\"==b)b=Ac?\"styleFloat\":\"cssFloat\";a:{var c=b;var d=A(a);if(d.defaultView&&d.defaultView.getComputedStyle&&(d=d.defaultView.getComputedStyle(a,null))){c=d[c]||d.getPropertyValue(c)||\"\";break a}c=\"\"}a=c||Hc(a,b);if(null===a)a=null;else if(0<=ja(mc,b)){b:{var e=a.match(pc);if(e&&(b=Number(e[1]),c=Number(e[2]),d=Number(e[3]),e=Number(e[4]),0<=b&&255>=b&&0<=c&&255>=c&&0<=d&&255>=d&&0<=e&&1>=e)){b=[b,c,d,e];break b}b=null}if(!b)b:{if(d=a.match(qc))if(b=\nNumber(d[1]),c=Number(d[2]),d=Number(d[3]),0<=b&&255>=b&&0<=c&&255>=c&&0<=d&&255>=d){b=[b,c,d,1];break b}b=null}if(!b)b:{b=a.toLowerCase();c=lc[b.toLowerCase()];if(!c&&(c=\"#\"==b.charAt(0)?b:\"#\"+b,4==c.length&&(c=c.replace(nc,\"#$1$1$2$2$3$3\")),!oc.test(c))){b=null;break b}b=[parseInt(c.substr(1,2),16),parseInt(c.substr(3,2),16),parseInt(c.substr(5,2),16),1]}a=b?\"rgba(\"+b.join(\", \")+\")\":a}return a}\nfunction Hc(a,b){var c=a.currentStyle||a.style,d=c[b];void 0===d&&\"function\"==ca(c.getPropertyValue)&&(d=c.getPropertyValue(b));return\"inherit\"!=d?void 0!==d?d:null:(a=Gc(a))?Hc(a,b):null}\nfunction Ic(a,b,c){function d(g){var h=Jc(g);return 0<h.height&&0<h.width?!0:W(g,\"PATH\")&&(0<h.height||0<h.width)?(g=Y(g,\"stroke-width\"),!!g&&0<parseInt(g,10)):\"hidden\"!=Y(g,\"overflow\")&&ma(g.childNodes,function(m){return 3==m.nodeType||W(m)&&d(m)})}function e(g){return Kc(g)==Z&&na(g.childNodes,function(h){return!W(h)||e(h)||!d(h)})}if(!W(a))throw Error(\"Argument to isShown must be of type Element\");if(W(a,\"BODY\"))return!0;if(W(a,\"OPTION\")||W(a,\"OPTGROUP\"))return a=$a(a,function(g){return W(g,\"SELECT\")}),\n!!a&&Ic(a,!0,c);var f=Lc(a);if(f)return!!f.image&&0<f.rect.width&&0<f.rect.height&&Ic(f.image,b,c);if(W(a,\"INPUT\")&&\"hidden\"==a.type.toLowerCase()||W(a,\"NOSCRIPT\"))return!1;f=Y(a,\"visibility\");return\"collapse\"!=f&&\"hidden\"!=f&&c(a)&&(b||0!=Mc(a))&&d(a)?!e(a):!1}var Z=\"hidden\";\nfunction Kc(a){function b(p){function q(fb){if(fb==g)return!0;var Wb=Y(fb,\"display\");return 0==Wb.lastIndexOf(\"inline\",0)||\"contents\"==Wb||\"absolute\"==Xb&&\"static\"==Y(fb,\"position\")?!1:!0}var Xb=Y(p,\"position\");if(\"fixed\"==Xb)return w=!0,p==g?null:g;for(p=Gc(p);p&&!q(p);)p=Gc(p);return p}function c(p){var q=p;if(\"visible\"==m)if(p==g&&h)q=h;else if(p==h)return{x:\"visible\",y:\"visible\"};q={x:Y(q,\"overflow-x\"),y:Y(q,\"overflow-y\")};p==g&&(q.x=\"visible\"==q.x?\"auto\":q.x,q.y=\"visible\"==q.y?\"auto\":q.y);return q}\nfunction d(p){if(p==g){var q=(new ab(f)).a;p=q.scrollingElement?q.scrollingElement:Ea||\"CSS1Compat\"!=q.compatMode?q.body||q.documentElement:q.documentElement;q=q.parentWindow||q.defaultView;p=v&&Ka(\"10\")&&q.pageYOffset!=p.scrollTop?new Ua(p.scrollLeft,p.scrollTop):new Ua(q.pageXOffset||p.scrollLeft,q.pageYOffset||p.scrollTop)}else p=new Ua(p.scrollLeft,p.scrollTop);return p}var e=Nc(a),f=A(a),g=f.documentElement,h=f.body,m=Y(g,\"overflow\"),w;for(a=b(a);a;a=b(a)){var r=c(a);if(\"visible\"!=r.x||\"visible\"!=\nr.y){var D=Jc(a);if(0==D.width||0==D.height)return Z;var L=e.a<D.a,M=e.b<D.b;if(L&&\"hidden\"==r.x||M&&\"hidden\"==r.y)return Z;if(L&&\"visible\"!=r.x||M&&\"visible\"!=r.y){L=d(a);M=e.b<D.b-L.y;if(e.a<D.a-L.x&&\"visible\"!=r.x||M&&\"visible\"!=r.x)return Z;e=Kc(a);return e==Z?Z:\"scroll\"}L=e.f>=D.a+D.width;D=e.c>=D.b+D.height;if(L&&\"hidden\"==r.x||D&&\"hidden\"==r.y)return Z;if(L&&\"visible\"!=r.x||D&&\"visible\"!=r.y){if(w&&(r=d(a),e.f>=g.scrollWidth-r.x||e.a>=g.scrollHeight-r.y))return Z;e=Kc(a);return e==Z?Z:\"scroll\"}}}return\"none\"}\nfunction Jc(a){var b=Lc(a);if(b)return b.rect;if(W(a,\"HTML\"))return a=A(a),a=((a?a.parentWindow||a.defaultView:window)||window).document,a=\"CSS1Compat\"==a.compatMode?a.documentElement:a.body,a=new Va(a.clientWidth,a.clientHeight),new X(0,0,a.width,a.height);try{var c=a.getBoundingClientRect()}catch(d){return new X(0,0,0,0)}b=new X(c.left,c.top,c.right-c.left,c.bottom-c.top);v&&a.ownerDocument.body&&(a=A(a),b.a-=a.documentElement.clientLeft+a.body.clientLeft,b.b-=a.documentElement.clientTop+a.body.clientTop);\nreturn b}function Lc(a){var b=W(a,\"MAP\");if(!b&&!W(a,\"AREA\"))return null;var c=b?a:W(a.parentNode,\"MAP\")?a.parentNode:null,d=null,e=null;c&&c.name&&(d=Dc('/descendant::*[@usemap = \"#'+c.name+'\"]',A(c)))&&(e=Jc(d),b||\"default\"==a.shape.toLowerCase()||(a=Oc(a),b=Math.min(Math.max(a.a,0),e.width),c=Math.min(Math.max(a.b,0),e.height),e=new X(b+e.a,c+e.b,Math.min(a.width,e.width-b),Math.min(a.height,e.height-c))));return{image:d,rect:e||new X(0,0,0,0)}}\nfunction Oc(a){var b=a.shape.toLowerCase();a=a.coords.split(\",\");if(\"rect\"==b&&4==a.length){b=a[0];var c=a[1];return new X(b,c,a[2]-b,a[3]-c)}if(\"circle\"==b&&3==a.length)return b=a[2],new X(a[0]-b,a[1]-b,2*b,2*b);if(\"poly\"==b&&2<a.length){b=a[0];c=a[1];for(var d=b,e=c,f=2;f+1<a.length;f+=2)b=Math.min(b,a[f]),d=Math.max(d,a[f]),c=Math.min(c,a[f+1]),e=Math.max(e,a[f+1]);return new X(b,c,d-b,e-c)}return new X(0,0,0,0)}function Nc(a){a=Jc(a);return new Ec(a.b,a.a+a.width,a.b+a.height,a.a)}\nfunction Mc(a){if(Ac){if(\"relative\"==Y(a,\"position\"))return 1;a=Y(a,\"filter\");return(a=a.match(/^alpha\\(opacity=(\\d*)\\)/)||a.match(/^progid:DXImageTransform.Microsoft.Alpha\\(Opacity=(\\d*)\\)/))?Number(a[1])/100:1}return Pc(a)}function Pc(a){var b=1,c=Y(a,\"opacity\");c&&(b=Number(c));(a=Gc(a))&&(b*=Pc(a));return b};ba(\"_\",function(a,b){function c(d){if(W(d)&&\"none\"==Y(d,\"display\"))return!1;var e;if((e=d.parentNode)&&e.shadowRoot&&void 0!==d.assignedSlot)e=d.assignedSlot?d.assignedSlot.parentNode:null;else if(d.getDestinationInsertionPoints){var f=d.getDestinationInsertionPoints();0<f.length&&(e=f[f.length-1])}if(Fc&&e instanceof ShadowRoot){if(e.host.shadowRoot!==e)return!1;e=e.host}return!e||9!=e.nodeType&&11!=e.nodeType?e&&W(e,\"DETAILS\")&&!e.open&&!W(d,\"SUMMARY\")?!1:!!e&&c(e):!0}return Ic(a,!!b,c)});; return this._.apply(null,arguments);}).apply({navigator:typeof window!='undefined'?window.navigator:null,document:typeof window!='undefined'?window.document:null}, arguments);}\n).apply(null, arguments);", "args": [{"element-6066-11e4-a52e-4f735466cecf": "f.79622DA940D870A453092AF735DA60D6.d.E768620207747D2B494CBE9E68314D09.e.55"}]}
DEBUG    urllib3.connectionpool:connectionpool.py:544 http://selenium-hub:4444 "POST /wd/hub/session/5aadbad870835be2b7ca50b04b408df3/execute/sync HTTP/1.1" 200 0
DEBUG    selenium.webdriver.remote.remote_connection:remote_connection.py:329 Remote response: status=200 | data={"value":true} | headers=HTTPHeaderDict({'content-length': '14', 'content-type': 'application/json; charset=utf-8', 'cache-control': 'no-cache'})
DEBUG    selenium.webdriver.remote.remote_connection:remote_connection.py:356 Finished Request
DEBUG    selenium.webdriver.remote.remote_connection:remote_connection.py:313 GET http://selenium-hub:4444/wd/hub/session/5aadbad870835be2b7ca50b04b408df3/element/f.79622DA940D870A453092AF735DA60D6.d.E768620207747D2B494CBE9E68314D09.e.55/enabled {}
DEBUG    urllib3.connectionpool:connectionpool.py:544 http://selenium-hub:4444 "GET /wd/hub/session/5aadbad870835be2b7ca50b04b408df3/element/f.79622DA940D870A453092AF735DA60D6.d.E768620207747D2B494CBE9E68314D09.e.55/enabled HTTP/1.1" 200 0
DEBUG    selenium.webdriver.remote.remote_connection:remote_connection.py:329 Remote response: status=200 | data={"value":true} | headers=HTTPHeaderDict({'content-length': '14', 'content-type': 'application/json; charset=utf-8', 'cache-control': 'no-cache'})
DEBUG    selenium.webdriver.remote.remote_connection:remote_connection.py:356 Finished Request
DEBUG    selenium.webdriver.remote.remote_connection:remote_connection.py:313 POST http://selenium-hub:4444/wd/hub/session/5aadbad870835be2b7ca50b04b408df3/execute/sync {"script": "arguments[0].scrollIntoView(true);", "args": [{"element-6066-11e4-a52e-4f735466cecf": "f.79622DA940D870A453092AF735DA60D6.d.E768620207747D2B494CBE9E68314D09.e.55"}]}
DEBUG    urllib3.connectionpool:connectionpool.py:544 http://selenium-hub:4444 "POST /wd/hub/session/5aadbad870835be2b7ca50b04b408df3/execute/sync HTTP/1.1" 200 0
DEBUG    selenium.webdriver.remote.remote_connection:remote_connection.py:329 Remote response: status=200 | data={"value":null} | headers=HTTPHeaderDict({'content-length': '14', 'content-type': 'application/json; charset=utf-8', 'cache-control': 'no-cache'})
DEBUG    selenium.webdriver.remote.remote_connection:remote_connection.py:356 Finished Request
DEBUG    selenium.webdriver.remote.remote_connection:remote_connection.py:313 POST http://selenium-hub:4444/wd/hub/session/5aadbad870835be2b7ca50b04b408df3/element/f.79622DA940D870A453092AF735DA60D6.d.E768620207747D2B494CBE9E68314D09.e.55/click {}
DEBUG    urllib3.connectionpool:connectionpool.py:544 http://selenium-hub:4444 "POST /wd/hub/session/5aadbad870835be2b7ca50b04b408df3/element/f.79622DA940D870A453092AF735DA60D6.d.E768620207747D2B494CBE9E68314D09.e.55/click HTTP/1.1" 200 0
DEBUG    selenium.webdriver.remote.remote_connection:remote_connection.py:329 Remote response: status=200 | data={"value":null} | headers=HTTPHeaderDict({'content-length': '14', 'content-type': 'application/json; charset=utf-8', 'cache-control': 'no-cache'})
DEBUG    selenium.webdriver.remote.remote_connection:remote_connection.py:356 Finished Request
DEBUG    selenium.webdriver.remote.remote_connection:remote_connection.py:313 POST http://selenium-hub:4444/wd/hub/session/5aadbad870835be2b7ca50b04b408df3/element {"using": "css selector", "value": "button[data-testid='add-new-note']"}
DEBUG    urllib3.connectionpool:connectionpool.py:544 http://selenium-hub:4444 "POST /wd/hub/session/5aadbad870835be2b7ca50b04b408df3/element HTTP/1.1" 200 0
DEBUG    selenium.webdriver.remote.remote_connection:remote_connection.py:329 Remote response: status=200 | data={"value":{"element-6066-11e4-a52e-4f735466cecf":"f.79622DA940D870A453092AF735DA60D6.d.E768620207747D2B494CBE9E68314D09.e.255"}} | headers=HTTPHeaderDict({'content-length': '127', 'content-type': 'application/json; charset=utf-8', 'cache-control': 'no-cache'})
DEBUG    selenium.webdriver.remote.remote_connection:remote_connection.py:356 Finished Request
DEBUG    selenium.webdriver.remote.remote_connection:remote_connection.py:313 POST http://selenium-hub:4444/wd/hub/session/5aadbad870835be2b7ca50b04b408df3/execute/sync {"script": "/* isDisplayed */return (function(){return (function(){var k=this||self;function aa(a){return\"string\"==typeof a}function ba(a,b){a=a.split(\".\");var c=k;a[0]in c||\"undefined\"==typeof c.execScript||c.execScript(\"var \"+a[0]);for(var d;a.length&&(d=a.shift());)a.length||void 0===b?c[d]&&c[d]!==Object.prototype[d]?c=c[d]:c=c[d]={}:c[d]=b}\nfunction ca(a){var b=typeof a;if(\"object\"==b)if(a){if(a instanceof Array)return\"array\";if(a instanceof Object)return b;var c=Object.prototype.toString.call(a);if(\"[object Window]\"==c)return\"object\";if(\"[object Array]\"==c||\"number\"==typeof a.length&&\"undefined\"!=typeof a.splice&&\"undefined\"!=typeof a.propertyIsEnumerable&&!a.propertyIsEnumerable(\"splice\"))return\"array\";if(\"[object Function]\"==c||\"undefined\"!=typeof a.call&&\"undefined\"!=typeof a.propertyIsEnumerable&&!a.propertyIsEnumerable(\"call\"))return\"function\"}else return\"null\";\nelse if(\"function\"==b&&\"undefined\"==typeof a.call)return\"object\";return b}function da(a,b,c){return a.call.apply(a.bind,arguments)}function ea(a,b,c){if(!a)throw Error();if(2<arguments.length){var d=Array.prototype.slice.call(arguments,2);return function(){var e=Array.prototype.slice.call(arguments);Array.prototype.unshift.apply(e,d);return a.apply(b,e)}}return function(){return a.apply(b,arguments)}}\nfunction fa(a,b,c){Function.prototype.bind&&-1!=Function.prototype.bind.toString().indexOf(\"native code\")?fa=da:fa=ea;return fa.apply(null,arguments)}function ha(a,b){var c=Array.prototype.slice.call(arguments,1);return function(){var d=c.slice();d.push.apply(d,arguments);return a.apply(this,d)}}function l(a,b){function c(){}c.prototype=b.prototype;a.prototype=new c;a.prototype.constructor=a};/*\n\n The MIT License\n\n Copyright (c) 2007 Cybozu Labs, Inc.\n Copyright (c) 2012 Google Inc.\n\n Permission is hereby granted, free of charge, to any person obtaining a copy\n of this software and associated documentation files (the \"Software\"), to\n deal in the Software without restriction, including without limitation the\n rights to use, copy, modify, merge, publish, distribute, sublicense, and/or\n sell copies of the Software, and to permit persons to whom the Software is\n furnished to do so, subject to the following conditions:\n\n The above copyright notice and this permission notice shall be included in\n all copies or substantial portions of the Software.\n\n THE SOFTWARE IS PROVIDED \"AS IS\", WITHOUT WARRANTY OF ANY KIND, EXPRESS OR\n IMPLIED, INCLUDING BUT NOT LIMITED TO THE WARRANTIES OF MERCHANTABILITY,\n FITNESS FOR A PARTICULAR PURPOSE AND NONINFRINGEMENT. IN NO EVENT SHALL THE\n AUTHORS OR COPYRIGHT HOLDERS BE LIABLE FOR ANY CLAIM, DAMAGES OR OTHER\n LIABILITY, WHETHER IN AN ACTION OF CONTRACT, TORT OR OTHERWISE, ARISING\n FROM, OUT OF OR IN CONNECTION WITH THE SOFTWARE OR THE USE OR OTHER DEALINGS\n IN THE SOFTWARE.\n*/\nfunction ia(a,b,c){this.a=a;this.b=b||1;this.f=c||1};var ja=Array.prototype.indexOf?function(a,b){return Array.prototype.indexOf.call(a,b,void 0)}:function(a,b){if(\"string\"===typeof a)return\"string\"!==typeof b||1!=b.length?-1:a.indexOf(b,0);for(var c=0;c<a.length;c++)if(c in a&&a[c]===b)return c;return-1},n=Array.prototype.forEach?function(a,b){Array.prototype.forEach.call(a,b,void 0)}:function(a,b){for(var c=a.length,d=\"string\"===typeof a?a.split(\"\"):a,e=0;e<c;e++)e in d&&b.call(void 0,d[e],e,a)},ka=Array.prototype.filter?function(a,b){return Array.prototype.filter.call(a,\nb,void 0)}:function(a,b){for(var c=a.length,d=[],e=0,f=\"string\"===typeof a?a.split(\"\"):a,g=0;g<c;g++)if(g in f){var h=f[g];b.call(void 0,h,g,a)&&(d[e++]=h)}return d},la=Array.prototype.reduce?function(a,b,c){return Array.prototype.reduce.call(a,b,c)}:function(a,b,c){var d=c;n(a,function(e,f){d=b.call(void 0,d,e,f,a)});return d},ma=Array.prototype.some?function(a,b){return Array.prototype.some.call(a,b,void 0)}:function(a,b){for(var c=a.length,d=\"string\"===typeof a?a.split(\"\"):a,e=0;e<c;e++)if(e in\nd&&b.call(void 0,d[e],e,a))return!0;return!1},na=Array.prototype.every?function(a,b){return Array.prototype.every.call(a,b,void 0)}:function(a,b){for(var c=a.length,d=\"string\"===typeof a?a.split(\"\"):a,e=0;e<c;e++)if(e in d&&!b.call(void 0,d[e],e,a))return!1;return!0};function oa(a,b){a:{for(var c=a.length,d=\"string\"===typeof a?a.split(\"\"):a,e=0;e<c;e++)if(e in d&&b.call(void 0,d[e],e,a)){b=e;break a}b=-1}return 0>b?null:\"string\"===typeof a?a.charAt(b):a[b]}\nfunction pa(a){return Array.prototype.concat.apply([],arguments)}function qa(a,b,c){return 2>=arguments.length?Array.prototype.slice.call(a,b):Array.prototype.slice.call(a,b,c)};var ra=String.prototype.trim?function(a){return a.trim()}:function(a){return/^[\\s\\xa0]*([\\s\\S]*?)[\\s\\xa0]*$/.exec(a)[1]};function sa(a,b){return a<b?-1:a>b?1:0};var t;a:{var ta=k.navigator;if(ta){var ua=ta.userAgent;if(ua){t=ua;break a}}t=\"\"}function u(a){return-1!=t.indexOf(a)};function va(){return u(\"Firefox\")||u(\"FxiOS\")}function wa(){return(u(\"Chrome\")||u(\"CriOS\"))&&!u(\"Edge\")};function xa(a){return String(a).replace(/\\-([a-z])/g,function(b,c){return c.toUpperCase()})};function ya(){return u(\"iPhone\")&&!u(\"iPod\")&&!u(\"iPad\")};function za(a,b){var c=Aa;return Object.prototype.hasOwnProperty.call(c,a)?c[a]:c[a]=b(a)};var Ba=u(\"Opera\"),v=u(\"Trident\")||u(\"MSIE\"),Ca=u(\"Edge\"),Da=u(\"Gecko\")&&!(-1!=t.toLowerCase().indexOf(\"webkit\")&&!u(\"Edge\"))&&!(u(\"Trident\")||u(\"MSIE\"))&&!u(\"Edge\"),Ea=-1!=t.toLowerCase().indexOf(\"webkit\")&&!u(\"Edge\");function Fa(){var a=k.document;return a?a.documentMode:void 0}var Ga;\na:{var Ha=\"\",Ia=function(){var a=t;if(Da)return/rv:([^\\);]+)(\\)|;)/.exec(a);if(Ca)return/Edge\\/([\\d\\.]+)/.exec(a);if(v)return/\\b(?:MSIE|rv)[: ]([^\\);]+)(\\)|;)/.exec(a);if(Ea)return/WebKit\\/(\\S+)/.exec(a);if(Ba)return/(?:Version)[ \\/]?(\\S+)/.exec(a)}();Ia&&(Ha=Ia?Ia[1]:\"\");if(v){var Ja=Fa();if(null!=Ja&&Ja>parseFloat(Ha)){Ga=String(Ja);break a}}Ga=Ha}var Aa={};\nfunction Ka(a){return za(a,function(){for(var b=0,c=ra(String(Ga)).split(\".\"),d=ra(String(a)).split(\".\"),e=Math.max(c.length,d.length),f=0;0==b&&f<e;f++){var g=c[f]||\"\",h=d[f]||\"\";do{g=/(\\d*)(\\D*)(.*)/.exec(g)||[\"\",\"\",\"\",\"\"];h=/(\\d*)(\\D*)(.*)/.exec(h)||[\"\",\"\",\"\",\"\"];if(0==g[0].length&&0==h[0].length)break;b=sa(0==g[1].length?0:parseInt(g[1],10),0==h[1].length?0:parseInt(h[1],10))||sa(0==g[2].length,0==h[2].length)||sa(g[2],h[2]);g=g[3];h=h[3]}while(0==b)}return 0<=b})}var La;\nLa=k.document&&v?Fa():void 0;var x=v&&!(9<=Number(La)),Ma=v&&!(8<=Number(La));function Na(a,b,c,d){this.a=a;this.nodeName=c;this.nodeValue=d;this.nodeType=2;this.parentNode=this.ownerElement=b}function Oa(a,b){var c=Ma&&\"href\"==b.nodeName?a.getAttribute(b.nodeName,2):b.nodeValue;return new Na(b,a,b.nodeName,c)};function Pa(a){this.b=a;this.a=0}function Qa(a){a=a.match(Ra);for(var b=0;b<a.length;b++)Sa.test(a[b])&&a.splice(b,1);return new Pa(a)}var Ra=/\\$?(?:(?![0-9-\\.])(?:\\*|[\\w-\\.]+):)?(?![0-9-\\.])(?:\\*|[\\w-\\.]+)|\\/\\/|\\.\\.|::|\\d+(?:\\.\\d*)?|\\.\\d+|\"[^\"]*\"|'[^']*'|[!<>]=|\\s+|./g,Sa=/^\\s/;function y(a,b){return a.b[a.a+(b||0)]}function z(a){return a.b[a.a++]}function Ta(a){return a.b.length<=a.a};function Ua(a,b){this.x=void 0!==a?a:0;this.y=void 0!==b?b:0}Ua.prototype.ceil=function(){this.x=Math.ceil(this.x);this.y=Math.ceil(this.y);return this};Ua.prototype.floor=function(){this.x=Math.floor(this.x);this.y=Math.floor(this.y);return this};Ua.prototype.round=function(){this.x=Math.round(this.x);this.y=Math.round(this.y);return this};function Va(a,b){this.width=a;this.height=b}Va.prototype.aspectRatio=function(){return this.width/this.height};Va.prototype.ceil=function(){this.width=Math.ceil(this.width);this.height=Math.ceil(this.height);return this};Va.prototype.floor=function(){this.width=Math.floor(this.width);this.height=Math.floor(this.height);return this};Va.prototype.round=function(){this.width=Math.round(this.width);this.height=Math.round(this.height);return this};function Wa(a,b){if(!a||!b)return!1;if(a.contains&&1==b.nodeType)return a==b||a.contains(b);if(\"undefined\"!=typeof a.compareDocumentPosition)return a==b||!!(a.compareDocumentPosition(b)&16);for(;b&&a!=b;)b=b.parentNode;return b==a}\nfunction Xa(a,b){if(a==b)return 0;if(a.compareDocumentPosition)return a.compareDocumentPosition(b)&2?1:-1;if(v&&!(9<=Number(La))){if(9==a.nodeType)return-1;if(9==b.nodeType)return 1}if(\"sourceIndex\"in a||a.parentNode&&\"sourceIndex\"in a.parentNode){var c=1==a.nodeType,d=1==b.nodeType;if(c&&d)return a.sourceIndex-b.sourceIndex;var e=a.parentNode,f=b.parentNode;return e==f?Ya(a,b):!c&&Wa(e,b)?-1*Za(a,b):!d&&Wa(f,a)?Za(b,a):(c?a.sourceIndex:e.sourceIndex)-(d?b.sourceIndex:f.sourceIndex)}d=A(a);c=d.createRange();\nc.selectNode(a);c.collapse(!0);a=d.createRange();a.selectNode(b);a.collapse(!0);return c.compareBoundaryPoints(k.Range.START_TO_END,a)}function Za(a,b){var c=a.parentNode;if(c==b)return-1;for(;b.parentNode!=c;)b=b.parentNode;return Ya(b,a)}function Ya(a,b){for(;b=b.previousSibling;)if(b==a)return-1;return 1}function A(a){return 9==a.nodeType?a:a.ownerDocument||a.document}function $a(a,b){a&&(a=a.parentNode);for(var c=0;a;){if(b(a))return a;a=a.parentNode;c++}return null}\nfunction ab(a){this.a=a||k.document||document}ab.prototype.getElementsByTagName=function(a,b){return(b||this.a).getElementsByTagName(String(a))};function B(a){var b=null,c=a.nodeType;1==c&&(b=a.textContent,b=void 0==b||null==b?a.innerText:b,b=void 0==b||null==b?\"\":b);if(\"string\"!=typeof b)if(x&&\"title\"==a.nodeName.toLowerCase()&&1==c)b=a.text;else if(9==c||1==c){a=9==c?a.documentElement:a.firstChild;c=0;var d=[];for(b=\"\";a;){do 1!=a.nodeType&&(b+=a.nodeValue),x&&\"title\"==a.nodeName.toLowerCase()&&(b+=a.text),d[c++]=a;while(a=a.firstChild);for(;c&&!(a=d[--c].nextSibling););}}else b=a.nodeValue;return b}\nfunction C(a,b,c){if(null===b)return!0;try{if(!a.getAttribute)return!1}catch(d){return!1}Ma&&\"class\"==b&&(b=\"className\");return null==c?!!a.getAttribute(b):a.getAttribute(b,2)==c}function bb(a,b,c,d,e){return(x?cb:db).call(null,a,b,aa(c)?c:null,aa(d)?d:null,e||new E)}\nfunction cb(a,b,c,d,e){if(a instanceof F||8==a.b||c&&null===a.b){var f=b.all;if(!f)return e;a=eb(a);if(\"*\"!=a&&(f=b.getElementsByTagName(a),!f))return e;if(c){for(var g=[],h=0;b=f[h++];)C(b,c,d)&&g.push(b);f=g}for(h=0;b=f[h++];)\"*\"==a&&\"!\"==b.tagName||e.add(b);return e}gb(a,b,c,d,e);return e}\nfunction db(a,b,c,d,e){b.getElementsByName&&d&&\"name\"==c&&!v?(b=b.getElementsByName(d),n(b,function(f){a.a(f)&&e.add(f)})):b.getElementsByClassName&&d&&\"class\"==c?(b=b.getElementsByClassName(d),n(b,function(f){f.className==d&&a.a(f)&&e.add(f)})):a instanceof G?gb(a,b,c,d,e):b.getElementsByTagName&&(b=b.getElementsByTagName(a.f()),n(b,function(f){C(f,c,d)&&e.add(f)}));return e}\nfunction hb(a,b,c,d,e){var f;if((a instanceof F||8==a.b||c&&null===a.b)&&(f=b.childNodes)){var g=eb(a);if(\"*\"!=g&&(f=ka(f,function(h){return h.tagName&&h.tagName.toLowerCase()==g}),!f))return e;c&&(f=ka(f,function(h){return C(h,c,d)}));n(f,function(h){\"*\"==g&&(\"!\"==h.tagName||\"*\"==g&&1!=h.nodeType)||e.add(h)});return e}return ib(a,b,c,d,e)}function ib(a,b,c,d,e){for(b=b.firstChild;b;b=b.nextSibling)C(b,c,d)&&a.a(b)&&e.add(b);return e}\nfunction gb(a,b,c,d,e){for(b=b.firstChild;b;b=b.nextSibling)C(b,c,d)&&a.a(b)&&e.add(b),gb(a,b,c,d,e)}function eb(a){if(a instanceof G){if(8==a.b)return\"!\";if(null===a.b)return\"*\"}return a.f()};function E(){this.b=this.a=null;this.l=0}function jb(a){this.f=a;this.a=this.b=null}function kb(a,b){if(!a.a)return b;if(!b.a)return a;var c=a.a;b=b.a;for(var d=null,e,f=0;c&&b;){e=c.f;var g=b.f;e==g||e instanceof Na&&g instanceof Na&&e.a==g.a?(e=c,c=c.a,b=b.a):0<Xa(c.f,b.f)?(e=b,b=b.a):(e=c,c=c.a);(e.b=d)?d.a=e:a.a=e;d=e;f++}for(e=c||b;e;)e.b=d,d=d.a=e,f++,e=e.a;a.b=d;a.l=f;return a}function lb(a,b){b=new jb(b);b.a=a.a;a.b?a.a.b=b:a.a=a.b=b;a.a=b;a.l++}\nE.prototype.add=function(a){a=new jb(a);a.b=this.b;this.a?this.b.a=a:this.a=this.b=a;this.b=a;this.l++};function mb(a){return(a=a.a)?a.f:null}function nb(a){return(a=mb(a))?B(a):\"\"}function H(a,b){return new ob(a,!!b)}function ob(a,b){this.f=a;this.b=(this.s=b)?a.b:a.a;this.a=null}function I(a){var b=a.b;if(null==b)return null;var c=a.a=b;a.b=a.s?b.b:b.a;return c.f};function J(a){this.i=a;this.b=this.g=!1;this.f=null}function K(a){return\"\\n  \"+a.toString().split(\"\\n\").join(\"\\n  \")}function pb(a,b){a.g=b}function qb(a,b){a.b=b}function N(a,b){a=a.a(b);return a instanceof E?+nb(a):+a}function O(a,b){a=a.a(b);return a instanceof E?nb(a):\"\"+a}function rb(a,b){a=a.a(b);return a instanceof E?!!a.l:!!a};function sb(a,b,c){J.call(this,a.i);this.c=a;this.h=b;this.o=c;this.g=b.g||c.g;this.b=b.b||c.b;this.c==tb&&(c.b||c.g||4==c.i||0==c.i||!b.f?b.b||b.g||4==b.i||0==b.i||!c.f||(this.f={name:c.f.name,u:b}):this.f={name:b.f.name,u:c})}l(sb,J);\nfunction ub(a,b,c,d,e){b=b.a(d);c=c.a(d);var f;if(b instanceof E&&c instanceof E){b=H(b);for(d=I(b);d;d=I(b))for(e=H(c),f=I(e);f;f=I(e))if(a(B(d),B(f)))return!0;return!1}if(b instanceof E||c instanceof E){b instanceof E?(e=b,d=c):(e=c,d=b);f=H(e);for(var g=typeof d,h=I(f);h;h=I(f)){switch(g){case \"number\":h=+B(h);break;case \"boolean\":h=!!B(h);break;case \"string\":h=B(h);break;default:throw Error(\"Illegal primitive type for comparison.\");}if(e==b&&a(h,d)||e==c&&a(d,h))return!0}return!1}return e?\"boolean\"==\ntypeof b||\"boolean\"==typeof c?a(!!b,!!c):\"number\"==typeof b||\"number\"==typeof c?a(+b,+c):a(b,c):a(+b,+c)}sb.prototype.a=function(a){return this.c.m(this.h,this.o,a)};sb.prototype.toString=function(){var a=\"Binary Expression: \"+this.c;a+=K(this.h);return a+=K(this.o)};function vb(a,b,c,d){this.I=a;this.D=b;this.i=c;this.m=d}vb.prototype.toString=function(){return this.I};var wb={};\nfunction P(a,b,c,d){if(wb.hasOwnProperty(a))throw Error(\"Binary operator already created: \"+a);a=new vb(a,b,c,d);return wb[a.toString()]=a}P(\"div\",6,1,function(a,b,c){return N(a,c)/N(b,c)});P(\"mod\",6,1,function(a,b,c){return N(a,c)%N(b,c)});P(\"*\",6,1,function(a,b,c){return N(a,c)*N(b,c)});P(\"+\",5,1,function(a,b,c){return N(a,c)+N(b,c)});P(\"-\",5,1,function(a,b,c){return N(a,c)-N(b,c)});P(\"<\",4,2,function(a,b,c){return ub(function(d,e){return d<e},a,b,c)});\nP(\">\",4,2,function(a,b,c){return ub(function(d,e){return d>e},a,b,c)});P(\"<=\",4,2,function(a,b,c){return ub(function(d,e){return d<=e},a,b,c)});P(\">=\",4,2,function(a,b,c){return ub(function(d,e){return d>=e},a,b,c)});var tb=P(\"=\",3,2,function(a,b,c){return ub(function(d,e){return d==e},a,b,c,!0)});P(\"!=\",3,2,function(a,b,c){return ub(function(d,e){return d!=e},a,b,c,!0)});P(\"and\",2,2,function(a,b,c){return rb(a,c)&&rb(b,c)});P(\"or\",1,2,function(a,b,c){return rb(a,c)||rb(b,c)});function xb(a,b){if(b.a.length&&4!=a.i)throw Error(\"Primary expression must evaluate to nodeset if filter has predicate(s).\");J.call(this,a.i);this.c=a;this.h=b;this.g=a.g;this.b=a.b}l(xb,J);xb.prototype.a=function(a){a=this.c.a(a);return yb(this.h,a)};xb.prototype.toString=function(){var a=\"Filter:\"+K(this.c);return a+=K(this.h)};function zb(a,b){if(b.length<a.C)throw Error(\"Function \"+a.j+\" expects at least\"+a.C+\" arguments, \"+b.length+\" given\");if(null!==a.B&&b.length>a.B)throw Error(\"Function \"+a.j+\" expects at most \"+a.B+\" arguments, \"+b.length+\" given\");a.H&&n(b,function(c,d){if(4!=c.i)throw Error(\"Argument \"+d+\" to function \"+a.j+\" is not of type Nodeset: \"+c);});J.call(this,a.i);this.v=a;this.c=b;pb(this,a.g||ma(b,function(c){return c.g}));qb(this,a.G&&!b.length||a.F&&!!b.length||ma(b,function(c){return c.b}))}\nl(zb,J);zb.prototype.a=function(a){return this.v.m.apply(null,pa(a,this.c))};zb.prototype.toString=function(){var a=\"Function: \"+this.v;if(this.c.length){var b=la(this.c,function(c,d){return c+K(d)},\"Arguments:\");a+=K(b)}return a};function Ab(a,b,c,d,e,f,g,h){this.j=a;this.i=b;this.g=c;this.G=d;this.F=!1;this.m=e;this.C=f;this.B=void 0!==g?g:f;this.H=!!h}Ab.prototype.toString=function(){return this.j};var Bb={};\nfunction Q(a,b,c,d,e,f,g,h){if(Bb.hasOwnProperty(a))throw Error(\"Function already created: \"+a+\".\");Bb[a]=new Ab(a,b,c,d,e,f,g,h)}Q(\"boolean\",2,!1,!1,function(a,b){return rb(b,a)},1);Q(\"ceiling\",1,!1,!1,function(a,b){return Math.ceil(N(b,a))},1);Q(\"concat\",3,!1,!1,function(a,b){return la(qa(arguments,1),function(c,d){return c+O(d,a)},\"\")},2,null);Q(\"contains\",2,!1,!1,function(a,b,c){b=O(b,a);a=O(c,a);return-1!=b.indexOf(a)},2);Q(\"count\",1,!1,!1,function(a,b){return b.a(a).l},1,1,!0);\nQ(\"false\",2,!1,!1,function(){return!1},0);Q(\"floor\",1,!1,!1,function(a,b){return Math.floor(N(b,a))},1);Q(\"id\",4,!1,!1,function(a,b){function c(h){if(x){var m=e.all[h];if(m){if(m.nodeType&&h==m.id)return m;if(m.length)return oa(m,function(w){return h==w.id})}return null}return e.getElementById(h)}var d=a.a,e=9==d.nodeType?d:d.ownerDocument;a=O(b,a).split(/\\s+/);var f=[];n(a,function(h){h=c(h);!h||0<=ja(f,h)||f.push(h)});f.sort(Xa);var g=new E;n(f,function(h){g.add(h)});return g},1);\nQ(\"lang\",2,!1,!1,function(){return!1},1);Q(\"last\",1,!0,!1,function(a){if(1!=arguments.length)throw Error(\"Function last expects ()\");return a.f},0);Q(\"local-name\",3,!1,!0,function(a,b){return(a=b?mb(b.a(a)):a.a)?a.localName||a.nodeName.toLowerCase():\"\"},0,1,!0);Q(\"name\",3,!1,!0,function(a,b){return(a=b?mb(b.a(a)):a.a)?a.nodeName.toLowerCase():\"\"},0,1,!0);Q(\"namespace-uri\",3,!0,!1,function(){return\"\"},0,1,!0);\nQ(\"normalize-space\",3,!1,!0,function(a,b){return(b?O(b,a):B(a.a)).replace(/[\\s\\xa0]+/g,\" \").replace(/^\\s+|\\s+$/g,\"\")},0,1);Q(\"not\",2,!1,!1,function(a,b){return!rb(b,a)},1);Q(\"number\",1,!1,!0,function(a,b){return b?N(b,a):+B(a.a)},0,1);Q(\"position\",1,!0,!1,function(a){return a.b},0);Q(\"round\",1,!1,!1,function(a,b){return Math.round(N(b,a))},1);Q(\"starts-with\",2,!1,!1,function(a,b,c){b=O(b,a);a=O(c,a);return 0==b.lastIndexOf(a,0)},2);Q(\"string\",3,!1,!0,function(a,b){return b?O(b,a):B(a.a)},0,1);\nQ(\"string-length\",1,!1,!0,function(a,b){return(b?O(b,a):B(a.a)).length},0,1);Q(\"substring\",3,!1,!1,function(a,b,c,d){c=N(c,a);if(isNaN(c)||Infinity==c||-Infinity==c)return\"\";d=d?N(d,a):Infinity;if(isNaN(d)||-Infinity===d)return\"\";c=Math.round(c)-1;var e=Math.max(c,0);a=O(b,a);return Infinity==d?a.substring(e):a.substring(e,c+Math.round(d))},2,3);Q(\"substring-after\",3,!1,!1,function(a,b,c){b=O(b,a);a=O(c,a);c=b.indexOf(a);return-1==c?\"\":b.substring(c+a.length)},2);\nQ(\"substring-before\",3,!1,!1,function(a,b,c){b=O(b,a);a=O(c,a);a=b.indexOf(a);return-1==a?\"\":b.substring(0,a)},2);Q(\"sum\",1,!1,!1,function(a,b){a=H(b.a(a));b=0;for(var c=I(a);c;c=I(a))b+=+B(c);return b},1,1,!0);Q(\"translate\",3,!1,!1,function(a,b,c,d){b=O(b,a);c=O(c,a);var e=O(d,a);a={};for(d=0;d<c.length;d++){var f=c.charAt(d);f in a||(a[f]=e.charAt(d))}c=\"\";for(d=0;d<b.length;d++)f=b.charAt(d),c+=f in a?a[f]:f;return c},3);Q(\"true\",2,!1,!1,function(){return!0},0);function G(a,b){this.h=a;this.c=void 0!==b?b:null;this.b=null;switch(a){case \"comment\":this.b=8;break;case \"text\":this.b=3;break;case \"processing-instruction\":this.b=7;break;case \"node\":break;default:throw Error(\"Unexpected argument\");}}function Cb(a){return\"comment\"==a||\"text\"==a||\"processing-instruction\"==a||\"node\"==a}G.prototype.a=function(a){return null===this.b||this.b==a.nodeType};G.prototype.f=function(){return this.h};\nG.prototype.toString=function(){var a=\"Kind Test: \"+this.h;null===this.c||(a+=K(this.c));return a};function Db(a){J.call(this,3);this.c=a.substring(1,a.length-1)}l(Db,J);Db.prototype.a=function(){return this.c};Db.prototype.toString=function(){return\"Literal: \"+this.c};function F(a,b){this.j=a.toLowerCase();a=\"*\"==this.j?\"*\":\"http://www.w3.org/1999/xhtml\";this.c=b?b.toLowerCase():a}F.prototype.a=function(a){var b=a.nodeType;if(1!=b&&2!=b)return!1;b=void 0!==a.localName?a.localName:a.nodeName;return\"*\"!=this.j&&this.j!=b.toLowerCase()?!1:\"*\"==this.c?!0:this.c==(a.namespaceURI?a.namespaceURI.toLowerCase():\"http://www.w3.org/1999/xhtml\")};F.prototype.f=function(){return this.j};\nF.prototype.toString=function(){return\"Name Test: \"+(\"http://www.w3.org/1999/xhtml\"==this.c?\"\":this.c+\":\")+this.j};function Eb(a){J.call(this,1);this.c=a}l(Eb,J);Eb.prototype.a=function(){return this.c};Eb.prototype.toString=function(){return\"Number: \"+this.c};function Fb(a,b){J.call(this,a.i);this.h=a;this.c=b;this.g=a.g;this.b=a.b;1==this.c.length&&(a=this.c[0],a.A||a.c!=Gb||(a=a.o,\"*\"!=a.f()&&(this.f={name:a.f(),u:null})))}l(Fb,J);function Hb(){J.call(this,4)}l(Hb,J);Hb.prototype.a=function(a){var b=new E;a=a.a;9==a.nodeType?b.add(a):b.add(a.ownerDocument);return b};Hb.prototype.toString=function(){return\"Root Helper Expression\"};function Ib(){J.call(this,4)}l(Ib,J);Ib.prototype.a=function(a){var b=new E;b.add(a.a);return b};Ib.prototype.toString=function(){return\"Context Helper Expression\"};\nfunction Jb(a){return\"/\"==a||\"//\"==a}Fb.prototype.a=function(a){var b=this.h.a(a);if(!(b instanceof E))throw Error(\"Filter expression must evaluate to nodeset.\");a=this.c;for(var c=0,d=a.length;c<d&&b.l;c++){var e=a[c],f=H(b,e.c.s);if(e.g||e.c!=Kb)if(e.g||e.c!=Lb){var g=I(f);for(b=e.a(new ia(g));null!=(g=I(f));)g=e.a(new ia(g)),b=kb(b,g)}else g=I(f),b=e.a(new ia(g));else{for(g=I(f);(b=I(f))&&(!g.contains||g.contains(b))&&b.compareDocumentPosition(g)&8;g=b);b=e.a(new ia(g))}}return b};\nFb.prototype.toString=function(){var a=\"Path Expression:\"+K(this.h);if(this.c.length){var b=la(this.c,function(c,d){return c+K(d)},\"Steps:\");a+=K(b)}return a};function Mb(a,b){this.a=a;this.s=!!b}\nfunction yb(a,b,c){for(c=c||0;c<a.a.length;c++)for(var d=a.a[c],e=H(b),f=b.l,g,h=0;g=I(e);h++){var m=a.s?f-h:h+1;g=d.a(new ia(g,m,f));if(\"number\"==typeof g)m=m==g;else if(\"string\"==typeof g||\"boolean\"==typeof g)m=!!g;else if(g instanceof E)m=0<g.l;else throw Error(\"Predicate.evaluate returned an unexpected type.\");if(!m){m=e;g=m.f;var w=m.a;if(!w)throw Error(\"Next must be called at least once before remove.\");var r=w.b;w=w.a;r?r.a=w:g.a=w;w?w.b=r:g.b=r;g.l--;m.a=null}}return b}\nMb.prototype.toString=function(){return la(this.a,function(a,b){return a+K(b)},\"Predicates:\")};function R(a,b,c,d){J.call(this,4);this.c=a;this.o=b;this.h=c||new Mb([]);this.A=!!d;b=this.h;b=0<b.a.length?b.a[0].f:null;a.J&&b&&(a=b.name,a=x?a.toLowerCase():a,this.f={name:a,u:b.u});a:{a=this.h;for(b=0;b<a.a.length;b++)if(c=a.a[b],c.g||1==c.i||0==c.i){a=!0;break a}a=!1}this.g=a}l(R,J);\nR.prototype.a=function(a){var b=a.a,c=this.f,d=null,e=null,f=0;c&&(d=c.name,e=c.u?O(c.u,a):null,f=1);if(this.A)if(this.g||this.c!=Nb)if(b=H((new R(Ob,new G(\"node\"))).a(a)),c=I(b))for(a=this.m(c,d,e,f);null!=(c=I(b));)a=kb(a,this.m(c,d,e,f));else a=new E;else a=bb(this.o,b,d,e),a=yb(this.h,a,f);else a=this.m(a.a,d,e,f);return a};R.prototype.m=function(a,b,c,d){a=this.c.v(this.o,a,b,c);return a=yb(this.h,a,d)};\nR.prototype.toString=function(){var a=\"Step:\"+K(\"Operator: \"+(this.A?\"//\":\"/\"));this.c.j&&(a+=K(\"Axis: \"+this.c));a+=K(this.o);if(this.h.a.length){var b=la(this.h.a,function(c,d){return c+K(d)},\"Predicates:\");a+=K(b)}return a};function Pb(a,b,c,d){this.j=a;this.v=b;this.s=c;this.J=d}Pb.prototype.toString=function(){return this.j};var Qb={};function S(a,b,c,d){if(Qb.hasOwnProperty(a))throw Error(\"Axis already created: \"+a);b=new Pb(a,b,c,!!d);return Qb[a]=b}\nS(\"ancestor\",function(a,b){for(var c=new E;b=b.parentNode;)a.a(b)&&lb(c,b);return c},!0);S(\"ancestor-or-self\",function(a,b){var c=new E;do a.a(b)&&lb(c,b);while(b=b.parentNode);return c},!0);\nvar Gb=S(\"attribute\",function(a,b){var c=new E,d=a.f();if(\"style\"==d&&x&&b.style)return c.add(new Na(b.style,b,\"style\",b.style.cssText)),c;var e=b.attributes;if(e)if(a instanceof G&&null===a.b||\"*\"==d)for(a=0;d=e[a];a++)x?d.nodeValue&&c.add(Oa(b,d)):c.add(d);else(d=e.getNamedItem(d))&&(x?d.nodeValue&&c.add(Oa(b,d)):c.add(d));return c},!1),Nb=S(\"child\",function(a,b,c,d,e){return(x?hb:ib).call(null,a,b,aa(c)?c:null,aa(d)?d:null,e||new E)},!1,!0);S(\"descendant\",bb,!1,!0);\nvar Ob=S(\"descendant-or-self\",function(a,b,c,d){var e=new E;C(b,c,d)&&a.a(b)&&e.add(b);return bb(a,b,c,d,e)},!1,!0),Kb=S(\"following\",function(a,b,c,d){var e=new E;do for(var f=b;f=f.nextSibling;)C(f,c,d)&&a.a(f)&&e.add(f),e=bb(a,f,c,d,e);while(b=b.parentNode);return e},!1,!0);S(\"following-sibling\",function(a,b){for(var c=new E;b=b.nextSibling;)a.a(b)&&c.add(b);return c},!1);S(\"namespace\",function(){return new E},!1);\nvar Rb=S(\"parent\",function(a,b){var c=new E;if(9==b.nodeType)return c;if(2==b.nodeType)return c.add(b.ownerElement),c;b=b.parentNode;a.a(b)&&c.add(b);return c},!1),Lb=S(\"preceding\",function(a,b,c,d){var e=new E,f=[];do f.unshift(b);while(b=b.parentNode);for(var g=1,h=f.length;g<h;g++){var m=[];for(b=f[g];b=b.previousSibling;)m.unshift(b);for(var w=0,r=m.length;w<r;w++)b=m[w],C(b,c,d)&&a.a(b)&&e.add(b),e=bb(a,b,c,d,e)}return e},!0,!0);\nS(\"preceding-sibling\",function(a,b){for(var c=new E;b=b.previousSibling;)a.a(b)&&lb(c,b);return c},!0);var Sb=S(\"self\",function(a,b){var c=new E;a.a(b)&&c.add(b);return c},!1);function Tb(a){J.call(this,1);this.c=a;this.g=a.g;this.b=a.b}l(Tb,J);Tb.prototype.a=function(a){return-N(this.c,a)};Tb.prototype.toString=function(){return\"Unary Expression: -\"+K(this.c)};function Ub(a){J.call(this,4);this.c=a;pb(this,ma(this.c,function(b){return b.g}));qb(this,ma(this.c,function(b){return b.b}))}l(Ub,J);Ub.prototype.a=function(a){var b=new E;n(this.c,function(c){c=c.a(a);if(!(c instanceof E))throw Error(\"Path expression must evaluate to NodeSet.\");b=kb(b,c)});return b};Ub.prototype.toString=function(){return la(this.c,function(a,b){return a+K(b)},\"Union Expression:\")};function Vb(a,b){this.a=a;this.b=b}function Yb(a){for(var b,c=[];;){T(a,\"Missing right hand side of binary expression.\");b=Zb(a);var d=z(a.a);if(!d)break;var e=(d=wb[d]||null)&&d.D;if(!e){a.a.a--;break}for(;c.length&&e<=c[c.length-1].D;)b=new sb(c.pop(),c.pop(),b);c.push(b,d)}for(;c.length;)b=new sb(c.pop(),c.pop(),b);return b}function T(a,b){if(Ta(a.a))throw Error(b);}function $b(a,b){a=z(a.a);if(a!=b)throw Error(\"Bad token, expected: \"+b+\" got: \"+a);}\nfunction ac(a){a=z(a.a);if(\")\"!=a)throw Error(\"Bad token: \"+a);}function bc(a){a=z(a.a);if(2>a.length)throw Error(\"Unclosed literal string\");return new Db(a)}\nfunction cc(a){var b=[];if(Jb(y(a.a))){var c=z(a.a);var d=y(a.a);if(\"/\"==c&&(Ta(a.a)||\".\"!=d&&\"..\"!=d&&\"@\"!=d&&\"*\"!=d&&!/(?![0-9])[\\w]/.test(d)))return new Hb;d=new Hb;T(a,\"Missing next location step.\");c=dc(a,c);b.push(c)}else{a:{c=y(a.a);d=c.charAt(0);switch(d){case \"$\":throw Error(\"Variable reference not allowed in HTML XPath\");case \"(\":z(a.a);c=Yb(a);T(a,'unclosed \"(\"');$b(a,\")\");break;case '\"':case \"'\":c=bc(a);break;default:if(isNaN(+c))if(!Cb(c)&&/(?![0-9])[\\w]/.test(d)&&\"(\"==y(a.a,1)){c=z(a.a);\nc=Bb[c]||null;z(a.a);for(d=[];\")\"!=y(a.a);){T(a,\"Missing function argument list.\");d.push(Yb(a));if(\",\"!=y(a.a))break;z(a.a)}T(a,\"Unclosed function argument list.\");ac(a);c=new zb(c,d)}else{c=null;break a}else c=new Eb(+z(a.a))}\"[\"==y(a.a)&&(d=new Mb(ec(a)),c=new xb(c,d))}if(c)if(Jb(y(a.a)))d=c;else return c;else c=dc(a,\"/\"),d=new Ib,b.push(c)}for(;Jb(y(a.a));)c=z(a.a),T(a,\"Missing next location step.\"),c=dc(a,c),b.push(c);return new Fb(d,b)}\nfunction dc(a,b){if(\"/\"!=b&&\"//\"!=b)throw Error('Step op should be \"/\" or \"//\"');if(\".\"==y(a.a)){var c=new R(Sb,new G(\"node\"));z(a.a);return c}if(\"..\"==y(a.a))return c=new R(Rb,new G(\"node\")),z(a.a),c;if(\"@\"==y(a.a)){var d=Gb;z(a.a);T(a,\"Missing attribute name\")}else if(\"::\"==y(a.a,1)){if(!/(?![0-9])[\\w]/.test(y(a.a).charAt(0)))throw Error(\"Bad token: \"+z(a.a));var e=z(a.a);d=Qb[e]||null;if(!d)throw Error(\"No axis with name: \"+e);z(a.a);T(a,\"Missing node name\")}else d=Nb;e=y(a.a);if(/(?![0-9])[\\w\\*]/.test(e.charAt(0)))if(\"(\"==\ny(a.a,1)){if(!Cb(e))throw Error(\"Invalid node type: \"+e);e=z(a.a);if(!Cb(e))throw Error(\"Invalid type name: \"+e);$b(a,\"(\");T(a,\"Bad nodetype\");var f=y(a.a).charAt(0),g=null;if('\"'==f||\"'\"==f)g=bc(a);T(a,\"Bad nodetype\");ac(a);e=new G(e,g)}else if(e=z(a.a),f=e.indexOf(\":\"),-1==f)e=new F(e);else{g=e.substring(0,f);if(\"*\"==g)var h=\"*\";else if(h=a.b(g),!h)throw Error(\"Namespace prefix not declared: \"+g);e=e.substr(f+1);e=new F(e,h)}else throw Error(\"Bad token: \"+z(a.a));a=new Mb(ec(a),d.s);return c||new R(d,\ne,a,\"//\"==b)}function ec(a){for(var b=[];\"[\"==y(a.a);){z(a.a);T(a,\"Missing predicate expression.\");var c=Yb(a);b.push(c);T(a,\"Unclosed predicate expression.\");$b(a,\"]\")}return b}function Zb(a){if(\"-\"==y(a.a))return z(a.a),new Tb(Zb(a));var b=cc(a);if(\"|\"!=y(a.a))a=b;else{for(b=[b];\"|\"==z(a.a);)T(a,\"Missing next union location path.\"),b.push(cc(a));a.a.a--;a=new Ub(b)}return a};function fc(a){switch(a.nodeType){case 1:return ha(gc,a);case 9:return fc(a.documentElement);case 11:case 10:case 6:case 12:return hc;default:return a.parentNode?fc(a.parentNode):hc}}function hc(){return null}function gc(a,b){if(a.prefix==b)return a.namespaceURI||\"http://www.w3.org/1999/xhtml\";var c=a.getAttributeNode(\"xmlns:\"+b);return c&&c.specified?c.value||null:a.parentNode&&9!=a.parentNode.nodeType?gc(a.parentNode,b):null};function ic(a,b){if(!a.length)throw Error(\"Empty XPath expression.\");a=Qa(a);if(Ta(a))throw Error(\"Invalid XPath expression.\");b?\"function\"==ca(b)||(b=fa(b.lookupNamespaceURI,b)):b=function(){return null};var c=Yb(new Vb(a,b));if(!Ta(a))throw Error(\"Bad token: \"+z(a));this.evaluate=function(d,e){d=c.a(new ia(d));return new U(d,e)}}\nfunction U(a,b){if(0==b)if(a instanceof E)b=4;else if(\"string\"==typeof a)b=2;else if(\"number\"==typeof a)b=1;else if(\"boolean\"==typeof a)b=3;else throw Error(\"Unexpected evaluation result.\");if(2!=b&&1!=b&&3!=b&&!(a instanceof E))throw Error(\"value could not be converted to the specified type\");this.resultType=b;switch(b){case 2:this.stringValue=a instanceof E?nb(a):\"\"+a;break;case 1:this.numberValue=a instanceof E?+nb(a):+a;break;case 3:this.booleanValue=a instanceof E?0<a.l:!!a;break;case 4:case 5:case 6:case 7:var c=\nH(a);var d=[];for(var e=I(c);e;e=I(c))d.push(e instanceof Na?e.a:e);this.snapshotLength=a.l;this.invalidIteratorState=!1;break;case 8:case 9:a=mb(a);this.singleNodeValue=a instanceof Na?a.a:a;break;default:throw Error(\"Unknown XPathResult type.\");}var f=0;this.iterateNext=function(){if(4!=b&&5!=b)throw Error(\"iterateNext called with wrong result type\");return f>=d.length?null:d[f++]};this.snapshotItem=function(g){if(6!=b&&7!=b)throw Error(\"snapshotItem called with wrong result type\");return g>=d.length||\n0>g?null:d[g]}}U.ANY_TYPE=0;U.NUMBER_TYPE=1;U.STRING_TYPE=2;U.BOOLEAN_TYPE=3;U.UNORDERED_NODE_ITERATOR_TYPE=4;U.ORDERED_NODE_ITERATOR_TYPE=5;U.UNORDERED_NODE_SNAPSHOT_TYPE=6;U.ORDERED_NODE_SNAPSHOT_TYPE=7;U.ANY_UNORDERED_NODE_TYPE=8;U.FIRST_ORDERED_NODE_TYPE=9;function jc(a){this.lookupNamespaceURI=fc(a)}\nfunction kc(a,b){a=a||k;var c=a.Document&&a.Document.prototype||a.document;if(!c.evaluate||b)a.XPathResult=U,c.evaluate=function(d,e,f,g){return(new ic(d,f)).evaluate(e,g)},c.createExpression=function(d,e){return new ic(d,e)},c.createNSResolver=function(d){return new jc(d)}}ba(\"wgxpath.install\",kc);ba(\"wgxpath.install\",kc);var lc={aliceblue:\"#f0f8ff\",antiquewhite:\"#faebd7\",aqua:\"#00ffff\",aquamarine:\"#7fffd4\",azure:\"#f0ffff\",beige:\"#f5f5dc\",bisque:\"#ffe4c4\",black:\"#000000\",blanchedalmond:\"#ffebcd\",blue:\"#0000ff\",blueviolet:\"#8a2be2\",brown:\"#a52a2a\",burlywood:\"#deb887\",cadetblue:\"#5f9ea0\",chartreuse:\"#7fff00\",chocolate:\"#d2691e\",coral:\"#ff7f50\",cornflowerblue:\"#6495ed\",cornsilk:\"#fff8dc\",crimson:\"#dc143c\",cyan:\"#00ffff\",darkblue:\"#00008b\",darkcyan:\"#008b8b\",darkgoldenrod:\"#b8860b\",darkgray:\"#a9a9a9\",darkgreen:\"#006400\",\ndarkgrey:\"#a9a9a9\",darkkhaki:\"#bdb76b\",darkmagenta:\"#8b008b\",darkolivegreen:\"#556b2f\",darkorange:\"#ff8c00\",darkorchid:\"#9932cc\",darkred:\"#8b0000\",darksalmon:\"#e9967a\",darkseagreen:\"#8fbc8f\",darkslateblue:\"#483d8b\",darkslategray:\"#2f4f4f\",darkslategrey:\"#2f4f4f\",darkturquoise:\"#00ced1\",darkviolet:\"#9400d3\",deeppink:\"#ff1493\",deepskyblue:\"#00bfff\",dimgray:\"#696969\",dimgrey:\"#696969\",dodgerblue:\"#1e90ff\",firebrick:\"#b22222\",floralwhite:\"#fffaf0\",forestgreen:\"#228b22\",fuchsia:\"#ff00ff\",gainsboro:\"#dcdcdc\",\nghostwhite:\"#f8f8ff\",gold:\"#ffd700\",goldenrod:\"#daa520\",gray:\"#808080\",green:\"#008000\",greenyellow:\"#adff2f\",grey:\"#808080\",honeydew:\"#f0fff0\",hotpink:\"#ff69b4\",indianred:\"#cd5c5c\",indigo:\"#4b0082\",ivory:\"#fffff0\",khaki:\"#f0e68c\",lavender:\"#e6e6fa\",lavenderblush:\"#fff0f5\",lawngreen:\"#7cfc00\",lemonchiffon:\"#fffacd\",lightblue:\"#add8e6\",lightcoral:\"#f08080\",lightcyan:\"#e0ffff\",lightgoldenrodyellow:\"#fafad2\",lightgray:\"#d3d3d3\",lightgreen:\"#90ee90\",lightgrey:\"#d3d3d3\",lightpink:\"#ffb6c1\",lightsalmon:\"#ffa07a\",\nlightseagreen:\"#20b2aa\",lightskyblue:\"#87cefa\",lightslategray:\"#778899\",lightslategrey:\"#778899\",lightsteelblue:\"#b0c4de\",lightyellow:\"#ffffe0\",lime:\"#00ff00\",limegreen:\"#32cd32\",linen:\"#faf0e6\",magenta:\"#ff00ff\",maroon:\"#800000\",mediumaquamarine:\"#66cdaa\",mediumblue:\"#0000cd\",mediumorchid:\"#ba55d3\",mediumpurple:\"#9370db\",mediumseagreen:\"#3cb371\",mediumslateblue:\"#7b68ee\",mediumspringgreen:\"#00fa9a\",mediumturquoise:\"#48d1cc\",mediumvioletred:\"#c71585\",midnightblue:\"#191970\",mintcream:\"#f5fffa\",mistyrose:\"#ffe4e1\",\nmoccasin:\"#ffe4b5\",navajowhite:\"#ffdead\",navy:\"#000080\",oldlace:\"#fdf5e6\",olive:\"#808000\",olivedrab:\"#6b8e23\",orange:\"#ffa500\",orangered:\"#ff4500\",orchid:\"#da70d6\",palegoldenrod:\"#eee8aa\",palegreen:\"#98fb98\",paleturquoise:\"#afeeee\",palevioletred:\"#db7093\",papayawhip:\"#ffefd5\",peachpuff:\"#ffdab9\",peru:\"#cd853f\",pink:\"#ffc0cb\",plum:\"#dda0dd\",powderblue:\"#b0e0e6\",purple:\"#800080\",red:\"#ff0000\",rosybrown:\"#bc8f8f\",royalblue:\"#4169e1\",saddlebrown:\"#8b4513\",salmon:\"#fa8072\",sandybrown:\"#f4a460\",seagreen:\"#2e8b57\",\nseashell:\"#fff5ee\",sienna:\"#a0522d\",silver:\"#c0c0c0\",skyblue:\"#87ceeb\",slateblue:\"#6a5acd\",slategray:\"#708090\",slategrey:\"#708090\",snow:\"#fffafa\",springgreen:\"#00ff7f\",steelblue:\"#4682b4\",tan:\"#d2b48c\",teal:\"#008080\",thistle:\"#d8bfd8\",tomato:\"#ff6347\",turquoise:\"#40e0d0\",violet:\"#ee82ee\",wheat:\"#f5deb3\",white:\"#ffffff\",whitesmoke:\"#f5f5f5\",yellow:\"#ffff00\",yellowgreen:\"#9acd32\"};var mc=\"backgroundColor borderTopColor borderRightColor borderBottomColor borderLeftColor color outlineColor\".split(\" \"),nc=/#([0-9a-fA-F])([0-9a-fA-F])([0-9a-fA-F])/,oc=/^#(?:[0-9a-f]{3}){1,2}$/i,pc=/^(?:rgba)?\\((\\d{1,3}),\\s?(\\d{1,3}),\\s?(\\d{1,3}),\\s?(0|1|0\\.\\d*)\\)$/i,qc=/^(?:rgb)?\\((0|[1-9]\\d{0,2}),\\s?(0|[1-9]\\d{0,2}),\\s?(0|[1-9]\\d{0,2})\\)$/i;function rc(a,b){this.code=a;this.a=V[a]||sc;this.message=b||\"\";a=this.a.replace(/((?:^|\\s+)[a-z])/g,function(c){return c.toUpperCase().replace(/^[\\s\\xa0]+/g,\"\")});b=a.length-5;if(0>b||a.indexOf(\"Error\",b)!=b)a+=\"Error\";this.name=a;a=Error(this.message);a.name=this.name;this.stack=a.stack||\"\"}l(rc,Error);var sc=\"unknown error\",V={15:\"element not selectable\",11:\"element not visible\"};V[31]=sc;V[30]=sc;V[24]=\"invalid cookie domain\";V[29]=\"invalid element coordinates\";V[12]=\"invalid element state\";\nV[32]=\"invalid selector\";V[51]=\"invalid selector\";V[52]=\"invalid selector\";V[17]=\"javascript error\";V[405]=\"unsupported operation\";V[34]=\"move target out of bounds\";V[27]=\"no such alert\";V[7]=\"no such element\";V[8]=\"no such frame\";V[23]=\"no such window\";V[28]=\"script timeout\";V[33]=\"session not created\";V[10]=\"stale element reference\";V[21]=\"timeout\";V[25]=\"unable to set cookie\";V[26]=\"unexpected alert open\";V[13]=sc;V[9]=\"unknown command\";var tc=va(),uc=ya()||u(\"iPod\"),vc=u(\"iPad\"),wc=u(\"Android\")&&!(wa()||va()||u(\"Opera\")||u(\"Silk\")),xc=wa(),yc=u(\"Safari\")&&!(wa()||u(\"Coast\")||u(\"Opera\")||u(\"Edge\")||u(\"Edg/\")||u(\"OPR\")||va()||u(\"Silk\")||u(\"Android\"))&&!(ya()||u(\"iPad\")||u(\"iPod\"));function zc(a){return(a=a.exec(t))?a[1]:\"\"}(function(){if(tc)return zc(/Firefox\\/([0-9.]+)/);if(v||Ca||Ba)return Ga;if(xc)return ya()||u(\"iPad\")||u(\"iPod\")?zc(/CriOS\\/([0-9.]+)/):zc(/Chrome\\/([0-9.]+)/);if(yc&&!(ya()||u(\"iPad\")||u(\"iPod\")))return zc(/Version\\/([0-9.]+)/);if(uc||vc){var a=/Version\\/(\\S+).*Mobile\\/(\\S+)/.exec(t);if(a)return a[1]+\".\"+a[2]}else if(wc)return(a=zc(/Android\\s+([0-9.]+)/))?a:zc(/Version\\/([0-9.]+)/);return\"\"})();var Ac=v&&!(9<=Number(La));function W(a,b){b&&\"string\"!==typeof b&&(b=b.toString());return!!a&&1==a.nodeType&&(!b||a.tagName.toUpperCase()==b)};var Bc=function(){var a={K:\"http://www.w3.org/2000/svg\"};return function(b){return a[b]||null}}();\nfunction Cc(a,b){var c=A(a);if(!c.documentElement)return null;(v||wc)&&kc(c?c.parentWindow||c.defaultView:window);try{var d=c.createNSResolver?c.createNSResolver(c.documentElement):Bc;if(v&&!Ka(7))return c.evaluate.call(c,b,a,d,9,null);if(!v||9<=Number(La)){for(var e={},f=c.getElementsByTagName(\"*\"),g=0;g<f.length;++g){var h=f[g],m=h.namespaceURI;if(m&&!e[m]){var w=h.lookupPrefix(m);if(!w){var r=m.match(\".*/(\\\\w+)/?$\");w=r?r[1]:\"xhtml\"}e[m]=w}}var D={},L;for(L in e)D[e[L]]=L;d=function(M){return D[M]||\nnull}}try{return c.evaluate(b,a,d,9,null)}catch(M){if(\"TypeError\"===M.name)return d=c.createNSResolver?c.createNSResolver(c.documentElement):Bc,c.evaluate(b,a,d,9,null);throw M;}}catch(M){if(!Da||\"NS_ERROR_ILLEGAL_VALUE\"!=M.name)throw new rc(32,\"Unable to locate an element with the xpath expression \"+b+\" because of the following error:\\n\"+M);}}\nfunction Dc(a,b){var c=function(){var d=Cc(b,a);return d?d.singleNodeValue||null:b.selectSingleNode?(d=A(b),d.setProperty&&d.setProperty(\"SelectionLanguage\",\"XPath\"),b.selectSingleNode(a)):null}();if(null!==c&&(!c||1!=c.nodeType))throw new rc(32,'The result of the xpath expression \"'+a+'\" is: '+c+\". It should be an element.\");return c};function Ec(a,b,c,d){this.c=a;this.a=b;this.b=c;this.f=d}Ec.prototype.ceil=function(){this.c=Math.ceil(this.c);this.a=Math.ceil(this.a);this.b=Math.ceil(this.b);this.f=Math.ceil(this.f);return this};Ec.prototype.floor=function(){this.c=Math.floor(this.c);this.a=Math.floor(this.a);this.b=Math.floor(this.b);this.f=Math.floor(this.f);return this};Ec.prototype.round=function(){this.c=Math.round(this.c);this.a=Math.round(this.a);this.b=Math.round(this.b);this.f=Math.round(this.f);return this};function X(a,b,c,d){this.a=a;this.b=b;this.width=c;this.height=d}X.prototype.ceil=function(){this.a=Math.ceil(this.a);this.b=Math.ceil(this.b);this.width=Math.ceil(this.width);this.height=Math.ceil(this.height);return this};X.prototype.floor=function(){this.a=Math.floor(this.a);this.b=Math.floor(this.b);this.width=Math.floor(this.width);this.height=Math.floor(this.height);return this};\nX.prototype.round=function(){this.a=Math.round(this.a);this.b=Math.round(this.b);this.width=Math.round(this.width);this.height=Math.round(this.height);return this};var Fc=\"function\"===typeof ShadowRoot;function Gc(a){for(a=a.parentNode;a&&1!=a.nodeType&&9!=a.nodeType&&11!=a.nodeType;)a=a.parentNode;return W(a)?a:null}\nfunction Y(a,b){b=xa(b);if(\"float\"==b||\"cssFloat\"==b||\"styleFloat\"==b)b=Ac?\"styleFloat\":\"cssFloat\";a:{var c=b;var d=A(a);if(d.defaultView&&d.defaultView.getComputedStyle&&(d=d.defaultView.getComputedStyle(a,null))){c=d[c]||d.getPropertyValue(c)||\"\";break a}c=\"\"}a=c||Hc(a,b);if(null===a)a=null;else if(0<=ja(mc,b)){b:{var e=a.match(pc);if(e&&(b=Number(e[1]),c=Number(e[2]),d=Number(e[3]),e=Number(e[4]),0<=b&&255>=b&&0<=c&&255>=c&&0<=d&&255>=d&&0<=e&&1>=e)){b=[b,c,d,e];break b}b=null}if(!b)b:{if(d=a.match(qc))if(b=\nNumber(d[1]),c=Number(d[2]),d=Number(d[3]),0<=b&&255>=b&&0<=c&&255>=c&&0<=d&&255>=d){b=[b,c,d,1];break b}b=null}if(!b)b:{b=a.toLowerCase();c=lc[b.toLowerCase()];if(!c&&(c=\"#\"==b.charAt(0)?b:\"#\"+b,4==c.length&&(c=c.replace(nc,\"#$1$1$2$2$3$3\")),!oc.test(c))){b=null;break b}b=[parseInt(c.substr(1,2),16),parseInt(c.substr(3,2),16),parseInt(c.substr(5,2),16),1]}a=b?\"rgba(\"+b.join(\", \")+\")\":a}return a}\nfunction Hc(a,b){var c=a.currentStyle||a.style,d=c[b];void 0===d&&\"function\"==ca(c.getPropertyValue)&&(d=c.getPropertyValue(b));return\"inherit\"!=d?void 0!==d?d:null:(a=Gc(a))?Hc(a,b):null}\nfunction Ic(a,b,c){function d(g){var h=Jc(g);return 0<h.height&&0<h.width?!0:W(g,\"PATH\")&&(0<h.height||0<h.width)?(g=Y(g,\"stroke-width\"),!!g&&0<parseInt(g,10)):\"hidden\"!=Y(g,\"overflow\")&&ma(g.childNodes,function(m){return 3==m.nodeType||W(m)&&d(m)})}function e(g){return Kc(g)==Z&&na(g.childNodes,function(h){return!W(h)||e(h)||!d(h)})}if(!W(a))throw Error(\"Argument to isShown must be of type Element\");if(W(a,\"BODY\"))return!0;if(W(a,\"OPTION\")||W(a,\"OPTGROUP\"))return a=$a(a,function(g){return W(g,\"SELECT\")}),\n!!a&&Ic(a,!0,c);var f=Lc(a);if(f)return!!f.image&&0<f.rect.width&&0<f.rect.height&&Ic(f.image,b,c);if(W(a,\"INPUT\")&&\"hidden\"==a.type.toLowerCase()||W(a,\"NOSCRIPT\"))return!1;f=Y(a,\"visibility\");return\"collapse\"!=f&&\"hidden\"!=f&&c(a)&&(b||0!=Mc(a))&&d(a)?!e(a):!1}var Z=\"hidden\";\nfunction Kc(a){function b(p){function q(fb){if(fb==g)return!0;var Wb=Y(fb,\"display\");return 0==Wb.lastIndexOf(\"inline\",0)||\"contents\"==Wb||\"absolute\"==Xb&&\"static\"==Y(fb,\"position\")?!1:!0}var Xb=Y(p,\"position\");if(\"fixed\"==Xb)return w=!0,p==g?null:g;for(p=Gc(p);p&&!q(p);)p=Gc(p);return p}function c(p){var q=p;if(\"visible\"==m)if(p==g&&h)q=h;else if(p==h)return{x:\"visible\",y:\"visible\"};q={x:Y(q,\"overflow-x\"),y:Y(q,\"overflow-y\")};p==g&&(q.x=\"visible\"==q.x?\"auto\":q.x,q.y=\"visible\"==q.y?\"auto\":q.y);return q}\nfunction d(p){if(p==g){var q=(new ab(f)).a;p=q.scrollingElement?q.scrollingElement:Ea||\"CSS1Compat\"!=q.compatMode?q.body||q.documentElement:q.documentElement;q=q.parentWindow||q.defaultView;p=v&&Ka(\"10\")&&q.pageYOffset!=p.scrollTop?new Ua(p.scrollLeft,p.scrollTop):new Ua(q.pageXOffset||p.scrollLeft,q.pageYOffset||p.scrollTop)}else p=new Ua(p.scrollLeft,p.scrollTop);return p}var e=Nc(a),f=A(a),g=f.documentElement,h=f.body,m=Y(g,\"overflow\"),w;for(a=b(a);a;a=b(a)){var r=c(a);if(\"visible\"!=r.x||\"visible\"!=\nr.y){var D=Jc(a);if(0==D.width||0==D.height)return Z;var L=e.a<D.a,M=e.b<D.b;if(L&&\"hidden\"==r.x||M&&\"hidden\"==r.y)return Z;if(L&&\"visible\"!=r.x||M&&\"visible\"!=r.y){L=d(a);M=e.b<D.b-L.y;if(e.a<D.a-L.x&&\"visible\"!=r.x||M&&\"visible\"!=r.x)return Z;e=Kc(a);return e==Z?Z:\"scroll\"}L=e.f>=D.a+D.width;D=e.c>=D.b+D.height;if(L&&\"hidden\"==r.x||D&&\"hidden\"==r.y)return Z;if(L&&\"visible\"!=r.x||D&&\"visible\"!=r.y){if(w&&(r=d(a),e.f>=g.scrollWidth-r.x||e.a>=g.scrollHeight-r.y))return Z;e=Kc(a);return e==Z?Z:\"scroll\"}}}return\"none\"}\nfunction Jc(a){var b=Lc(a);if(b)return b.rect;if(W(a,\"HTML\"))return a=A(a),a=((a?a.parentWindow||a.defaultView:window)||window).document,a=\"CSS1Compat\"==a.compatMode?a.documentElement:a.body,a=new Va(a.clientWidth,a.clientHeight),new X(0,0,a.width,a.height);try{var c=a.getBoundingClientRect()}catch(d){return new X(0,0,0,0)}b=new X(c.left,c.top,c.right-c.left,c.bottom-c.top);v&&a.ownerDocument.body&&(a=A(a),b.a-=a.documentElement.clientLeft+a.body.clientLeft,b.b-=a.documentElement.clientTop+a.body.clientTop);\nreturn b}function Lc(a){var b=W(a,\"MAP\");if(!b&&!W(a,\"AREA\"))return null;var c=b?a:W(a.parentNode,\"MAP\")?a.parentNode:null,d=null,e=null;c&&c.name&&(d=Dc('/descendant::*[@usemap = \"#'+c.name+'\"]',A(c)))&&(e=Jc(d),b||\"default\"==a.shape.toLowerCase()||(a=Oc(a),b=Math.min(Math.max(a.a,0),e.width),c=Math.min(Math.max(a.b,0),e.height),e=new X(b+e.a,c+e.b,Math.min(a.width,e.width-b),Math.min(a.height,e.height-c))));return{image:d,rect:e||new X(0,0,0,0)}}\nfunction Oc(a){var b=a.shape.toLowerCase();a=a.coords.split(\",\");if(\"rect\"==b&&4==a.length){b=a[0];var c=a[1];return new X(b,c,a[2]-b,a[3]-c)}if(\"circle\"==b&&3==a.length)return b=a[2],new X(a[0]-b,a[1]-b,2*b,2*b);if(\"poly\"==b&&2<a.length){b=a[0];c=a[1];for(var d=b,e=c,f=2;f+1<a.length;f+=2)b=Math.min(b,a[f]),d=Math.max(d,a[f]),c=Math.min(c,a[f+1]),e=Math.max(e,a[f+1]);return new X(b,c,d-b,e-c)}return new X(0,0,0,0)}function Nc(a){a=Jc(a);return new Ec(a.b,a.a+a.width,a.b+a.height,a.a)}\nfunction Mc(a){if(Ac){if(\"relative\"==Y(a,\"position\"))return 1;a=Y(a,\"filter\");return(a=a.match(/^alpha\\(opacity=(\\d*)\\)/)||a.match(/^progid:DXImageTransform.Microsoft.Alpha\\(Opacity=(\\d*)\\)/))?Number(a[1])/100:1}return Pc(a)}function Pc(a){var b=1,c=Y(a,\"opacity\");c&&(b=Number(c));(a=Gc(a))&&(b*=Pc(a));return b};ba(\"_\",function(a,b){function c(d){if(W(d)&&\"none\"==Y(d,\"display\"))return!1;var e;if((e=d.parentNode)&&e.shadowRoot&&void 0!==d.assignedSlot)e=d.assignedSlot?d.assignedSlot.parentNode:null;else if(d.getDestinationInsertionPoints){var f=d.getDestinationInsertionPoints();0<f.length&&(e=f[f.length-1])}if(Fc&&e instanceof ShadowRoot){if(e.host.shadowRoot!==e)return!1;e=e.host}return!e||9!=e.nodeType&&11!=e.nodeType?e&&W(e,\"DETAILS\")&&!e.open&&!W(d,\"SUMMARY\")?!1:!!e&&c(e):!0}return Ic(a,!!b,c)});; return this._.apply(null,arguments);}).apply({navigator:typeof window!='undefined'?window.navigator:null,document:typeof window!='undefined'?window.document:null}, arguments);}\n).apply(null, arguments);", "args": [{"element-6066-11e4-a52e-4f735466cecf": "f.79622DA940D870A453092AF735DA60D6.d.E768620207747D2B494CBE9E68314D09.e.255"}]}
DEBUG    urllib3.connectionpool:connectionpool.py:544 http://selenium-hub:4444 "POST /wd/hub/session/5aadbad870835be2b7ca50b04b408df3/execute/sync HTTP/1.1" 200 0
DEBUG    selenium.webdriver.remote.remote_connection:remote_connection.py:329 Remote response: status=200 | data={"value":true} | headers=HTTPHeaderDict({'content-length': '14', 'content-type': 'application/json; charset=utf-8', 'cache-control': 'no-cache'})
DEBUG    selenium.webdriver.remote.remote_connection:remote_connection.py:356 Finished Request
DEBUG    selenium.webdriver.remote.remote_connection:remote_connection.py:313 GET http://selenium-hub:4444/wd/hub/session/5aadbad870835be2b7ca50b04b408df3/element/f.79622DA940D870A453092AF735DA60D6.d.E768620207747D2B494CBE9E68314D09.e.255/enabled {}
DEBUG    urllib3.connectionpool:connectionpool.py:544 http://selenium-hub:4444 "GET /wd/hub/session/5aadbad870835be2b7ca50b04b408df3/element/f.79622DA940D870A453092AF735DA60D6.d.E768620207747D2B494CBE9E68314D09.e.255/enabled HTTP/1.1" 200 0
DEBUG    selenium.webdriver.remote.remote_connection:remote_connection.py:329 Remote response: status=200 | data={"value":true} | headers=HTTPHeaderDict({'content-length': '14', 'content-type': 'application/json; charset=utf-8', 'cache-control': 'no-cache'})
DEBUG    selenium.webdriver.remote.remote_connection:remote_connection.py:356 Finished Request
DEBUG    selenium.webdriver.remote.remote_connection:remote_connection.py:313 POST http://selenium-hub:4444/wd/hub/session/5aadbad870835be2b7ca50b04b408df3/execute/sync {"script": "arguments[0].scrollIntoView(true);", "args": [{"element-6066-11e4-a52e-4f735466cecf": "f.79622DA940D870A453092AF735DA60D6.d.E768620207747D2B494CBE9E68314D09.e.255"}]}
DEBUG    urllib3.connectionpool:connectionpool.py:544 http://selenium-hub:4444 "POST /wd/hub/session/5aadbad870835be2b7ca50b04b408df3/execute/sync HTTP/1.1" 200 0
DEBUG    selenium.webdriver.remote.remote_connection:remote_connection.py:329 Remote response: status=200 | data={"value":null} | headers=HTTPHeaderDict({'content-length': '14', 'content-type': 'application/json; charset=utf-8', 'cache-control': 'no-cache'})
DEBUG    selenium.webdriver.remote.remote_connection:remote_connection.py:356 Finished Request
DEBUG    selenium.webdriver.remote.remote_connection:remote_connection.py:313 POST http://selenium-hub:4444/wd/hub/session/5aadbad870835be2b7ca50b04b408df3/element/f.79622DA940D870A453092AF735DA60D6.d.E768620207747D2B494CBE9E68314D09.e.255/click {}
DEBUG    urllib3.connectionpool:connectionpool.py:544 http://selenium-hub:4444 "POST /wd/hub/session/5aadbad870835be2b7ca50b04b408df3/element/f.79622DA940D870A453092AF735DA60D6.d.E768620207747D2B494CBE9E68314D09.e.255/click HTTP/1.1" 200 0
DEBUG    selenium.webdriver.remote.remote_connection:remote_connection.py:329 Remote response: status=200 | data={"value":null} | headers=HTTPHeaderDict({'content-length': '14', 'content-type': 'application/json; charset=utf-8', 'cache-control': 'no-cache'})
DEBUG    selenium.webdriver.remote.remote_connection:remote_connection.py:356 Finished Request
DEBUG    selenium.webdriver.remote.remote_connection:remote_connection.py:313 POST http://selenium-hub:4444/wd/hub/session/5aadbad870835be2b7ca50b04b408df3/element {"using": "css selector", "value": "[id=\"title\"]"}
DEBUG    urllib3.connectionpool:connectionpool.py:544 http://selenium-hub:4444 "POST /wd/hub/session/5aadbad870835be2b7ca50b04b408df3/element HTTP/1.1" 200 0
DEBUG    selenium.webdriver.remote.remote_connection:remote_connection.py:329 Remote response: status=200 | data={"value":{"element-6066-11e4-a52e-4f735466cecf":"f.79622DA940D870A453092AF735DA60D6.d.E768620207747D2B494CBE9E68314D09.e.263"}} | headers=HTTPHeaderDict({'content-length': '127', 'content-type': 'application/json; charset=utf-8', 'cache-control': 'no-cache'})
DEBUG    selenium.webdriver.remote.remote_connection:remote_connection.py:356 Finished Request
DEBUG    selenium.webdriver.remote.remote_connection:remote_connection.py:313 POST http://selenium-hub:4444/wd/hub/session/5aadbad870835be2b7ca50b04b408df3/execute/sync {"script": "/* isDisplayed */return (function(){return (function(){var k=this||self;function aa(a){return\"string\"==typeof a}function ba(a,b){a=a.split(\".\");var c=k;a[0]in c||\"undefined\"==typeof c.execScript||c.execScript(\"var \"+a[0]);for(var d;a.length&&(d=a.shift());)a.length||void 0===b?c[d]&&c[d]!==Object.prototype[d]?c=c[d]:c=c[d]={}:c[d]=b}\nfunction ca(a){var b=typeof a;if(\"object\"==b)if(a){if(a instanceof Array)return\"array\";if(a instanceof Object)return b;var c=Object.prototype.toString.call(a);if(\"[object Window]\"==c)return\"object\";if(\"[object Array]\"==c||\"number\"==typeof a.length&&\"undefined\"!=typeof a.splice&&\"undefined\"!=typeof a.propertyIsEnumerable&&!a.propertyIsEnumerable(\"splice\"))return\"array\";if(\"[object Function]\"==c||\"undefined\"!=typeof a.call&&\"undefined\"!=typeof a.propertyIsEnumerable&&!a.propertyIsEnumerable(\"call\"))return\"function\"}else return\"null\";\nelse if(\"function\"==b&&\"undefined\"==typeof a.call)return\"object\";return b}function da(a,b,c){return a.call.apply(a.bind,arguments)}function ea(a,b,c){if(!a)throw Error();if(2<arguments.length){var d=Array.prototype.slice.call(arguments,2);return function(){var e=Array.prototype.slice.call(arguments);Array.prototype.unshift.apply(e,d);return a.apply(b,e)}}return function(){return a.apply(b,arguments)}}\nfunction fa(a,b,c){Function.prototype.bind&&-1!=Function.prototype.bind.toString().indexOf(\"native code\")?fa=da:fa=ea;return fa.apply(null,arguments)}function ha(a,b){var c=Array.prototype.slice.call(arguments,1);return function(){var d=c.slice();d.push.apply(d,arguments);return a.apply(this,d)}}function l(a,b){function c(){}c.prototype=b.prototype;a.prototype=new c;a.prototype.constructor=a};/*\n\n The MIT License\n\n Copyright (c) 2007 Cybozu Labs, Inc.\n Copyright (c) 2012 Google Inc.\n\n Permission is hereby granted, free of charge, to any person obtaining a copy\n of this software and associated documentation files (the \"Software\"), to\n deal in the Software without restriction, including without limitation the\n rights to use, copy, modify, merge, publish, distribute, sublicense, and/or\n sell copies of the Software, and to permit persons to whom the Software is\n furnished to do so, subject to the following conditions:\n\n The above copyright notice and this permission notice shall be included in\n all copies or substantial portions of the Software.\n\n THE SOFTWARE IS PROVIDED \"AS IS\", WITHOUT WARRANTY OF ANY KIND, EXPRESS OR\n IMPLIED, INCLUDING BUT NOT LIMITED TO THE WARRANTIES OF MERCHANTABILITY,\n FITNESS FOR A PARTICULAR PURPOSE AND NONINFRINGEMENT. IN NO EVENT SHALL THE\n AUTHORS OR COPYRIGHT HOLDERS BE LIABLE FOR ANY CLAIM, DAMAGES OR OTHER\n LIABILITY, WHETHER IN AN ACTION OF CONTRACT, TORT OR OTHERWISE, ARISING\n FROM, OUT OF OR IN CONNECTION WITH THE SOFTWARE OR THE USE OR OTHER DEALINGS\n IN THE SOFTWARE.\n*/\nfunction ia(a,b,c){this.a=a;this.b=b||1;this.f=c||1};var ja=Array.prototype.indexOf?function(a,b){return Array.prototype.indexOf.call(a,b,void 0)}:function(a,b){if(\"string\"===typeof a)return\"string\"!==typeof b||1!=b.length?-1:a.indexOf(b,0);for(var c=0;c<a.length;c++)if(c in a&&a[c]===b)return c;return-1},n=Array.prototype.forEach?function(a,b){Array.prototype.forEach.call(a,b,void 0)}:function(a,b){for(var c=a.length,d=\"string\"===typeof a?a.split(\"\"):a,e=0;e<c;e++)e in d&&b.call(void 0,d[e],e,a)},ka=Array.prototype.filter?function(a,b){return Array.prototype.filter.call(a,\nb,void 0)}:function(a,b){for(var c=a.length,d=[],e=0,f=\"string\"===typeof a?a.split(\"\"):a,g=0;g<c;g++)if(g in f){var h=f[g];b.call(void 0,h,g,a)&&(d[e++]=h)}return d},la=Array.prototype.reduce?function(a,b,c){return Array.prototype.reduce.call(a,b,c)}:function(a,b,c){var d=c;n(a,function(e,f){d=b.call(void 0,d,e,f,a)});return d},ma=Array.prototype.some?function(a,b){return Array.prototype.some.call(a,b,void 0)}:function(a,b){for(var c=a.length,d=\"string\"===typeof a?a.split(\"\"):a,e=0;e<c;e++)if(e in\nd&&b.call(void 0,d[e],e,a))return!0;return!1},na=Array.prototype.every?function(a,b){return Array.prototype.every.call(a,b,void 0)}:function(a,b){for(var c=a.length,d=\"string\"===typeof a?a.split(\"\"):a,e=0;e<c;e++)if(e in d&&!b.call(void 0,d[e],e,a))return!1;return!0};function oa(a,b){a:{for(var c=a.length,d=\"string\"===typeof a?a.split(\"\"):a,e=0;e<c;e++)if(e in d&&b.call(void 0,d[e],e,a)){b=e;break a}b=-1}return 0>b?null:\"string\"===typeof a?a.charAt(b):a[b]}\nfunction pa(a){return Array.prototype.concat.apply([],arguments)}function qa(a,b,c){return 2>=arguments.length?Array.prototype.slice.call(a,b):Array.prototype.slice.call(a,b,c)};var ra=String.prototype.trim?function(a){return a.trim()}:function(a){return/^[\\s\\xa0]*([\\s\\S]*?)[\\s\\xa0]*$/.exec(a)[1]};function sa(a,b){return a<b?-1:a>b?1:0};var t;a:{var ta=k.navigator;if(ta){var ua=ta.userAgent;if(ua){t=ua;break a}}t=\"\"}function u(a){return-1!=t.indexOf(a)};function va(){return u(\"Firefox\")||u(\"FxiOS\")}function wa(){return(u(\"Chrome\")||u(\"CriOS\"))&&!u(\"Edge\")};function xa(a){return String(a).replace(/\\-([a-z])/g,function(b,c){return c.toUpperCase()})};function ya(){return u(\"iPhone\")&&!u(\"iPod\")&&!u(\"iPad\")};function za(a,b){var c=Aa;return Object.prototype.hasOwnProperty.call(c,a)?c[a]:c[a]=b(a)};var Ba=u(\"Opera\"),v=u(\"Trident\")||u(\"MSIE\"),Ca=u(\"Edge\"),Da=u(\"Gecko\")&&!(-1!=t.toLowerCase().indexOf(\"webkit\")&&!u(\"Edge\"))&&!(u(\"Trident\")||u(\"MSIE\"))&&!u(\"Edge\"),Ea=-1!=t.toLowerCase().indexOf(\"webkit\")&&!u(\"Edge\");function Fa(){var a=k.document;return a?a.documentMode:void 0}var Ga;\na:{var Ha=\"\",Ia=function(){var a=t;if(Da)return/rv:([^\\);]+)(\\)|;)/.exec(a);if(Ca)return/Edge\\/([\\d\\.]+)/.exec(a);if(v)return/\\b(?:MSIE|rv)[: ]([^\\);]+)(\\)|;)/.exec(a);if(Ea)return/WebKit\\/(\\S+)/.exec(a);if(Ba)return/(?:Version)[ \\/]?(\\S+)/.exec(a)}();Ia&&(Ha=Ia?Ia[1]:\"\");if(v){var Ja=Fa();if(null!=Ja&&Ja>parseFloat(Ha)){Ga=String(Ja);break a}}Ga=Ha}var Aa={};\nfunction Ka(a){return za(a,function(){for(var b=0,c=ra(String(Ga)).split(\".\"),d=ra(String(a)).split(\".\"),e=Math.max(c.length,d.length),f=0;0==b&&f<e;f++){var g=c[f]||\"\",h=d[f]||\"\";do{g=/(\\d*)(\\D*)(.*)/.exec(g)||[\"\",\"\",\"\",\"\"];h=/(\\d*)(\\D*)(.*)/.exec(h)||[\"\",\"\",\"\",\"\"];if(0==g[0].length&&0==h[0].length)break;b=sa(0==g[1].length?0:parseInt(g[1],10),0==h[1].length?0:parseInt(h[1],10))||sa(0==g[2].length,0==h[2].length)||sa(g[2],h[2]);g=g[3];h=h[3]}while(0==b)}return 0<=b})}var La;\nLa=k.document&&v?Fa():void 0;var x=v&&!(9<=Number(La)),Ma=v&&!(8<=Number(La));function Na(a,b,c,d){this.a=a;this.nodeName=c;this.nodeValue=d;this.nodeType=2;this.parentNode=this.ownerElement=b}function Oa(a,b){var c=Ma&&\"href\"==b.nodeName?a.getAttribute(b.nodeName,2):b.nodeValue;return new Na(b,a,b.nodeName,c)};function Pa(a){this.b=a;this.a=0}function Qa(a){a=a.match(Ra);for(var b=0;b<a.length;b++)Sa.test(a[b])&&a.splice(b,1);return new Pa(a)}var Ra=/\\$?(?:(?![0-9-\\.])(?:\\*|[\\w-\\.]+):)?(?![0-9-\\.])(?:\\*|[\\w-\\.]+)|\\/\\/|\\.\\.|::|\\d+(?:\\.\\d*)?|\\.\\d+|\"[^\"]*\"|'[^']*'|[!<>]=|\\s+|./g,Sa=/^\\s/;function y(a,b){return a.b[a.a+(b||0)]}function z(a){return a.b[a.a++]}function Ta(a){return a.b.length<=a.a};function Ua(a,b){this.x=void 0!==a?a:0;this.y=void 0!==b?b:0}Ua.prototype.ceil=function(){this.x=Math.ceil(this.x);this.y=Math.ceil(this.y);return this};Ua.prototype.floor=function(){this.x=Math.floor(this.x);this.y=Math.floor(this.y);return this};Ua.prototype.round=function(){this.x=Math.round(this.x);this.y=Math.round(this.y);return this};function Va(a,b){this.width=a;this.height=b}Va.prototype.aspectRatio=function(){return this.width/this.height};Va.prototype.ceil=function(){this.width=Math.ceil(this.width);this.height=Math.ceil(this.height);return this};Va.prototype.floor=function(){this.width=Math.floor(this.width);this.height=Math.floor(this.height);return this};Va.prototype.round=function(){this.width=Math.round(this.width);this.height=Math.round(this.height);return this};function Wa(a,b){if(!a||!b)return!1;if(a.contains&&1==b.nodeType)return a==b||a.contains(b);if(\"undefined\"!=typeof a.compareDocumentPosition)return a==b||!!(a.compareDocumentPosition(b)&16);for(;b&&a!=b;)b=b.parentNode;return b==a}\nfunction Xa(a,b){if(a==b)return 0;if(a.compareDocumentPosition)return a.compareDocumentPosition(b)&2?1:-1;if(v&&!(9<=Number(La))){if(9==a.nodeType)return-1;if(9==b.nodeType)return 1}if(\"sourceIndex\"in a||a.parentNode&&\"sourceIndex\"in a.parentNode){var c=1==a.nodeType,d=1==b.nodeType;if(c&&d)return a.sourceIndex-b.sourceIndex;var e=a.parentNode,f=b.parentNode;return e==f?Ya(a,b):!c&&Wa(e,b)?-1*Za(a,b):!d&&Wa(f,a)?Za(b,a):(c?a.sourceIndex:e.sourceIndex)-(d?b.sourceIndex:f.sourceIndex)}d=A(a);c=d.createRange();\nc.selectNode(a);c.collapse(!0);a=d.createRange();a.selectNode(b);a.collapse(!0);return c.compareBoundaryPoints(k.Range.START_TO_END,a)}function Za(a,b){var c=a.parentNode;if(c==b)return-1;for(;b.parentNode!=c;)b=b.parentNode;return Ya(b,a)}function Ya(a,b){for(;b=b.previousSibling;)if(b==a)return-1;return 1}function A(a){return 9==a.nodeType?a:a.ownerDocument||a.document}function $a(a,b){a&&(a=a.parentNode);for(var c=0;a;){if(b(a))return a;a=a.parentNode;c++}return null}\nfunction ab(a){this.a=a||k.document||document}ab.prototype.getElementsByTagName=function(a,b){return(b||this.a).getElementsByTagName(String(a))};function B(a){var b=null,c=a.nodeType;1==c&&(b=a.textContent,b=void 0==b||null==b?a.innerText:b,b=void 0==b||null==b?\"\":b);if(\"string\"!=typeof b)if(x&&\"title\"==a.nodeName.toLowerCase()&&1==c)b=a.text;else if(9==c||1==c){a=9==c?a.documentElement:a.firstChild;c=0;var d=[];for(b=\"\";a;){do 1!=a.nodeType&&(b+=a.nodeValue),x&&\"title\"==a.nodeName.toLowerCase()&&(b+=a.text),d[c++]=a;while(a=a.firstChild);for(;c&&!(a=d[--c].nextSibling););}}else b=a.nodeValue;return b}\nfunction C(a,b,c){if(null===b)return!0;try{if(!a.getAttribute)return!1}catch(d){return!1}Ma&&\"class\"==b&&(b=\"className\");return null==c?!!a.getAttribute(b):a.getAttribute(b,2)==c}function bb(a,b,c,d,e){return(x?cb:db).call(null,a,b,aa(c)?c:null,aa(d)?d:null,e||new E)}\nfunction cb(a,b,c,d,e){if(a instanceof F||8==a.b||c&&null===a.b){var f=b.all;if(!f)return e;a=eb(a);if(\"*\"!=a&&(f=b.getElementsByTagName(a),!f))return e;if(c){for(var g=[],h=0;b=f[h++];)C(b,c,d)&&g.push(b);f=g}for(h=0;b=f[h++];)\"*\"==a&&\"!\"==b.tagName||e.add(b);return e}gb(a,b,c,d,e);return e}\nfunction db(a,b,c,d,e){b.getElementsByName&&d&&\"name\"==c&&!v?(b=b.getElementsByName(d),n(b,function(f){a.a(f)&&e.add(f)})):b.getElementsByClassName&&d&&\"class\"==c?(b=b.getElementsByClassName(d),n(b,function(f){f.className==d&&a.a(f)&&e.add(f)})):a instanceof G?gb(a,b,c,d,e):b.getElementsByTagName&&(b=b.getElementsByTagName(a.f()),n(b,function(f){C(f,c,d)&&e.add(f)}));return e}\nfunction hb(a,b,c,d,e){var f;if((a instanceof F||8==a.b||c&&null===a.b)&&(f=b.childNodes)){var g=eb(a);if(\"*\"!=g&&(f=ka(f,function(h){return h.tagName&&h.tagName.toLowerCase()==g}),!f))return e;c&&(f=ka(f,function(h){return C(h,c,d)}));n(f,function(h){\"*\"==g&&(\"!\"==h.tagName||\"*\"==g&&1!=h.nodeType)||e.add(h)});return e}return ib(a,b,c,d,e)}function ib(a,b,c,d,e){for(b=b.firstChild;b;b=b.nextSibling)C(b,c,d)&&a.a(b)&&e.add(b);return e}\nfunction gb(a,b,c,d,e){for(b=b.firstChild;b;b=b.nextSibling)C(b,c,d)&&a.a(b)&&e.add(b),gb(a,b,c,d,e)}function eb(a){if(a instanceof G){if(8==a.b)return\"!\";if(null===a.b)return\"*\"}return a.f()};function E(){this.b=this.a=null;this.l=0}function jb(a){this.f=a;this.a=this.b=null}function kb(a,b){if(!a.a)return b;if(!b.a)return a;var c=a.a;b=b.a;for(var d=null,e,f=0;c&&b;){e=c.f;var g=b.f;e==g||e instanceof Na&&g instanceof Na&&e.a==g.a?(e=c,c=c.a,b=b.a):0<Xa(c.f,b.f)?(e=b,b=b.a):(e=c,c=c.a);(e.b=d)?d.a=e:a.a=e;d=e;f++}for(e=c||b;e;)e.b=d,d=d.a=e,f++,e=e.a;a.b=d;a.l=f;return a}function lb(a,b){b=new jb(b);b.a=a.a;a.b?a.a.b=b:a.a=a.b=b;a.a=b;a.l++}\nE.prototype.add=function(a){a=new jb(a);a.b=this.b;this.a?this.b.a=a:this.a=this.b=a;this.b=a;this.l++};function mb(a){return(a=a.a)?a.f:null}function nb(a){return(a=mb(a))?B(a):\"\"}function H(a,b){return new ob(a,!!b)}function ob(a,b){this.f=a;this.b=(this.s=b)?a.b:a.a;this.a=null}function I(a){var b=a.b;if(null==b)return null;var c=a.a=b;a.b=a.s?b.b:b.a;return c.f};function J(a){this.i=a;this.b=this.g=!1;this.f=null}function K(a){return\"\\n  \"+a.toString().split(\"\\n\").join(\"\\n  \")}function pb(a,b){a.g=b}function qb(a,b){a.b=b}function N(a,b){a=a.a(b);return a instanceof E?+nb(a):+a}function O(a,b){a=a.a(b);return a instanceof E?nb(a):\"\"+a}function rb(a,b){a=a.a(b);return a instanceof E?!!a.l:!!a};function sb(a,b,c){J.call(this,a.i);this.c=a;this.h=b;this.o=c;this.g=b.g||c.g;this.b=b.b||c.b;this.c==tb&&(c.b||c.g||4==c.i||0==c.i||!b.f?b.b||b.g||4==b.i||0==b.i||!c.f||(this.f={name:c.f.name,u:b}):this.f={name:b.f.name,u:c})}l(sb,J);\nfunction ub(a,b,c,d,e){b=b.a(d);c=c.a(d);var f;if(b instanceof E&&c instanceof E){b=H(b);for(d=I(b);d;d=I(b))for(e=H(c),f=I(e);f;f=I(e))if(a(B(d),B(f)))return!0;return!1}if(b instanceof E||c instanceof E){b instanceof E?(e=b,d=c):(e=c,d=b);f=H(e);for(var g=typeof d,h=I(f);h;h=I(f)){switch(g){case \"number\":h=+B(h);break;case \"boolean\":h=!!B(h);break;case \"string\":h=B(h);break;default:throw Error(\"Illegal primitive type for comparison.\");}if(e==b&&a(h,d)||e==c&&a(d,h))return!0}return!1}return e?\"boolean\"==\ntypeof b||\"boolean\"==typeof c?a(!!b,!!c):\"number\"==typeof b||\"number\"==typeof c?a(+b,+c):a(b,c):a(+b,+c)}sb.prototype.a=function(a){return this.c.m(this.h,this.o,a)};sb.prototype.toString=function(){var a=\"Binary Expression: \"+this.c;a+=K(this.h);return a+=K(this.o)};function vb(a,b,c,d){this.I=a;this.D=b;this.i=c;this.m=d}vb.prototype.toString=function(){return this.I};var wb={};\nfunction P(a,b,c,d){if(wb.hasOwnProperty(a))throw Error(\"Binary operator already created: \"+a);a=new vb(a,b,c,d);return wb[a.toString()]=a}P(\"div\",6,1,function(a,b,c){return N(a,c)/N(b,c)});P(\"mod\",6,1,function(a,b,c){return N(a,c)%N(b,c)});P(\"*\",6,1,function(a,b,c){return N(a,c)*N(b,c)});P(\"+\",5,1,function(a,b,c){return N(a,c)+N(b,c)});P(\"-\",5,1,function(a,b,c){return N(a,c)-N(b,c)});P(\"<\",4,2,function(a,b,c){return ub(function(d,e){return d<e},a,b,c)});\nP(\">\",4,2,function(a,b,c){return ub(function(d,e){return d>e},a,b,c)});P(\"<=\",4,2,function(a,b,c){return ub(function(d,e){return d<=e},a,b,c)});P(\">=\",4,2,function(a,b,c){return ub(function(d,e){return d>=e},a,b,c)});var tb=P(\"=\",3,2,function(a,b,c){return ub(function(d,e){return d==e},a,b,c,!0)});P(\"!=\",3,2,function(a,b,c){return ub(function(d,e){return d!=e},a,b,c,!0)});P(\"and\",2,2,function(a,b,c){return rb(a,c)&&rb(b,c)});P(\"or\",1,2,function(a,b,c){return rb(a,c)||rb(b,c)});function xb(a,b){if(b.a.length&&4!=a.i)throw Error(\"Primary expression must evaluate to nodeset if filter has predicate(s).\");J.call(this,a.i);this.c=a;this.h=b;this.g=a.g;this.b=a.b}l(xb,J);xb.prototype.a=function(a){a=this.c.a(a);return yb(this.h,a)};xb.prototype.toString=function(){var a=\"Filter:\"+K(this.c);return a+=K(this.h)};function zb(a,b){if(b.length<a.C)throw Error(\"Function \"+a.j+\" expects at least\"+a.C+\" arguments, \"+b.length+\" given\");if(null!==a.B&&b.length>a.B)throw Error(\"Function \"+a.j+\" expects at most \"+a.B+\" arguments, \"+b.length+\" given\");a.H&&n(b,function(c,d){if(4!=c.i)throw Error(\"Argument \"+d+\" to function \"+a.j+\" is not of type Nodeset: \"+c);});J.call(this,a.i);this.v=a;this.c=b;pb(this,a.g||ma(b,function(c){return c.g}));qb(this,a.G&&!b.length||a.F&&!!b.length||ma(b,function(c){return c.b}))}\nl(zb,J);zb.prototype.a=function(a){return this.v.m.apply(null,pa(a,this.c))};zb.prototype.toString=function(){var a=\"Function: \"+this.v;if(this.c.length){var b=la(this.c,function(c,d){return c+K(d)},\"Arguments:\");a+=K(b)}return a};function Ab(a,b,c,d,e,f,g,h){this.j=a;this.i=b;this.g=c;this.G=d;this.F=!1;this.m=e;this.C=f;this.B=void 0!==g?g:f;this.H=!!h}Ab.prototype.toString=function(){return this.j};var Bb={};\nfunction Q(a,b,c,d,e,f,g,h){if(Bb.hasOwnProperty(a))throw Error(\"Function already created: \"+a+\".\");Bb[a]=new Ab(a,b,c,d,e,f,g,h)}Q(\"boolean\",2,!1,!1,function(a,b){return rb(b,a)},1);Q(\"ceiling\",1,!1,!1,function(a,b){return Math.ceil(N(b,a))},1);Q(\"concat\",3,!1,!1,function(a,b){return la(qa(arguments,1),function(c,d){return c+O(d,a)},\"\")},2,null);Q(\"contains\",2,!1,!1,function(a,b,c){b=O(b,a);a=O(c,a);return-1!=b.indexOf(a)},2);Q(\"count\",1,!1,!1,function(a,b){return b.a(a).l},1,1,!0);\nQ(\"false\",2,!1,!1,function(){return!1},0);Q(\"floor\",1,!1,!1,function(a,b){return Math.floor(N(b,a))},1);Q(\"id\",4,!1,!1,function(a,b){function c(h){if(x){var m=e.all[h];if(m){if(m.nodeType&&h==m.id)return m;if(m.length)return oa(m,function(w){return h==w.id})}return null}return e.getElementById(h)}var d=a.a,e=9==d.nodeType?d:d.ownerDocument;a=O(b,a).split(/\\s+/);var f=[];n(a,function(h){h=c(h);!h||0<=ja(f,h)||f.push(h)});f.sort(Xa);var g=new E;n(f,function(h){g.add(h)});return g},1);\nQ(\"lang\",2,!1,!1,function(){return!1},1);Q(\"last\",1,!0,!1,function(a){if(1!=arguments.length)throw Error(\"Function last expects ()\");return a.f},0);Q(\"local-name\",3,!1,!0,function(a,b){return(a=b?mb(b.a(a)):a.a)?a.localName||a.nodeName.toLowerCase():\"\"},0,1,!0);Q(\"name\",3,!1,!0,function(a,b){return(a=b?mb(b.a(a)):a.a)?a.nodeName.toLowerCase():\"\"},0,1,!0);Q(\"namespace-uri\",3,!0,!1,function(){return\"\"},0,1,!0);\nQ(\"normalize-space\",3,!1,!0,function(a,b){return(b?O(b,a):B(a.a)).replace(/[\\s\\xa0]+/g,\" \").replace(/^\\s+|\\s+$/g,\"\")},0,1);Q(\"not\",2,!1,!1,function(a,b){return!rb(b,a)},1);Q(\"number\",1,!1,!0,function(a,b){return b?N(b,a):+B(a.a)},0,1);Q(\"position\",1,!0,!1,function(a){return a.b},0);Q(\"round\",1,!1,!1,function(a,b){return Math.round(N(b,a))},1);Q(\"starts-with\",2,!1,!1,function(a,b,c){b=O(b,a);a=O(c,a);return 0==b.lastIndexOf(a,0)},2);Q(\"string\",3,!1,!0,function(a,b){return b?O(b,a):B(a.a)},0,1);\nQ(\"string-length\",1,!1,!0,function(a,b){return(b?O(b,a):B(a.a)).length},0,1);Q(\"substring\",3,!1,!1,function(a,b,c,d){c=N(c,a);if(isNaN(c)||Infinity==c||-Infinity==c)return\"\";d=d?N(d,a):Infinity;if(isNaN(d)||-Infinity===d)return\"\";c=Math.round(c)-1;var e=Math.max(c,0);a=O(b,a);return Infinity==d?a.substring(e):a.substring(e,c+Math.round(d))},2,3);Q(\"substring-after\",3,!1,!1,function(a,b,c){b=O(b,a);a=O(c,a);c=b.indexOf(a);return-1==c?\"\":b.substring(c+a.length)},2);\nQ(\"substring-before\",3,!1,!1,function(a,b,c){b=O(b,a);a=O(c,a);a=b.indexOf(a);return-1==a?\"\":b.substring(0,a)},2);Q(\"sum\",1,!1,!1,function(a,b){a=H(b.a(a));b=0;for(var c=I(a);c;c=I(a))b+=+B(c);return b},1,1,!0);Q(\"translate\",3,!1,!1,function(a,b,c,d){b=O(b,a);c=O(c,a);var e=O(d,a);a={};for(d=0;d<c.length;d++){var f=c.charAt(d);f in a||(a[f]=e.charAt(d))}c=\"\";for(d=0;d<b.length;d++)f=b.charAt(d),c+=f in a?a[f]:f;return c},3);Q(\"true\",2,!1,!1,function(){return!0},0);function G(a,b){this.h=a;this.c=void 0!==b?b:null;this.b=null;switch(a){case \"comment\":this.b=8;break;case \"text\":this.b=3;break;case \"processing-instruction\":this.b=7;break;case \"node\":break;default:throw Error(\"Unexpected argument\");}}function Cb(a){return\"comment\"==a||\"text\"==a||\"processing-instruction\"==a||\"node\"==a}G.prototype.a=function(a){return null===this.b||this.b==a.nodeType};G.prototype.f=function(){return this.h};\nG.prototype.toString=function(){var a=\"Kind Test: \"+this.h;null===this.c||(a+=K(this.c));return a};function Db(a){J.call(this,3);this.c=a.substring(1,a.length-1)}l(Db,J);Db.prototype.a=function(){return this.c};Db.prototype.toString=function(){return\"Literal: \"+this.c};function F(a,b){this.j=a.toLowerCase();a=\"*\"==this.j?\"*\":\"http://www.w3.org/1999/xhtml\";this.c=b?b.toLowerCase():a}F.prototype.a=function(a){var b=a.nodeType;if(1!=b&&2!=b)return!1;b=void 0!==a.localName?a.localName:a.nodeName;return\"*\"!=this.j&&this.j!=b.toLowerCase()?!1:\"*\"==this.c?!0:this.c==(a.namespaceURI?a.namespaceURI.toLowerCase():\"http://www.w3.org/1999/xhtml\")};F.prototype.f=function(){return this.j};\nF.prototype.toString=function(){return\"Name Test: \"+(\"http://www.w3.org/1999/xhtml\"==this.c?\"\":this.c+\":\")+this.j};function Eb(a){J.call(this,1);this.c=a}l(Eb,J);Eb.prototype.a=function(){return this.c};Eb.prototype.toString=function(){return\"Number: \"+this.c};function Fb(a,b){J.call(this,a.i);this.h=a;this.c=b;this.g=a.g;this.b=a.b;1==this.c.length&&(a=this.c[0],a.A||a.c!=Gb||(a=a.o,\"*\"!=a.f()&&(this.f={name:a.f(),u:null})))}l(Fb,J);function Hb(){J.call(this,4)}l(Hb,J);Hb.prototype.a=function(a){var b=new E;a=a.a;9==a.nodeType?b.add(a):b.add(a.ownerDocument);return b};Hb.prototype.toString=function(){return\"Root Helper Expression\"};function Ib(){J.call(this,4)}l(Ib,J);Ib.prototype.a=function(a){var b=new E;b.add(a.a);return b};Ib.prototype.toString=function(){return\"Context Helper Expression\"};\nfunction Jb(a){return\"/\"==a||\"//\"==a}Fb.prototype.a=function(a){var b=this.h.a(a);if(!(b instanceof E))throw Error(\"Filter expression must evaluate to nodeset.\");a=this.c;for(var c=0,d=a.length;c<d&&b.l;c++){var e=a[c],f=H(b,e.c.s);if(e.g||e.c!=Kb)if(e.g||e.c!=Lb){var g=I(f);for(b=e.a(new ia(g));null!=(g=I(f));)g=e.a(new ia(g)),b=kb(b,g)}else g=I(f),b=e.a(new ia(g));else{for(g=I(f);(b=I(f))&&(!g.contains||g.contains(b))&&b.compareDocumentPosition(g)&8;g=b);b=e.a(new ia(g))}}return b};\nFb.prototype.toString=function(){var a=\"Path Expression:\"+K(this.h);if(this.c.length){var b=la(this.c,function(c,d){return c+K(d)},\"Steps:\");a+=K(b)}return a};function Mb(a,b){this.a=a;this.s=!!b}\nfunction yb(a,b,c){for(c=c||0;c<a.a.length;c++)for(var d=a.a[c],e=H(b),f=b.l,g,h=0;g=I(e);h++){var m=a.s?f-h:h+1;g=d.a(new ia(g,m,f));if(\"number\"==typeof g)m=m==g;else if(\"string\"==typeof g||\"boolean\"==typeof g)m=!!g;else if(g instanceof E)m=0<g.l;else throw Error(\"Predicate.evaluate returned an unexpected type.\");if(!m){m=e;g=m.f;var w=m.a;if(!w)throw Error(\"Next must be called at least once before remove.\");var r=w.b;w=w.a;r?r.a=w:g.a=w;w?w.b=r:g.b=r;g.l--;m.a=null}}return b}\nMb.prototype.toString=function(){return la(this.a,function(a,b){return a+K(b)},\"Predicates:\")};function R(a,b,c,d){J.call(this,4);this.c=a;this.o=b;this.h=c||new Mb([]);this.A=!!d;b=this.h;b=0<b.a.length?b.a[0].f:null;a.J&&b&&(a=b.name,a=x?a.toLowerCase():a,this.f={name:a,u:b.u});a:{a=this.h;for(b=0;b<a.a.length;b++)if(c=a.a[b],c.g||1==c.i||0==c.i){a=!0;break a}a=!1}this.g=a}l(R,J);\nR.prototype.a=function(a){var b=a.a,c=this.f,d=null,e=null,f=0;c&&(d=c.name,e=c.u?O(c.u,a):null,f=1);if(this.A)if(this.g||this.c!=Nb)if(b=H((new R(Ob,new G(\"node\"))).a(a)),c=I(b))for(a=this.m(c,d,e,f);null!=(c=I(b));)a=kb(a,this.m(c,d,e,f));else a=new E;else a=bb(this.o,b,d,e),a=yb(this.h,a,f);else a=this.m(a.a,d,e,f);return a};R.prototype.m=function(a,b,c,d){a=this.c.v(this.o,a,b,c);return a=yb(this.h,a,d)};\nR.prototype.toString=function(){var a=\"Step:\"+K(\"Operator: \"+(this.A?\"//\":\"/\"));this.c.j&&(a+=K(\"Axis: \"+this.c));a+=K(this.o);if(this.h.a.length){var b=la(this.h.a,function(c,d){return c+K(d)},\"Predicates:\");a+=K(b)}return a};function Pb(a,b,c,d){this.j=a;this.v=b;this.s=c;this.J=d}Pb.prototype.toString=function(){return this.j};var Qb={};function S(a,b,c,d){if(Qb.hasOwnProperty(a))throw Error(\"Axis already created: \"+a);b=new Pb(a,b,c,!!d);return Qb[a]=b}\nS(\"ancestor\",function(a,b){for(var c=new E;b=b.parentNode;)a.a(b)&&lb(c,b);return c},!0);S(\"ancestor-or-self\",function(a,b){var c=new E;do a.a(b)&&lb(c,b);while(b=b.parentNode);return c},!0);\nvar Gb=S(\"attribute\",function(a,b){var c=new E,d=a.f();if(\"style\"==d&&x&&b.style)return c.add(new Na(b.style,b,\"style\",b.style.cssText)),c;var e=b.attributes;if(e)if(a instanceof G&&null===a.b||\"*\"==d)for(a=0;d=e[a];a++)x?d.nodeValue&&c.add(Oa(b,d)):c.add(d);else(d=e.getNamedItem(d))&&(x?d.nodeValue&&c.add(Oa(b,d)):c.add(d));return c},!1),Nb=S(\"child\",function(a,b,c,d,e){return(x?hb:ib).call(null,a,b,aa(c)?c:null,aa(d)?d:null,e||new E)},!1,!0);S(\"descendant\",bb,!1,!0);\nvar Ob=S(\"descendant-or-self\",function(a,b,c,d){var e=new E;C(b,c,d)&&a.a(b)&&e.add(b);return bb(a,b,c,d,e)},!1,!0),Kb=S(\"following\",function(a,b,c,d){var e=new E;do for(var f=b;f=f.nextSibling;)C(f,c,d)&&a.a(f)&&e.add(f),e=bb(a,f,c,d,e);while(b=b.parentNode);return e},!1,!0);S(\"following-sibling\",function(a,b){for(var c=new E;b=b.nextSibling;)a.a(b)&&c.add(b);return c},!1);S(\"namespace\",function(){return new E},!1);\nvar Rb=S(\"parent\",function(a,b){var c=new E;if(9==b.nodeType)return c;if(2==b.nodeType)return c.add(b.ownerElement),c;b=b.parentNode;a.a(b)&&c.add(b);return c},!1),Lb=S(\"preceding\",function(a,b,c,d){var e=new E,f=[];do f.unshift(b);while(b=b.parentNode);for(var g=1,h=f.length;g<h;g++){var m=[];for(b=f[g];b=b.previousSibling;)m.unshift(b);for(var w=0,r=m.length;w<r;w++)b=m[w],C(b,c,d)&&a.a(b)&&e.add(b),e=bb(a,b,c,d,e)}return e},!0,!0);\nS(\"preceding-sibling\",function(a,b){for(var c=new E;b=b.previousSibling;)a.a(b)&&lb(c,b);return c},!0);var Sb=S(\"self\",function(a,b){var c=new E;a.a(b)&&c.add(b);return c},!1);function Tb(a){J.call(this,1);this.c=a;this.g=a.g;this.b=a.b}l(Tb,J);Tb.prototype.a=function(a){return-N(this.c,a)};Tb.prototype.toString=function(){return\"Unary Expression: -\"+K(this.c)};function Ub(a){J.call(this,4);this.c=a;pb(this,ma(this.c,function(b){return b.g}));qb(this,ma(this.c,function(b){return b.b}))}l(Ub,J);Ub.prototype.a=function(a){var b=new E;n(this.c,function(c){c=c.a(a);if(!(c instanceof E))throw Error(\"Path expression must evaluate to NodeSet.\");b=kb(b,c)});return b};Ub.prototype.toString=function(){return la(this.c,function(a,b){return a+K(b)},\"Union Expression:\")};function Vb(a,b){this.a=a;this.b=b}function Yb(a){for(var b,c=[];;){T(a,\"Missing right hand side of binary expression.\");b=Zb(a);var d=z(a.a);if(!d)break;var e=(d=wb[d]||null)&&d.D;if(!e){a.a.a--;break}for(;c.length&&e<=c[c.length-1].D;)b=new sb(c.pop(),c.pop(),b);c.push(b,d)}for(;c.length;)b=new sb(c.pop(),c.pop(),b);return b}function T(a,b){if(Ta(a.a))throw Error(b);}function $b(a,b){a=z(a.a);if(a!=b)throw Error(\"Bad token, expected: \"+b+\" got: \"+a);}\nfunction ac(a){a=z(a.a);if(\")\"!=a)throw Error(\"Bad token: \"+a);}function bc(a){a=z(a.a);if(2>a.length)throw Error(\"Unclosed literal string\");return new Db(a)}\nfunction cc(a){var b=[];if(Jb(y(a.a))){var c=z(a.a);var d=y(a.a);if(\"/\"==c&&(Ta(a.a)||\".\"!=d&&\"..\"!=d&&\"@\"!=d&&\"*\"!=d&&!/(?![0-9])[\\w]/.test(d)))return new Hb;d=new Hb;T(a,\"Missing next location step.\");c=dc(a,c);b.push(c)}else{a:{c=y(a.a);d=c.charAt(0);switch(d){case \"$\":throw Error(\"Variable reference not allowed in HTML XPath\");case \"(\":z(a.a);c=Yb(a);T(a,'unclosed \"(\"');$b(a,\")\");break;case '\"':case \"'\":c=bc(a);break;default:if(isNaN(+c))if(!Cb(c)&&/(?![0-9])[\\w]/.test(d)&&\"(\"==y(a.a,1)){c=z(a.a);\nc=Bb[c]||null;z(a.a);for(d=[];\")\"!=y(a.a);){T(a,\"Missing function argument list.\");d.push(Yb(a));if(\",\"!=y(a.a))break;z(a.a)}T(a,\"Unclosed function argument list.\");ac(a);c=new zb(c,d)}else{c=null;break a}else c=new Eb(+z(a.a))}\"[\"==y(a.a)&&(d=new Mb(ec(a)),c=new xb(c,d))}if(c)if(Jb(y(a.a)))d=c;else return c;else c=dc(a,\"/\"),d=new Ib,b.push(c)}for(;Jb(y(a.a));)c=z(a.a),T(a,\"Missing next location step.\"),c=dc(a,c),b.push(c);return new Fb(d,b)}\nfunction dc(a,b){if(\"/\"!=b&&\"//\"!=b)throw Error('Step op should be \"/\" or \"//\"');if(\".\"==y(a.a)){var c=new R(Sb,new G(\"node\"));z(a.a);return c}if(\"..\"==y(a.a))return c=new R(Rb,new G(\"node\")),z(a.a),c;if(\"@\"==y(a.a)){var d=Gb;z(a.a);T(a,\"Missing attribute name\")}else if(\"::\"==y(a.a,1)){if(!/(?![0-9])[\\w]/.test(y(a.a).charAt(0)))throw Error(\"Bad token: \"+z(a.a));var e=z(a.a);d=Qb[e]||null;if(!d)throw Error(\"No axis with name: \"+e);z(a.a);T(a,\"Missing node name\")}else d=Nb;e=y(a.a);if(/(?![0-9])[\\w\\*]/.test(e.charAt(0)))if(\"(\"==\ny(a.a,1)){if(!Cb(e))throw Error(\"Invalid node type: \"+e);e=z(a.a);if(!Cb(e))throw Error(\"Invalid type name: \"+e);$b(a,\"(\");T(a,\"Bad nodetype\");var f=y(a.a).charAt(0),g=null;if('\"'==f||\"'\"==f)g=bc(a);T(a,\"Bad nodetype\");ac(a);e=new G(e,g)}else if(e=z(a.a),f=e.indexOf(\":\"),-1==f)e=new F(e);else{g=e.substring(0,f);if(\"*\"==g)var h=\"*\";else if(h=a.b(g),!h)throw Error(\"Namespace prefix not declared: \"+g);e=e.substr(f+1);e=new F(e,h)}else throw Error(\"Bad token: \"+z(a.a));a=new Mb(ec(a),d.s);return c||new R(d,\ne,a,\"//\"==b)}function ec(a){for(var b=[];\"[\"==y(a.a);){z(a.a);T(a,\"Missing predicate expression.\");var c=Yb(a);b.push(c);T(a,\"Unclosed predicate expression.\");$b(a,\"]\")}return b}function Zb(a){if(\"-\"==y(a.a))return z(a.a),new Tb(Zb(a));var b=cc(a);if(\"|\"!=y(a.a))a=b;else{for(b=[b];\"|\"==z(a.a);)T(a,\"Missing next union location path.\"),b.push(cc(a));a.a.a--;a=new Ub(b)}return a};function fc(a){switch(a.nodeType){case 1:return ha(gc,a);case 9:return fc(a.documentElement);case 11:case 10:case 6:case 12:return hc;default:return a.parentNode?fc(a.parentNode):hc}}function hc(){return null}function gc(a,b){if(a.prefix==b)return a.namespaceURI||\"http://www.w3.org/1999/xhtml\";var c=a.getAttributeNode(\"xmlns:\"+b);return c&&c.specified?c.value||null:a.parentNode&&9!=a.parentNode.nodeType?gc(a.parentNode,b):null};function ic(a,b){if(!a.length)throw Error(\"Empty XPath expression.\");a=Qa(a);if(Ta(a))throw Error(\"Invalid XPath expression.\");b?\"function\"==ca(b)||(b=fa(b.lookupNamespaceURI,b)):b=function(){return null};var c=Yb(new Vb(a,b));if(!Ta(a))throw Error(\"Bad token: \"+z(a));this.evaluate=function(d,e){d=c.a(new ia(d));return new U(d,e)}}\nfunction U(a,b){if(0==b)if(a instanceof E)b=4;else if(\"string\"==typeof a)b=2;else if(\"number\"==typeof a)b=1;else if(\"boolean\"==typeof a)b=3;else throw Error(\"Unexpected evaluation result.\");if(2!=b&&1!=b&&3!=b&&!(a instanceof E))throw Error(\"value could not be converted to the specified type\");this.resultType=b;switch(b){case 2:this.stringValue=a instanceof E?nb(a):\"\"+a;break;case 1:this.numberValue=a instanceof E?+nb(a):+a;break;case 3:this.booleanValue=a instanceof E?0<a.l:!!a;break;case 4:case 5:case 6:case 7:var c=\nH(a);var d=[];for(var e=I(c);e;e=I(c))d.push(e instanceof Na?e.a:e);this.snapshotLength=a.l;this.invalidIteratorState=!1;break;case 8:case 9:a=mb(a);this.singleNodeValue=a instanceof Na?a.a:a;break;default:throw Error(\"Unknown XPathResult type.\");}var f=0;this.iterateNext=function(){if(4!=b&&5!=b)throw Error(\"iterateNext called with wrong result type\");return f>=d.length?null:d[f++]};this.snapshotItem=function(g){if(6!=b&&7!=b)throw Error(\"snapshotItem called with wrong result type\");return g>=d.length||\n0>g?null:d[g]}}U.ANY_TYPE=0;U.NUMBER_TYPE=1;U.STRING_TYPE=2;U.BOOLEAN_TYPE=3;U.UNORDERED_NODE_ITERATOR_TYPE=4;U.ORDERED_NODE_ITERATOR_TYPE=5;U.UNORDERED_NODE_SNAPSHOT_TYPE=6;U.ORDERED_NODE_SNAPSHOT_TYPE=7;U.ANY_UNORDERED_NODE_TYPE=8;U.FIRST_ORDERED_NODE_TYPE=9;function jc(a){this.lookupNamespaceURI=fc(a)}\nfunction kc(a,b){a=a||k;var c=a.Document&&a.Document.prototype||a.document;if(!c.evaluate||b)a.XPathResult=U,c.evaluate=function(d,e,f,g){return(new ic(d,f)).evaluate(e,g)},c.createExpression=function(d,e){return new ic(d,e)},c.createNSResolver=function(d){return new jc(d)}}ba(\"wgxpath.install\",kc);ba(\"wgxpath.install\",kc);var lc={aliceblue:\"#f0f8ff\",antiquewhite:\"#faebd7\",aqua:\"#00ffff\",aquamarine:\"#7fffd4\",azure:\"#f0ffff\",beige:\"#f5f5dc\",bisque:\"#ffe4c4\",black:\"#000000\",blanchedalmond:\"#ffebcd\",blue:\"#0000ff\",blueviolet:\"#8a2be2\",brown:\"#a52a2a\",burlywood:\"#deb887\",cadetblue:\"#5f9ea0\",chartreuse:\"#7fff00\",chocolate:\"#d2691e\",coral:\"#ff7f50\",cornflowerblue:\"#6495ed\",cornsilk:\"#fff8dc\",crimson:\"#dc143c\",cyan:\"#00ffff\",darkblue:\"#00008b\",darkcyan:\"#008b8b\",darkgoldenrod:\"#b8860b\",darkgray:\"#a9a9a9\",darkgreen:\"#006400\",\ndarkgrey:\"#a9a9a9\",darkkhaki:\"#bdb76b\",darkmagenta:\"#8b008b\",darkolivegreen:\"#556b2f\",darkorange:\"#ff8c00\",darkorchid:\"#9932cc\",darkred:\"#8b0000\",darksalmon:\"#e9967a\",darkseagreen:\"#8fbc8f\",darkslateblue:\"#483d8b\",darkslategray:\"#2f4f4f\",darkslategrey:\"#2f4f4f\",darkturquoise:\"#00ced1\",darkviolet:\"#9400d3\",deeppink:\"#ff1493\",deepskyblue:\"#00bfff\",dimgray:\"#696969\",dimgrey:\"#696969\",dodgerblue:\"#1e90ff\",firebrick:\"#b22222\",floralwhite:\"#fffaf0\",forestgreen:\"#228b22\",fuchsia:\"#ff00ff\",gainsboro:\"#dcdcdc\",\nghostwhite:\"#f8f8ff\",gold:\"#ffd700\",goldenrod:\"#daa520\",gray:\"#808080\",green:\"#008000\",greenyellow:\"#adff2f\",grey:\"#808080\",honeydew:\"#f0fff0\",hotpink:\"#ff69b4\",indianred:\"#cd5c5c\",indigo:\"#4b0082\",ivory:\"#fffff0\",khaki:\"#f0e68c\",lavender:\"#e6e6fa\",lavenderblush:\"#fff0f5\",lawngreen:\"#7cfc00\",lemonchiffon:\"#fffacd\",lightblue:\"#add8e6\",lightcoral:\"#f08080\",lightcyan:\"#e0ffff\",lightgoldenrodyellow:\"#fafad2\",lightgray:\"#d3d3d3\",lightgreen:\"#90ee90\",lightgrey:\"#d3d3d3\",lightpink:\"#ffb6c1\",lightsalmon:\"#ffa07a\",\nlightseagreen:\"#20b2aa\",lightskyblue:\"#87cefa\",lightslategray:\"#778899\",lightslategrey:\"#778899\",lightsteelblue:\"#b0c4de\",lightyellow:\"#ffffe0\",lime:\"#00ff00\",limegreen:\"#32cd32\",linen:\"#faf0e6\",magenta:\"#ff00ff\",maroon:\"#800000\",mediumaquamarine:\"#66cdaa\",mediumblue:\"#0000cd\",mediumorchid:\"#ba55d3\",mediumpurple:\"#9370db\",mediumseagreen:\"#3cb371\",mediumslateblue:\"#7b68ee\",mediumspringgreen:\"#00fa9a\",mediumturquoise:\"#48d1cc\",mediumvioletred:\"#c71585\",midnightblue:\"#191970\",mintcream:\"#f5fffa\",mistyrose:\"#ffe4e1\",\nmoccasin:\"#ffe4b5\",navajowhite:\"#ffdead\",navy:\"#000080\",oldlace:\"#fdf5e6\",olive:\"#808000\",olivedrab:\"#6b8e23\",orange:\"#ffa500\",orangered:\"#ff4500\",orchid:\"#da70d6\",palegoldenrod:\"#eee8aa\",palegreen:\"#98fb98\",paleturquoise:\"#afeeee\",palevioletred:\"#db7093\",papayawhip:\"#ffefd5\",peachpuff:\"#ffdab9\",peru:\"#cd853f\",pink:\"#ffc0cb\",plum:\"#dda0dd\",powderblue:\"#b0e0e6\",purple:\"#800080\",red:\"#ff0000\",rosybrown:\"#bc8f8f\",royalblue:\"#4169e1\",saddlebrown:\"#8b4513\",salmon:\"#fa8072\",sandybrown:\"#f4a460\",seagreen:\"#2e8b57\",\nseashell:\"#fff5ee\",sienna:\"#a0522d\",silver:\"#c0c0c0\",skyblue:\"#87ceeb\",slateblue:\"#6a5acd\",slategray:\"#708090\",slategrey:\"#708090\",snow:\"#fffafa\",springgreen:\"#00ff7f\",steelblue:\"#4682b4\",tan:\"#d2b48c\",teal:\"#008080\",thistle:\"#d8bfd8\",tomato:\"#ff6347\",turquoise:\"#40e0d0\",violet:\"#ee82ee\",wheat:\"#f5deb3\",white:\"#ffffff\",whitesmoke:\"#f5f5f5\",yellow:\"#ffff00\",yellowgreen:\"#9acd32\"};var mc=\"backgroundColor borderTopColor borderRightColor borderBottomColor borderLeftColor color outlineColor\".split(\" \"),nc=/#([0-9a-fA-F])([0-9a-fA-F])([0-9a-fA-F])/,oc=/^#(?:[0-9a-f]{3}){1,2}$/i,pc=/^(?:rgba)?\\((\\d{1,3}),\\s?(\\d{1,3}),\\s?(\\d{1,3}),\\s?(0|1|0\\.\\d*)\\)$/i,qc=/^(?:rgb)?\\((0|[1-9]\\d{0,2}),\\s?(0|[1-9]\\d{0,2}),\\s?(0|[1-9]\\d{0,2})\\)$/i;function rc(a,b){this.code=a;this.a=V[a]||sc;this.message=b||\"\";a=this.a.replace(/((?:^|\\s+)[a-z])/g,function(c){return c.toUpperCase().replace(/^[\\s\\xa0]+/g,\"\")});b=a.length-5;if(0>b||a.indexOf(\"Error\",b)!=b)a+=\"Error\";this.name=a;a=Error(this.message);a.name=this.name;this.stack=a.stack||\"\"}l(rc,Error);var sc=\"unknown error\",V={15:\"element not selectable\",11:\"element not visible\"};V[31]=sc;V[30]=sc;V[24]=\"invalid cookie domain\";V[29]=\"invalid element coordinates\";V[12]=\"invalid element state\";\nV[32]=\"invalid selector\";V[51]=\"invalid selector\";V[52]=\"invalid selector\";V[17]=\"javascript error\";V[405]=\"unsupported operation\";V[34]=\"move target out of bounds\";V[27]=\"no such alert\";V[7]=\"no such element\";V[8]=\"no such frame\";V[23]=\"no such window\";V[28]=\"script timeout\";V[33]=\"session not created\";V[10]=\"stale element reference\";V[21]=\"timeout\";V[25]=\"unable to set cookie\";V[26]=\"unexpected alert open\";V[13]=sc;V[9]=\"unknown command\";var tc=va(),uc=ya()||u(\"iPod\"),vc=u(\"iPad\"),wc=u(\"Android\")&&!(wa()||va()||u(\"Opera\")||u(\"Silk\")),xc=wa(),yc=u(\"Safari\")&&!(wa()||u(\"Coast\")||u(\"Opera\")||u(\"Edge\")||u(\"Edg/\")||u(\"OPR\")||va()||u(\"Silk\")||u(\"Android\"))&&!(ya()||u(\"iPad\")||u(\"iPod\"));function zc(a){return(a=a.exec(t))?a[1]:\"\"}(function(){if(tc)return zc(/Firefox\\/([0-9.]+)/);if(v||Ca||Ba)return Ga;if(xc)return ya()||u(\"iPad\")||u(\"iPod\")?zc(/CriOS\\/([0-9.]+)/):zc(/Chrome\\/([0-9.]+)/);if(yc&&!(ya()||u(\"iPad\")||u(\"iPod\")))return zc(/Version\\/([0-9.]+)/);if(uc||vc){var a=/Version\\/(\\S+).*Mobile\\/(\\S+)/.exec(t);if(a)return a[1]+\".\"+a[2]}else if(wc)return(a=zc(/Android\\s+([0-9.]+)/))?a:zc(/Version\\/([0-9.]+)/);return\"\"})();var Ac=v&&!(9<=Number(La));function W(a,b){b&&\"string\"!==typeof b&&(b=b.toString());return!!a&&1==a.nodeType&&(!b||a.tagName.toUpperCase()==b)};var Bc=function(){var a={K:\"http://www.w3.org/2000/svg\"};return function(b){return a[b]||null}}();\nfunction Cc(a,b){var c=A(a);if(!c.documentElement)return null;(v||wc)&&kc(c?c.parentWindow||c.defaultView:window);try{var d=c.createNSResolver?c.createNSResolver(c.documentElement):Bc;if(v&&!Ka(7))return c.evaluate.call(c,b,a,d,9,null);if(!v||9<=Number(La)){for(var e={},f=c.getElementsByTagName(\"*\"),g=0;g<f.length;++g){var h=f[g],m=h.namespaceURI;if(m&&!e[m]){var w=h.lookupPrefix(m);if(!w){var r=m.match(\".*/(\\\\w+)/?$\");w=r?r[1]:\"xhtml\"}e[m]=w}}var D={},L;for(L in e)D[e[L]]=L;d=function(M){return D[M]||\nnull}}try{return c.evaluate(b,a,d,9,null)}catch(M){if(\"TypeError\"===M.name)return d=c.createNSResolver?c.createNSResolver(c.documentElement):Bc,c.evaluate(b,a,d,9,null);throw M;}}catch(M){if(!Da||\"NS_ERROR_ILLEGAL_VALUE\"!=M.name)throw new rc(32,\"Unable to locate an element with the xpath expression \"+b+\" because of the following error:\\n\"+M);}}\nfunction Dc(a,b){var c=function(){var d=Cc(b,a);return d?d.singleNodeValue||null:b.selectSingleNode?(d=A(b),d.setProperty&&d.setProperty(\"SelectionLanguage\",\"XPath\"),b.selectSingleNode(a)):null}();if(null!==c&&(!c||1!=c.nodeType))throw new rc(32,'The result of the xpath expression \"'+a+'\" is: '+c+\". It should be an element.\");return c};function Ec(a,b,c,d){this.c=a;this.a=b;this.b=c;this.f=d}Ec.prototype.ceil=function(){this.c=Math.ceil(this.c);this.a=Math.ceil(this.a);this.b=Math.ceil(this.b);this.f=Math.ceil(this.f);return this};Ec.prototype.floor=function(){this.c=Math.floor(this.c);this.a=Math.floor(this.a);this.b=Math.floor(this.b);this.f=Math.floor(this.f);return this};Ec.prototype.round=function(){this.c=Math.round(this.c);this.a=Math.round(this.a);this.b=Math.round(this.b);this.f=Math.round(this.f);return this};function X(a,b,c,d){this.a=a;this.b=b;this.width=c;this.height=d}X.prototype.ceil=function(){this.a=Math.ceil(this.a);this.b=Math.ceil(this.b);this.width=Math.ceil(this.width);this.height=Math.ceil(this.height);return this};X.prototype.floor=function(){this.a=Math.floor(this.a);this.b=Math.floor(this.b);this.width=Math.floor(this.width);this.height=Math.floor(this.height);return this};\nX.prototype.round=function(){this.a=Math.round(this.a);this.b=Math.round(this.b);this.width=Math.round(this.width);this.height=Math.round(this.height);return this};var Fc=\"function\"===typeof ShadowRoot;function Gc(a){for(a=a.parentNode;a&&1!=a.nodeType&&9!=a.nodeType&&11!=a.nodeType;)a=a.parentNode;return W(a)?a:null}\nfunction Y(a,b){b=xa(b);if(\"float\"==b||\"cssFloat\"==b||\"styleFloat\"==b)b=Ac?\"styleFloat\":\"cssFloat\";a:{var c=b;var d=A(a);if(d.defaultView&&d.defaultView.getComputedStyle&&(d=d.defaultView.getComputedStyle(a,null))){c=d[c]||d.getPropertyValue(c)||\"\";break a}c=\"\"}a=c||Hc(a,b);if(null===a)a=null;else if(0<=ja(mc,b)){b:{var e=a.match(pc);if(e&&(b=Number(e[1]),c=Number(e[2]),d=Number(e[3]),e=Number(e[4]),0<=b&&255>=b&&0<=c&&255>=c&&0<=d&&255>=d&&0<=e&&1>=e)){b=[b,c,d,e];break b}b=null}if(!b)b:{if(d=a.match(qc))if(b=\nNumber(d[1]),c=Number(d[2]),d=Number(d[3]),0<=b&&255>=b&&0<=c&&255>=c&&0<=d&&255>=d){b=[b,c,d,1];break b}b=null}if(!b)b:{b=a.toLowerCase();c=lc[b.toLowerCase()];if(!c&&(c=\"#\"==b.charAt(0)?b:\"#\"+b,4==c.length&&(c=c.replace(nc,\"#$1$1$2$2$3$3\")),!oc.test(c))){b=null;break b}b=[parseInt(c.substr(1,2),16),parseInt(c.substr(3,2),16),parseInt(c.substr(5,2),16),1]}a=b?\"rgba(\"+b.join(\", \")+\")\":a}return a}\nfunction Hc(a,b){var c=a.currentStyle||a.style,d=c[b];void 0===d&&\"function\"==ca(c.getPropertyValue)&&(d=c.getPropertyValue(b));return\"inherit\"!=d?void 0!==d?d:null:(a=Gc(a))?Hc(a,b):null}\nfunction Ic(a,b,c){function d(g){var h=Jc(g);return 0<h.height&&0<h.width?!0:W(g,\"PATH\")&&(0<h.height||0<h.width)?(g=Y(g,\"stroke-width\"),!!g&&0<parseInt(g,10)):\"hidden\"!=Y(g,\"overflow\")&&ma(g.childNodes,function(m){return 3==m.nodeType||W(m)&&d(m)})}function e(g){return Kc(g)==Z&&na(g.childNodes,function(h){return!W(h)||e(h)||!d(h)})}if(!W(a))throw Error(\"Argument to isShown must be of type Element\");if(W(a,\"BODY\"))return!0;if(W(a,\"OPTION\")||W(a,\"OPTGROUP\"))return a=$a(a,function(g){return W(g,\"SELECT\")}),\n!!a&&Ic(a,!0,c);var f=Lc(a);if(f)return!!f.image&&0<f.rect.width&&0<f.rect.height&&Ic(f.image,b,c);if(W(a,\"INPUT\")&&\"hidden\"==a.type.toLowerCase()||W(a,\"NOSCRIPT\"))return!1;f=Y(a,\"visibility\");return\"collapse\"!=f&&\"hidden\"!=f&&c(a)&&(b||0!=Mc(a))&&d(a)?!e(a):!1}var Z=\"hidden\";\nfunction Kc(a){function b(p){function q(fb){if(fb==g)return!0;var Wb=Y(fb,\"display\");return 0==Wb.lastIndexOf(\"inline\",0)||\"contents\"==Wb||\"absolute\"==Xb&&\"static\"==Y(fb,\"position\")?!1:!0}var Xb=Y(p,\"position\");if(\"fixed\"==Xb)return w=!0,p==g?null:g;for(p=Gc(p);p&&!q(p);)p=Gc(p);return p}function c(p){var q=p;if(\"visible\"==m)if(p==g&&h)q=h;else if(p==h)return{x:\"visible\",y:\"visible\"};q={x:Y(q,\"overflow-x\"),y:Y(q,\"overflow-y\")};p==g&&(q.x=\"visible\"==q.x?\"auto\":q.x,q.y=\"visible\"==q.y?\"auto\":q.y);return q}\nfunction d(p){if(p==g){var q=(new ab(f)).a;p=q.scrollingElement?q.scrollingElement:Ea||\"CSS1Compat\"!=q.compatMode?q.body||q.documentElement:q.documentElement;q=q.parentWindow||q.defaultView;p=v&&Ka(\"10\")&&q.pageYOffset!=p.scrollTop?new Ua(p.scrollLeft,p.scrollTop):new Ua(q.pageXOffset||p.scrollLeft,q.pageYOffset||p.scrollTop)}else p=new Ua(p.scrollLeft,p.scrollTop);return p}var e=Nc(a),f=A(a),g=f.documentElement,h=f.body,m=Y(g,\"overflow\"),w;for(a=b(a);a;a=b(a)){var r=c(a);if(\"visible\"!=r.x||\"visible\"!=\nr.y){var D=Jc(a);if(0==D.width||0==D.height)return Z;var L=e.a<D.a,M=e.b<D.b;if(L&&\"hidden\"==r.x||M&&\"hidden\"==r.y)return Z;if(L&&\"visible\"!=r.x||M&&\"visible\"!=r.y){L=d(a);M=e.b<D.b-L.y;if(e.a<D.a-L.x&&\"visible\"!=r.x||M&&\"visible\"!=r.x)return Z;e=Kc(a);return e==Z?Z:\"scroll\"}L=e.f>=D.a+D.width;D=e.c>=D.b+D.height;if(L&&\"hidden\"==r.x||D&&\"hidden\"==r.y)return Z;if(L&&\"visible\"!=r.x||D&&\"visible\"!=r.y){if(w&&(r=d(a),e.f>=g.scrollWidth-r.x||e.a>=g.scrollHeight-r.y))return Z;e=Kc(a);return e==Z?Z:\"scroll\"}}}return\"none\"}\nfunction Jc(a){var b=Lc(a);if(b)return b.rect;if(W(a,\"HTML\"))return a=A(a),a=((a?a.parentWindow||a.defaultView:window)||window).document,a=\"CSS1Compat\"==a.compatMode?a.documentElement:a.body,a=new Va(a.clientWidth,a.clientHeight),new X(0,0,a.width,a.height);try{var c=a.getBoundingClientRect()}catch(d){return new X(0,0,0,0)}b=new X(c.left,c.top,c.right-c.left,c.bottom-c.top);v&&a.ownerDocument.body&&(a=A(a),b.a-=a.documentElement.clientLeft+a.body.clientLeft,b.b-=a.documentElement.clientTop+a.body.clientTop);\nreturn b}function Lc(a){var b=W(a,\"MAP\");if(!b&&!W(a,\"AREA\"))return null;var c=b?a:W(a.parentNode,\"MAP\")?a.parentNode:null,d=null,e=null;c&&c.name&&(d=Dc('/descendant::*[@usemap = \"#'+c.name+'\"]',A(c)))&&(e=Jc(d),b||\"default\"==a.shape.toLowerCase()||(a=Oc(a),b=Math.min(Math.max(a.a,0),e.width),c=Math.min(Math.max(a.b,0),e.height),e=new X(b+e.a,c+e.b,Math.min(a.width,e.width-b),Math.min(a.height,e.height-c))));return{image:d,rect:e||new X(0,0,0,0)}}\nfunction Oc(a){var b=a.shape.toLowerCase();a=a.coords.split(\",\");if(\"rect\"==b&&4==a.length){b=a[0];var c=a[1];return new X(b,c,a[2]-b,a[3]-c)}if(\"circle\"==b&&3==a.length)return b=a[2],new X(a[0]-b,a[1]-b,2*b,2*b);if(\"poly\"==b&&2<a.length){b=a[0];c=a[1];for(var d=b,e=c,f=2;f+1<a.length;f+=2)b=Math.min(b,a[f]),d=Math.max(d,a[f]),c=Math.min(c,a[f+1]),e=Math.max(e,a[f+1]);return new X(b,c,d-b,e-c)}return new X(0,0,0,0)}function Nc(a){a=Jc(a);return new Ec(a.b,a.a+a.width,a.b+a.height,a.a)}\nfunction Mc(a){if(Ac){if(\"relative\"==Y(a,\"position\"))return 1;a=Y(a,\"filter\");return(a=a.match(/^alpha\\(opacity=(\\d*)\\)/)||a.match(/^progid:DXImageTransform.Microsoft.Alpha\\(Opacity=(\\d*)\\)/))?Number(a[1])/100:1}return Pc(a)}function Pc(a){var b=1,c=Y(a,\"opacity\");c&&(b=Number(c));(a=Gc(a))&&(b*=Pc(a));return b};ba(\"_\",function(a,b){function c(d){if(W(d)&&\"none\"==Y(d,\"display\"))return!1;var e;if((e=d.parentNode)&&e.shadowRoot&&void 0!==d.assignedSlot)e=d.assignedSlot?d.assignedSlot.parentNode:null;else if(d.getDestinationInsertionPoints){var f=d.getDestinationInsertionPoints();0<f.length&&(e=f[f.length-1])}if(Fc&&e instanceof ShadowRoot){if(e.host.shadowRoot!==e)return!1;e=e.host}return!e||9!=e.nodeType&&11!=e.nodeType?e&&W(e,\"DETAILS\")&&!e.open&&!W(d,\"SUMMARY\")?!1:!!e&&c(e):!0}return Ic(a,!!b,c)});; return this._.apply(null,arguments);}).apply({navigator:typeof window!='undefined'?window.navigator:null,document:typeof window!='undefined'?window.document:null}, arguments);}\n).apply(null, arguments);", "args": [{"element-6066-11e4-a52e-4f735466cecf": "f.79622DA940D870A453092AF735DA60D6.d.E768620207747D2B494CBE9E68314D09.e.263"}]}
DEBUG    urllib3.connectionpool:connectionpool.py:544 http://selenium-hub:4444 "POST /wd/hub/session/5aadbad870835be2b7ca50b04b408df3/execute/sync HTTP/1.1" 200 0
DEBUG    selenium.webdriver.remote.remote_connection:remote_connection.py:329 Remote response: status=200 | data={"value":true} | headers=HTTPHeaderDict({'content-length': '14', 'content-type': 'application/json; charset=utf-8', 'cache-control': 'no-cache'})
DEBUG    selenium.webdriver.remote.remote_connection:remote_connection.py:356 Finished Request
DEBUG    selenium.webdriver.remote.remote_connection:remote_connection.py:313 POST http://selenium-hub:4444/wd/hub/session/5aadbad870835be2b7ca50b04b408df3/element/f.79622DA940D870A453092AF735DA60D6.d.E768620207747D2B494CBE9E68314D09.e.263/clear {}
DEBUG    urllib3.connectionpool:connectionpool.py:544 http://selenium-hub:4444 "POST /wd/hub/session/5aadbad870835be2b7ca50b04b408df3/element/f.79622DA940D870A453092AF735DA60D6.d.E768620207747D2B494CBE9E68314D09.e.263/clear HTTP/1.1" 200 0
DEBUG    selenium.webdriver.remote.remote_connection:remote_connection.py:329 Remote response: status=200 | data={"value":null} | headers=HTTPHeaderDict({'content-length': '14', 'content-type': 'application/json; charset=utf-8', 'cache-control': 'no-cache'})
DEBUG    selenium.webdriver.remote.remote_connection:remote_connection.py:356 Finished Request
DEBUG    selenium.webdriver.remote.remote_connection:remote_connection.py:313 POST http://selenium-hub:4444/wd/hub/session/5aadbad870835be2b7ca50b04b408df3/element/f.79622DA940D870A453092AF735DA60D6.d.E768620207747D2B494CBE9E68314D09.e.263/value {"text": "UI Test", "value": ["U", "I", " ", "T", "e", "s", "t"]}
DEBUG    urllib3.connectionpool:connectionpool.py:544 http://selenium-hub:4444 "POST /wd/hub/session/5aadbad870835be2b7ca50b04b408df3/element/f.79622DA940D870A453092AF735DA60D6.d.E768620207747D2B494CBE9E68314D09.e.263/value HTTP/1.1" 200 0
DEBUG    selenium.webdriver.remote.remote_connection:remote_connection.py:329 Remote response: status=200 | data={"value":null} | headers=HTTPHeaderDict({'content-length': '14', 'content-type': 'application/json; charset=utf-8', 'cache-control': 'no-cache'})
DEBUG    selenium.webdriver.remote.remote_connection:remote_connection.py:356 Finished Request
DEBUG    selenium.webdriver.remote.remote_connection:remote_connection.py:313 POST http://selenium-hub:4444/wd/hub/session/5aadbad870835be2b7ca50b04b408df3/element {"using": "css selector", "value": "[id=\"description\"]"}
DEBUG    urllib3.connectionpool:connectionpool.py:544 http://selenium-hub:4444 "POST /wd/hub/session/5aadbad870835be2b7ca50b04b408df3/element HTTP/1.1" 200 0
DEBUG    selenium.webdriver.remote.remote_connection:remote_connection.py:329 Remote response: status=200 | data={"value":{"element-6066-11e4-a52e-4f735466cecf":"f.79622DA940D870A453092AF735DA60D6.d.E768620207747D2B494CBE9E68314D09.e.264"}} | headers=HTTPHeaderDict({'content-length': '127', 'content-type': 'application/json; charset=utf-8', 'cache-control': 'no-cache'})
DEBUG    selenium.webdriver.remote.remote_connection:remote_connection.py:356 Finished Request
DEBUG    selenium.webdriver.remote.remote_connection:remote_connection.py:313 POST http://selenium-hub:4444/wd/hub/session/5aadbad870835be2b7ca50b04b408df3/execute/sync {"script": "/* isDisplayed */return (function(){return (function(){var k=this||self;function aa(a){return\"string\"==typeof a}function ba(a,b){a=a.split(\".\");var c=k;a[0]in c||\"undefined\"==typeof c.execScript||c.execScript(\"var \"+a[0]);for(var d;a.length&&(d=a.shift());)a.length||void 0===b?c[d]&&c[d]!==Object.prototype[d]?c=c[d]:c=c[d]={}:c[d]=b}\nfunction ca(a){var b=typeof a;if(\"object\"==b)if(a){if(a instanceof Array)return\"array\";if(a instanceof Object)return b;var c=Object.prototype.toString.call(a);if(\"[object Window]\"==c)return\"object\";if(\"[object Array]\"==c||\"number\"==typeof a.length&&\"undefined\"!=typeof a.splice&&\"undefined\"!=typeof a.propertyIsEnumerable&&!a.propertyIsEnumerable(\"splice\"))return\"array\";if(\"[object Function]\"==c||\"undefined\"!=typeof a.call&&\"undefined\"!=typeof a.propertyIsEnumerable&&!a.propertyIsEnumerable(\"call\"))return\"function\"}else return\"null\";\nelse if(\"function\"==b&&\"undefined\"==typeof a.call)return\"object\";return b}function da(a,b,c){return a.call.apply(a.bind,arguments)}function ea(a,b,c){if(!a)throw Error();if(2<arguments.length){var d=Array.prototype.slice.call(arguments,2);return function(){var e=Array.prototype.slice.call(arguments);Array.prototype.unshift.apply(e,d);return a.apply(b,e)}}return function(){return a.apply(b,arguments)}}\nfunction fa(a,b,c){Function.prototype.bind&&-1!=Function.prototype.bind.toString().indexOf(\"native code\")?fa=da:fa=ea;return fa.apply(null,arguments)}function ha(a,b){var c=Array.prototype.slice.call(arguments,1);return function(){var d=c.slice();d.push.apply(d,arguments);return a.apply(this,d)}}function l(a,b){function c(){}c.prototype=b.prototype;a.prototype=new c;a.prototype.constructor=a};/*\n\n The MIT License\n\n Copyright (c) 2007 Cybozu Labs, Inc.\n Copyright (c) 2012 Google Inc.\n\n Permission is hereby granted, free of charge, to any person obtaining a copy\n of this software and associated documentation files (the \"Software\"), to\n deal in the Software without restriction, including without limitation the\n rights to use, copy, modify, merge, publish, distribute, sublicense, and/or\n sell copies of the Software, and to permit persons to whom the Software is\n furnished to do so, subject to the following conditions:\n\n The above copyright notice and this permission notice shall be included in\n all copies or substantial portions of the Software.\n\n THE SOFTWARE IS PROVIDED \"AS IS\", WITHOUT WARRANTY OF ANY KIND, EXPRESS OR\n IMPLIED, INCLUDING BUT NOT LIMITED TO THE WARRANTIES OF MERCHANTABILITY,\n FITNESS FOR A PARTICULAR PURPOSE AND NONINFRINGEMENT. IN NO EVENT SHALL THE\n AUTHORS OR COPYRIGHT HOLDERS BE LIABLE FOR ANY CLAIM, DAMAGES OR OTHER\n LIABILITY, WHETHER IN AN ACTION OF CONTRACT, TORT OR OTHERWISE, ARISING\n FROM, OUT OF OR IN CONNECTION WITH THE SOFTWARE OR THE USE OR OTHER DEALINGS\n IN THE SOFTWARE.\n*/\nfunction ia(a,b,c){this.a=a;this.b=b||1;this.f=c||1};var ja=Array.prototype.indexOf?function(a,b){return Array.prototype.indexOf.call(a,b,void 0)}:function(a,b){if(\"string\"===typeof a)return\"string\"!==typeof b||1!=b.length?-1:a.indexOf(b,0);for(var c=0;c<a.length;c++)if(c in a&&a[c]===b)return c;return-1},n=Array.prototype.forEach?function(a,b){Array.prototype.forEach.call(a,b,void 0)}:function(a,b){for(var c=a.length,d=\"string\"===typeof a?a.split(\"\"):a,e=0;e<c;e++)e in d&&b.call(void 0,d[e],e,a)},ka=Array.prototype.filter?function(a,b){return Array.prototype.filter.call(a,\nb,void 0)}:function(a,b){for(var c=a.length,d=[],e=0,f=\"string\"===typeof a?a.split(\"\"):a,g=0;g<c;g++)if(g in f){var h=f[g];b.call(void 0,h,g,a)&&(d[e++]=h)}return d},la=Array.prototype.reduce?function(a,b,c){return Array.prototype.reduce.call(a,b,c)}:function(a,b,c){var d=c;n(a,function(e,f){d=b.call(void 0,d,e,f,a)});return d},ma=Array.prototype.some?function(a,b){return Array.prototype.some.call(a,b,void 0)}:function(a,b){for(var c=a.length,d=\"string\"===typeof a?a.split(\"\"):a,e=0;e<c;e++)if(e in\nd&&b.call(void 0,d[e],e,a))return!0;return!1},na=Array.prototype.every?function(a,b){return Array.prototype.every.call(a,b,void 0)}:function(a,b){for(var c=a.length,d=\"string\"===typeof a?a.split(\"\"):a,e=0;e<c;e++)if(e in d&&!b.call(void 0,d[e],e,a))return!1;return!0};function oa(a,b){a:{for(var c=a.length,d=\"string\"===typeof a?a.split(\"\"):a,e=0;e<c;e++)if(e in d&&b.call(void 0,d[e],e,a)){b=e;break a}b=-1}return 0>b?null:\"string\"===typeof a?a.charAt(b):a[b]}\nfunction pa(a){return Array.prototype.concat.apply([],arguments)}function qa(a,b,c){return 2>=arguments.length?Array.prototype.slice.call(a,b):Array.prototype.slice.call(a,b,c)};var ra=String.prototype.trim?function(a){return a.trim()}:function(a){return/^[\\s\\xa0]*([\\s\\S]*?)[\\s\\xa0]*$/.exec(a)[1]};function sa(a,b){return a<b?-1:a>b?1:0};var t;a:{var ta=k.navigator;if(ta){var ua=ta.userAgent;if(ua){t=ua;break a}}t=\"\"}function u(a){return-1!=t.indexOf(a)};function va(){return u(\"Firefox\")||u(\"FxiOS\")}function wa(){return(u(\"Chrome\")||u(\"CriOS\"))&&!u(\"Edge\")};function xa(a){return String(a).replace(/\\-([a-z])/g,function(b,c){return c.toUpperCase()})};function ya(){return u(\"iPhone\")&&!u(\"iPod\")&&!u(\"iPad\")};function za(a,b){var c=Aa;return Object.prototype.hasOwnProperty.call(c,a)?c[a]:c[a]=b(a)};var Ba=u(\"Opera\"),v=u(\"Trident\")||u(\"MSIE\"),Ca=u(\"Edge\"),Da=u(\"Gecko\")&&!(-1!=t.toLowerCase().indexOf(\"webkit\")&&!u(\"Edge\"))&&!(u(\"Trident\")||u(\"MSIE\"))&&!u(\"Edge\"),Ea=-1!=t.toLowerCase().indexOf(\"webkit\")&&!u(\"Edge\");function Fa(){var a=k.document;return a?a.documentMode:void 0}var Ga;\na:{var Ha=\"\",Ia=function(){var a=t;if(Da)return/rv:([^\\);]+)(\\)|;)/.exec(a);if(Ca)return/Edge\\/([\\d\\.]+)/.exec(a);if(v)return/\\b(?:MSIE|rv)[: ]([^\\);]+)(\\)|;)/.exec(a);if(Ea)return/WebKit\\/(\\S+)/.exec(a);if(Ba)return/(?:Version)[ \\/]?(\\S+)/.exec(a)}();Ia&&(Ha=Ia?Ia[1]:\"\");if(v){var Ja=Fa();if(null!=Ja&&Ja>parseFloat(Ha)){Ga=String(Ja);break a}}Ga=Ha}var Aa={};\nfunction Ka(a){return za(a,function(){for(var b=0,c=ra(String(Ga)).split(\".\"),d=ra(String(a)).split(\".\"),e=Math.max(c.length,d.length),f=0;0==b&&f<e;f++){var g=c[f]||\"\",h=d[f]||\"\";do{g=/(\\d*)(\\D*)(.*)/.exec(g)||[\"\",\"\",\"\",\"\"];h=/(\\d*)(\\D*)(.*)/.exec(h)||[\"\",\"\",\"\",\"\"];if(0==g[0].length&&0==h[0].length)break;b=sa(0==g[1].length?0:parseInt(g[1],10),0==h[1].length?0:parseInt(h[1],10))||sa(0==g[2].length,0==h[2].length)||sa(g[2],h[2]);g=g[3];h=h[3]}while(0==b)}return 0<=b})}var La;\nLa=k.document&&v?Fa():void 0;var x=v&&!(9<=Number(La)),Ma=v&&!(8<=Number(La));function Na(a,b,c,d){this.a=a;this.nodeName=c;this.nodeValue=d;this.nodeType=2;this.parentNode=this.ownerElement=b}function Oa(a,b){var c=Ma&&\"href\"==b.nodeName?a.getAttribute(b.nodeName,2):b.nodeValue;return new Na(b,a,b.nodeName,c)};function Pa(a){this.b=a;this.a=0}function Qa(a){a=a.match(Ra);for(var b=0;b<a.length;b++)Sa.test(a[b])&&a.splice(b,1);return new Pa(a)}var Ra=/\\$?(?:(?![0-9-\\.])(?:\\*|[\\w-\\.]+):)?(?![0-9-\\.])(?:\\*|[\\w-\\.]+)|\\/\\/|\\.\\.|::|\\d+(?:\\.\\d*)?|\\.\\d+|\"[^\"]*\"|'[^']*'|[!<>]=|\\s+|./g,Sa=/^\\s/;function y(a,b){return a.b[a.a+(b||0)]}function z(a){return a.b[a.a++]}function Ta(a){return a.b.length<=a.a};function Ua(a,b){this.x=void 0!==a?a:0;this.y=void 0!==b?b:0}Ua.prototype.ceil=function(){this.x=Math.ceil(this.x);this.y=Math.ceil(this.y);return this};Ua.prototype.floor=function(){this.x=Math.floor(this.x);this.y=Math.floor(this.y);return this};Ua.prototype.round=function(){this.x=Math.round(this.x);this.y=Math.round(this.y);return this};function Va(a,b){this.width=a;this.height=b}Va.prototype.aspectRatio=function(){return this.width/this.height};Va.prototype.ceil=function(){this.width=Math.ceil(this.width);this.height=Math.ceil(this.height);return this};Va.prototype.floor=function(){this.width=Math.floor(this.width);this.height=Math.floor(this.height);return this};Va.prototype.round=function(){this.width=Math.round(this.width);this.height=Math.round(this.height);return this};function Wa(a,b){if(!a||!b)return!1;if(a.contains&&1==b.nodeType)return a==b||a.contains(b);if(\"undefined\"!=typeof a.compareDocumentPosition)return a==b||!!(a.compareDocumentPosition(b)&16);for(;b&&a!=b;)b=b.parentNode;return b==a}\nfunction Xa(a,b){if(a==b)return 0;if(a.compareDocumentPosition)return a.compareDocumentPosition(b)&2?1:-1;if(v&&!(9<=Number(La))){if(9==a.nodeType)return-1;if(9==b.nodeType)return 1}if(\"sourceIndex\"in a||a.parentNode&&\"sourceIndex\"in a.parentNode){var c=1==a.nodeType,d=1==b.nodeType;if(c&&d)return a.sourceIndex-b.sourceIndex;var e=a.parentNode,f=b.parentNode;return e==f?Ya(a,b):!c&&Wa(e,b)?-1*Za(a,b):!d&&Wa(f,a)?Za(b,a):(c?a.sourceIndex:e.sourceIndex)-(d?b.sourceIndex:f.sourceIndex)}d=A(a);c=d.createRange();\nc.selectNode(a);c.collapse(!0);a=d.createRange();a.selectNode(b);a.collapse(!0);return c.compareBoundaryPoints(k.Range.START_TO_END,a)}function Za(a,b){var c=a.parentNode;if(c==b)return-1;for(;b.parentNode!=c;)b=b.parentNode;return Ya(b,a)}function Ya(a,b){for(;b=b.previousSibling;)if(b==a)return-1;return 1}function A(a){return 9==a.nodeType?a:a.ownerDocument||a.document}function $a(a,b){a&&(a=a.parentNode);for(var c=0;a;){if(b(a))return a;a=a.parentNode;c++}return null}\nfunction ab(a){this.a=a||k.document||document}ab.prototype.getElementsByTagName=function(a,b){return(b||this.a).getElementsByTagName(String(a))};function B(a){var b=null,c=a.nodeType;1==c&&(b=a.textContent,b=void 0==b||null==b?a.innerText:b,b=void 0==b||null==b?\"\":b);if(\"string\"!=typeof b)if(x&&\"title\"==a.nodeName.toLowerCase()&&1==c)b=a.text;else if(9==c||1==c){a=9==c?a.documentElement:a.firstChild;c=0;var d=[];for(b=\"\";a;){do 1!=a.nodeType&&(b+=a.nodeValue),x&&\"title\"==a.nodeName.toLowerCase()&&(b+=a.text),d[c++]=a;while(a=a.firstChild);for(;c&&!(a=d[--c].nextSibling););}}else b=a.nodeValue;return b}\nfunction C(a,b,c){if(null===b)return!0;try{if(!a.getAttribute)return!1}catch(d){return!1}Ma&&\"class\"==b&&(b=\"className\");return null==c?!!a.getAttribute(b):a.getAttribute(b,2)==c}function bb(a,b,c,d,e){return(x?cb:db).call(null,a,b,aa(c)?c:null,aa(d)?d:null,e||new E)}\nfunction cb(a,b,c,d,e){if(a instanceof F||8==a.b||c&&null===a.b){var f=b.all;if(!f)return e;a=eb(a);if(\"*\"!=a&&(f=b.getElementsByTagName(a),!f))return e;if(c){for(var g=[],h=0;b=f[h++];)C(b,c,d)&&g.push(b);f=g}for(h=0;b=f[h++];)\"*\"==a&&\"!\"==b.tagName||e.add(b);return e}gb(a,b,c,d,e);return e}\nfunction db(a,b,c,d,e){b.getElementsByName&&d&&\"name\"==c&&!v?(b=b.getElementsByName(d),n(b,function(f){a.a(f)&&e.add(f)})):b.getElementsByClassName&&d&&\"class\"==c?(b=b.getElementsByClassName(d),n(b,function(f){f.className==d&&a.a(f)&&e.add(f)})):a instanceof G?gb(a,b,c,d,e):b.getElementsByTagName&&(b=b.getElementsByTagName(a.f()),n(b,function(f){C(f,c,d)&&e.add(f)}));return e}\nfunction hb(a,b,c,d,e){var f;if((a instanceof F||8==a.b||c&&null===a.b)&&(f=b.childNodes)){var g=eb(a);if(\"*\"!=g&&(f=ka(f,function(h){return h.tagName&&h.tagName.toLowerCase()==g}),!f))return e;c&&(f=ka(f,function(h){return C(h,c,d)}));n(f,function(h){\"*\"==g&&(\"!\"==h.tagName||\"*\"==g&&1!=h.nodeType)||e.add(h)});return e}return ib(a,b,c,d,e)}function ib(a,b,c,d,e){for(b=b.firstChild;b;b=b.nextSibling)C(b,c,d)&&a.a(b)&&e.add(b);return e}\nfunction gb(a,b,c,d,e){for(b=b.firstChild;b;b=b.nextSibling)C(b,c,d)&&a.a(b)&&e.add(b),gb(a,b,c,d,e)}function eb(a){if(a instanceof G){if(8==a.b)return\"!\";if(null===a.b)return\"*\"}return a.f()};function E(){this.b=this.a=null;this.l=0}function jb(a){this.f=a;this.a=this.b=null}function kb(a,b){if(!a.a)return b;if(!b.a)return a;var c=a.a;b=b.a;for(var d=null,e,f=0;c&&b;){e=c.f;var g=b.f;e==g||e instanceof Na&&g instanceof Na&&e.a==g.a?(e=c,c=c.a,b=b.a):0<Xa(c.f,b.f)?(e=b,b=b.a):(e=c,c=c.a);(e.b=d)?d.a=e:a.a=e;d=e;f++}for(e=c||b;e;)e.b=d,d=d.a=e,f++,e=e.a;a.b=d;a.l=f;return a}function lb(a,b){b=new jb(b);b.a=a.a;a.b?a.a.b=b:a.a=a.b=b;a.a=b;a.l++}\nE.prototype.add=function(a){a=new jb(a);a.b=this.b;this.a?this.b.a=a:this.a=this.b=a;this.b=a;this.l++};function mb(a){return(a=a.a)?a.f:null}function nb(a){return(a=mb(a))?B(a):\"\"}function H(a,b){return new ob(a,!!b)}function ob(a,b){this.f=a;this.b=(this.s=b)?a.b:a.a;this.a=null}function I(a){var b=a.b;if(null==b)return null;var c=a.a=b;a.b=a.s?b.b:b.a;return c.f};function J(a){this.i=a;this.b=this.g=!1;this.f=null}function K(a){return\"\\n  \"+a.toString().split(\"\\n\").join(\"\\n  \")}function pb(a,b){a.g=b}function qb(a,b){a.b=b}function N(a,b){a=a.a(b);return a instanceof E?+nb(a):+a}function O(a,b){a=a.a(b);return a instanceof E?nb(a):\"\"+a}function rb(a,b){a=a.a(b);return a instanceof E?!!a.l:!!a};function sb(a,b,c){J.call(this,a.i);this.c=a;this.h=b;this.o=c;this.g=b.g||c.g;this.b=b.b||c.b;this.c==tb&&(c.b||c.g||4==c.i||0==c.i||!b.f?b.b||b.g||4==b.i||0==b.i||!c.f||(this.f={name:c.f.name,u:b}):this.f={name:b.f.name,u:c})}l(sb,J);\nfunction ub(a,b,c,d,e){b=b.a(d);c=c.a(d);var f;if(b instanceof E&&c instanceof E){b=H(b);for(d=I(b);d;d=I(b))for(e=H(c),f=I(e);f;f=I(e))if(a(B(d),B(f)))return!0;return!1}if(b instanceof E||c instanceof E){b instanceof E?(e=b,d=c):(e=c,d=b);f=H(e);for(var g=typeof d,h=I(f);h;h=I(f)){switch(g){case \"number\":h=+B(h);break;case \"boolean\":h=!!B(h);break;case \"string\":h=B(h);break;default:throw Error(\"Illegal primitive type for comparison.\");}if(e==b&&a(h,d)||e==c&&a(d,h))return!0}return!1}return e?\"boolean\"==\ntypeof b||\"boolean\"==typeof c?a(!!b,!!c):\"number\"==typeof b||\"number\"==typeof c?a(+b,+c):a(b,c):a(+b,+c)}sb.prototype.a=function(a){return this.c.m(this.h,this.o,a)};sb.prototype.toString=function(){var a=\"Binary Expression: \"+this.c;a+=K(this.h);return a+=K(this.o)};function vb(a,b,c,d){this.I=a;this.D=b;this.i=c;this.m=d}vb.prototype.toString=function(){return this.I};var wb={};\nfunction P(a,b,c,d){if(wb.hasOwnProperty(a))throw Error(\"Binary operator already created: \"+a);a=new vb(a,b,c,d);return wb[a.toString()]=a}P(\"div\",6,1,function(a,b,c){return N(a,c)/N(b,c)});P(\"mod\",6,1,function(a,b,c){return N(a,c)%N(b,c)});P(\"*\",6,1,function(a,b,c){return N(a,c)*N(b,c)});P(\"+\",5,1,function(a,b,c){return N(a,c)+N(b,c)});P(\"-\",5,1,function(a,b,c){return N(a,c)-N(b,c)});P(\"<\",4,2,function(a,b,c){return ub(function(d,e){return d<e},a,b,c)});\nP(\">\",4,2,function(a,b,c){return ub(function(d,e){return d>e},a,b,c)});P(\"<=\",4,2,function(a,b,c){return ub(function(d,e){return d<=e},a,b,c)});P(\">=\",4,2,function(a,b,c){return ub(function(d,e){return d>=e},a,b,c)});var tb=P(\"=\",3,2,function(a,b,c){return ub(function(d,e){return d==e},a,b,c,!0)});P(\"!=\",3,2,function(a,b,c){return ub(function(d,e){return d!=e},a,b,c,!0)});P(\"and\",2,2,function(a,b,c){return rb(a,c)&&rb(b,c)});P(\"or\",1,2,function(a,b,c){return rb(a,c)||rb(b,c)});function xb(a,b){if(b.a.length&&4!=a.i)throw Error(\"Primary expression must evaluate to nodeset if filter has predicate(s).\");J.call(this,a.i);this.c=a;this.h=b;this.g=a.g;this.b=a.b}l(xb,J);xb.prototype.a=function(a){a=this.c.a(a);return yb(this.h,a)};xb.prototype.toString=function(){var a=\"Filter:\"+K(this.c);return a+=K(this.h)};function zb(a,b){if(b.length<a.C)throw Error(\"Function \"+a.j+\" expects at least\"+a.C+\" arguments, \"+b.length+\" given\");if(null!==a.B&&b.length>a.B)throw Error(\"Function \"+a.j+\" expects at most \"+a.B+\" arguments, \"+b.length+\" given\");a.H&&n(b,function(c,d){if(4!=c.i)throw Error(\"Argument \"+d+\" to function \"+a.j+\" is not of type Nodeset: \"+c);});J.call(this,a.i);this.v=a;this.c=b;pb(this,a.g||ma(b,function(c){return c.g}));qb(this,a.G&&!b.length||a.F&&!!b.length||ma(b,function(c){return c.b}))}\nl(zb,J);zb.prototype.a=function(a){return this.v.m.apply(null,pa(a,this.c))};zb.prototype.toString=function(){var a=\"Function: \"+this.v;if(this.c.length){var b=la(this.c,function(c,d){return c+K(d)},\"Arguments:\");a+=K(b)}return a};function Ab(a,b,c,d,e,f,g,h){this.j=a;this.i=b;this.g=c;this.G=d;this.F=!1;this.m=e;this.C=f;this.B=void 0!==g?g:f;this.H=!!h}Ab.prototype.toString=function(){return this.j};var Bb={};\nfunction Q(a,b,c,d,e,f,g,h){if(Bb.hasOwnProperty(a))throw Error(\"Function already created: \"+a+\".\");Bb[a]=new Ab(a,b,c,d,e,f,g,h)}Q(\"boolean\",2,!1,!1,function(a,b){return rb(b,a)},1);Q(\"ceiling\",1,!1,!1,function(a,b){return Math.ceil(N(b,a))},1);Q(\"concat\",3,!1,!1,function(a,b){return la(qa(arguments,1),function(c,d){return c+O(d,a)},\"\")},2,null);Q(\"contains\",2,!1,!1,function(a,b,c){b=O(b,a);a=O(c,a);return-1!=b.indexOf(a)},2);Q(\"count\",1,!1,!1,function(a,b){return b.a(a).l},1,1,!0);\nQ(\"false\",2,!1,!1,function(){return!1},0);Q(\"floor\",1,!1,!1,function(a,b){return Math.floor(N(b,a))},1);Q(\"id\",4,!1,!1,function(a,b){function c(h){if(x){var m=e.all[h];if(m){if(m.nodeType&&h==m.id)return m;if(m.length)return oa(m,function(w){return h==w.id})}return null}return e.getElementById(h)}var d=a.a,e=9==d.nodeType?d:d.ownerDocument;a=O(b,a).split(/\\s+/);var f=[];n(a,function(h){h=c(h);!h||0<=ja(f,h)||f.push(h)});f.sort(Xa);var g=new E;n(f,function(h){g.add(h)});return g},1);\nQ(\"lang\",2,!1,!1,function(){return!1},1);Q(\"last\",1,!0,!1,function(a){if(1!=arguments.length)throw Error(\"Function last expects ()\");return a.f},0);Q(\"local-name\",3,!1,!0,function(a,b){return(a=b?mb(b.a(a)):a.a)?a.localName||a.nodeName.toLowerCase():\"\"},0,1,!0);Q(\"name\",3,!1,!0,function(a,b){return(a=b?mb(b.a(a)):a.a)?a.nodeName.toLowerCase():\"\"},0,1,!0);Q(\"namespace-uri\",3,!0,!1,function(){return\"\"},0,1,!0);\nQ(\"normalize-space\",3,!1,!0,function(a,b){return(b?O(b,a):B(a.a)).replace(/[\\s\\xa0]+/g,\" \").replace(/^\\s+|\\s+$/g,\"\")},0,1);Q(\"not\",2,!1,!1,function(a,b){return!rb(b,a)},1);Q(\"number\",1,!1,!0,function(a,b){return b?N(b,a):+B(a.a)},0,1);Q(\"position\",1,!0,!1,function(a){return a.b},0);Q(\"round\",1,!1,!1,function(a,b){return Math.round(N(b,a))},1);Q(\"starts-with\",2,!1,!1,function(a,b,c){b=O(b,a);a=O(c,a);return 0==b.lastIndexOf(a,0)},2);Q(\"string\",3,!1,!0,function(a,b){return b?O(b,a):B(a.a)},0,1);\nQ(\"string-length\",1,!1,!0,function(a,b){return(b?O(b,a):B(a.a)).length},0,1);Q(\"substring\",3,!1,!1,function(a,b,c,d){c=N(c,a);if(isNaN(c)||Infinity==c||-Infinity==c)return\"\";d=d?N(d,a):Infinity;if(isNaN(d)||-Infinity===d)return\"\";c=Math.round(c)-1;var e=Math.max(c,0);a=O(b,a);return Infinity==d?a.substring(e):a.substring(e,c+Math.round(d))},2,3);Q(\"substring-after\",3,!1,!1,function(a,b,c){b=O(b,a);a=O(c,a);c=b.indexOf(a);return-1==c?\"\":b.substring(c+a.length)},2);\nQ(\"substring-before\",3,!1,!1,function(a,b,c){b=O(b,a);a=O(c,a);a=b.indexOf(a);return-1==a?\"\":b.substring(0,a)},2);Q(\"sum\",1,!1,!1,function(a,b){a=H(b.a(a));b=0;for(var c=I(a);c;c=I(a))b+=+B(c);return b},1,1,!0);Q(\"translate\",3,!1,!1,function(a,b,c,d){b=O(b,a);c=O(c,a);var e=O(d,a);a={};for(d=0;d<c.length;d++){var f=c.charAt(d);f in a||(a[f]=e.charAt(d))}c=\"\";for(d=0;d<b.length;d++)f=b.charAt(d),c+=f in a?a[f]:f;return c},3);Q(\"true\",2,!1,!1,function(){return!0},0);function G(a,b){this.h=a;this.c=void 0!==b?b:null;this.b=null;switch(a){case \"comment\":this.b=8;break;case \"text\":this.b=3;break;case \"processing-instruction\":this.b=7;break;case \"node\":break;default:throw Error(\"Unexpected argument\");}}function Cb(a){return\"comment\"==a||\"text\"==a||\"processing-instruction\"==a||\"node\"==a}G.prototype.a=function(a){return null===this.b||this.b==a.nodeType};G.prototype.f=function(){return this.h};\nG.prototype.toString=function(){var a=\"Kind Test: \"+this.h;null===this.c||(a+=K(this.c));return a};function Db(a){J.call(this,3);this.c=a.substring(1,a.length-1)}l(Db,J);Db.prototype.a=function(){return this.c};Db.prototype.toString=function(){return\"Literal: \"+this.c};function F(a,b){this.j=a.toLowerCase();a=\"*\"==this.j?\"*\":\"http://www.w3.org/1999/xhtml\";this.c=b?b.toLowerCase():a}F.prototype.a=function(a){var b=a.nodeType;if(1!=b&&2!=b)return!1;b=void 0!==a.localName?a.localName:a.nodeName;return\"*\"!=this.j&&this.j!=b.toLowerCase()?!1:\"*\"==this.c?!0:this.c==(a.namespaceURI?a.namespaceURI.toLowerCase():\"http://www.w3.org/1999/xhtml\")};F.prototype.f=function(){return this.j};\nF.prototype.toString=function(){return\"Name Test: \"+(\"http://www.w3.org/1999/xhtml\"==this.c?\"\":this.c+\":\")+this.j};function Eb(a){J.call(this,1);this.c=a}l(Eb,J);Eb.prototype.a=function(){return this.c};Eb.prototype.toString=function(){return\"Number: \"+this.c};function Fb(a,b){J.call(this,a.i);this.h=a;this.c=b;this.g=a.g;this.b=a.b;1==this.c.length&&(a=this.c[0],a.A||a.c!=Gb||(a=a.o,\"*\"!=a.f()&&(this.f={name:a.f(),u:null})))}l(Fb,J);function Hb(){J.call(this,4)}l(Hb,J);Hb.prototype.a=function(a){var b=new E;a=a.a;9==a.nodeType?b.add(a):b.add(a.ownerDocument);return b};Hb.prototype.toString=function(){return\"Root Helper Expression\"};function Ib(){J.call(this,4)}l(Ib,J);Ib.prototype.a=function(a){var b=new E;b.add(a.a);return b};Ib.prototype.toString=function(){return\"Context Helper Expression\"};\nfunction Jb(a){return\"/\"==a||\"//\"==a}Fb.prototype.a=function(a){var b=this.h.a(a);if(!(b instanceof E))throw Error(\"Filter expression must evaluate to nodeset.\");a=this.c;for(var c=0,d=a.length;c<d&&b.l;c++){var e=a[c],f=H(b,e.c.s);if(e.g||e.c!=Kb)if(e.g||e.c!=Lb){var g=I(f);for(b=e.a(new ia(g));null!=(g=I(f));)g=e.a(new ia(g)),b=kb(b,g)}else g=I(f),b=e.a(new ia(g));else{for(g=I(f);(b=I(f))&&(!g.contains||g.contains(b))&&b.compareDocumentPosition(g)&8;g=b);b=e.a(new ia(g))}}return b};\nFb.prototype.toString=function(){var a=\"Path Expression:\"+K(this.h);if(this.c.length){var b=la(this.c,function(c,d){return c+K(d)},\"Steps:\");a+=K(b)}return a};function Mb(a,b){this.a=a;this.s=!!b}\nfunction yb(a,b,c){for(c=c||0;c<a.a.length;c++)for(var d=a.a[c],e=H(b),f=b.l,g,h=0;g=I(e);h++){var m=a.s?f-h:h+1;g=d.a(new ia(g,m,f));if(\"number\"==typeof g)m=m==g;else if(\"string\"==typeof g||\"boolean\"==typeof g)m=!!g;else if(g instanceof E)m=0<g.l;else throw Error(\"Predicate.evaluate returned an unexpected type.\");if(!m){m=e;g=m.f;var w=m.a;if(!w)throw Error(\"Next must be called at least once before remove.\");var r=w.b;w=w.a;r?r.a=w:g.a=w;w?w.b=r:g.b=r;g.l--;m.a=null}}return b}\nMb.prototype.toString=function(){return la(this.a,function(a,b){return a+K(b)},\"Predicates:\")};function R(a,b,c,d){J.call(this,4);this.c=a;this.o=b;this.h=c||new Mb([]);this.A=!!d;b=this.h;b=0<b.a.length?b.a[0].f:null;a.J&&b&&(a=b.name,a=x?a.toLowerCase():a,this.f={name:a,u:b.u});a:{a=this.h;for(b=0;b<a.a.length;b++)if(c=a.a[b],c.g||1==c.i||0==c.i){a=!0;break a}a=!1}this.g=a}l(R,J);\nR.prototype.a=function(a){var b=a.a,c=this.f,d=null,e=null,f=0;c&&(d=c.name,e=c.u?O(c.u,a):null,f=1);if(this.A)if(this.g||this.c!=Nb)if(b=H((new R(Ob,new G(\"node\"))).a(a)),c=I(b))for(a=this.m(c,d,e,f);null!=(c=I(b));)a=kb(a,this.m(c,d,e,f));else a=new E;else a=bb(this.o,b,d,e),a=yb(this.h,a,f);else a=this.m(a.a,d,e,f);return a};R.prototype.m=function(a,b,c,d){a=this.c.v(this.o,a,b,c);return a=yb(this.h,a,d)};\nR.prototype.toString=function(){var a=\"Step:\"+K(\"Operator: \"+(this.A?\"//\":\"/\"));this.c.j&&(a+=K(\"Axis: \"+this.c));a+=K(this.o);if(this.h.a.length){var b=la(this.h.a,function(c,d){return c+K(d)},\"Predicates:\");a+=K(b)}return a};function Pb(a,b,c,d){this.j=a;this.v=b;this.s=c;this.J=d}Pb.prototype.toString=function(){return this.j};var Qb={};function S(a,b,c,d){if(Qb.hasOwnProperty(a))throw Error(\"Axis already created: \"+a);b=new Pb(a,b,c,!!d);return Qb[a]=b}\nS(\"ancestor\",function(a,b){for(var c=new E;b=b.parentNode;)a.a(b)&&lb(c,b);return c},!0);S(\"ancestor-or-self\",function(a,b){var c=new E;do a.a(b)&&lb(c,b);while(b=b.parentNode);return c},!0);\nvar Gb=S(\"attribute\",function(a,b){var c=new E,d=a.f();if(\"style\"==d&&x&&b.style)return c.add(new Na(b.style,b,\"style\",b.style.cssText)),c;var e=b.attributes;if(e)if(a instanceof G&&null===a.b||\"*\"==d)for(a=0;d=e[a];a++)x?d.nodeValue&&c.add(Oa(b,d)):c.add(d);else(d=e.getNamedItem(d))&&(x?d.nodeValue&&c.add(Oa(b,d)):c.add(d));return c},!1),Nb=S(\"child\",function(a,b,c,d,e){return(x?hb:ib).call(null,a,b,aa(c)?c:null,aa(d)?d:null,e||new E)},!1,!0);S(\"descendant\",bb,!1,!0);\nvar Ob=S(\"descendant-or-self\",function(a,b,c,d){var e=new E;C(b,c,d)&&a.a(b)&&e.add(b);return bb(a,b,c,d,e)},!1,!0),Kb=S(\"following\",function(a,b,c,d){var e=new E;do for(var f=b;f=f.nextSibling;)C(f,c,d)&&a.a(f)&&e.add(f),e=bb(a,f,c,d,e);while(b=b.parentNode);return e},!1,!0);S(\"following-sibling\",function(a,b){for(var c=new E;b=b.nextSibling;)a.a(b)&&c.add(b);return c},!1);S(\"namespace\",function(){return new E},!1);\nvar Rb=S(\"parent\",function(a,b){var c=new E;if(9==b.nodeType)return c;if(2==b.nodeType)return c.add(b.ownerElement),c;b=b.parentNode;a.a(b)&&c.add(b);return c},!1),Lb=S(\"preceding\",function(a,b,c,d){var e=new E,f=[];do f.unshift(b);while(b=b.parentNode);for(var g=1,h=f.length;g<h;g++){var m=[];for(b=f[g];b=b.previousSibling;)m.unshift(b);for(var w=0,r=m.length;w<r;w++)b=m[w],C(b,c,d)&&a.a(b)&&e.add(b),e=bb(a,b,c,d,e)}return e},!0,!0);\nS(\"preceding-sibling\",function(a,b){for(var c=new E;b=b.previousSibling;)a.a(b)&&lb(c,b);return c},!0);var Sb=S(\"self\",function(a,b){var c=new E;a.a(b)&&c.add(b);return c},!1);function Tb(a){J.call(this,1);this.c=a;this.g=a.g;this.b=a.b}l(Tb,J);Tb.prototype.a=function(a){return-N(this.c,a)};Tb.prototype.toString=function(){return\"Unary Expression: -\"+K(this.c)};function Ub(a){J.call(this,4);this.c=a;pb(this,ma(this.c,function(b){return b.g}));qb(this,ma(this.c,function(b){return b.b}))}l(Ub,J);Ub.prototype.a=function(a){var b=new E;n(this.c,function(c){c=c.a(a);if(!(c instanceof E))throw Error(\"Path expression must evaluate to NodeSet.\");b=kb(b,c)});return b};Ub.prototype.toString=function(){return la(this.c,function(a,b){return a+K(b)},\"Union Expression:\")};function Vb(a,b){this.a=a;this.b=b}function Yb(a){for(var b,c=[];;){T(a,\"Missing right hand side of binary expression.\");b=Zb(a);var d=z(a.a);if(!d)break;var e=(d=wb[d]||null)&&d.D;if(!e){a.a.a--;break}for(;c.length&&e<=c[c.length-1].D;)b=new sb(c.pop(),c.pop(),b);c.push(b,d)}for(;c.length;)b=new sb(c.pop(),c.pop(),b);return b}function T(a,b){if(Ta(a.a))throw Error(b);}function $b(a,b){a=z(a.a);if(a!=b)throw Error(\"Bad token, expected: \"+b+\" got: \"+a);}\nfunction ac(a){a=z(a.a);if(\")\"!=a)throw Error(\"Bad token: \"+a);}function bc(a){a=z(a.a);if(2>a.length)throw Error(\"Unclosed literal string\");return new Db(a)}\nfunction cc(a){var b=[];if(Jb(y(a.a))){var c=z(a.a);var d=y(a.a);if(\"/\"==c&&(Ta(a.a)||\".\"!=d&&\"..\"!=d&&\"@\"!=d&&\"*\"!=d&&!/(?![0-9])[\\w]/.test(d)))return new Hb;d=new Hb;T(a,\"Missing next location step.\");c=dc(a,c);b.push(c)}else{a:{c=y(a.a);d=c.charAt(0);switch(d){case \"$\":throw Error(\"Variable reference not allowed in HTML XPath\");case \"(\":z(a.a);c=Yb(a);T(a,'unclosed \"(\"');$b(a,\")\");break;case '\"':case \"'\":c=bc(a);break;default:if(isNaN(+c))if(!Cb(c)&&/(?![0-9])[\\w]/.test(d)&&\"(\"==y(a.a,1)){c=z(a.a);\nc=Bb[c]||null;z(a.a);for(d=[];\")\"!=y(a.a);){T(a,\"Missing function argument list.\");d.push(Yb(a));if(\",\"!=y(a.a))break;z(a.a)}T(a,\"Unclosed function argument list.\");ac(a);c=new zb(c,d)}else{c=null;break a}else c=new Eb(+z(a.a))}\"[\"==y(a.a)&&(d=new Mb(ec(a)),c=new xb(c,d))}if(c)if(Jb(y(a.a)))d=c;else return c;else c=dc(a,\"/\"),d=new Ib,b.push(c)}for(;Jb(y(a.a));)c=z(a.a),T(a,\"Missing next location step.\"),c=dc(a,c),b.push(c);return new Fb(d,b)}\nfunction dc(a,b){if(\"/\"!=b&&\"//\"!=b)throw Error('Step op should be \"/\" or \"//\"');if(\".\"==y(a.a)){var c=new R(Sb,new G(\"node\"));z(a.a);return c}if(\"..\"==y(a.a))return c=new R(Rb,new G(\"node\")),z(a.a),c;if(\"@\"==y(a.a)){var d=Gb;z(a.a);T(a,\"Missing attribute name\")}else if(\"::\"==y(a.a,1)){if(!/(?![0-9])[\\w]/.test(y(a.a).charAt(0)))throw Error(\"Bad token: \"+z(a.a));var e=z(a.a);d=Qb[e]||null;if(!d)throw Error(\"No axis with name: \"+e);z(a.a);T(a,\"Missing node name\")}else d=Nb;e=y(a.a);if(/(?![0-9])[\\w\\*]/.test(e.charAt(0)))if(\"(\"==\ny(a.a,1)){if(!Cb(e))throw Error(\"Invalid node type: \"+e);e=z(a.a);if(!Cb(e))throw Error(\"Invalid type name: \"+e);$b(a,\"(\");T(a,\"Bad nodetype\");var f=y(a.a).charAt(0),g=null;if('\"'==f||\"'\"==f)g=bc(a);T(a,\"Bad nodetype\");ac(a);e=new G(e,g)}else if(e=z(a.a),f=e.indexOf(\":\"),-1==f)e=new F(e);else{g=e.substring(0,f);if(\"*\"==g)var h=\"*\";else if(h=a.b(g),!h)throw Error(\"Namespace prefix not declared: \"+g);e=e.substr(f+1);e=new F(e,h)}else throw Error(\"Bad token: \"+z(a.a));a=new Mb(ec(a),d.s);return c||new R(d,\ne,a,\"//\"==b)}function ec(a){for(var b=[];\"[\"==y(a.a);){z(a.a);T(a,\"Missing predicate expression.\");var c=Yb(a);b.push(c);T(a,\"Unclosed predicate expression.\");$b(a,\"]\")}return b}function Zb(a){if(\"-\"==y(a.a))return z(a.a),new Tb(Zb(a));var b=cc(a);if(\"|\"!=y(a.a))a=b;else{for(b=[b];\"|\"==z(a.a);)T(a,\"Missing next union location path.\"),b.push(cc(a));a.a.a--;a=new Ub(b)}return a};function fc(a){switch(a.nodeType){case 1:return ha(gc,a);case 9:return fc(a.documentElement);case 11:case 10:case 6:case 12:return hc;default:return a.parentNode?fc(a.parentNode):hc}}function hc(){return null}function gc(a,b){if(a.prefix==b)return a.namespaceURI||\"http://www.w3.org/1999/xhtml\";var c=a.getAttributeNode(\"xmlns:\"+b);return c&&c.specified?c.value||null:a.parentNode&&9!=a.parentNode.nodeType?gc(a.parentNode,b):null};function ic(a,b){if(!a.length)throw Error(\"Empty XPath expression.\");a=Qa(a);if(Ta(a))throw Error(\"Invalid XPath expression.\");b?\"function\"==ca(b)||(b=fa(b.lookupNamespaceURI,b)):b=function(){return null};var c=Yb(new Vb(a,b));if(!Ta(a))throw Error(\"Bad token: \"+z(a));this.evaluate=function(d,e){d=c.a(new ia(d));return new U(d,e)}}\nfunction U(a,b){if(0==b)if(a instanceof E)b=4;else if(\"string\"==typeof a)b=2;else if(\"number\"==typeof a)b=1;else if(\"boolean\"==typeof a)b=3;else throw Error(\"Unexpected evaluation result.\");if(2!=b&&1!=b&&3!=b&&!(a instanceof E))throw Error(\"value could not be converted to the specified type\");this.resultType=b;switch(b){case 2:this.stringValue=a instanceof E?nb(a):\"\"+a;break;case 1:this.numberValue=a instanceof E?+nb(a):+a;break;case 3:this.booleanValue=a instanceof E?0<a.l:!!a;break;case 4:case 5:case 6:case 7:var c=\nH(a);var d=[];for(var e=I(c);e;e=I(c))d.push(e instanceof Na?e.a:e);this.snapshotLength=a.l;this.invalidIteratorState=!1;break;case 8:case 9:a=mb(a);this.singleNodeValue=a instanceof Na?a.a:a;break;default:throw Error(\"Unknown XPathResult type.\");}var f=0;this.iterateNext=function(){if(4!=b&&5!=b)throw Error(\"iterateNext called with wrong result type\");return f>=d.length?null:d[f++]};this.snapshotItem=function(g){if(6!=b&&7!=b)throw Error(\"snapshotItem called with wrong result type\");return g>=d.length||\n0>g?null:d[g]}}U.ANY_TYPE=0;U.NUMBER_TYPE=1;U.STRING_TYPE=2;U.BOOLEAN_TYPE=3;U.UNORDERED_NODE_ITERATOR_TYPE=4;U.ORDERED_NODE_ITERATOR_TYPE=5;U.UNORDERED_NODE_SNAPSHOT_TYPE=6;U.ORDERED_NODE_SNAPSHOT_TYPE=7;U.ANY_UNORDERED_NODE_TYPE=8;U.FIRST_ORDERED_NODE_TYPE=9;function jc(a){this.lookupNamespaceURI=fc(a)}\nfunction kc(a,b){a=a||k;var c=a.Document&&a.Document.prototype||a.document;if(!c.evaluate||b)a.XPathResult=U,c.evaluate=function(d,e,f,g){return(new ic(d,f)).evaluate(e,g)},c.createExpression=function(d,e){return new ic(d,e)},c.createNSResolver=function(d){return new jc(d)}}ba(\"wgxpath.install\",kc);ba(\"wgxpath.install\",kc);var lc={aliceblue:\"#f0f8ff\",antiquewhite:\"#faebd7\",aqua:\"#00ffff\",aquamarine:\"#7fffd4\",azure:\"#f0ffff\",beige:\"#f5f5dc\",bisque:\"#ffe4c4\",black:\"#000000\",blanchedalmond:\"#ffebcd\",blue:\"#0000ff\",blueviolet:\"#8a2be2\",brown:\"#a52a2a\",burlywood:\"#deb887\",cadetblue:\"#5f9ea0\",chartreuse:\"#7fff00\",chocolate:\"#d2691e\",coral:\"#ff7f50\",cornflowerblue:\"#6495ed\",cornsilk:\"#fff8dc\",crimson:\"#dc143c\",cyan:\"#00ffff\",darkblue:\"#00008b\",darkcyan:\"#008b8b\",darkgoldenrod:\"#b8860b\",darkgray:\"#a9a9a9\",darkgreen:\"#006400\",\ndarkgrey:\"#a9a9a9\",darkkhaki:\"#bdb76b\",darkmagenta:\"#8b008b\",darkolivegreen:\"#556b2f\",darkorange:\"#ff8c00\",darkorchid:\"#9932cc\",darkred:\"#8b0000\",darksalmon:\"#e9967a\",darkseagreen:\"#8fbc8f\",darkslateblue:\"#483d8b\",darkslategray:\"#2f4f4f\",darkslategrey:\"#2f4f4f\",darkturquoise:\"#00ced1\",darkviolet:\"#9400d3\",deeppink:\"#ff1493\",deepskyblue:\"#00bfff\",dimgray:\"#696969\",dimgrey:\"#696969\",dodgerblue:\"#1e90ff\",firebrick:\"#b22222\",floralwhite:\"#fffaf0\",forestgreen:\"#228b22\",fuchsia:\"#ff00ff\",gainsboro:\"#dcdcdc\",\nghostwhite:\"#f8f8ff\",gold:\"#ffd700\",goldenrod:\"#daa520\",gray:\"#808080\",green:\"#008000\",greenyellow:\"#adff2f\",grey:\"#808080\",honeydew:\"#f0fff0\",hotpink:\"#ff69b4\",indianred:\"#cd5c5c\",indigo:\"#4b0082\",ivory:\"#fffff0\",khaki:\"#f0e68c\",lavender:\"#e6e6fa\",lavenderblush:\"#fff0f5\",lawngreen:\"#7cfc00\",lemonchiffon:\"#fffacd\",lightblue:\"#add8e6\",lightcoral:\"#f08080\",lightcyan:\"#e0ffff\",lightgoldenrodyellow:\"#fafad2\",lightgray:\"#d3d3d3\",lightgreen:\"#90ee90\",lightgrey:\"#d3d3d3\",lightpink:\"#ffb6c1\",lightsalmon:\"#ffa07a\",\nlightseagreen:\"#20b2aa\",lightskyblue:\"#87cefa\",lightslategray:\"#778899\",lightslategrey:\"#778899\",lightsteelblue:\"#b0c4de\",lightyellow:\"#ffffe0\",lime:\"#00ff00\",limegreen:\"#32cd32\",linen:\"#faf0e6\",magenta:\"#ff00ff\",maroon:\"#800000\",mediumaquamarine:\"#66cdaa\",mediumblue:\"#0000cd\",mediumorchid:\"#ba55d3\",mediumpurple:\"#9370db\",mediumseagreen:\"#3cb371\",mediumslateblue:\"#7b68ee\",mediumspringgreen:\"#00fa9a\",mediumturquoise:\"#48d1cc\",mediumvioletred:\"#c71585\",midnightblue:\"#191970\",mintcream:\"#f5fffa\",mistyrose:\"#ffe4e1\",\nmoccasin:\"#ffe4b5\",navajowhite:\"#ffdead\",navy:\"#000080\",oldlace:\"#fdf5e6\",olive:\"#808000\",olivedrab:\"#6b8e23\",orange:\"#ffa500\",orangered:\"#ff4500\",orchid:\"#da70d6\",palegoldenrod:\"#eee8aa\",palegreen:\"#98fb98\",paleturquoise:\"#afeeee\",palevioletred:\"#db7093\",papayawhip:\"#ffefd5\",peachpuff:\"#ffdab9\",peru:\"#cd853f\",pink:\"#ffc0cb\",plum:\"#dda0dd\",powderblue:\"#b0e0e6\",purple:\"#800080\",red:\"#ff0000\",rosybrown:\"#bc8f8f\",royalblue:\"#4169e1\",saddlebrown:\"#8b4513\",salmon:\"#fa8072\",sandybrown:\"#f4a460\",seagreen:\"#2e8b57\",\nseashell:\"#fff5ee\",sienna:\"#a0522d\",silver:\"#c0c0c0\",skyblue:\"#87ceeb\",slateblue:\"#6a5acd\",slategray:\"#708090\",slategrey:\"#708090\",snow:\"#fffafa\",springgreen:\"#00ff7f\",steelblue:\"#4682b4\",tan:\"#d2b48c\",teal:\"#008080\",thistle:\"#d8bfd8\",tomato:\"#ff6347\",turquoise:\"#40e0d0\",violet:\"#ee82ee\",wheat:\"#f5deb3\",white:\"#ffffff\",whitesmoke:\"#f5f5f5\",yellow:\"#ffff00\",yellowgreen:\"#9acd32\"};var mc=\"backgroundColor borderTopColor borderRightColor borderBottomColor borderLeftColor color outlineColor\".split(\" \"),nc=/#([0-9a-fA-F])([0-9a-fA-F])([0-9a-fA-F])/,oc=/^#(?:[0-9a-f]{3}){1,2}$/i,pc=/^(?:rgba)?\\((\\d{1,3}),\\s?(\\d{1,3}),\\s?(\\d{1,3}),\\s?(0|1|0\\.\\d*)\\)$/i,qc=/^(?:rgb)?\\((0|[1-9]\\d{0,2}),\\s?(0|[1-9]\\d{0,2}),\\s?(0|[1-9]\\d{0,2})\\)$/i;function rc(a,b){this.code=a;this.a=V[a]||sc;this.message=b||\"\";a=this.a.replace(/((?:^|\\s+)[a-z])/g,function(c){return c.toUpperCase().replace(/^[\\s\\xa0]+/g,\"\")});b=a.length-5;if(0>b||a.indexOf(\"Error\",b)!=b)a+=\"Error\";this.name=a;a=Error(this.message);a.name=this.name;this.stack=a.stack||\"\"}l(rc,Error);var sc=\"unknown error\",V={15:\"element not selectable\",11:\"element not visible\"};V[31]=sc;V[30]=sc;V[24]=\"invalid cookie domain\";V[29]=\"invalid element coordinates\";V[12]=\"invalid element state\";\nV[32]=\"invalid selector\";V[51]=\"invalid selector\";V[52]=\"invalid selector\";V[17]=\"javascript error\";V[405]=\"unsupported operation\";V[34]=\"move target out of bounds\";V[27]=\"no such alert\";V[7]=\"no such element\";V[8]=\"no such frame\";V[23]=\"no such window\";V[28]=\"script timeout\";V[33]=\"session not created\";V[10]=\"stale element reference\";V[21]=\"timeout\";V[25]=\"unable to set cookie\";V[26]=\"unexpected alert open\";V[13]=sc;V[9]=\"unknown command\";var tc=va(),uc=ya()||u(\"iPod\"),vc=u(\"iPad\"),wc=u(\"Android\")&&!(wa()||va()||u(\"Opera\")||u(\"Silk\")),xc=wa(),yc=u(\"Safari\")&&!(wa()||u(\"Coast\")||u(\"Opera\")||u(\"Edge\")||u(\"Edg/\")||u(\"OPR\")||va()||u(\"Silk\")||u(\"Android\"))&&!(ya()||u(\"iPad\")||u(\"iPod\"));function zc(a){return(a=a.exec(t))?a[1]:\"\"}(function(){if(tc)return zc(/Firefox\\/([0-9.]+)/);if(v||Ca||Ba)return Ga;if(xc)return ya()||u(\"iPad\")||u(\"iPod\")?zc(/CriOS\\/([0-9.]+)/):zc(/Chrome\\/([0-9.]+)/);if(yc&&!(ya()||u(\"iPad\")||u(\"iPod\")))return zc(/Version\\/([0-9.]+)/);if(uc||vc){var a=/Version\\/(\\S+).*Mobile\\/(\\S+)/.exec(t);if(a)return a[1]+\".\"+a[2]}else if(wc)return(a=zc(/Android\\s+([0-9.]+)/))?a:zc(/Version\\/([0-9.]+)/);return\"\"})();var Ac=v&&!(9<=Number(La));function W(a,b){b&&\"string\"!==typeof b&&(b=b.toString());return!!a&&1==a.nodeType&&(!b||a.tagName.toUpperCase()==b)};var Bc=function(){var a={K:\"http://www.w3.org/2000/svg\"};return function(b){return a[b]||null}}();\nfunction Cc(a,b){var c=A(a);if(!c.documentElement)return null;(v||wc)&&kc(c?c.parentWindow||c.defaultView:window);try{var d=c.createNSResolver?c.createNSResolver(c.documentElement):Bc;if(v&&!Ka(7))return c.evaluate.call(c,b,a,d,9,null);if(!v||9<=Number(La)){for(var e={},f=c.getElementsByTagName(\"*\"),g=0;g<f.length;++g){var h=f[g],m=h.namespaceURI;if(m&&!e[m]){var w=h.lookupPrefix(m);if(!w){var r=m.match(\".*/(\\\\w+)/?$\");w=r?r[1]:\"xhtml\"}e[m]=w}}var D={},L;for(L in e)D[e[L]]=L;d=function(M){return D[M]||\nnull}}try{return c.evaluate(b,a,d,9,null)}catch(M){if(\"TypeError\"===M.name)return d=c.createNSResolver?c.createNSResolver(c.documentElement):Bc,c.evaluate(b,a,d,9,null);throw M;}}catch(M){if(!Da||\"NS_ERROR_ILLEGAL_VALUE\"!=M.name)throw new rc(32,\"Unable to locate an element with the xpath expression \"+b+\" because of the following error:\\n\"+M);}}\nfunction Dc(a,b){var c=function(){var d=Cc(b,a);return d?d.singleNodeValue||null:b.selectSingleNode?(d=A(b),d.setProperty&&d.setProperty(\"SelectionLanguage\",\"XPath\"),b.selectSingleNode(a)):null}();if(null!==c&&(!c||1!=c.nodeType))throw new rc(32,'The result of the xpath expression \"'+a+'\" is: '+c+\". It should be an element.\");return c};function Ec(a,b,c,d){this.c=a;this.a=b;this.b=c;this.f=d}Ec.prototype.ceil=function(){this.c=Math.ceil(this.c);this.a=Math.ceil(this.a);this.b=Math.ceil(this.b);this.f=Math.ceil(this.f);return this};Ec.prototype.floor=function(){this.c=Math.floor(this.c);this.a=Math.floor(this.a);this.b=Math.floor(this.b);this.f=Math.floor(this.f);return this};Ec.prototype.round=function(){this.c=Math.round(this.c);this.a=Math.round(this.a);this.b=Math.round(this.b);this.f=Math.round(this.f);return this};function X(a,b,c,d){this.a=a;this.b=b;this.width=c;this.height=d}X.prototype.ceil=function(){this.a=Math.ceil(this.a);this.b=Math.ceil(this.b);this.width=Math.ceil(this.width);this.height=Math.ceil(this.height);return this};X.prototype.floor=function(){this.a=Math.floor(this.a);this.b=Math.floor(this.b);this.width=Math.floor(this.width);this.height=Math.floor(this.height);return this};\nX.prototype.round=function(){this.a=Math.round(this.a);this.b=Math.round(this.b);this.width=Math.round(this.width);this.height=Math.round(this.height);return this};var Fc=\"function\"===typeof ShadowRoot;function Gc(a){for(a=a.parentNode;a&&1!=a.nodeType&&9!=a.nodeType&&11!=a.nodeType;)a=a.parentNode;return W(a)?a:null}\nfunction Y(a,b){b=xa(b);if(\"float\"==b||\"cssFloat\"==b||\"styleFloat\"==b)b=Ac?\"styleFloat\":\"cssFloat\";a:{var c=b;var d=A(a);if(d.defaultView&&d.defaultView.getComputedStyle&&(d=d.defaultView.getComputedStyle(a,null))){c=d[c]||d.getPropertyValue(c)||\"\";break a}c=\"\"}a=c||Hc(a,b);if(null===a)a=null;else if(0<=ja(mc,b)){b:{var e=a.match(pc);if(e&&(b=Number(e[1]),c=Number(e[2]),d=Number(e[3]),e=Number(e[4]),0<=b&&255>=b&&0<=c&&255>=c&&0<=d&&255>=d&&0<=e&&1>=e)){b=[b,c,d,e];break b}b=null}if(!b)b:{if(d=a.match(qc))if(b=\nNumber(d[1]),c=Number(d[2]),d=Number(d[3]),0<=b&&255>=b&&0<=c&&255>=c&&0<=d&&255>=d){b=[b,c,d,1];break b}b=null}if(!b)b:{b=a.toLowerCase();c=lc[b.toLowerCase()];if(!c&&(c=\"#\"==b.charAt(0)?b:\"#\"+b,4==c.length&&(c=c.replace(nc,\"#$1$1$2$2$3$3\")),!oc.test(c))){b=null;break b}b=[parseInt(c.substr(1,2),16),parseInt(c.substr(3,2),16),parseInt(c.substr(5,2),16),1]}a=b?\"rgba(\"+b.join(\", \")+\")\":a}return a}\nfunction Hc(a,b){var c=a.currentStyle||a.style,d=c[b];void 0===d&&\"function\"==ca(c.getPropertyValue)&&(d=c.getPropertyValue(b));return\"inherit\"!=d?void 0!==d?d:null:(a=Gc(a))?Hc(a,b):null}\nfunction Ic(a,b,c){function d(g){var h=Jc(g);return 0<h.height&&0<h.width?!0:W(g,\"PATH\")&&(0<h.height||0<h.width)?(g=Y(g,\"stroke-width\"),!!g&&0<parseInt(g,10)):\"hidden\"!=Y(g,\"overflow\")&&ma(g.childNodes,function(m){return 3==m.nodeType||W(m)&&d(m)})}function e(g){return Kc(g)==Z&&na(g.childNodes,function(h){return!W(h)||e(h)||!d(h)})}if(!W(a))throw Error(\"Argument to isShown must be of type Element\");if(W(a,\"BODY\"))return!0;if(W(a,\"OPTION\")||W(a,\"OPTGROUP\"))return a=$a(a,function(g){return W(g,\"SELECT\")}),\n!!a&&Ic(a,!0,c);var f=Lc(a);if(f)return!!f.image&&0<f.rect.width&&0<f.rect.height&&Ic(f.image,b,c);if(W(a,\"INPUT\")&&\"hidden\"==a.type.toLowerCase()||W(a,\"NOSCRIPT\"))return!1;f=Y(a,\"visibility\");return\"collapse\"!=f&&\"hidden\"!=f&&c(a)&&(b||0!=Mc(a))&&d(a)?!e(a):!1}var Z=\"hidden\";\nfunction Kc(a){function b(p){function q(fb){if(fb==g)return!0;var Wb=Y(fb,\"display\");return 0==Wb.lastIndexOf(\"inline\",0)||\"contents\"==Wb||\"absolute\"==Xb&&\"static\"==Y(fb,\"position\")?!1:!0}var Xb=Y(p,\"position\");if(\"fixed\"==Xb)return w=!0,p==g?null:g;for(p=Gc(p);p&&!q(p);)p=Gc(p);return p}function c(p){var q=p;if(\"visible\"==m)if(p==g&&h)q=h;else if(p==h)return{x:\"visible\",y:\"visible\"};q={x:Y(q,\"overflow-x\"),y:Y(q,\"overflow-y\")};p==g&&(q.x=\"visible\"==q.x?\"auto\":q.x,q.y=\"visible\"==q.y?\"auto\":q.y);return q}\nfunction d(p){if(p==g){var q=(new ab(f)).a;p=q.scrollingElement?q.scrollingElement:Ea||\"CSS1Compat\"!=q.compatMode?q.body||q.documentElement:q.documentElement;q=q.parentWindow||q.defaultView;p=v&&Ka(\"10\")&&q.pageYOffset!=p.scrollTop?new Ua(p.scrollLeft,p.scrollTop):new Ua(q.pageXOffset||p.scrollLeft,q.pageYOffset||p.scrollTop)}else p=new Ua(p.scrollLeft,p.scrollTop);return p}var e=Nc(a),f=A(a),g=f.documentElement,h=f.body,m=Y(g,\"overflow\"),w;for(a=b(a);a;a=b(a)){var r=c(a);if(\"visible\"!=r.x||\"visible\"!=\nr.y){var D=Jc(a);if(0==D.width||0==D.height)return Z;var L=e.a<D.a,M=e.b<D.b;if(L&&\"hidden\"==r.x||M&&\"hidden\"==r.y)return Z;if(L&&\"visible\"!=r.x||M&&\"visible\"!=r.y){L=d(a);M=e.b<D.b-L.y;if(e.a<D.a-L.x&&\"visible\"!=r.x||M&&\"visible\"!=r.x)return Z;e=Kc(a);return e==Z?Z:\"scroll\"}L=e.f>=D.a+D.width;D=e.c>=D.b+D.height;if(L&&\"hidden\"==r.x||D&&\"hidden\"==r.y)return Z;if(L&&\"visible\"!=r.x||D&&\"visible\"!=r.y){if(w&&(r=d(a),e.f>=g.scrollWidth-r.x||e.a>=g.scrollHeight-r.y))return Z;e=Kc(a);return e==Z?Z:\"scroll\"}}}return\"none\"}\nfunction Jc(a){var b=Lc(a);if(b)return b.rect;if(W(a,\"HTML\"))return a=A(a),a=((a?a.parentWindow||a.defaultView:window)||window).document,a=\"CSS1Compat\"==a.compatMode?a.documentElement:a.body,a=new Va(a.clientWidth,a.clientHeight),new X(0,0,a.width,a.height);try{var c=a.getBoundingClientRect()}catch(d){return new X(0,0,0,0)}b=new X(c.left,c.top,c.right-c.left,c.bottom-c.top);v&&a.ownerDocument.body&&(a=A(a),b.a-=a.documentElement.clientLeft+a.body.clientLeft,b.b-=a.documentElement.clientTop+a.body.clientTop);\nreturn b}function Lc(a){var b=W(a,\"MAP\");if(!b&&!W(a,\"AREA\"))return null;var c=b?a:W(a.parentNode,\"MAP\")?a.parentNode:null,d=null,e=null;c&&c.name&&(d=Dc('/descendant::*[@usemap = \"#'+c.name+'\"]',A(c)))&&(e=Jc(d),b||\"default\"==a.shape.toLowerCase()||(a=Oc(a),b=Math.min(Math.max(a.a,0),e.width),c=Math.min(Math.max(a.b,0),e.height),e=new X(b+e.a,c+e.b,Math.min(a.width,e.width-b),Math.min(a.height,e.height-c))));return{image:d,rect:e||new X(0,0,0,0)}}\nfunction Oc(a){var b=a.shape.toLowerCase();a=a.coords.split(\",\");if(\"rect\"==b&&4==a.length){b=a[0];var c=a[1];return new X(b,c,a[2]-b,a[3]-c)}if(\"circle\"==b&&3==a.length)return b=a[2],new X(a[0]-b,a[1]-b,2*b,2*b);if(\"poly\"==b&&2<a.length){b=a[0];c=a[1];for(var d=b,e=c,f=2;f+1<a.length;f+=2)b=Math.min(b,a[f]),d=Math.max(d,a[f]),c=Math.min(c,a[f+1]),e=Math.max(e,a[f+1]);return new X(b,c,d-b,e-c)}return new X(0,0,0,0)}function Nc(a){a=Jc(a);return new Ec(a.b,a.a+a.width,a.b+a.height,a.a)}\nfunction Mc(a){if(Ac){if(\"relative\"==Y(a,\"position\"))return 1;a=Y(a,\"filter\");return(a=a.match(/^alpha\\(opacity=(\\d*)\\)/)||a.match(/^progid:DXImageTransform.Microsoft.Alpha\\(Opacity=(\\d*)\\)/))?Number(a[1])/100:1}return Pc(a)}function Pc(a){var b=1,c=Y(a,\"opacity\");c&&(b=Number(c));(a=Gc(a))&&(b*=Pc(a));return b};ba(\"_\",function(a,b){function c(d){if(W(d)&&\"none\"==Y(d,\"display\"))return!1;var e;if((e=d.parentNode)&&e.shadowRoot&&void 0!==d.assignedSlot)e=d.assignedSlot?d.assignedSlot.parentNode:null;else if(d.getDestinationInsertionPoints){var f=d.getDestinationInsertionPoints();0<f.length&&(e=f[f.length-1])}if(Fc&&e instanceof ShadowRoot){if(e.host.shadowRoot!==e)return!1;e=e.host}return!e||9!=e.nodeType&&11!=e.nodeType?e&&W(e,\"DETAILS\")&&!e.open&&!W(d,\"SUMMARY\")?!1:!!e&&c(e):!0}return Ic(a,!!b,c)});; return this._.apply(null,arguments);}).apply({navigator:typeof window!='undefined'?window.navigator:null,document:typeof window!='undefined'?window.document:null}, arguments);}\n).apply(null, arguments);", "args": [{"element-6066-11e4-a52e-4f735466cecf": "f.79622DA940D870A453092AF735DA60D6.d.E768620207747D2B494CBE9E68314D09.e.264"}]}
DEBUG    urllib3.connectionpool:connectionpool.py:544 http://selenium-hub:4444 "POST /wd/hub/session/5aadbad870835be2b7ca50b04b408df3/execute/sync HTTP/1.1" 200 0
DEBUG    selenium.webdriver.remote.remote_connection:remote_connection.py:329 Remote response: status=200 | data={"value":true} | headers=HTTPHeaderDict({'content-length': '14', 'content-type': 'application/json; charset=utf-8', 'cache-control': 'no-cache'})
DEBUG    selenium.webdriver.remote.remote_connection:remote_connection.py:356 Finished Request
DEBUG    selenium.webdriver.remote.remote_connection:remote_connection.py:313 POST http://selenium-hub:4444/wd/hub/session/5aadbad870835be2b7ca50b04b408df3/element/f.79622DA940D870A453092AF735DA60D6.d.E768620207747D2B494CBE9E68314D09.e.264/clear {}
DEBUG    urllib3.connectionpool:connectionpool.py:544 http://selenium-hub:4444 "POST /wd/hub/session/5aadbad870835be2b7ca50b04b408df3/element/f.79622DA940D870A453092AF735DA60D6.d.E768620207747D2B494CBE9E68314D09.e.264/clear HTTP/1.1" 200 0
DEBUG    selenium.webdriver.remote.remote_connection:remote_connection.py:329 Remote response: status=200 | data={"value":null} | headers=HTTPHeaderDict({'content-length': '14', 'content-type': 'application/json; charset=utf-8', 'cache-control': 'no-cache'})
DEBUG    selenium.webdriver.remote.remote_connection:remote_connection.py:356 Finished Request
DEBUG    selenium.webdriver.remote.remote_connection:remote_connection.py:313 POST http://selenium-hub:4444/wd/hub/session/5aadbad870835be2b7ca50b04b408df3/element/f.79622DA940D870A453092AF735DA60D6.d.E768620207747D2B494CBE9E68314D09.e.264/value {"text": "UI Description", "value": ["U", "I", " ", "D", "e", "s", "c", "r", "i", "p", "t", "i", "o", "n"]}
DEBUG    urllib3.connectionpool:connectionpool.py:544 http://selenium-hub:4444 "POST /wd/hub/session/5aadbad870835be2b7ca50b04b408df3/element/f.79622DA940D870A453092AF735DA60D6.d.E768620207747D2B494CBE9E68314D09.e.264/value HTTP/1.1" 200 0
DEBUG    selenium.webdriver.remote.remote_connection:remote_connection.py:329 Remote response: status=200 | data={"value":null} | headers=HTTPHeaderDict({'content-length': '14', 'content-type': 'application/json; charset=utf-8', 'cache-control': 'no-cache'})
DEBUG    selenium.webdriver.remote.remote_connection:remote_connection.py:356 Finished Request
DEBUG    selenium.webdriver.remote.remote_connection:remote_connection.py:313 POST http://selenium-hub:4444/wd/hub/session/5aadbad870835be2b7ca50b04b408df3/element {"using": "css selector", "value": "button[data-testid='note-submit']"}
DEBUG    urllib3.connectionpool:connectionpool.py:544 http://selenium-hub:4444 "POST /wd/hub/session/5aadbad870835be2b7ca50b04b408df3/element HTTP/1.1" 200 0
DEBUG    selenium.webdriver.remote.remote_connection:remote_connection.py:329 Remote response: status=200 | data={"value":{"element-6066-11e4-a52e-4f735466cecf":"f.79622DA940D870A453092AF735DA60D6.d.E768620207747D2B494CBE9E68314D09.e.269"}} | headers=HTTPHeaderDict({'content-length': '127', 'content-type': 'application/json; charset=utf-8', 'cache-control': 'no-cache'})
DEBUG    selenium.webdriver.remote.remote_connection:remote_connection.py:356 Finished Request
DEBUG    selenium.webdriver.remote.remote_connection:remote_connection.py:313 POST http://selenium-hub:4444/wd/hub/session/5aadbad870835be2b7ca50b04b408df3/execute/sync {"script": "/* isDisplayed */return (function(){return (function(){var k=this||self;function aa(a){return\"string\"==typeof a}function ba(a,b){a=a.split(\".\");var c=k;a[0]in c||\"undefined\"==typeof c.execScript||c.execScript(\"var \"+a[0]);for(var d;a.length&&(d=a.shift());)a.length||void 0===b?c[d]&&c[d]!==Object.prototype[d]?c=c[d]:c=c[d]={}:c[d]=b}\nfunction ca(a){var b=typeof a;if(\"object\"==b)if(a){if(a instanceof Array)return\"array\";if(a instanceof Object)return b;var c=Object.prototype.toString.call(a);if(\"[object Window]\"==c)return\"object\";if(\"[object Array]\"==c||\"number\"==typeof a.length&&\"undefined\"!=typeof a.splice&&\"undefined\"!=typeof a.propertyIsEnumerable&&!a.propertyIsEnumerable(\"splice\"))return\"array\";if(\"[object Function]\"==c||\"undefined\"!=typeof a.call&&\"undefined\"!=typeof a.propertyIsEnumerable&&!a.propertyIsEnumerable(\"call\"))return\"function\"}else return\"null\";\nelse if(\"function\"==b&&\"undefined\"==typeof a.call)return\"object\";return b}function da(a,b,c){return a.call.apply(a.bind,arguments)}function ea(a,b,c){if(!a)throw Error();if(2<arguments.length){var d=Array.prototype.slice.call(arguments,2);return function(){var e=Array.prototype.slice.call(arguments);Array.prototype.unshift.apply(e,d);return a.apply(b,e)}}return function(){return a.apply(b,arguments)}}\nfunction fa(a,b,c){Function.prototype.bind&&-1!=Function.prototype.bind.toString().indexOf(\"native code\")?fa=da:fa=ea;return fa.apply(null,arguments)}function ha(a,b){var c=Array.prototype.slice.call(arguments,1);return function(){var d=c.slice();d.push.apply(d,arguments);return a.apply(this,d)}}function l(a,b){function c(){}c.prototype=b.prototype;a.prototype=new c;a.prototype.constructor=a};/*\n\n The MIT License\n\n Copyright (c) 2007 Cybozu Labs, Inc.\n Copyright (c) 2012 Google Inc.\n\n Permission is hereby granted, free of charge, to any person obtaining a copy\n of this software and associated documentation files (the \"Software\"), to\n deal in the Software without restriction, including without limitation the\n rights to use, copy, modify, merge, publish, distribute, sublicense, and/or\n sell copies of the Software, and to permit persons to whom the Software is\n furnished to do so, subject to the following conditions:\n\n The above copyright notice and this permission notice shall be included in\n all copies or substantial portions of the Software.\n\n THE SOFTWARE IS PROVIDED \"AS IS\", WITHOUT WARRANTY OF ANY KIND, EXPRESS OR\n IMPLIED, INCLUDING BUT NOT LIMITED TO THE WARRANTIES OF MERCHANTABILITY,\n FITNESS FOR A PARTICULAR PURPOSE AND NONINFRINGEMENT. IN NO EVENT SHALL THE\n AUTHORS OR COPYRIGHT HOLDERS BE LIABLE FOR ANY CLAIM, DAMAGES OR OTHER\n LIABILITY, WHETHER IN AN ACTION OF CONTRACT, TORT OR OTHERWISE, ARISING\n FROM, OUT OF OR IN CONNECTION WITH THE SOFTWARE OR THE USE OR OTHER DEALINGS\n IN THE SOFTWARE.\n*/\nfunction ia(a,b,c){this.a=a;this.b=b||1;this.f=c||1};var ja=Array.prototype.indexOf?function(a,b){return Array.prototype.indexOf.call(a,b,void 0)}:function(a,b){if(\"string\"===typeof a)return\"string\"!==typeof b||1!=b.length?-1:a.indexOf(b,0);for(var c=0;c<a.length;c++)if(c in a&&a[c]===b)return c;return-1},n=Array.prototype.forEach?function(a,b){Array.prototype.forEach.call(a,b,void 0)}:function(a,b){for(var c=a.length,d=\"string\"===typeof a?a.split(\"\"):a,e=0;e<c;e++)e in d&&b.call(void 0,d[e],e,a)},ka=Array.prototype.filter?function(a,b){return Array.prototype.filter.call(a,\nb,void 0)}:function(a,b){for(var c=a.length,d=[],e=0,f=\"string\"===typeof a?a.split(\"\"):a,g=0;g<c;g++)if(g in f){var h=f[g];b.call(void 0,h,g,a)&&(d[e++]=h)}return d},la=Array.prototype.reduce?function(a,b,c){return Array.prototype.reduce.call(a,b,c)}:function(a,b,c){var d=c;n(a,function(e,f){d=b.call(void 0,d,e,f,a)});return d},ma=Array.prototype.some?function(a,b){return Array.prototype.some.call(a,b,void 0)}:function(a,b){for(var c=a.length,d=\"string\"===typeof a?a.split(\"\"):a,e=0;e<c;e++)if(e in\nd&&b.call(void 0,d[e],e,a))return!0;return!1},na=Array.prototype.every?function(a,b){return Array.prototype.every.call(a,b,void 0)}:function(a,b){for(var c=a.length,d=\"string\"===typeof a?a.split(\"\"):a,e=0;e<c;e++)if(e in d&&!b.call(void 0,d[e],e,a))return!1;return!0};function oa(a,b){a:{for(var c=a.length,d=\"string\"===typeof a?a.split(\"\"):a,e=0;e<c;e++)if(e in d&&b.call(void 0,d[e],e,a)){b=e;break a}b=-1}return 0>b?null:\"string\"===typeof a?a.charAt(b):a[b]}\nfunction pa(a){return Array.prototype.concat.apply([],arguments)}function qa(a,b,c){return 2>=arguments.length?Array.prototype.slice.call(a,b):Array.prototype.slice.call(a,b,c)};var ra=String.prototype.trim?function(a){return a.trim()}:function(a){return/^[\\s\\xa0]*([\\s\\S]*?)[\\s\\xa0]*$/.exec(a)[1]};function sa(a,b){return a<b?-1:a>b?1:0};var t;a:{var ta=k.navigator;if(ta){var ua=ta.userAgent;if(ua){t=ua;break a}}t=\"\"}function u(a){return-1!=t.indexOf(a)};function va(){return u(\"Firefox\")||u(\"FxiOS\")}function wa(){return(u(\"Chrome\")||u(\"CriOS\"))&&!u(\"Edge\")};function xa(a){return String(a).replace(/\\-([a-z])/g,function(b,c){return c.toUpperCase()})};function ya(){return u(\"iPhone\")&&!u(\"iPod\")&&!u(\"iPad\")};function za(a,b){var c=Aa;return Object.prototype.hasOwnProperty.call(c,a)?c[a]:c[a]=b(a)};var Ba=u(\"Opera\"),v=u(\"Trident\")||u(\"MSIE\"),Ca=u(\"Edge\"),Da=u(\"Gecko\")&&!(-1!=t.toLowerCase().indexOf(\"webkit\")&&!u(\"Edge\"))&&!(u(\"Trident\")||u(\"MSIE\"))&&!u(\"Edge\"),Ea=-1!=t.toLowerCase().indexOf(\"webkit\")&&!u(\"Edge\");function Fa(){var a=k.document;return a?a.documentMode:void 0}var Ga;\na:{var Ha=\"\",Ia=function(){var a=t;if(Da)return/rv:([^\\);]+)(\\)|;)/.exec(a);if(Ca)return/Edge\\/([\\d\\.]+)/.exec(a);if(v)return/\\b(?:MSIE|rv)[: ]([^\\);]+)(\\)|;)/.exec(a);if(Ea)return/WebKit\\/(\\S+)/.exec(a);if(Ba)return/(?:Version)[ \\/]?(\\S+)/.exec(a)}();Ia&&(Ha=Ia?Ia[1]:\"\");if(v){var Ja=Fa();if(null!=Ja&&Ja>parseFloat(Ha)){Ga=String(Ja);break a}}Ga=Ha}var Aa={};\nfunction Ka(a){return za(a,function(){for(var b=0,c=ra(String(Ga)).split(\".\"),d=ra(String(a)).split(\".\"),e=Math.max(c.length,d.length),f=0;0==b&&f<e;f++){var g=c[f]||\"\",h=d[f]||\"\";do{g=/(\\d*)(\\D*)(.*)/.exec(g)||[\"\",\"\",\"\",\"\"];h=/(\\d*)(\\D*)(.*)/.exec(h)||[\"\",\"\",\"\",\"\"];if(0==g[0].length&&0==h[0].length)break;b=sa(0==g[1].length?0:parseInt(g[1],10),0==h[1].length?0:parseInt(h[1],10))||sa(0==g[2].length,0==h[2].length)||sa(g[2],h[2]);g=g[3];h=h[3]}while(0==b)}return 0<=b})}var La;\nLa=k.document&&v?Fa():void 0;var x=v&&!(9<=Number(La)),Ma=v&&!(8<=Number(La));function Na(a,b,c,d){this.a=a;this.nodeName=c;this.nodeValue=d;this.nodeType=2;this.parentNode=this.ownerElement=b}function Oa(a,b){var c=Ma&&\"href\"==b.nodeName?a.getAttribute(b.nodeName,2):b.nodeValue;return new Na(b,a,b.nodeName,c)};function Pa(a){this.b=a;this.a=0}function Qa(a){a=a.match(Ra);for(var b=0;b<a.length;b++)Sa.test(a[b])&&a.splice(b,1);return new Pa(a)}var Ra=/\\$?(?:(?![0-9-\\.])(?:\\*|[\\w-\\.]+):)?(?![0-9-\\.])(?:\\*|[\\w-\\.]+)|\\/\\/|\\.\\.|::|\\d+(?:\\.\\d*)?|\\.\\d+|\"[^\"]*\"|'[^']*'|[!<>]=|\\s+|./g,Sa=/^\\s/;function y(a,b){return a.b[a.a+(b||0)]}function z(a){return a.b[a.a++]}function Ta(a){return a.b.length<=a.a};function Ua(a,b){this.x=void 0!==a?a:0;this.y=void 0!==b?b:0}Ua.prototype.ceil=function(){this.x=Math.ceil(this.x);this.y=Math.ceil(this.y);return this};Ua.prototype.floor=function(){this.x=Math.floor(this.x);this.y=Math.floor(this.y);return this};Ua.prototype.round=function(){this.x=Math.round(this.x);this.y=Math.round(this.y);return this};function Va(a,b){this.width=a;this.height=b}Va.prototype.aspectRatio=function(){return this.width/this.height};Va.prototype.ceil=function(){this.width=Math.ceil(this.width);this.height=Math.ceil(this.height);return this};Va.prototype.floor=function(){this.width=Math.floor(this.width);this.height=Math.floor(this.height);return this};Va.prototype.round=function(){this.width=Math.round(this.width);this.height=Math.round(this.height);return this};function Wa(a,b){if(!a||!b)return!1;if(a.contains&&1==b.nodeType)return a==b||a.contains(b);if(\"undefined\"!=typeof a.compareDocumentPosition)return a==b||!!(a.compareDocumentPosition(b)&16);for(;b&&a!=b;)b=b.parentNode;return b==a}\nfunction Xa(a,b){if(a==b)return 0;if(a.compareDocumentPosition)return a.compareDocumentPosition(b)&2?1:-1;if(v&&!(9<=Number(La))){if(9==a.nodeType)return-1;if(9==b.nodeType)return 1}if(\"sourceIndex\"in a||a.parentNode&&\"sourceIndex\"in a.parentNode){var c=1==a.nodeType,d=1==b.nodeType;if(c&&d)return a.sourceIndex-b.sourceIndex;var e=a.parentNode,f=b.parentNode;return e==f?Ya(a,b):!c&&Wa(e,b)?-1*Za(a,b):!d&&Wa(f,a)?Za(b,a):(c?a.sourceIndex:e.sourceIndex)-(d?b.sourceIndex:f.sourceIndex)}d=A(a);c=d.createRange();\nc.selectNode(a);c.collapse(!0);a=d.createRange();a.selectNode(b);a.collapse(!0);return c.compareBoundaryPoints(k.Range.START_TO_END,a)}function Za(a,b){var c=a.parentNode;if(c==b)return-1;for(;b.parentNode!=c;)b=b.parentNode;return Ya(b,a)}function Ya(a,b){for(;b=b.previousSibling;)if(b==a)return-1;return 1}function A(a){return 9==a.nodeType?a:a.ownerDocument||a.document}function $a(a,b){a&&(a=a.parentNode);for(var c=0;a;){if(b(a))return a;a=a.parentNode;c++}return null}\nfunction ab(a){this.a=a||k.document||document}ab.prototype.getElementsByTagName=function(a,b){return(b||this.a).getElementsByTagName(String(a))};function B(a){var b=null,c=a.nodeType;1==c&&(b=a.textContent,b=void 0==b||null==b?a.innerText:b,b=void 0==b||null==b?\"\":b);if(\"string\"!=typeof b)if(x&&\"title\"==a.nodeName.toLowerCase()&&1==c)b=a.text;else if(9==c||1==c){a=9==c?a.documentElement:a.firstChild;c=0;var d=[];for(b=\"\";a;){do 1!=a.nodeType&&(b+=a.nodeValue),x&&\"title\"==a.nodeName.toLowerCase()&&(b+=a.text),d[c++]=a;while(a=a.firstChild);for(;c&&!(a=d[--c].nextSibling););}}else b=a.nodeValue;return b}\nfunction C(a,b,c){if(null===b)return!0;try{if(!a.getAttribute)return!1}catch(d){return!1}Ma&&\"class\"==b&&(b=\"className\");return null==c?!!a.getAttribute(b):a.getAttribute(b,2)==c}function bb(a,b,c,d,e){return(x?cb:db).call(null,a,b,aa(c)?c:null,aa(d)?d:null,e||new E)}\nfunction cb(a,b,c,d,e){if(a instanceof F||8==a.b||c&&null===a.b){var f=b.all;if(!f)return e;a=eb(a);if(\"*\"!=a&&(f=b.getElementsByTagName(a),!f))return e;if(c){for(var g=[],h=0;b=f[h++];)C(b,c,d)&&g.push(b);f=g}for(h=0;b=f[h++];)\"*\"==a&&\"!\"==b.tagName||e.add(b);return e}gb(a,b,c,d,e);return e}\nfunction db(a,b,c,d,e){b.getElementsByName&&d&&\"name\"==c&&!v?(b=b.getElementsByName(d),n(b,function(f){a.a(f)&&e.add(f)})):b.getElementsByClassName&&d&&\"class\"==c?(b=b.getElementsByClassName(d),n(b,function(f){f.className==d&&a.a(f)&&e.add(f)})):a instanceof G?gb(a,b,c,d,e):b.getElementsByTagName&&(b=b.getElementsByTagName(a.f()),n(b,function(f){C(f,c,d)&&e.add(f)}));return e}\nfunction hb(a,b,c,d,e){var f;if((a instanceof F||8==a.b||c&&null===a.b)&&(f=b.childNodes)){var g=eb(a);if(\"*\"!=g&&(f=ka(f,function(h){return h.tagName&&h.tagName.toLowerCase()==g}),!f))return e;c&&(f=ka(f,function(h){return C(h,c,d)}));n(f,function(h){\"*\"==g&&(\"!\"==h.tagName||\"*\"==g&&1!=h.nodeType)||e.add(h)});return e}return ib(a,b,c,d,e)}function ib(a,b,c,d,e){for(b=b.firstChild;b;b=b.nextSibling)C(b,c,d)&&a.a(b)&&e.add(b);return e}\nfunction gb(a,b,c,d,e){for(b=b.firstChild;b;b=b.nextSibling)C(b,c,d)&&a.a(b)&&e.add(b),gb(a,b,c,d,e)}function eb(a){if(a instanceof G){if(8==a.b)return\"!\";if(null===a.b)return\"*\"}return a.f()};function E(){this.b=this.a=null;this.l=0}function jb(a){this.f=a;this.a=this.b=null}function kb(a,b){if(!a.a)return b;if(!b.a)return a;var c=a.a;b=b.a;for(var d=null,e,f=0;c&&b;){e=c.f;var g=b.f;e==g||e instanceof Na&&g instanceof Na&&e.a==g.a?(e=c,c=c.a,b=b.a):0<Xa(c.f,b.f)?(e=b,b=b.a):(e=c,c=c.a);(e.b=d)?d.a=e:a.a=e;d=e;f++}for(e=c||b;e;)e.b=d,d=d.a=e,f++,e=e.a;a.b=d;a.l=f;return a}function lb(a,b){b=new jb(b);b.a=a.a;a.b?a.a.b=b:a.a=a.b=b;a.a=b;a.l++}\nE.prototype.add=function(a){a=new jb(a);a.b=this.b;this.a?this.b.a=a:this.a=this.b=a;this.b=a;this.l++};function mb(a){return(a=a.a)?a.f:null}function nb(a){return(a=mb(a))?B(a):\"\"}function H(a,b){return new ob(a,!!b)}function ob(a,b){this.f=a;this.b=(this.s=b)?a.b:a.a;this.a=null}function I(a){var b=a.b;if(null==b)return null;var c=a.a=b;a.b=a.s?b.b:b.a;return c.f};function J(a){this.i=a;this.b=this.g=!1;this.f=null}function K(a){return\"\\n  \"+a.toString().split(\"\\n\").join(\"\\n  \")}function pb(a,b){a.g=b}function qb(a,b){a.b=b}function N(a,b){a=a.a(b);return a instanceof E?+nb(a):+a}function O(a,b){a=a.a(b);return a instanceof E?nb(a):\"\"+a}function rb(a,b){a=a.a(b);return a instanceof E?!!a.l:!!a};function sb(a,b,c){J.call(this,a.i);this.c=a;this.h=b;this.o=c;this.g=b.g||c.g;this.b=b.b||c.b;this.c==tb&&(c.b||c.g||4==c.i||0==c.i||!b.f?b.b||b.g||4==b.i||0==b.i||!c.f||(this.f={name:c.f.name,u:b}):this.f={name:b.f.name,u:c})}l(sb,J);\nfunction ub(a,b,c,d,e){b=b.a(d);c=c.a(d);var f;if(b instanceof E&&c instanceof E){b=H(b);for(d=I(b);d;d=I(b))for(e=H(c),f=I(e);f;f=I(e))if(a(B(d),B(f)))return!0;return!1}if(b instanceof E||c instanceof E){b instanceof E?(e=b,d=c):(e=c,d=b);f=H(e);for(var g=typeof d,h=I(f);h;h=I(f)){switch(g){case \"number\":h=+B(h);break;case \"boolean\":h=!!B(h);break;case \"string\":h=B(h);break;default:throw Error(\"Illegal primitive type for comparison.\");}if(e==b&&a(h,d)||e==c&&a(d,h))return!0}return!1}return e?\"boolean\"==\ntypeof b||\"boolean\"==typeof c?a(!!b,!!c):\"number\"==typeof b||\"number\"==typeof c?a(+b,+c):a(b,c):a(+b,+c)}sb.prototype.a=function(a){return this.c.m(this.h,this.o,a)};sb.prototype.toString=function(){var a=\"Binary Expression: \"+this.c;a+=K(this.h);return a+=K(this.o)};function vb(a,b,c,d){this.I=a;this.D=b;this.i=c;this.m=d}vb.prototype.toString=function(){return this.I};var wb={};\nfunction P(a,b,c,d){if(wb.hasOwnProperty(a))throw Error(\"Binary operator already created: \"+a);a=new vb(a,b,c,d);return wb[a.toString()]=a}P(\"div\",6,1,function(a,b,c){return N(a,c)/N(b,c)});P(\"mod\",6,1,function(a,b,c){return N(a,c)%N(b,c)});P(\"*\",6,1,function(a,b,c){return N(a,c)*N(b,c)});P(\"+\",5,1,function(a,b,c){return N(a,c)+N(b,c)});P(\"-\",5,1,function(a,b,c){return N(a,c)-N(b,c)});P(\"<\",4,2,function(a,b,c){return ub(function(d,e){return d<e},a,b,c)});\nP(\">\",4,2,function(a,b,c){return ub(function(d,e){return d>e},a,b,c)});P(\"<=\",4,2,function(a,b,c){return ub(function(d,e){return d<=e},a,b,c)});P(\">=\",4,2,function(a,b,c){return ub(function(d,e){return d>=e},a,b,c)});var tb=P(\"=\",3,2,function(a,b,c){return ub(function(d,e){return d==e},a,b,c,!0)});P(\"!=\",3,2,function(a,b,c){return ub(function(d,e){return d!=e},a,b,c,!0)});P(\"and\",2,2,function(a,b,c){return rb(a,c)&&rb(b,c)});P(\"or\",1,2,function(a,b,c){return rb(a,c)||rb(b,c)});function xb(a,b){if(b.a.length&&4!=a.i)throw Error(\"Primary expression must evaluate to nodeset if filter has predicate(s).\");J.call(this,a.i);this.c=a;this.h=b;this.g=a.g;this.b=a.b}l(xb,J);xb.prototype.a=function(a){a=this.c.a(a);return yb(this.h,a)};xb.prototype.toString=function(){var a=\"Filter:\"+K(this.c);return a+=K(this.h)};function zb(a,b){if(b.length<a.C)throw Error(\"Function \"+a.j+\" expects at least\"+a.C+\" arguments, \"+b.length+\" given\");if(null!==a.B&&b.length>a.B)throw Error(\"Function \"+a.j+\" expects at most \"+a.B+\" arguments, \"+b.length+\" given\");a.H&&n(b,function(c,d){if(4!=c.i)throw Error(\"Argument \"+d+\" to function \"+a.j+\" is not of type Nodeset: \"+c);});J.call(this,a.i);this.v=a;this.c=b;pb(this,a.g||ma(b,function(c){return c.g}));qb(this,a.G&&!b.length||a.F&&!!b.length||ma(b,function(c){return c.b}))}\nl(zb,J);zb.prototype.a=function(a){return this.v.m.apply(null,pa(a,this.c))};zb.prototype.toString=function(){var a=\"Function: \"+this.v;if(this.c.length){var b=la(this.c,function(c,d){return c+K(d)},\"Arguments:\");a+=K(b)}return a};function Ab(a,b,c,d,e,f,g,h){this.j=a;this.i=b;this.g=c;this.G=d;this.F=!1;this.m=e;this.C=f;this.B=void 0!==g?g:f;this.H=!!h}Ab.prototype.toString=function(){return this.j};var Bb={};\nfunction Q(a,b,c,d,e,f,g,h){if(Bb.hasOwnProperty(a))throw Error(\"Function already created: \"+a+\".\");Bb[a]=new Ab(a,b,c,d,e,f,g,h)}Q(\"boolean\",2,!1,!1,function(a,b){return rb(b,a)},1);Q(\"ceiling\",1,!1,!1,function(a,b){return Math.ceil(N(b,a))},1);Q(\"concat\",3,!1,!1,function(a,b){return la(qa(arguments,1),function(c,d){return c+O(d,a)},\"\")},2,null);Q(\"contains\",2,!1,!1,function(a,b,c){b=O(b,a);a=O(c,a);return-1!=b.indexOf(a)},2);Q(\"count\",1,!1,!1,function(a,b){return b.a(a).l},1,1,!0);\nQ(\"false\",2,!1,!1,function(){return!1},0);Q(\"floor\",1,!1,!1,function(a,b){return Math.floor(N(b,a))},1);Q(\"id\",4,!1,!1,function(a,b){function c(h){if(x){var m=e.all[h];if(m){if(m.nodeType&&h==m.id)return m;if(m.length)return oa(m,function(w){return h==w.id})}return null}return e.getElementById(h)}var d=a.a,e=9==d.nodeType?d:d.ownerDocument;a=O(b,a).split(/\\s+/);var f=[];n(a,function(h){h=c(h);!h||0<=ja(f,h)||f.push(h)});f.sort(Xa);var g=new E;n(f,function(h){g.add(h)});return g},1);\nQ(\"lang\",2,!1,!1,function(){return!1},1);Q(\"last\",1,!0,!1,function(a){if(1!=arguments.length)throw Error(\"Function last expects ()\");return a.f},0);Q(\"local-name\",3,!1,!0,function(a,b){return(a=b?mb(b.a(a)):a.a)?a.localName||a.nodeName.toLowerCase():\"\"},0,1,!0);Q(\"name\",3,!1,!0,function(a,b){return(a=b?mb(b.a(a)):a.a)?a.nodeName.toLowerCase():\"\"},0,1,!0);Q(\"namespace-uri\",3,!0,!1,function(){return\"\"},0,1,!0);\nQ(\"normalize-space\",3,!1,!0,function(a,b){return(b?O(b,a):B(a.a)).replace(/[\\s\\xa0]+/g,\" \").replace(/^\\s+|\\s+$/g,\"\")},0,1);Q(\"not\",2,!1,!1,function(a,b){return!rb(b,a)},1);Q(\"number\",1,!1,!0,function(a,b){return b?N(b,a):+B(a.a)},0,1);Q(\"position\",1,!0,!1,function(a){return a.b},0);Q(\"round\",1,!1,!1,function(a,b){return Math.round(N(b,a))},1);Q(\"starts-with\",2,!1,!1,function(a,b,c){b=O(b,a);a=O(c,a);return 0==b.lastIndexOf(a,0)},2);Q(\"string\",3,!1,!0,function(a,b){return b?O(b,a):B(a.a)},0,1);\nQ(\"string-length\",1,!1,!0,function(a,b){return(b?O(b,a):B(a.a)).length},0,1);Q(\"substring\",3,!1,!1,function(a,b,c,d){c=N(c,a);if(isNaN(c)||Infinity==c||-Infinity==c)return\"\";d=d?N(d,a):Infinity;if(isNaN(d)||-Infinity===d)return\"\";c=Math.round(c)-1;var e=Math.max(c,0);a=O(b,a);return Infinity==d?a.substring(e):a.substring(e,c+Math.round(d))},2,3);Q(\"substring-after\",3,!1,!1,function(a,b,c){b=O(b,a);a=O(c,a);c=b.indexOf(a);return-1==c?\"\":b.substring(c+a.length)},2);\nQ(\"substring-before\",3,!1,!1,function(a,b,c){b=O(b,a);a=O(c,a);a=b.indexOf(a);return-1==a?\"\":b.substring(0,a)},2);Q(\"sum\",1,!1,!1,function(a,b){a=H(b.a(a));b=0;for(var c=I(a);c;c=I(a))b+=+B(c);return b},1,1,!0);Q(\"translate\",3,!1,!1,function(a,b,c,d){b=O(b,a);c=O(c,a);var e=O(d,a);a={};for(d=0;d<c.length;d++){var f=c.charAt(d);f in a||(a[f]=e.charAt(d))}c=\"\";for(d=0;d<b.length;d++)f=b.charAt(d),c+=f in a?a[f]:f;return c},3);Q(\"true\",2,!1,!1,function(){return!0},0);function G(a,b){this.h=a;this.c=void 0!==b?b:null;this.b=null;switch(a){case \"comment\":this.b=8;break;case \"text\":this.b=3;break;case \"processing-instruction\":this.b=7;break;case \"node\":break;default:throw Error(\"Unexpected argument\");}}function Cb(a){return\"comment\"==a||\"text\"==a||\"processing-instruction\"==a||\"node\"==a}G.prototype.a=function(a){return null===this.b||this.b==a.nodeType};G.prototype.f=function(){return this.h};\nG.prototype.toString=function(){var a=\"Kind Test: \"+this.h;null===this.c||(a+=K(this.c));return a};function Db(a){J.call(this,3);this.c=a.substring(1,a.length-1)}l(Db,J);Db.prototype.a=function(){return this.c};Db.prototype.toString=function(){return\"Literal: \"+this.c};function F(a,b){this.j=a.toLowerCase();a=\"*\"==this.j?\"*\":\"http://www.w3.org/1999/xhtml\";this.c=b?b.toLowerCase():a}F.prototype.a=function(a){var b=a.nodeType;if(1!=b&&2!=b)return!1;b=void 0!==a.localName?a.localName:a.nodeName;return\"*\"!=this.j&&this.j!=b.toLowerCase()?!1:\"*\"==this.c?!0:this.c==(a.namespaceURI?a.namespaceURI.toLowerCase():\"http://www.w3.org/1999/xhtml\")};F.prototype.f=function(){return this.j};\nF.prototype.toString=function(){return\"Name Test: \"+(\"http://www.w3.org/1999/xhtml\"==this.c?\"\":this.c+\":\")+this.j};function Eb(a){J.call(this,1);this.c=a}l(Eb,J);Eb.prototype.a=function(){return this.c};Eb.prototype.toString=function(){return\"Number: \"+this.c};function Fb(a,b){J.call(this,a.i);this.h=a;this.c=b;this.g=a.g;this.b=a.b;1==this.c.length&&(a=this.c[0],a.A||a.c!=Gb||(a=a.o,\"*\"!=a.f()&&(this.f={name:a.f(),u:null})))}l(Fb,J);function Hb(){J.call(this,4)}l(Hb,J);Hb.prototype.a=function(a){var b=new E;a=a.a;9==a.nodeType?b.add(a):b.add(a.ownerDocument);return b};Hb.prototype.toString=function(){return\"Root Helper Expression\"};function Ib(){J.call(this,4)}l(Ib,J);Ib.prototype.a=function(a){var b=new E;b.add(a.a);return b};Ib.prototype.toString=function(){return\"Context Helper Expression\"};\nfunction Jb(a){return\"/\"==a||\"//\"==a}Fb.prototype.a=function(a){var b=this.h.a(a);if(!(b instanceof E))throw Error(\"Filter expression must evaluate to nodeset.\");a=this.c;for(var c=0,d=a.length;c<d&&b.l;c++){var e=a[c],f=H(b,e.c.s);if(e.g||e.c!=Kb)if(e.g||e.c!=Lb){var g=I(f);for(b=e.a(new ia(g));null!=(g=I(f));)g=e.a(new ia(g)),b=kb(b,g)}else g=I(f),b=e.a(new ia(g));else{for(g=I(f);(b=I(f))&&(!g.contains||g.contains(b))&&b.compareDocumentPosition(g)&8;g=b);b=e.a(new ia(g))}}return b};\nFb.prototype.toString=function(){var a=\"Path Expression:\"+K(this.h);if(this.c.length){var b=la(this.c,function(c,d){return c+K(d)},\"Steps:\");a+=K(b)}return a};function Mb(a,b){this.a=a;this.s=!!b}\nfunction yb(a,b,c){for(c=c||0;c<a.a.length;c++)for(var d=a.a[c],e=H(b),f=b.l,g,h=0;g=I(e);h++){var m=a.s?f-h:h+1;g=d.a(new ia(g,m,f));if(\"number\"==typeof g)m=m==g;else if(\"string\"==typeof g||\"boolean\"==typeof g)m=!!g;else if(g instanceof E)m=0<g.l;else throw Error(\"Predicate.evaluate returned an unexpected type.\");if(!m){m=e;g=m.f;var w=m.a;if(!w)throw Error(\"Next must be called at least once before remove.\");var r=w.b;w=w.a;r?r.a=w:g.a=w;w?w.b=r:g.b=r;g.l--;m.a=null}}return b}\nMb.prototype.toString=function(){return la(this.a,function(a,b){return a+K(b)},\"Predicates:\")};function R(a,b,c,d){J.call(this,4);this.c=a;this.o=b;this.h=c||new Mb([]);this.A=!!d;b=this.h;b=0<b.a.length?b.a[0].f:null;a.J&&b&&(a=b.name,a=x?a.toLowerCase():a,this.f={name:a,u:b.u});a:{a=this.h;for(b=0;b<a.a.length;b++)if(c=a.a[b],c.g||1==c.i||0==c.i){a=!0;break a}a=!1}this.g=a}l(R,J);\nR.prototype.a=function(a){var b=a.a,c=this.f,d=null,e=null,f=0;c&&(d=c.name,e=c.u?O(c.u,a):null,f=1);if(this.A)if(this.g||this.c!=Nb)if(b=H((new R(Ob,new G(\"node\"))).a(a)),c=I(b))for(a=this.m(c,d,e,f);null!=(c=I(b));)a=kb(a,this.m(c,d,e,f));else a=new E;else a=bb(this.o,b,d,e),a=yb(this.h,a,f);else a=this.m(a.a,d,e,f);return a};R.prototype.m=function(a,b,c,d){a=this.c.v(this.o,a,b,c);return a=yb(this.h,a,d)};\nR.prototype.toString=function(){var a=\"Step:\"+K(\"Operator: \"+(this.A?\"//\":\"/\"));this.c.j&&(a+=K(\"Axis: \"+this.c));a+=K(this.o);if(this.h.a.length){var b=la(this.h.a,function(c,d){return c+K(d)},\"Predicates:\");a+=K(b)}return a};function Pb(a,b,c,d){this.j=a;this.v=b;this.s=c;this.J=d}Pb.prototype.toString=function(){return this.j};var Qb={};function S(a,b,c,d){if(Qb.hasOwnProperty(a))throw Error(\"Axis already created: \"+a);b=new Pb(a,b,c,!!d);return Qb[a]=b}\nS(\"ancestor\",function(a,b){for(var c=new E;b=b.parentNode;)a.a(b)&&lb(c,b);return c},!0);S(\"ancestor-or-self\",function(a,b){var c=new E;do a.a(b)&&lb(c,b);while(b=b.parentNode);return c},!0);\nvar Gb=S(\"attribute\",function(a,b){var c=new E,d=a.f();if(\"style\"==d&&x&&b.style)return c.add(new Na(b.style,b,\"style\",b.style.cssText)),c;var e=b.attributes;if(e)if(a instanceof G&&null===a.b||\"*\"==d)for(a=0;d=e[a];a++)x?d.nodeValue&&c.add(Oa(b,d)):c.add(d);else(d=e.getNamedItem(d))&&(x?d.nodeValue&&c.add(Oa(b,d)):c.add(d));return c},!1),Nb=S(\"child\",function(a,b,c,d,e){return(x?hb:ib).call(null,a,b,aa(c)?c:null,aa(d)?d:null,e||new E)},!1,!0);S(\"descendant\",bb,!1,!0);\nvar Ob=S(\"descendant-or-self\",function(a,b,c,d){var e=new E;C(b,c,d)&&a.a(b)&&e.add(b);return bb(a,b,c,d,e)},!1,!0),Kb=S(\"following\",function(a,b,c,d){var e=new E;do for(var f=b;f=f.nextSibling;)C(f,c,d)&&a.a(f)&&e.add(f),e=bb(a,f,c,d,e);while(b=b.parentNode);return e},!1,!0);S(\"following-sibling\",function(a,b){for(var c=new E;b=b.nextSibling;)a.a(b)&&c.add(b);return c},!1);S(\"namespace\",function(){return new E},!1);\nvar Rb=S(\"parent\",function(a,b){var c=new E;if(9==b.nodeType)return c;if(2==b.nodeType)return c.add(b.ownerElement),c;b=b.parentNode;a.a(b)&&c.add(b);return c},!1),Lb=S(\"preceding\",function(a,b,c,d){var e=new E,f=[];do f.unshift(b);while(b=b.parentNode);for(var g=1,h=f.length;g<h;g++){var m=[];for(b=f[g];b=b.previousSibling;)m.unshift(b);for(var w=0,r=m.length;w<r;w++)b=m[w],C(b,c,d)&&a.a(b)&&e.add(b),e=bb(a,b,c,d,e)}return e},!0,!0);\nS(\"preceding-sibling\",function(a,b){for(var c=new E;b=b.previousSibling;)a.a(b)&&lb(c,b);return c},!0);var Sb=S(\"self\",function(a,b){var c=new E;a.a(b)&&c.add(b);return c},!1);function Tb(a){J.call(this,1);this.c=a;this.g=a.g;this.b=a.b}l(Tb,J);Tb.prototype.a=function(a){return-N(this.c,a)};Tb.prototype.toString=function(){return\"Unary Expression: -\"+K(this.c)};function Ub(a){J.call(this,4);this.c=a;pb(this,ma(this.c,function(b){return b.g}));qb(this,ma(this.c,function(b){return b.b}))}l(Ub,J);Ub.prototype.a=function(a){var b=new E;n(this.c,function(c){c=c.a(a);if(!(c instanceof E))throw Error(\"Path expression must evaluate to NodeSet.\");b=kb(b,c)});return b};Ub.prototype.toString=function(){return la(this.c,function(a,b){return a+K(b)},\"Union Expression:\")};function Vb(a,b){this.a=a;this.b=b}function Yb(a){for(var b,c=[];;){T(a,\"Missing right hand side of binary expression.\");b=Zb(a);var d=z(a.a);if(!d)break;var e=(d=wb[d]||null)&&d.D;if(!e){a.a.a--;break}for(;c.length&&e<=c[c.length-1].D;)b=new sb(c.pop(),c.pop(),b);c.push(b,d)}for(;c.length;)b=new sb(c.pop(),c.pop(),b);return b}function T(a,b){if(Ta(a.a))throw Error(b);}function $b(a,b){a=z(a.a);if(a!=b)throw Error(\"Bad token, expected: \"+b+\" got: \"+a);}\nfunction ac(a){a=z(a.a);if(\")\"!=a)throw Error(\"Bad token: \"+a);}function bc(a){a=z(a.a);if(2>a.length)throw Error(\"Unclosed literal string\");return new Db(a)}\nfunction cc(a){var b=[];if(Jb(y(a.a))){var c=z(a.a);var d=y(a.a);if(\"/\"==c&&(Ta(a.a)||\".\"!=d&&\"..\"!=d&&\"@\"!=d&&\"*\"!=d&&!/(?![0-9])[\\w]/.test(d)))return new Hb;d=new Hb;T(a,\"Missing next location step.\");c=dc(a,c);b.push(c)}else{a:{c=y(a.a);d=c.charAt(0);switch(d){case \"$\":throw Error(\"Variable reference not allowed in HTML XPath\");case \"(\":z(a.a);c=Yb(a);T(a,'unclosed \"(\"');$b(a,\")\");break;case '\"':case \"'\":c=bc(a);break;default:if(isNaN(+c))if(!Cb(c)&&/(?![0-9])[\\w]/.test(d)&&\"(\"==y(a.a,1)){c=z(a.a);\nc=Bb[c]||null;z(a.a);for(d=[];\")\"!=y(a.a);){T(a,\"Missing function argument list.\");d.push(Yb(a));if(\",\"!=y(a.a))break;z(a.a)}T(a,\"Unclosed function argument list.\");ac(a);c=new zb(c,d)}else{c=null;break a}else c=new Eb(+z(a.a))}\"[\"==y(a.a)&&(d=new Mb(ec(a)),c=new xb(c,d))}if(c)if(Jb(y(a.a)))d=c;else return c;else c=dc(a,\"/\"),d=new Ib,b.push(c)}for(;Jb(y(a.a));)c=z(a.a),T(a,\"Missing next location step.\"),c=dc(a,c),b.push(c);return new Fb(d,b)}\nfunction dc(a,b){if(\"/\"!=b&&\"//\"!=b)throw Error('Step op should be \"/\" or \"//\"');if(\".\"==y(a.a)){var c=new R(Sb,new G(\"node\"));z(a.a);return c}if(\"..\"==y(a.a))return c=new R(Rb,new G(\"node\")),z(a.a),c;if(\"@\"==y(a.a)){var d=Gb;z(a.a);T(a,\"Missing attribute name\")}else if(\"::\"==y(a.a,1)){if(!/(?![0-9])[\\w]/.test(y(a.a).charAt(0)))throw Error(\"Bad token: \"+z(a.a));var e=z(a.a);d=Qb[e]||null;if(!d)throw Error(\"No axis with name: \"+e);z(a.a);T(a,\"Missing node name\")}else d=Nb;e=y(a.a);if(/(?![0-9])[\\w\\*]/.test(e.charAt(0)))if(\"(\"==\ny(a.a,1)){if(!Cb(e))throw Error(\"Invalid node type: \"+e);e=z(a.a);if(!Cb(e))throw Error(\"Invalid type name: \"+e);$b(a,\"(\");T(a,\"Bad nodetype\");var f=y(a.a).charAt(0),g=null;if('\"'==f||\"'\"==f)g=bc(a);T(a,\"Bad nodetype\");ac(a);e=new G(e,g)}else if(e=z(a.a),f=e.indexOf(\":\"),-1==f)e=new F(e);else{g=e.substring(0,f);if(\"*\"==g)var h=\"*\";else if(h=a.b(g),!h)throw Error(\"Namespace prefix not declared: \"+g);e=e.substr(f+1);e=new F(e,h)}else throw Error(\"Bad token: \"+z(a.a));a=new Mb(ec(a),d.s);return c||new R(d,\ne,a,\"//\"==b)}function ec(a){for(var b=[];\"[\"==y(a.a);){z(a.a);T(a,\"Missing predicate expression.\");var c=Yb(a);b.push(c);T(a,\"Unclosed predicate expression.\");$b(a,\"]\")}return b}function Zb(a){if(\"-\"==y(a.a))return z(a.a),new Tb(Zb(a));var b=cc(a);if(\"|\"!=y(a.a))a=b;else{for(b=[b];\"|\"==z(a.a);)T(a,\"Missing next union location path.\"),b.push(cc(a));a.a.a--;a=new Ub(b)}return a};function fc(a){switch(a.nodeType){case 1:return ha(gc,a);case 9:return fc(a.documentElement);case 11:case 10:case 6:case 12:return hc;default:return a.parentNode?fc(a.parentNode):hc}}function hc(){return null}function gc(a,b){if(a.prefix==b)return a.namespaceURI||\"http://www.w3.org/1999/xhtml\";var c=a.getAttributeNode(\"xmlns:\"+b);return c&&c.specified?c.value||null:a.parentNode&&9!=a.parentNode.nodeType?gc(a.parentNode,b):null};function ic(a,b){if(!a.length)throw Error(\"Empty XPath expression.\");a=Qa(a);if(Ta(a))throw Error(\"Invalid XPath expression.\");b?\"function\"==ca(b)||(b=fa(b.lookupNamespaceURI,b)):b=function(){return null};var c=Yb(new Vb(a,b));if(!Ta(a))throw Error(\"Bad token: \"+z(a));this.evaluate=function(d,e){d=c.a(new ia(d));return new U(d,e)}}\nfunction U(a,b){if(0==b)if(a instanceof E)b=4;else if(\"string\"==typeof a)b=2;else if(\"number\"==typeof a)b=1;else if(\"boolean\"==typeof a)b=3;else throw Error(\"Unexpected evaluation result.\");if(2!=b&&1!=b&&3!=b&&!(a instanceof E))throw Error(\"value could not be converted to the specified type\");this.resultType=b;switch(b){case 2:this.stringValue=a instanceof E?nb(a):\"\"+a;break;case 1:this.numberValue=a instanceof E?+nb(a):+a;break;case 3:this.booleanValue=a instanceof E?0<a.l:!!a;break;case 4:case 5:case 6:case 7:var c=\nH(a);var d=[];for(var e=I(c);e;e=I(c))d.push(e instanceof Na?e.a:e);this.snapshotLength=a.l;this.invalidIteratorState=!1;break;case 8:case 9:a=mb(a);this.singleNodeValue=a instanceof Na?a.a:a;break;default:throw Error(\"Unknown XPathResult type.\");}var f=0;this.iterateNext=function(){if(4!=b&&5!=b)throw Error(\"iterateNext called with wrong result type\");return f>=d.length?null:d[f++]};this.snapshotItem=function(g){if(6!=b&&7!=b)throw Error(\"snapshotItem called with wrong result type\");return g>=d.length||\n0>g?null:d[g]}}U.ANY_TYPE=0;U.NUMBER_TYPE=1;U.STRING_TYPE=2;U.BOOLEAN_TYPE=3;U.UNORDERED_NODE_ITERATOR_TYPE=4;U.ORDERED_NODE_ITERATOR_TYPE=5;U.UNORDERED_NODE_SNAPSHOT_TYPE=6;U.ORDERED_NODE_SNAPSHOT_TYPE=7;U.ANY_UNORDERED_NODE_TYPE=8;U.FIRST_ORDERED_NODE_TYPE=9;function jc(a){this.lookupNamespaceURI=fc(a)}\nfunction kc(a,b){a=a||k;var c=a.Document&&a.Document.prototype||a.document;if(!c.evaluate||b)a.XPathResult=U,c.evaluate=function(d,e,f,g){return(new ic(d,f)).evaluate(e,g)},c.createExpression=function(d,e){return new ic(d,e)},c.createNSResolver=function(d){return new jc(d)}}ba(\"wgxpath.install\",kc);ba(\"wgxpath.install\",kc);var lc={aliceblue:\"#f0f8ff\",antiquewhite:\"#faebd7\",aqua:\"#00ffff\",aquamarine:\"#7fffd4\",azure:\"#f0ffff\",beige:\"#f5f5dc\",bisque:\"#ffe4c4\",black:\"#000000\",blanchedalmond:\"#ffebcd\",blue:\"#0000ff\",blueviolet:\"#8a2be2\",brown:\"#a52a2a\",burlywood:\"#deb887\",cadetblue:\"#5f9ea0\",chartreuse:\"#7fff00\",chocolate:\"#d2691e\",coral:\"#ff7f50\",cornflowerblue:\"#6495ed\",cornsilk:\"#fff8dc\",crimson:\"#dc143c\",cyan:\"#00ffff\",darkblue:\"#00008b\",darkcyan:\"#008b8b\",darkgoldenrod:\"#b8860b\",darkgray:\"#a9a9a9\",darkgreen:\"#006400\",\ndarkgrey:\"#a9a9a9\",darkkhaki:\"#bdb76b\",darkmagenta:\"#8b008b\",darkolivegreen:\"#556b2f\",darkorange:\"#ff8c00\",darkorchid:\"#9932cc\",darkred:\"#8b0000\",darksalmon:\"#e9967a\",darkseagreen:\"#8fbc8f\",darkslateblue:\"#483d8b\",darkslategray:\"#2f4f4f\",darkslategrey:\"#2f4f4f\",darkturquoise:\"#00ced1\",darkviolet:\"#9400d3\",deeppink:\"#ff1493\",deepskyblue:\"#00bfff\",dimgray:\"#696969\",dimgrey:\"#696969\",dodgerblue:\"#1e90ff\",firebrick:\"#b22222\",floralwhite:\"#fffaf0\",forestgreen:\"#228b22\",fuchsia:\"#ff00ff\",gainsboro:\"#dcdcdc\",\nghostwhite:\"#f8f8ff\",gold:\"#ffd700\",goldenrod:\"#daa520\",gray:\"#808080\",green:\"#008000\",greenyellow:\"#adff2f\",grey:\"#808080\",honeydew:\"#f0fff0\",hotpink:\"#ff69b4\",indianred:\"#cd5c5c\",indigo:\"#4b0082\",ivory:\"#fffff0\",khaki:\"#f0e68c\",lavender:\"#e6e6fa\",lavenderblush:\"#fff0f5\",lawngreen:\"#7cfc00\",lemonchiffon:\"#fffacd\",lightblue:\"#add8e6\",lightcoral:\"#f08080\",lightcyan:\"#e0ffff\",lightgoldenrodyellow:\"#fafad2\",lightgray:\"#d3d3d3\",lightgreen:\"#90ee90\",lightgrey:\"#d3d3d3\",lightpink:\"#ffb6c1\",lightsalmon:\"#ffa07a\",\nlightseagreen:\"#20b2aa\",lightskyblue:\"#87cefa\",lightslategray:\"#778899\",lightslategrey:\"#778899\",lightsteelblue:\"#b0c4de\",lightyellow:\"#ffffe0\",lime:\"#00ff00\",limegreen:\"#32cd32\",linen:\"#faf0e6\",magenta:\"#ff00ff\",maroon:\"#800000\",mediumaquamarine:\"#66cdaa\",mediumblue:\"#0000cd\",mediumorchid:\"#ba55d3\",mediumpurple:\"#9370db\",mediumseagreen:\"#3cb371\",mediumslateblue:\"#7b68ee\",mediumspringgreen:\"#00fa9a\",mediumturquoise:\"#48d1cc\",mediumvioletred:\"#c71585\",midnightblue:\"#191970\",mintcream:\"#f5fffa\",mistyrose:\"#ffe4e1\",\nmoccasin:\"#ffe4b5\",navajowhite:\"#ffdead\",navy:\"#000080\",oldlace:\"#fdf5e6\",olive:\"#808000\",olivedrab:\"#6b8e23\",orange:\"#ffa500\",orangered:\"#ff4500\",orchid:\"#da70d6\",palegoldenrod:\"#eee8aa\",palegreen:\"#98fb98\",paleturquoise:\"#afeeee\",palevioletred:\"#db7093\",papayawhip:\"#ffefd5\",peachpuff:\"#ffdab9\",peru:\"#cd853f\",pink:\"#ffc0cb\",plum:\"#dda0dd\",powderblue:\"#b0e0e6\",purple:\"#800080\",red:\"#ff0000\",rosybrown:\"#bc8f8f\",royalblue:\"#4169e1\",saddlebrown:\"#8b4513\",salmon:\"#fa8072\",sandybrown:\"#f4a460\",seagreen:\"#2e8b57\",\nseashell:\"#fff5ee\",sienna:\"#a0522d\",silver:\"#c0c0c0\",skyblue:\"#87ceeb\",slateblue:\"#6a5acd\",slategray:\"#708090\",slategrey:\"#708090\",snow:\"#fffafa\",springgreen:\"#00ff7f\",steelblue:\"#4682b4\",tan:\"#d2b48c\",teal:\"#008080\",thistle:\"#d8bfd8\",tomato:\"#ff6347\",turquoise:\"#40e0d0\",violet:\"#ee82ee\",wheat:\"#f5deb3\",white:\"#ffffff\",whitesmoke:\"#f5f5f5\",yellow:\"#ffff00\",yellowgreen:\"#9acd32\"};var mc=\"backgroundColor borderTopColor borderRightColor borderBottomColor borderLeftColor color outlineColor\".split(\" \"),nc=/#([0-9a-fA-F])([0-9a-fA-F])([0-9a-fA-F])/,oc=/^#(?:[0-9a-f]{3}){1,2}$/i,pc=/^(?:rgba)?\\((\\d{1,3}),\\s?(\\d{1,3}),\\s?(\\d{1,3}),\\s?(0|1|0\\.\\d*)\\)$/i,qc=/^(?:rgb)?\\((0|[1-9]\\d{0,2}),\\s?(0|[1-9]\\d{0,2}),\\s?(0|[1-9]\\d{0,2})\\)$/i;function rc(a,b){this.code=a;this.a=V[a]||sc;this.message=b||\"\";a=this.a.replace(/((?:^|\\s+)[a-z])/g,function(c){return c.toUpperCase().replace(/^[\\s\\xa0]+/g,\"\")});b=a.length-5;if(0>b||a.indexOf(\"Error\",b)!=b)a+=\"Error\";this.name=a;a=Error(this.message);a.name=this.name;this.stack=a.stack||\"\"}l(rc,Error);var sc=\"unknown error\",V={15:\"element not selectable\",11:\"element not visible\"};V[31]=sc;V[30]=sc;V[24]=\"invalid cookie domain\";V[29]=\"invalid element coordinates\";V[12]=\"invalid element state\";\nV[32]=\"invalid selector\";V[51]=\"invalid selector\";V[52]=\"invalid selector\";V[17]=\"javascript error\";V[405]=\"unsupported operation\";V[34]=\"move target out of bounds\";V[27]=\"no such alert\";V[7]=\"no such element\";V[8]=\"no such frame\";V[23]=\"no such window\";V[28]=\"script timeout\";V[33]=\"session not created\";V[10]=\"stale element reference\";V[21]=\"timeout\";V[25]=\"unable to set cookie\";V[26]=\"unexpected alert open\";V[13]=sc;V[9]=\"unknown command\";var tc=va(),uc=ya()||u(\"iPod\"),vc=u(\"iPad\"),wc=u(\"Android\")&&!(wa()||va()||u(\"Opera\")||u(\"Silk\")),xc=wa(),yc=u(\"Safari\")&&!(wa()||u(\"Coast\")||u(\"Opera\")||u(\"Edge\")||u(\"Edg/\")||u(\"OPR\")||va()||u(\"Silk\")||u(\"Android\"))&&!(ya()||u(\"iPad\")||u(\"iPod\"));function zc(a){return(a=a.exec(t))?a[1]:\"\"}(function(){if(tc)return zc(/Firefox\\/([0-9.]+)/);if(v||Ca||Ba)return Ga;if(xc)return ya()||u(\"iPad\")||u(\"iPod\")?zc(/CriOS\\/([0-9.]+)/):zc(/Chrome\\/([0-9.]+)/);if(yc&&!(ya()||u(\"iPad\")||u(\"iPod\")))return zc(/Version\\/([0-9.]+)/);if(uc||vc){var a=/Version\\/(\\S+).*Mobile\\/(\\S+)/.exec(t);if(a)return a[1]+\".\"+a[2]}else if(wc)return(a=zc(/Android\\s+([0-9.]+)/))?a:zc(/Version\\/([0-9.]+)/);return\"\"})();var Ac=v&&!(9<=Number(La));function W(a,b){b&&\"string\"!==typeof b&&(b=b.toString());return!!a&&1==a.nodeType&&(!b||a.tagName.toUpperCase()==b)};var Bc=function(){var a={K:\"http://www.w3.org/2000/svg\"};return function(b){return a[b]||null}}();\nfunction Cc(a,b){var c=A(a);if(!c.documentElement)return null;(v||wc)&&kc(c?c.parentWindow||c.defaultView:window);try{var d=c.createNSResolver?c.createNSResolver(c.documentElement):Bc;if(v&&!Ka(7))return c.evaluate.call(c,b,a,d,9,null);if(!v||9<=Number(La)){for(var e={},f=c.getElementsByTagName(\"*\"),g=0;g<f.length;++g){var h=f[g],m=h.namespaceURI;if(m&&!e[m]){var w=h.lookupPrefix(m);if(!w){var r=m.match(\".*/(\\\\w+)/?$\");w=r?r[1]:\"xhtml\"}e[m]=w}}var D={},L;for(L in e)D[e[L]]=L;d=function(M){return D[M]||\nnull}}try{return c.evaluate(b,a,d,9,null)}catch(M){if(\"TypeError\"===M.name)return d=c.createNSResolver?c.createNSResolver(c.documentElement):Bc,c.evaluate(b,a,d,9,null);throw M;}}catch(M){if(!Da||\"NS_ERROR_ILLEGAL_VALUE\"!=M.name)throw new rc(32,\"Unable to locate an element with the xpath expression \"+b+\" because of the following error:\\n\"+M);}}\nfunction Dc(a,b){var c=function(){var d=Cc(b,a);return d?d.singleNodeValue||null:b.selectSingleNode?(d=A(b),d.setProperty&&d.setProperty(\"SelectionLanguage\",\"XPath\"),b.selectSingleNode(a)):null}();if(null!==c&&(!c||1!=c.nodeType))throw new rc(32,'The result of the xpath expression \"'+a+'\" is: '+c+\". It should be an element.\");return c};function Ec(a,b,c,d){this.c=a;this.a=b;this.b=c;this.f=d}Ec.prototype.ceil=function(){this.c=Math.ceil(this.c);this.a=Math.ceil(this.a);this.b=Math.ceil(this.b);this.f=Math.ceil(this.f);return this};Ec.prototype.floor=function(){this.c=Math.floor(this.c);this.a=Math.floor(this.a);this.b=Math.floor(this.b);this.f=Math.floor(this.f);return this};Ec.prototype.round=function(){this.c=Math.round(this.c);this.a=Math.round(this.a);this.b=Math.round(this.b);this.f=Math.round(this.f);return this};function X(a,b,c,d){this.a=a;this.b=b;this.width=c;this.height=d}X.prototype.ceil=function(){this.a=Math.ceil(this.a);this.b=Math.ceil(this.b);this.width=Math.ceil(this.width);this.height=Math.ceil(this.height);return this};X.prototype.floor=function(){this.a=Math.floor(this.a);this.b=Math.floor(this.b);this.width=Math.floor(this.width);this.height=Math.floor(this.height);return this};\nX.prototype.round=function(){this.a=Math.round(this.a);this.b=Math.round(this.b);this.width=Math.round(this.width);this.height=Math.round(this.height);return this};var Fc=\"function\"===typeof ShadowRoot;function Gc(a){for(a=a.parentNode;a&&1!=a.nodeType&&9!=a.nodeType&&11!=a.nodeType;)a=a.parentNode;return W(a)?a:null}\nfunction Y(a,b){b=xa(b);if(\"float\"==b||\"cssFloat\"==b||\"styleFloat\"==b)b=Ac?\"styleFloat\":\"cssFloat\";a:{var c=b;var d=A(a);if(d.defaultView&&d.defaultView.getComputedStyle&&(d=d.defaultView.getComputedStyle(a,null))){c=d[c]||d.getPropertyValue(c)||\"\";break a}c=\"\"}a=c||Hc(a,b);if(null===a)a=null;else if(0<=ja(mc,b)){b:{var e=a.match(pc);if(e&&(b=Number(e[1]),c=Number(e[2]),d=Number(e[3]),e=Number(e[4]),0<=b&&255>=b&&0<=c&&255>=c&&0<=d&&255>=d&&0<=e&&1>=e)){b=[b,c,d,e];break b}b=null}if(!b)b:{if(d=a.match(qc))if(b=\nNumber(d[1]),c=Number(d[2]),d=Number(d[3]),0<=b&&255>=b&&0<=c&&255>=c&&0<=d&&255>=d){b=[b,c,d,1];break b}b=null}if(!b)b:{b=a.toLowerCase();c=lc[b.toLowerCase()];if(!c&&(c=\"#\"==b.charAt(0)?b:\"#\"+b,4==c.length&&(c=c.replace(nc,\"#$1$1$2$2$3$3\")),!oc.test(c))){b=null;break b}b=[parseInt(c.substr(1,2),16),parseInt(c.substr(3,2),16),parseInt(c.substr(5,2),16),1]}a=b?\"rgba(\"+b.join(\", \")+\")\":a}return a}\nfunction Hc(a,b){var c=a.currentStyle||a.style,d=c[b];void 0===d&&\"function\"==ca(c.getPropertyValue)&&(d=c.getPropertyValue(b));return\"inherit\"!=d?void 0!==d?d:null:(a=Gc(a))?Hc(a,b):null}\nfunction Ic(a,b,c){function d(g){var h=Jc(g);return 0<h.height&&0<h.width?!0:W(g,\"PATH\")&&(0<h.height||0<h.width)?(g=Y(g,\"stroke-width\"),!!g&&0<parseInt(g,10)):\"hidden\"!=Y(g,\"overflow\")&&ma(g.childNodes,function(m){return 3==m.nodeType||W(m)&&d(m)})}function e(g){return Kc(g)==Z&&na(g.childNodes,function(h){return!W(h)||e(h)||!d(h)})}if(!W(a))throw Error(\"Argument to isShown must be of type Element\");if(W(a,\"BODY\"))return!0;if(W(a,\"OPTION\")||W(a,\"OPTGROUP\"))return a=$a(a,function(g){return W(g,\"SELECT\")}),\n!!a&&Ic(a,!0,c);var f=Lc(a);if(f)return!!f.image&&0<f.rect.width&&0<f.rect.height&&Ic(f.image,b,c);if(W(a,\"INPUT\")&&\"hidden\"==a.type.toLowerCase()||W(a,\"NOSCRIPT\"))return!1;f=Y(a,\"visibility\");return\"collapse\"!=f&&\"hidden\"!=f&&c(a)&&(b||0!=Mc(a))&&d(a)?!e(a):!1}var Z=\"hidden\";\nfunction Kc(a){function b(p){function q(fb){if(fb==g)return!0;var Wb=Y(fb,\"display\");return 0==Wb.lastIndexOf(\"inline\",0)||\"contents\"==Wb||\"absolute\"==Xb&&\"static\"==Y(fb,\"position\")?!1:!0}var Xb=Y(p,\"position\");if(\"fixed\"==Xb)return w=!0,p==g?null:g;for(p=Gc(p);p&&!q(p);)p=Gc(p);return p}function c(p){var q=p;if(\"visible\"==m)if(p==g&&h)q=h;else if(p==h)return{x:\"visible\",y:\"visible\"};q={x:Y(q,\"overflow-x\"),y:Y(q,\"overflow-y\")};p==g&&(q.x=\"visible\"==q.x?\"auto\":q.x,q.y=\"visible\"==q.y?\"auto\":q.y);return q}\nfunction d(p){if(p==g){var q=(new ab(f)).a;p=q.scrollingElement?q.scrollingElement:Ea||\"CSS1Compat\"!=q.compatMode?q.body||q.documentElement:q.documentElement;q=q.parentWindow||q.defaultView;p=v&&Ka(\"10\")&&q.pageYOffset!=p.scrollTop?new Ua(p.scrollLeft,p.scrollTop):new Ua(q.pageXOffset||p.scrollLeft,q.pageYOffset||p.scrollTop)}else p=new Ua(p.scrollLeft,p.scrollTop);return p}var e=Nc(a),f=A(a),g=f.documentElement,h=f.body,m=Y(g,\"overflow\"),w;for(a=b(a);a;a=b(a)){var r=c(a);if(\"visible\"!=r.x||\"visible\"!=\nr.y){var D=Jc(a);if(0==D.width||0==D.height)return Z;var L=e.a<D.a,M=e.b<D.b;if(L&&\"hidden\"==r.x||M&&\"hidden\"==r.y)return Z;if(L&&\"visible\"!=r.x||M&&\"visible\"!=r.y){L=d(a);M=e.b<D.b-L.y;if(e.a<D.a-L.x&&\"visible\"!=r.x||M&&\"visible\"!=r.x)return Z;e=Kc(a);return e==Z?Z:\"scroll\"}L=e.f>=D.a+D.width;D=e.c>=D.b+D.height;if(L&&\"hidden\"==r.x||D&&\"hidden\"==r.y)return Z;if(L&&\"visible\"!=r.x||D&&\"visible\"!=r.y){if(w&&(r=d(a),e.f>=g.scrollWidth-r.x||e.a>=g.scrollHeight-r.y))return Z;e=Kc(a);return e==Z?Z:\"scroll\"}}}return\"none\"}\nfunction Jc(a){var b=Lc(a);if(b)return b.rect;if(W(a,\"HTML\"))return a=A(a),a=((a?a.parentWindow||a.defaultView:window)||window).document,a=\"CSS1Compat\"==a.compatMode?a.documentElement:a.body,a=new Va(a.clientWidth,a.clientHeight),new X(0,0,a.width,a.height);try{var c=a.getBoundingClientRect()}catch(d){return new X(0,0,0,0)}b=new X(c.left,c.top,c.right-c.left,c.bottom-c.top);v&&a.ownerDocument.body&&(a=A(a),b.a-=a.documentElement.clientLeft+a.body.clientLeft,b.b-=a.documentElement.clientTop+a.body.clientTop);\nreturn b}function Lc(a){var b=W(a,\"MAP\");if(!b&&!W(a,\"AREA\"))return null;var c=b?a:W(a.parentNode,\"MAP\")?a.parentNode:null,d=null,e=null;c&&c.name&&(d=Dc('/descendant::*[@usemap = \"#'+c.name+'\"]',A(c)))&&(e=Jc(d),b||\"default\"==a.shape.toLowerCase()||(a=Oc(a),b=Math.min(Math.max(a.a,0),e.width),c=Math.min(Math.max(a.b,0),e.height),e=new X(b+e.a,c+e.b,Math.min(a.width,e.width-b),Math.min(a.height,e.height-c))));return{image:d,rect:e||new X(0,0,0,0)}}\nfunction Oc(a){var b=a.shape.toLowerCase();a=a.coords.split(\",\");if(\"rect\"==b&&4==a.length){b=a[0];var c=a[1];return new X(b,c,a[2]-b,a[3]-c)}if(\"circle\"==b&&3==a.length)return b=a[2],new X(a[0]-b,a[1]-b,2*b,2*b);if(\"poly\"==b&&2<a.length){b=a[0];c=a[1];for(var d=b,e=c,f=2;f+1<a.length;f+=2)b=Math.min(b,a[f]),d=Math.max(d,a[f]),c=Math.min(c,a[f+1]),e=Math.max(e,a[f+1]);return new X(b,c,d-b,e-c)}return new X(0,0,0,0)}function Nc(a){a=Jc(a);return new Ec(a.b,a.a+a.width,a.b+a.height,a.a)}\nfunction Mc(a){if(Ac){if(\"relative\"==Y(a,\"position\"))return 1;a=Y(a,\"filter\");return(a=a.match(/^alpha\\(opacity=(\\d*)\\)/)||a.match(/^progid:DXImageTransform.Microsoft.Alpha\\(Opacity=(\\d*)\\)/))?Number(a[1])/100:1}return Pc(a)}function Pc(a){var b=1,c=Y(a,\"opacity\");c&&(b=Number(c));(a=Gc(a))&&(b*=Pc(a));return b};ba(\"_\",function(a,b){function c(d){if(W(d)&&\"none\"==Y(d,\"display\"))return!1;var e;if((e=d.parentNode)&&e.shadowRoot&&void 0!==d.assignedSlot)e=d.assignedSlot?d.assignedSlot.parentNode:null;else if(d.getDestinationInsertionPoints){var f=d.getDestinationInsertionPoints();0<f.length&&(e=f[f.length-1])}if(Fc&&e instanceof ShadowRoot){if(e.host.shadowRoot!==e)return!1;e=e.host}return!e||9!=e.nodeType&&11!=e.nodeType?e&&W(e,\"DETAILS\")&&!e.open&&!W(d,\"SUMMARY\")?!1:!!e&&c(e):!0}return Ic(a,!!b,c)});; return this._.apply(null,arguments);}).apply({navigator:typeof window!='undefined'?window.navigator:null,document:typeof window!='undefined'?window.document:null}, arguments);}\n).apply(null, arguments);", "args": [{"element-6066-11e4-a52e-4f735466cecf": "f.79622DA940D870A453092AF735DA60D6.d.E768620207747D2B494CBE9E68314D09.e.269"}]}
DEBUG    urllib3.connectionpool:connectionpool.py:544 http://selenium-hub:4444 "POST /wd/hub/session/5aadbad870835be2b7ca50b04b408df3/execute/sync HTTP/1.1" 200 0
DEBUG    selenium.webdriver.remote.remote_connection:remote_connection.py:329 Remote response: status=200 | data={"value":true} | headers=HTTPHeaderDict({'content-length': '14', 'content-type': 'application/json; charset=utf-8', 'cache-control': 'no-cache'})
DEBUG    selenium.webdriver.remote.remote_connection:remote_connection.py:356 Finished Request
DEBUG    selenium.webdriver.remote.remote_connection:remote_connection.py:313 GET http://selenium-hub:4444/wd/hub/session/5aadbad870835be2b7ca50b04b408df3/element/f.79622DA940D870A453092AF735DA60D6.d.E768620207747D2B494CBE9E68314D09.e.269/enabled {}
DEBUG    urllib3.connectionpool:connectionpool.py:544 http://selenium-hub:4444 "GET /wd/hub/session/5aadbad870835be2b7ca50b04b408df3/element/f.79622DA940D870A453092AF735DA60D6.d.E768620207747D2B494CBE9E68314D09.e.269/enabled HTTP/1.1" 200 0
DEBUG    selenium.webdriver.remote.remote_connection:remote_connection.py:329 Remote response: status=200 | data={"value":true} | headers=HTTPHeaderDict({'content-length': '14', 'content-type': 'application/json; charset=utf-8', 'cache-control': 'no-cache'})
DEBUG    selenium.webdriver.remote.remote_connection:remote_connection.py:356 Finished Request
DEBUG    selenium.webdriver.remote.remote_connection:remote_connection.py:313 POST http://selenium-hub:4444/wd/hub/session/5aadbad870835be2b7ca50b04b408df3/execute/sync {"script": "arguments[0].scrollIntoView(true);", "args": [{"element-6066-11e4-a52e-4f735466cecf": "f.79622DA940D870A453092AF735DA60D6.d.E768620207747D2B494CBE9E68314D09.e.269"}]}
DEBUG    urllib3.connectionpool:connectionpool.py:544 http://selenium-hub:4444 "POST /wd/hub/session/5aadbad870835be2b7ca50b04b408df3/execute/sync HTTP/1.1" 200 0
DEBUG    selenium.webdriver.remote.remote_connection:remote_connection.py:329 Remote response: status=200 | data={"value":null} | headers=HTTPHeaderDict({'content-length': '14', 'content-type': 'application/json; charset=utf-8', 'cache-control': 'no-cache'})
DEBUG    selenium.webdriver.remote.remote_connection:remote_connection.py:356 Finished Request
DEBUG    selenium.webdriver.remote.remote_connection:remote_connection.py:313 POST http://selenium-hub:4444/wd/hub/session/5aadbad870835be2b7ca50b04b408df3/element/f.79622DA940D870A453092AF735DA60D6.d.E768620207747D2B494CBE9E68314D09.e.269/click {}
DEBUG    urllib3.connectionpool:connectionpool.py:544 http://selenium-hub:4444 "POST /wd/hub/session/5aadbad870835be2b7ca50b04b408df3/element/f.79622DA940D870A453092AF735DA60D6.d.E768620207747D2B494CBE9E68314D09.e.269/click HTTP/1.1" 200 0
DEBUG    selenium.webdriver.remote.remote_connection:remote_connection.py:329 Remote response: status=200 | data={"value":null} | headers=HTTPHeaderDict({'content-length': '14', 'content-type': 'application/json; charset=utf-8', 'cache-control': 'no-cache'})
DEBUG    selenium.webdriver.remote.remote_connection:remote_connection.py:356 Finished Request
DEBUG    selenium.webdriver.remote.remote_connection:remote_connection.py:313 POST http://selenium-hub:4444/wd/hub/session/5aadbad870835be2b7ca50b04b408df3/element {"using": "css selector", "value": "div[data-testid='note-card']"}
DEBUG    urllib3.connectionpool:connectionpool.py:544 http://selenium-hub:4444 "POST /wd/hub/session/5aadbad870835be2b7ca50b04b408df3/element HTTP/1.1" 200 0
DEBUG    selenium.webdriver.remote.remote_connection:remote_connection.py:329 Remote response: status=200 | data={"value":{"element-6066-11e4-a52e-4f735466cecf":"f.79622DA940D870A453092AF735DA60D6.d.E768620207747D2B494CBE9E68314D09.e.73"}} | headers=HTTPHeaderDict({'content-length': '126', 'content-type': 'application/json; charset=utf-8', 'cache-control': 'no-cache'})
DEBUG    selenium.webdriver.remote.remote_connection:remote_connection.py:356 Finished Request
DEBUG    selenium.webdriver.remote.remote_connection:remote_connection.py:313 POST http://selenium-hub:4444/wd/hub/session/5aadbad870835be2b7ca50b04b408df3/elements {"using": "css selector", "value": "div[data-testid='note-card']"}
DEBUG    urllib3.connectionpool:connectionpool.py:544 http://selenium-hub:4444 "POST /wd/hub/session/5aadbad870835be2b7ca50b04b408df3/elements HTTP/1.1" 200 0
DEBUG    selenium.webdriver.remote.remote_connection:remote_connection.py:329 Remote response: status=200 | data={"value":[{"element-6066-11e4-a52e-4f735466cecf":"f.79622DA940D870A453092AF735DA60D6.d.E768620207747D2B494CBE9E68314D09.e.73"},{"element-6066-11e4-a52e-4f735466cecf":"f.79622DA940D870A453092AF735DA60D6.d.E768620207747D2B494CBE9E68314D09.e.74"},{"element-6066-11e4-a52e-4f735466cecf":"f.79622DA940D870A453092AF735DA60D6.d.E768620207747D2B494CBE9E68314D09.e.75"},{"element-6066-11e4-a52e-4f735466cecf":"f.79622DA940D870A453092AF735DA60D6.d.E768620207747D2B494CBE9E68314D09.e.76"},{"element-6066-11e4-a52e-4f735466cecf":"f.79622DA940D870A453092AF735DA60D6.d.E768620207747D2B494CBE9E68314D09.e.77"},{"element-6066-11e4-a52e-4f735466cecf":"f.79622DA940D870A453092AF735DA60D6.d.E768620207747D2B494CBE9E68314D09.e.78"},{"element-6066-11e4-a52e-4f735466cecf":"f.79622DA940D870A453092AF735DA60D6.d.E768620207747D2B494CBE9E68314D09.e.270"},{"element-6066-11e4-a52e-4f735466cecf":"f.79622DA940D870A453092AF735DA60D6.d.E768620207747D2B494CBE9E68314D09.e.271"},{"element-6066-11e4-a52e-4f735466cecf":"f.79622DA940D870A453092AF735DA60D6.d.E768620207747D2B494CBE9E68314D09.e.272"},{"element-6066-11e4-a52e-4f735466cecf":"f.79622DA940D870A453092AF735DA60D6.d.E768620207747D2B494CBE9E68314D09.e.273"},{"element-6066-11e4-a52e-4f735466cecf":"f.79622DA940D870A453092AF735DA60D6.d.E768620207747D2B494CBE9E68314D09.e.274"},{"element-6066-11e4-a52e-4f735466cecf":"f.79622DA940D870A453092AF735DA60D6.d.E768620207747D2B494CBE9E68314D09.e.275"},{"element-6066-11e4-a52e-4f735466cecf":"f.79622DA940D870A453092AF735DA60D6.d.E768620207747D2B494CBE9E68314D09.e.276"},{"element-6066-11e4-a52e-4f735466cecf":"f.79622DA940D870A453092AF735DA60D6.d.E768620207747D2B494CBE9E68314D09.e.277"},{"element-6066-11e4-a52e-4f735466cecf":"f.79622DA940D870A453092AF735DA60D6.d.E768620207747D2B494CBE9E68314D09.e.278"},{"element-6066-11e4-a52e-4f735466cecf":"f.79622DA940D870A453092AF735DA60D6.d.E768620207747D2B494CBE9E68314D09.e.279"},{"element-6066-11e4-a52e-4f735466cecf":"f.79622DA940D870A453092AF735DA60D6.d.E768620207747D2B494CBE9E68314D09.e.280"},{"element-6066-11e4-a52e-4f735466cecf":"f.79622DA940D870A453092AF735DA60D6.d.E768620207747D2B494CBE9E68314D09.e.281"},{"element-6066-11e4-a52e-4f735466cecf":"f.79622DA940D870A453092AF735DA60D6.d.E768620207747D2B494CBE9E68314D09.e.282"},{"element-6066-11e4-a52e-4f735466cecf":"f.79622DA940D870A453092AF735DA60D6.d.E768620207747D2B494CBE9E68314D09.e.283"},{"element-6066-11e4-a52e-4f735466cecf":"f.79622DA940D870A453092AF735DA60D6.d.E768620207747D2B494CBE9E68314D09.e.284"},{"element-6066-11e4-a52e-4f735466cecf":"f.79622DA940D870A453092AF735DA60D6.d.E768620207747D2B494CBE9E68314D09.e.285"},{"element-6066-11e4-a52e-4f735466cecf":"f.79622DA940D870A453092AF735DA60D6.d.E768620207747D2B494CBE9E68314D09.e.286"},{"element-6066-11e4-a52e-4f735466cecf":"f.79622DA940D870A453092AF735DA60D6.d.E768620207747D2B494CBE9E68314D09.e.287"},{"element-6066-11e4-a52e-4f735466cecf":"f.79622DA940D870A453092AF735DA60D6.d.E768620207747D2B494CBE9E68314D09.e.288"},{"element-6066-11e4-a52e-4f735466cecf":"f.79622DA940D870A453092AF735DA60D6.d.E768620207747D2B494CBE9E68314D09.e.289"},{"element-6066-11e4-a52e-4f735466cecf":"f.79622DA940D870A453092AF735DA60D6.d.E768620207747D2B494CBE9E68314D09.e.290"},{"element-6066-11e4-a52e-4f735466cecf":"f.79622DA940D870A453092AF735DA60D6.d.E768620207747D2B494CBE9E68314D09.e.291"},{"element-6066-11e4-a52e-4f735466cecf":"f.79622DA940D870A453092AF735DA60D6.d.E768620207747D2B494CBE9E68314D09.e.292"},{"element-6066-11e4-a52e-4f735466cecf":"f.79622DA940D870A453092AF735DA60D6.d.E768620207747D2B494CBE9E68314D09.e.293"},{"element-6066-11e4-a52e-4f735466cecf":"f.79622DA940D870A453092AF735DA60D6.d.E768620207747D2B494CBE9E68314D09.e.294"},{"element-6066-11e4-a52e-4f735466cecf":"f.79622DA940D870A453092AF735DA60D6.d.E768620207747D2B494CBE9E68314D09.e.295"},{"element-6066-11e4-a52e-4f735466cecf":"f.79622DA940D870A453092AF735DA60D6.d.E768620207747D2B494CBE9E68314D09.e.296"},{"element-6066-11e4-a52e-4f735466cecf":"f.79622DA940D870A453092AF735DA60D6.d.E768620207747D2B494CBE9E68314D09.e.297"},{"element-6066-11e4-a52e-4f735466cecf":"f.79622DA940D870A453092AF735DA60D6.d.E768620207747D2B494CBE9E68314D09.e.298"},{"element-6066-11e4-a52e-4f735466cecf":"f.79622DA940D870A453092AF735DA60D6.d.E768620207747D2B494CBE9E68314D09.e.299"},{"element-6066-11e4-a52e-4f735466cecf":"f.79622DA940D870A453092AF735DA60D6.d.E768620207747D2B494CBE9E68314D09.e.300"},{"element-6066-11e4-a52e-4f735466cecf":"f.79622DA940D870A453092AF735DA60D6.d.E768620207747D2B494CBE9E68314D09.e.301"},{"element-6066-11e4-a52e-4f735466cecf":"f.79622DA940D870A453092AF735DA60D6.d.E768620207747D2B494CBE9E68314D09.e.302"},{"element-6066-11e4-a52e-4f735466cecf":"f.79622DA940D870A453092AF735DA60D6.d.E768620207747D2B494CBE9E68314D09.e.303"},{"element-6066-11e4-a52e-4f735466cecf":"f.79622DA940D870A453092AF735DA60D6.d.E768620207747D2B494CBE9E68314D09.e.304"},{"element-6066-11e4-a52e-4f735466cecf":"f.79622DA940D870A453092AF735DA60D6.d.E768620207747D2B494CBE9E68314D09.e.305"},{"element-6066-11e4-a52e-4f735466cecf":"f.79622DA940D870A453092AF735DA60D6.d.E768620207747D2B494CBE9E68314D09.e.306"},{"element-6066-11e4-a52e-4f735466cecf":"f.79622DA940D870A453092AF735DA60D6.d.E768620207747D2B494CBE9E68314D09.e.307"},{"element-6066-11e4-a52e-4f735466cecf":"f.79622DA940D870A453092AF735DA60D6.d.E768620207747D2B494CBE9E68314D09.e.308"},{"element-6066-11e4-a52e-4f735466cecf":"f.79622DA940D870A453092AF735DA60D6.d.E768620207747D2B494CBE9E68314D09.e.309"},{"element-6066-11e4-a52e-4f735466cecf":"f.79622DA940D870A453092AF735DA60D6.d.E768620207747D2B494CBE9E68314D09.e.310"},{"element-6066-11e4-a52e-4f735466cecf":"f.79622DA940D870A453092AF735DA60D6.d.E768620207747D2B494CBE9E68314D09.e.311"},{"element-6066-11e4-a52e-4f735466cecf":"f.79622DA940D870A453092AF735DA60D6.d.E768620207747D2B494CBE9E68314D09.e.312"},{"element-6066-11e4-a52e-4f735466cecf":"f.79622DA940D870A453092AF735DA60D6.d.E768620207747D2B494CBE9E68314D09.e.313"},{"element-6066-11e4-a52e-4f735466cecf":"f.79622DA940D870A453092AF735DA60D6.d.E768620207747D2B494CBE9E68314D09.e.314"},{"element-6066-11e4-a52e-4f735466cecf":"f.79622DA940D870A453092AF735DA60D6.d.E768620207747D2B494CBE9E68314D09.e.315"},{"element-6066-11e4-a52e-4f735466cecf":"f.79622DA940D870A453092AF735DA60D6.d.E768620207747D2B494CBE9E68314D09.e.316"},{"element-6066-11e4-a52e-4f735466cecf":"f.79622DA940D870A453092AF735DA60D6.d.E768620207747D2B494CBE9E68314D09.e.317"},{"element-6066-11e4-a52e-4f735466cecf":"f.79622DA940D870A453092AF735DA60D6.d.E768620207747D2B494CBE9E68314D09.e.318"},{"element-6066-11e4-a52e-4f735466cecf":"f.79622DA940D870A453092AF735DA60D6.d.E768620207747D2B494CBE9E68314D09.e.319"},{"element-6066-11e4-a52e-4f735466cecf":"f.79622DA940D870A453092AF735DA60D6.d.E768620207747D2B494CBE9E68314D09.e.320"},{"element-6066-11e4-a52e-4f735466cecf":"f.79622DA940D870A453092AF735DA60D6.d.E768620207747D2B494CBE9E68314D09.e.321"},{"element-6066-11e4-a52e-4f735466cecf":"f.79622DA940D870A453092AF735DA60D6.d.E768620207747D2B494CBE9E68314D09.e.322"},{"element-6066-11e4-a52e-4f735466cecf":"f.79622DA940D870A453092AF735DA60D6.d.E768620207747D2B494CBE9E68314D09.e.323"},{"element-6066-11e4-a52e-4f735466cecf":"f.79622DA940D870A453092AF735DA60D6.d.E768620207747D2B494CBE9E68314D09.e.324"},{"element-6066-11e4-a52e-4f735466cecf":"f.79622DA940D870A453092AF735DA60D6.d.E768620207747D2B494CBE9E68314D09.e.325"},{"element-6066-11e4-a52e-4f735466cecf":"f.79622DA940D870A453092AF735DA60D6.d.E768620207747D2B494CBE9E68314D09.e.326"},{"element-6066-11e4-a52e-4f735466cecf":"f.79622DA940D870A453092AF735DA60D6.d.E768620207747D2B494CBE9E68314D09.e.327"},{"element-6066-11e4-a52e-4f735466cecf":"f.79622DA940D870A453092AF735DA60D6.d.E768620207747D2B494CBE9E68314D09.e.328"},{"element-6066-11e4-a52e-4f735466cecf":"f.79622DA940D870A453092AF735DA60D6.d.E768620207747D2B494CBE9E68314D09.e.329"},{"element-6066-11e4-a52e-4f735466cecf":"f.79622DA940D870A453092AF735DA60D6.d.E768620207747D2B494CBE9E68314D09.e.330"},{"element-6066-11e4-a52e-4f735466cecf":"f.79622DA940D870A453092AF735DA60D6.d.E768620207747D2B494CBE9E68314D09.e.331"},{"element-6066-11e4-a52e-4f735466cecf":"f.79622DA940D870A453092AF735DA60D6.d.E768620207747D2B494CBE9E68314D09.e.332"},{"element-6066-11e4-a52e-4f735466cecf":"f.79622DA940D870A453092AF735DA60D6.d.E768620207747D2B494CBE9E68314D09.e.333"},{"element-6066-11e4-a52e-4f735466cecf":"f.79622DA940D870A453092AF735DA60D6.d.E768620207747D2B494CBE9E68314D09.e.334"},{"element-6066-11e4-a52e-4f735466cecf":"f.79622DA940D870A453092AF735DA60D6.d.E768620207747D2B494CBE9E68314D09.e.335"},{"element-6066-11e4-a52e-4f735466cecf":"f.79622DA940D870A453092AF735DA60D6.d.E768620207747D2B494CBE9E68314D09.e.336"},{"element-6066-11e4-a52e-4f735466cecf":"f.79622DA940D870A453092AF735DA60D6.d.E768620207747D2B494CBE9E68314D09.e.337"},{"element-6066-11e4-a52e-4f735466cecf":"f.79622DA940D870A453092AF735DA60D6.d.E768620207747D2B494CBE9E68314D09.e.338"},{"element-6066-11e4-a52e-4f735466cecf":"f.79622DA940D870A453092AF735DA60D6.d.E768620207747D2B494CBE9E68314D09.e.339"},{"element-6066-11e4-a52e-4f735466cecf":"f.79622DA940D870A453092AF735DA60D6.d.E768620207747D2B494CBE9E68314D09.e.340"},{"element-6066-11e4-a52e-4f735466cecf":"f.79622DA940D870A453092AF735DA60D6.d.E768620207747D2B494CBE9E68314D09.e.341"},{"element-6066-11e4-a52e-4f735466cecf":"f.79622DA940D870A453092AF735DA60D6.d.E768620207747D2B494CBE9E68314D09.e.342"},{"element-6066-11e4-a52e-4f735466cecf":"f.79622DA940D870A453092AF735DA60D6.d.E768620207747D2B494CBE9E68314D09.e.343"},{"element-6066-11e4-a52e-4f735466cecf":"f.79622DA940D870A453092AF735DA60D6.d.E768620207747D2B494CBE9E68314D09.e.344"},{"element-6066-11e4-a52e-4f735466cecf":"f.79622DA940D870A453092AF735DA60D6.d.E768620207747D2B494CBE9E68314D09.e.345"},{"element-6066-11e4-a52e-4f735466cecf":"f.79622DA940D870A453092AF735DA60D6.d.E768620207747D2B494CBE9E68314D09.e.346"},{"element-6066-11e4-a52e-4f735466cecf":"f.79622DA940D870A453092AF735DA60D6.d.E768620207747D2B494CBE9E68314D09.e.347"},{"element-6066-11e4-a52e-4f735466cecf":"f.79622DA940D870A453092AF735DA60D6.d.E768620207747D2B494CBE9E68314D09.e.348"},{"element-6066-11e4-a52e-4f735466cecf":"f.79622DA940D870A453092AF735DA60D6.d.E768620207747D2B494CBE9E68314D09.e.349"},{"element-6066-11e4-a52e-4f735466cecf":"f.79622DA940D870A453092AF735DA60D6.d.E768620207747D2B494CBE9E68314D09.e.350"},{"element-6066-11e4-a52e-4f735466cecf":"f.79622DA940D870A453092AF735DA60D6.d.E768620207747D2B494CBE9E68314D09.e.351"},{"element-6066-11e4-a52e-4f735466cecf":"f.79622DA940D870A453092AF735DA60D6.d.E768620207747D2B494CBE9E68314D09.e.352"},{"element-6066-11e4-a52e-4f735466cecf":"f.79622DA940D870A453092AF735DA60D6.d.E768620207747D2B494CBE9E68314D09.e.353"},{"element-6066-11e4-a52e-4f735466cecf":"f.79622DA940D870A453092AF735DA60D6.d.E768620207747D2B494CBE9E68314D09.e.354"},{"element-6066-11e4-a52e-4f735466cecf":"f.79622DA940D870A453092AF735DA60D6.d.E768620207747D2B494CBE9E68314D09.e.355"},{"element-6066-11e4-a52e-4f735466cecf":"f.79622DA940D870A453092AF735DA60D6.d.E768620207747D2B494CBE9E68314D09.e.356"},{"element-6066-11e4-a52e-4f735466cecf":"f.79622DA940D870A453092AF735DA60D6.d.E768620207747D2B494CBE9E68314D09.e.357"},{"element-6066-11e4-a52e-4f735466cecf":"f.79622DA940D870A453092AF735DA60D6.d.E768620207747D2B494CBE9E68314D09.e.358"},{"element-6066-11e4-a52e-4f735466cecf":"f.79622DA940D870A453092AF735DA60D6.d.E768620207747D2B494CBE9E68314D09.e.359"},{"element-6066-11e4-a52e-4f735466cecf":"f.79622DA940D870A453092AF735DA60D6.d.E768620207747D2B494CBE9E68314D09.e.360"},{"element-6066-11e4-a52e-4f735466cecf":"f.79622DA940D870A453092AF735DA60D6.d.E768620207747D2B494CBE9E68314D09.e.361"},{"element-6066-11e4-a52e-4f735466cecf":"f.79622DA940D870A453092AF735DA60D6.d.E768620207747D2B494CBE9E68314D09.e.362"},{"element-6066-11e4-a52e-4f735466cecf":"f.79622DA940D870A453092AF735DA60D6.d.E768620207747D2B494CBE9E68314D09.e.363"},{"element-6066-11e4-a52e-4f735466cecf":"f.79622DA940D870A453092AF735DA60D6.d.E768620207747D2B494CBE9E68314D09.e.364"},{"element-6066-11e4-a52e-4f735466cecf":"f.79622DA940D870A453092AF735DA60D6.d.E768620207747D2B494CBE9E68314D09.e.365"},{"element-6066-11e4-a52e-4f735466cecf":"f.79622DA940D870A453092AF735DA60D6.d.E768620207747D2B494CBE9E68314D09.e.366"},{"element-6066-11e4-a52e-4f735466cecf":"f.79622DA940D870A453092AF735DA60D6.d.E768620207747D2B494CBE9E68314D09.e.367"},{"element-6066-11e4-a52e-4f735466cecf":"f.79622DA940D870A453092AF735DA60D6.d.E768620207747D2B494CBE9E68314D09.e.368"},{"element-6066-11e4-a52e-4f735466cecf":"f.79622DA940D870A453092AF735DA60D6.d.E768620207747D2B494CBE9E68314D09.e.369"},{"element-6066-11e4-a52e-4f735466cecf":"f.79622DA940D870A453092AF735DA60D6.d.E768620207747D2B494CBE9E68314D09.e.370"},{"element-6066-11e4-a52e-4f735466cecf":"f.79622DA940D870A453092AF735DA60D6.d.E768620207747D2B494CBE9E68314D09.e.371"},{"element-6066-11e4-a52e-4f735466cecf":"f.79622DA940D870A453092AF735DA60D6.d.E768620207747D2B494CBE9E68314D09.e.372"},{"element-6066-11e4-a52e-4f735466cecf":"f.79622DA940D870A453092AF735DA60D6.d.E768620207747D2B494CBE9E68314D09.e.373"},{"element-6066-11e4-a52e-4f735466cecf":"f.79622DA940D870A453092AF735DA60D6.d.E768620207747D2B494CBE9E68314D09.e.374"},{"element-6066-11e4-a52e-4f735466cecf":"f.79622DA940D870A453092AF735DA60D6.d.E768620207747D2B494CBE9E68314D09.e.375"},{"element-6066-11e4-a52e-4f735466cecf":"f.79622DA940D870A453092AF735DA60D6.d.E768620207747D2B494CBE9E68314D09.e.376"},{"element-6066-11e4-a52e-4f735466cecf":"f.79622DA940D870A453092AF735DA60D6.d.E768620207747D2B494CBE9E68314D09.e.377"},{"element-6066-11e4-a52e-4f735466cecf":"f.79622DA940D870A453092AF735DA60D6.d.E768620207747D2B494CBE9E68314D09.e.378"},{"element-6066-11e4-a52e-4f735466cecf":"f.79622DA940D870A453092AF735DA60D6.d.E768620207747D2B494CBE9E68314D09.e.379"},{"element-6066-11e4-a52e-4f735466cecf":"f.79622DA940D870A453092AF735DA60D6.d.E768620207747D2B494CBE9E68314D09.e.380"},{"element-6066-11e4-a52e-4f735466cecf":"f.79622DA940D870A453092AF735DA60D6.d.E768620207747D2B494CBE9E68314D09.e.381"},{"element-6066-11e4-a52e-4f735466cecf":"f.79622DA940D870A453092AF735DA60D6.d.E768620207747D2B494CBE9E68314D09.e.382"},{"element-6066-11e4-a52e-4f735466cecf":"f.79622DA940D870A453092AF735DA60D6.d.E768620207747D2B494CBE9E68314D09.e.383"},{"element-6066-11e4-a52e-4f735466cecf":"f.79622DA940D870A453092AF735DA60D6.d.E768620207747D2B494CBE9E68314D09.e.384"},{"element-6066-11e4-a52e-4f735466cecf":"f.79622DA940D870A453092AF735DA60D6.d.E768620207747D2B494CBE9E68314D09.e.385"},{"element-6066-11e4-a52e-4f735466cecf":"f.79622DA940D870A453092AF735DA60D6.d.E768620207747D2B494CBE9E68314D09.e.386"},{"element-6066-11e4-a52e-4f735466cecf":"f.79622DA940D870A453092AF735DA60D6.d.E768620207747D2B494CBE9E68314D09.e.387"},{"element-6066-11e4-a52e-4f735466cecf":"f.79622DA940D870A453092AF735DA60D6.d.E768620207747D2B494CBE9E68314D09.e.388"},{"element-6066-11e4-a52e-4f735466cecf":"f.79622DA940D870A453092AF735DA60D6.d.E768620207747D2B494CBE9E68314D09.e.389"},{"element-6066-11e4-a52e-4f735466cecf":"f.79622DA940D870A453092AF735DA60D6.d.E768620207747D2B494CBE9E68314D09.e.390"},{"element-6066-11e4-a52e-4f735466cecf":"f.79622DA940D870A453092AF735DA60D6.d.E768620207747D2B494CBE9E68314D09.e.391"},{"element-6066-11e4-a52e-4f735466cecf":"f.79622DA940D870A453092AF735DA60D6.d.E768620207747D2B494CBE9E68314D09.e.392"},{"element-6066-11e4-a52e-4f735466cecf":"f.79622DA940D870A453092AF735DA60D6.d.E768620207747D2B494CBE9E68314D09.e.393"},{"element-6066-11e4-a52e-4f735466cecf":"f.79622DA940D870A453092AF735DA60D6.d.E768620207747D2B494CBE9E68314D09.e.394"},{"element-6066-11e4-a52e-4f735466cecf":"f.79622DA940D870A453092AF735DA60D6.d.E768620207747D2B494CBE9E68314D09.e.395"},{"element-6066-11e4-a52e-4f735466cecf":"f.79622DA940D870A453092AF735DA60D6.d.E768620207747D2B494CBE9E68314D09.e.396"},{"element-6066-11e4-a52e-4f735466cecf":"f.79622DA940D870A453092AF735DA60D6.d.E768620207747D2B494CBE9E68314D09.e.397"},{"element-6066-11e4-a52e-4f735466cecf":"f.79622DA940D870A453092AF735DA60D6.d.E768620207747D2B494CBE9E68314D09.e.398"},{"element-6066-11e4-a52e-4f735466cecf":"f.79622DA940D870A453092AF735DA60D6.d.E768620207747D2B494CBE9E68314D09.e.399"},{"element-6066-11e4-a52e-4f735466cecf":"f.79622DA940D870A453092AF735DA60D6.d.E768620207747D2B494CBE9E68314D09.e.400"},{"element-6066-11e4-a52e-4f735466cecf":"f.79622DA940D870A453092AF735DA60D6.d.E768620207747D2B494CBE9E68314D09.e.401"},{"element-6066-11e4-a52e-4f735466cecf":"f.79622DA940D870A453092AF735DA60D6.d.E768620207747D2B494CBE9E68314D09.e.402"},{"element-6066-11e4-a52e-4f735466cecf":"f.79622DA940D870A453092AF735DA60D6.d.E768620207747D2B494CBE9E68314D09.e.403"},{"element-6066-11e4-a52e-4f735466cecf":"f.79622DA940D870A453092AF735DA60D6.d.E768620207747D2B494CBE9E68314D09.e.404"},{"element-6066-11e4-a52e-4f735466cecf":"f.79622DA940D870A453092AF735DA60D6.d.E768620207747D2B494CBE9E68314D09.e.405"},{"element-6066-11e4-a52e-4f735466cecf":"f.79622DA940D870A453092AF735DA60D6.d.E768620207747D2B494CBE9E68314D09.e.406"},{"element-6066-11e4-a52e-4f735466cecf":"f.79622DA940D870A453092AF735DA60D6.d.E768620207747D2B494CBE9E68314D09.e.407"},{"element-6066-11e4-a52e-4f735466cecf":"f.79622DA940D870A453092AF735DA60D6.d.E768620207747D2B494CBE9E68314D09.e.408"},{"element-6066-11e4-a52e-4f735466cecf":"f.79622DA940D870A453092AF735DA60D6.d.E768620207747D2B494CBE9E68314D09.e.409"},{"element-6066-11e4-a52e-4f735466cecf":"f.79622DA940D870A453092AF735DA60D6.d.E768620207747D2B494CBE9E68314D09.e.410"},{"element-6066-11e4-a52e-4f735466cecf":"f.79622DA940D870A453092AF735DA60D6.d.E768620207747D2B494CBE9E68314D09.e.411"},{"element-6066-11e4-a52e-4f735466cecf":"f.79622DA940D870A453092AF735DA60D6.d.E768620207747D2B494CBE9E68314D09.e.412"},{"element-6066-11e4-a52e-4f735466cecf":"f.79622DA940D870A453092AF735DA60D6.d.E768620207747D2B494CBE9E68314D09.e.413"},{"element-6066-11e4-a52e-4f735466cecf":"f.79622DA940D870A453092AF735DA60D6.d.E768620207747D2B494CBE9E68314D09.e.414"},{"element-6066-11e4-a52e-4f735466cecf":"f.79622DA940D870A453092AF735DA60D6.d.E768620207747D2B494CBE9E68314D09.e.415"},{"element-6066-11e4-a52e-4f735466cecf":"f.79622DA940D870A453092AF735DA60D6.d.E768620207747D2B494CBE9E68314D09.e.416"},{"element-6066-11e4-a52e-4f735466cecf":"f.79622DA940D870A453092AF735DA60D6.d.E768620207747D2B494CBE9E68314D09.e.417"},{"element-6066-11e4-a52e-4f735466cecf":"f.79622DA940D870A453092AF735DA60D6.d.E768620207747D2B494CBE9E68314D09.e.418"},{"element-6066-11e4-a52e-4f735466cecf":"f.79622DA940D870A453092AF735DA60D6.d.E768620207747D2B494CBE9E68314D09.e.419"},{"element-6066-11e4-a52e-4f735466cecf":"f.79622DA940D870A453092AF735DA60D6.d.E768620207747D2B494CBE9E68314D09.e.420"},{"element-6066-11e4-a52e-4f735466cecf":"f.79622DA940D870A453092AF735DA60D6.d.E768620207747D2B494CBE9E68314D09.e.421"},{"element-6066-11e4-a52e-4f735466cecf":"f.79622DA940D870A453092AF735DA60D6.d.E768620207747D2B494CBE9E68314D09.e.422"},{"element-6066-11e4-a52e-4f735466cecf":"f.79622DA940D870A453092AF735DA60D6.d.E768620207747D2B494CBE9E68314D09.e.423"},{"element-6066-11e4-a52e-4f735466cecf":"f.79622DA940D870A453092AF735DA60D6.d.E768620207747D2B494CBE9E68314D09.e.424"},{"element-6066-11e4-a52e-4f735466cecf":"f.79622DA940D870A453092AF735DA60D6.d.E768620207747D2B494CBE9E68314D09.e.425"},{"element-6066-11e4-a52e-4f735466cecf":"f.79622DA940D870A453092AF735DA60D6.d.E768620207747D2B494CBE9E68314D09.e.426"},{"element-6066-11e4-a52e-4f735466cecf":"f.79622DA940D870A453092AF735DA60D6.d.E768620207747D2B494CBE9E68314D09.e.427"},{"element-6066-11e4-a52e-4f735466cecf":"f.79622DA940D870A453092AF735DA60D6.d.E768620207747D2B494CBE9E68314D09.e.428"},{"element-6066-11e4-a52e-4f735466cecf":"f.79622DA940D870A453092AF735DA60D6.d.E768620207747D2B494CBE9E68314D09.e.429"},{"element-6066-11e4-a52e-4f735466cecf":"f.79622DA940D870A453092AF735DA60D6.d.E768620207747D2B494CBE9E68314D09.e.430"},{"element-6066-11e4-a52e-4f735466cecf":"f.79622DA940D870A453092AF735DA60D6.d.E768620207747D2B494CBE9E68314D09.e.431"},{"element-6066-11e4-a52e-4f735466cecf":"f.79622DA940D870A453092AF735DA60D6.d.E768620207747D2B494CBE9E68314D09.e.432"},{"element-6066-11e4-a52e-4f735466cecf":"f.79622DA940D870A453092AF735DA60D6.d.E768620207747D2B494CBE9E68314D09.e.433"},{"element-6066-11e4-a52e-4f735466cecf":"f.79622DA940D870A453092AF735DA60D6.d.E768620207747D2B494CBE9E68314D09.e.434"},{"element-6066-11e4-a52e-4f735466cecf":"f.79622DA940D870A453092AF735DA60D6.d.E768620207747D2B494CBE9E68314D09.e.435"},{"element-6066-11e4-a52e-4f735466cecf":"f.79622DA940D870A453092AF735DA60D6.d.E768620207747D2B494CBE9E68314D09.e.436"},{"element-6066-11e4-a52e-4f735466cecf":"f.79622DA940D870A453092AF735DA60D6.d.E768620207747D2B494CBE9E68314D09.e.437"}]} | headers=HTTPHeaderDict({'content-length': '20537', 'content-type': 'application/json; charset=utf-8', 'cache-control': 'no-cache'})
DEBUG    selenium.webdriver.remote.remote_connection:remote_connection.py:356 Finished Request
DEBUG    selenium.webdriver.remote.remote_connection:remote_connection.py:313 DELETE http://selenium-hub:4444/wd/hub/session/5aadbad870835be2b7ca50b04b408df3 {}
DEBUG    urllib3.connectionpool:connectionpool.py:544 http://selenium-hub:4444 "DELETE /wd/hub/session/5aadbad870835be2b7ca50b04b408df3 HTTP/1.1" 200 0
DEBUG    selenium.webdriver.remote.remote_connection:remote_connection.py:329 Remote response: status=200 | data={"value":null} | headers=HTTPHeaderDict({'content-length': '14', 'content-type': 'application/json; charset=utf-8', 'cache-control': 'no-cache'})
DEBUG    selenium.webdriver.remote.remote_connection:remote_connection.py:356 Finished Request
tor", "value": "div[data-testid='note-card-title']"}
DEBUG    urllib3.connectionpool:connectionpool.py:544 http://selenium-hub:4444 "POST /wd/hub/session/3113c0127527982047c2c0cbec19f22b/element/f.98D246DDA407406B6F8C3DBE00D42F41.d.348253207A90A264C8DB5FA6D463838C.e.502/element HTTP/1.1" 200 0
DEBUG    selenium.webdriver.remote.remote_connection:remote_connection.py:329 Remote response: status=200 | data={"value":{"element-6066-11e4-a52e-4f735466cecf":"f.98D246DDA407406B6F8C3DBE00D42F41.d.348253207A90A264C8DB5FA6D463838C.e.685"}} | headers=HTTPHeaderDict({'content-length': '127', 'content-type': 'application/json; charset=utf-8', 'cache-control': 'no-cache'})
DEBUG    selenium.webdriver.remote.remote_connection:remote_connection.py:356 Finished Request
DEBUG    selenium.webdriver.remote.remote_connection:remote_connection.py:313 GET http://selenium-hub:4444/wd/hub/session/3113c0127527982047c2c0cbec19f22b/element/f.98D246DDA407406B6F8C3DBE00D42F41.d.348253207A90A264C8DB5FA6D463838C.e.685/text {}
DEBUG    urllib3.connectionpool:connectionpool.py:544 http://selenium-hub:4444 "GET /wd/hub/session/3113c0127527982047c2c0cbec19f22b/element/f.98D246DDA407406B6F8C3DBE00D42F41.d.348253207A90A264C8DB5FA6D463838C.e.685/text HTTP/1.1" 200 0
DEBUG    selenium.webdriver.remote.remote_connection:remote_connection.py:329 Remote response: status=200 | data={"value":"API E2E 1778180905"} | headers=HTTPHeaderDict({'content-length': '30', 'content-type': 'application/json; charset=utf-8', 'cache-control': 'no-cache'})
DEBUG    selenium.webdriver.remote.remote_connection:remote_connection.py:356 Finished Request
DEBUG    selenium.webdriver.remote.remote_connection:remote_connection.py:313 POST http://selenium-hub:4444/wd/hub/session/3113c0127527982047c2c0cbec19f22b/element/f.98D246DDA407406B6F8C3DBE00D42F41.d.348253207A90A264C8DB5FA6D463838C.e.503/element {"using": "css selector", "value": "div[data-testid='note-card-title']"}
DEBUG    urllib3.connectionpool:connectionpool.py:544 http://selenium-hub:4444 "POST /wd/hub/session/3113c0127527982047c2c0cbec19f22b/element/f.98D246DDA407406B6F8C3DBE00D42F41.d.348253207A90A264C8DB5FA6D463838C.e.503/element HTTP/1.1" 200 0
DEBUG    selenium.webdriver.remote.remote_connection:remote_connection.py:329 Remote response: status=200 | data={"value":{"element-6066-11e4-a52e-4f735466cecf":"f.98D246DDA407406B6F8C3DBE00D42F41.d.348253207A90A264C8DB5FA6D463838C.e.686"}} | headers=HTTPHeaderDict({'content-length': '127', 'content-type': 'application/json; charset=utf-8', 'cache-control': 'no-cache'})
DEBUG    selenium.webdriver.remote.remote_connection:remote_connection.py:356 Finished Request
DEBUG    selenium.webdriver.remote.remote_connection:remote_connection.py:313 GET http://selenium-hub:4444/wd/hub/session/3113c0127527982047c2c0cbec19f22b/element/f.98D246DDA407406B6F8C3DBE00D42F41.d.348253207A90A264C8DB5FA6D463838C.e.686/text {}
DEBUG    urllib3.connectionpool:connectionpool.py:544 http://selenium-hub:4444 "GET /wd/hub/session/3113c0127527982047c2c0cbec19f22b/element/f.98D246DDA407406B6F8C3DBE00D42F41.d.348253207A90A264C8DB5FA6D463838C.e.686/text HTTP/1.1" 200 0
DEBUG    selenium.webdriver.remote.remote_connection:remote_connection.py:329 Remote response: status=200 | data={"value":"E2E Title"} | headers=HTTPHeaderDict({'content-length': '21', 'content-type': 'application/json; charset=utf-8', 'cache-control': 'no-cache'})
DEBUG    selenium.webdriver.remote.remote_connection:remote_connection.py:356 Finished Request
DEBUG    selenium.webdriver.remote.remote_connection:remote_connection.py:313 POST http://selenium-hub:4444/wd/hub/session/3113c0127527982047c2c0cbec19f22b/element/f.98D246DDA407406B6F8C3DBE00D42F41.d.348253207A90A264C8DB5FA6D463838C.e.504/element {"using": "css selector", "value": "div[data-testid='note-card-title']"}
DEBUG    urllib3.connectionpool:connectionpool.py:544 http://selenium-hub:4444 "POST /wd/hub/session/3113c0127527982047c2c0cbec19f22b/element/f.98D246DDA407406B6F8C3DBE00D42F41.d.348253207A90A264C8DB5FA6D463838C.e.504/element HTTP/1.1" 200 0
DEBUG    selenium.webdriver.remote.remote_connection:remote_connection.py:329 Remote response: status=200 | data={"value":{"element-6066-11e4-a52e-4f735466cecf":"f.98D246DDA407406B6F8C3DBE00D42F41.d.348253207A90A264C8DB5FA6D463838C.e.687"}} | headers=HTTPHeaderDict({'content-length': '127', 'content-type': 'application/json; charset=utf-8', 'cache-control': 'no-cache'})
DEBUG    selenium.webdriver.remote.remote_connection:remote_connection.py:356 Finished Request
DEBUG    selenium.webdriver.remote.remote_connection:remote_connection.py:313 GET http://selenium-hub:4444/wd/hub/session/3113c0127527982047c2c0cbec19f22b/element/f.98D246DDA407406B6F8C3DBE00D42F41.d.348253207A90A264C8DB5FA6D463838C.e.687/text {}
DEBUG    urllib3.connectionpool:connectionpool.py:544 http://selenium-hub:4444 "GET /wd/hub/session/3113c0127527982047c2c0cbec19f22b/element/f.98D246DDA407406B6F8C3DBE00D42F41.d.348253207A90A264C8DB5FA6D463838C.e.687/text HTTP/1.1" 200 0
DEBUG    selenium.webdriver.remote.remote_connection:remote_connection.py:329 Remote response: status=200 | data={"value":"UI Test"} | headers=HTTPHeaderDict({'content-length': '19', 'content-type': 'application/json; charset=utf-8', 'cache-control': 'no-cache'})
DEBUG    selenium.webdriver.remote.remote_connection:remote_connection.py:356 Finished Request
DEBUG    selenium.webdriver.remote.remote_connection:remote_connection.py:313 POST http://selenium-hub:4444/wd/hub/session/3113c0127527982047c2c0cbec19f22b/element/f.98D246DDA407406B6F8C3DBE00D42F41.d.348253207A90A264C8DB5FA6D463838C.e.505/element {"using": "css selector", "value": "div[data-testid='note-card-title']"}
DEBUG    urllib3.connectionpool:connectionpool.py:544 http://selenium-hub:4444 "POST /wd/hub/session/3113c0127527982047c2c0cbec19f22b/element/f.98D246DDA407406B6F8C3DBE00D42F41.d.348253207A90A264C8DB5FA6D463838C.e.505/element HTTP/1.1" 200 0
DEBUG    selenium.webdriver.remote.remote_connection:remote_connection.py:329 Remote response: status=200 | data={"value":{"element-6066-11e4-a52e-4f735466cecf":"f.98D246DDA407406B6F8C3DBE00D42F41.d.348253207A90A264C8DB5FA6D463838C.e.688"}} | headers=HTTPHeaderDict({'content-length': '127', 'content-type': 'application/json; charset=utf-8', 'cache-control': 'no-cache'})
DEBUG    selenium.webdriver.remote.remote_connection:remote_connection.py:356 Finished Request
DEBUG    selenium.webdriver.remote.remote_connection:remote_connection.py:313 GET http://selenium-hub:4444/wd/hub/session/3113c0127527982047c2c0cbec19f22b/element/f.98D246DDA407406B6F8C3DBE00D42F41.d.348253207A90A264C8DB5FA6D463838C.e.688/text {}
DEBUG    urllib3.connectionpool:connectionpool.py:544 http://selenium-hub:4444 "GET /wd/hub/session/3113c0127527982047c2c0cbec19f22b/element/f.98D246DDA407406B6F8C3DBE00D42F41.d.348253207A90A264C8DB5FA6D463838C.e.688/text HTTP/1.1" 200 0
DEBUG    selenium.webdriver.remote.remote_connection:remote_connection.py:329 Remote response: status=200 | data={"value":"Delete Test 1778179836"} | headers=HTTPHeaderDict({'content-length': '34', 'content-type': 'application/json; charset=utf-8', 'cache-control': 'no-cache'})
DEBUG    selenium.webdriver.remote.remote_connection:remote_connection.py:356 Finished Request
DEBUG    selenium.webdriver.remote.remote_connection:remote_connection.py:313 POST http://selenium-hub:4444/wd/hub/session/3113c0127527982047c2c0cbec19f22b/element/f.98D246DDA407406B6F8C3DBE00D42F41.d.348253207A90A264C8DB5FA6D463838C.e.506/element {"using": "css selector", "value": "div[data-testid='note-card-title']"}
DEBUG    urllib3.connectionpool:connectionpool.py:544 http://selenium-hub:4444 "POST /wd/hub/session/3113c0127527982047c2c0cbec19f22b/element/f.98D246DDA407406B6F8C3DBE00D42F41.d.348253207A90A264C8DB5FA6D463838C.e.506/element HTTP/1.1" 200 0
DEBUG    selenium.webdriver.remote.remote_connection:remote_connection.py:329 Remote response: status=200 | data={"value":{"element-6066-11e4-a52e-4f735466cecf":"f.98D246DDA407406B6F8C3DBE00D42F41.d.348253207A90A264C8DB5FA6D463838C.e.689"}} | headers=HTTPHeaderDict({'content-length': '127', 'content-type': 'application/json; charset=utf-8', 'cache-control': 'no-cache'})
DEBUG    selenium.webdriver.remote.remote_connection:remote_connection.py:356 Finished Request
DEBUG    selenium.webdriver.remote.remote_connection:remote_connection.py:313 GET http://selenium-hub:4444/wd/hub/session/3113c0127527982047c2c0cbec19f22b/element/f.98D246DDA407406B6F8C3DBE00D42F41.d.348253207A90A264C8DB5FA6D463838C.e.689/text {}
DEBUG    urllib3.connectionpool:connectionpool.py:544 http://selenium-hub:4444 "GET /wd/hub/session/3113c0127527982047c2c0cbec19f22b/element/f.98D246DDA407406B6F8C3DBE00D42F41.d.348253207A90A264C8DB5FA6D463838C.e.689/text HTTP/1.1" 200 0
DEBUG    selenium.webdriver.remote.remote_connection:remote_connection.py:329 Remote response: status=200 | data={"value":"Delete Test 1778179816"} | headers=HTTPHeaderDict({'content-length': '34', 'content-type': 'application/json; charset=utf-8', 'cache-control': 'no-cache'})
DEBUG    selenium.webdriver.remote.remote_connection:remote_connection.py:356 Finished Request
DEBUG    selenium.webdriver.remote.remote_connection:remote_connection.py:313 POST http://selenium-hub:4444/wd/hub/session/3113c0127527982047c2c0cbec19f22b/element/f.98D246DDA407406B6F8C3DBE00D42F41.d.348253207A90A264C8DB5FA6D463838C.e.507/element {"using": "css selector", "value": "div[data-testid='note-card-title']"}
DEBUG    urllib3.connectionpool:connectionpool.py:544 http://selenium-hub:4444 "POST /wd/hub/session/3113c0127527982047c2c0cbec19f22b/element/f.98D246DDA407406B6F8C3DBE00D42F41.d.348253207A90A264C8DB5FA6D463838C.e.507/element HTTP/1.1" 200 0
DEBUG    selenium.webdriver.remote.remote_connection:remote_connection.py:329 Remote response: status=200 | data={"value":{"element-6066-11e4-a52e-4f735466cecf":"f.98D246DDA407406B6F8C3DBE00D42F41.d.348253207A90A264C8DB5FA6D463838C.e.690"}} | headers=HTTPHeaderDict({'content-length': '127', 'content-type': 'application/json; charset=utf-8', 'cache-control': 'no-cache'})
DEBUG    selenium.webdriver.remote.remote_connection:remote_connection.py:356 Finished Request
DEBUG    selenium.webdriver.remote.remote_connection:remote_connection.py:313 GET http://selenium-hub:4444/wd/hub/session/3113c0127527982047c2c0cbec19f22b/element/f.98D246DDA407406B6F8C3DBE00D42F41.d.348253207A90A264C8DB5FA6D463838C.e.690/text {}
DEBUG    urllib3.connectionpool:connectionpool.py:544 http://selenium-hub:4444 "GET /wd/hub/session/3113c0127527982047c2c0cbec19f22b/element/f.98D246DDA407406B6F8C3DBE00D42F41.d.348253207A90A264C8DB5FA6D463838C.e.690/text HTTP/1.1" 200 0
DEBUG    selenium.webdriver.remote.remote_connection:remote_connection.py:329 Remote response: status=200 | data={"value":"Delete Note 1778179816"} | headers=HTTPHeaderDict({'content-length': '34', 'content-type': 'application/json; charset=utf-8', 'cache-control': 'no-cache'})
DEBUG    selenium.webdriver.remote.remote_connection:remote_connection.py:356 Finished Request
DEBUG    selenium.webdriver.remote.remote_connection:remote_connection.py:313 POST http://selenium-hub:4444/wd/hub/session/3113c0127527982047c2c0cbec19f22b/element/f.98D246DDA407406B6F8C3DBE00D42F41.d.348253207A90A264C8DB5FA6D463838C.e.508/element {"using": "css selector", "value": "div[data-testid='note-card-title']"}
DEBUG    urllib3.connectionpool:connectionpool.py:544 http://selenium-hub:4444 "POST /wd/hub/session/3113c0127527982047c2c0cbec19f22b/element/f.98D246DDA407406B6F8C3DBE00D42F41.d.348253207A90A264C8DB5FA6D463838C.e.508/element HTTP/1.1" 200 0
DEBUG    selenium.webdriver.remote.remote_connection:remote_connection.py:329 Remote response: status=200 | data={"value":{"element-6066-11e4-a52e-4f735466cecf":"f.98D246DDA407406B6F8C3DBE00D42F41.d.348253207A90A264C8DB5FA6D463838C.e.691"}} | headers=HTTPHeaderDict({'content-length': '127', 'content-type': 'application/json; charset=utf-8', 'cache-control': 'no-cache'})
DEBUG    selenium.webdriver.remote.remote_connection:remote_connection.py:356 Finished Request
DEBUG    selenium.webdriver.remote.remote_connection:remote_connection.py:313 GET http://selenium-hub:4444/wd/hub/session/3113c0127527982047c2c0cbec19f22b/element/f.98D246DDA407406B6F8C3DBE00D42F41.d.348253207A90A264C8DB5FA6D463838C.e.691/text {}
DEBUG    urllib3.connectionpool:connectionpool.py:544 http://selenium-hub:4444 "GET /wd/hub/session/3113c0127527982047c2c0cbec19f22b/element/f.98D246DDA407406B6F8C3DBE00D42F41.d.348253207A90A264C8DB5FA6D463838C.e.691/text HTTP/1.1" 200 0
DEBUG    selenium.webdriver.remote.remote_connection:remote_connection.py:329 Remote response: status=200 | data={"value":"Delete Note 1778179796"} | headers=HTTPHeaderDict({'content-length': '34', 'content-type': 'application/json; charset=utf-8', 'cache-control': 'no-cache'})
DEBUG    selenium.webdriver.remote.remote_connection:remote_connection.py:356 Finished Request
DEBUG    selenium.webdriver.remote.remote_connection:remote_connection.py:313 POST http://selenium-hub:4444/wd/hub/session/3113c0127527982047c2c0cbec19f22b/element/f.98D246DDA407406B6F8C3DBE00D42F41.d.348253207A90A264C8DB5FA6D463838C.e.509/element {"using": "css selector", "value": "div[data-testid='note-card-title']"}
DEBUG    urllib3.connectionpool:connectionpool.py:544 http://selenium-hub:4444 "POST /wd/hub/session/3113c0127527982047c2c0cbec19f22b/element/f.98D246DDA407406B6F8C3DBE00D42F41.d.348253207A90A264C8DB5FA6D463838C.e.509/element HTTP/1.1" 200 0
DEBUG    selenium.webdriver.remote.remote_connection:remote_connection.py:329 Remote response: status=200 | data={"value":{"element-6066-11e4-a52e-4f735466cecf":"f.98D246DDA407406B6F8C3DBE00D42F41.d.348253207A90A264C8DB5FA6D463838C.e.692"}} | headers=HTTPHeaderDict({'content-length': '127', 'content-type': 'application/json; charset=utf-8', 'cache-control': 'no-cache'})
DEBUG    selenium.webdriver.remote.remote_connection:remote_connection.py:356 Finished Request
DEBUG    selenium.webdriver.remote.remote_connection:remote_connection.py:313 GET http://selenium-hub:4444/wd/hub/session/3113c0127527982047c2c0cbec19f22b/element/f.98D246DDA407406B6F8C3DBE00D42F41.d.348253207A90A264C8DB5FA6D463838C.e.692/text {}
DEBUG    urllib3.connectionpool:connectionpool.py:544 http://selenium-hub:4444 "GET /wd/hub/session/3113c0127527982047c2c0cbec19f22b/element/f.98D246DDA407406B6F8C3DBE00D42F41.d.348253207A90A264C8DB5FA6D463838C.e.692/text HTTP/1.1" 200 0
DEBUG    selenium.webdriver.remote.remote_connection:remote_connection.py:329 Remote response: status=200 | data={"value":"API E2E 1778179788"} | headers=HTTPHeaderDict({'content-length': '30', 'content-type': 'application/json; charset=utf-8', 'cache-control': 'no-cache'})
DEBUG    selenium.webdriver.remote.remote_connection:remote_connection.py:356 Finished Request
DEBUG    selenium.webdriver.remote.remote_connection:remote_connection.py:313 POST http://selenium-hub:4444/wd/hub/session/3113c0127527982047c2c0cbec19f22b/element/f.98D246DDA407406B6F8C3DBE00D42F41.d.348253207A90A264C8DB5FA6D463838C.e.510/element {"using": "css selector", "value": "div[data-testid='note-card-title']"}
DEBUG    urllib3.connectionpool:connectionpool.py:544 http://selenium-hub:4444 "POST /wd/hub/session/3113c0127527982047c2c0cbec19f22b/element/f.98D246DDA407406B6F8C3DBE00D42F41.d.348253207A90A264C8DB5FA6D463838C.e.510/element HTTP/1.1" 200 0
DEBUG    selenium.webdriver.remote.remote_connection:remote_connection.py:329 Remote response: status=200 | data={"value":{"element-6066-11e4-a52e-4f735466cecf":"f.98D246DDA407406B6F8C3DBE00D42F41.d.348253207A90A264C8DB5FA6D463838C.e.693"}} | headers=HTTPHeaderDict({'content-length': '127', 'content-type': 'application/json; charset=utf-8', 'cache-control': 'no-cache'})
DEBUG    selenium.webdriver.remote.remote_connection:remote_connection.py:356 Finished Request
DEBUG    selenium.webdriver.remote.remote_connection:remote_connection.py:313 GET http://selenium-hub:4444/wd/hub/session/3113c0127527982047c2c0cbec19f22b/element/f.98D246DDA407406B6F8C3DBE00D42F41.d.348253207A90A264C8DB5FA6D463838C.e.693/text {}
DEBUG    urllib3.connectionpool:connectionpool.py:544 http://selenium-hub:4444 "GET /wd/hub/session/3113c0127527982047c2c0cbec19f22b/element/f.98D246DDA407406B6F8C3DBE00D42F41.d.348253207A90A264C8DB5FA6D463838C.e.693/text HTTP/1.1" 200 0
DEBUG    selenium.webdriver.remote.remote_connection:remote_connection.py:329 Remote response: status=200 | data={"value":"E2E Title"} | headers=HTTPHeaderDict({'content-length': '21', 'content-type': 'application/json; charset=utf-8', 'cache-control': 'no-cache'})
DEBUG    selenium.webdriver.remote.remote_connection:remote_connection.py:356 Finished Request
DEBUG    selenium.webdriver.remote.remote_connection:remote_connection.py:313 POST http://selenium-hub:4444/wd/hub/session/3113c0127527982047c2c0cbec19f22b/element/f.98D246DDA407406B6F8C3DBE00D42F41.d.348253207A90A264C8DB5FA6D463838C.e.511/element {"using": "css selector", "value": "div[data-testid='note-card-title']"}
DEBUG    urllib3.connectionpool:connectionpool.py:544 http://selenium-hub:4444 "POST /wd/hub/session/3113c0127527982047c2c0cbec19f22b/element/f.98D246DDA407406B6F8C3DBE00D42F41.d.348253207A90A264C8DB5FA6D463838C.e.511/element HTTP/1.1" 200 0
DEBUG    selenium.webdriver.remote.remote_connection:remote_connection.py:329 Remote response: status=200 | data={"value":{"element-6066-11e4-a52e-4f735466cecf":"f.98D246DDA407406B6F8C3DBE00D42F41.d.348253207A90A264C8DB5FA6D463838C.e.694"}} | headers=HTTPHeaderDict({'content-length': '127', 'content-type': 'application/json; charset=utf-8', 'cache-control': 'no-cache'})
DEBUG    selenium.webdriver.remote.remote_connection:remote_connection.py:356 Finished Request
DEBUG    selenium.webdriver.remote.remote_connection:remote_connection.py:313 GET http://selenium-hub:4444/wd/hub/session/3113c0127527982047c2c0cbec19f22b/element/f.98D246DDA407406B6F8C3DBE00D42F41.d.348253207A90A264C8DB5FA6D463838C.e.694/text {}
DEBUG    urllib3.connectionpool:connectionpool.py:544 http://selenium-hub:4444 "GET /wd/hub/session/3113c0127527982047c2c0cbec19f22b/element/f.98D246DDA407406B6F8C3DBE00D42F41.d.348253207A90A264C8DB5FA6D463838C.e.694/text HTTP/1.1" 200 0
DEBUG    selenium.webdriver.remote.remote_connection:remote_connection.py:329 Remote response: status=200 | data={"value":"UI Test"} | headers=HTTPHeaderDict({'content-length': '19', 'content-type': 'application/json; charset=utf-8', 'cache-control': 'no-cache'})
DEBUG    selenium.webdriver.remote.remote_connection:remote_connection.py:356 Finished Request
DEBUG    selenium.webdriver.remote.remote_connection:remote_connection.py:313 POST http://selenium-hub:4444/wd/hub/session/3113c0127527982047c2c0cbec19f22b/element/f.98D246DDA407406B6F8C3DBE00D42F41.d.348253207A90A264C8DB5FA6D463838C.e.512/element {"using": "css selector", "value": "div[data-testid='note-card-title']"}
DEBUG    urllib3.connectionpool:connectionpool.py:544 http://selenium-hub:4444 "POST /wd/hub/session/3113c0127527982047c2c0cbec19f22b/element/f.98D246DDA407406B6F8C3DBE00D42F41.d.348253207A90A264C8DB5FA6D463838C.e.512/element HTTP/1.1" 200 0
DEBUG    selenium.webdriver.remote.remote_connection:remote_connection.py:329 Remote response: status=200 | data={"value":{"element-6066-11e4-a52e-4f735466cecf":"f.98D246DDA407406B6F8C3DBE00D42F41.d.348253207A90A264C8DB5FA6D463838C.e.695"}} | headers=HTTPHeaderDict({'content-length': '127', 'content-type': 'application/json; charset=utf-8', 'cache-control': 'no-cache'})
DEBUG    selenium.webdriver.remote.remote_connection:remote_connection.py:356 Finished Request
DEBUG    selenium.webdriver.remote.remote_connection:remote_connection.py:313 GET http://selenium-hub:4444/wd/hub/session/3113c0127527982047c2c0cbec19f22b/element/f.98D246DDA407406B6F8C3DBE00D42F41.d.348253207A90A264C8DB5FA6D463838C.e.695/text {}
DEBUG    urllib3.connectionpool:connectionpool.py:544 http://selenium-hub:4444 "GET /wd/hub/session/3113c0127527982047c2c0cbec19f22b/element/f.98D246DDA407406B6F8C3DBE00D42F41.d.348253207A90A264C8DB5FA6D463838C.e.695/text HTTP/1.1" 200 0
DEBUG    selenium.webdriver.remote.remote_connection:remote_connection.py:329 Remote response: status=200 | data={"value":"Delete Test 1778179540"} | headers=HTTPHeaderDict({'content-length': '34', 'content-type': 'application/json; charset=utf-8', 'cache-control': 'no-cache'})
DEBUG    selenium.webdriver.remote.remote_connection:remote_connection.py:356 Finished Request
DEBUG    selenium.webdriver.remote.remote_connection:remote_connection.py:313 POST http://selenium-hub:4444/wd/hub/session/3113c0127527982047c2c0cbec19f22b/element/f.98D246DDA407406B6F8C3DBE00D42F41.d.348253207A90A264C8DB5FA6D463838C.e.513/element {"using": "css selector", "value": "div[data-testid='note-card-title']"}
DEBUG    urllib3.connectionpool:connectionpool.py:544 http://selenium-hub:4444 "POST /wd/hub/session/3113c0127527982047c2c0cbec19f22b/element/f.98D246DDA407406B6F8C3DBE00D42F41.d.348253207A90A264C8DB5FA6D463838C.e.513/element HTTP/1.1" 200 0
DEBUG    selenium.webdriver.remote.remote_connection:remote_connection.py:329 Remote response: status=200 | data={"value":{"element-6066-11e4-a52e-4f735466cecf":"f.98D246DDA407406B6F8C3DBE00D42F41.d.348253207A90A264C8DB5FA6D463838C.e.696"}} | headers=HTTPHeaderDict({'content-length': '127', 'content-type': 'application/json; charset=utf-8', 'cache-control': 'no-cache'})
DEBUG    selenium.webdriver.remote.remote_connection:remote_connection.py:356 Finished Request
DEBUG    selenium.webdriver.remote.remote_connection:remote_connection.py:313 GET http://selenium-hub:4444/wd/hub/session/3113c0127527982047c2c0cbec19f22b/element/f.98D246DDA407406B6F8C3DBE00D42F41.d.348253207A90A264C8DB5FA6D463838C.e.696/text {}
DEBUG    urllib3.connectionpool:connectionpool.py:544 http://selenium-hub:4444 "GET /wd/hub/session/3113c0127527982047c2c0cbec19f22b/element/f.98D246DDA407406B6F8C3DBE00D42F41.d.348253207A90A264C8DB5FA6D463838C.e.696/text HTTP/1.1" 200 0
DEBUG    selenium.webdriver.remote.remote_connection:remote_connection.py:329 Remote response: status=200 | data={"value":"Delete Test 1778179522"} | headers=HTTPHeaderDict({'content-length': '34', 'content-type': 'application/json; charset=utf-8', 'cache-control': 'no-cache'})
DEBUG    selenium.webdriver.remote.remote_connection:remote_connection.py:356 Finished Request
DEBUG    selenium.webdriver.remote.remote_connection:remote_connection.py:313 POST http://selenium-hub:4444/wd/hub/session/3113c0127527982047c2c0cbec19f22b/element/f.98D246DDA407406B6F8C3DBE00D42F41.d.348253207A90A264C8DB5FA6D463838C.e.514/element {"using": "css selector", "value": "div[data-testid='note-card-title']"}
DEBUG    urllib3.connectionpool:connectionpool.py:544 http://selenium-hub:4444 "POST /wd/hub/session/3113c0127527982047c2c0cbec19f22b/element/f.98D246DDA407406B6F8C3DBE00D42F41.d.348253207A90A264C8DB5FA6D463838C.e.514/element HTTP/1.1" 200 0
DEBUG    selenium.webdriver.remote.remote_connection:remote_connection.py:329 Remote response: status=200 | data={"value":{"element-6066-11e4-a52e-4f735466cecf":"f.98D246DDA407406B6F8C3DBE00D42F41.d.348253207A90A264C8DB5FA6D463838C.e.697"}} | headers=HTTPHeaderDict({'content-length': '127', 'content-type': 'application/json; charset=utf-8', 'cache-control': 'no-cache'})
DEBUG    selenium.webdriver.remote.remote_connection:remote_connection.py:356 Finished Request
DEBUG    selenium.webdriver.remote.remote_connection:remote_connection.py:313 GET http://selenium-hub:4444/wd/hub/session/3113c0127527982047c2c0cbec19f22b/element/f.98D246DDA407406B6F8C3DBE00D42F41.d.348253207A90A264C8DB5FA6D463838C.e.697/text {}
DEBUG    urllib3.connectionpool:connectionpool.py:544 http://selenium-hub:4444 "GET /wd/hub/session/3113c0127527982047c2c0cbec19f22b/element/f.98D246DDA407406B6F8C3DBE00D42F41.d.348253207A90A264C8DB5FA6D463838C.e.697/text HTTP/1.1" 200 0
DEBUG    selenium.webdriver.remote.remote_connection:remote_connection.py:329 Remote response: status=200 | data={"value":"Delete Note 1778179503"} | headers=HTTPHeaderDict({'content-length': '34', 'content-type': 'application/json; charset=utf-8', 'cache-control': 'no-cache'})
DEBUG    selenium.webdriver.remote.remote_connection:remote_connection.py:356 Finished Request
DEBUG    selenium.webdriver.remote.remote_connection:remote_connection.py:313 POST http://selenium-hub:4444/wd/hub/session/3113c0127527982047c2c0cbec19f22b/element/f.98D246DDA407406B6F8C3DBE00D42F41.d.348253207A90A264C8DB5FA6D463838C.e.515/element {"using": "css selector", "value": "div[data-testid='note-card-title']"}
DEBUG    urllib3.connectionpool:connectionpool.py:544 http://selenium-hub:4444 "POST /wd/hub/session/3113c0127527982047c2c0cbec19f22b/element/f.98D246DDA407406B6F8C3DBE00D42F41.d.348253207A90A264C8DB5FA6D463838C.e.515/element HTTP/1.1" 200 0
DEBUG    selenium.webdriver.remote.remote_connection:remote_connection.py:329 Remote response: status=200 | data={"value":{"element-6066-11e4-a52e-4f735466cecf":"f.98D246DDA407406B6F8C3DBE00D42F41.d.348253207A90A264C8DB5FA6D463838C.e.698"}} | headers=HTTPHeaderDict({'content-length': '127', 'content-type': 'application/json; charset=utf-8', 'cache-control': 'no-cache'})
DEBUG    selenium.webdriver.remote.remote_connection:remote_connection.py:356 Finished Request
DEBUG    selenium.webdriver.remote.remote_connection:remote_connection.py:313 GET http://selenium-hub:4444/wd/hub/session/3113c0127527982047c2c0cbec19f22b/element/f.98D246DDA407406B6F8C3DBE00D42F41.d.348253207A90A264C8DB5FA6D463838C.e.698/text {}
DEBUG    urllib3.connectionpool:connectionpool.py:544 http://selenium-hub:4444 "GET /wd/hub/session/3113c0127527982047c2c0cbec19f22b/element/f.98D246DDA407406B6F8C3DBE00D42F41.d.348253207A90A264C8DB5FA6D463838C.e.698/text HTTP/1.1" 200 0
DEBUG    selenium.webdriver.remote.remote_connection:remote_connection.py:329 Remote response: status=200 | data={"value":"API E2E 1778179496"} | headers=HTTPHeaderDict({'content-length': '30', 'content-type': 'application/json; charset=utf-8', 'cache-control': 'no-cache'})
DEBUG    selenium.webdriver.remote.remote_connection:remote_connection.py:356 Finished Request
DEBUG    selenium.webdriver.remote.remote_connection:remote_connection.py:313 POST http://selenium-hub:4444/wd/hub/session/3113c0127527982047c2c0cbec19f22b/element/f.98D246DDA407406B6F8C3DBE00D42F41.d.348253207A90A264C8DB5FA6D463838C.e.516/element {"using": "css selector", "value": "div[data-testid='note-card-title']"}
DEBUG    urllib3.connectionpool:connectionpool.py:544 http://selenium-hub:4444 "POST /wd/hub/session/3113c0127527982047c2c0cbec19f22b/element/f.98D246DDA407406B6F8C3DBE00D42F41.d.348253207A90A264C8DB5FA6D463838C.e.516/element HTTP/1.1" 200 0
DEBUG    selenium.webdriver.remote.remote_connection:remote_connection.py:329 Remote response: status=200 | data={"value":{"element-6066-11e4-a52e-4f735466cecf":"f.98D246DDA407406B6F8C3DBE00D42F41.d.348253207A90A264C8DB5FA6D463838C.e.699"}} | headers=HTTPHeaderDict({'content-length': '127', 'content-type': 'application/json; charset=utf-8', 'cache-control': 'no-cache'})
DEBUG    selenium.webdriver.remote.remote_connection:remote_connection.py:356 Finished Request
DEBUG    selenium.webdriver.remote.remote_connection:remote_connection.py:313 GET http://selenium-hub:4444/wd/hub/session/3113c0127527982047c2c0cbec19f22b/element/f.98D246DDA407406B6F8C3DBE00D42F41.d.348253207A90A264C8DB5FA6D463838C.e.699/text {}
DEBUG    urllib3.connectionpool:connectionpool.py:544 http://selenium-hub:4444 "GET /wd/hub/session/3113c0127527982047c2c0cbec19f22b/element/f.98D246DDA407406B6F8C3DBE00D42F41.d.348253207A90A264C8DB5FA6D463838C.e.699/text HTTP/1.1" 200 0
DEBUG    selenium.webdriver.remote.remote_connection:remote_connection.py:329 Remote response: status=200 | data={"value":"API E2E 1778175347"} | headers=HTTPHeaderDict({'content-length': '30', 'content-type': 'application/json; charset=utf-8', 'cache-control': 'no-cache'})
DEBUG    selenium.webdriver.remote.remote_connection:remote_connection.py:356 Finished Request
DEBUG    selenium.webdriver.remote.remote_connection:remote_connection.py:313 POST http://selenium-hub:4444/wd/hub/session/3113c0127527982047c2c0cbec19f22b/element/f.98D246DDA407406B6F8C3DBE00D42F41.d.348253207A90A264C8DB5FA6D463838C.e.517/element {"using": "css selector", "value": "div[data-testid='note-card-title']"}
DEBUG    urllib3.connectionpool:connectionpool.py:544 http://selenium-hub:4444 "POST /wd/hub/session/3113c0127527982047c2c0cbec19f22b/element/f.98D246DDA407406B6F8C3DBE00D42F41.d.348253207A90A264C8DB5FA6D463838C.e.517/element HTTP/1.1" 200 0
DEBUG    selenium.webdriver.remote.remote_connection:remote_connection.py:329 Remote response: status=200 | data={"value":{"element-6066-11e4-a52e-4f735466cecf":"f.98D246DDA407406B6F8C3DBE00D42F41.d.348253207A90A264C8DB5FA6D463838C.e.700"}} | headers=HTTPHeaderDict({'content-length': '127', 'content-type': 'application/json; charset=utf-8', 'cache-control': 'no-cache'})
DEBUG    selenium.webdriver.remote.remote_connection:remote_connection.py:356 Finished Request
DEBUG    selenium.webdriver.remote.remote_connection:remote_connection.py:313 GET http://selenium-hub:4444/wd/hub/session/3113c0127527982047c2c0cbec19f22b/element/f.98D246DDA407406B6F8C3DBE00D42F41.d.348253207A90A264C8DB5FA6D463838C.e.700/text {}
DEBUG    urllib3.connectionpool:connectionpool.py:544 http://selenium-hub:4444 "GET /wd/hub/session/3113c0127527982047c2c0cbec19f22b/element/f.98D246DDA407406B6F8C3DBE00D42F41.d.348253207A90A264C8DB5FA6D463838C.e.700/text HTTP/1.1" 200 0
DEBUG    selenium.webdriver.remote.remote_connection:remote_connection.py:329 Remote response: status=200 | data={"value":"API E2E 1778175313"} | headers=HTTPHeaderDict({'content-length': '30', 'content-type': 'application/json; charset=utf-8', 'cache-control': 'no-cache'})
DEBUG    selenium.webdriver.remote.remote_connection:remote_connection.py:356 Finished Request
DEBUG    selenium.webdriver.remote.remote_connection:remote_connection.py:313 POST http://selenium-hub:4444/wd/hub/session/3113c0127527982047c2c0cbec19f22b/element/f.98D246DDA407406B6F8C3DBE00D42F41.d.348253207A90A264C8DB5FA6D463838C.e.518/element {"using": "css selector", "value": "div[data-testid='note-card-title']"}
DEBUG    urllib3.connectionpool:connectionpool.py:544 http://selenium-hub:4444 "POST /wd/hub/session/3113c0127527982047c2c0cbec19f22b/element/f.98D246DDA407406B6F8C3DBE00D42F41.d.348253207A90A264C8DB5FA6D463838C.e.518/element HTTP/1.1" 200 0
DEBUG    selenium.webdriver.remote.remote_connection:remote_connection.py:329 Remote response: status=200 | data={"value":{"element-6066-11e4-a52e-4f735466cecf":"f.98D246DDA407406B6F8C3DBE00D42F41.d.348253207A90A264C8DB5FA6D463838C.e.701"}} | headers=HTTPHeaderDict({'content-length': '127', 'content-type': 'application/json; charset=utf-8', 'cache-control': 'no-cache'})
DEBUG    selenium.webdriver.remote.remote_connection:remote_connection.py:356 Finished Request
DEBUG    selenium.webdriver.remote.remote_connection:remote_connection.py:313 GET http://selenium-hub:4444/wd/hub/session/3113c0127527982047c2c0cbec19f22b/element/f.98D246DDA407406B6F8C3DBE00D42F41.d.348253207A90A264C8DB5FA6D463838C.e.701/text {}
DEBUG    urllib3.connectionpool:connectionpool.py:544 http://selenium-hub:4444 "GET /wd/hub/session/3113c0127527982047c2c0cbec19f22b/element/f.98D246DDA407406B6F8C3DBE00D42F41.d.348253207A90A264C8DB5FA6D463838C.e.701/text HTTP/1.1" 200 0
DEBUG    selenium.webdriver.remote.remote_connection:remote_connection.py:329 Remote response: status=200 | data={"value":"API E2E 1778175279"} | headers=HTTPHeaderDict({'content-length': '30', 'content-type': 'application/json; charset=utf-8', 'cache-control': 'no-cache'})
DEBUG    selenium.webdriver.remote.remote_connection:remote_connection.py:356 Finished Request
DEBUG    selenium.webdriver.remote.remote_connection:remote_connection.py:313 POST http://selenium-hub:4444/wd/hub/session/3113c0127527982047c2c0cbec19f22b/element/f.98D246DDA407406B6F8C3DBE00D42F41.d.348253207A90A264C8DB5FA6D463838C.e.519/element {"using": "css selector", "value": "div[data-testid='note-card-title']"}
DEBUG    urllib3.connectionpool:connectionpool.py:544 http://selenium-hub:4444 "POST /wd/hub/session/3113c0127527982047c2c0cbec19f22b/element/f.98D246DDA407406B6F8C3DBE00D42F41.d.348253207A90A264C8DB5FA6D463838C.e.519/element HTTP/1.1" 200 0
DEBUG    selenium.webdriver.remote.remote_connection:remote_connection.py:329 Remote response: status=200 | data={"value":{"element-6066-11e4-a52e-4f735466cecf":"f.98D246DDA407406B6F8C3DBE00D42F41.d.348253207A90A264C8DB5FA6D463838C.e.702"}} | headers=HTTPHeaderDict({'content-length': '127', 'content-type': 'application/json; charset=utf-8', 'cache-control': 'no-cache'})
DEBUG    selenium.webdriver.remote.remote_connection:remote_connection.py:356 Finished Request
DEBUG    selenium.webdriver.remote.remote_connection:remote_connection.py:313 GET http://selenium-hub:4444/wd/hub/session/3113c0127527982047c2c0cbec19f22b/element/f.98D246DDA407406B6F8C3DBE00D42F41.d.348253207A90A264C8DB5FA6D463838C.e.702/text {}
DEBUG    urllib3.connectionpool:connectionpool.py:544 http://selenium-hub:4444 "GET /wd/hub/session/3113c0127527982047c2c0cbec19f22b/element/f.98D246DDA407406B6F8C3DBE00D42F41.d.348253207A90A264C8DB5FA6D463838C.e.702/text HTTP/1.1" 200 0
DEBUG    selenium.webdriver.remote.remote_connection:remote_connection.py:329 Remote response: status=200 | data={"value":"API E2E 1778174733"} | headers=HTTPHeaderDict({'content-length': '30', 'content-type': 'application/json; charset=utf-8', 'cache-control': 'no-cache'})
DEBUG    selenium.webdriver.remote.remote_connection:remote_connection.py:356 Finished Request
DEBUG    selenium.webdriver.remote.remote_connection:remote_connection.py:313 POST http://selenium-hub:4444/wd/hub/session/3113c0127527982047c2c0cbec19f22b/element/f.98D246DDA407406B6F8C3DBE00D42F41.d.348253207A90A264C8DB5FA6D463838C.e.520/element {"using": "css selector", "value": "div[data-testid='note-card-title']"}
DEBUG    urllib3.connectionpool:connectionpool.py:544 http://selenium-hub:4444 "POST /wd/hub/session/3113c0127527982047c2c0cbec19f22b/element/f.98D246DDA407406B6F8C3DBE00D42F41.d.348253207A90A264C8DB5FA6D463838C.e.520/element HTTP/1.1" 200 0
DEBUG    selenium.webdriver.remote.remote_connection:remote_connection.py:329 Remote response: status=200 | data={"value":{"element-6066-11e4-a52e-4f735466cecf":"f.98D246DDA407406B6F8C3DBE00D42F41.d.348253207A90A264C8DB5FA6D463838C.e.703"}} | headers=HTTPHeaderDict({'content-length': '127', 'content-type': 'application/json; charset=utf-8', 'cache-control': 'no-cache'})
DEBUG    selenium.webdriver.remote.remote_connection:remote_connection.py:356 Finished Request
DEBUG    selenium.webdriver.remote.remote_connection:remote_connection.py:313 GET http://selenium-hub:4444/wd/hub/session/3113c0127527982047c2c0cbec19f22b/element/f.98D246DDA407406B6F8C3DBE00D42F41.d.348253207A90A264C8DB5FA6D463838C.e.703/text {}
DEBUG    urllib3.connectionpool:connectionpool.py:544 http://selenium-hub:4444 "GET /wd/hub/session/3113c0127527982047c2c0cbec19f22b/element/f.98D246DDA407406B6F8C3DBE00D42F41.d.348253207A90A264C8DB5FA6D463838C.e.703/text HTTP/1.1" 200 0
DEBUG    selenium.webdriver.remote.remote_connection:remote_connection.py:329 Remote response: status=200 | data={"value":"API E2E 1778174144"} | headers=HTTPHeaderDict({'content-length': '30', 'content-type': 'application/json; charset=utf-8', 'cache-control': 'no-cache'})
DEBUG    selenium.webdriver.remote.remote_connection:remote_connection.py:356 Finished Request
DEBUG    selenium.webdriver.remote.remote_connection:remote_connection.py:313 POST http://selenium-hub:4444/wd/hub/session/3113c0127527982047c2c0cbec19f22b/element/f.98D246DDA407406B6F8C3DBE00D42F41.d.348253207A90A264C8DB5FA6D463838C.e.521/element {"using": "css selector", "value": "div[data-testid='note-card-title']"}
DEBUG    urllib3.connectionpool:connectionpool.py:544 http://selenium-hub:4444 "POST /wd/hub/session/3113c0127527982047c2c0cbec19f22b/element/f.98D246DDA407406B6F8C3DBE00D42F41.d.348253207A90A264C8DB5FA6D463838C.e.521/element HTTP/1.1" 200 0
DEBUG    selenium.webdriver.remote.remote_connection:remote_connection.py:329 Remote response: status=200 | data={"value":{"element-6066-11e4-a52e-4f735466cecf":"f.98D246DDA407406B6F8C3DBE00D42F41.d.348253207A90A264C8DB5FA6D463838C.e.704"}} | headers=HTTPHeaderDict({'content-length': '127', 'content-type': 'application/json; charset=utf-8', 'cache-control': 'no-cache'})
DEBUG    selenium.webdriver.remote.remote_connection:remote_connection.py:356 Finished Request
DEBUG    selenium.webdriver.remote.remote_connection:remote_connection.py:313 GET http://selenium-hub:4444/wd/hub/session/3113c0127527982047c2c0cbec19f22b/element/f.98D246DDA407406B6F8C3DBE00D42F41.d.348253207A90A264C8DB5FA6D463838C.e.704/text {}
DEBUG    urllib3.connectionpool:connectionpool.py:544 http://selenium-hub:4444 "GET /wd/hub/session/3113c0127527982047c2c0cbec19f22b/element/f.98D246DDA407406B6F8C3DBE00D42F41.d.348253207A90A264C8DB5FA6D463838C.e.704/text HTTP/1.1" 200 0
DEBUG    selenium.webdriver.remote.remote_connection:remote_connection.py:329 Remote response: status=200 | data={"value":"API E2E 1778174091"} | headers=HTTPHeaderDict({'content-length': '30', 'content-type': 'application/json; charset=utf-8', 'cache-control': 'no-cache'})
DEBUG    selenium.webdriver.remote.remote_connection:remote_connection.py:356 Finished Request
DEBUG    selenium.webdriver.remote.remote_connection:remote_connection.py:313 POST http://selenium-hub:4444/wd/hub/session/3113c0127527982047c2c0cbec19f22b/element/f.98D246DDA407406B6F8C3DBE00D42F41.d.348253207A90A264C8DB5FA6D463838C.e.522/element {"using": "css selector", "value": "div[data-testid='note-card-title']"}
DEBUG    urllib3.connectionpool:connectionpool.py:544 http://selenium-hub:4444 "POST /wd/hub/session/3113c0127527982047c2c0cbec19f22b/element/f.98D246DDA407406B6F8C3DBE00D42F41.d.348253207A90A264C8DB5FA6D463838C.e.522/element HTTP/1.1" 200 0
DEBUG    selenium.webdriver.remote.remote_connection:remote_connection.py:329 Remote response: status=200 | data={"value":{"element-6066-11e4-a52e-4f735466cecf":"f.98D246DDA407406B6F8C3DBE00D42F41.d.348253207A90A264C8DB5FA6D463838C.e.705"}} | headers=HTTPHeaderDict({'content-length': '127', 'content-type': 'application/json; charset=utf-8', 'cache-control': 'no-cache'})
DEBUG    selenium.webdriver.remote.remote_connection:remote_connection.py:356 Finished Request
DEBUG    selenium.webdriver.remote.remote_connection:remote_connection.py:313 GET http://selenium-hub:4444/wd/hub/session/3113c0127527982047c2c0cbec19f22b/element/f.98D246DDA407406B6F8C3DBE00D42F41.d.348253207A90A264C8DB5FA6D463838C.e.705/text {}
DEBUG    urllib3.connectionpool:connectionpool.py:544 http://selenium-hub:4444 "GET /wd/hub/session/3113c0127527982047c2c0cbec19f22b/element/f.98D246DDA407406B6F8C3DBE00D42F41.d.348253207A90A264C8DB5FA6D463838C.e.705/text HTTP/1.1" 200 0
DEBUG    selenium.webdriver.remote.remote_connection:remote_connection.py:329 Remote response: status=200 | data={"value":"API E2E 1778174043"} | headers=HTTPHeaderDict({'content-length': '30', 'content-type': 'application/json; charset=utf-8', 'cache-control': 'no-cache'})
DEBUG    selenium.webdriver.remote.remote_connection:remote_connection.py:356 Finished Request
DEBUG    selenium.webdriver.remote.remote_connection:remote_connection.py:313 POST http://selenium-hub:4444/wd/hub/session/3113c0127527982047c2c0cbec19f22b/element/f.98D246DDA407406B6F8C3DBE00D42F41.d.348253207A90A264C8DB5FA6D463838C.e.523/element {"using": "css selector", "value": "div[data-testid='note-card-title']"}
DEBUG    urllib3.connectionpool:connectionpool.py:544 http://selenium-hub:4444 "POST /wd/hub/session/3113c0127527982047c2c0cbec19f22b/element/f.98D246DDA407406B6F8C3DBE00D42F41.d.348253207A90A264C8DB5FA6D463838C.e.523/element HTTP/1.1" 200 0
DEBUG    selenium.webdriver.remote.remote_connection:remote_connection.py:329 Remote response: status=200 | data={"value":{"element-6066-11e4-a52e-4f735466cecf":"f.98D246DDA407406B6F8C3DBE00D42F41.d.348253207A90A264C8DB5FA6D463838C.e.706"}} | headers=HTTPHeaderDict({'content-length': '127', 'content-type': 'application/json; charset=utf-8', 'cache-control': 'no-cache'})
DEBUG    selenium.webdriver.remote.remote_connection:remote_connection.py:356 Finished Request
DEBUG    selenium.webdriver.remote.remote_connection:remote_connection.py:313 GET http://selenium-hub:4444/wd/hub/session/3113c0127527982047c2c0cbec19f22b/element/f.98D246DDA407406B6F8C3DBE00D42F41.d.348253207A90A264C8DB5FA6D463838C.e.706/text {}
DEBUG    urllib3.connectionpool:connectionpool.py:544 http://selenium-hub:4444 "GET /wd/hub/session/3113c0127527982047c2c0cbec19f22b/element/f.98D246DDA407406B6F8C3DBE00D42F41.d.348253207A90A264C8DB5FA6D463838C.e.706/text HTTP/1.1" 200 0
DEBUG    selenium.webdriver.remote.remote_connection:remote_connection.py:329 Remote response: status=200 | data={"value":"API E2E 1778173746"} | headers=HTTPHeaderDict({'content-length': '30', 'content-type': 'application/json; charset=utf-8', 'cache-control': 'no-cache'})
DEBUG    selenium.webdriver.remote.remote_connection:remote_connection.py:356 Finished Request
DEBUG    selenium.webdriver.remote.remote_connection:remote_connection.py:313 POST http://selenium-hub:4444/wd/hub/session/3113c0127527982047c2c0cbec19f22b/element/f.98D246DDA407406B6F8C3DBE00D42F41.d.348253207A90A264C8DB5FA6D463838C.e.524/element {"using": "css selector", "value": "div[data-testid='note-card-title']"}
DEBUG    urllib3.connectionpool:connectionpool.py:544 http://selenium-hub:4444 "POST /wd/hub/session/3113c0127527982047c2c0cbec19f22b/element/f.98D246DDA407406B6F8C3DBE00D42F41.d.348253207A90A264C8DB5FA6D463838C.e.524/element HTTP/1.1" 200 0
DEBUG    selenium.webdriver.remote.remote_connection:remote_connection.py:329 Remote response: status=200 | data={"value":{"element-6066-11e4-a52e-4f735466cecf":"f.98D246DDA407406B6F8C3DBE00D42F41.d.348253207A90A264C8DB5FA6D463838C.e.707"}} | headers=HTTPHeaderDict({'content-length': '127', 'content-type': 'application/json; charset=utf-8', 'cache-control': 'no-cache'})
DEBUG    selenium.webdriver.remote.remote_connection:remote_connection.py:356 Finished Request
DEBUG    selenium.webdriver.remote.remote_connection:remote_connection.py:313 GET http://selenium-hub:4444/wd/hub/session/3113c0127527982047c2c0cbec19f22b/element/f.98D246DDA407406B6F8C3DBE00D42F41.d.348253207A90A264C8DB5FA6D463838C.e.707/text {}
DEBUG    urllib3.connectionpool:connectionpool.py:544 http://selenium-hub:4444 "GET /wd/hub/session/3113c0127527982047c2c0cbec19f22b/element/f.98D246DDA407406B6F8C3DBE00D42F41.d.348253207A90A264C8DB5FA6D463838C.e.707/text HTTP/1.1" 200 0
DEBUG    selenium.webdriver.remote.remote_connection:remote_connection.py:329 Remote response: status=200 | data={"value":"API E2E 1778173714"} | headers=HTTPHeaderDict({'content-length': '30', 'content-type': 'application/json; charset=utf-8', 'cache-control': 'no-cache'})
DEBUG    selenium.webdriver.remote.remote_connection:remote_connection.py:356 Finished Request
DEBUG    selenium.webdriver.remote.remote_connection:remote_connection.py:313 POST http://selenium-hub:4444/wd/hub/session/3113c0127527982047c2c0cbec19f22b/element/f.98D246DDA407406B6F8C3DBE00D42F41.d.348253207A90A264C8DB5FA6D463838C.e.525/element {"using": "css selector", "value": "div[data-testid='note-card-title']"}
DEBUG    urllib3.connectionpool:connectionpool.py:544 http://selenium-hub:4444 "POST /wd/hub/session/3113c0127527982047c2c0cbec19f22b/element/f.98D246DDA407406B6F8C3DBE00D42F41.d.348253207A90A264C8DB5FA6D463838C.e.525/element HTTP/1.1" 200 0
DEBUG    selenium.webdriver.remote.remote_connection:remote_connection.py:329 Remote response: status=200 | data={"value":{"element-6066-11e4-a52e-4f735466cecf":"f.98D246DDA407406B6F8C3DBE00D42F41.d.348253207A90A264C8DB5FA6D463838C.e.708"}} | headers=HTTPHeaderDict({'content-length': '127', 'content-type': 'application/json; charset=utf-8', 'cache-control': 'no-cache'})
DEBUG    selenium.webdriver.remote.remote_connection:remote_connection.py:356 Finished Request
DEBUG    selenium.webdriver.remote.remote_connection:remote_connection.py:313 GET http://selenium-hub:4444/wd/hub/session/3113c0127527982047c2c0cbec19f22b/element/f.98D246DDA407406B6F8C3DBE00D42F41.d.348253207A90A264C8DB5FA6D463838C.e.708/text {}
DEBUG    urllib3.connectionpool:connectionpool.py:544 http://selenium-hub:4444 "GET /wd/hub/session/3113c0127527982047c2c0cbec19f22b/element/f.98D246DDA407406B6F8C3DBE00D42F41.d.348253207A90A264C8DB5FA6D463838C.e.708/text HTTP/1.1" 200 0
DEBUG    selenium.webdriver.remote.remote_connection:remote_connection.py:329 Remote response: status=200 | data={"value":"UI Test"} | headers=HTTPHeaderDict({'content-length': '19', 'content-type': 'application/json; charset=utf-8', 'cache-control': 'no-cache'})
DEBUG    selenium.webdriver.remote.remote_connection:remote_connection.py:356 Finished Request
DEBUG    selenium.webdriver.remote.remote_connection:remote_connection.py:313 POST http://selenium-hub:4444/wd/hub/session/3113c0127527982047c2c0cbec19f22b/element/f.98D246DDA407406B6F8C3DBE00D42F41.d.348253207A90A264C8DB5FA6D463838C.e.526/element {"using": "css selector", "value": "div[data-testid='note-card-title']"}
DEBUG    urllib3.connectionpool:connectionpool.py:544 http://selenium-hub:4444 "POST /wd/hub/session/3113c0127527982047c2c0cbec19f22b/element/f.98D246DDA407406B6F8C3DBE00D42F41.d.348253207A90A264C8DB5FA6D463838C.e.526/element HTTP/1.1" 200 0
DEBUG    selenium.webdriver.remote.remote_connection:remote_connection.py:329 Remote response: status=200 | data={"value":{"element-6066-11e4-a52e-4f735466cecf":"f.98D246DDA407406B6F8C3DBE00D42F41.d.348253207A90A264C8DB5FA6D463838C.e.709"}} | headers=HTTPHeaderDict({'content-length': '127', 'content-type': 'application/json; charset=utf-8', 'cache-control': 'no-cache'})
DEBUG    selenium.webdriver.remote.remote_connection:remote_connection.py:356 Finished Request
DEBUG    selenium.webdriver.remote.remote_connection:remote_connection.py:313 GET http://selenium-hub:4444/wd/hub/session/3113c0127527982047c2c0cbec19f22b/element/f.98D246DDA407406B6F8C3DBE00D42F41.d.348253207A90A264C8DB5FA6D463838C.e.709/text {}
DEBUG    urllib3.connectionpool:connectionpool.py:544 http://selenium-hub:4444 "GET /wd/hub/session/3113c0127527982047c2c0cbec19f22b/element/f.98D246DDA407406B6F8C3DBE00D42F41.d.348253207A90A264C8DB5FA6D463838C.e.709/text HTTP/1.1" 200 0
DEBUG    selenium.webdriver.remote.remote_connection:remote_connection.py:329 Remote response: status=200 | data={"value":"API E2E 1778172591"} | headers=HTTPHeaderDict({'content-length': '30', 'content-type': 'application/json; charset=utf-8', 'cache-control': 'no-cache'})
DEBUG    selenium.webdriver.remote.remote_connection:remote_connection.py:356 Finished Request
DEBUG    selenium.webdriver.remote.remote_connection:remote_connection.py:313 POST http://selenium-hub:4444/wd/hub/session/3113c0127527982047c2c0cbec19f22b/element/f.98D246DDA407406B6F8C3DBE00D42F41.d.348253207A90A264C8DB5FA6D463838C.e.527/element {"using": "css selector", "value": "div[data-testid='note-card-title']"}
DEBUG    urllib3.connectionpool:connectionpool.py:544 http://selenium-hub:4444 "POST /wd/hub/session/3113c0127527982047c2c0cbec19f22b/element/f.98D246DDA407406B6F8C3DBE00D42F41.d.348253207A90A264C8DB5FA6D463838C.e.527/element HTTP/1.1" 200 0
DEBUG    selenium.webdriver.remote.remote_connection:remote_connection.py:329 Remote response: status=200 | data={"value":{"element-6066-11e4-a52e-4f735466cecf":"f.98D246DDA407406B6F8C3DBE00D42F41.d.348253207A90A264C8DB5FA6D463838C.e.710"}} | headers=HTTPHeaderDict({'content-length': '127', 'content-type': 'application/json; charset=utf-8', 'cache-control': 'no-cache'})
DEBUG    selenium.webdriver.remote.remote_connection:remote_connection.py:356 Finished Request
DEBUG    selenium.webdriver.remote.remote_connection:remote_connection.py:313 GET http://selenium-hub:4444/wd/hub/session/3113c0127527982047c2c0cbec19f22b/element/f.98D246DDA407406B6F8C3DBE00D42F41.d.348253207A90A264C8DB5FA6D463838C.e.710/text {}
DEBUG    urllib3.connectionpool:connectionpool.py:544 http://selenium-hub:4444 "GET /wd/hub/session/3113c0127527982047c2c0cbec19f22b/element/f.98D246DDA407406B6F8C3DBE00D42F41.d.348253207A90A264C8DB5FA6D463838C.e.710/text HTTP/1.1" 200 0
DEBUG    selenium.webdriver.remote.remote_connection:remote_connection.py:329 Remote response: status=200 | data={"value":"API E2E 1778172524"} | headers=HTTPHeaderDict({'content-length': '30', 'content-type': 'application/json; charset=utf-8', 'cache-control': 'no-cache'})
DEBUG    selenium.webdriver.remote.remote_connection:remote_connection.py:356 Finished Request
DEBUG    selenium.webdriver.remote.remote_connection:remote_connection.py:313 POST http://selenium-hub:4444/wd/hub/session/3113c0127527982047c2c0cbec19f22b/element/f.98D246DDA407406B6F8C3DBE00D42F41.d.348253207A90A264C8DB5FA6D463838C.e.528/element {"using": "css selector", "value": "div[data-testid='note-card-title']"}
DEBUG    urllib3.connectionpool:connectionpool.py:544 http://selenium-hub:4444 "POST /wd/hub/session/3113c0127527982047c2c0cbec19f22b/element/f.98D246DDA407406B6F8C3DBE00D42F41.d.348253207A90A264C8DB5FA6D463838C.e.528/element HTTP/1.1" 200 0
DEBUG    selenium.webdriver.remote.remote_connection:remote_connection.py:329 Remote response: status=200 | data={"value":{"element-6066-11e4-a52e-4f735466cecf":"f.98D246DDA407406B6F8C3DBE00D42F41.d.348253207A90A264C8DB5FA6D463838C.e.711"}} | headers=HTTPHeaderDict({'content-length': '127', 'content-type': 'application/json; charset=utf-8', 'cache-control': 'no-cache'})
DEBUG    selenium.webdriver.remote.remote_connection:remote_connection.py:356 Finished Request
DEBUG    selenium.webdriver.remote.remote_connection:remote_connection.py:313 GET http://selenium-hub:4444/wd/hub/session/3113c0127527982047c2c0cbec19f22b/element/f.98D246DDA407406B6F8C3DBE00D42F41.d.348253207A90A264C8DB5FA6D463838C.e.711/text {}
DEBUG    urllib3.connectionpool:connectionpool.py:544 http://selenium-hub:4444 "GET /wd/hub/session/3113c0127527982047c2c0cbec19f22b/element/f.98D246DDA407406B6F8C3DBE00D42F41.d.348253207A90A264C8DB5FA6D463838C.e.711/text HTTP/1.1" 200 0
DEBUG    selenium.webdriver.remote.remote_connection:remote_connection.py:329 Remote response: status=200 | data={"value":"API E2E 1778172460"} | headers=HTTPHeaderDict({'content-length': '30', 'content-type': 'application/json; charset=utf-8', 'cache-control': 'no-cache'})
DEBUG    selenium.webdriver.remote.remote_connection:remote_connection.py:356 Finished Request
DEBUG    selenium.webdriver.remote.remote_connection:remote_connection.py:313 POST http://selenium-hub:4444/wd/hub/session/3113c0127527982047c2c0cbec19f22b/element/f.98D246DDA407406B6F8C3DBE00D42F41.d.348253207A90A264C8DB5FA6D463838C.e.529/element {"using": "css selector", "value": "div[data-testid='note-card-title']"}
DEBUG    urllib3.connectionpool:connectionpool.py:544 http://selenium-hub:4444 "POST /wd/hub/session/3113c0127527982047c2c0cbec19f22b/element/f.98D246DDA407406B6F8C3DBE00D42F41.d.348253207A90A264C8DB5FA6D463838C.e.529/element HTTP/1.1" 200 0
DEBUG    selenium.webdriver.remote.remote_connection:remote_connection.py:329 Remote response: status=200 | data={"value":{"element-6066-11e4-a52e-4f735466cecf":"f.98D246DDA407406B6F8C3DBE00D42F41.d.348253207A90A264C8DB5FA6D463838C.e.712"}} | headers=HTTPHeaderDict({'content-length': '127', 'content-type': 'application/json; charset=utf-8', 'cache-control': 'no-cache'})
DEBUG    selenium.webdriver.remote.remote_connection:remote_connection.py:356 Finished Request
DEBUG    selenium.webdriver.remote.remote_connection:remote_connection.py:313 GET http://selenium-hub:4444/wd/hub/session/3113c0127527982047c2c0cbec19f22b/element/f.98D246DDA407406B6F8C3DBE00D42F41.d.348253207A90A264C8DB5FA6D463838C.e.712/text {}
DEBUG    urllib3.connectionpool:connectionpool.py:544 http://selenium-hub:4444 "GET /wd/hub/session/3113c0127527982047c2c0cbec19f22b/element/f.98D246DDA407406B6F8C3DBE00D42F41.d.348253207A90A264C8DB5FA6D463838C.e.712/text HTTP/1.1" 200 0
DEBUG    selenium.webdriver.remote.remote_connection:remote_connection.py:329 Remote response: status=200 | data={"value":"E2E Title"} | headers=HTTPHeaderDict({'content-length': '21', 'content-type': 'application/json; charset=utf-8', 'cache-control': 'no-cache'})
DEBUG    selenium.webdriver.remote.remote_connection:remote_connection.py:356 Finished Request
DEBUG    selenium.webdriver.remote.remote_connection:remote_connection.py:313 POST http://selenium-hub:4444/wd/hub/session/3113c0127527982047c2c0cbec19f22b/element/f.98D246DDA407406B6F8C3DBE00D42F41.d.348253207A90A264C8DB5FA6D463838C.e.530/element {"using": "css selector", "value": "div[data-testid='note-card-title']"}
DEBUG    urllib3.connectionpool:connectionpool.py:544 http://selenium-hub:4444 "POST /wd/hub/session/3113c0127527982047c2c0cbec19f22b/element/f.98D246DDA407406B6F8C3DBE00D42F41.d.348253207A90A264C8DB5FA6D463838C.e.530/element HTTP/1.1" 200 0
DEBUG    selenium.webdriver.remote.remote_connection:remote_connection.py:329 Remote response: status=200 | data={"value":{"element-6066-11e4-a52e-4f735466cecf":"f.98D246DDA407406B6F8C3DBE00D42F41.d.348253207A90A264C8DB5FA6D463838C.e.713"}} | headers=HTTPHeaderDict({'content-length': '127', 'content-type': 'application/json; charset=utf-8', 'cache-control': 'no-cache'})
DEBUG    selenium.webdriver.remote.remote_connection:remote_connection.py:356 Finished Request
DEBUG    selenium.webdriver.remote.remote_connection:remote_connection.py:313 GET http://selenium-hub:4444/wd/hub/session/3113c0127527982047c2c0cbec19f22b/element/f.98D246DDA407406B6F8C3DBE00D42F41.d.348253207A90A264C8DB5FA6D463838C.e.713/text {}
DEBUG    urllib3.connectionpool:connectionpool.py:544 http://selenium-hub:4444 "GET /wd/hub/session/3113c0127527982047c2c0cbec19f22b/element/f.98D246DDA407406B6F8C3DBE00D42F41.d.348253207A90A264C8DB5FA6D463838C.e.713/text HTTP/1.1" 200 0
DEBUG    selenium.webdriver.remote.remote_connection:remote_connection.py:329 Remote response: status=200 | data={"value":"API E2E 1778170949"} | headers=HTTPHeaderDict({'content-length': '30', 'content-type': 'application/json; charset=utf-8', 'cache-control': 'no-cache'})
DEBUG    selenium.webdriver.remote.remote_connection:remote_connection.py:356 Finished Request
DEBUG    selenium.webdriver.remote.remote_connection:remote_connection.py:313 POST http://selenium-hub:4444/wd/hub/session/3113c0127527982047c2c0cbec19f22b/element/f.98D246DDA407406B6F8C3DBE00D42F41.d.348253207A90A264C8DB5FA6D463838C.e.531/element {"using": "css selector", "value": "div[data-testid='note-card-title']"}
DEBUG    urllib3.connectionpool:connectionpool.py:544 http://selenium-hub:4444 "POST /wd/hub/session/3113c0127527982047c2c0cbec19f22b/element/f.98D246DDA407406B6F8C3DBE00D42F41.d.348253207A90A264C8DB5FA6D463838C.e.531/element HTTP/1.1" 200 0
DEBUG    selenium.webdriver.remote.remote_connection:remote_connection.py:329 Remote response: status=200 | data={"value":{"element-6066-11e4-a52e-4f735466cecf":"f.98D246DDA407406B6F8C3DBE00D42F41.d.348253207A90A264C8DB5FA6D463838C.e.714"}} | headers=HTTPHeaderDict({'content-length': '127', 'content-type': 'application/json; charset=utf-8', 'cache-control': 'no-cache'})
DEBUG    selenium.webdriver.remote.remote_connection:remote_connection.py:356 Finished Request
DEBUG    selenium.webdriver.remote.remote_connection:remote_connection.py:313 GET http://selenium-hub:4444/wd/hub/session/3113c0127527982047c2c0cbec19f22b/element/f.98D246DDA407406B6F8C3DBE00D42F41.d.348253207A90A264C8DB5FA6D463838C.e.714/text {}
DEBUG    urllib3.connectionpool:connectionpool.py:544 http://selenium-hub:4444 "GET /wd/hub/session/3113c0127527982047c2c0cbec19f22b/element/f.98D246DDA407406B6F8C3DBE00D42F41.d.348253207A90A264C8DB5FA6D463838C.e.714/text HTTP/1.1" 200 0
DEBUG    selenium.webdriver.remote.remote_connection:remote_connection.py:329 Remote response: status=200 | data={"value":"API E2E 1778170902"} | headers=HTTPHeaderDict({'content-length': '30', 'content-type': 'application/json; charset=utf-8', 'cache-control': 'no-cache'})
DEBUG    selenium.webdriver.remote.remote_connection:remote_connection.py:356 Finished Request
DEBUG    selenium.webdriver.remote.remote_connection:remote_connection.py:313 POST http://selenium-hub:4444/wd/hub/session/3113c0127527982047c2c0cbec19f22b/element/f.98D246DDA407406B6F8C3DBE00D42F41.d.348253207A90A264C8DB5FA6D463838C.e.532/element {"using": "css selector", "value": "div[data-testid='note-card-title']"}
DEBUG    urllib3.connectionpool:connectionpool.py:544 http://selenium-hub:4444 "POST /wd/hub/session/3113c0127527982047c2c0cbec19f22b/element/f.98D246DDA407406B6F8C3DBE00D42F41.d.348253207A90A264C8DB5FA6D463838C.e.532/element HTTP/1.1" 200 0
DEBUG    selenium.webdriver.remote.remote_connection:remote_connection.py:329 Remote response: status=200 | data={"value":{"element-6066-11e4-a52e-4f735466cecf":"f.98D246DDA407406B6F8C3DBE00D42F41.d.348253207A90A264C8DB5FA6D463838C.e.715"}} | headers=HTTPHeaderDict({'content-length': '127', 'content-type': 'application/json; charset=utf-8', 'cache-control': 'no-cache'})
DEBUG    selenium.webdriver.remote.remote_connection:remote_connection.py:356 Finished Request
DEBUG    selenium.webdriver.remote.remote_connection:remote_connection.py:313 GET http://selenium-hub:4444/wd/hub/session/3113c0127527982047c2c0cbec19f22b/element/f.98D246DDA407406B6F8C3DBE00D42F41.d.348253207A90A264C8DB5FA6D463838C.e.715/text {}
DEBUG    urllib3.connectionpool:connectionpool.py:544 http://selenium-hub:4444 "GET /wd/hub/session/3113c0127527982047c2c0cbec19f22b/element/f.98D246DDA407406B6F8C3DBE00D42F41.d.348253207A90A264C8DB5FA6D463838C.e.715/text HTTP/1.1" 200 0
DEBUG    selenium.webdriver.remote.remote_connection:remote_connection.py:329 Remote response: status=200 | data={"value":"UI Test"} | headers=HTTPHeaderDict({'content-length': '19', 'content-type': 'application/json; charset=utf-8', 'cache-control': 'no-cache'})
DEBUG    selenium.webdriver.remote.remote_connection:remote_connection.py:356 Finished Request
DEBUG    selenium.webdriver.remote.remote_connection:remote_connection.py:313 POST http://selenium-hub:4444/wd/hub/session/3113c0127527982047c2c0cbec19f22b/element/f.98D246DDA407406B6F8C3DBE00D42F41.d.348253207A90A264C8DB5FA6D463838C.e.533/element {"using": "css selector", "value": "div[data-testid='note-card-title']"}
DEBUG    urllib3.connectionpool:connectionpool.py:544 http://selenium-hub:4444 "POST /wd/hub/session/3113c0127527982047c2c0cbec19f22b/element/f.98D246DDA407406B6F8C3DBE00D42F41.d.348253207A90A264C8DB5FA6D463838C.e.533/element HTTP/1.1" 200 0
DEBUG    selenium.webdriver.remote.remote_connection:remote_connection.py:329 Remote response: status=200 | data={"value":{"element-6066-11e4-a52e-4f735466cecf":"f.98D246DDA407406B6F8C3DBE00D42F41.d.348253207A90A264C8DB5FA6D463838C.e.716"}} | headers=HTTPHeaderDict({'content-length': '127', 'content-type': 'application/json; charset=utf-8', 'cache-control': 'no-cache'})
DEBUG    selenium.webdriver.remote.remote_connection:remote_connection.py:356 Finished Request
DEBUG    selenium.webdriver.remote.remote_connection:remote_connection.py:313 GET http://selenium-hub:4444/wd/hub/session/3113c0127527982047c2c0cbec19f22b/element/f.98D246DDA407406B6F8C3DBE00D42F41.d.348253207A90A264C8DB5FA6D463838C.e.716/text {}
DEBUG    urllib3.connectionpool:connectionpool.py:544 http://selenium-hub:4444 "GET /wd/hub/session/3113c0127527982047c2c0cbec19f22b/element/f.98D246DDA407406B6F8C3DBE00D42F41.d.348253207A90A264C8DB5FA6D463838C.e.716/text HTTP/1.1" 200 0
DEBUG    selenium.webdriver.remote.remote_connection:remote_connection.py:329 Remote response: status=200 | data={"value":"E2E Title"} | headers=HTTPHeaderDict({'content-length': '21', 'content-type': 'application/json; charset=utf-8', 'cache-control': 'no-cache'})
DEBUG    selenium.webdriver.remote.remote_connection:remote_connection.py:356 Finished Request
DEBUG    selenium.webdriver.remote.remote_connection:remote_connection.py:313 POST http://selenium-hub:4444/wd/hub/session/3113c0127527982047c2c0cbec19f22b/element/f.98D246DDA407406B6F8C3DBE00D42F41.d.348253207A90A264C8DB5FA6D463838C.e.534/element {"using": "css selector", "value": "div[data-testid='note-card-title']"}
DEBUG    urllib3.connectionpool:connectionpool.py:544 http://selenium-hub:4444 "POST /wd/hub/session/3113c0127527982047c2c0cbec19f22b/element/f.98D246DDA407406B6F8C3DBE00D42F41.d.348253207A90A264C8DB5FA6D463838C.e.534/element HTTP/1.1" 200 0
DEBUG    selenium.webdriver.remote.remote_connection:remote_connection.py:329 Remote response: status=200 | data={"value":{"element-6066-11e4-a52e-4f735466cecf":"f.98D246DDA407406B6F8C3DBE00D42F41.d.348253207A90A264C8DB5FA6D463838C.e.717"}} | headers=HTTPHeaderDict({'content-length': '127', 'content-type': 'application/json; charset=utf-8', 'cache-control': 'no-cache'})
DEBUG    selenium.webdriver.remote.remote_connection:remote_connection.py:356 Finished Request
DEBUG    selenium.webdriver.remote.remote_connection:remote_connection.py:313 GET http://selenium-hub:4444/wd/hub/session/3113c0127527982047c2c0cbec19f22b/element/f.98D246DDA407406B6F8C3DBE00D42F41.d.348253207A90A264C8DB5FA6D463838C.e.717/text {}
DEBUG    urllib3.connectionpool:connectionpool.py:544 http://selenium-hub:4444 "GET /wd/hub/session/3113c0127527982047c2c0cbec19f22b/element/f.98D246DDA407406B6F8C3DBE00D42F41.d.348253207A90A264C8DB5FA6D463838C.e.717/text HTTP/1.1" 200 0
DEBUG    selenium.webdriver.remote.remote_connection:remote_connection.py:329 Remote response: status=200 | data={"value":"API E2E 1778164505"} | headers=HTTPHeaderDict({'content-length': '30', 'content-type': 'application/json; charset=utf-8', 'cache-control': 'no-cache'})
DEBUG    selenium.webdriver.remote.remote_connection:remote_connection.py:356 Finished Request
DEBUG    selenium.webdriver.remote.remote_connection:remote_connection.py:313 POST http://selenium-hub:4444/wd/hub/session/3113c0127527982047c2c0cbec19f22b/element/f.98D246DDA407406B6F8C3DBE00D42F41.d.348253207A90A264C8DB5FA6D463838C.e.535/element {"using": "css selector", "value": "div[data-testid='note-card-title']"}
DEBUG    urllib3.connectionpool:connectionpool.py:544 http://selenium-hub:4444 "POST /wd/hub/session/3113c0127527982047c2c0cbec19f22b/element/f.98D246DDA407406B6F8C3DBE00D42F41.d.348253207A90A264C8DB5FA6D463838C.e.535/element HTTP/1.1" 200 0
DEBUG    selenium.webdriver.remote.remote_connection:remote_connection.py:329 Remote response: status=200 | data={"value":{"element-6066-11e4-a52e-4f735466cecf":"f.98D246DDA407406B6F8C3DBE00D42F41.d.348253207A90A264C8DB5FA6D463838C.e.718"}} | headers=HTTPHeaderDict({'content-length': '127', 'content-type': 'application/json; charset=utf-8', 'cache-control': 'no-cache'})
DEBUG    selenium.webdriver.remote.remote_connection:remote_connection.py:356 Finished Request
DEBUG    selenium.webdriver.remote.remote_connection:remote_connection.py:313 GET http://selenium-hub:4444/wd/hub/session/3113c0127527982047c2c0cbec19f22b/element/f.98D246DDA407406B6F8C3DBE00D42F41.d.348253207A90A264C8DB5FA6D463838C.e.718/text {}
DEBUG    urllib3.connectionpool:connectionpool.py:544 http://selenium-hub:4444 "GET /wd/hub/session/3113c0127527982047c2c0cbec19f22b/element/f.98D246DDA407406B6F8C3DBE00D42F41.d.348253207A90A264C8DB5FA6D463838C.e.718/text HTTP/1.1" 200 0
DEBUG    selenium.webdriver.remote.remote_connection:remote_connection.py:329 Remote response: status=200 | data={"value":"E2E Title"} | headers=HTTPHeaderDict({'content-length': '21', 'content-type': 'application/json; charset=utf-8', 'cache-control': 'no-cache'})
DEBUG    selenium.webdriver.remote.remote_connection:remote_connection.py:356 Finished Request
DEBUG    selenium.webdriver.remote.remote_connection:remote_connection.py:313 POST http://selenium-hub:4444/wd/hub/session/3113c0127527982047c2c0cbec19f22b/element/f.98D246DDA407406B6F8C3DBE00D42F41.d.348253207A90A264C8DB5FA6D463838C.e.536/element {"using": "css selector", "value": "div[data-testid='note-card-title']"}
DEBUG    urllib3.connectionpool:connectionpool.py:544 http://selenium-hub:4444 "POST /wd/hub/session/3113c0127527982047c2c0cbec19f22b/element/f.98D246DDA407406B6F8C3DBE00D42F41.d.348253207A90A264C8DB5FA6D463838C.e.536/element HTTP/1.1" 200 0
DEBUG    selenium.webdriver.remote.remote_connection:remote_connection.py:329 Remote response: status=200 | data={"value":{"element-6066-11e4-a52e-4f735466cecf":"f.98D246DDA407406B6F8C3DBE00D42F41.d.348253207A90A264C8DB5FA6D463838C.e.719"}} | headers=HTTPHeaderDict({'content-length': '127', 'content-type': 'application/json; charset=utf-8', 'cache-control': 'no-cache'})
DEBUG    selenium.webdriver.remote.remote_connection:remote_connection.py:356 Finished Request
DEBUG    selenium.webdriver.remote.remote_connection:remote_connection.py:313 GET http://selenium-hub:4444/wd/hub/session/3113c0127527982047c2c0cbec19f22b/element/f.98D246DDA407406B6F8C3DBE00D42F41.d.348253207A90A264C8DB5FA6D463838C.e.719/text {}
DEBUG    urllib3.connectionpool:connectionpool.py:544 http://selenium-hub:4444 "GET /wd/hub/session/3113c0127527982047c2c0cbec19f22b/element/f.98D246DDA407406B6F8C3DBE00D42F41.d.348253207A90A264C8DB5FA6D463838C.e.719/text HTTP/1.1" 200 0
DEBUG    selenium.webdriver.remote.remote_connection:remote_connection.py:329 Remote response: status=200 | data={"value":"UI Test"} | headers=HTTPHeaderDict({'content-length': '19', 'content-type': 'application/json; charset=utf-8', 'cache-control': 'no-cache'})
DEBUG    selenium.webdriver.remote.remote_connection:remote_connection.py:356 Finished Request
DEBUG    selenium.webdriver.remote.remote_connection:remote_connection.py:313 POST http://selenium-hub:4444/wd/hub/session/3113c0127527982047c2c0cbec19f22b/element/f.98D246DDA407406B6F8C3DBE00D42F41.d.348253207A90A264C8DB5FA6D463838C.e.537/element {"using": "css selector", "value": "div[data-testid='note-card-title']"}
DEBUG    urllib3.connectionpool:connectionpool.py:544 http://selenium-hub:4444 "POST /wd/hub/session/3113c0127527982047c2c0cbec19f22b/element/f.98D246DDA407406B6F8C3DBE00D42F41.d.348253207A90A264C8DB5FA6D463838C.e.537/element HTTP/1.1" 200 0
DEBUG    selenium.webdriver.remote.remote_connection:remote_connection.py:329 Remote response: status=200 | data={"value":{"element-6066-11e4-a52e-4f735466cecf":"f.98D246DDA407406B6F8C3DBE00D42F41.d.348253207A90A264C8DB5FA6D463838C.e.720"}} | headers=HTTPHeaderDict({'content-length': '127', 'content-type': 'application/json; charset=utf-8', 'cache-control': 'no-cache'})
DEBUG    selenium.webdriver.remote.remote_connection:remote_connection.py:356 Finished Request
DEBUG    selenium.webdriver.remote.remote_connection:remote_connection.py:313 GET http://selenium-hub:4444/wd/hub/session/3113c0127527982047c2c0cbec19f22b/element/f.98D246DDA407406B6F8C3DBE00D42F41.d.348253207A90A264C8DB5FA6D463838C.e.720/text {}
DEBUG    urllib3.connectionpool:connectionpool.py:544 http://selenium-hub:4444 "GET /wd/hub/session/3113c0127527982047c2c0cbec19f22b/element/f.98D246DDA407406B6F8C3DBE00D42F41.d.348253207A90A264C8DB5FA6D463838C.e.720/text HTTP/1.1" 200 0
DEBUG    selenium.webdriver.remote.remote_connection:remote_connection.py:329 Remote response: status=200 | data={"value":"API E2E 1778163462"} | headers=HTTPHeaderDict({'content-length': '30', 'content-type': 'application/json; charset=utf-8', 'cache-control': 'no-cache'})
DEBUG    selenium.webdriver.remote.remote_connection:remote_connection.py:356 Finished Request
DEBUG    selenium.webdriver.remote.remote_connection:remote_connection.py:313 POST http://selenium-hub:4444/wd/hub/session/3113c0127527982047c2c0cbec19f22b/element/f.98D246DDA407406B6F8C3DBE00D42F41.d.348253207A90A264C8DB5FA6D463838C.e.538/element {"using": "css selector", "value": "div[data-testid='note-card-title']"}
DEBUG    urllib3.connectionpool:connectionpool.py:544 http://selenium-hub:4444 "POST /wd/hub/session/3113c0127527982047c2c0cbec19f22b/element/f.98D246DDA407406B6F8C3DBE00D42F41.d.348253207A90A264C8DB5FA6D463838C.e.538/element HTTP/1.1" 200 0
DEBUG    selenium.webdriver.remote.remote_connection:remote_connection.py:329 Remote response: status=200 | data={"value":{"element-6066-11e4-a52e-4f735466cecf":"f.98D246DDA407406B6F8C3DBE00D42F41.d.348253207A90A264C8DB5FA6D463838C.e.721"}} | headers=HTTPHeaderDict({'content-length': '127', 'content-type': 'application/json; charset=utf-8', 'cache-control': 'no-cache'})
DEBUG    selenium.webdriver.remote.remote_connection:remote_connection.py:356 Finished Request
DEBUG    selenium.webdriver.remote.remote_connection:remote_connection.py:313 GET http://selenium-hub:4444/wd/hub/session/3113c0127527982047c2c0cbec19f22b/element/f.98D246DDA407406B6F8C3DBE00D42F41.d.348253207A90A264C8DB5FA6D463838C.e.721/text {}
DEBUG    urllib3.connectionpool:connectionpool.py:544 http://selenium-hub:4444 "GET /wd/hub/session/3113c0127527982047c2c0cbec19f22b/element/f.98D246DDA407406B6F8C3DBE00D42F41.d.348253207A90A264C8DB5FA6D463838C.e.721/text HTTP/1.1" 200 0
DEBUG    selenium.webdriver.remote.remote_connection:remote_connection.py:329 Remote response: status=200 | data={"value":"E2E Title"} | headers=HTTPHeaderDict({'content-length': '21', 'content-type': 'application/json; charset=utf-8', 'cache-control': 'no-cache'})
DEBUG    selenium.webdriver.remote.remote_connection:remote_connection.py:356 Finished Request
DEBUG    selenium.webdriver.remote.remote_connection:remote_connection.py:313 POST http://selenium-hub:4444/wd/hub/session/3113c0127527982047c2c0cbec19f22b/element/f.98D246DDA407406B6F8C3DBE00D42F41.d.348253207A90A264C8DB5FA6D463838C.e.539/element {"using": "css selector", "value": "div[data-testid='note-card-title']"}
DEBUG    urllib3.connectionpool:connectionpool.py:544 http://selenium-hub:4444 "POST /wd/hub/session/3113c0127527982047c2c0cbec19f22b/element/f.98D246DDA407406B6F8C3DBE00D42F41.d.348253207A90A264C8DB5FA6D463838C.e.539/element HTTP/1.1" 200 0
DEBUG    selenium.webdriver.remote.remote_connection:remote_connection.py:329 Remote response: status=200 | data={"value":{"element-6066-11e4-a52e-4f735466cecf":"f.98D246DDA407406B6F8C3DBE00D42F41.d.348253207A90A264C8DB5FA6D463838C.e.722"}} | headers=HTTPHeaderDict({'content-length': '127', 'content-type': 'application/json; charset=utf-8', 'cache-control': 'no-cache'})
DEBUG    selenium.webdriver.remote.remote_connection:remote_connection.py:356 Finished Request
DEBUG    selenium.webdriver.remote.remote_connection:remote_connection.py:313 GET http://selenium-hub:4444/wd/hub/session/3113c0127527982047c2c0cbec19f22b/element/f.98D246DDA407406B6F8C3DBE00D42F41.d.348253207A90A264C8DB5FA6D463838C.e.722/text {}
DEBUG    urllib3.connectionpool:connectionpool.py:544 http://selenium-hub:4444 "GET /wd/hub/session/3113c0127527982047c2c0cbec19f22b/element/f.98D246DDA407406B6F8C3DBE00D42F41.d.348253207A90A264C8DB5FA6D463838C.e.722/text HTTP/1.1" 200 0
DEBUG    selenium.webdriver.remote.remote_connection:remote_connection.py:329 Remote response: status=200 | data={"value":"UI Test"} | headers=HTTPHeaderDict({'content-length': '19', 'content-type': 'application/json; charset=utf-8', 'cache-control': 'no-cache'})
DEBUG    selenium.webdriver.remote.remote_connection:remote_connection.py:356 Finished Request
DEBUG    selenium.webdriver.remote.remote_connection:remote_connection.py:313 POST http://selenium-hub:4444/wd/hub/session/3113c0127527982047c2c0cbec19f22b/element/f.98D246DDA407406B6F8C3DBE00D42F41.d.348253207A90A264C8DB5FA6D463838C.e.540/element {"using": "css selector", "value": "div[data-testid='note-card-title']"}
DEBUG    urllib3.connectionpool:connectionpool.py:544 http://selenium-hub:4444 "POST /wd/hub/session/3113c0127527982047c2c0cbec19f22b/element/f.98D246DDA407406B6F8C3DBE00D42F41.d.348253207A90A264C8DB5FA6D463838C.e.540/element HTTP/1.1" 200 0
DEBUG    selenium.webdriver.remote.remote_connection:remote_connection.py:329 Remote response: status=200 | data={"value":{"element-6066-11e4-a52e-4f735466cecf":"f.98D246DDA407406B6F8C3DBE00D42F41.d.348253207A90A264C8DB5FA6D463838C.e.723"}} | headers=HTTPHeaderDict({'content-length': '127', 'content-type': 'application/json; charset=utf-8', 'cache-control': 'no-cache'})
DEBUG    selenium.webdriver.remote.remote_connection:remote_connection.py:356 Finished Request
DEBUG    selenium.webdriver.remote.remote_connection:remote_connection.py:313 GET http://selenium-hub:4444/wd/hub/session/3113c0127527982047c2c0cbec19f22b/element/f.98D246DDA407406B6F8C3DBE00D42F41.d.348253207A90A264C8DB5FA6D463838C.e.723/text {}
DEBUG    urllib3.connectionpool:connectionpool.py:544 http://selenium-hub:4444 "GET /wd/hub/session/3113c0127527982047c2c0cbec19f22b/element/f.98D246DDA407406B6F8C3DBE00D42F41.d.348253207A90A264C8DB5FA6D463838C.e.723/text HTTP/1.1" 200 0
DEBUG    selenium.webdriver.remote.remote_connection:remote_connection.py:329 Remote response: status=200 | data={"value":"API E2E 1778160621"} | headers=HTTPHeaderDict({'content-length': '30', 'content-type': 'application/json; charset=utf-8', 'cache-control': 'no-cache'})
DEBUG    selenium.webdriver.remote.remote_connection:remote_connection.py:356 Finished Request
DEBUG    selenium.webdriver.remote.remote_connection:remote_connection.py:313 POST http://selenium-hub:4444/wd/hub/session/3113c0127527982047c2c0cbec19f22b/element/f.98D246DDA407406B6F8C3DBE00D42F41.d.348253207A90A264C8DB5FA6D463838C.e.541/element {"using": "css selector", "value": "div[data-testid='note-card-title']"}
DEBUG    urllib3.connectionpool:connectionpool.py:544 http://selenium-hub:4444 "POST /wd/hub/session/3113c0127527982047c2c0cbec19f22b/element/f.98D246DDA407406B6F8C3DBE00D42F41.d.348253207A90A264C8DB5FA6D463838C.e.541/element HTTP/1.1" 200 0
DEBUG    selenium.webdriver.remote.remote_connection:remote_connection.py:329 Remote response: status=200 | data={"value":{"element-6066-11e4-a52e-4f735466cecf":"f.98D246DDA407406B6F8C3DBE00D42F41.d.348253207A90A264C8DB5FA6D463838C.e.724"}} | headers=HTTPHeaderDict({'content-length': '127', 'content-type': 'application/json; charset=utf-8', 'cache-control': 'no-cache'})
DEBUG    selenium.webdriver.remote.remote_connection:remote_connection.py:356 Finished Request
DEBUG    selenium.webdriver.remote.remote_connection:remote_connection.py:313 GET http://selenium-hub:4444/wd/hub/session/3113c0127527982047c2c0cbec19f22b/element/f.98D246DDA407406B6F8C3DBE00D42F41.d.348253207A90A264C8DB5FA6D463838C.e.724/text {}
DEBUG    urllib3.connectionpool:connectionpool.py:544 http://selenium-hub:4444 "GET /wd/hub/session/3113c0127527982047c2c0cbec19f22b/element/f.98D246DDA407406B6F8C3DBE00D42F41.d.348253207A90A264C8DB5FA6D463838C.e.724/text HTTP/1.1" 200 0
DEBUG    selenium.webdriver.remote.remote_connection:remote_connection.py:329 Remote response: status=200 | data={"value":"Delete Test 1778160313"} | headers=HTTPHeaderDict({'content-length': '34', 'content-type': 'application/json; charset=utf-8', 'cache-control': 'no-cache'})
DEBUG    selenium.webdriver.remote.remote_connection:remote_connection.py:356 Finished Request
DEBUG    selenium.webdriver.remote.remote_connection:remote_connection.py:313 POST http://selenium-hub:4444/wd/hub/session/3113c0127527982047c2c0cbec19f22b/element/f.98D246DDA407406B6F8C3DBE00D42F41.d.348253207A90A264C8DB5FA6D463838C.e.542/element {"using": "css selector", "value": "div[data-testid='note-card-title']"}
DEBUG    urllib3.connectionpool:connectionpool.py:544 http://selenium-hub:4444 "POST /wd/hub/session/3113c0127527982047c2c0cbec19f22b/element/f.98D246DDA407406B6F8C3DBE00D42F41.d.348253207A90A264C8DB5FA6D463838C.e.542/element HTTP/1.1" 200 0
DEBUG    selenium.webdriver.remote.remote_connection:remote_connection.py:329 Remote response: status=200 | data={"value":{"element-6066-11e4-a52e-4f735466cecf":"f.98D246DDA407406B6F8C3DBE00D42F41.d.348253207A90A264C8DB5FA6D463838C.e.725"}} | headers=HTTPHeaderDict({'content-length': '127', 'content-type': 'application/json; charset=utf-8', 'cache-control': 'no-cache'})
DEBUG    selenium.webdriver.remote.remote_connection:remote_connection.py:356 Finished Request
DEBUG    selenium.webdriver.remote.remote_connection:remote_connection.py:313 GET http://selenium-hub:4444/wd/hub/session/3113c0127527982047c2c0cbec19f22b/element/f.98D246DDA407406B6F8C3DBE00D42F41.d.348253207A90A264C8DB5FA6D463838C.e.725/text {}
DEBUG    urllib3.connectionpool:connectionpool.py:544 http://selenium-hub:4444 "GET /wd/hub/session/3113c0127527982047c2c0cbec19f22b/element/f.98D246DDA407406B6F8C3DBE00D42F41.d.348253207A90A264C8DB5FA6D463838C.e.725/text HTTP/1.1" 200 0
DEBUG    selenium.webdriver.remote.remote_connection:remote_connection.py:329 Remote response: status=200 | data={"value":"API E2E 1778160228"} | headers=HTTPHeaderDict({'content-length': '30', 'content-type': 'application/json; charset=utf-8', 'cache-control': 'no-cache'})
DEBUG    selenium.webdriver.remote.remote_connection:remote_connection.py:356 Finished Request
DEBUG    selenium.webdriver.remote.remote_connection:remote_connection.py:313 POST http://selenium-hub:4444/wd/hub/session/3113c0127527982047c2c0cbec19f22b/element/f.98D246DDA407406B6F8C3DBE00D42F41.d.348253207A90A264C8DB5FA6D463838C.e.543/element {"using": "css selector", "value": "div[data-testid='note-card-title']"}
DEBUG    urllib3.connectionpool:connectionpool.py:544 http://selenium-hub:4444 "POST /wd/hub/session/3113c0127527982047c2c0cbec19f22b/element/f.98D246DDA407406B6F8C3DBE00D42F41.d.348253207A90A264C8DB5FA6D463838C.e.543/element HTTP/1.1" 200 0
DEBUG    selenium.webdriver.remote.remote_connection:remote_connection.py:329 Remote response: status=200 | data={"value":{"element-6066-11e4-a52e-4f735466cecf":"f.98D246DDA407406B6F8C3DBE00D42F41.d.348253207A90A264C8DB5FA6D463838C.e.726"}} | headers=HTTPHeaderDict({'content-length': '127', 'content-type': 'application/json; charset=utf-8', 'cache-control': 'no-cache'})
DEBUG    selenium.webdriver.remote.remote_connection:remote_connection.py:356 Finished Request
DEBUG    selenium.webdriver.remote.remote_connection:remote_connection.py:313 GET http://selenium-hub:4444/wd/hub/session/3113c0127527982047c2c0cbec19f22b/element/f.98D246DDA407406B6F8C3DBE00D42F41.d.348253207A90A264C8DB5FA6D463838C.e.726/text {}
DEBUG    urllib3.connectionpool:connectionpool.py:544 http://selenium-hub:4444 "GET /wd/hub/session/3113c0127527982047c2c0cbec19f22b/element/f.98D246DDA407406B6F8C3DBE00D42F41.d.348253207A90A264C8DB5FA6D463838C.e.726/text HTTP/1.1" 200 0
DEBUG    selenium.webdriver.remote.remote_connection:remote_connection.py:329 Remote response: status=200 | data={"value":"E2E Title"} | headers=HTTPHeaderDict({'content-length': '21', 'content-type': 'application/json; charset=utf-8', 'cache-control': 'no-cache'})
DEBUG    selenium.webdriver.remote.remote_connection:remote_connection.py:356 Finished Request
DEBUG    selenium.webdriver.remote.remote_connection:remote_connection.py:313 POST http://selenium-hub:4444/wd/hub/session/3113c0127527982047c2c0cbec19f22b/element/f.98D246DDA407406B6F8C3DBE00D42F41.d.348253207A90A264C8DB5FA6D463838C.e.544/element {"using": "css selector", "value": "div[data-testid='note-card-title']"}
DEBUG    urllib3.connectionpool:connectionpool.py:544 http://selenium-hub:4444 "POST /wd/hub/session/3113c0127527982047c2c0cbec19f22b/element/f.98D246DDA407406B6F8C3DBE00D42F41.d.348253207A90A264C8DB5FA6D463838C.e.544/element HTTP/1.1" 200 0
DEBUG    selenium.webdriver.remote.remote_connection:remote_connection.py:329 Remote response: status=200 | data={"value":{"element-6066-11e4-a52e-4f735466cecf":"f.98D246DDA407406B6F8C3DBE00D42F41.d.348253207A90A264C8DB5FA6D463838C.e.727"}} | headers=HTTPHeaderDict({'content-length': '127', 'content-type': 'application/json; charset=utf-8', 'cache-control': 'no-cache'})
DEBUG    selenium.webdriver.remote.remote_connection:remote_connection.py:356 Finished Request
DEBUG    selenium.webdriver.remote.remote_connection:remote_connection.py:313 GET http://selenium-hub:4444/wd/hub/session/3113c0127527982047c2c0cbec19f22b/element/f.98D246DDA407406B6F8C3DBE00D42F41.d.348253207A90A264C8DB5FA6D463838C.e.727/text {}
DEBUG    urllib3.connectionpool:connectionpool.py:544 http://selenium-hub:4444 "GET /wd/hub/session/3113c0127527982047c2c0cbec19f22b/element/f.98D246DDA407406B6F8C3DBE00D42F41.d.348253207A90A264C8DB5FA6D463838C.e.727/text HTTP/1.1" 200 0
DEBUG    selenium.webdriver.remote.remote_connection:remote_connection.py:329 Remote response: status=200 | data={"value":"UI Test"} | headers=HTTPHeaderDict({'content-length': '19', 'content-type': 'application/json; charset=utf-8', 'cache-control': 'no-cache'})
DEBUG    selenium.webdriver.remote.remote_connection:remote_connection.py:356 Finished Request
DEBUG    selenium.webdriver.remote.remote_connection:remote_connection.py:313 POST http://selenium-hub:4444/wd/hub/session/3113c0127527982047c2c0cbec19f22b/element/f.98D246DDA407406B6F8C3DBE00D42F41.d.348253207A90A264C8DB5FA6D463838C.e.545/element {"using": "css selector", "value": "div[data-testid='note-card-title']"}
DEBUG    urllib3.connectionpool:connectionpool.py:544 http://selenium-hub:4444 "POST /wd/hub/session/3113c0127527982047c2c0cbec19f22b/element/f.98D246DDA407406B6F8C3DBE00D42F41.d.348253207A90A264C8DB5FA6D463838C.e.545/element HTTP/1.1" 200 0
DEBUG    selenium.webdriver.remote.remote_connection:remote_connection.py:329 Remote response: status=200 | data={"value":{"element-6066-11e4-a52e-4f735466cecf":"f.98D246DDA407406B6F8C3DBE00D42F41.d.348253207A90A264C8DB5FA6D463838C.e.728"}} | headers=HTTPHeaderDict({'content-length': '127', 'content-type': 'application/json; charset=utf-8', 'cache-control': 'no-cache'})
DEBUG    selenium.webdriver.remote.remote_connection:remote_connection.py:356 Finished Request
DEBUG    selenium.webdriver.remote.remote_connection:remote_connection.py:313 GET http://selenium-hub:4444/wd/hub/session/3113c0127527982047c2c0cbec19f22b/element/f.98D246DDA407406B6F8C3DBE00D42F41.d.348253207A90A264C8DB5FA6D463838C.e.728/text {}
DEBUG    urllib3.connectionpool:connectionpool.py:544 http://selenium-hub:4444 "GET /wd/hub/session/3113c0127527982047c2c0cbec19f22b/element/f.98D246DDA407406B6F8C3DBE00D42F41.d.348253207A90A264C8DB5FA6D463838C.e.728/text HTTP/1.1" 200 0
DEBUG    selenium.webdriver.remote.remote_connection:remote_connection.py:329 Remote response: status=200 | data={"value":"Delete Test"} | headers=HTTPHeaderDict({'content-length': '23', 'content-type': 'application/json; charset=utf-8', 'cache-control': 'no-cache'})
DEBUG    selenium.webdriver.remote.remote_connection:remote_connection.py:356 Finished Request
DEBUG    selenium.webdriver.remote.remote_connection:remote_connection.py:313 POST http://selenium-hub:4444/wd/hub/session/3113c0127527982047c2c0cbec19f22b/element/f.98D246DDA407406B6F8C3DBE00D42F41.d.348253207A90A264C8DB5FA6D463838C.e.546/element {"using": "css selector", "value": "div[data-testid='note-card-title']"}
DEBUG    urllib3.connectionpool:connectionpool.py:544 http://selenium-hub:4444 "POST /wd/hub/session/3113c0127527982047c2c0cbec19f22b/element/f.98D246DDA407406B6F8C3DBE00D42F41.d.348253207A90A264C8DB5FA6D463838C.e.546/element HTTP/1.1" 200 0
DEBUG    selenium.webdriver.remote.remote_connection:remote_connection.py:329 Remote response: status=200 | data={"value":{"element-6066-11e4-a52e-4f735466cecf":"f.98D246DDA407406B6F8C3DBE00D42F41.d.348253207A90A264C8DB5FA6D463838C.e.729"}} | headers=HTTPHeaderDict({'content-length': '127', 'content-type': 'application/json; charset=utf-8', 'cache-control': 'no-cache'})
DEBUG    selenium.webdriver.remote.remote_connection:remote_connection.py:356 Finished Request
DEBUG    selenium.webdriver.remote.remote_connection:remote_connection.py:313 GET http://selenium-hub:4444/wd/hub/session/3113c0127527982047c2c0cbec19f22b/element/f.98D246DDA407406B6F8C3DBE00D42F41.d.348253207A90A264C8DB5FA6D463838C.e.729/text {}
DEBUG    urllib3.connectionpool:connectionpool.py:544 http://selenium-hub:4444 "GET /wd/hub/session/3113c0127527982047c2c0cbec19f22b/element/f.98D246DDA407406B6F8C3DBE00D42F41.d.348253207A90A264C8DB5FA6D463838C.e.729/text HTTP/1.1" 200 0
DEBUG    selenium.webdriver.remote.remote_connection:remote_connection.py:329 Remote response: status=200 | data={"value":"E2E Title"} | headers=HTTPHeaderDict({'content-length': '21', 'content-type': 'application/json; charset=utf-8', 'cache-control': 'no-cache'})
DEBUG    selenium.webdriver.remote.remote_connection:remote_connection.py:356 Finished Request
DEBUG    selenium.webdriver.remote.remote_connection:remote_connection.py:313 POST http://selenium-hub:4444/wd/hub/session/3113c0127527982047c2c0cbec19f22b/element/f.98D246DDA407406B6F8C3DBE00D42F41.d.348253207A90A264C8DB5FA6D463838C.e.547/element {"using": "css selector", "value": "div[data-testid='note-card-title']"}
DEBUG    urllib3.connectionpool:connectionpool.py:544 http://selenium-hub:4444 "POST /wd/hub/session/3113c0127527982047c2c0cbec19f22b/element/f.98D246DDA407406B6F8C3DBE00D42F41.d.348253207A90A264C8DB5FA6D463838C.e.547/element HTTP/1.1" 200 0
DEBUG    selenium.webdriver.remote.remote_connection:remote_connection.py:329 Remote response: status=200 | data={"value":{"element-6066-11e4-a52e-4f735466cecf":"f.98D246DDA407406B6F8C3DBE00D42F41.d.348253207A90A264C8DB5FA6D463838C.e.730"}} | headers=HTTPHeaderDict({'content-length': '127', 'content-type': 'application/json; charset=utf-8', 'cache-control': 'no-cache'})
DEBUG    selenium.webdriver.remote.remote_connection:remote_connection.py:356 Finished Request
DEBUG    selenium.webdriver.remote.remote_connection:remote_connection.py:313 GET http://selenium-hub:4444/wd/hub/session/3113c0127527982047c2c0cbec19f22b/element/f.98D246DDA407406B6F8C3DBE00D42F41.d.348253207A90A264C8DB5FA6D463838C.e.730/text {}
DEBUG    urllib3.connectionpool:connectionpool.py:544 http://selenium-hub:4444 "GET /wd/hub/session/3113c0127527982047c2c0cbec19f22b/element/f.98D246DDA407406B6F8C3DBE00D42F41.d.348253207A90A264C8DB5FA6D463838C.e.730/text HTTP/1.1" 200 0
DEBUG    selenium.webdriver.remote.remote_connection:remote_connection.py:329 Remote response: status=200 | data={"value":"UI Test"} | headers=HTTPHeaderDict({'content-length': '19', 'content-type': 'application/json; charset=utf-8', 'cache-control': 'no-cache'})
DEBUG    selenium.webdriver.remote.remote_connection:remote_connection.py:356 Finished Request
DEBUG    selenium.webdriver.remote.remote_connection:remote_connection.py:313 POST http://selenium-hub:4444/wd/hub/session/3113c0127527982047c2c0cbec19f22b/element/f.98D246DDA407406B6F8C3DBE00D42F41.d.348253207A90A264C8DB5FA6D463838C.e.548/element {"using": "css selector", "value": "div[data-testid='note-card-title']"}
DEBUG    urllib3.connectionpool:connectionpool.py:544 http://selenium-hub:4444 "POST /wd/hub/session/3113c0127527982047c2c0cbec19f22b/element/f.98D246DDA407406B6F8C3DBE00D42F41.d.348253207A90A264C8DB5FA6D463838C.e.548/element HTTP/1.1" 200 0
DEBUG    selenium.webdriver.remote.remote_connection:remote_connection.py:329 Remote response: status=200 | data={"value":{"element-6066-11e4-a52e-4f735466cecf":"f.98D246DDA407406B6F8C3DBE00D42F41.d.348253207A90A264C8DB5FA6D463838C.e.731"}} | headers=HTTPHeaderDict({'content-length': '127', 'content-type': 'application/json; charset=utf-8', 'cache-control': 'no-cache'})
DEBUG    selenium.webdriver.remote.remote_connection:remote_connection.py:356 Finished Request
DEBUG    selenium.webdriver.remote.remote_connection:remote_connection.py:313 GET http://selenium-hub:4444/wd/hub/session/3113c0127527982047c2c0cbec19f22b/element/f.98D246DDA407406B6F8C3DBE00D42F41.d.348253207A90A264C8DB5FA6D463838C.e.731/text {}
DEBUG    urllib3.connectionpool:connectionpool.py:544 http://selenium-hub:4444 "GET /wd/hub/session/3113c0127527982047c2c0cbec19f22b/element/f.98D246DDA407406B6F8C3DBE00D42F41.d.348253207A90A264C8DB5FA6D463838C.e.731/text HTTP/1.1" 200 0
DEBUG    selenium.webdriver.remote.remote_connection:remote_connection.py:329 Remote response: status=200 | data={"value":"API E2E 1778158079"} | headers=HTTPHeaderDict({'content-length': '30', 'content-type': 'application/json; charset=utf-8', 'cache-control': 'no-cache'})
DEBUG    selenium.webdriver.remote.remote_connection:remote_connection.py:356 Finished Request
DEBUG    selenium.webdriver.remote.remote_connection:remote_connection.py:313 POST http://selenium-hub:4444/wd/hub/session/3113c0127527982047c2c0cbec19f22b/element/f.98D246DDA407406B6F8C3DBE00D42F41.d.348253207A90A264C8DB5FA6D463838C.e.549/element {"using": "css selector", "value": "div[data-testid='note-card-title']"}
DEBUG    urllib3.connectionpool:connectionpool.py:544 http://selenium-hub:4444 "POST /wd/hub/session/3113c0127527982047c2c0cbec19f22b/element/f.98D246DDA407406B6F8C3DBE00D42F41.d.348253207A90A264C8DB5FA6D463838C.e.549/element HTTP/1.1" 200 0
DEBUG    selenium.webdriver.remote.remote_connection:remote_connection.py:329 Remote response: status=200 | data={"value":{"element-6066-11e4-a52e-4f735466cecf":"f.98D246DDA407406B6F8C3DBE00D42F41.d.348253207A90A264C8DB5FA6D463838C.e.732"}} | headers=HTTPHeaderDict({'content-length': '127', 'content-type': 'application/json; charset=utf-8', 'cache-control': 'no-cache'})
DEBUG    selenium.webdriver.remote.remote_connection:remote_connection.py:356 Finished Request
DEBUG    selenium.webdriver.remote.remote_connection:remote_connection.py:313 GET http://selenium-hub:4444/wd/hub/session/3113c0127527982047c2c0cbec19f22b/element/f.98D246DDA407406B6F8C3DBE00D42F41.d.348253207A90A264C8DB5FA6D463838C.e.732/text {}
DEBUG    urllib3.connectionpool:connectionpool.py:544 http://selenium-hub:4444 "GET /wd/hub/session/3113c0127527982047c2c0cbec19f22b/element/f.98D246DDA407406B6F8C3DBE00D42F41.d.348253207A90A264C8DB5FA6D463838C.e.732/text HTTP/1.1" 200 0
DEBUG    selenium.webdriver.remote.remote_connection:remote_connection.py:329 Remote response: status=200 | data={"value":"API E2E 1778157926"} | headers=HTTPHeaderDict({'content-length': '30', 'content-type': 'application/json; charset=utf-8', 'cache-control': 'no-cache'})
DEBUG    selenium.webdriver.remote.remote_connection:remote_connection.py:356 Finished Request
DEBUG    selenium.webdriver.remote.remote_connection:remote_connection.py:313 POST http://selenium-hub:4444/wd/hub/session/3113c0127527982047c2c0cbec19f22b/element/f.98D246DDA407406B6F8C3DBE00D42F41.d.348253207A90A264C8DB5FA6D463838C.e.550/element {"using": "css selector", "value": "div[data-testid='note-card-title']"}
DEBUG    urllib3.connectionpool:connectionpool.py:544 http://selenium-hub:4444 "POST /wd/hub/session/3113c0127527982047c2c0cbec19f22b/element/f.98D246DDA407406B6F8C3DBE00D42F41.d.348253207A90A264C8DB5FA6D463838C.e.550/element HTTP/1.1" 200 0
DEBUG    selenium.webdriver.remote.remote_connection:remote_connection.py:329 Remote response: status=200 | data={"value":{"element-6066-11e4-a52e-4f735466cecf":"f.98D246DDA407406B6F8C3DBE00D42F41.d.348253207A90A264C8DB5FA6D463838C.e.733"}} | headers=HTTPHeaderDict({'content-length': '127', 'content-type': 'application/json; charset=utf-8', 'cache-control': 'no-cache'})
DEBUG    selenium.webdriver.remote.remote_connection:remote_connection.py:356 Finished Request
DEBUG    selenium.webdriver.remote.remote_connection:remote_connection.py:313 GET http://selenium-hub:4444/wd/hub/session/3113c0127527982047c2c0cbec19f22b/element/f.98D246DDA407406B6F8C3DBE00D42F41.d.348253207A90A264C8DB5FA6D463838C.e.733/text {}
DEBUG    urllib3.connectionpool:connectionpool.py:544 http://selenium-hub:4444 "GET /wd/hub/session/3113c0127527982047c2c0cbec19f22b/element/f.98D246DDA407406B6F8C3DBE00D42F41.d.348253207A90A264C8DB5FA6D463838C.e.733/text HTTP/1.1" 200 0
DEBUG    selenium.webdriver.remote.remote_connection:remote_connection.py:329 Remote response: status=200 | data={"value":"API E2E 1778157694"} | headers=HTTPHeaderDict({'content-length': '30', 'content-type': 'application/json; charset=utf-8', 'cache-control': 'no-cache'})
DEBUG    selenium.webdriver.remote.remote_connection:remote_connection.py:356 Finished Request
DEBUG    selenium.webdriver.remote.remote_connection:remote_connection.py:313 POST http://selenium-hub:4444/wd/hub/session/3113c0127527982047c2c0cbec19f22b/element/f.98D246DDA407406B6F8C3DBE00D42F41.d.348253207A90A264C8DB5FA6D463838C.e.551/element {"using": "css selector", "value": "div[data-testid='note-card-title']"}
DEBUG    urllib3.connectionpool:connectionpool.py:544 http://selenium-hub:4444 "POST /wd/hub/session/3113c0127527982047c2c0cbec19f22b/element/f.98D246DDA407406B6F8C3DBE00D42F41.d.348253207A90A264C8DB5FA6D463838C.e.551/element HTTP/1.1" 200 0
DEBUG    selenium.webdriver.remote.remote_connection:remote_connection.py:329 Remote response: status=200 | data={"value":{"element-6066-11e4-a52e-4f735466cecf":"f.98D246DDA407406B6F8C3DBE00D42F41.d.348253207A90A264C8DB5FA6D463838C.e.734"}} | headers=HTTPHeaderDict({'content-length': '127', 'content-type': 'application/json; charset=utf-8', 'cache-control': 'no-cache'})
DEBUG    selenium.webdriver.remote.remote_connection:remote_connection.py:356 Finished Request
DEBUG    selenium.webdriver.remote.remote_connection:remote_connection.py:313 GET http://selenium-hub:4444/wd/hub/session/3113c0127527982047c2c0cbec19f22b/element/f.98D246DDA407406B6F8C3DBE00D42F41.d.348253207A90A264C8DB5FA6D463838C.e.734/text {}
DEBUG    urllib3.connectionpool:connectionpool.py:544 http://selenium-hub:4444 "GET /wd/hub/session/3113c0127527982047c2c0cbec19f22b/element/f.98D246DDA407406B6F8C3DBE00D42F41.d.348253207A90A264C8DB5FA6D463838C.e.734/text HTTP/1.1" 200 0
DEBUG    selenium.webdriver.remote.remote_connection:remote_connection.py:329 Remote response: status=200 | data={"value":"E2E Title"} | headers=HTTPHeaderDict({'content-length': '21', 'content-type': 'application/json; charset=utf-8', 'cache-control': 'no-cache'})
DEBUG    selenium.webdriver.remote.remote_connection:remote_connection.py:356 Finished Request
DEBUG    selenium.webdriver.remote.remote_connection:remote_connection.py:313 POST http://selenium-hub:4444/wd/hub/session/3113c0127527982047c2c0cbec19f22b/element/f.98D246DDA407406B6F8C3DBE00D42F41.d.348253207A90A264C8DB5FA6D463838C.e.552/element {"using": "css selector", "value": "div[data-testid='note-card-title']"}
DEBUG    urllib3.connectionpool:connectionpool.py:544 http://selenium-hub:4444 "POST /wd/hub/session/3113c0127527982047c2c0cbec19f22b/element/f.98D246DDA407406B6F8C3DBE00D42F41.d.348253207A90A264C8DB5FA6D463838C.e.552/element HTTP/1.1" 200 0
DEBUG    selenium.webdriver.remote.remote_connection:remote_connection.py:329 Remote response: status=200 | data={"value":{"element-6066-11e4-a52e-4f735466cecf":"f.98D246DDA407406B6F8C3DBE00D42F41.d.348253207A90A264C8DB5FA6D463838C.e.735"}} | headers=HTTPHeaderDict({'content-length': '127', 'content-type': 'application/json; charset=utf-8', 'cache-control': 'no-cache'})
DEBUG    selenium.webdriver.remote.remote_connection:remote_connection.py:356 Finished Request
DEBUG    selenium.webdriver.remote.remote_connection:remote_connection.py:313 GET http://selenium-hub:4444/wd/hub/session/3113c0127527982047c2c0cbec19f22b/element/f.98D246DDA407406B6F8C3DBE00D42F41.d.348253207A90A264C8DB5FA6D463838C.e.735/text {}
DEBUG    urllib3.connectionpool:connectionpool.py:544 http://selenium-hub:4444 "GET /wd/hub/session/3113c0127527982047c2c0cbec19f22b/element/f.98D246DDA407406B6F8C3DBE00D42F41.d.348253207A90A264C8DB5FA6D463838C.e.735/text HTTP/1.1" 200 0
DEBUG    selenium.webdriver.remote.remote_connection:remote_connection.py:329 Remote response: status=200 | data={"value":"UI Test"} | headers=HTTPHeaderDict({'content-length': '19', 'content-type': 'application/json; charset=utf-8', 'cache-control': 'no-cache'})
DEBUG    selenium.webdriver.remote.remote_connection:remote_connection.py:356 Finished Request
DEBUG    selenium.webdriver.remote.remote_connection:remote_connection.py:313 POST http://selenium-hub:4444/wd/hub/session/3113c0127527982047c2c0cbec19f22b/element/f.98D246DDA407406B6F8C3DBE00D42F41.d.348253207A90A264C8DB5FA6D463838C.e.553/element {"using": "css selector", "value": "div[data-testid='note-card-title']"}
DEBUG    urllib3.connectionpool:connectionpool.py:544 http://selenium-hub:4444 "POST /wd/hub/session/3113c0127527982047c2c0cbec19f22b/element/f.98D246DDA407406B6F8C3DBE00D42F41.d.348253207A90A264C8DB5FA6D463838C.e.553/element HTTP/1.1" 200 0
DEBUG    selenium.webdriver.remote.remote_connection:remote_connection.py:329 Remote response: status=200 | data={"value":{"element-6066-11e4-a52e-4f735466cecf":"f.98D246DDA407406B6F8C3DBE00D42F41.d.348253207A90A264C8DB5FA6D463838C.e.736"}} | headers=HTTPHeaderDict({'content-length': '127', 'content-type': 'application/json; charset=utf-8', 'cache-control': 'no-cache'})
DEBUG    selenium.webdriver.remote.remote_connection:remote_connection.py:356 Finished Request
DEBUG    selenium.webdriver.remote.remote_connection:remote_connection.py:313 GET http://selenium-hub:4444/wd/hub/session/3113c0127527982047c2c0cbec19f22b/element/f.98D246DDA407406B6F8C3DBE00D42F41.d.348253207A90A264C8DB5FA6D463838C.e.736/text {}
DEBUG    urllib3.connectionpool:connectionpool.py:544 http://selenium-hub:4444 "GET /wd/hub/session/3113c0127527982047c2c0cbec19f22b/element/f.98D246DDA407406B6F8C3DBE00D42F41.d.348253207A90A264C8DB5FA6D463838C.e.736/text HTTP/1.1" 200 0
DEBUG    selenium.webdriver.remote.remote_connection:remote_connection.py:329 Remote response: status=200 | data={"value":"API E2E 1778157013"} | headers=HTTPHeaderDict({'content-length': '30', 'content-type': 'application/json; charset=utf-8', 'cache-control': 'no-cache'})
DEBUG    selenium.webdriver.remote.remote_connection:remote_connection.py:356 Finished Request
DEBUG    selenium.webdriver.remote.remote_connection:remote_connection.py:313 POST http://selenium-hub:4444/wd/hub/session/3113c0127527982047c2c0cbec19f22b/element/f.98D246DDA407406B6F8C3DBE00D42F41.d.348253207A90A264C8DB5FA6D463838C.e.554/element {"using": "css selector", "value": "div[data-testid='note-card-title']"}
DEBUG    urllib3.connectionpool:connectionpool.py:544 http://selenium-hub:4444 "POST /wd/hub/session/3113c0127527982047c2c0cbec19f22b/element/f.98D246DDA407406B6F8C3DBE00D42F41.d.348253207A90A264C8DB5FA6D463838C.e.554/element HTTP/1.1" 200 0
DEBUG    selenium.webdriver.remote.remote_connection:remote_connection.py:329 Remote response: status=200 | data={"value":{"element-6066-11e4-a52e-4f735466cecf":"f.98D246DDA407406B6F8C3DBE00D42F41.d.348253207A90A264C8DB5FA6D463838C.e.737"}} | headers=HTTPHeaderDict({'content-length': '127', 'content-type': 'application/json; charset=utf-8', 'cache-control': 'no-cache'})
DEBUG    selenium.webdriver.remote.remote_connection:remote_connection.py:356 Finished Request
DEBUG    selenium.webdriver.remote.remote_connection:remote_connection.py:313 GET http://selenium-hub:4444/wd/hub/session/3113c0127527982047c2c0cbec19f22b/element/f.98D246DDA407406B6F8C3DBE00D42F41.d.348253207A90A264C8DB5FA6D463838C.e.737/text {}
DEBUG    urllib3.connectionpool:connectionpool.py:544 http://selenium-hub:4444 "GET /wd/hub/session/3113c0127527982047c2c0cbec19f22b/element/f.98D246DDA407406B6F8C3DBE00D42F41.d.348253207A90A264C8DB5FA6D463838C.e.737/text HTTP/1.1" 200 0
DEBUG    selenium.webdriver.remote.remote_connection:remote_connection.py:329 Remote response: status=200 | data={"value":"API E2E 1778156970"} | headers=HTTPHeaderDict({'content-length': '30', 'content-type': 'application/json; charset=utf-8', 'cache-control': 'no-cache'})
DEBUG    selenium.webdriver.remote.remote_connection:remote_connection.py:356 Finished Request
DEBUG    selenium.webdriver.remote.remote_connection:remote_connection.py:313 POST http://selenium-hub:4444/wd/hub/session/3113c0127527982047c2c0cbec19f22b/element/f.98D246DDA407406B6F8C3DBE00D42F41.d.348253207A90A264C8DB5FA6D463838C.e.555/element {"using": "css selector", "value": "div[data-testid='note-card-title']"}
DEBUG    urllib3.connectionpool:connectionpool.py:544 http://selenium-hub:4444 "POST /wd/hub/session/3113c0127527982047c2c0cbec19f22b/element/f.98D246DDA407406B6F8C3DBE00D42F41.d.348253207A90A264C8DB5FA6D463838C.e.555/element HTTP/1.1" 200 0
DEBUG    selenium.webdriver.remote.remote_connection:remote_connection.py:329 Remote response: status=200 | data={"value":{"element-6066-11e4-a52e-4f735466cecf":"f.98D246DDA407406B6F8C3DBE00D42F41.d.348253207A90A264C8DB5FA6D463838C.e.738"}} | headers=HTTPHeaderDict({'content-length': '127', 'content-type': 'application/json; charset=utf-8', 'cache-control': 'no-cache'})
DEBUG    selenium.webdriver.remote.remote_connection:remote_connection.py:356 Finished Request
DEBUG    selenium.webdriver.remote.remote_connection:remote_connection.py:313 GET http://selenium-hub:4444/wd/hub/session/3113c0127527982047c2c0cbec19f22b/element/f.98D246DDA407406B6F8C3DBE00D42F41.d.348253207A90A264C8DB5FA6D463838C.e.738/text {}
DEBUG    urllib3.connectionpool:connectionpool.py:544 http://selenium-hub:4444 "GET /wd/hub/session/3113c0127527982047c2c0cbec19f22b/element/f.98D246DDA407406B6F8C3DBE00D42F41.d.348253207A90A264C8DB5FA6D463838C.e.738/text HTTP/1.1" 200 0
DEBUG    selenium.webdriver.remote.remote_connection:remote_connection.py:329 Remote response: status=200 | data={"value":"E2E Title"} | headers=HTTPHeaderDict({'content-length': '21', 'content-type': 'application/json; charset=utf-8', 'cache-control': 'no-cache'})
DEBUG    selenium.webdriver.remote.remote_connection:remote_connection.py:356 Finished Request
DEBUG    selenium.webdriver.remote.remote_connection:remote_connection.py:313 POST http://selenium-hub:4444/wd/hub/session/3113c0127527982047c2c0cbec19f22b/element/f.98D246DDA407406B6F8C3DBE00D42F41.d.348253207A90A264C8DB5FA6D463838C.e.556/element {"using": "css selector", "value": "div[data-testid='note-card-title']"}
DEBUG    urllib3.connectionpool:connectionpool.py:544 http://selenium-hub:4444 "POST /wd/hub/session/3113c0127527982047c2c0cbec19f22b/element/f.98D246DDA407406B6F8C3DBE00D42F41.d.348253207A90A264C8DB5FA6D463838C.e.556/element HTTP/1.1" 200 0
DEBUG    selenium.webdriver.remote.remote_connection:remote_connection.py:329 Remote response: status=200 | data={"value":{"element-6066-11e4-a52e-4f735466cecf":"f.98D246DDA407406B6F8C3DBE00D42F41.d.348253207A90A264C8DB5FA6D463838C.e.739"}} | headers=HTTPHeaderDict({'content-length': '127', 'content-type': 'application/json; charset=utf-8', 'cache-control': 'no-cache'})
DEBUG    selenium.webdriver.remote.remote_connection:remote_connection.py:356 Finished Request
DEBUG    selenium.webdriver.remote.remote_connection:remote_connection.py:313 GET http://selenium-hub:4444/wd/hub/session/3113c0127527982047c2c0cbec19f22b/element/f.98D246DDA407406B6F8C3DBE00D42F41.d.348253207A90A264C8DB5FA6D463838C.e.739/text {}
DEBUG    urllib3.connectionpool:connectionpool.py:544 http://selenium-hub:4444 "GET /wd/hub/session/3113c0127527982047c2c0cbec19f22b/element/f.98D246DDA407406B6F8C3DBE00D42F41.d.348253207A90A264C8DB5FA6D463838C.e.739/text HTTP/1.1" 200 0
DEBUG    selenium.webdriver.remote.remote_connection:remote_connection.py:329 Remote response: status=200 | data={"value":"API E2E 1778154927"} | headers=HTTPHeaderDict({'content-length': '30', 'content-type': 'application/json; charset=utf-8', 'cache-control': 'no-cache'})
DEBUG    selenium.webdriver.remote.remote_connection:remote_connection.py:356 Finished Request
DEBUG    selenium.webdriver.remote.remote_connection:remote_connection.py:313 POST http://selenium-hub:4444/wd/hub/session/3113c0127527982047c2c0cbec19f22b/element/f.98D246DDA407406B6F8C3DBE00D42F41.d.348253207A90A264C8DB5FA6D463838C.e.557/element {"using": "css selector", "value": "div[data-testid='note-card-title']"}
DEBUG    urllib3.connectionpool:connectionpool.py:544 http://selenium-hub:4444 "POST /wd/hub/session/3113c0127527982047c2c0cbec19f22b/element/f.98D246DDA407406B6F8C3DBE00D42F41.d.348253207A90A264C8DB5FA6D463838C.e.557/element HTTP/1.1" 200 0
DEBUG    selenium.webdriver.remote.remote_connection:remote_connection.py:329 Remote response: status=200 | data={"value":{"element-6066-11e4-a52e-4f735466cecf":"f.98D246DDA407406B6F8C3DBE00D42F41.d.348253207A90A264C8DB5FA6D463838C.e.740"}} | headers=HTTPHeaderDict({'content-length': '127', 'content-type': 'application/json; charset=utf-8', 'cache-control': 'no-cache'})
DEBUG    selenium.webdriver.remote.remote_connection:remote_connection.py:356 Finished Request
DEBUG    selenium.webdriver.remote.remote_connection:remote_connection.py:313 GET http://selenium-hub:4444/wd/hub/session/3113c0127527982047c2c0cbec19f22b/element/f.98D246DDA407406B6F8C3DBE00D42F41.d.348253207A90A264C8DB5FA6D463838C.e.740/text {}
DEBUG    urllib3.connectionpool:connectionpool.py:544 http://selenium-hub:4444 "GET /wd/hub/session/3113c0127527982047c2c0cbec19f22b/element/f.98D246DDA407406B6F8C3DBE00D42F41.d.348253207A90A264C8DB5FA6D463838C.e.740/text HTTP/1.1" 200 0
DEBUG    selenium.webdriver.remote.remote_connection:remote_connection.py:329 Remote response: status=200 | data={"value":"UI Test"} | headers=HTTPHeaderDict({'content-length': '19', 'content-type': 'application/json; charset=utf-8', 'cache-control': 'no-cache'})
DEBUG    selenium.webdriver.remote.remote_connection:remote_connection.py:356 Finished Request
DEBUG    selenium.webdriver.remote.remote_connection:remote_connection.py:313 POST http://selenium-hub:4444/wd/hub/session/3113c0127527982047c2c0cbec19f22b/element/f.98D246DDA407406B6F8C3DBE00D42F41.d.348253207A90A264C8DB5FA6D463838C.e.558/element {"using": "css selector", "value": "div[data-testid='note-card-title']"}
DEBUG    urllib3.connectionpool:connectionpool.py:544 http://selenium-hub:4444 "POST /wd/hub/session/3113c0127527982047c2c0cbec19f22b/element/f.98D246DDA407406B6F8C3DBE00D42F41.d.348253207A90A264C8DB5FA6D463838C.e.558/element HTTP/1.1" 200 0
DEBUG    selenium.webdriver.remote.remote_connection:remote_connection.py:329 Remote response: status=200 | data={"value":{"element-6066-11e4-a52e-4f735466cecf":"f.98D246DDA407406B6F8C3DBE00D42F41.d.348253207A90A264C8DB5FA6D463838C.e.741"}} | headers=HTTPHeaderDict({'content-length': '127', 'content-type': 'application/json; charset=utf-8', 'cache-control': 'no-cache'})
DEBUG    selenium.webdriver.remote.remote_connection:remote_connection.py:356 Finished Request
DEBUG    selenium.webdriver.remote.remote_connection:remote_connection.py:313 GET http://selenium-hub:4444/wd/hub/session/3113c0127527982047c2c0cbec19f22b/element/f.98D246DDA407406B6F8C3DBE00D42F41.d.348253207A90A264C8DB5FA6D463838C.e.741/text {}
DEBUG    urllib3.connectionpool:connectionpool.py:544 http://selenium-hub:4444 "GET /wd/hub/session/3113c0127527982047c2c0cbec19f22b/element/f.98D246DDA407406B6F8C3DBE00D42F41.d.348253207A90A264C8DB5FA6D463838C.e.741/text HTTP/1.1" 200 0
DEBUG    selenium.webdriver.remote.remote_connection:remote_connection.py:329 Remote response: status=200 | data={"value":"E2E Title"} | headers=HTTPHeaderDict({'content-length': '21', 'content-type': 'application/json; charset=utf-8', 'cache-control': 'no-cache'})
DEBUG    selenium.webdriver.remote.remote_connection:remote_connection.py:356 Finished Request
DEBUG    selenium.webdriver.remote.remote_connection:remote_connection.py:313 POST http://selenium-hub:4444/wd/hub/session/3113c0127527982047c2c0cbec19f22b/element/f.98D246DDA407406B6F8C3DBE00D42F41.d.348253207A90A264C8DB5FA6D463838C.e.559/element {"using": "css selector", "value": "div[data-testid='note-card-title']"}
DEBUG    urllib3.connectionpool:connectionpool.py:544 http://selenium-hub:4444 "POST /wd/hub/session/3113c0127527982047c2c0cbec19f22b/element/f.98D246DDA407406B6F8C3DBE00D42F41.d.348253207A90A264C8DB5FA6D463838C.e.559/element HTTP/1.1" 200 0
DEBUG    selenium.webdriver.remote.remote_connection:remote_connection.py:329 Remote response: status=200 | data={"value":{"element-6066-11e4-a52e-4f735466cecf":"f.98D246DDA407406B6F8C3DBE00D42F41.d.348253207A90A264C8DB5FA6D463838C.e.742"}} | headers=HTTPHeaderDict({'content-length': '127', 'content-type': 'application/json; charset=utf-8', 'cache-control': 'no-cache'})
DEBUG    selenium.webdriver.remote.remote_connection:remote_connection.py:356 Finished Request
DEBUG    selenium.webdriver.remote.remote_connection:remote_connection.py:313 GET http://selenium-hub:4444/wd/hub/session/3113c0127527982047c2c0cbec19f22b/element/f.98D246DDA407406B6F8C3DBE00D42F41.d.348253207A90A264C8DB5FA6D463838C.e.742/text {}
DEBUG    urllib3.connectionpool:connectionpool.py:544 http://selenium-hub:4444 "GET /wd/hub/session/3113c0127527982047c2c0cbec19f22b/element/f.98D246DDA407406B6F8C3DBE00D42F41.d.348253207A90A264C8DB5FA6D463838C.e.742/text HTTP/1.1" 200 0
DEBUG    selenium.webdriver.remote.remote_connection:remote_connection.py:329 Remote response: status=200 | data={"value":"E2E Title"} | headers=HTTPHeaderDict({'content-length': '21', 'content-type': 'application/json; charset=utf-8', 'cache-control': 'no-cache'})
DEBUG    selenium.webdriver.remote.remote_connection:remote_connection.py:356 Finished Request
DEBUG    selenium.webdriver.remote.remote_connection:remote_connection.py:313 POST http://selenium-hub:4444/wd/hub/session/3113c0127527982047c2c0cbec19f22b/element/f.98D246DDA407406B6F8C3DBE00D42F41.d.348253207A90A264C8DB5FA6D463838C.e.560/element {"using": "css selector", "value": "div[data-testid='note-card-title']"}
DEBUG    urllib3.connectionpool:connectionpool.py:544 http://selenium-hub:4444 "POST /wd/hub/session/3113c0127527982047c2c0cbec19f22b/element/f.98D246DDA407406B6F8C3DBE00D42F41.d.348253207A90A264C8DB5FA6D463838C.e.560/element HTTP/1.1" 200 0
DEBUG    selenium.webdriver.remote.remote_connection:remote_connection.py:329 Remote response: status=200 | data={"value":{"element-6066-11e4-a52e-4f735466cecf":"f.98D246DDA407406B6F8C3DBE00D42F41.d.348253207A90A264C8DB5FA6D463838C.e.743"}} | headers=HTTPHeaderDict({'content-length': '127', 'content-type': 'application/json; charset=utf-8', 'cache-control': 'no-cache'})
DEBUG    selenium.webdriver.remote.remote_connection:remote_connection.py:356 Finished Request
DEBUG    selenium.webdriver.remote.remote_connection:remote_connection.py:313 GET http://selenium-hub:4444/wd/hub/session/3113c0127527982047c2c0cbec19f22b/element/f.98D246DDA407406B6F8C3DBE00D42F41.d.348253207A90A264C8DB5FA6D463838C.e.743/text {}
DEBUG    urllib3.connectionpool:connectionpool.py:544 http://selenium-hub:4444 "GET /wd/hub/session/3113c0127527982047c2c0cbec19f22b/element/f.98D246DDA407406B6F8C3DBE00D42F41.d.348253207A90A264C8DB5FA6D463838C.e.743/text HTTP/1.1" 200 0
DEBUG    selenium.webdriver.remote.remote_connection:remote_connection.py:329 Remote response: status=200 | data={"value":"API E2E 1778145170"} | headers=HTTPHeaderDict({'content-length': '30', 'content-type': 'application/json; charset=utf-8', 'cache-control': 'no-cache'})
DEBUG    selenium.webdriver.remote.remote_connection:remote_connection.py:356 Finished Request
DEBUG    selenium.webdriver.remote.remote_connection:remote_connection.py:313 POST http://selenium-hub:4444/wd/hub/session/3113c0127527982047c2c0cbec19f22b/element/f.98D246DDA407406B6F8C3DBE00D42F41.d.348253207A90A264C8DB5FA6D463838C.e.561/element {"using": "css selector", "value": "div[data-testid='note-card-title']"}
DEBUG    urllib3.connectionpool:connectionpool.py:544 http://selenium-hub:4444 "POST /wd/hub/session/3113c0127527982047c2c0cbec19f22b/element/f.98D246DDA407406B6F8C3DBE00D42F41.d.348253207A90A264C8DB5FA6D463838C.e.561/element HTTP/1.1" 200 0
DEBUG    selenium.webdriver.remote.remote_connection:remote_connection.py:329 Remote response: status=200 | data={"value":{"element-6066-11e4-a52e-4f735466cecf":"f.98D246DDA407406B6F8C3DBE00D42F41.d.348253207A90A264C8DB5FA6D463838C.e.744"}} | headers=HTTPHeaderDict({'content-length': '127', 'content-type': 'application/json; charset=utf-8', 'cache-control': 'no-cache'})
DEBUG    selenium.webdriver.remote.remote_connection:remote_connection.py:356 Finished Request
DEBUG    selenium.webdriver.remote.remote_connection:remote_connection.py:313 GET http://selenium-hub:4444/wd/hub/session/3113c0127527982047c2c0cbec19f22b/element/f.98D246DDA407406B6F8C3DBE00D42F41.d.348253207A90A264C8DB5FA6D463838C.e.744/text {}
DEBUG    urllib3.connectionpool:connectionpool.py:544 http://selenium-hub:4444 "GET /wd/hub/session/3113c0127527982047c2c0cbec19f22b/element/f.98D246DDA407406B6F8C3DBE00D42F41.d.348253207A90A264C8DB5FA6D463838C.e.744/text HTTP/1.1" 200 0
DEBUG    selenium.webdriver.remote.remote_connection:remote_connection.py:329 Remote response: status=200 | data={"value":"API E2E 1778144787"} | headers=HTTPHeaderDict({'content-length': '30', 'content-type': 'application/json; charset=utf-8', 'cache-control': 'no-cache'})
DEBUG    selenium.webdriver.remote.remote_connection:remote_connection.py:356 Finished Request
DEBUG    selenium.webdriver.remote.remote_connection:remote_connection.py:313 POST http://selenium-hub:4444/wd/hub/session/3113c0127527982047c2c0cbec19f22b/element/f.98D246DDA407406B6F8C3DBE00D42F41.d.348253207A90A264C8DB5FA6D463838C.e.562/element {"using": "css selector", "value": "div[data-testid='note-card-title']"}
DEBUG    urllib3.connectionpool:connectionpool.py:544 http://selenium-hub:4444 "POST /wd/hub/session/3113c0127527982047c2c0cbec19f22b/element/f.98D246DDA407406B6F8C3DBE00D42F41.d.348253207A90A264C8DB5FA6D463838C.e.562/element HTTP/1.1" 200 0
DEBUG    selenium.webdriver.remote.remote_connection:remote_connection.py:329 Remote response: status=200 | data={"value":{"element-6066-11e4-a52e-4f735466cecf":"f.98D246DDA407406B6F8C3DBE00D42F41.d.348253207A90A264C8DB5FA6D463838C.e.745"}} | headers=HTTPHeaderDict({'content-length': '127', 'content-type': 'application/json; charset=utf-8', 'cache-control': 'no-cache'})
DEBUG    selenium.webdriver.remote.remote_connection:remote_connection.py:356 Finished Request
DEBUG    selenium.webdriver.remote.remote_connection:remote_connection.py:313 GET http://selenium-hub:4444/wd/hub/session/3113c0127527982047c2c0cbec19f22b/element/f.98D246DDA407406B6F8C3DBE00D42F41.d.348253207A90A264C8DB5FA6D463838C.e.745/text {}
DEBUG    urllib3.connectionpool:connectionpool.py:544 http://selenium-hub:4444 "GET /wd/hub/session/3113c0127527982047c2c0cbec19f22b/element/f.98D246DDA407406B6F8C3DBE00D42F41.d.348253207A90A264C8DB5FA6D463838C.e.745/text HTTP/1.1" 200 0
DEBUG    selenium.webdriver.remote.remote_connection:remote_connection.py:329 Remote response: status=200 | data={"value":"API E2E 1778144428"} | headers=HTTPHeaderDict({'content-length': '30', 'content-type': 'application/json; charset=utf-8', 'cache-control': 'no-cache'})
DEBUG    selenium.webdriver.remote.remote_connection:remote_connection.py:356 Finished Request
DEBUG    selenium.webdriver.remote.remote_connection:remote_connection.py:313 POST http://selenium-hub:4444/wd/hub/session/3113c0127527982047c2c0cbec19f22b/element/f.98D246DDA407406B6F8C3DBE00D42F41.d.348253207A90A264C8DB5FA6D463838C.e.563/element {"using": "css selector", "value": "div[data-testid='note-card-title']"}
DEBUG    urllib3.connectionpool:connectionpool.py:544 http://selenium-hub:4444 "POST /wd/hub/session/3113c0127527982047c2c0cbec19f22b/element/f.98D246DDA407406B6F8C3DBE00D42F41.d.348253207A90A264C8DB5FA6D463838C.e.563/element HTTP/1.1" 200 0
DEBUG    selenium.webdriver.remote.remote_connection:remote_connection.py:329 Remote response: status=200 | data={"value":{"element-6066-11e4-a52e-4f735466cecf":"f.98D246DDA407406B6F8C3DBE00D42F41.d.348253207A90A264C8DB5FA6D463838C.e.746"}} | headers=HTTPHeaderDict({'content-length': '127', 'content-type': 'application/json; charset=utf-8', 'cache-control': 'no-cache'})
DEBUG    selenium.webdriver.remote.remote_connection:remote_connection.py:356 Finished Request
DEBUG    selenium.webdriver.remote.remote_connection:remote_connection.py:313 GET http://selenium-hub:4444/wd/hub/session/3113c0127527982047c2c0cbec19f22b/element/f.98D246DDA407406B6F8C3DBE00D42F41.d.348253207A90A264C8DB5FA6D463838C.e.746/text {}
DEBUG    urllib3.connectionpool:connectionpool.py:544 http://selenium-hub:4444 "GET /wd/hub/session/3113c0127527982047c2c0cbec19f22b/element/f.98D246DDA407406B6F8C3DBE00D42F41.d.348253207A90A264C8DB5FA6D463838C.e.746/text HTTP/1.1" 200 0
DEBUG    selenium.webdriver.remote.remote_connection:remote_connection.py:329 Remote response: status=200 | data={"value":"API E2E 1778143482"} | headers=HTTPHeaderDict({'content-length': '30', 'content-type': 'application/json; charset=utf-8', 'cache-control': 'no-cache'})
DEBUG    selenium.webdriver.remote.remote_connection:remote_connection.py:356 Finished Request
DEBUG    selenium.webdriver.remote.remote_connection:remote_connection.py:313 POST http://selenium-hub:4444/wd/hub/session/3113c0127527982047c2c0cbec19f22b/element/f.98D246DDA407406B6F8C3DBE00D42F41.d.348253207A90A264C8DB5FA6D463838C.e.564/element {"using": "css selector", "value": "div[data-testid='note-card-title']"}
DEBUG    urllib3.connectionpool:connectionpool.py:544 http://selenium-hub:4444 "POST /wd/hub/session/3113c0127527982047c2c0cbec19f22b/element/f.98D246DDA407406B6F8C3DBE00D42F41.d.348253207A90A264C8DB5FA6D463838C.e.564/element HTTP/1.1" 200 0
DEBUG    selenium.webdriver.remote.remote_connection:remote_connection.py:329 Remote response: status=200 | data={"value":{"element-6066-11e4-a52e-4f735466cecf":"f.98D246DDA407406B6F8C3DBE00D42F41.d.348253207A90A264C8DB5FA6D463838C.e.747"}} | headers=HTTPHeaderDict({'content-length': '127', 'content-type': 'application/json; charset=utf-8', 'cache-control': 'no-cache'})
DEBUG    selenium.webdriver.remote.remote_connection:remote_connection.py:356 Finished Request
DEBUG    selenium.webdriver.remote.remote_connection:remote_connection.py:313 GET http://selenium-hub:4444/wd/hub/session/3113c0127527982047c2c0cbec19f22b/element/f.98D246DDA407406B6F8C3DBE00D42F41.d.348253207A90A264C8DB5FA6D463838C.e.747/text {}
DEBUG    urllib3.connectionpool:connectionpool.py:544 http://selenium-hub:4444 "GET /wd/hub/session/3113c0127527982047c2c0cbec19f22b/element/f.98D246DDA407406B6F8C3DBE00D42F41.d.348253207A90A264C8DB5FA6D463838C.e.747/text HTTP/1.1" 200 0
DEBUG    selenium.webdriver.remote.remote_connection:remote_connection.py:329 Remote response: status=200 | data={"value":"E2E Title"} | headers=HTTPHeaderDict({'content-length': '21', 'content-type': 'application/json; charset=utf-8', 'cache-control': 'no-cache'})
DEBUG    selenium.webdriver.remote.remote_connection:remote_connection.py:356 Finished Request
DEBUG    selenium.webdriver.remote.remote_connection:remote_connection.py:313 POST http://selenium-hub:4444/wd/hub/session/3113c0127527982047c2c0cbec19f22b/element/f.98D246DDA407406B6F8C3DBE00D42F41.d.348253207A90A264C8DB5FA6D463838C.e.565/element {"using": "css selector", "value": "div[data-testid='note-card-title']"}
DEBUG    urllib3.connectionpool:connectionpool.py:544 http://selenium-hub:4444 "POST /wd/hub/session/3113c0127527982047c2c0cbec19f22b/element/f.98D246DDA407406B6F8C3DBE00D42F41.d.348253207A90A264C8DB5FA6D463838C.e.565/element HTTP/1.1" 200 0
DEBUG    selenium.webdriver.remote.remote_connection:remote_connection.py:329 Remote response: status=200 | data={"value":{"element-6066-11e4-a52e-4f735466cecf":"f.98D246DDA407406B6F8C3DBE00D42F41.d.348253207A90A264C8DB5FA6D463838C.e.748"}} | headers=HTTPHeaderDict({'content-length': '127', 'content-type': 'application/json; charset=utf-8', 'cache-control': 'no-cache'})
DEBUG    selenium.webdriver.remote.remote_connection:remote_connection.py:356 Finished Request
DEBUG    selenium.webdriver.remote.remote_connection:remote_connection.py:313 GET http://selenium-hub:4444/wd/hub/session/3113c0127527982047c2c0cbec19f22b/element/f.98D246DDA407406B6F8C3DBE00D42F41.d.348253207A90A264C8DB5FA6D463838C.e.748/text {}
DEBUG    urllib3.connectionpool:connectionpool.py:544 http://selenium-hub:4444 "GET /wd/hub/session/3113c0127527982047c2c0cbec19f22b/element/f.98D246DDA407406B6F8C3DBE00D42F41.d.348253207A90A264C8DB5FA6D463838C.e.748/text HTTP/1.1" 200 0
DEBUG    selenium.webdriver.remote.remote_connection:remote_connection.py:329 Remote response: status=200 | data={"value":"API E2E 1778142575"} | headers=HTTPHeaderDict({'content-length': '30', 'content-type': 'application/json; charset=utf-8', 'cache-control': 'no-cache'})
DEBUG    selenium.webdriver.remote.remote_connection:remote_connection.py:356 Finished Request
DEBUG    selenium.webdriver.remote.remote_connection:remote_connection.py:313 POST http://selenium-hub:4444/wd/hub/session/3113c0127527982047c2c0cbec19f22b/element/f.98D246DDA407406B6F8C3DBE00D42F41.d.348253207A90A264C8DB5FA6D463838C.e.566/element {"using": "css selector", "value": "div[data-testid='note-card-title']"}
DEBUG    urllib3.connectionpool:connectionpool.py:544 http://selenium-hub:4444 "POST /wd/hub/session/3113c0127527982047c2c0cbec19f22b/element/f.98D246DDA407406B6F8C3DBE00D42F41.d.348253207A90A264C8DB5FA6D463838C.e.566/element HTTP/1.1" 200 0
DEBUG    selenium.webdriver.remote.remote_connection:remote_connection.py:329 Remote response: status=200 | data={"value":{"element-6066-11e4-a52e-4f735466cecf":"f.98D246DDA407406B6F8C3DBE00D42F41.d.348253207A90A264C8DB5FA6D463838C.e.749"}} | headers=HTTPHeaderDict({'content-length': '127', 'content-type': 'application/json; charset=utf-8', 'cache-control': 'no-cache'})
DEBUG    selenium.webdriver.remote.remote_connection:remote_connection.py:356 Finished Request
DEBUG    selenium.webdriver.remote.remote_connection:remote_connection.py:313 GET http://selenium-hub:4444/wd/hub/session/3113c0127527982047c2c0cbec19f22b/element/f.98D246DDA407406B6F8C3DBE00D42F41.d.348253207A90A264C8DB5FA6D463838C.e.749/text {}
DEBUG    urllib3.connectionpool:connectionpool.py:544 http://selenium-hub:4444 "GET /wd/hub/session/3113c0127527982047c2c0cbec19f22b/element/f.98D246DDA407406B6F8C3DBE00D42F41.d.348253207A90A264C8DB5FA6D463838C.e.749/text HTTP/1.1" 200 0
DEBUG    selenium.webdriver.remote.remote_connection:remote_connection.py:329 Remote response: status=200 | data={"value":"E2E Title"} | headers=HTTPHeaderDict({'content-length': '21', 'content-type': 'application/json; charset=utf-8', 'cache-control': 'no-cache'})
DEBUG    selenium.webdriver.remote.remote_connection:remote_connection.py:356 Finished Request
DEBUG    selenium.webdriver.remote.remote_connection:remote_connection.py:313 POST http://selenium-hub:4444/wd/hub/session/3113c0127527982047c2c0cbec19f22b/element/f.98D246DDA407406B6F8C3DBE00D42F41.d.348253207A90A264C8DB5FA6D463838C.e.567/element {"using": "css selector", "value": "div[data-testid='note-card-title']"}
DEBUG    urllib3.connectionpool:connectionpool.py:544 http://selenium-hub:4444 "POST /wd/hub/session/3113c0127527982047c2c0cbec19f22b/element/f.98D246DDA407406B6F8C3DBE00D42F41.d.348253207A90A264C8DB5FA6D463838C.e.567/element HTTP/1.1" 200 0
DEBUG    selenium.webdriver.remote.remote_connection:remote_connection.py:329 Remote response: status=200 | data={"value":{"element-6066-11e4-a52e-4f735466cecf":"f.98D246DDA407406B6F8C3DBE00D42F41.d.348253207A90A264C8DB5FA6D463838C.e.750"}} | headers=HTTPHeaderDict({'content-length': '127', 'content-type': 'application/json; charset=utf-8', 'cache-control': 'no-cache'})
DEBUG    selenium.webdriver.remote.remote_connection:remote_connection.py:356 Finished Request
DEBUG    selenium.webdriver.remote.remote_connection:remote_connection.py:313 GET http://selenium-hub:4444/wd/hub/session/3113c0127527982047c2c0cbec19f22b/element/f.98D246DDA407406B6F8C3DBE00D42F41.d.348253207A90A264C8DB5FA6D463838C.e.750/text {}
DEBUG    urllib3.connectionpool:connectionpool.py:544 http://selenium-hub:4444 "GET /wd/hub/session/3113c0127527982047c2c0cbec19f22b/element/f.98D246DDA407406B6F8C3DBE00D42F41.d.348253207A90A264C8DB5FA6D463838C.e.750/text HTTP/1.1" 200 0
DEBUG    selenium.webdriver.remote.remote_connection:remote_connection.py:329 Remote response: status=200 | data={"value":"UI Test"} | headers=HTTPHeaderDict({'content-length': '19', 'content-type': 'application/json; charset=utf-8', 'cache-control': 'no-cache'})
DEBUG    selenium.webdriver.remote.remote_connection:remote_connection.py:356 Finished Request
DEBUG    selenium.webdriver.remote.remote_connection:remote_connection.py:313 POST http://selenium-hub:4444/wd/hub/session/3113c0127527982047c2c0cbec19f22b/element/f.98D246DDA407406B6F8C3DBE00D42F41.d.348253207A90A264C8DB5FA6D463838C.e.568/element {"using": "css selector", "value": "div[data-testid='note-card-title']"}
DEBUG    urllib3.connectionpool:connectionpool.py:544 http://selenium-hub:4444 "POST /wd/hub/session/3113c0127527982047c2c0cbec19f22b/element/f.98D246DDA407406B6F8C3DBE00D42F41.d.348253207A90A264C8DB5FA6D463838C.e.568/element HTTP/1.1" 200 0
DEBUG    selenium.webdriver.remote.remote_connection:remote_connection.py:329 Remote response: status=200 | data={"value":{"element-6066-11e4-a52e-4f735466cecf":"f.98D246DDA407406B6F8C3DBE00D42F41.d.348253207A90A264C8DB5FA6D463838C.e.751"}} | headers=HTTPHeaderDict({'content-length': '127', 'content-type': 'application/json; charset=utf-8', 'cache-control': 'no-cache'})
DEBUG    selenium.webdriver.remote.remote_connection:remote_connection.py:356 Finished Request
DEBUG    selenium.webdriver.remote.remote_connection:remote_connection.py:313 GET http://selenium-hub:4444/wd/hub/session/3113c0127527982047c2c0cbec19f22b/element/f.98D246DDA407406B6F8C3DBE00D42F41.d.348253207A90A264C8DB5FA6D463838C.e.751/text {}
DEBUG    urllib3.connectionpool:connectionpool.py:544 http://selenium-hub:4444 "GET /wd/hub/session/3113c0127527982047c2c0cbec19f22b/element/f.98D246DDA407406B6F8C3DBE00D42F41.d.348253207A90A264C8DB5FA6D463838C.e.751/text HTTP/1.1" 200 0
DEBUG    selenium.webdriver.remote.remote_connection:remote_connection.py:329 Remote response: status=200 | data={"value":"API E2E 1778135958"} | headers=HTTPHeaderDict({'content-length': '30', 'content-type': 'application/json; charset=utf-8', 'cache-control': 'no-cache'})
DEBUG    selenium.webdriver.remote.remote_connection:remote_connection.py:356 Finished Request
DEBUG    selenium.webdriver.remote.remote_connection:remote_connection.py:313 POST http://selenium-hub:4444/wd/hub/session/3113c0127527982047c2c0cbec19f22b/element/f.98D246DDA407406B6F8C3DBE00D42F41.d.348253207A90A264C8DB5FA6D463838C.e.569/element {"using": "css selector", "value": "div[data-testid='note-card-title']"}
DEBUG    urllib3.connectionpool:connectionpool.py:544 http://selenium-hub:4444 "POST /wd/hub/session/3113c0127527982047c2c0cbec19f22b/element/f.98D246DDA407406B6F8C3DBE00D42F41.d.348253207A90A264C8DB5FA6D463838C.e.569/element HTTP/1.1" 200 0
DEBUG    selenium.webdriver.remote.remote_connection:remote_connection.py:329 Remote response: status=200 | data={"value":{"element-6066-11e4-a52e-4f735466cecf":"f.98D246DDA407406B6F8C3DBE00D42F41.d.348253207A90A264C8DB5FA6D463838C.e.752"}} | headers=HTTPHeaderDict({'content-length': '127', 'content-type': 'application/json; charset=utf-8', 'cache-control': 'no-cache'})
DEBUG    selenium.webdriver.remote.remote_connection:remote_connection.py:356 Finished Request
DEBUG    selenium.webdriver.remote.remote_connection:remote_connection.py:313 GET http://selenium-hub:4444/wd/hub/session/3113c0127527982047c2c0cbec19f22b/element/f.98D246DDA407406B6F8C3DBE00D42F41.d.348253207A90A264C8DB5FA6D463838C.e.752/text {}
DEBUG    urllib3.connectionpool:connectionpool.py:544 http://selenium-hub:4444 "GET /wd/hub/session/3113c0127527982047c2c0cbec19f22b/element/f.98D246DDA407406B6F8C3DBE00D42F41.d.348253207A90A264C8DB5FA6D463838C.e.752/text HTTP/1.1" 200 0
DEBUG    selenium.webdriver.remote.remote_connection:remote_connection.py:329 Remote response: status=200 | data={"value":"API E2E 1778135911"} | headers=HTTPHeaderDict({'content-length': '30', 'content-type': 'application/json; charset=utf-8', 'cache-control': 'no-cache'})
DEBUG    selenium.webdriver.remote.remote_connection:remote_connection.py:356 Finished Request
DEBUG    selenium.webdriver.remote.remote_connection:remote_connection.py:313 POST http://selenium-hub:4444/wd/hub/session/3113c0127527982047c2c0cbec19f22b/element/f.98D246DDA407406B6F8C3DBE00D42F41.d.348253207A90A264C8DB5FA6D463838C.e.570/element {"using": "css selector", "value": "div[data-testid='note-card-title']"}
DEBUG    urllib3.connectionpool:connectionpool.py:544 http://selenium-hub:4444 "POST /wd/hub/session/3113c0127527982047c2c0cbec19f22b/element/f.98D246DDA407406B6F8C3DBE00D42F41.d.348253207A90A264C8DB5FA6D463838C.e.570/element HTTP/1.1" 200 0
DEBUG    selenium.webdriver.remote.remote_connection:remote_connection.py:329 Remote response: status=200 | data={"value":{"element-6066-11e4-a52e-4f735466cecf":"f.98D246DDA407406B6F8C3DBE00D42F41.d.348253207A90A264C8DB5FA6D463838C.e.753"}} | headers=HTTPHeaderDict({'content-length': '127', 'content-type': 'application/json; charset=utf-8', 'cache-control': 'no-cache'})
DEBUG    selenium.webdriver.remote.remote_connection:remote_connection.py:356 Finished Request
DEBUG    selenium.webdriver.remote.remote_connection:remote_connection.py:313 GET http://selenium-hub:4444/wd/hub/session/3113c0127527982047c2c0cbec19f22b/element/f.98D246DDA407406B6F8C3DBE00D42F41.d.348253207A90A264C8DB5FA6D463838C.e.753/text {}
DEBUG    urllib3.connectionpool:connectionpool.py:544 http://selenium-hub:4444 "GET /wd/hub/session/3113c0127527982047c2c0cbec19f22b/element/f.98D246DDA407406B6F8C3DBE00D42F41.d.348253207A90A264C8DB5FA6D463838C.e.753/text HTTP/1.1" 200 0
DEBUG    selenium.webdriver.remote.remote_connection:remote_connection.py:329 Remote response: status=200 | data={"value":"E2E Title"} | headers=HTTPHeaderDict({'content-length': '21', 'content-type': 'application/json; charset=utf-8', 'cache-control': 'no-cache'})
DEBUG    selenium.webdriver.remote.remote_connection:remote_connection.py:356 Finished Request
DEBUG    selenium.webdriver.remote.remote_connection:remote_connection.py:313 POST http://selenium-hub:4444/wd/hub/session/3113c0127527982047c2c0cbec19f22b/element/f.98D246DDA407406B6F8C3DBE00D42F41.d.348253207A90A264C8DB5FA6D463838C.e.571/element {"using": "css selector", "value": "div[data-testid='note-card-title']"}
DEBUG    urllib3.connectionpool:connectionpool.py:544 http://selenium-hub:4444 "POST /wd/hub/session/3113c0127527982047c2c0cbec19f22b/element/f.98D246DDA407406B6F8C3DBE00D42F41.d.348253207A90A264C8DB5FA6D463838C.e.571/element HTTP/1.1" 200 0
DEBUG    selenium.webdriver.remote.remote_connection:remote_connection.py:329 Remote response: status=200 | data={"value":{"element-6066-11e4-a52e-4f735466cecf":"f.98D246DDA407406B6F8C3DBE00D42F41.d.348253207A90A264C8DB5FA6D463838C.e.754"}} | headers=HTTPHeaderDict({'content-length': '127', 'content-type': 'application/json; charset=utf-8', 'cache-control': 'no-cache'})
DEBUG    selenium.webdriver.remote.remote_connection:remote_connection.py:356 Finished Request
DEBUG    selenium.webdriver.remote.remote_connection:remote_connection.py:313 GET http://selenium-hub:4444/wd/hub/session/3113c0127527982047c2c0cbec19f22b/element/f.98D246DDA407406B6F8C3DBE00D42F41.d.348253207A90A264C8DB5FA6D463838C.e.754/text {}
DEBUG    urllib3.connectionpool:connectionpool.py:544 http://selenium-hub:4444 "GET /wd/hub/session/3113c0127527982047c2c0cbec19f22b/element/f.98D246DDA407406B6F8C3DBE00D42F41.d.348253207A90A264C8DB5FA6D463838C.e.754/text HTTP/1.1" 200 0
DEBUG    selenium.webdriver.remote.remote_connection:remote_connection.py:329 Remote response: status=200 | data={"value":"UI Test"} | headers=HTTPHeaderDict({'content-length': '19', 'content-type': 'application/json; charset=utf-8', 'cache-control': 'no-cache'})
DEBUG    selenium.webdriver.remote.remote_connection:remote_connection.py:356 Finished Request
DEBUG    selenium.webdriver.remote.remote_connection:remote_connection.py:313 POST http://selenium-hub:4444/wd/hub/session/3113c0127527982047c2c0cbec19f22b/element/f.98D246DDA407406B6F8C3DBE00D42F41.d.348253207A90A264C8DB5FA6D463838C.e.572/element {"using": "css selector", "value": "div[data-testid='note-card-title']"}
DEBUG    urllib3.connectionpool:connectionpool.py:544 http://selenium-hub:4444 "POST /wd/hub/session/3113c0127527982047c2c0cbec19f22b/element/f.98D246DDA407406B6F8C3DBE00D42F41.d.348253207A90A264C8DB5FA6D463838C.e.572/element HTTP/1.1" 200 0
DEBUG    selenium.webdriver.remote.remote_connection:remote_connection.py:329 Remote response: status=200 | data={"value":{"element-6066-11e4-a52e-4f735466cecf":"f.98D246DDA407406B6F8C3DBE00D42F41.d.348253207A90A264C8DB5FA6D463838C.e.755"}} | headers=HTTPHeaderDict({'content-length': '127', 'content-type': 'application/json; charset=utf-8', 'cache-control': 'no-cache'})
DEBUG    selenium.webdriver.remote.remote_connection:remote_connection.py:356 Finished Request
DEBUG    selenium.webdriver.remote.remote_connection:remote_connection.py:313 GET http://selenium-hub:4444/wd/hub/session/3113c0127527982047c2c0cbec19f22b/element/f.98D246DDA407406B6F8C3DBE00D42F41.d.348253207A90A264C8DB5FA6D463838C.e.755/text {}
DEBUG    urllib3.connectionpool:connectionpool.py:544 http://selenium-hub:4444 "GET /wd/hub/session/3113c0127527982047c2c0cbec19f22b/element/f.98D246DDA407406B6F8C3DBE00D42F41.d.348253207A90A264C8DB5FA6D463838C.e.755/text HTTP/1.1" 200 0
DEBUG    selenium.webdriver.remote.remote_connection:remote_connection.py:329 Remote response: status=200 | data={"value":"E2E Title"} | headers=HTTPHeaderDict({'content-length': '21', 'content-type': 'application/json; charset=utf-8', 'cache-control': 'no-cache'})
DEBUG    selenium.webdriver.remote.remote_connection:remote_connection.py:356 Finished Request
DEBUG    selenium.webdriver.remote.remote_connection:remote_connection.py:313 POST http://selenium-hub:4444/wd/hub/session/3113c0127527982047c2c0cbec19f22b/element/f.98D246DDA407406B6F8C3DBE00D42F41.d.348253207A90A264C8DB5FA6D463838C.e.573/element {"using": "css selector", "value": "div[data-testid='note-card-title']"}
DEBUG    urllib3.connectionpool:connectionpool.py:544 http://selenium-hub:4444 "POST /wd/hub/session/3113c0127527982047c2c0cbec19f22b/element/f.98D246DDA407406B6F8C3DBE00D42F41.d.348253207A90A264C8DB5FA6D463838C.e.573/element HTTP/1.1" 200 0
DEBUG    selenium.webdriver.remote.remote_connection:remote_connection.py:329 Remote response: status=200 | data={"value":{"element-6066-11e4-a52e-4f735466cecf":"f.98D246DDA407406B6F8C3DBE00D42F41.d.348253207A90A264C8DB5FA6D463838C.e.756"}} | headers=HTTPHeaderDict({'content-length': '127', 'content-type': 'application/json; charset=utf-8', 'cache-control': 'no-cache'})
DEBUG    selenium.webdriver.remote.remote_connection:remote_connection.py:356 Finished Request
DEBUG    selenium.webdriver.remote.remote_connection:remote_connection.py:313 GET http://selenium-hub:4444/wd/hub/session/3113c0127527982047c2c0cbec19f22b/element/f.98D246DDA407406B6F8C3DBE00D42F41.d.348253207A90A264C8DB5FA6D463838C.e.756/text {}
DEBUG    urllib3.connectionpool:connectionpool.py:544 http://selenium-hub:4444 "GET /wd/hub/session/3113c0127527982047c2c0cbec19f22b/element/f.98D246DDA407406B6F8C3DBE00D42F41.d.348253207A90A264C8DB5FA6D463838C.e.756/text HTTP/1.1" 200 0
DEBUG    selenium.webdriver.remote.remote_connection:remote_connection.py:329 Remote response: status=200 | data={"value":"UI Test"} | headers=HTTPHeaderDict({'content-length': '19', 'content-type': 'application/json; charset=utf-8', 'cache-control': 'no-cache'})
DEBUG    selenium.webdriver.remote.remote_connection:remote_connection.py:356 Finished Request
DEBUG    selenium.webdriver.remote.remote_connection:remote_connection.py:313 POST http://selenium-hub:4444/wd/hub/session/3113c0127527982047c2c0cbec19f22b/element/f.98D246DDA407406B6F8C3DBE00D42F41.d.348253207A90A264C8DB5FA6D463838C.e.574/element {"using": "css selector", "value": "div[data-testid='note-card-title']"}
DEBUG    urllib3.connectionpool:connectionpool.py:544 http://selenium-hub:4444 "POST /wd/hub/session/3113c0127527982047c2c0cbec19f22b/element/f.98D246DDA407406B6F8C3DBE00D42F41.d.348253207A90A264C8DB5FA6D463838C.e.574/element HTTP/1.1" 200 0
DEBUG    selenium.webdriver.remote.remote_connection:remote_connection.py:329 Remote response: status=200 | data={"value":{"element-6066-11e4-a52e-4f735466cecf":"f.98D246DDA407406B6F8C3DBE00D42F41.d.348253207A90A264C8DB5FA6D463838C.e.757"}} | headers=HTTPHeaderDict({'content-length': '127', 'content-type': 'application/json; charset=utf-8', 'cache-control': 'no-cache'})
DEBUG    selenium.webdriver.remote.remote_connection:remote_connection.py:356 Finished Request
DEBUG    selenium.webdriver.remote.remote_connection:remote_connection.py:313 GET http://selenium-hub:4444/wd/hub/session/3113c0127527982047c2c0cbec19f22b/element/f.98D246DDA407406B6F8C3DBE00D42F41.d.348253207A90A264C8DB5FA6D463838C.e.757/text {}
DEBUG    urllib3.connectionpool:connectionpool.py:544 http://selenium-hub:4444 "GET /wd/hub/session/3113c0127527982047c2c0cbec19f22b/element/f.98D246DDA407406B6F8C3DBE00D42F41.d.348253207A90A264C8DB5FA6D463838C.e.757/text HTTP/1.1" 200 0
DEBUG    selenium.webdriver.remote.remote_connection:remote_connection.py:329 Remote response: status=200 | data={"value":"E2E Title"} | headers=HTTPHeaderDict({'content-length': '21', 'content-type': 'application/json; charset=utf-8', 'cache-control': 'no-cache'})
DEBUG    selenium.webdriver.remote.remote_connection:remote_connection.py:356 Finished Request
DEBUG    selenium.webdriver.remote.remote_connection:remote_connection.py:313 POST http://selenium-hub:4444/wd/hub/session/3113c0127527982047c2c0cbec19f22b/element/f.98D246DDA407406B6F8C3DBE00D42F41.d.348253207A90A264C8DB5FA6D463838C.e.575/element {"using": "css selector", "value": "div[data-testid='note-card-title']"}
DEBUG    urllib3.connectionpool:connectionpool.py:544 http://selenium-hub:4444 "POST /wd/hub/session/3113c0127527982047c2c0cbec19f22b/element/f.98D246DDA407406B6F8C3DBE00D42F41.d.348253207A90A264C8DB5FA6D463838C.e.575/element HTTP/1.1" 200 0
DEBUG    selenium.webdriver.remote.remote_connection:remote_connection.py:329 Remote response: status=200 | data={"value":{"element-6066-11e4-a52e-4f735466cecf":"f.98D246DDA407406B6F8C3DBE00D42F41.d.348253207A90A264C8DB5FA6D463838C.e.758"}} | headers=HTTPHeaderDict({'content-length': '127', 'content-type': 'application/json; charset=utf-8', 'cache-control': 'no-cache'})
DEBUG    selenium.webdriver.remote.remote_connection:remote_connection.py:356 Finished Request
DEBUG    selenium.webdriver.remote.remote_connection:remote_connection.py:313 GET http://selenium-hub:4444/wd/hub/session/3113c0127527982047c2c0cbec19f22b/element/f.98D246DDA407406B6F8C3DBE00D42F41.d.348253207A90A264C8DB5FA6D463838C.e.758/text {}
DEBUG    urllib3.connectionpool:connectionpool.py:544 http://selenium-hub:4444 "GET /wd/hub/session/3113c0127527982047c2c0cbec19f22b/element/f.98D246DDA407406B6F8C3DBE00D42F41.d.348253207A90A264C8DB5FA6D463838C.e.758/text HTTP/1.1" 200 0
DEBUG    selenium.webdriver.remote.remote_connection:remote_connection.py:329 Remote response: status=200 | data={"value":"UI Test"} | headers=HTTPHeaderDict({'content-length': '19', 'content-type': 'application/json; charset=utf-8', 'cache-control': 'no-cache'})
DEBUG    selenium.webdriver.remote.remote_connection:remote_connection.py:356 Finished Request
DEBUG    selenium.webdriver.remote.remote_connection:remote_connection.py:313 POST http://selenium-hub:4444/wd/hub/session/3113c0127527982047c2c0cbec19f22b/element/f.98D246DDA407406B6F8C3DBE00D42F41.d.348253207A90A264C8DB5FA6D463838C.e.576/element {"using": "css selector", "value": "div[data-testid='note-card-title']"}
DEBUG    urllib3.connectionpool:connectionpool.py:544 http://selenium-hub:4444 "POST /wd/hub/session/3113c0127527982047c2c0cbec19f22b/element/f.98D246DDA407406B6F8C3DBE00D42F41.d.348253207A90A264C8DB5FA6D463838C.e.576/element HTTP/1.1" 200 0
DEBUG    selenium.webdriver.remote.remote_connection:remote_connection.py:329 Remote response: status=200 | data={"value":{"element-6066-11e4-a52e-4f735466cecf":"f.98D246DDA407406B6F8C3DBE00D42F41.d.348253207A90A264C8DB5FA6D463838C.e.759"}} | headers=HTTPHeaderDict({'content-length': '127', 'content-type': 'application/json; charset=utf-8', 'cache-control': 'no-cache'})
DEBUG    selenium.webdriver.remote.remote_connection:remote_connection.py:356 Finished Request
DEBUG    selenium.webdriver.remote.remote_connection:remote_connection.py:313 GET http://selenium-hub:4444/wd/hub/session/3113c0127527982047c2c0cbec19f22b/element/f.98D246DDA407406B6F8C3DBE00D42F41.d.348253207A90A264C8DB5FA6D463838C.e.759/text {}
DEBUG    urllib3.connectionpool:connectionpool.py:544 http://selenium-hub:4444 "GET /wd/hub/session/3113c0127527982047c2c0cbec19f22b/element/f.98D246DDA407406B6F8C3DBE00D42F41.d.348253207A90A264C8DB5FA6D463838C.e.759/text HTTP/1.1" 200 0
DEBUG    selenium.webdriver.remote.remote_connection:remote_connection.py:329 Remote response: status=200 | data={"value":"API E2E 1778130003"} | headers=HTTPHeaderDict({'content-length': '30', 'content-type': 'application/json; charset=utf-8', 'cache-control': 'no-cache'})
DEBUG    selenium.webdriver.remote.remote_connection:remote_connection.py:356 Finished Request
DEBUG    selenium.webdriver.remote.remote_connection:remote_connection.py:313 POST http://selenium-hub:4444/wd/hub/session/3113c0127527982047c2c0cbec19f22b/element/f.98D246DDA407406B6F8C3DBE00D42F41.d.348253207A90A264C8DB5FA6D463838C.e.577/element {"using": "css selector", "value": "div[data-testid='note-card-title']"}
DEBUG    urllib3.connectionpool:connectionpool.py:544 http://selenium-hub:4444 "POST /wd/hub/session/3113c0127527982047c2c0cbec19f22b/element/f.98D246DDA407406B6F8C3DBE00D42F41.d.348253207A90A264C8DB5FA6D463838C.e.577/element HTTP/1.1" 200 0
DEBUG    selenium.webdriver.remote.remote_connection:remote_connection.py:329 Remote response: status=200 | data={"value":{"element-6066-11e4-a52e-4f735466cecf":"f.98D246DDA407406B6F8C3DBE00D42F41.d.348253207A90A264C8DB5FA6D463838C.e.760"}} | headers=HTTPHeaderDict({'content-length': '127', 'content-type': 'application/json; charset=utf-8', 'cache-control': 'no-cache'})
DEBUG    selenium.webdriver.remote.remote_connection:remote_connection.py:356 Finished Request
DEBUG    selenium.webdriver.remote.remote_connection:remote_connection.py:313 GET http://selenium-hub:4444/wd/hub/session/3113c0127527982047c2c0cbec19f22b/element/f.98D246DDA407406B6F8C3DBE00D42F41.d.348253207A90A264C8DB5FA6D463838C.e.760/text {}
DEBUG    urllib3.connectionpool:connectionpool.py:544 http://selenium-hub:4444 "GET /wd/hub/session/3113c0127527982047c2c0cbec19f22b/element/f.98D246DDA407406B6F8C3DBE00D42F41.d.348253207A90A264C8DB5FA6D463838C.e.760/text HTTP/1.1" 200 0
DEBUG    selenium.webdriver.remote.remote_connection:remote_connection.py:329 Remote response: status=200 | data={"value":"E2E Title"} | headers=HTTPHeaderDict({'content-length': '21', 'content-type': 'application/json; charset=utf-8', 'cache-control': 'no-cache'})
DEBUG    selenium.webdriver.remote.remote_connection:remote_connection.py:356 Finished Request
DEBUG    selenium.webdriver.remote.remote_connection:remote_connection.py:313 POST http://selenium-hub:4444/wd/hub/session/3113c0127527982047c2c0cbec19f22b/element/f.98D246DDA407406B6F8C3DBE00D42F41.d.348253207A90A264C8DB5FA6D463838C.e.578/element {"using": "css selector", "value": "div[data-testid='note-card-title']"}
DEBUG    urllib3.connectionpool:connectionpool.py:544 http://selenium-hub:4444 "POST /wd/hub/session/3113c0127527982047c2c0cbec19f22b/element/f.98D246DDA407406B6F8C3DBE00D42F41.d.348253207A90A264C8DB5FA6D463838C.e.578/element HTTP/1.1" 200 0
DEBUG    selenium.webdriver.remote.remote_connection:remote_connection.py:329 Remote response: status=200 | data={"value":{"element-6066-11e4-a52e-4f735466cecf":"f.98D246DDA407406B6F8C3DBE00D42F41.d.348253207A90A264C8DB5FA6D463838C.e.761"}} | headers=HTTPHeaderDict({'content-length': '127', 'content-type': 'application/json; charset=utf-8', 'cache-control': 'no-cache'})
DEBUG    selenium.webdriver.remote.remote_connection:remote_connection.py:356 Finished Request
DEBUG    selenium.webdriver.remote.remote_connection:remote_connection.py:313 GET http://selenium-hub:4444/wd/hub/session/3113c0127527982047c2c0cbec19f22b/element/f.98D246DDA407406B6F8C3DBE00D42F41.d.348253207A90A264C8DB5FA6D463838C.e.761/text {}
DEBUG    urllib3.connectionpool:connectionpool.py:544 http://selenium-hub:4444 "GET /wd/hub/session/3113c0127527982047c2c0cbec19f22b/element/f.98D246DDA407406B6F8C3DBE00D42F41.d.348253207A90A264C8DB5FA6D463838C.e.761/text HTTP/1.1" 200 0
DEBUG    selenium.webdriver.remote.remote_connection:remote_connection.py:329 Remote response: status=200 | data={"value":"UI Test"} | headers=HTTPHeaderDict({'content-length': '19', 'content-type': 'application/json; charset=utf-8', 'cache-control': 'no-cache'})
DEBUG    selenium.webdriver.remote.remote_connection:remote_connection.py:356 Finished Request
DEBUG    selenium.webdriver.remote.remote_connection:remote_connection.py:313 POST http://selenium-hub:4444/wd/hub/session/3113c0127527982047c2c0cbec19f22b/element/f.98D246DDA407406B6F8C3DBE00D42F41.d.348253207A90A264C8DB5FA6D463838C.e.579/element {"using": "css selector", "value": "div[data-testid='note-card-title']"}
DEBUG    urllib3.connectionpool:connectionpool.py:544 http://selenium-hub:4444 "POST /wd/hub/session/3113c0127527982047c2c0cbec19f22b/element/f.98D246DDA407406B6F8C3DBE00D42F41.d.348253207A90A264C8DB5FA6D463838C.e.579/element HTTP/1.1" 200 0
DEBUG    selenium.webdriver.remote.remote_connection:remote_connection.py:329 Remote response: status=200 | data={"value":{"element-6066-11e4-a52e-4f735466cecf":"f.98D246DDA407406B6F8C3DBE00D42F41.d.348253207A90A264C8DB5FA6D463838C.e.762"}} | headers=HTTPHeaderDict({'content-length': '127', 'content-type': 'application/json; charset=utf-8', 'cache-control': 'no-cache'})
DEBUG    selenium.webdriver.remote.remote_connection:remote_connection.py:356 Finished Request
DEBUG    selenium.webdriver.remote.remote_connection:remote_connection.py:313 GET http://selenium-hub:4444/wd/hub/session/3113c0127527982047c2c0cbec19f22b/element/f.98D246DDA407406B6F8C3DBE00D42F41.d.348253207A90A264C8DB5FA6D463838C.e.762/text {}
DEBUG    urllib3.connectionpool:connectionpool.py:544 http://selenium-hub:4444 "GET /wd/hub/session/3113c0127527982047c2c0cbec19f22b/element/f.98D246DDA407406B6F8C3DBE00D42F41.d.348253207A90A264C8DB5FA6D463838C.e.762/text HTTP/1.1" 200 0
DEBUG    selenium.webdriver.remote.remote_connection:remote_connection.py:329 Remote response: status=200 | data={"value":"Delete Note 1778128727"} | headers=HTTPHeaderDict({'content-length': '34', 'content-type': 'application/json; charset=utf-8', 'cache-control': 'no-cache'})
DEBUG    selenium.webdriver.remote.remote_connection:remote_connection.py:356 Finished Request
DEBUG    selenium.webdriver.remote.remote_connection:remote_connection.py:313 POST http://selenium-hub:4444/wd/hub/session/3113c0127527982047c2c0cbec19f22b/element/f.98D246DDA407406B6F8C3DBE00D42F41.d.348253207A90A264C8DB5FA6D463838C.e.580/element {"using": "css selector", "value": "div[data-testid='note-card-title']"}
DEBUG    urllib3.connectionpool:connectionpool.py:544 http://selenium-hub:4444 "POST /wd/hub/session/3113c0127527982047c2c0cbec19f22b/element/f.98D246DDA407406B6F8C3DBE00D42F41.d.348253207A90A264C8DB5FA6D463838C.e.580/element HTTP/1.1" 200 0
DEBUG    selenium.webdriver.remote.remote_connection:remote_connection.py:329 Remote response: status=200 | data={"value":{"element-6066-11e4-a52e-4f735466cecf":"f.98D246DDA407406B6F8C3DBE00D42F41.d.348253207A90A264C8DB5FA6D463838C.e.763"}} | headers=HTTPHeaderDict({'content-length': '127', 'content-type': 'application/json; charset=utf-8', 'cache-control': 'no-cache'})
DEBUG    selenium.webdriver.remote.remote_connection:remote_connection.py:356 Finished Request
DEBUG    selenium.webdriver.remote.remote_connection:remote_connection.py:313 GET http://selenium-hub:4444/wd/hub/session/3113c0127527982047c2c0cbec19f22b/element/f.98D246DDA407406B6F8C3DBE00D42F41.d.348253207A90A264C8DB5FA6D463838C.e.763/text {}
DEBUG    urllib3.connectionpool:connectionpool.py:544 http://selenium-hub:4444 "GET /wd/hub/session/3113c0127527982047c2c0cbec19f22b/element/f.98D246DDA407406B6F8C3DBE00D42F41.d.348253207A90A264C8DB5FA6D463838C.e.763/text HTTP/1.1" 200 0
DEBUG    selenium.webdriver.remote.remote_connection:remote_connection.py:329 Remote response: status=200 | data={"value":"E2E Title"} | headers=HTTPHeaderDict({'content-length': '21', 'content-type': 'application/json; charset=utf-8', 'cache-control': 'no-cache'})
DEBUG    selenium.webdriver.remote.remote_connection:remote_connection.py:356 Finished Request
DEBUG    selenium.webdriver.remote.remote_connection:remote_connection.py:313 POST http://selenium-hub:4444/wd/hub/session/3113c0127527982047c2c0cbec19f22b/element/f.98D246DDA407406B6F8C3DBE00D42F41.d.348253207A90A264C8DB5FA6D463838C.e.581/element {"using": "css selector", "value": "div[data-testid='note-card-title']"}
DEBUG    urllib3.connectionpool:connectionpool.py:544 http://selenium-hub:4444 "POST /wd/hub/session/3113c0127527982047c2c0cbec19f22b/element/f.98D246DDA407406B6F8C3DBE00D42F41.d.348253207A90A264C8DB5FA6D463838C.e.581/element HTTP/1.1" 200 0
DEBUG    selenium.webdriver.remote.remote_connection:remote_connection.py:329 Remote response: status=200 | data={"value":{"element-6066-11e4-a52e-4f735466cecf":"f.98D246DDA407406B6F8C3DBE00D42F41.d.348253207A90A264C8DB5FA6D463838C.e.764"}} | headers=HTTPHeaderDict({'content-length': '127', 'content-type': 'application/json; charset=utf-8', 'cache-control': 'no-cache'})
DEBUG    selenium.webdriver.remote.remote_connection:remote_connection.py:356 Finished Request
DEBUG    selenium.webdriver.remote.remote_connection:remote_connection.py:313 GET http://selenium-hub:4444/wd/hub/session/3113c0127527982047c2c0cbec19f22b/element/f.98D246DDA407406B6F8C3DBE00D42F41.d.348253207A90A264C8DB5FA6D463838C.e.764/text {}
DEBUG    urllib3.connectionpool:connectionpool.py:544 http://selenium-hub:4444 "GET /wd/hub/session/3113c0127527982047c2c0cbec19f22b/element/f.98D246DDA407406B6F8C3DBE00D42F41.d.348253207A90A264C8DB5FA6D463838C.e.764/text HTTP/1.1" 200 0
DEBUG    selenium.webdriver.remote.remote_connection:remote_connection.py:329 Remote response: status=200 | data={"value":"UI Test"} | headers=HTTPHeaderDict({'content-length': '19', 'content-type': 'application/json; charset=utf-8', 'cache-control': 'no-cache'})
DEBUG    selenium.webdriver.remote.remote_connection:remote_connection.py:356 Finished Request
DEBUG    selenium.webdriver.remote.remote_connection:remote_connection.py:313 POST http://selenium-hub:4444/wd/hub/session/3113c0127527982047c2c0cbec19f22b/element/f.98D246DDA407406B6F8C3DBE00D42F41.d.348253207A90A264C8DB5FA6D463838C.e.582/element {"using": "css selector", "value": "div[data-testid='note-card-title']"}
DEBUG    urllib3.connectionpool:connectionpool.py:544 http://selenium-hub:4444 "POST /wd/hub/session/3113c0127527982047c2c0cbec19f22b/element/f.98D246DDA407406B6F8C3DBE00D42F41.d.348253207A90A264C8DB5FA6D463838C.e.582/element HTTP/1.1" 200 0
DEBUG    selenium.webdriver.remote.remote_connection:remote_connection.py:329 Remote response: status=200 | data={"value":{"element-6066-11e4-a52e-4f735466cecf":"f.98D246DDA407406B6F8C3DBE00D42F41.d.348253207A90A264C8DB5FA6D463838C.e.765"}} | headers=HTTPHeaderDict({'content-length': '127', 'content-type': 'application/json; charset=utf-8', 'cache-control': 'no-cache'})
DEBUG    selenium.webdriver.remote.remote_connection:remote_connection.py:356 Finished Request
DEBUG    selenium.webdriver.remote.remote_connection:remote_connection.py:313 GET http://selenium-hub:4444/wd/hub/session/3113c0127527982047c2c0cbec19f22b/element/f.98D246DDA407406B6F8C3DBE00D42F41.d.348253207A90A264C8DB5FA6D463838C.e.765/text {}
DEBUG    urllib3.connectionpool:connectionpool.py:544 http://selenium-hub:4444 "GET /wd/hub/session/3113c0127527982047c2c0cbec19f22b/element/f.98D246DDA407406B6F8C3DBE00D42F41.d.348253207A90A264C8DB5FA6D463838C.e.765/text HTTP/1.1" 200 0
DEBUG    selenium.webdriver.remote.remote_connection:remote_connection.py:329 Remote response: status=200 | data={"value":"E2E Title"} | headers=HTTPHeaderDict({'content-length': '21', 'content-type': 'application/json; charset=utf-8', 'cache-control': 'no-cache'})
DEBUG    selenium.webdriver.remote.remote_connection:remote_connection.py:356 Finished Request
DEBUG    selenium.webdriver.remote.remote_connection:remote_connection.py:313 POST http://selenium-hub:4444/wd/hub/session/3113c0127527982047c2c0cbec19f22b/element/f.98D246DDA407406B6F8C3DBE00D42F41.d.348253207A90A264C8DB5FA6D463838C.e.583/element {"using": "css selector", "value": "div[data-testid='note-card-title']"}
DEBUG    urllib3.connectionpool:connectionpool.py:544 http://selenium-hub:4444 "POST /wd/hub/session/3113c0127527982047c2c0cbec19f22b/element/f.98D246DDA407406B6F8C3DBE00D42F41.d.348253207A90A264C8DB5FA6D463838C.e.583/element HTTP/1.1" 200 0
DEBUG    selenium.webdriver.remote.remote_connection:remote_connection.py:329 Remote response: status=200 | data={"value":{"element-6066-11e4-a52e-4f735466cecf":"f.98D246DDA407406B6F8C3DBE00D42F41.d.348253207A90A264C8DB5FA6D463838C.e.766"}} | headers=HTTPHeaderDict({'content-length': '127', 'content-type': 'application/json; charset=utf-8', 'cache-control': 'no-cache'})
DEBUG    selenium.webdriver.remote.remote_connection:remote_connection.py:356 Finished Request
DEBUG    selenium.webdriver.remote.remote_connection:remote_connection.py:313 GET http://selenium-hub:4444/wd/hub/session/3113c0127527982047c2c0cbec19f22b/element/f.98D246DDA407406B6F8C3DBE00D42F41.d.348253207A90A264C8DB5FA6D463838C.e.766/text {}
DEBUG    urllib3.connectionpool:connectionpool.py:544 http://selenium-hub:4444 "GET /wd/hub/session/3113c0127527982047c2c0cbec19f22b/element/f.98D246DDA407406B6F8C3DBE00D42F41.d.348253207A90A264C8DB5FA6D463838C.e.766/text HTTP/1.1" 200 0
DEBUG    selenium.webdriver.remote.remote_connection:remote_connection.py:329 Remote response: status=200 | data={"value":"UI Test"} | headers=HTTPHeaderDict({'content-length': '19', 'content-type': 'application/json; charset=utf-8', 'cache-control': 'no-cache'})
DEBUG    selenium.webdriver.remote.remote_connection:remote_connection.py:356 Finished Request
DEBUG    selenium.webdriver.remote.remote_connection:remote_connection.py:313 POST http://selenium-hub:4444/wd/hub/session/3113c0127527982047c2c0cbec19f22b/element/f.98D246DDA407406B6F8C3DBE00D42F41.d.348253207A90A264C8DB5FA6D463838C.e.584/element {"using": "css selector", "value": "div[data-testid='note-card-title']"}
DEBUG    urllib3.connectionpool:connectionpool.py:544 http://selenium-hub:4444 "POST /wd/hub/session/3113c0127527982047c2c0cbec19f22b/element/f.98D246DDA407406B6F8C3DBE00D42F41.d.348253207A90A264C8DB5FA6D463838C.e.584/element HTTP/1.1" 200 0
DEBUG    selenium.webdriver.remote.remote_connection:remote_connection.py:329 Remote response: status=200 | data={"value":{"element-6066-11e4-a52e-4f735466cecf":"f.98D246DDA407406B6F8C3DBE00D42F41.d.348253207A90A264C8DB5FA6D463838C.e.767"}} | headers=HTTPHeaderDict({'content-length': '127', 'content-type': 'application/json; charset=utf-8', 'cache-control': 'no-cache'})
DEBUG    selenium.webdriver.remote.remote_connection:remote_connection.py:356 Finished Request
DEBUG    selenium.webdriver.remote.remote_connection:remote_connection.py:313 GET http://selenium-hub:4444/wd/hub/session/3113c0127527982047c2c0cbec19f22b/element/f.98D246DDA407406B6F8C3DBE00D42F41.d.348253207A90A264C8DB5FA6D463838C.e.767/text {}
DEBUG    urllib3.connectionpool:connectionpool.py:544 http://selenium-hub:4444 "GET /wd/hub/session/3113c0127527982047c2c0cbec19f22b/element/f.98D246DDA407406B6F8C3DBE00D42F41.d.348253207A90A264C8DB5FA6D463838C.e.767/text HTTP/1.1" 200 0
DEBUG    selenium.webdriver.remote.remote_connection:remote_connection.py:329 Remote response: status=200 | data={"value":"E2E Title"} | headers=HTTPHeaderDict({'content-length': '21', 'content-type': 'application/json; charset=utf-8', 'cache-control': 'no-cache'})
DEBUG    selenium.webdriver.remote.remote_connection:remote_connection.py:356 Finished Request
DEBUG    selenium.webdriver.remote.remote_connection:remote_connection.py:313 POST http://selenium-hub:4444/wd/hub/session/3113c0127527982047c2c0cbec19f22b/element/f.98D246DDA407406B6F8C3DBE00D42F41.d.348253207A90A264C8DB5FA6D463838C.e.585/element {"using": "css selector", "value": "div[data-testid='note-card-title']"}
DEBUG    urllib3.connectionpool:connectionpool.py:544 http://selenium-hub:4444 "POST /wd/hub/session/3113c0127527982047c2c0cbec19f22b/element/f.98D246DDA407406B6F8C3DBE00D42F41.d.348253207A90A264C8DB5FA6D463838C.e.585/element HTTP/1.1" 200 0
DEBUG    selenium.webdriver.remote.remote_connection:remote_connection.py:329 Remote response: status=200 | data={"value":{"element-6066-11e4-a52e-4f735466cecf":"f.98D246DDA407406B6F8C3DBE00D42F41.d.348253207A90A264C8DB5FA6D463838C.e.768"}} | headers=HTTPHeaderDict({'content-length': '127', 'content-type': 'application/json; charset=utf-8', 'cache-control': 'no-cache'})
DEBUG    selenium.webdriver.remote.remote_connection:remote_connection.py:356 Finished Request
DEBUG    selenium.webdriver.remote.remote_connection:remote_connection.py:313 GET http://selenium-hub:4444/wd/hub/session/3113c0127527982047c2c0cbec19f22b/element/f.98D246DDA407406B6F8C3DBE00D42F41.d.348253207A90A264C8DB5FA6D463838C.e.768/text {}
DEBUG    urllib3.connectionpool:connectionpool.py:544 http://selenium-hub:4444 "GET /wd/hub/session/3113c0127527982047c2c0cbec19f22b/element/f.98D246DDA407406B6F8C3DBE00D42F41.d.348253207A90A264C8DB5FA6D463838C.e.768/text HTTP/1.1" 200 0
DEBUG    selenium.webdriver.remote.remote_connection:remote_connection.py:329 Remote response: status=200 | data={"value":"UI Test"} | headers=HTTPHeaderDict({'content-length': '19', 'content-type': 'application/json; charset=utf-8', 'cache-control': 'no-cache'})
DEBUG    selenium.webdriver.remote.remote_connection:remote_connection.py:356 Finished Request
DEBUG    selenium.webdriver.remote.remote_connection:remote_connection.py:313 POST http://selenium-hub:4444/wd/hub/session/3113c0127527982047c2c0cbec19f22b/element/f.98D246DDA407406B6F8C3DBE00D42F41.d.348253207A90A264C8DB5FA6D463838C.e.586/element {"using": "css selector", "value": "div[data-testid='note-card-title']"}
DEBUG    urllib3.connectionpool:connectionpool.py:544 http://selenium-hub:4444 "POST /wd/hub/session/3113c0127527982047c2c0cbec19f22b/element/f.98D246DDA407406B6F8C3DBE00D42F41.d.348253207A90A264C8DB5FA6D463838C.e.586/element HTTP/1.1" 200 0
DEBUG    selenium.webdriver.remote.remote_connection:remote_connection.py:329 Remote response: status=200 | data={"value":{"element-6066-11e4-a52e-4f735466cecf":"f.98D246DDA407406B6F8C3DBE00D42F41.d.348253207A90A264C8DB5FA6D463838C.e.769"}} | headers=HTTPHeaderDict({'content-length': '127', 'content-type': 'application/json; charset=utf-8', 'cache-control': 'no-cache'})
DEBUG    selenium.webdriver.remote.remote_connection:remote_connection.py:356 Finished Request
DEBUG    selenium.webdriver.remote.remote_connection:remote_connection.py:313 GET http://selenium-hub:4444/wd/hub/session/3113c0127527982047c2c0cbec19f22b/element/f.98D246DDA407406B6F8C3DBE00D42F41.d.348253207A90A264C8DB5FA6D463838C.e.769/text {}
DEBUG    urllib3.connectionpool:connectionpool.py:544 http://selenium-hub:4444 "GET /wd/hub/session/3113c0127527982047c2c0cbec19f22b/element/f.98D246DDA407406B6F8C3DBE00D42F41.d.348253207A90A264C8DB5FA6D463838C.e.769/text HTTP/1.1" 200 0
DEBUG    selenium.webdriver.remote.remote_connection:remote_connection.py:329 Remote response: status=200 | data={"value":"E2E Title"} | headers=HTTPHeaderDict({'content-length': '21', 'content-type': 'application/json; charset=utf-8', 'cache-control': 'no-cache'})
DEBUG    selenium.webdriver.remote.remote_connection:remote_connection.py:356 Finished Request
DEBUG    selenium.webdriver.remote.remote_connection:remote_connection.py:313 POST http://selenium-hub:4444/wd/hub/session/3113c0127527982047c2c0cbec19f22b/element/f.98D246DDA407406B6F8C3DBE00D42F41.d.348253207A90A264C8DB5FA6D463838C.e.587/element {"using": "css selector", "value": "div[data-testid='note-card-title']"}
DEBUG    urllib3.connectionpool:connectionpool.py:544 http://selenium-hub:4444 "POST /wd/hub/session/3113c0127527982047c2c0cbec19f22b/element/f.98D246DDA407406B6F8C3DBE00D42F41.d.348253207A90A264C8DB5FA6D463838C.e.587/element HTTP/1.1" 200 0
DEBUG    selenium.webdriver.remote.remote_connection:remote_connection.py:329 Remote response: status=200 | data={"value":{"element-6066-11e4-a52e-4f735466cecf":"f.98D246DDA407406B6F8C3DBE00D42F41.d.348253207A90A264C8DB5FA6D463838C.e.770"}} | headers=HTTPHeaderDict({'content-length': '127', 'content-type': 'application/json; charset=utf-8', 'cache-control': 'no-cache'})
DEBUG    selenium.webdriver.remote.remote_connection:remote_connection.py:356 Finished Request
DEBUG    selenium.webdriver.remote.remote_connection:remote_connection.py:313 GET http://selenium-hub:4444/wd/hub/session/3113c0127527982047c2c0cbec19f22b/element/f.98D246DDA407406B6F8C3DBE00D42F41.d.348253207A90A264C8DB5FA6D463838C.e.770/text {}
DEBUG    urllib3.connectionpool:connectionpool.py:544 http://selenium-hub:4444 "GET /wd/hub/session/3113c0127527982047c2c0cbec19f22b/element/f.98D246DDA407406B6F8C3DBE00D42F41.d.348253207A90A264C8DB5FA6D463838C.e.770/text HTTP/1.1" 200 0
DEBUG    selenium.webdriver.remote.remote_connection:remote_connection.py:329 Remote response: status=200 | data={"value":"UI Test"} | headers=HTTPHeaderDict({'content-length': '19', 'content-type': 'application/json; charset=utf-8', 'cache-control': 'no-cache'})
DEBUG    selenium.webdriver.remote.remote_connection:remote_connection.py:356 Finished Request
DEBUG    selenium.webdriver.remote.remote_connection:remote_connection.py:313 POST http://selenium-hub:4444/wd/hub/session/3113c0127527982047c2c0cbec19f22b/element/f.98D246DDA407406B6F8C3DBE00D42F41.d.348253207A90A264C8DB5FA6D463838C.e.588/element {"using": "css selector", "value": "div[data-testid='note-card-title']"}
DEBUG    urllib3.connectionpool:connectionpool.py:544 http://selenium-hub:4444 "POST /wd/hub/session/3113c0127527982047c2c0cbec19f22b/element/f.98D246DDA407406B6F8C3DBE00D42F41.d.348253207A90A264C8DB5FA6D463838C.e.588/element HTTP/1.1" 200 0
DEBUG    selenium.webdriver.remote.remote_connection:remote_connection.py:329 Remote response: status=200 | data={"value":{"element-6066-11e4-a52e-4f735466cecf":"f.98D246DDA407406B6F8C3DBE00D42F41.d.348253207A90A264C8DB5FA6D463838C.e.771"}} | headers=HTTPHeaderDict({'content-length': '127', 'content-type': 'application/json; charset=utf-8', 'cache-control': 'no-cache'})
DEBUG    selenium.webdriver.remote.remote_connection:remote_connection.py:356 Finished Request
DEBUG    selenium.webdriver.remote.remote_connection:remote_connection.py:313 GET http://selenium-hub:4444/wd/hub/session/3113c0127527982047c2c0cbec19f22b/element/f.98D246DDA407406B6F8C3DBE00D42F41.d.348253207A90A264C8DB5FA6D463838C.e.771/text {}
DEBUG    urllib3.connectionpool:connectionpool.py:544 http://selenium-hub:4444 "GET /wd/hub/session/3113c0127527982047c2c0cbec19f22b/element/f.98D246DDA407406B6F8C3DBE00D42F41.d.348253207A90A264C8DB5FA6D463838C.e.771/text HTTP/1.1" 200 0
DEBUG    selenium.webdriver.remote.remote_connection:remote_connection.py:329 Remote response: status=200 | data={"value":"UI Test"} | headers=HTTPHeaderDict({'content-length': '19', 'content-type': 'application/json; charset=utf-8', 'cache-control': 'no-cache'})
DEBUG    selenium.webdriver.remote.remote_connection:remote_connection.py:356 Finished Request
DEBUG    selenium.webdriver.remote.remote_connection:remote_connection.py:313 POST http://selenium-hub:4444/wd/hub/session/3113c0127527982047c2c0cbec19f22b/element/f.98D246DDA407406B6F8C3DBE00D42F41.d.348253207A90A264C8DB5FA6D463838C.e.589/element {"using": "css selector", "value": "div[data-testid='note-card-title']"}
DEBUG    urllib3.connectionpool:connectionpool.py:544 http://selenium-hub:4444 "POST /wd/hub/session/3113c0127527982047c2c0cbec19f22b/element/f.98D246DDA407406B6F8C3DBE00D42F41.d.348253207A90A264C8DB5FA6D463838C.e.589/element HTTP/1.1" 200 0
DEBUG    selenium.webdriver.remote.remote_connection:remote_connection.py:329 Remote response: status=200 | data={"value":{"element-6066-11e4-a52e-4f735466cecf":"f.98D246DDA407406B6F8C3DBE00D42F41.d.348253207A90A264C8DB5FA6D463838C.e.772"}} | headers=HTTPHeaderDict({'content-length': '127', 'content-type': 'application/json; charset=utf-8', 'cache-control': 'no-cache'})
DEBUG    selenium.webdriver.remote.remote_connection:remote_connection.py:356 Finished Request
DEBUG    selenium.webdriver.remote.remote_connection:remote_connection.py:313 GET http://selenium-hub:4444/wd/hub/session/3113c0127527982047c2c0cbec19f22b/element/f.98D246DDA407406B6F8C3DBE00D42F41.d.348253207A90A264C8DB5FA6D463838C.e.772/text {}
DEBUG    urllib3.connectionpool:connectionpool.py:544 http://selenium-hub:4444 "GET /wd/hub/session/3113c0127527982047c2c0cbec19f22b/element/f.98D246DDA407406B6F8C3DBE00D42F41.d.348253207A90A264C8DB5FA6D463838C.e.772/text HTTP/1.1" 200 0
DEBUG    selenium.webdriver.remote.remote_connection:remote_connection.py:329 Remote response: status=200 | data={"value":"E2E Title"} | headers=HTTPHeaderDict({'content-length': '21', 'content-type': 'application/json; charset=utf-8', 'cache-control': 'no-cache'})
DEBUG    selenium.webdriver.remote.remote_connection:remote_connection.py:356 Finished Request
DEBUG    selenium.webdriver.remote.remote_connection:remote_connection.py:313 POST http://selenium-hub:4444/wd/hub/session/3113c0127527982047c2c0cbec19f22b/element/f.98D246DDA407406B6F8C3DBE00D42F41.d.348253207A90A264C8DB5FA6D463838C.e.590/element {"using": "css selector", "value": "div[data-testid='note-card-title']"}
DEBUG    urllib3.connectionpool:connectionpool.py:544 http://selenium-hub:4444 "POST /wd/hub/session/3113c0127527982047c2c0cbec19f22b/element/f.98D246DDA407406B6F8C3DBE00D42F41.d.348253207A90A264C8DB5FA6D463838C.e.590/element HTTP/1.1" 200 0
DEBUG    selenium.webdriver.remote.remote_connection:remote_connection.py:329 Remote response: status=200 | data={"value":{"element-6066-11e4-a52e-4f735466cecf":"f.98D246DDA407406B6F8C3DBE00D42F41.d.348253207A90A264C8DB5FA6D463838C.e.773"}} | headers=HTTPHeaderDict({'content-length': '127', 'content-type': 'application/json; charset=utf-8', 'cache-control': 'no-cache'})
DEBUG    selenium.webdriver.remote.remote_connection:remote_connection.py:356 Finished Request
DEBUG    selenium.webdriver.remote.remote_connection:remote_connection.py:313 GET http://selenium-hub:4444/wd/hub/session/3113c0127527982047c2c0cbec19f22b/element/f.98D246DDA407406B6F8C3DBE00D42F41.d.348253207A90A264C8DB5FA6D463838C.e.773/text {}
DEBUG    urllib3.connectionpool:connectionpool.py:544 http://selenium-hub:4444 "GET /wd/hub/session/3113c0127527982047c2c0cbec19f22b/element/f.98D246DDA407406B6F8C3DBE00D42F41.d.348253207A90A264C8DB5FA6D463838C.e.773/text HTTP/1.1" 200 0
DEBUG    selenium.webdriver.remote.remote_connection:remote_connection.py:329 Remote response: status=200 | data={"value":"UI Test"} | headers=HTTPHeaderDict({'content-length': '19', 'content-type': 'application/json; charset=utf-8', 'cache-control': 'no-cache'})
DEBUG    selenium.webdriver.remote.remote_connection:remote_connection.py:356 Finished Request
DEBUG    selenium.webdriver.remote.remote_connection:remote_connection.py:313 POST http://selenium-hub:4444/wd/hub/session/3113c0127527982047c2c0cbec19f22b/element/f.98D246DDA407406B6F8C3DBE00D42F41.d.348253207A90A264C8DB5FA6D463838C.e.591/element {"using": "css selector", "value": "div[data-testid='note-card-title']"}
DEBUG    urllib3.connectionpool:connectionpool.py:544 http://selenium-hub:4444 "POST /wd/hub/session/3113c0127527982047c2c0cbec19f22b/element/f.98D246DDA407406B6F8C3DBE00D42F41.d.348253207A90A264C8DB5FA6D463838C.e.591/element HTTP/1.1" 200 0
DEBUG    selenium.webdriver.remote.remote_connection:remote_connection.py:329 Remote response: status=200 | data={"value":{"element-6066-11e4-a52e-4f735466cecf":"f.98D246DDA407406B6F8C3DBE00D42F41.d.348253207A90A264C8DB5FA6D463838C.e.774"}} | headers=HTTPHeaderDict({'content-length': '127', 'content-type': 'application/json; charset=utf-8', 'cache-control': 'no-cache'})
DEBUG    selenium.webdriver.remote.remote_connection:remote_connection.py:356 Finished Request
DEBUG    selenium.webdriver.remote.remote_connection:remote_connection.py:313 GET http://selenium-hub:4444/wd/hub/session/3113c0127527982047c2c0cbec19f22b/element/f.98D246DDA407406B6F8C3DBE00D42F41.d.348253207A90A264C8DB5FA6D463838C.e.774/text {}
DEBUG    urllib3.connectionpool:connectionpool.py:544 http://selenium-hub:4444 "GET /wd/hub/session/3113c0127527982047c2c0cbec19f22b/element/f.98D246DDA407406B6F8C3DBE00D42F41.d.348253207A90A264C8DB5FA6D463838C.e.774/text HTTP/1.1" 200 0
DEBUG    selenium.webdriver.remote.remote_connection:remote_connection.py:329 Remote response: status=200 | data={"value":"UI Test"} | headers=HTTPHeaderDict({'content-length': '19', 'content-type': 'application/json; charset=utf-8', 'cache-control': 'no-cache'})
DEBUG    selenium.webdriver.remote.remote_connection:remote_connection.py:356 Finished Request
DEBUG    selenium.webdriver.remote.remote_connection:remote_connection.py:313 POST http://selenium-hub:4444/wd/hub/session/3113c0127527982047c2c0cbec19f22b/element/f.98D246DDA407406B6F8C3DBE00D42F41.d.348253207A90A264C8DB5FA6D463838C.e.592/element {"using": "css selector", "value": "div[data-testid='note-card-title']"}
DEBUG    urllib3.connectionpool:connectionpool.py:544 http://selenium-hub:4444 "POST /wd/hub/session/3113c0127527982047c2c0cbec19f22b/element/f.98D246DDA407406B6F8C3DBE00D42F41.d.348253207A90A264C8DB5FA6D463838C.e.592/element HTTP/1.1" 200 0
DEBUG    selenium.webdriver.remote.remote_connection:remote_connection.py:329 Remote response: status=200 | data={"value":{"element-6066-11e4-a52e-4f735466cecf":"f.98D246DDA407406B6F8C3DBE00D42F41.d.348253207A90A264C8DB5FA6D463838C.e.775"}} | headers=HTTPHeaderDict({'content-length': '127', 'content-type': 'application/json; charset=utf-8', 'cache-control': 'no-cache'})
DEBUG    selenium.webdriver.remote.remote_connection:remote_connection.py:356 Finished Request
DEBUG    selenium.webdriver.remote.remote_connection:remote_connection.py:313 GET http://selenium-hub:4444/wd/hub/session/3113c0127527982047c2c0cbec19f22b/element/f.98D246DDA407406B6F8C3DBE00D42F41.d.348253207A90A264C8DB5FA6D463838C.e.775/text {}
DEBUG    urllib3.connectionpool:connectionpool.py:544 http://selenium-hub:4444 "GET /wd/hub/session/3113c0127527982047c2c0cbec19f22b/element/f.98D246DDA407406B6F8C3DBE00D42F41.d.348253207A90A264C8DB5FA6D463838C.e.775/text HTTP/1.1" 200 0
DEBUG    selenium.webdriver.remote.remote_connection:remote_connection.py:329 Remote response: status=200 | data={"value":"E2E Title"} | headers=HTTPHeaderDict({'content-length': '21', 'content-type': 'application/json; charset=utf-8', 'cache-control': 'no-cache'})
DEBUG    selenium.webdriver.remote.remote_connection:remote_connection.py:356 Finished Request
DEBUG    selenium.webdriver.remote.remote_connection:remote_connection.py:313 POST http://selenium-hub:4444/wd/hub/session/3113c0127527982047c2c0cbec19f22b/element/f.98D246DDA407406B6F8C3DBE00D42F41.d.348253207A90A264C8DB5FA6D463838C.e.593/element {"using": "css selector", "value": "div[data-testid='note-card-title']"}
DEBUG    urllib3.connectionpool:connectionpool.py:544 http://selenium-hub:4444 "POST /wd/hub/session/3113c0127527982047c2c0cbec19f22b/element/f.98D246DDA407406B6F8C3DBE00D42F41.d.348253207A90A264C8DB5FA6D463838C.e.593/element HTTP/1.1" 200 0
DEBUG    selenium.webdriver.remote.remote_connection:remote_connection.py:329 Remote response: status=200 | data={"value":{"element-6066-11e4-a52e-4f735466cecf":"f.98D246DDA407406B6F8C3DBE00D42F41.d.348253207A90A264C8DB5FA6D463838C.e.776"}} | headers=HTTPHeaderDict({'content-length': '127', 'content-type': 'application/json; charset=utf-8', 'cache-control': 'no-cache'})
DEBUG    selenium.webdriver.remote.remote_connection:remote_connection.py:356 Finished Request
DEBUG    selenium.webdriver.remote.remote_connection:remote_connection.py:313 GET http://selenium-hub:4444/wd/hub/session/3113c0127527982047c2c0cbec19f22b/element/f.98D246DDA407406B6F8C3DBE00D42F41.d.348253207A90A264C8DB5FA6D463838C.e.776/text {}
DEBUG    urllib3.connectionpool:connectionpool.py:544 http://selenium-hub:4444 "GET /wd/hub/session/3113c0127527982047c2c0cbec19f22b/element/f.98D246DDA407406B6F8C3DBE00D42F41.d.348253207A90A264C8DB5FA6D463838C.e.776/text HTTP/1.1" 200 0
DEBUG    selenium.webdriver.remote.remote_connection:remote_connection.py:329 Remote response: status=200 | data={"value":"API E2E 1778083569"} | headers=HTTPHeaderDict({'content-length': '30', 'content-type': 'application/json; charset=utf-8', 'cache-control': 'no-cache'})
DEBUG    selenium.webdriver.remote.remote_connection:remote_connection.py:356 Finished Request
DEBUG    selenium.webdriver.remote.remote_connection:remote_connection.py:313 POST http://selenium-hub:4444/wd/hub/session/3113c0127527982047c2c0cbec19f22b/element/f.98D246DDA407406B6F8C3DBE00D42F41.d.348253207A90A264C8DB5FA6D463838C.e.594/element {"using": "css selector", "value": "div[data-testid='note-card-title']"}
DEBUG    urllib3.connectionpool:connectionpool.py:544 http://selenium-hub:4444 "POST /wd/hub/session/3113c0127527982047c2c0cbec19f22b/element/f.98D246DDA407406B6F8C3DBE00D42F41.d.348253207A90A264C8DB5FA6D463838C.e.594/element HTTP/1.1" 200 0
DEBUG    selenium.webdriver.remote.remote_connection:remote_connection.py:329 Remote response: status=200 | data={"value":{"element-6066-11e4-a52e-4f735466cecf":"f.98D246DDA407406B6F8C3DBE00D42F41.d.348253207A90A264C8DB5FA6D463838C.e.777"}} | headers=HTTPHeaderDict({'content-length': '127', 'content-type': 'application/json; charset=utf-8', 'cache-control': 'no-cache'})
DEBUG    selenium.webdriver.remote.remote_connection:remote_connection.py:356 Finished Request
DEBUG    selenium.webdriver.remote.remote_connection:remote_connection.py:313 GET http://selenium-hub:4444/wd/hub/session/3113c0127527982047c2c0cbec19f22b/element/f.98D246DDA407406B6F8C3DBE00D42F41.d.348253207A90A264C8DB5FA6D463838C.e.777/text {}
DEBUG    urllib3.connectionpool:connectionpool.py:544 http://selenium-hub:4444 "GET /wd/hub/session/3113c0127527982047c2c0cbec19f22b/element/f.98D246DDA407406B6F8C3DBE00D42F41.d.348253207A90A264C8DB5FA6D463838C.e.777/text HTTP/1.1" 200 0
DEBUG    selenium.webdriver.remote.remote_connection:remote_connection.py:329 Remote response: status=200 | data={"value":"E2E Title"} | headers=HTTPHeaderDict({'content-length': '21', 'content-type': 'application/json; charset=utf-8', 'cache-control': 'no-cache'})
DEBUG    selenium.webdriver.remote.remote_connection:remote_connection.py:356 Finished Request
DEBUG    selenium.webdriver.remote.remote_connection:remote_connection.py:313 POST http://selenium-hub:4444/wd/hub/session/3113c0127527982047c2c0cbec19f22b/element/f.98D246DDA407406B6F8C3DBE00D42F41.d.348253207A90A264C8DB5FA6D463838C.e.595/element {"using": "css selector", "value": "div[data-testid='note-card-title']"}
DEBUG    urllib3.connectionpool:connectionpool.py:544 http://selenium-hub:4444 "POST /wd/hub/session/3113c0127527982047c2c0cbec19f22b/element/f.98D246DDA407406B6F8C3DBE00D42F41.d.348253207A90A264C8DB5FA6D463838C.e.595/element HTTP/1.1" 200 0
DEBUG    selenium.webdriver.remote.remote_connection:remote_connection.py:329 Remote response: status=200 | data={"value":{"element-6066-11e4-a52e-4f735466cecf":"f.98D246DDA407406B6F8C3DBE00D42F41.d.348253207A90A264C8DB5FA6D463838C.e.778"}} | headers=HTTPHeaderDict({'content-length': '127', 'content-type': 'application/json; charset=utf-8', 'cache-control': 'no-cache'})
DEBUG    selenium.webdriver.remote.remote_connection:remote_connection.py:356 Finished Request
DEBUG    selenium.webdriver.remote.remote_connection:remote_connection.py:313 GET http://selenium-hub:4444/wd/hub/session/3113c0127527982047c2c0cbec19f22b/element/f.98D246DDA407406B6F8C3DBE00D42F41.d.348253207A90A264C8DB5FA6D463838C.e.778/text {}
DEBUG    urllib3.connectionpool:connectionpool.py:544 http://selenium-hub:4444 "GET /wd/hub/session/3113c0127527982047c2c0cbec19f22b/element/f.98D246DDA407406B6F8C3DBE00D42F41.d.348253207A90A264C8DB5FA6D463838C.e.778/text HTTP/1.1" 200 0
DEBUG    selenium.webdriver.remote.remote_connection:remote_connection.py:329 Remote response: status=200 | data={"value":"UI Test"} | headers=HTTPHeaderDict({'content-length': '19', 'content-type': 'application/json; charset=utf-8', 'cache-control': 'no-cache'})
DEBUG    selenium.webdriver.remote.remote_connection:remote_connection.py:356 Finished Request
DEBUG    selenium.webdriver.remote.remote_connection:remote_connection.py:313 POST http://selenium-hub:4444/wd/hub/session/3113c0127527982047c2c0cbec19f22b/element/f.98D246DDA407406B6F8C3DBE00D42F41.d.348253207A90A264C8DB5FA6D463838C.e.596/element {"using": "css selector", "value": "div[data-testid='note-card-title']"}
DEBUG    urllib3.connectionpool:connectionpool.py:544 http://selenium-hub:4444 "POST /wd/hub/session/3113c0127527982047c2c0cbec19f22b/element/f.98D246DDA407406B6F8C3DBE00D42F41.d.348253207A90A264C8DB5FA6D463838C.e.596/element HTTP/1.1" 200 0
DEBUG    selenium.webdriver.remote.remote_connection:remote_connection.py:329 Remote response: status=200 | data={"value":{"element-6066-11e4-a52e-4f735466cecf":"f.98D246DDA407406B6F8C3DBE00D42F41.d.348253207A90A264C8DB5FA6D463838C.e.779"}} | headers=HTTPHeaderDict({'content-length': '127', 'content-type': 'application/json; charset=utf-8', 'cache-control': 'no-cache'})
DEBUG    selenium.webdriver.remote.remote_connection:remote_connection.py:356 Finished Request
DEBUG    selenium.webdriver.remote.remote_connection:remote_connection.py:313 GET http://selenium-hub:4444/wd/hub/session/3113c0127527982047c2c0cbec19f22b/element/f.98D246DDA407406B6F8C3DBE00D42F41.d.348253207A90A264C8DB5FA6D463838C.e.779/text {}
DEBUG    urllib3.connectionpool:connectionpool.py:544 http://selenium-hub:4444 "GET /wd/hub/session/3113c0127527982047c2c0cbec19f22b/element/f.98D246DDA407406B6F8C3DBE00D42F41.d.348253207A90A264C8DB5FA6D463838C.e.779/text HTTP/1.1" 200 0
DEBUG    selenium.webdriver.remote.remote_connection:remote_connection.py:329 Remote response: status=200 | data={"value":"E2E Title"} | headers=HTTPHeaderDict({'content-length': '21', 'content-type': 'application/json; charset=utf-8', 'cache-control': 'no-cache'})
DEBUG    selenium.webdriver.remote.remote_connection:remote_connection.py:356 Finished Request
DEBUG    selenium.webdriver.remote.remote_connection:remote_connection.py:313 POST http://selenium-hub:4444/wd/hub/session/3113c0127527982047c2c0cbec19f22b/element/f.98D246DDA407406B6F8C3DBE00D42F41.d.348253207A90A264C8DB5FA6D463838C.e.597/element {"using": "css selector", "value": "div[data-testid='note-card-title']"}
DEBUG    urllib3.connectionpool:connectionpool.py:544 http://selenium-hub:4444 "POST /wd/hub/session/3113c0127527982047c2c0cbec19f22b/element/f.98D246DDA407406B6F8C3DBE00D42F41.d.348253207A90A264C8DB5FA6D463838C.e.597/element HTTP/1.1" 200 0
DEBUG    selenium.webdriver.remote.remote_connection:remote_connection.py:329 Remote response: status=200 | data={"value":{"element-6066-11e4-a52e-4f735466cecf":"f.98D246DDA407406B6F8C3DBE00D42F41.d.348253207A90A264C8DB5FA6D463838C.e.780"}} | headers=HTTPHeaderDict({'content-length': '127', 'content-type': 'application/json; charset=utf-8', 'cache-control': 'no-cache'})
DEBUG    selenium.webdriver.remote.remote_connection:remote_connection.py:356 Finished Request
DEBUG    selenium.webdriver.remote.remote_connection:remote_connection.py:313 GET http://selenium-hub:4444/wd/hub/session/3113c0127527982047c2c0cbec19f22b/element/f.98D246DDA407406B6F8C3DBE00D42F41.d.348253207A90A264C8DB5FA6D463838C.e.780/text {}
DEBUG    urllib3.connectionpool:connectionpool.py:544 http://selenium-hub:4444 "GET /wd/hub/session/3113c0127527982047c2c0cbec19f22b/element/f.98D246DDA407406B6F8C3DBE00D42F41.d.348253207A90A264C8DB5FA6D463838C.e.780/text HTTP/1.1" 200 0
DEBUG    selenium.webdriver.remote.remote_connection:remote_connection.py:329 Remote response: status=200 | data={"value":"UI Test"} | headers=HTTPHeaderDict({'content-length': '19', 'content-type': 'application/json; charset=utf-8', 'cache-control': 'no-cache'})
DEBUG    selenium.webdriver.remote.remote_connection:remote_connection.py:356 Finished Request
DEBUG    selenium.webdriver.remote.remote_connection:remote_connection.py:313 POST http://selenium-hub:4444/wd/hub/session/3113c0127527982047c2c0cbec19f22b/element/f.98D246DDA407406B6F8C3DBE00D42F41.d.348253207A90A264C8DB5FA6D463838C.e.598/element {"using": "css selector", "value": "div[data-testid='note-card-title']"}
DEBUG    urllib3.connectionpool:connectionpool.py:544 http://selenium-hub:4444 "POST /wd/hub/session/3113c0127527982047c2c0cbec19f22b/element/f.98D246DDA407406B6F8C3DBE00D42F41.d.348253207A90A264C8DB5FA6D463838C.e.598/element HTTP/1.1" 200 0
DEBUG    selenium.webdriver.remote.remote_connection:remote_connection.py:329 Remote response: status=200 | data={"value":{"element-6066-11e4-a52e-4f735466cecf":"f.98D246DDA407406B6F8C3DBE00D42F41.d.348253207A90A264C8DB5FA6D463838C.e.781"}} | headers=HTTPHeaderDict({'content-length': '127', 'content-type': 'application/json; charset=utf-8', 'cache-control': 'no-cache'})
DEBUG    selenium.webdriver.remote.remote_connection:remote_connection.py:356 Finished Request
DEBUG    selenium.webdriver.remote.remote_connection:remote_connection.py:313 GET http://selenium-hub:4444/wd/hub/session/3113c0127527982047c2c0cbec19f22b/element/f.98D246DDA407406B6F8C3DBE00D42F41.d.348253207A90A264C8DB5FA6D463838C.e.781/text {}
DEBUG    urllib3.connectionpool:connectionpool.py:544 http://selenium-hub:4444 "GET /wd/hub/session/3113c0127527982047c2c0cbec19f22b/element/f.98D246DDA407406B6F8C3DBE00D42F41.d.348253207A90A264C8DB5FA6D463838C.e.781/text HTTP/1.1" 200 0
DEBUG    selenium.webdriver.remote.remote_connection:remote_connection.py:329 Remote response: status=200 | data={"value":"UI Test"} | headers=HTTPHeaderDict({'content-length': '19', 'content-type': 'application/json; charset=utf-8', 'cache-control': 'no-cache'})
DEBUG    selenium.webdriver.remote.remote_connection:remote_connection.py:356 Finished Request
DEBUG    selenium.webdriver.remote.remote_connection:remote_connection.py:313 POST http://selenium-hub:4444/wd/hub/session/3113c0127527982047c2c0cbec19f22b/element/f.98D246DDA407406B6F8C3DBE00D42F41.d.348253207A90A264C8DB5FA6D463838C.e.599/element {"using": "css selector", "value": "div[data-testid='note-card-title']"}
DEBUG    urllib3.connectionpool:connectionpool.py:544 http://selenium-hub:4444 "POST /wd/hub/session/3113c0127527982047c2c0cbec19f22b/element/f.98D246DDA407406B6F8C3DBE00D42F41.d.348253207A90A264C8DB5FA6D463838C.e.599/element HTTP/1.1" 200 0
DEBUG    selenium.webdriver.remote.remote_connection:remote_connection.py:329 Remote response: status=200 | data={"value":{"element-6066-11e4-a52e-4f735466cecf":"f.98D246DDA407406B6F8C3DBE00D42F41.d.348253207A90A264C8DB5FA6D463838C.e.782"}} | headers=HTTPHeaderDict({'content-length': '127', 'content-type': 'application/json; charset=utf-8', 'cache-control': 'no-cache'})
DEBUG    selenium.webdriver.remote.remote_connection:remote_connection.py:356 Finished Request
DEBUG    selenium.webdriver.remote.remote_connection:remote_connection.py:313 GET http://selenium-hub:4444/wd/hub/session/3113c0127527982047c2c0cbec19f22b/element/f.98D246DDA407406B6F8C3DBE00D42F41.d.348253207A90A264C8DB5FA6D463838C.e.782/text {}
DEBUG    urllib3.connectionpool:connectionpool.py:544 http://selenium-hub:4444 "GET /wd/hub/session/3113c0127527982047c2c0cbec19f22b/element/f.98D246DDA407406B6F8C3DBE00D42F41.d.348253207A90A264C8DB5FA6D463838C.e.782/text HTTP/1.1" 200 0
DEBUG    selenium.webdriver.remote.remote_connection:remote_connection.py:329 Remote response: status=200 | data={"value":"UI Test"} | headers=HTTPHeaderDict({'content-length': '19', 'content-type': 'application/json; charset=utf-8', 'cache-control': 'no-cache'})
DEBUG    selenium.webdriver.remote.remote_connection:remote_connection.py:356 Finished Request
DEBUG    selenium.webdriver.remote.remote_connection:remote_connection.py:313 POST http://selenium-hub:4444/wd/hub/session/3113c0127527982047c2c0cbec19f22b/element/f.98D246DDA407406B6F8C3DBE00D42F41.d.348253207A90A264C8DB5FA6D463838C.e.600/element {"using": "css selector", "value": "div[data-testid='note-card-title']"}
DEBUG    urllib3.connectionpool:connectionpool.py:544 http://selenium-hub:4444 "POST /wd/hub/session/3113c0127527982047c2c0cbec19f22b/element/f.98D246DDA407406B6F8C3DBE00D42F41.d.348253207A90A264C8DB5FA6D463838C.e.600/element HTTP/1.1" 200 0
DEBUG    selenium.webdriver.remote.remote_connection:remote_connection.py:329 Remote response: status=200 | data={"value":{"element-6066-11e4-a52e-4f735466cecf":"f.98D246DDA407406B6F8C3DBE00D42F41.d.348253207A90A264C8DB5FA6D463838C.e.783"}} | headers=HTTPHeaderDict({'content-length': '127', 'content-type': 'application/json; charset=utf-8', 'cache-control': 'no-cache'})
DEBUG    selenium.webdriver.remote.remote_connection:remote_connection.py:356 Finished Request
DEBUG    selenium.webdriver.remote.remote_connection:remote_connection.py:313 GET http://selenium-hub:4444/wd/hub/session/3113c0127527982047c2c0cbec19f22b/element/f.98D246DDA407406B6F8C3DBE00D42F41.d.348253207A90A264C8DB5FA6D463838C.e.783/text {}
DEBUG    urllib3.connectionpool:connectionpool.py:544 http://selenium-hub:4444 "GET /wd/hub/session/3113c0127527982047c2c0cbec19f22b/element/f.98D246DDA407406B6F8C3DBE00D42F41.d.348253207A90A264C8DB5FA6D463838C.e.783/text HTTP/1.1" 200 0
DEBUG    selenium.webdriver.remote.remote_connection:remote_connection.py:329 Remote response: status=200 | data={"value":"UI Test"} | headers=HTTPHeaderDict({'content-length': '19', 'content-type': 'application/json; charset=utf-8', 'cache-control': 'no-cache'})
DEBUG    selenium.webdriver.remote.remote_connection:remote_connection.py:356 Finished Request
DEBUG    selenium.webdriver.remote.remote_connection:remote_connection.py:313 POST http://selenium-hub:4444/wd/hub/session/3113c0127527982047c2c0cbec19f22b/element/f.98D246DDA407406B6F8C3DBE00D42F41.d.348253207A90A264C8DB5FA6D463838C.e.601/element {"using": "css selector", "value": "div[data-testid='note-card-title']"}
DEBUG    urllib3.connectionpool:connectionpool.py:544 http://selenium-hub:4444 "POST /wd/hub/session/3113c0127527982047c2c0cbec19f22b/element/f.98D246DDA407406B6F8C3DBE00D42F41.d.348253207A90A264C8DB5FA6D463838C.e.601/element HTTP/1.1" 200 0
DEBUG    selenium.webdriver.remote.remote_connection:remote_connection.py:329 Remote response: status=200 | data={"value":{"element-6066-11e4-a52e-4f735466cecf":"f.98D246DDA407406B6F8C3DBE00D42F41.d.348253207A90A264C8DB5FA6D463838C.e.784"}} | headers=HTTPHeaderDict({'content-length': '127', 'content-type': 'application/json; charset=utf-8', 'cache-control': 'no-cache'})
DEBUG    selenium.webdriver.remote.remote_connection:remote_connection.py:356 Finished Request
DEBUG    selenium.webdriver.remote.remote_connection:remote_connection.py:313 GET http://selenium-hub:4444/wd/hub/session/3113c0127527982047c2c0cbec19f22b/element/f.98D246DDA407406B6F8C3DBE00D42F41.d.348253207A90A264C8DB5FA6D463838C.e.784/text {}
DEBUG    urllib3.connectionpool:connectionpool.py:544 http://selenium-hub:4444 "GET /wd/hub/session/3113c0127527982047c2c0cbec19f22b/element/f.98D246DDA407406B6F8C3DBE00D42F41.d.348253207A90A264C8DB5FA6D463838C.e.784/text HTTP/1.1" 200 0
DEBUG    selenium.webdriver.remote.remote_connection:remote_connection.py:329 Remote response: status=200 | data={"value":"E2E Title"} | headers=HTTPHeaderDict({'content-length': '21', 'content-type': 'application/json; charset=utf-8', 'cache-control': 'no-cache'})
DEBUG    selenium.webdriver.remote.remote_connection:remote_connection.py:356 Finished Request
DEBUG    selenium.webdriver.remote.remote_connection:remote_connection.py:313 POST http://selenium-hub:4444/wd/hub/session/3113c0127527982047c2c0cbec19f22b/element/f.98D246DDA407406B6F8C3DBE00D42F41.d.348253207A90A264C8DB5FA6D463838C.e.602/element {"using": "css selector", "value": "div[data-testid='note-card-title']"}
DEBUG    urllib3.connectionpool:connectionpool.py:544 http://selenium-hub:4444 "POST /wd/hub/session/3113c0127527982047c2c0cbec19f22b/element/f.98D246DDA407406B6F8C3DBE00D42F41.d.348253207A90A264C8DB5FA6D463838C.e.602/element HTTP/1.1" 200 0
DEBUG    selenium.webdriver.remote.remote_connection:remote_connection.py:329 Remote response: status=200 | data={"value":{"element-6066-11e4-a52e-4f735466cecf":"f.98D246DDA407406B6F8C3DBE00D42F41.d.348253207A90A264C8DB5FA6D463838C.e.785"}} | headers=HTTPHeaderDict({'content-length': '127', 'content-type': 'application/json; charset=utf-8', 'cache-control': 'no-cache'})
DEBUG    selenium.webdriver.remote.remote_connection:remote_connection.py:356 Finished Request
DEBUG    selenium.webdriver.remote.remote_connection:remote_connection.py:313 GET http://selenium-hub:4444/wd/hub/session/3113c0127527982047c2c0cbec19f22b/element/f.98D246DDA407406B6F8C3DBE00D42F41.d.348253207A90A264C8DB5FA6D463838C.e.785/text {}
DEBUG    urllib3.connectionpool:connectionpool.py:544 http://selenium-hub:4444 "GET /wd/hub/session/3113c0127527982047c2c0cbec19f22b/element/f.98D246DDA407406B6F8C3DBE00D42F41.d.348253207A90A264C8DB5FA6D463838C.e.785/text HTTP/1.1" 200 0
DEBUG    selenium.webdriver.remote.remote_connection:remote_connection.py:329 Remote response: status=200 | data={"value":"API E2E 1778064460"} | headers=HTTPHeaderDict({'content-length': '30', 'content-type': 'application/json; charset=utf-8', 'cache-control': 'no-cache'})
DEBUG    selenium.webdriver.remote.remote_connection:remote_connection.py:356 Finished Request
DEBUG    selenium.webdriver.remote.remote_connection:remote_connection.py:313 POST http://selenium-hub:4444/wd/hub/session/3113c0127527982047c2c0cbec19f22b/element/f.98D246DDA407406B6F8C3DBE00D42F41.d.348253207A90A264C8DB5FA6D463838C.e.603/element {"using": "css selector", "value": "div[data-testid='note-card-title']"}
DEBUG    urllib3.connectionpool:connectionpool.py:544 http://selenium-hub:4444 "POST /wd/hub/session/3113c0127527982047c2c0cbec19f22b/element/f.98D246DDA407406B6F8C3DBE00D42F41.d.348253207A90A264C8DB5FA6D463838C.e.603/element HTTP/1.1" 200 0
DEBUG    selenium.webdriver.remote.remote_connection:remote_connection.py:329 Remote response: status=200 | data={"value":{"element-6066-11e4-a52e-4f735466cecf":"f.98D246DDA407406B6F8C3DBE00D42F41.d.348253207A90A264C8DB5FA6D463838C.e.786"}} | headers=HTTPHeaderDict({'content-length': '127', 'content-type': 'application/json; charset=utf-8', 'cache-control': 'no-cache'})
DEBUG    selenium.webdriver.remote.remote_connection:remote_connection.py:356 Finished Request
DEBUG    selenium.webdriver.remote.remote_connection:remote_connection.py:313 GET http://selenium-hub:4444/wd/hub/session/3113c0127527982047c2c0cbec19f22b/element/f.98D246DDA407406B6F8C3DBE00D42F41.d.348253207A90A264C8DB5FA6D463838C.e.786/text {}
DEBUG    urllib3.connectionpool:connectionpool.py:544 http://selenium-hub:4444 "GET /wd/hub/session/3113c0127527982047c2c0cbec19f22b/element/f.98D246DDA407406B6F8C3DBE00D42F41.d.348253207A90A264C8DB5FA6D463838C.e.786/text HTTP/1.1" 200 0
DEBUG    selenium.webdriver.remote.remote_connection:remote_connection.py:329 Remote response: status=200 | data={"value":"E2E Title"} | headers=HTTPHeaderDict({'content-length': '21', 'content-type': 'application/json; charset=utf-8', 'cache-control': 'no-cache'})
DEBUG    selenium.webdriver.remote.remote_connection:remote_connection.py:356 Finished Request
DEBUG    selenium.webdriver.remote.remote_connection:remote_connection.py:313 POST http://selenium-hub:4444/wd/hub/session/3113c0127527982047c2c0cbec19f22b/element/f.98D246DDA407406B6F8C3DBE00D42F41.d.348253207A90A264C8DB5FA6D463838C.e.604/element {"using": "css selector", "value": "div[data-testid='note-card-title']"}
DEBUG    urllib3.connectionpool:connectionpool.py:544 http://selenium-hub:4444 "POST /wd/hub/session/3113c0127527982047c2c0cbec19f22b/element/f.98D246DDA407406B6F8C3DBE00D42F41.d.348253207A90A264C8DB5FA6D463838C.e.604/element HTTP/1.1" 200 0
DEBUG    selenium.webdriver.remote.remote_connection:remote_connection.py:329 Remote response: status=200 | data={"value":{"element-6066-11e4-a52e-4f735466cecf":"f.98D246DDA407406B6F8C3DBE00D42F41.d.348253207A90A264C8DB5FA6D463838C.e.787"}} | headers=HTTPHeaderDict({'content-length': '127', 'content-type': 'application/json; charset=utf-8', 'cache-control': 'no-cache'})
DEBUG    selenium.webdriver.remote.remote_connection:remote_connection.py:356 Finished Request
DEBUG    selenium.webdriver.remote.remote_connection:remote_connection.py:313 GET http://selenium-hub:4444/wd/hub/session/3113c0127527982047c2c0cbec19f22b/element/f.98D246DDA407406B6F8C3DBE00D42F41.d.348253207A90A264C8DB5FA6D463838C.e.787/text {}
DEBUG    urllib3.connectionpool:connectionpool.py:544 http://selenium-hub:4444 "GET /wd/hub/session/3113c0127527982047c2c0cbec19f22b/element/f.98D246DDA407406B6F8C3DBE00D42F41.d.348253207A90A264C8DB5FA6D463838C.e.787/text HTTP/1.1" 200 0
DEBUG    selenium.webdriver.remote.remote_connection:remote_connection.py:329 Remote response: status=200 | data={"value":"UI Test"} | headers=HTTPHeaderDict({'content-length': '19', 'content-type': 'application/json; charset=utf-8', 'cache-control': 'no-cache'})
DEBUG    selenium.webdriver.remote.remote_connection:remote_connection.py:356 Finished Request
DEBUG    selenium.webdriver.remote.remote_connection:remote_connection.py:313 POST http://selenium-hub:4444/wd/hub/session/3113c0127527982047c2c0cbec19f22b/element/f.98D246DDA407406B6F8C3DBE00D42F41.d.348253207A90A264C8DB5FA6D463838C.e.605/element {"using": "css selector", "value": "div[data-testid='note-card-title']"}
DEBUG    urllib3.connectionpool:connectionpool.py:544 http://selenium-hub:4444 "POST /wd/hub/session/3113c0127527982047c2c0cbec19f22b/element/f.98D246DDA407406B6F8C3DBE00D42F41.d.348253207A90A264C8DB5FA6D463838C.e.605/element HTTP/1.1" 200 0
DEBUG    selenium.webdriver.remote.remote_connection:remote_connection.py:329 Remote response: status=200 | data={"value":{"element-6066-11e4-a52e-4f735466cecf":"f.98D246DDA407406B6F8C3DBE00D42F41.d.348253207A90A264C8DB5FA6D463838C.e.788"}} | headers=HTTPHeaderDict({'content-length': '127', 'content-type': 'application/json; charset=utf-8', 'cache-control': 'no-cache'})
DEBUG    selenium.webdriver.remote.remote_connection:remote_connection.py:356 Finished Request
DEBUG    selenium.webdriver.remote.remote_connection:remote_connection.py:313 GET http://selenium-hub:4444/wd/hub/session/3113c0127527982047c2c0cbec19f22b/element/f.98D246DDA407406B6F8C3DBE00D42F41.d.348253207A90A264C8DB5FA6D463838C.e.788/text {}
DEBUG    urllib3.connectionpool:connectionpool.py:544 http://selenium-hub:4444 "GET /wd/hub/session/3113c0127527982047c2c0cbec19f22b/element/f.98D246DDA407406B6F8C3DBE00D42F41.d.348253207A90A264C8DB5FA6D463838C.e.788/text HTTP/1.1" 200 0
DEBUG    selenium.webdriver.remote.remote_connection:remote_connection.py:329 Remote response: status=200 | data={"value":"UI Test"} | headers=HTTPHeaderDict({'content-length': '19', 'content-type': 'application/json; charset=utf-8', 'cache-control': 'no-cache'})
DEBUG    selenium.webdriver.remote.remote_connection:remote_connection.py:356 Finished Request
DEBUG    selenium.webdriver.remote.remote_connection:remote_connection.py:313 POST http://selenium-hub:4444/wd/hub/session/3113c0127527982047c2c0cbec19f22b/element/f.98D246DDA407406B6F8C3DBE00D42F41.d.348253207A90A264C8DB5FA6D463838C.e.606/element {"using": "css selector", "value": "div[data-testid='note-card-title']"}
DEBUG    urllib3.connectionpool:connectionpool.py:544 http://selenium-hub:4444 "POST /wd/hub/session/3113c0127527982047c2c0cbec19f22b/element/f.98D246DDA407406B6F8C3DBE00D42F41.d.348253207A90A264C8DB5FA6D463838C.e.606/element HTTP/1.1" 200 0
DEBUG    selenium.webdriver.remote.remote_connection:remote_connection.py:329 Remote response: status=200 | data={"value":{"element-6066-11e4-a52e-4f735466cecf":"f.98D246DDA407406B6F8C3DBE00D42F41.d.348253207A90A264C8DB5FA6D463838C.e.789"}} | headers=HTTPHeaderDict({'content-length': '127', 'content-type': 'application/json; charset=utf-8', 'cache-control': 'no-cache'})
DEBUG    selenium.webdriver.remote.remote_connection:remote_connection.py:356 Finished Request
DEBUG    selenium.webdriver.remote.remote_connection:remote_connection.py:313 GET http://selenium-hub:4444/wd/hub/session/3113c0127527982047c2c0cbec19f22b/element/f.98D246DDA407406B6F8C3DBE00D42F41.d.348253207A90A264C8DB5FA6D463838C.e.789/text {}
DEBUG    urllib3.connectionpool:connectionpool.py:544 http://selenium-hub:4444 "GET /wd/hub/session/3113c0127527982047c2c0cbec19f22b/element/f.98D246DDA407406B6F8C3DBE00D42F41.d.348253207A90A264C8DB5FA6D463838C.e.789/text HTTP/1.1" 200 0
DEBUG    selenium.webdriver.remote.remote_connection:remote_connection.py:329 Remote response: status=200 | data={"value":"E2E Title"} | headers=HTTPHeaderDict({'content-length': '21', 'content-type': 'application/json; charset=utf-8', 'cache-control': 'no-cache'})
DEBUG    selenium.webdriver.remote.remote_connection:remote_connection.py:356 Finished Request
DEBUG    selenium.webdriver.remote.remote_connection:remote_connection.py:313 POST http://selenium-hub:4444/wd/hub/session/3113c0127527982047c2c0cbec19f22b/element/f.98D246DDA407406B6F8C3DBE00D42F41.d.348253207A90A264C8DB5FA6D463838C.e.607/element {"using": "css selector", "value": "div[data-testid='note-card-title']"}
DEBUG    urllib3.connectionpool:connectionpool.py:544 http://selenium-hub:4444 "POST /wd/hub/session/3113c0127527982047c2c0cbec19f22b/element/f.98D246DDA407406B6F8C3DBE00D42F41.d.348253207A90A264C8DB5FA6D463838C.e.607/element HTTP/1.1" 200 0
DEBUG    selenium.webdriver.remote.remote_connection:remote_connection.py:329 Remote response: status=200 | data={"value":{"element-6066-11e4-a52e-4f735466cecf":"f.98D246DDA407406B6F8C3DBE00D42F41.d.348253207A90A264C8DB5FA6D463838C.e.790"}} | headers=HTTPHeaderDict({'content-length': '127', 'content-type': 'application/json; charset=utf-8', 'cache-control': 'no-cache'})
DEBUG    selenium.webdriver.remote.remote_connection:remote_connection.py:356 Finished Request
DEBUG    selenium.webdriver.remote.remote_connection:remote_connection.py:313 GET http://selenium-hub:4444/wd/hub/session/3113c0127527982047c2c0cbec19f22b/element/f.98D246DDA407406B6F8C3DBE00D42F41.d.348253207A90A264C8DB5FA6D463838C.e.790/text {}
DEBUG    urllib3.connectionpool:connectionpool.py:544 http://selenium-hub:4444 "GET /wd/hub/session/3113c0127527982047c2c0cbec19f22b/element/f.98D246DDA407406B6F8C3DBE00D42F41.d.348253207A90A264C8DB5FA6D463838C.e.790/text HTTP/1.1" 200 0
DEBUG    selenium.webdriver.remote.remote_connection:remote_connection.py:329 Remote response: status=200 | data={"value":"E2E Title"} | headers=HTTPHeaderDict({'content-length': '21', 'content-type': 'application/json; charset=utf-8', 'cache-control': 'no-cache'})
DEBUG    selenium.webdriver.remote.remote_connection:remote_connection.py:356 Finished Request
DEBUG    selenium.webdriver.remote.remote_connection:remote_connection.py:313 POST http://selenium-hub:4444/wd/hub/session/3113c0127527982047c2c0cbec19f22b/element/f.98D246DDA407406B6F8C3DBE00D42F41.d.348253207A90A264C8DB5FA6D463838C.e.608/element {"using": "css selector", "value": "div[data-testid='note-card-title']"}
DEBUG    urllib3.connectionpool:connectionpool.py:544 http://selenium-hub:4444 "POST /wd/hub/session/3113c0127527982047c2c0cbec19f22b/element/f.98D246DDA407406B6F8C3DBE00D42F41.d.348253207A90A264C8DB5FA6D463838C.e.608/element HTTP/1.1" 200 0
DEBUG    selenium.webdriver.remote.remote_connection:remote_connection.py:329 Remote response: status=200 | data={"value":{"element-6066-11e4-a52e-4f735466cecf":"f.98D246DDA407406B6F8C3DBE00D42F41.d.348253207A90A264C8DB5FA6D463838C.e.791"}} | headers=HTTPHeaderDict({'content-length': '127', 'content-type': 'application/json; charset=utf-8', 'cache-control': 'no-cache'})
DEBUG    selenium.webdriver.remote.remote_connection:remote_connection.py:356 Finished Request
DEBUG    selenium.webdriver.remote.remote_connection:remote_connection.py:313 GET http://selenium-hub:4444/wd/hub/session/3113c0127527982047c2c0cbec19f22b/element/f.98D246DDA407406B6F8C3DBE00D42F41.d.348253207A90A264C8DB5FA6D463838C.e.791/text {}
DEBUG    urllib3.connectionpool:connectionpool.py:544 http://selenium-hub:4444 "GET /wd/hub/session/3113c0127527982047c2c0cbec19f22b/element/f.98D246DDA407406B6F8C3DBE00D42F41.d.348253207A90A264C8DB5FA6D463838C.e.791/text HTTP/1.1" 200 0
DEBUG    selenium.webdriver.remote.remote_connection:remote_connection.py:329 Remote response: status=200 | data={"value":"UI Test"} | headers=HTTPHeaderDict({'content-length': '19', 'content-type': 'application/json; charset=utf-8', 'cache-control': 'no-cache'})
DEBUG    selenium.webdriver.remote.remote_connection:remote_connection.py:356 Finished Request
DEBUG    selenium.webdriver.remote.remote_connection:remote_connection.py:313 POST http://selenium-hub:4444/wd/hub/session/3113c0127527982047c2c0cbec19f22b/element/f.98D246DDA407406B6F8C3DBE00D42F41.d.348253207A90A264C8DB5FA6D463838C.e.609/element {"using": "css selector", "value": "div[data-testid='note-card-title']"}
DEBUG    urllib3.connectionpool:connectionpool.py:544 http://selenium-hub:4444 "POST /wd/hub/session/3113c0127527982047c2c0cbec19f22b/element/f.98D246DDA407406B6F8C3DBE00D42F41.d.348253207A90A264C8DB5FA6D463838C.e.609/element HTTP/1.1" 200 0
DEBUG    selenium.webdriver.remote.remote_connection:remote_connection.py:329 Remote response: status=200 | data={"value":{"element-6066-11e4-a52e-4f735466cecf":"f.98D246DDA407406B6F8C3DBE00D42F41.d.348253207A90A264C8DB5FA6D463838C.e.792"}} | headers=HTTPHeaderDict({'content-length': '127', 'content-type': 'application/json; charset=utf-8', 'cache-control': 'no-cache'})
DEBUG    selenium.webdriver.remote.remote_connection:remote_connection.py:356 Finished Request
DEBUG    selenium.webdriver.remote.remote_connection:remote_connection.py:313 GET http://selenium-hub:4444/wd/hub/session/3113c0127527982047c2c0cbec19f22b/element/f.98D246DDA407406B6F8C3DBE00D42F41.d.348253207A90A264C8DB5FA6D463838C.e.792/text {}
DEBUG    urllib3.connectionpool:connectionpool.py:544 http://selenium-hub:4444 "GET /wd/hub/session/3113c0127527982047c2c0cbec19f22b/element/f.98D246DDA407406B6F8C3DBE00D42F41.d.348253207A90A264C8DB5FA6D463838C.e.792/text HTTP/1.1" 200 0
DEBUG    selenium.webdriver.remote.remote_connection:remote_connection.py:329 Remote response: status=200 | data={"value":"E2E Title"} | headers=HTTPHeaderDict({'content-length': '21', 'content-type': 'application/json; charset=utf-8', 'cache-control': 'no-cache'})
DEBUG    selenium.webdriver.remote.remote_connection:remote_connection.py:356 Finished Request
DEBUG    selenium.webdriver.remote.remote_connection:remote_connection.py:313 POST http://selenium-hub:4444/wd/hub/session/3113c0127527982047c2c0cbec19f22b/element/f.98D246DDA407406B6F8C3DBE00D42F41.d.348253207A90A264C8DB5FA6D463838C.e.610/element {"using": "css selector", "value": "div[data-testid='note-card-title']"}
DEBUG    urllib3.connectionpool:connectionpool.py:544 http://selenium-hub:4444 "POST /wd/hub/session/3113c0127527982047c2c0cbec19f22b/element/f.98D246DDA407406B6F8C3DBE00D42F41.d.348253207A90A264C8DB5FA6D463838C.e.610/element HTTP/1.1" 200 0
DEBUG    selenium.webdriver.remote.remote_connection:remote_connection.py:329 Remote response: status=200 | data={"value":{"element-6066-11e4-a52e-4f735466cecf":"f.98D246DDA407406B6F8C3DBE00D42F41.d.348253207A90A264C8DB5FA6D463838C.e.793"}} | headers=HTTPHeaderDict({'content-length': '127', 'content-type': 'application/json; charset=utf-8', 'cache-control': 'no-cache'})
DEBUG    selenium.webdriver.remote.remote_connection:remote_connection.py:356 Finished Request
DEBUG    selenium.webdriver.remote.remote_connection:remote_connection.py:313 GET http://selenium-hub:4444/wd/hub/session/3113c0127527982047c2c0cbec19f22b/element/f.98D246DDA407406B6F8C3DBE00D42F41.d.348253207A90A264C8DB5FA6D463838C.e.793/text {}
DEBUG    urllib3.connectionpool:connectionpool.py:544 http://selenium-hub:4444 "GET /wd/hub/session/3113c0127527982047c2c0cbec19f22b/element/f.98D246DDA407406B6F8C3DBE00D42F41.d.348253207A90A264C8DB5FA6D463838C.e.793/text HTTP/1.1" 200 0
DEBUG    selenium.webdriver.remote.remote_connection:remote_connection.py:329 Remote response: status=200 | data={"value":"UI Test"} | headers=HTTPHeaderDict({'content-length': '19', 'content-type': 'application/json; charset=utf-8', 'cache-control': 'no-cache'})
DEBUG    selenium.webdriver.remote.remote_connection:remote_connection.py:356 Finished Request
DEBUG    selenium.webdriver.remote.remote_connection:remote_connection.py:313 POST http://selenium-hub:4444/wd/hub/session/3113c0127527982047c2c0cbec19f22b/element/f.98D246DDA407406B6F8C3DBE00D42F41.d.348253207A90A264C8DB5FA6D463838C.e.611/element {"using": "css selector", "value": "div[data-testid='note-card-title']"}
DEBUG    urllib3.connectionpool:connectionpool.py:544 http://selenium-hub:4444 "POST /wd/hub/session/3113c0127527982047c2c0cbec19f22b/element/f.98D246DDA407406B6F8C3DBE00D42F41.d.348253207A90A264C8DB5FA6D463838C.e.611/element HTTP/1.1" 200 0
DEBUG    selenium.webdriver.remote.remote_connection:remote_connection.py:329 Remote response: status=200 | data={"value":{"element-6066-11e4-a52e-4f735466cecf":"f.98D246DDA407406B6F8C3DBE00D42F41.d.348253207A90A264C8DB5FA6D463838C.e.794"}} | headers=HTTPHeaderDict({'content-length': '127', 'content-type': 'application/json; charset=utf-8', 'cache-control': 'no-cache'})
DEBUG    selenium.webdriver.remote.remote_connection:remote_connection.py:356 Finished Request
DEBUG    selenium.webdriver.remote.remote_connection:remote_connection.py:313 GET http://selenium-hub:4444/wd/hub/session/3113c0127527982047c2c0cbec19f22b/element/f.98D246DDA407406B6F8C3DBE00D42F41.d.348253207A90A264C8DB5FA6D463838C.e.794/text {}
DEBUG    urllib3.connectionpool:connectionpool.py:544 http://selenium-hub:4444 "GET /wd/hub/session/3113c0127527982047c2c0cbec19f22b/element/f.98D246DDA407406B6F8C3DBE00D42F41.d.348253207A90A264C8DB5FA6D463838C.e.794/text HTTP/1.1" 200 0
DEBUG    selenium.webdriver.remote.remote_connection:remote_connection.py:329 Remote response: status=200 | data={"value":"E2E Title"} | headers=HTTPHeaderDict({'content-length': '21', 'content-type': 'application/json; charset=utf-8', 'cache-control': 'no-cache'})
DEBUG    selenium.webdriver.remote.remote_connection:remote_connection.py:356 Finished Request
DEBUG    selenium.webdriver.remote.remote_connection:remote_connection.py:313 POST http://selenium-hub:4444/wd/hub/session/3113c0127527982047c2c0cbec19f22b/element/f.98D246DDA407406B6F8C3DBE00D42F41.d.348253207A90A264C8DB5FA6D463838C.e.612/element {"using": "css selector", "value": "div[data-testid='note-card-title']"}
DEBUG    urllib3.connectionpool:connectionpool.py:544 http://selenium-hub:4444 "POST /wd/hub/session/3113c0127527982047c2c0cbec19f22b/element/f.98D246DDA407406B6F8C3DBE00D42F41.d.348253207A90A264C8DB5FA6D463838C.e.612/element HTTP/1.1" 200 0
DEBUG    selenium.webdriver.remote.remote_connection:remote_connection.py:329 Remote response: status=200 | data={"value":{"element-6066-11e4-a52e-4f735466cecf":"f.98D246DDA407406B6F8C3DBE00D42F41.d.348253207A90A264C8DB5FA6D463838C.e.795"}} | headers=HTTPHeaderDict({'content-length': '127', 'content-type': 'application/json; charset=utf-8', 'cache-control': 'no-cache'})
DEBUG    selenium.webdriver.remote.remote_connection:remote_connection.py:356 Finished Request
DEBUG    selenium.webdriver.remote.remote_connection:remote_connection.py:313 GET http://selenium-hub:4444/wd/hub/session/3113c0127527982047c2c0cbec19f22b/element/f.98D246DDA407406B6F8C3DBE00D42F41.d.348253207A90A264C8DB5FA6D463838C.e.795/text {}
DEBUG    urllib3.connectionpool:connectionpool.py:544 http://selenium-hub:4444 "GET /wd/hub/session/3113c0127527982047c2c0cbec19f22b/element/f.98D246DDA407406B6F8C3DBE00D42F41.d.348253207A90A264C8DB5FA6D463838C.e.795/text HTTP/1.1" 200 0
DEBUG    selenium.webdriver.remote.remote_connection:remote_connection.py:329 Remote response: status=200 | data={"value":"UI Test"} | headers=HTTPHeaderDict({'content-length': '19', 'content-type': 'application/json; charset=utf-8', 'cache-control': 'no-cache'})
DEBUG    selenium.webdriver.remote.remote_connection:remote_connection.py:356 Finished Request
DEBUG    selenium.webdriver.remote.remote_connection:remote_connection.py:313 POST http://selenium-hub:4444/wd/hub/session/3113c0127527982047c2c0cbec19f22b/element/f.98D246DDA407406B6F8C3DBE00D42F41.d.348253207A90A264C8DB5FA6D463838C.e.613/element {"using": "css selector", "value": "div[data-testid='note-card-title']"}
DEBUG    urllib3.connectionpool:connectionpool.py:544 http://selenium-hub:4444 "POST /wd/hub/session/3113c0127527982047c2c0cbec19f22b/element/f.98D246DDA407406B6F8C3DBE00D42F41.d.348253207A90A264C8DB5FA6D463838C.e.613/element HTTP/1.1" 200 0
DEBUG    selenium.webdriver.remote.remote_connection:remote_connection.py:329 Remote response: status=200 | data={"value":{"element-6066-11e4-a52e-4f735466cecf":"f.98D246DDA407406B6F8C3DBE00D42F41.d.348253207A90A264C8DB5FA6D463838C.e.796"}} | headers=HTTPHeaderDict({'content-length': '127', 'content-type': 'application/json; charset=utf-8', 'cache-control': 'no-cache'})
DEBUG    selenium.webdriver.remote.remote_connection:remote_connection.py:356 Finished Request
DEBUG    selenium.webdriver.remote.remote_connection:remote_connection.py:313 GET http://selenium-hub:4444/wd/hub/session/3113c0127527982047c2c0cbec19f22b/element/f.98D246DDA407406B6F8C3DBE00D42F41.d.348253207A90A264C8DB5FA6D463838C.e.796/text {}
DEBUG    urllib3.connectionpool:connectionpool.py:544 http://selenium-hub:4444 "GET /wd/hub/session/3113c0127527982047c2c0cbec19f22b/element/f.98D246DDA407406B6F8C3DBE00D42F41.d.348253207A90A264C8DB5FA6D463838C.e.796/text HTTP/1.1" 200 0
DEBUG    selenium.webdriver.remote.remote_connection:remote_connection.py:329 Remote response: status=200 | data={"value":"E2E Title"} | headers=HTTPHeaderDict({'content-length': '21', 'content-type': 'application/json; charset=utf-8', 'cache-control': 'no-cache'})
DEBUG    selenium.webdriver.remote.remote_connection:remote_connection.py:356 Finished Request
DEBUG    selenium.webdriver.remote.remote_connection:remote_connection.py:313 POST http://selenium-hub:4444/wd/hub/session/3113c0127527982047c2c0cbec19f22b/element/f.98D246DDA407406B6F8C3DBE00D42F41.d.348253207A90A264C8DB5FA6D463838C.e.614/element {"using": "css selector", "value": "div[data-testid='note-card-title']"}
DEBUG    urllib3.connectionpool:connectionpool.py:544 http://selenium-hub:4444 "POST /wd/hub/session/3113c0127527982047c2c0cbec19f22b/element/f.98D246DDA407406B6F8C3DBE00D42F41.d.348253207A90A264C8DB5FA6D463838C.e.614/element HTTP/1.1" 200 0
DEBUG    selenium.webdriver.remote.remote_connection:remote_connection.py:329 Remote response: status=200 | data={"value":{"element-6066-11e4-a52e-4f735466cecf":"f.98D246DDA407406B6F8C3DBE00D42F41.d.348253207A90A264C8DB5FA6D463838C.e.797"}} | headers=HTTPHeaderDict({'content-length': '127', 'content-type': 'application/json; charset=utf-8', 'cache-control': 'no-cache'})
DEBUG    selenium.webdriver.remote.remote_connection:remote_connection.py:356 Finished Request
DEBUG    selenium.webdriver.remote.remote_connection:remote_connection.py:313 GET http://selenium-hub:4444/wd/hub/session/3113c0127527982047c2c0cbec19f22b/element/f.98D246DDA407406B6F8C3DBE00D42F41.d.348253207A90A264C8DB5FA6D463838C.e.797/text {}
DEBUG    urllib3.connectionpool:connectionpool.py:544 http://selenium-hub:4444 "GET /wd/hub/session/3113c0127527982047c2c0cbec19f22b/element/f.98D246DDA407406B6F8C3DBE00D42F41.d.348253207A90A264C8DB5FA6D463838C.e.797/text HTTP/1.1" 200 0
DEBUG    selenium.webdriver.remote.remote_connection:remote_connection.py:329 Remote response: status=200 | data={"value":"UI Test"} | headers=HTTPHeaderDict({'content-length': '19', 'content-type': 'application/json; charset=utf-8', 'cache-control': 'no-cache'})
DEBUG    selenium.webdriver.remote.remote_connection:remote_connection.py:356 Finished Request
DEBUG    selenium.webdriver.remote.remote_connection:remote_connection.py:313 POST http://selenium-hub:4444/wd/hub/session/3113c0127527982047c2c0cbec19f22b/element/f.98D246DDA407406B6F8C3DBE00D42F41.d.348253207A90A264C8DB5FA6D463838C.e.615/element {"using": "css selector", "value": "div[data-testid='note-card-title']"}
DEBUG    urllib3.connectionpool:connectionpool.py:544 http://selenium-hub:4444 "POST /wd/hub/session/3113c0127527982047c2c0cbec19f22b/element/f.98D246DDA407406B6F8C3DBE00D42F41.d.348253207A90A264C8DB5FA6D463838C.e.615/element HTTP/1.1" 200 0
DEBUG    selenium.webdriver.remote.remote_connection:remote_connection.py:329 Remote response: status=200 | data={"value":{"element-6066-11e4-a52e-4f735466cecf":"f.98D246DDA407406B6F8C3DBE00D42F41.d.348253207A90A264C8DB5FA6D463838C.e.798"}} | headers=HTTPHeaderDict({'content-length': '127', 'content-type': 'application/json; charset=utf-8', 'cache-control': 'no-cache'})
DEBUG    selenium.webdriver.remote.remote_connection:remote_connection.py:356 Finished Request
DEBUG    selenium.webdriver.remote.remote_connection:remote_connection.py:313 GET http://selenium-hub:4444/wd/hub/session/3113c0127527982047c2c0cbec19f22b/element/f.98D246DDA407406B6F8C3DBE00D42F41.d.348253207A90A264C8DB5FA6D463838C.e.798/text {}
DEBUG    urllib3.connectionpool:connectionpool.py:544 http://selenium-hub:4444 "GET /wd/hub/session/3113c0127527982047c2c0cbec19f22b/element/f.98D246DDA407406B6F8C3DBE00D42F41.d.348253207A90A264C8DB5FA6D463838C.e.798/text HTTP/1.1" 200 0
DEBUG    selenium.webdriver.remote.remote_connection:remote_connection.py:329 Remote response: status=200 | data={"value":"UI Test"} | headers=HTTPHeaderDict({'content-length': '19', 'content-type': 'application/json; charset=utf-8', 'cache-control': 'no-cache'})
DEBUG    selenium.webdriver.remote.remote_connection:remote_connection.py:356 Finished Request
DEBUG    selenium.webdriver.remote.remote_connection:remote_connection.py:313 POST http://selenium-hub:4444/wd/hub/session/3113c0127527982047c2c0cbec19f22b/element/f.98D246DDA407406B6F8C3DBE00D42F41.d.348253207A90A264C8DB5FA6D463838C.e.616/element {"using": "css selector", "value": "div[data-testid='note-card-title']"}
DEBUG    urllib3.connectionpool:connectionpool.py:544 http://selenium-hub:4444 "POST /wd/hub/session/3113c0127527982047c2c0cbec19f22b/element/f.98D246DDA407406B6F8C3DBE00D42F41.d.348253207A90A264C8DB5FA6D463838C.e.616/element HTTP/1.1" 200 0
DEBUG    selenium.webdriver.remote.remote_connection:remote_connection.py:329 Remote response: status=200 | data={"value":{"element-6066-11e4-a52e-4f735466cecf":"f.98D246DDA407406B6F8C3DBE00D42F41.d.348253207A90A264C8DB5FA6D463838C.e.799"}} | headers=HTTPHeaderDict({'content-length': '127', 'content-type': 'application/json; charset=utf-8', 'cache-control': 'no-cache'})
DEBUG    selenium.webdriver.remote.remote_connection:remote_connection.py:356 Finished Request
DEBUG    selenium.webdriver.remote.remote_connection:remote_connection.py:313 GET http://selenium-hub:4444/wd/hub/session/3113c0127527982047c2c0cbec19f22b/element/f.98D246DDA407406B6F8C3DBE00D42F41.d.348253207A90A264C8DB5FA6D463838C.e.799/text {}
DEBUG    urllib3.connectionpool:connectionpool.py:544 http://selenium-hub:4444 "GET /wd/hub/session/3113c0127527982047c2c0cbec19f22b/element/f.98D246DDA407406B6F8C3DBE00D42F41.d.348253207A90A264C8DB5FA6D463838C.e.799/text HTTP/1.1" 200 0
DEBUG    selenium.webdriver.remote.remote_connection:remote_connection.py:329 Remote response: status=200 | data={"value":"Delete by title 1778049010"} | headers=HTTPHeaderDict({'content-length': '38', 'content-type': 'application/json; charset=utf-8', 'cache-control': 'no-cache'})
DEBUG    selenium.webdriver.remote.remote_connection:remote_connection.py:356 Finished Request
DEBUG    selenium.webdriver.remote.remote_connection:remote_connection.py:313 POST http://selenium-hub:4444/wd/hub/session/3113c0127527982047c2c0cbec19f22b/element/f.98D246DDA407406B6F8C3DBE00D42F41.d.348253207A90A264C8DB5FA6D463838C.e.617/element {"using": "css selector", "value": "div[data-testid='note-card-title']"}
DEBUG    urllib3.connectionpool:connectionpool.py:544 http://selenium-hub:4444 "POST /wd/hub/session/3113c0127527982047c2c0cbec19f22b/element/f.98D246DDA407406B6F8C3DBE00D42F41.d.348253207A90A264C8DB5FA6D463838C.e.617/element HTTP/1.1" 200 0
DEBUG    selenium.webdriver.remote.remote_connection:remote_connection.py:329 Remote response: status=200 | data={"value":{"element-6066-11e4-a52e-4f735466cecf":"f.98D246DDA407406B6F8C3DBE00D42F41.d.348253207A90A264C8DB5FA6D463838C.e.800"}} | headers=HTTPHeaderDict({'content-length': '127', 'content-type': 'application/json; charset=utf-8', 'cache-control': 'no-cache'})
DEBUG    selenium.webdriver.remote.remote_connection:remote_connection.py:356 Finished Request
DEBUG    selenium.webdriver.remote.remote_connection:remote_connection.py:313 GET http://selenium-hub:4444/wd/hub/session/3113c0127527982047c2c0cbec19f22b/element/f.98D246DDA407406B6F8C3DBE00D42F41.d.348253207A90A264C8DB5FA6D463838C.e.800/text {}
DEBUG    urllib3.connectionpool:connectionpool.py:544 http://selenium-hub:4444 "GET /wd/hub/session/3113c0127527982047c2c0cbec19f22b/element/f.98D246DDA407406B6F8C3DBE00D42F41.d.348253207A90A264C8DB5FA6D463838C.e.800/text HTTP/1.1" 200 0
DEBUG    selenium.webdriver.remote.remote_connection:remote_connection.py:329 Remote response: status=200 | data={"value":"API E2E 1778048932"} | headers=HTTPHeaderDict({'content-length': '30', 'content-type': 'application/json; charset=utf-8', 'cache-control': 'no-cache'})
DEBUG    selenium.webdriver.remote.remote_connection:remote_connection.py:356 Finished Request
DEBUG    selenium.webdriver.remote.remote_connection:remote_connection.py:313 POST http://selenium-hub:4444/wd/hub/session/3113c0127527982047c2c0cbec19f22b/element/f.98D246DDA407406B6F8C3DBE00D42F41.d.348253207A90A264C8DB5FA6D463838C.e.618/element {"using": "css selector", "value": "div[data-testid='note-card-title']"}
DEBUG    urllib3.connectionpool:connectionpool.py:544 http://selenium-hub:4444 "POST /wd/hub/session/3113c0127527982047c2c0cbec19f22b/element/f.98D246DDA407406B6F8C3DBE00D42F41.d.348253207A90A264C8DB5FA6D463838C.e.618/element HTTP/1.1" 200 0
DEBUG    selenium.webdriver.remote.remote_connection:remote_connection.py:329 Remote response: status=200 | data={"value":{"element-6066-11e4-a52e-4f735466cecf":"f.98D246DDA407406B6F8C3DBE00D42F41.d.348253207A90A264C8DB5FA6D463838C.e.801"}} | headers=HTTPHeaderDict({'content-length': '127', 'content-type': 'application/json; charset=utf-8', 'cache-control': 'no-cache'})
DEBUG    selenium.webdriver.remote.remote_connection:remote_connection.py:356 Finished Request
DEBUG    selenium.webdriver.remote.remote_connection:remote_connection.py:313 GET http://selenium-hub:4444/wd/hub/session/3113c0127527982047c2c0cbec19f22b/element/f.98D246DDA407406B6F8C3DBE00D42F41.d.348253207A90A264C8DB5FA6D463838C.e.801/text {}
DEBUG    urllib3.connectionpool:connectionpool.py:544 http://selenium-hub:4444 "GET /wd/hub/session/3113c0127527982047c2c0cbec19f22b/element/f.98D246DDA407406B6F8C3DBE00D42F41.d.348253207A90A264C8DB5FA6D463838C.e.801/text HTTP/1.1" 200 0
DEBUG    selenium.webdriver.remote.remote_connection:remote_connection.py:329 Remote response: status=200 | data={"value":"UI Test"} | headers=HTTPHeaderDict({'content-length': '19', 'content-type': 'application/json; charset=utf-8', 'cache-control': 'no-cache'})
DEBUG    selenium.webdriver.remote.remote_connection:remote_connection.py:356 Finished Request
DEBUG    selenium.webdriver.remote.remote_connection:remote_connection.py:313 POST http://selenium-hub:4444/wd/hub/session/3113c0127527982047c2c0cbec19f22b/element/f.98D246DDA407406B6F8C3DBE00D42F41.d.348253207A90A264C8DB5FA6D463838C.e.619/element {"using": "css selector", "value": "div[data-testid='note-card-title']"}
DEBUG    urllib3.connectionpool:connectionpool.py:544 http://selenium-hub:4444 "POST /wd/hub/session/3113c0127527982047c2c0cbec19f22b/element/f.98D246DDA407406B6F8C3DBE00D42F41.d.348253207A90A264C8DB5FA6D463838C.e.619/element HTTP/1.1" 200 0
DEBUG    selenium.webdriver.remote.remote_connection:remote_connection.py:329 Remote response: status=200 | data={"value":{"element-6066-11e4-a52e-4f735466cecf":"f.98D246DDA407406B6F8C3DBE00D42F41.d.348253207A90A264C8DB5FA6D463838C.e.802"}} | headers=HTTPHeaderDict({'content-length': '127', 'content-type': 'application/json; charset=utf-8', 'cache-control': 'no-cache'})
DEBUG    selenium.webdriver.remote.remote_connection:remote_connection.py:356 Finished Request
DEBUG    selenium.webdriver.remote.remote_connection:remote_connection.py:313 GET http://selenium-hub:4444/wd/hub/session/3113c0127527982047c2c0cbec19f22b/element/f.98D246DDA407406B6F8C3DBE00D42F41.d.348253207A90A264C8DB5FA6D463838C.e.802/text {}
DEBUG    urllib3.connectionpool:connectionpool.py:544 http://selenium-hub:4444 "GET /wd/hub/session/3113c0127527982047c2c0cbec19f22b/element/f.98D246DDA407406B6F8C3DBE00D42F41.d.348253207A90A264C8DB5FA6D463838C.e.802/text HTTP/1.1" 200 0
DEBUG    selenium.webdriver.remote.remote_connection:remote_connection.py:329 Remote response: status=200 | data={"value":"E2E Title"} | headers=HTTPHeaderDict({'content-length': '21', 'content-type': 'application/json; charset=utf-8', 'cache-control': 'no-cache'})
DEBUG    selenium.webdriver.remote.remote_connection:remote_connection.py:356 Finished Request
DEBUG    selenium.webdriver.remote.remote_connection:remote_connection.py:313 POST http://selenium-hub:4444/wd/hub/session/3113c0127527982047c2c0cbec19f22b/element/f.98D246DDA407406B6F8C3DBE00D42F41.d.348253207A90A264C8DB5FA6D463838C.e.620/element {"using": "css selector", "value": "div[data-testid='note-card-title']"}
DEBUG    urllib3.connectionpool:connectionpool.py:544 http://selenium-hub:4444 "POST /wd/hub/session/3113c0127527982047c2c0cbec19f22b/element/f.98D246DDA407406B6F8C3DBE00D42F41.d.348253207A90A264C8DB5FA6D463838C.e.620/element HTTP/1.1" 200 0
DEBUG    selenium.webdriver.remote.remote_connection:remote_connection.py:329 Remote response: status=200 | data={"value":{"element-6066-11e4-a52e-4f735466cecf":"f.98D246DDA407406B6F8C3DBE00D42F41.d.348253207A90A264C8DB5FA6D463838C.e.803"}} | headers=HTTPHeaderDict({'content-length': '127', 'content-type': 'application/json; charset=utf-8', 'cache-control': 'no-cache'})
DEBUG    selenium.webdriver.remote.remote_connection:remote_connection.py:356 Finished Request
DEBUG    selenium.webdriver.remote.remote_connection:remote_connection.py:313 GET http://selenium-hub:4444/wd/hub/session/3113c0127527982047c2c0cbec19f22b/element/f.98D246DDA407406B6F8C3DBE00D42F41.d.348253207A90A264C8DB5FA6D463838C.e.803/text {}
DEBUG    urllib3.connectionpool:connectionpool.py:544 http://selenium-hub:4444 "GET /wd/hub/session/3113c0127527982047c2c0cbec19f22b/element/f.98D246DDA407406B6F8C3DBE00D42F41.d.348253207A90A264C8DB5FA6D463838C.e.803/text HTTP/1.1" 200 0
DEBUG    selenium.webdriver.remote.remote_connection:remote_connection.py:329 Remote response: status=200 | data={"value":"UI Test"} | headers=HTTPHeaderDict({'content-length': '19', 'content-type': 'application/json; charset=utf-8', 'cache-control': 'no-cache'})
DEBUG    selenium.webdriver.remote.remote_connection:remote_connection.py:356 Finished Request
DEBUG    selenium.webdriver.remote.remote_connection:remote_connection.py:313 POST http://selenium-hub:4444/wd/hub/session/3113c0127527982047c2c0cbec19f22b/element/f.98D246DDA407406B6F8C3DBE00D42F41.d.348253207A90A264C8DB5FA6D463838C.e.621/element {"using": "css selector", "value": "div[data-testid='note-card-title']"}
DEBUG    urllib3.connectionpool:connectionpool.py:544 http://selenium-hub:4444 "POST /wd/hub/session/3113c0127527982047c2c0cbec19f22b/element/f.98D246DDA407406B6F8C3DBE00D42F41.d.348253207A90A264C8DB5FA6D463838C.e.621/element HTTP/1.1" 200 0
DEBUG    selenium.webdriver.remote.remote_connection:remote_connection.py:329 Remote response: status=200 | data={"value":{"element-6066-11e4-a52e-4f735466cecf":"f.98D246DDA407406B6F8C3DBE00D42F41.d.348253207A90A264C8DB5FA6D463838C.e.804"}} | headers=HTTPHeaderDict({'content-length': '127', 'content-type': 'application/json; charset=utf-8', 'cache-control': 'no-cache'})
DEBUG    selenium.webdriver.remote.remote_connection:remote_connection.py:356 Finished Request
DEBUG    selenium.webdriver.remote.remote_connection:remote_connection.py:313 GET http://selenium-hub:4444/wd/hub/session/3113c0127527982047c2c0cbec19f22b/element/f.98D246DDA407406B6F8C3DBE00D42F41.d.348253207A90A264C8DB5FA6D463838C.e.804/text {}
DEBUG    urllib3.connectionpool:connectionpool.py:544 http://selenium-hub:4444 "GET /wd/hub/session/3113c0127527982047c2c0cbec19f22b/element/f.98D246DDA407406B6F8C3DBE00D42F41.d.348253207A90A264C8DB5FA6D463838C.e.804/text HTTP/1.1" 200 0
DEBUG    selenium.webdriver.remote.remote_connection:remote_connection.py:329 Remote response: status=200 | data={"value":"UI Test"} | headers=HTTPHeaderDict({'content-length': '19', 'content-type': 'application/json; charset=utf-8', 'cache-control': 'no-cache'})
DEBUG    selenium.webdriver.remote.remote_connection:remote_connection.py:356 Finished Request
DEBUG    selenium.webdriver.remote.remote_connection:remote_connection.py:313 POST http://selenium-hub:4444/wd/hub/session/3113c0127527982047c2c0cbec19f22b/element/f.98D246DDA407406B6F8C3DBE00D42F41.d.348253207A90A264C8DB5FA6D463838C.e.622/element {"using": "css selector", "value": "div[data-testid='note-card-title']"}
DEBUG    urllib3.connectionpool:connectionpool.py:544 http://selenium-hub:4444 "POST /wd/hub/session/3113c0127527982047c2c0cbec19f22b/element/f.98D246DDA407406B6F8C3DBE00D42F41.d.348253207A90A264C8DB5FA6D463838C.e.622/element HTTP/1.1" 200 0
DEBUG    selenium.webdriver.remote.remote_connection:remote_connection.py:329 Remote response: status=200 | data={"value":{"element-6066-11e4-a52e-4f735466cecf":"f.98D246DDA407406B6F8C3DBE00D42F41.d.348253207A90A264C8DB5FA6D463838C.e.805"}} | headers=HTTPHeaderDict({'content-length': '127', 'content-type': 'application/json; charset=utf-8', 'cache-control': 'no-cache'})
DEBUG    selenium.webdriver.remote.remote_connection:remote_connection.py:356 Finished Request
DEBUG    selenium.webdriver.remote.remote_connection:remote_connection.py:313 GET http://selenium-hub:4444/wd/hub/session/3113c0127527982047c2c0cbec19f22b/element/f.98D246DDA407406B6F8C3DBE00D42F41.d.348253207A90A264C8DB5FA6D463838C.e.805/text {}
DEBUG    urllib3.connectionpool:connectionpool.py:544 http://selenium-hub:4444 "GET /wd/hub/session/3113c0127527982047c2c0cbec19f22b/element/f.98D246DDA407406B6F8C3DBE00D42F41.d.348253207A90A264C8DB5FA6D463838C.e.805/text HTTP/1.1" 200 0
DEBUG    selenium.webdriver.remote.remote_connection:remote_connection.py:329 Remote response: status=200 | data={"value":"Delete by title 1778047758"} | headers=HTTPHeaderDict({'content-length': '38', 'content-type': 'application/json; charset=utf-8', 'cache-control': 'no-cache'})
DEBUG    selenium.webdriver.remote.remote_connection:remote_connection.py:356 Finished Request
DEBUG    selenium.webdriver.remote.remote_connection:remote_connection.py:313 POST http://selenium-hub:4444/wd/hub/session/3113c0127527982047c2c0cbec19f22b/element/f.98D246DDA407406B6F8C3DBE00D42F41.d.348253207A90A264C8DB5FA6D463838C.e.623/element {"using": "css selector", "value": "div[data-testid='note-card-title']"}
DEBUG    urllib3.connectionpool:connectionpool.py:544 http://selenium-hub:4444 "POST /wd/hub/session/3113c0127527982047c2c0cbec19f22b/element/f.98D246DDA407406B6F8C3DBE00D42F41.d.348253207A90A264C8DB5FA6D463838C.e.623/element HTTP/1.1" 200 0
DEBUG    selenium.webdriver.remote.remote_connection:remote_connection.py:329 Remote response: status=200 | data={"value":{"element-6066-11e4-a52e-4f735466cecf":"f.98D246DDA407406B6F8C3DBE00D42F41.d.348253207A90A264C8DB5FA6D463838C.e.806"}} | headers=HTTPHeaderDict({'content-length': '127', 'content-type': 'application/json; charset=utf-8', 'cache-control': 'no-cache'})
DEBUG    selenium.webdriver.remote.remote_connection:remote_connection.py:356 Finished Request
DEBUG    selenium.webdriver.remote.remote_connection:remote_connection.py:313 GET http://selenium-hub:4444/wd/hub/session/3113c0127527982047c2c0cbec19f22b/element/f.98D246DDA407406B6F8C3DBE00D42F41.d.348253207A90A264C8DB5FA6D463838C.e.806/text {}
DEBUG    urllib3.connectionpool:connectionpool.py:544 http://selenium-hub:4444 "GET /wd/hub/session/3113c0127527982047c2c0cbec19f22b/element/f.98D246DDA407406B6F8C3DBE00D42F41.d.348253207A90A264C8DB5FA6D463838C.e.806/text HTTP/1.1" 200 0
DEBUG    selenium.webdriver.remote.remote_connection:remote_connection.py:329 Remote response: status=200 | data={"value":"E2E Title"} | headers=HTTPHeaderDict({'content-length': '21', 'content-type': 'application/json; charset=utf-8', 'cache-control': 'no-cache'})
DEBUG    selenium.webdriver.remote.remote_connection:remote_connection.py:356 Finished Request
DEBUG    selenium.webdriver.remote.remote_connection:remote_connection.py:313 POST http://selenium-hub:4444/wd/hub/session/3113c0127527982047c2c0cbec19f22b/element/f.98D246DDA407406B6F8C3DBE00D42F41.d.348253207A90A264C8DB5FA6D463838C.e.624/element {"using": "css selector", "value": "div[data-testid='note-card-title']"}
DEBUG    urllib3.connectionpool:connectionpool.py:544 http://selenium-hub:4444 "POST /wd/hub/session/3113c0127527982047c2c0cbec19f22b/element/f.98D246DDA407406B6F8C3DBE00D42F41.d.348253207A90A264C8DB5FA6D463838C.e.624/element HTTP/1.1" 200 0
DEBUG    selenium.webdriver.remote.remote_connection:remote_connection.py:329 Remote response: status=200 | data={"value":{"element-6066-11e4-a52e-4f735466cecf":"f.98D246DDA407406B6F8C3DBE00D42F41.d.348253207A90A264C8DB5FA6D463838C.e.807"}} | headers=HTTPHeaderDict({'content-length': '127', 'content-type': 'application/json; charset=utf-8', 'cache-control': 'no-cache'})
DEBUG    selenium.webdriver.remote.remote_connection:remote_connection.py:356 Finished Request
DEBUG    selenium.webdriver.remote.remote_connection:remote_connection.py:313 GET http://selenium-hub:4444/wd/hub/session/3113c0127527982047c2c0cbec19f22b/element/f.98D246DDA407406B6F8C3DBE00D42F41.d.348253207A90A264C8DB5FA6D463838C.e.807/text {}
DEBUG    urllib3.connectionpool:connectionpool.py:544 http://selenium-hub:4444 "GET /wd/hub/session/3113c0127527982047c2c0cbec19f22b/element/f.98D246DDA407406B6F8C3DBE00D42F41.d.348253207A90A264C8DB5FA6D463838C.e.807/text HTTP/1.1" 200 0
DEBUG    selenium.webdriver.remote.remote_connection:remote_connection.py:329 Remote response: status=200 | data={"value":"UI Test"} | headers=HTTPHeaderDict({'content-length': '19', 'content-type': 'application/json; charset=utf-8', 'cache-control': 'no-cache'})
DEBUG    selenium.webdriver.remote.remote_connection:remote_connection.py:356 Finished Request
DEBUG    selenium.webdriver.remote.remote_connection:remote_connection.py:313 POST http://selenium-hub:4444/wd/hub/session/3113c0127527982047c2c0cbec19f22b/element/f.98D246DDA407406B6F8C3DBE00D42F41.d.348253207A90A264C8DB5FA6D463838C.e.625/element {"using": "css selector", "value": "div[data-testid='note-card-title']"}
DEBUG    urllib3.connectionpool:connectionpool.py:544 http://selenium-hub:4444 "POST /wd/hub/session/3113c0127527982047c2c0cbec19f22b/element/f.98D246DDA407406B6F8C3DBE00D42F41.d.348253207A90A264C8DB5FA6D463838C.e.625/element HTTP/1.1" 200 0
DEBUG    selenium.webdriver.remote.remote_connection:remote_connection.py:329 Remote response: status=200 | data={"value":{"element-6066-11e4-a52e-4f735466cecf":"f.98D246DDA407406B6F8C3DBE00D42F41.d.348253207A90A264C8DB5FA6D463838C.e.808"}} | headers=HTTPHeaderDict({'content-length': '127', 'content-type': 'application/json; charset=utf-8', 'cache-control': 'no-cache'})
DEBUG    selenium.webdriver.remote.remote_connection:remote_connection.py:356 Finished Request
DEBUG    selenium.webdriver.remote.remote_connection:remote_connection.py:313 GET http://selenium-hub:4444/wd/hub/session/3113c0127527982047c2c0cbec19f22b/element/f.98D246DDA407406B6F8C3DBE00D42F41.d.348253207A90A264C8DB5FA6D463838C.e.808/text {}
DEBUG    urllib3.connectionpool:connectionpool.py:544 http://selenium-hub:4444 "GET /wd/hub/session/3113c0127527982047c2c0cbec19f22b/element/f.98D246DDA407406B6F8C3DBE00D42F41.d.348253207A90A264C8DB5FA6D463838C.e.808/text HTTP/1.1" 200 0
DEBUG    selenium.webdriver.remote.remote_connection:remote_connection.py:329 Remote response: status=200 | data={"value":"E2E Title"} | headers=HTTPHeaderDict({'content-length': '21', 'content-type': 'application/json; charset=utf-8', 'cache-control': 'no-cache'})
DEBUG    selenium.webdriver.remote.remote_connection:remote_connection.py:356 Finished Request
DEBUG    selenium.webdriver.remote.remote_connection:remote_connection.py:313 POST http://selenium-hub:4444/wd/hub/session/3113c0127527982047c2c0cbec19f22b/element/f.98D246DDA407406B6F8C3DBE00D42F41.d.348253207A90A264C8DB5FA6D463838C.e.626/element {"using": "css selector", "value": "div[data-testid='note-card-title']"}
DEBUG    urllib3.connectionpool:connectionpool.py:544 http://selenium-hub:4444 "POST /wd/hub/session/3113c0127527982047c2c0cbec19f22b/element/f.98D246DDA407406B6F8C3DBE00D42F41.d.348253207A90A264C8DB5FA6D463838C.e.626/element HTTP/1.1" 200 0
DEBUG    selenium.webdriver.remote.remote_connection:remote_connection.py:329 Remote response: status=200 | data={"value":{"element-6066-11e4-a52e-4f735466cecf":"f.98D246DDA407406B6F8C3DBE00D42F41.d.348253207A90A264C8DB5FA6D463838C.e.809"}} | headers=HTTPHeaderDict({'content-length': '127', 'content-type': 'application/json; charset=utf-8', 'cache-control': 'no-cache'})
DEBUG    selenium.webdriver.remote.remote_connection:remote_connection.py:356 Finished Request
DEBUG    selenium.webdriver.remote.remote_connection:remote_connection.py:313 GET http://selenium-hub:4444/wd/hub/session/3113c0127527982047c2c0cbec19f22b/element/f.98D246DDA407406B6F8C3DBE00D42F41.d.348253207A90A264C8DB5FA6D463838C.e.809/text {}
DEBUG    urllib3.connectionpool:connectionpool.py:544 http://selenium-hub:4444 "GET /wd/hub/session/3113c0127527982047c2c0cbec19f22b/element/f.98D246DDA407406B6F8C3DBE00D42F41.d.348253207A90A264C8DB5FA6D463838C.e.809/text HTTP/1.1" 200 0
DEBUG    selenium.webdriver.remote.remote_connection:remote_connection.py:329 Remote response: status=200 | data={"value":"API E2E 1778047252"} | headers=HTTPHeaderDict({'content-length': '30', 'content-type': 'application/json; charset=utf-8', 'cache-control': 'no-cache'})
DEBUG    selenium.webdriver.remote.remote_connection:remote_connection.py:356 Finished Request
DEBUG    selenium.webdriver.remote.remote_connection:remote_connection.py:313 POST http://selenium-hub:4444/wd/hub/session/3113c0127527982047c2c0cbec19f22b/element/f.98D246DDA407406B6F8C3DBE00D42F41.d.348253207A90A264C8DB5FA6D463838C.e.627/element {"using": "css selector", "value": "div[data-testid='note-card-title']"}
DEBUG    urllib3.connectionpool:connectionpool.py:544 http://selenium-hub:4444 "POST /wd/hub/session/3113c0127527982047c2c0cbec19f22b/element/f.98D246DDA407406B6F8C3DBE00D42F41.d.348253207A90A264C8DB5FA6D463838C.e.627/element HTTP/1.1" 200 0
DEBUG    selenium.webdriver.remote.remote_connection:remote_connection.py:329 Remote response: status=200 | data={"value":{"element-6066-11e4-a52e-4f735466cecf":"f.98D246DDA407406B6F8C3DBE00D42F41.d.348253207A90A264C8DB5FA6D463838C.e.810"}} | headers=HTTPHeaderDict({'content-length': '127', 'content-type': 'application/json; charset=utf-8', 'cache-control': 'no-cache'})
DEBUG    selenium.webdriver.remote.remote_connection:remote_connection.py:356 Finished Request
DEBUG    selenium.webdriver.remote.remote_connection:remote_connection.py:313 GET http://selenium-hub:4444/wd/hub/session/3113c0127527982047c2c0cbec19f22b/element/f.98D246DDA407406B6F8C3DBE00D42F41.d.348253207A90A264C8DB5FA6D463838C.e.810/text {}
DEBUG    urllib3.connectionpool:connectionpool.py:544 http://selenium-hub:4444 "GET /wd/hub/session/3113c0127527982047c2c0cbec19f22b/element/f.98D246DDA407406B6F8C3DBE00D42F41.d.348253207A90A264C8DB5FA6D463838C.e.810/text HTTP/1.1" 200 0
DEBUG    selenium.webdriver.remote.remote_connection:remote_connection.py:329 Remote response: status=200 | data={"value":"API E2E 1778047160"} | headers=HTTPHeaderDict({'content-length': '30', 'content-type': 'application/json; charset=utf-8', 'cache-control': 'no-cache'})
DEBUG    selenium.webdriver.remote.remote_connection:remote_connection.py:356 Finished Request
DEBUG    selenium.webdriver.remote.remote_connection:remote_connection.py:313 POST http://selenium-hub:4444/wd/hub/session/3113c0127527982047c2c0cbec19f22b/element/f.98D246DDA407406B6F8C3DBE00D42F41.d.348253207A90A264C8DB5FA6D463838C.e.628/element {"using": "css selector", "value": "div[data-testid='note-card-title']"}
DEBUG    urllib3.connectionpool:connectionpool.py:544 http://selenium-hub:4444 "POST /wd/hub/session/3113c0127527982047c2c0cbec19f22b/element/f.98D246DDA407406B6F8C3DBE00D42F41.d.348253207A90A264C8DB5FA6D463838C.e.628/element HTTP/1.1" 200 0
DEBUG    selenium.webdriver.remote.remote_connection:remote_connection.py:329 Remote response: status=200 | data={"value":{"element-6066-11e4-a52e-4f735466cecf":"f.98D246DDA407406B6F8C3DBE00D42F41.d.348253207A90A264C8DB5FA6D463838C.e.811"}} | headers=HTTPHeaderDict({'content-length': '127', 'content-type': 'application/json; charset=utf-8', 'cache-control': 'no-cache'})
DEBUG    selenium.webdriver.remote.remote_connection:remote_connection.py:356 Finished Request
DEBUG    selenium.webdriver.remote.remote_connection:remote_connection.py:313 GET http://selenium-hub:4444/wd/hub/session/3113c0127527982047c2c0cbec19f22b/element/f.98D246DDA407406B6F8C3DBE00D42F41.d.348253207A90A264C8DB5FA6D463838C.e.811/text {}
DEBUG    urllib3.connectionpool:connectionpool.py:544 http://selenium-hub:4444 "GET /wd/hub/session/3113c0127527982047c2c0cbec19f22b/element/f.98D246DDA407406B6F8C3DBE00D42F41.d.348253207A90A264C8DB5FA6D463838C.e.811/text HTTP/1.1" 200 0
DEBUG    selenium.webdriver.remote.remote_connection:remote_connection.py:329 Remote response: status=200 | data={"value":"E2E Title"} | headers=HTTPHeaderDict({'content-length': '21', 'content-type': 'application/json; charset=utf-8', 'cache-control': 'no-cache'})
DEBUG    selenium.webdriver.remote.remote_connection:remote_connection.py:356 Finished Request
DEBUG    selenium.webdriver.remote.remote_connection:remote_connection.py:313 POST http://selenium-hub:4444/wd/hub/session/3113c0127527982047c2c0cbec19f22b/element/f.98D246DDA407406B6F8C3DBE00D42F41.d.348253207A90A264C8DB5FA6D463838C.e.629/element {"using": "css selector", "value": "div[data-testid='note-card-title']"}
DEBUG    urllib3.connectionpool:connectionpool.py:544 http://selenium-hub:4444 "POST /wd/hub/session/3113c0127527982047c2c0cbec19f22b/element/f.98D246DDA407406B6F8C3DBE00D42F41.d.348253207A90A264C8DB5FA6D463838C.e.629/element HTTP/1.1" 200 0
DEBUG    selenium.webdriver.remote.remote_connection:remote_connection.py:329 Remote response: status=200 | data={"value":{"element-6066-11e4-a52e-4f735466cecf":"f.98D246DDA407406B6F8C3DBE00D42F41.d.348253207A90A264C8DB5FA6D463838C.e.812"}} | headers=HTTPHeaderDict({'content-length': '127', 'content-type': 'application/json; charset=utf-8', 'cache-control': 'no-cache'})
DEBUG    selenium.webdriver.remote.remote_connection:remote_connection.py:356 Finished Request
DEBUG    selenium.webdriver.remote.remote_connection:remote_connection.py:313 GET http://selenium-hub:4444/wd/hub/session/3113c0127527982047c2c0cbec19f22b/element/f.98D246DDA407406B6F8C3DBE00D42F41.d.348253207A90A264C8DB5FA6D463838C.e.812/text {}
DEBUG    urllib3.connectionpool:connectionpool.py:544 http://selenium-hub:4444 "GET /wd/hub/session/3113c0127527982047c2c0cbec19f22b/element/f.98D246DDA407406B6F8C3DBE00D42F41.d.348253207A90A264C8DB5FA6D463838C.e.812/text HTTP/1.1" 200 0
DEBUG    selenium.webdriver.remote.remote_connection:remote_connection.py:329 Remote response: status=200 | data={"value":"UI Test"} | headers=HTTPHeaderDict({'content-length': '19', 'content-type': 'application/json; charset=utf-8', 'cache-control': 'no-cache'})
DEBUG    selenium.webdriver.remote.remote_connection:remote_connection.py:356 Finished Request
DEBUG    selenium.webdriver.remote.remote_connection:remote_connection.py:313 POST http://selenium-hub:4444/wd/hub/session/3113c0127527982047c2c0cbec19f22b/element/f.98D246DDA407406B6F8C3DBE00D42F41.d.348253207A90A264C8DB5FA6D463838C.e.630/element {"using": "css selector", "value": "div[data-testid='note-card-title']"}
DEBUG    urllib3.connectionpool:connectionpool.py:544 http://selenium-hub:4444 "POST /wd/hub/session/3113c0127527982047c2c0cbec19f22b/element/f.98D246DDA407406B6F8C3DBE00D42F41.d.348253207A90A264C8DB5FA6D463838C.e.630/element HTTP/1.1" 200 0
DEBUG    selenium.webdriver.remote.remote_connection:remote_connection.py:329 Remote response: status=200 | data={"value":{"element-6066-11e4-a52e-4f735466cecf":"f.98D246DDA407406B6F8C3DBE00D42F41.d.348253207A90A264C8DB5FA6D463838C.e.813"}} | headers=HTTPHeaderDict({'content-length': '127', 'content-type': 'application/json; charset=utf-8', 'cache-control': 'no-cache'})
DEBUG    selenium.webdriver.remote.remote_connection:remote_connection.py:356 Finished Request
DEBUG    selenium.webdriver.remote.remote_connection:remote_connection.py:313 GET http://selenium-hub:4444/wd/hub/session/3113c0127527982047c2c0cbec19f22b/element/f.98D246DDA407406B6F8C3DBE00D42F41.d.348253207A90A264C8DB5FA6D463838C.e.813/text {}
DEBUG    urllib3.connectionpool:connectionpool.py:544 http://selenium-hub:4444 "GET /wd/hub/session/3113c0127527982047c2c0cbec19f22b/element/f.98D246DDA407406B6F8C3DBE00D42F41.d.348253207A90A264C8DB5FA6D463838C.e.813/text HTTP/1.1" 200 0
DEBUG    selenium.webdriver.remote.remote_connection:remote_connection.py:329 Remote response: status=200 | data={"value":"API E2E 1778046376"} | headers=HTTPHeaderDict({'content-length': '30', 'content-type': 'application/json; charset=utf-8', 'cache-control': 'no-cache'})
DEBUG    selenium.webdriver.remote.remote_connection:remote_connection.py:356 Finished Request
DEBUG    selenium.webdriver.remote.remote_connection:remote_connection.py:313 POST http://selenium-hub:4444/wd/hub/session/3113c0127527982047c2c0cbec19f22b/element/f.98D246DDA407406B6F8C3DBE00D42F41.d.348253207A90A264C8DB5FA6D463838C.e.631/element {"using": "css selector", "value": "div[data-testid='note-card-title']"}
DEBUG    urllib3.connectionpool:connectionpool.py:544 http://selenium-hub:4444 "POST /wd/hub/session/3113c0127527982047c2c0cbec19f22b/element/f.98D246DDA407406B6F8C3DBE00D42F41.d.348253207A90A264C8DB5FA6D463838C.e.631/element HTTP/1.1" 200 0
DEBUG    selenium.webdriver.remote.remote_connection:remote_connection.py:329 Remote response: status=200 | data={"value":{"element-6066-11e4-a52e-4f735466cecf":"f.98D246DDA407406B6F8C3DBE00D42F41.d.348253207A90A264C8DB5FA6D463838C.e.814"}} | headers=HTTPHeaderDict({'content-length': '127', 'content-type': 'application/json; charset=utf-8', 'cache-control': 'no-cache'})
DEBUG    selenium.webdriver.remote.remote_connection:remote_connection.py:356 Finished Request
DEBUG    selenium.webdriver.remote.remote_connection:remote_connection.py:313 GET http://selenium-hub:4444/wd/hub/session/3113c0127527982047c2c0cbec19f22b/element/f.98D246DDA407406B6F8C3DBE00D42F41.d.348253207A90A264C8DB5FA6D463838C.e.814/text {}
DEBUG    urllib3.connectionpool:connectionpool.py:544 http://selenium-hub:4444 "GET /wd/hub/session/3113c0127527982047c2c0cbec19f22b/element/f.98D246DDA407406B6F8C3DBE00D42F41.d.348253207A90A264C8DB5FA6D463838C.e.814/text HTTP/1.1" 200 0
DEBUG    selenium.webdriver.remote.remote_connection:remote_connection.py:329 Remote response: status=200 | data={"value":"UI Test"} | headers=HTTPHeaderDict({'content-length': '19', 'content-type': 'application/json; charset=utf-8', 'cache-control': 'no-cache'})
DEBUG    selenium.webdriver.remote.remote_connection:remote_connection.py:356 Finished Request
DEBUG    selenium.webdriver.remote.remote_connection:remote_connection.py:313 POST http://selenium-hub:4444/wd/hub/session/3113c0127527982047c2c0cbec19f22b/element/f.98D246DDA407406B6F8C3DBE00D42F41.d.348253207A90A264C8DB5FA6D463838C.e.632/element {"using": "css selector", "value": "div[data-testid='note-card-title']"}
DEBUG    urllib3.connectionpool:connectionpool.py:544 http://selenium-hub:4444 "POST /wd/hub/session/3113c0127527982047c2c0cbec19f22b/element/f.98D246DDA407406B6F8C3DBE00D42F41.d.348253207A90A264C8DB5FA6D463838C.e.632/element HTTP/1.1" 200 0
DEBUG    selenium.webdriver.remote.remote_connection:remote_connection.py:329 Remote response: status=200 | data={"value":{"element-6066-11e4-a52e-4f735466cecf":"f.98D246DDA407406B6F8C3DBE00D42F41.d.348253207A90A264C8DB5FA6D463838C.e.815"}} | headers=HTTPHeaderDict({'content-length': '127', 'content-type': 'application/json; charset=utf-8', 'cache-control': 'no-cache'})
DEBUG    selenium.webdriver.remote.remote_connection:remote_connection.py:356 Finished Request
DEBUG    selenium.webdriver.remote.remote_connection:remote_connection.py:313 GET http://selenium-hub:4444/wd/hub/session/3113c0127527982047c2c0cbec19f22b/element/f.98D246DDA407406B6F8C3DBE00D42F41.d.348253207A90A264C8DB5FA6D463838C.e.815/text {}
DEBUG    urllib3.connectionpool:connectionpool.py:544 http://selenium-hub:4444 "GET /wd/hub/session/3113c0127527982047c2c0cbec19f22b/element/f.98D246DDA407406B6F8C3DBE00D42F41.d.348253207A90A264C8DB5FA6D463838C.e.815/text HTTP/1.1" 200 0
DEBUG    selenium.webdriver.remote.remote_connection:remote_connection.py:329 Remote response: status=200 | data={"value":"Delete by title 1778045687"} | headers=HTTPHeaderDict({'content-length': '38', 'content-type': 'application/json; charset=utf-8', 'cache-control': 'no-cache'})
DEBUG    selenium.webdriver.remote.remote_connection:remote_connection.py:356 Finished Request
DEBUG    selenium.webdriver.remote.remote_connection:remote_connection.py:313 POST http://selenium-hub:4444/wd/hub/session/3113c0127527982047c2c0cbec19f22b/element/f.98D246DDA407406B6F8C3DBE00D42F41.d.348253207A90A264C8DB5FA6D463838C.e.633/element {"using": "css selector", "value": "div[data-testid='note-card-title']"}
DEBUG    urllib3.connectionpool:connectionpool.py:544 http://selenium-hub:4444 "POST /wd/hub/session/3113c0127527982047c2c0cbec19f22b/element/f.98D246DDA407406B6F8C3DBE00D42F41.d.348253207A90A264C8DB5FA6D463838C.e.633/element HTTP/1.1" 200 0
DEBUG    selenium.webdriver.remote.remote_connection:remote_connection.py:329 Remote response: status=200 | data={"value":{"element-6066-11e4-a52e-4f735466cecf":"f.98D246DDA407406B6F8C3DBE00D42F41.d.348253207A90A264C8DB5FA6D463838C.e.816"}} | headers=HTTPHeaderDict({'content-length': '127', 'content-type': 'application/json; charset=utf-8', 'cache-control': 'no-cache'})
DEBUG    selenium.webdriver.remote.remote_connection:remote_connection.py:356 Finished Request
DEBUG    selenium.webdriver.remote.remote_connection:remote_connection.py:313 GET http://selenium-hub:4444/wd/hub/session/3113c0127527982047c2c0cbec19f22b/element/f.98D246DDA407406B6F8C3DBE00D42F41.d.348253207A90A264C8DB5FA6D463838C.e.816/text {}
DEBUG    urllib3.connectionpool:connectionpool.py:544 http://selenium-hub:4444 "GET /wd/hub/session/3113c0127527982047c2c0cbec19f22b/element/f.98D246DDA407406B6F8C3DBE00D42F41.d.348253207A90A264C8DB5FA6D463838C.e.816/text HTTP/1.1" 200 0
DEBUG    selenium.webdriver.remote.remote_connection:remote_connection.py:329 Remote response: status=200 | data={"value":"E2E Title"} | headers=HTTPHeaderDict({'content-length': '21', 'content-type': 'application/json; charset=utf-8', 'cache-control': 'no-cache'})
DEBUG    selenium.webdriver.remote.remote_connection:remote_connection.py:356 Finished Request
DEBUG    selenium.webdriver.remote.remote_connection:remote_connection.py:313 POST http://selenium-hub:4444/wd/hub/session/3113c0127527982047c2c0cbec19f22b/element/f.98D246DDA407406B6F8C3DBE00D42F41.d.348253207A90A264C8DB5FA6D463838C.e.634/element {"using": "css selector", "value": "div[data-testid='note-card-title']"}
DEBUG    urllib3.connectionpool:connectionpool.py:544 http://selenium-hub:4444 "POST /wd/hub/session/3113c0127527982047c2c0cbec19f22b/element/f.98D246DDA407406B6F8C3DBE00D42F41.d.348253207A90A264C8DB5FA6D463838C.e.634/element HTTP/1.1" 200 0
DEBUG    selenium.webdriver.remote.remote_connection:remote_connection.py:329 Remote response: status=200 | data={"value":{"element-6066-11e4-a52e-4f735466cecf":"f.98D246DDA407406B6F8C3DBE00D42F41.d.348253207A90A264C8DB5FA6D463838C.e.817"}} | headers=HTTPHeaderDict({'content-length': '127', 'content-type': 'application/json; charset=utf-8', 'cache-control': 'no-cache'})
DEBUG    selenium.webdriver.remote.remote_connection:remote_connection.py:356 Finished Request
DEBUG    selenium.webdriver.remote.remote_connection:remote_connection.py:313 GET http://selenium-hub:4444/wd/hub/session/3113c0127527982047c2c0cbec19f22b/element/f.98D246DDA407406B6F8C3DBE00D42F41.d.348253207A90A264C8DB5FA6D463838C.e.817/text {}
DEBUG    urllib3.connectionpool:connectionpool.py:544 http://selenium-hub:4444 "GET /wd/hub/session/3113c0127527982047c2c0cbec19f22b/element/f.98D246DDA407406B6F8C3DBE00D42F41.d.348253207A90A264C8DB5FA6D463838C.e.817/text HTTP/1.1" 200 0
DEBUG    selenium.webdriver.remote.remote_connection:remote_connection.py:329 Remote response: status=200 | data={"value":"UI Test"} | headers=HTTPHeaderDict({'content-length': '19', 'content-type': 'application/json; charset=utf-8', 'cache-control': 'no-cache'})
DEBUG    selenium.webdriver.remote.remote_connection:remote_connection.py:356 Finished Request
DEBUG    selenium.webdriver.remote.remote_connection:remote_connection.py:313 POST http://selenium-hub:4444/wd/hub/session/3113c0127527982047c2c0cbec19f22b/element/f.98D246DDA407406B6F8C3DBE00D42F41.d.348253207A90A264C8DB5FA6D463838C.e.635/element {"using": "css selector", "value": "div[data-testid='note-card-title']"}
DEBUG    urllib3.connectionpool:connectionpool.py:544 http://selenium-hub:4444 "POST /wd/hub/session/3113c0127527982047c2c0cbec19f22b/element/f.98D246DDA407406B6F8C3DBE00D42F41.d.348253207A90A264C8DB5FA6D463838C.e.635/element HTTP/1.1" 200 0
DEBUG    selenium.webdriver.remote.remote_connection:remote_connection.py:329 Remote response: status=200 | data={"value":{"element-6066-11e4-a52e-4f735466cecf":"f.98D246DDA407406B6F8C3DBE00D42F41.d.348253207A90A264C8DB5FA6D463838C.e.818"}} | headers=HTTPHeaderDict({'content-length': '127', 'content-type': 'application/json; charset=utf-8', 'cache-control': 'no-cache'})
DEBUG    selenium.webdriver.remote.remote_connection:remote_connection.py:356 Finished Request
DEBUG    selenium.webdriver.remote.remote_connection:remote_connection.py:313 GET http://selenium-hub:4444/wd/hub/session/3113c0127527982047c2c0cbec19f22b/element/f.98D246DDA407406B6F8C3DBE00D42F41.d.348253207A90A264C8DB5FA6D463838C.e.818/text {}
DEBUG    urllib3.connectionpool:connectionpool.py:544 http://selenium-hub:4444 "GET /wd/hub/session/3113c0127527982047c2c0cbec19f22b/element/f.98D246DDA407406B6F8C3DBE00D42F41.d.348253207A90A264C8DB5FA6D463838C.e.818/text HTTP/1.1" 200 0
DEBUG    selenium.webdriver.remote.remote_connection:remote_connection.py:329 Remote response: status=200 | data={"value":"E2E Title"} | headers=HTTPHeaderDict({'content-length': '21', 'content-type': 'application/json; charset=utf-8', 'cache-control': 'no-cache'})
DEBUG    selenium.webdriver.remote.remote_connection:remote_connection.py:356 Finished Request
DEBUG    selenium.webdriver.remote.remote_connection:remote_connection.py:313 POST http://selenium-hub:4444/wd/hub/session/3113c0127527982047c2c0cbec19f22b/element/f.98D246DDA407406B6F8C3DBE00D42F41.d.348253207A90A264C8DB5FA6D463838C.e.636/element {"using": "css selector", "value": "div[data-testid='note-card-title']"}
DEBUG    urllib3.connectionpool:connectionpool.py:544 http://selenium-hub:4444 "POST /wd/hub/session/3113c0127527982047c2c0cbec19f22b/element/f.98D246DDA407406B6F8C3DBE00D42F41.d.348253207A90A264C8DB5FA6D463838C.e.636/element HTTP/1.1" 200 0
DEBUG    selenium.webdriver.remote.remote_connection:remote_connection.py:329 Remote response: status=200 | data={"value":{"element-6066-11e4-a52e-4f735466cecf":"f.98D246DDA407406B6F8C3DBE00D42F41.d.348253207A90A264C8DB5FA6D463838C.e.819"}} | headers=HTTPHeaderDict({'content-length': '127', 'content-type': 'application/json; charset=utf-8', 'cache-control': 'no-cache'})
DEBUG    selenium.webdriver.remote.remote_connection:remote_connection.py:356 Finished Request
DEBUG    selenium.webdriver.remote.remote_connection:remote_connection.py:313 GET http://selenium-hub:4444/wd/hub/session/3113c0127527982047c2c0cbec19f22b/element/f.98D246DDA407406B6F8C3DBE00D42F41.d.348253207A90A264C8DB5FA6D463838C.e.819/text {}
DEBUG    urllib3.connectionpool:connectionpool.py:544 http://selenium-hub:4444 "GET /wd/hub/session/3113c0127527982047c2c0cbec19f22b/element/f.98D246DDA407406B6F8C3DBE00D42F41.d.348253207A90A264C8DB5FA6D463838C.e.819/text HTTP/1.1" 200 0
DEBUG    selenium.webdriver.remote.remote_connection:remote_connection.py:329 Remote response: status=200 | data={"value":"UI Test"} | headers=HTTPHeaderDict({'content-length': '19', 'content-type': 'application/json; charset=utf-8', 'cache-control': 'no-cache'})
DEBUG    selenium.webdriver.remote.remote_connection:remote_connection.py:356 Finished Request
DEBUG    selenium.webdriver.remote.remote_connection:remote_connection.py:313 POST http://selenium-hub:4444/wd/hub/session/3113c0127527982047c2c0cbec19f22b/element/f.98D246DDA407406B6F8C3DBE00D42F41.d.348253207A90A264C8DB5FA6D463838C.e.637/element {"using": "css selector", "value": "div[data-testid='note-card-title']"}
DEBUG    urllib3.connectionpool:connectionpool.py:544 http://selenium-hub:4444 "POST /wd/hub/session/3113c0127527982047c2c0cbec19f22b/element/f.98D246DDA407406B6F8C3DBE00D42F41.d.348253207A90A264C8DB5FA6D463838C.e.637/element HTTP/1.1" 200 0
DEBUG    selenium.webdriver.remote.remote_connection:remote_connection.py:329 Remote response: status=200 | data={"value":{"element-6066-11e4-a52e-4f735466cecf":"f.98D246DDA407406B6F8C3DBE00D42F41.d.348253207A90A264C8DB5FA6D463838C.e.820"}} | headers=HTTPHeaderDict({'content-length': '127', 'content-type': 'application/json; charset=utf-8', 'cache-control': 'no-cache'})
DEBUG    selenium.webdriver.remote.remote_connection:remote_connection.py:356 Finished Request
DEBUG    selenium.webdriver.remote.remote_connection:remote_connection.py:313 GET http://selenium-hub:4444/wd/hub/session/3113c0127527982047c2c0cbec19f22b/element/f.98D246DDA407406B6F8C3DBE00D42F41.d.348253207A90A264C8DB5FA6D463838C.e.820/text {}
DEBUG    urllib3.connectionpool:connectionpool.py:544 http://selenium-hub:4444 "GET /wd/hub/session/3113c0127527982047c2c0cbec19f22b/element/f.98D246DDA407406B6F8C3DBE00D42F41.d.348253207A90A264C8DB5FA6D463838C.e.820/text HTTP/1.1" 200 0
DEBUG    selenium.webdriver.remote.remote_connection:remote_connection.py:329 Remote response: status=200 | data={"value":"E2E Title"} | headers=HTTPHeaderDict({'content-length': '21', 'content-type': 'application/json; charset=utf-8', 'cache-control': 'no-cache'})
DEBUG    selenium.webdriver.remote.remote_connection:remote_connection.py:356 Finished Request
DEBUG    selenium.webdriver.remote.remote_connection:remote_connection.py:313 POST http://selenium-hub:4444/wd/hub/session/3113c0127527982047c2c0cbec19f22b/element/f.98D246DDA407406B6F8C3DBE00D42F41.d.348253207A90A264C8DB5FA6D463838C.e.638/element {"using": "css selector", "value": "div[data-testid='note-card-title']"}
DEBUG    urllib3.connectionpool:connectionpool.py:544 http://selenium-hub:4444 "POST /wd/hub/session/3113c0127527982047c2c0cbec19f22b/element/f.98D246DDA407406B6F8C3DBE00D42F41.d.348253207A90A264C8DB5FA6D463838C.e.638/element HTTP/1.1" 200 0
DEBUG    selenium.webdriver.remote.remote_connection:remote_connection.py:329 Remote response: status=200 | data={"value":{"element-6066-11e4-a52e-4f735466cecf":"f.98D246DDA407406B6F8C3DBE00D42F41.d.348253207A90A264C8DB5FA6D463838C.e.821"}} | headers=HTTPHeaderDict({'content-length': '127', 'content-type': 'application/json; charset=utf-8', 'cache-control': 'no-cache'})
DEBUG    selenium.webdriver.remote.remote_connection:remote_connection.py:356 Finished Request
DEBUG    selenium.webdriver.remote.remote_connection:remote_connection.py:313 GET http://selenium-hub:4444/wd/hub/session/3113c0127527982047c2c0cbec19f22b/element/f.98D246DDA407406B6F8C3DBE00D42F41.d.348253207A90A264C8DB5FA6D463838C.e.821/text {}
DEBUG    urllib3.connectionpool:connectionpool.py:544 http://selenium-hub:4444 "GET /wd/hub/session/3113c0127527982047c2c0cbec19f22b/element/f.98D246DDA407406B6F8C3DBE00D42F41.d.348253207A90A264C8DB5FA6D463838C.e.821/text HTTP/1.1" 200 0
DEBUG    selenium.webdriver.remote.remote_connection:remote_connection.py:329 Remote response: status=200 | data={"value":"UI Test"} | headers=HTTPHeaderDict({'content-length': '19', 'content-type': 'application/json; charset=utf-8', 'cache-control': 'no-cache'})
DEBUG    selenium.webdriver.remote.remote_connection:remote_connection.py:356 Finished Request
DEBUG    selenium.webdriver.remote.remote_connection:remote_connection.py:313 POST http://selenium-hub:4444/wd/hub/session/3113c0127527982047c2c0cbec19f22b/element/f.98D246DDA407406B6F8C3DBE00D42F41.d.348253207A90A264C8DB5FA6D463838C.e.639/element {"using": "css selector", "value": "div[data-testid='note-card-title']"}
DEBUG    urllib3.connectionpool:connectionpool.py:544 http://selenium-hub:4444 "POST /wd/hub/session/3113c0127527982047c2c0cbec19f22b/element/f.98D246DDA407406B6F8C3DBE00D42F41.d.348253207A90A264C8DB5FA6D463838C.e.639/element HTTP/1.1" 200 0
DEBUG    selenium.webdriver.remote.remote_connection:remote_connection.py:329 Remote response: status=200 | data={"value":{"element-6066-11e4-a52e-4f735466cecf":"f.98D246DDA407406B6F8C3DBE00D42F41.d.348253207A90A264C8DB5FA6D463838C.e.822"}} | headers=HTTPHeaderDict({'content-length': '127', 'content-type': 'application/json; charset=utf-8', 'cache-control': 'no-cache'})
DEBUG    selenium.webdriver.remote.remote_connection:remote_connection.py:356 Finished Request
DEBUG    selenium.webdriver.remote.remote_connection:remote_connection.py:313 GET http://selenium-hub:4444/wd/hub/session/3113c0127527982047c2c0cbec19f22b/element/f.98D246DDA407406B6F8C3DBE00D42F41.d.348253207A90A264C8DB5FA6D463838C.e.822/text {}
DEBUG    urllib3.connectionpool:connectionpool.py:544 http://selenium-hub:4444 "GET /wd/hub/session/3113c0127527982047c2c0cbec19f22b/element/f.98D246DDA407406B6F8C3DBE00D42F41.d.348253207A90A264C8DB5FA6D463838C.e.822/text HTTP/1.1" 200 0
DEBUG    selenium.webdriver.remote.remote_connection:remote_connection.py:329 Remote response: status=200 | data={"value":"API E2E TEST"} | headers=HTTPHeaderDict({'content-length': '24', 'content-type': 'application/json; charset=utf-8', 'cache-control': 'no-cache'})
DEBUG    selenium.webdriver.remote.remote_connection:remote_connection.py:356 Finished Request
DEBUG    selenium.webdriver.remote.remote_connection:remote_connection.py:313 POST http://selenium-hub:4444/wd/hub/session/3113c0127527982047c2c0cbec19f22b/element/f.98D246DDA407406B6F8C3DBE00D42F41.d.348253207A90A264C8DB5FA6D463838C.e.640/element {"using": "css selector", "value": "div[data-testid='note-card-title']"}
DEBUG    urllib3.connectionpool:connectionpool.py:544 http://selenium-hub:4444 "POST /wd/hub/session/3113c0127527982047c2c0cbec19f22b/element/f.98D246DDA407406B6F8C3DBE00D42F41.d.348253207A90A264C8DB5FA6D463838C.e.640/element HTTP/1.1" 200 0
DEBUG    selenium.webdriver.remote.remote_connection:remote_connection.py:329 Remote response: status=200 | data={"value":{"element-6066-11e4-a52e-4f735466cecf":"f.98D246DDA407406B6F8C3DBE00D42F41.d.348253207A90A264C8DB5FA6D463838C.e.823"}} | headers=HTTPHeaderDict({'content-length': '127', 'content-type': 'application/json; charset=utf-8', 'cache-control': 'no-cache'})
DEBUG    selenium.webdriver.remote.remote_connection:remote_connection.py:356 Finished Request
DEBUG    selenium.webdriver.remote.remote_connection:remote_connection.py:313 GET http://selenium-hub:4444/wd/hub/session/3113c0127527982047c2c0cbec19f22b/element/f.98D246DDA407406B6F8C3DBE00D42F41.d.348253207A90A264C8DB5FA6D463838C.e.823/text {}
DEBUG    urllib3.connectionpool:connectionpool.py:544 http://selenium-hub:4444 "GET /wd/hub/session/3113c0127527982047c2c0cbec19f22b/element/f.98D246DDA407406B6F8C3DBE00D42F41.d.348253207A90A264C8DB5FA6D463838C.e.823/text HTTP/1.1" 200 0
DEBUG    selenium.webdriver.remote.remote_connection:remote_connection.py:329 Remote response: status=200 | data={"value":"UI Test"} | headers=HTTPHeaderDict({'content-length': '19', 'content-type': 'application/json; charset=utf-8', 'cache-control': 'no-cache'})
DEBUG    selenium.webdriver.remote.remote_connection:remote_connection.py:356 Finished Request
DEBUG    selenium.webdriver.remote.remote_connection:remote_connection.py:313 POST http://selenium-hub:4444/wd/hub/session/3113c0127527982047c2c0cbec19f22b/element/f.98D246DDA407406B6F8C3DBE00D42F41.d.348253207A90A264C8DB5FA6D463838C.e.641/element {"using": "css selector", "value": "div[data-testid='note-card-title']"}
DEBUG    urllib3.connectionpool:connectionpool.py:544 http://selenium-hub:4444 "POST /wd/hub/session/3113c0127527982047c2c0cbec19f22b/element/f.98D246DDA407406B6F8C3DBE00D42F41.d.348253207A90A264C8DB5FA6D463838C.e.641/element HTTP/1.1" 200 0
DEBUG    selenium.webdriver.remote.remote_connection:remote_connection.py:329 Remote response: status=200 | data={"value":{"element-6066-11e4-a52e-4f735466cecf":"f.98D246DDA407406B6F8C3DBE00D42F41.d.348253207A90A264C8DB5FA6D463838C.e.824"}} | headers=HTTPHeaderDict({'content-length': '127', 'content-type': 'application/json; charset=utf-8', 'cache-control': 'no-cache'})
DEBUG    selenium.webdriver.remote.remote_connection:remote_connection.py:356 Finished Request
DEBUG    selenium.webdriver.remote.remote_connection:remote_connection.py:313 GET http://selenium-hub:4444/wd/hub/session/3113c0127527982047c2c0cbec19f22b/element/f.98D246DDA407406B6F8C3DBE00D42F41.d.348253207A90A264C8DB5FA6D463838C.e.824/text {}
DEBUG    urllib3.connectionpool:connectionpool.py:544 http://selenium-hub:4444 "GET /wd/hub/session/3113c0127527982047c2c0cbec19f22b/element/f.98D246DDA407406B6F8C3DBE00D42F41.d.348253207A90A264C8DB5FA6D463838C.e.824/text HTTP/1.1" 200 0
DEBUG    selenium.webdriver.remote.remote_connection:remote_connection.py:329 Remote response: status=200 | data={"value":"E2E Title"} | headers=HTTPHeaderDict({'content-length': '21', 'content-type': 'application/json; charset=utf-8', 'cache-control': 'no-cache'})
DEBUG    selenium.webdriver.remote.remote_connection:remote_connection.py:356 Finished Request
DEBUG    selenium.webdriver.remote.remote_connection:remote_connection.py:313 POST http://selenium-hub:4444/wd/hub/session/3113c0127527982047c2c0cbec19f22b/element/f.98D246DDA407406B6F8C3DBE00D42F41.d.348253207A90A264C8DB5FA6D463838C.e.642/element {"using": "css selector", "value": "div[data-testid='note-card-title']"}
DEBUG    urllib3.connectionpool:connectionpool.py:544 http://selenium-hub:4444 "POST /wd/hub/session/3113c0127527982047c2c0cbec19f22b/element/f.98D246DDA407406B6F8C3DBE00D42F41.d.348253207A90A264C8DB5FA6D463838C.e.642/element HTTP/1.1" 200 0
DEBUG    selenium.webdriver.remote.remote_connection:remote_connection.py:329 Remote response: status=200 | data={"value":{"element-6066-11e4-a52e-4f735466cecf":"f.98D246DDA407406B6F8C3DBE00D42F41.d.348253207A90A264C8DB5FA6D463838C.e.825"}} | headers=HTTPHeaderDict({'content-length': '127', 'content-type': 'application/json; charset=utf-8', 'cache-control': 'no-cache'})
DEBUG    selenium.webdriver.remote.remote_connection:remote_connection.py:356 Finished Request
DEBUG    selenium.webdriver.remote.remote_connection:remote_connection.py:313 GET http://selenium-hub:4444/wd/hub/session/3113c0127527982047c2c0cbec19f22b/element/f.98D246DDA407406B6F8C3DBE00D42F41.d.348253207A90A264C8DB5FA6D463838C.e.825/text {}
DEBUG    urllib3.connectionpool:connectionpool.py:544 http://selenium-hub:4444 "GET /wd/hub/session/3113c0127527982047c2c0cbec19f22b/element/f.98D246DDA407406B6F8C3DBE00D42F41.d.348253207A90A264C8DB5FA6D463838C.e.825/text HTTP/1.1" 200 0
DEBUG    selenium.webdriver.remote.remote_connection:remote_connection.py:329 Remote response: status=200 | data={"value":"UI Test"} | headers=HTTPHeaderDict({'content-length': '19', 'content-type': 'application/json; charset=utf-8', 'cache-control': 'no-cache'})
DEBUG    selenium.webdriver.remote.remote_connection:remote_connection.py:356 Finished Request
DEBUG    selenium.webdriver.remote.remote_connection:remote_connection.py:313 POST http://selenium-hub:4444/wd/hub/session/3113c0127527982047c2c0cbec19f22b/element/f.98D246DDA407406B6F8C3DBE00D42F41.d.348253207A90A264C8DB5FA6D463838C.e.643/element {"using": "css selector", "value": "div[data-testid='note-card-title']"}
DEBUG    urllib3.connectionpool:connectionpool.py:544 http://selenium-hub:4444 "POST /wd/hub/session/3113c0127527982047c2c0cbec19f22b/element/f.98D246DDA407406B6F8C3DBE00D42F41.d.348253207A90A264C8DB5FA6D463838C.e.643/element HTTP/1.1" 200 0
DEBUG    selenium.webdriver.remote.remote_connection:remote_connection.py:329 Remote response: status=200 | data={"value":{"element-6066-11e4-a52e-4f735466cecf":"f.98D246DDA407406B6F8C3DBE00D42F41.d.348253207A90A264C8DB5FA6D463838C.e.826"}} | headers=HTTPHeaderDict({'content-length': '127', 'content-type': 'application/json; charset=utf-8', 'cache-control': 'no-cache'})
DEBUG    selenium.webdriver.remote.remote_connection:remote_connection.py:356 Finished Request
DEBUG    selenium.webdriver.remote.remote_connection:remote_connection.py:313 GET http://selenium-hub:4444/wd/hub/session/3113c0127527982047c2c0cbec19f22b/element/f.98D246DDA407406B6F8C3DBE00D42F41.d.348253207A90A264C8DB5FA6D463838C.e.826/text {}
DEBUG    urllib3.connectionpool:connectionpool.py:544 http://selenium-hub:4444 "GET /wd/hub/session/3113c0127527982047c2c0cbec19f22b/element/f.98D246DDA407406B6F8C3DBE00D42F41.d.348253207A90A264C8DB5FA6D463838C.e.826/text HTTP/1.1" 200 0
DEBUG    selenium.webdriver.remote.remote_connection:remote_connection.py:329 Remote response: status=200 | data={"value":"E2E Title"} | headers=HTTPHeaderDict({'content-length': '21', 'content-type': 'application/json; charset=utf-8', 'cache-control': 'no-cache'})
DEBUG    selenium.webdriver.remote.remote_connection:remote_connection.py:356 Finished Request
DEBUG    selenium.webdriver.remote.remote_connection:remote_connection.py:313 POST http://selenium-hub:4444/wd/hub/session/3113c0127527982047c2c0cbec19f22b/element/f.98D246DDA407406B6F8C3DBE00D42F41.d.348253207A90A264C8DB5FA6D463838C.e.644/element {"using": "css selector", "value": "div[data-testid='note-card-title']"}
DEBUG    urllib3.connectionpool:connectionpool.py:544 http://selenium-hub:4444 "POST /wd/hub/session/3113c0127527982047c2c0cbec19f22b/element/f.98D246DDA407406B6F8C3DBE00D42F41.d.348253207A90A264C8DB5FA6D463838C.e.644/element HTTP/1.1" 200 0
DEBUG    selenium.webdriver.remote.remote_connection:remote_connection.py:329 Remote response: status=200 | data={"value":{"element-6066-11e4-a52e-4f735466cecf":"f.98D246DDA407406B6F8C3DBE00D42F41.d.348253207A90A264C8DB5FA6D463838C.e.827"}} | headers=HTTPHeaderDict({'content-length': '127', 'content-type': 'application/json; charset=utf-8', 'cache-control': 'no-cache'})
DEBUG    selenium.webdriver.remote.remote_connection:remote_connection.py:356 Finished Request
DEBUG    selenium.webdriver.remote.remote_connection:remote_connection.py:313 GET http://selenium-hub:4444/wd/hub/session/3113c0127527982047c2c0cbec19f22b/element/f.98D246DDA407406B6F8C3DBE00D42F41.d.348253207A90A264C8DB5FA6D463838C.e.827/text {}
DEBUG    urllib3.connectionpool:connectionpool.py:544 http://selenium-hub:4444 "GET /wd/hub/session/3113c0127527982047c2c0cbec19f22b/element/f.98D246DDA407406B6F8C3DBE00D42F41.d.348253207A90A264C8DB5FA6D463838C.e.827/text HTTP/1.1" 200 0
DEBUG    selenium.webdriver.remote.remote_connection:remote_connection.py:329 Remote response: status=200 | data={"value":"UI Test"} | headers=HTTPHeaderDict({'content-length': '19', 'content-type': 'application/json; charset=utf-8', 'cache-control': 'no-cache'})
DEBUG    selenium.webdriver.remote.remote_connection:remote_connection.py:356 Finished Request
DEBUG    selenium.webdriver.remote.remote_connection:remote_connection.py:313 POST http://selenium-hub:4444/wd/hub/session/3113c0127527982047c2c0cbec19f22b/element/f.98D246DDA407406B6F8C3DBE00D42F41.d.348253207A90A264C8DB5FA6D463838C.e.645/element {"using": "css selector", "value": "div[data-testid='note-card-title']"}
DEBUG    urllib3.connectionpool:connectionpool.py:544 http://selenium-hub:4444 "POST /wd/hub/session/3113c0127527982047c2c0cbec19f22b/element/f.98D246DDA407406B6F8C3DBE00D42F41.d.348253207A90A264C8DB5FA6D463838C.e.645/element HTTP/1.1" 200 0
DEBUG    selenium.webdriver.remote.remote_connection:remote_connection.py:329 Remote response: status=200 | data={"value":{"element-6066-11e4-a52e-4f735466cecf":"f.98D246DDA407406B6F8C3DBE00D42F41.d.348253207A90A264C8DB5FA6D463838C.e.828"}} | headers=HTTPHeaderDict({'content-length': '127', 'content-type': 'application/json; charset=utf-8', 'cache-control': 'no-cache'})
DEBUG    selenium.webdriver.remote.remote_connection:remote_connection.py:356 Finished Request
DEBUG    selenium.webdriver.remote.remote_connection:remote_connection.py:313 GET http://selenium-hub:4444/wd/hub/session/3113c0127527982047c2c0cbec19f22b/element/f.98D246DDA407406B6F8C3DBE00D42F41.d.348253207A90A264C8DB5FA6D463838C.e.828/text {}
DEBUG    urllib3.connectionpool:connectionpool.py:544 http://selenium-hub:4444 "GET /wd/hub/session/3113c0127527982047c2c0cbec19f22b/element/f.98D246DDA407406B6F8C3DBE00D42F41.d.348253207A90A264C8DB5FA6D463838C.e.828/text HTTP/1.1" 200 0
DEBUG    selenium.webdriver.remote.remote_connection:remote_connection.py:329 Remote response: status=200 | data={"value":"E2E Title"} | headers=HTTPHeaderDict({'content-length': '21', 'content-type': 'application/json; charset=utf-8', 'cache-control': 'no-cache'})
DEBUG    selenium.webdriver.remote.remote_connection:remote_connection.py:356 Finished Request
DEBUG    selenium.webdriver.remote.remote_connection:remote_connection.py:313 POST http://selenium-hub:4444/wd/hub/session/3113c0127527982047c2c0cbec19f22b/element/f.98D246DDA407406B6F8C3DBE00D42F41.d.348253207A90A264C8DB5FA6D463838C.e.646/element {"using": "css selector", "value": "div[data-testid='note-card-title']"}
DEBUG    urllib3.connectionpool:connectionpool.py:544 http://selenium-hub:4444 "POST /wd/hub/session/3113c0127527982047c2c0cbec19f22b/element/f.98D246DDA407406B6F8C3DBE00D42F41.d.348253207A90A264C8DB5FA6D463838C.e.646/element HTTP/1.1" 200 0
DEBUG    selenium.webdriver.remote.remote_connection:remote_connection.py:329 Remote response: status=200 | data={"value":{"element-6066-11e4-a52e-4f735466cecf":"f.98D246DDA407406B6F8C3DBE00D42F41.d.348253207A90A264C8DB5FA6D463838C.e.829"}} | headers=HTTPHeaderDict({'content-length': '127', 'content-type': 'application/json; charset=utf-8', 'cache-control': 'no-cache'})
DEBUG    selenium.webdriver.remote.remote_connection:remote_connection.py:356 Finished Request
DEBUG    selenium.webdriver.remote.remote_connection:remote_connection.py:313 GET http://selenium-hub:4444/wd/hub/session/3113c0127527982047c2c0cbec19f22b/element/f.98D246DDA407406B6F8C3DBE00D42F41.d.348253207A90A264C8DB5FA6D463838C.e.829/text {}
DEBUG    urllib3.connectionpool:connectionpool.py:544 http://selenium-hub:4444 "GET /wd/hub/session/3113c0127527982047c2c0cbec19f22b/element/f.98D246DDA407406B6F8C3DBE00D42F41.d.348253207A90A264C8DB5FA6D463838C.e.829/text HTTP/1.1" 200 0
DEBUG    selenium.webdriver.remote.remote_connection:remote_connection.py:329 Remote response: status=200 | data={"value":"E2E Title"} | headers=HTTPHeaderDict({'content-length': '21', 'content-type': 'application/json; charset=utf-8', 'cache-control': 'no-cache'})
DEBUG    selenium.webdriver.remote.remote_connection:remote_connection.py:356 Finished Request
DEBUG    selenium.webdriver.remote.remote_connection:remote_connection.py:313 POST http://selenium-hub:4444/wd/hub/session/3113c0127527982047c2c0cbec19f22b/element/f.98D246DDA407406B6F8C3DBE00D42F41.d.348253207A90A264C8DB5FA6D463838C.e.647/element {"using": "css selector", "value": "div[data-testid='note-card-title']"}
DEBUG    urllib3.connectionpool:connectionpool.py:544 http://selenium-hub:4444 "POST /wd/hub/session/3113c0127527982047c2c0cbec19f22b/element/f.98D246DDA407406B6F8C3DBE00D42F41.d.348253207A90A264C8DB5FA6D463838C.e.647/element HTTP/1.1" 200 0
DEBUG    selenium.webdriver.remote.remote_connection:remote_connection.py:329 Remote response: status=200 | data={"value":{"element-6066-11e4-a52e-4f735466cecf":"f.98D246DDA407406B6F8C3DBE00D42F41.d.348253207A90A264C8DB5FA6D463838C.e.830"}} | headers=HTTPHeaderDict({'content-length': '127', 'content-type': 'application/json; charset=utf-8', 'cache-control': 'no-cache'})
DEBUG    selenium.webdriver.remote.remote_connection:remote_connection.py:356 Finished Request
DEBUG    selenium.webdriver.remote.remote_connection:remote_connection.py:313 GET http://selenium-hub:4444/wd/hub/session/3113c0127527982047c2c0cbec19f22b/element/f.98D246DDA407406B6F8C3DBE00D42F41.d.348253207A90A264C8DB5FA6D463838C.e.830/text {}
DEBUG    urllib3.connectionpool:connectionpool.py:544 http://selenium-hub:4444 "GET /wd/hub/session/3113c0127527982047c2c0cbec19f22b/element/f.98D246DDA407406B6F8C3DBE00D42F41.d.348253207A90A264C8DB5FA6D463838C.e.830/text HTTP/1.1" 200 0
DEBUG    selenium.webdriver.remote.remote_connection:remote_connection.py:329 Remote response: status=200 | data={"value":"UI Test"} | headers=HTTPHeaderDict({'content-length': '19', 'content-type': 'application/json; charset=utf-8', 'cache-control': 'no-cache'})
DEBUG    selenium.webdriver.remote.remote_connection:remote_connection.py:356 Finished Request
DEBUG    selenium.webdriver.remote.remote_connection:remote_connection.py:313 POST http://selenium-hub:4444/wd/hub/session/3113c0127527982047c2c0cbec19f22b/element/f.98D246DDA407406B6F8C3DBE00D42F41.d.348253207A90A264C8DB5FA6D463838C.e.648/element {"using": "css selector", "value": "div[data-testid='note-card-title']"}
DEBUG    urllib3.connectionpool:connectionpool.py:544 http://selenium-hub:4444 "POST /wd/hub/session/3113c0127527982047c2c0cbec19f22b/element/f.98D246DDA407406B6F8C3DBE00D42F41.d.348253207A90A264C8DB5FA6D463838C.e.648/element HTTP/1.1" 200 0
DEBUG    selenium.webdriver.remote.remote_connection:remote_connection.py:329 Remote response: status=200 | data={"value":{"element-6066-11e4-a52e-4f735466cecf":"f.98D246DDA407406B6F8C3DBE00D42F41.d.348253207A90A264C8DB5FA6D463838C.e.831"}} | headers=HTTPHeaderDict({'content-length': '127', 'content-type': 'application/json; charset=utf-8', 'cache-control': 'no-cache'})
DEBUG    selenium.webdriver.remote.remote_connection:remote_connection.py:356 Finished Request
DEBUG    selenium.webdriver.remote.remote_connection:remote_connection.py:313 GET http://selenium-hub:4444/wd/hub/session/3113c0127527982047c2c0cbec19f22b/element/f.98D246DDA407406B6F8C3DBE00D42F41.d.348253207A90A264C8DB5FA6D463838C.e.831/text {}
DEBUG    urllib3.connectionpool:connectionpool.py:544 http://selenium-hub:4444 "GET /wd/hub/session/3113c0127527982047c2c0cbec19f22b/element/f.98D246DDA407406B6F8C3DBE00D42F41.d.348253207A90A264C8DB5FA6D463838C.e.831/text HTTP/1.1" 200 0
DEBUG    selenium.webdriver.remote.remote_connection:remote_connection.py:329 Remote response: status=200 | data={"value":"UI Test"} | headers=HTTPHeaderDict({'content-length': '19', 'content-type': 'application/json; charset=utf-8', 'cache-control': 'no-cache'})
DEBUG    selenium.webdriver.remote.remote_connection:remote_connection.py:356 Finished Request
DEBUG    selenium.webdriver.remote.remote_connection:remote_connection.py:313 POST http://selenium-hub:4444/wd/hub/session/3113c0127527982047c2c0cbec19f22b/element/f.98D246DDA407406B6F8C3DBE00D42F41.d.348253207A90A264C8DB5FA6D463838C.e.649/element {"using": "css selector", "value": "div[data-testid='note-card-title']"}
DEBUG    urllib3.connectionpool:connectionpool.py:544 http://selenium-hub:4444 "POST /wd/hub/session/3113c0127527982047c2c0cbec19f22b/element/f.98D246DDA407406B6F8C3DBE00D42F41.d.348253207A90A264C8DB5FA6D463838C.e.649/element HTTP/1.1" 200 0
DEBUG    selenium.webdriver.remote.remote_connection:remote_connection.py:329 Remote response: status=200 | data={"value":{"element-6066-11e4-a52e-4f735466cecf":"f.98D246DDA407406B6F8C3DBE00D42F41.d.348253207A90A264C8DB5FA6D463838C.e.832"}} | headers=HTTPHeaderDict({'content-length': '127', 'content-type': 'application/json; charset=utf-8', 'cache-control': 'no-cache'})
DEBUG    selenium.webdriver.remote.remote_connection:remote_connection.py:356 Finished Request
DEBUG    selenium.webdriver.remote.remote_connection:remote_connection.py:313 GET http://selenium-hub:4444/wd/hub/session/3113c0127527982047c2c0cbec19f22b/element/f.98D246DDA407406B6F8C3DBE00D42F41.d.348253207A90A264C8DB5FA6D463838C.e.832/text {}
DEBUG    urllib3.connectionpool:connectionpool.py:544 http://selenium-hub:4444 "GET /wd/hub/session/3113c0127527982047c2c0cbec19f22b/element/f.98D246DDA407406B6F8C3DBE00D42F41.d.348253207A90A264C8DB5FA6D463838C.e.832/text HTTP/1.1" 200 0
DEBUG    selenium.webdriver.remote.remote_connection:remote_connection.py:329 Remote response: status=200 | data={"value":"E2E Title"} | headers=HTTPHeaderDict({'content-length': '21', 'content-type': 'application/json; charset=utf-8', 'cache-control': 'no-cache'})
DEBUG    selenium.webdriver.remote.remote_connection:remote_connection.py:356 Finished Request
DEBUG    selenium.webdriver.remote.remote_connection:remote_connection.py:313 POST http://selenium-hub:4444/wd/hub/session/3113c0127527982047c2c0cbec19f22b/element/f.98D246DDA407406B6F8C3DBE00D42F41.d.348253207A90A264C8DB5FA6D463838C.e.650/element {"using": "css selector", "value": "div[data-testid='note-card-title']"}
DEBUG    urllib3.connectionpool:connectionpool.py:544 http://selenium-hub:4444 "POST /wd/hub/session/3113c0127527982047c2c0cbec19f22b/element/f.98D246DDA407406B6F8C3DBE00D42F41.d.348253207A90A264C8DB5FA6D463838C.e.650/element HTTP/1.1" 200 0
DEBUG    selenium.webdriver.remote.remote_connection:remote_connection.py:329 Remote response: status=200 | data={"value":{"element-6066-11e4-a52e-4f735466cecf":"f.98D246DDA407406B6F8C3DBE00D42F41.d.348253207A90A264C8DB5FA6D463838C.e.833"}} | headers=HTTPHeaderDict({'content-length': '127', 'content-type': 'application/json; charset=utf-8', 'cache-control': 'no-cache'})
DEBUG    selenium.webdriver.remote.remote_connection:remote_connection.py:356 Finished Request
DEBUG    selenium.webdriver.remote.remote_connection:remote_connection.py:313 GET http://selenium-hub:4444/wd/hub/session/3113c0127527982047c2c0cbec19f22b/element/f.98D246DDA407406B6F8C3DBE00D42F41.d.348253207A90A264C8DB5FA6D463838C.e.833/text {}
DEBUG    urllib3.connectionpool:connectionpool.py:544 http://selenium-hub:4444 "GET /wd/hub/session/3113c0127527982047c2c0cbec19f22b/element/f.98D246DDA407406B6F8C3DBE00D42F41.d.348253207A90A264C8DB5FA6D463838C.e.833/text HTTP/1.1" 200 0
DEBUG    selenium.webdriver.remote.remote_connection:remote_connection.py:329 Remote response: status=200 | data={"value":"UI Test"} | headers=HTTPHeaderDict({'content-length': '19', 'content-type': 'application/json; charset=utf-8', 'cache-control': 'no-cache'})
DEBUG    selenium.webdriver.remote.remote_connection:remote_connection.py:356 Finished Request
DEBUG    selenium.webdriver.remote.remote_connection:remote_connection.py:313 POST http://selenium-hub:4444/wd/hub/session/3113c0127527982047c2c0cbec19f22b/element {"using": "css selector", "value": "div[data-testid='note-card']"}
DEBUG    urllib3.connectionpool:connectionpool.py:544 http://selenium-hub:4444 "POST /wd/hub/session/3113c0127527982047c2c0cbec19f22b/element HTTP/1.1" 200 0
DEBUG    selenium.webdriver.remote.remote_connection:remote_connection.py:329 Remote response: status=200 | data={"value":{"element-6066-11e4-a52e-4f735466cecf":"f.98D246DDA407406B6F8C3DBE00D42F41.d.348253207A90A264C8DB5FA6D463838C.e.476"}} | headers=HTTPHeaderDict({'content-length': '127', 'content-type': 'application/json; charset=utf-8', 'cache-control': 'no-cache'})
DEBUG    selenium.webdriver.remote.remote_connection:remote_connection.py:356 Finished Request
DEBUG    selenium.webdriver.remote.remote_connection:remote_connection.py:313 POST http://selenium-hub:4444/wd/hub/session/3113c0127527982047c2c0cbec19f22b/elements {"using": "css selector", "value": "div[data-testid='note-card']"}
DEBUG    urllib3.connectionpool:connectionpool.py:544 http://selenium-hub:4444 "POST /wd/hub/session/3113c0127527982047c2c0cbec19f22b/elements HTTP/1.1" 200 0
DEBUG    selenium.webdriver.remote.remote_connection:remote_connection.py:329 Remote response: status=200 | data={"value":[{"element-6066-11e4-a52e-4f735466cecf":"f.98D246DDA407406B6F8C3DBE00D42F41.d.348253207A90A264C8DB5FA6D463838C.e.476"},{"element-6066-11e4-a52e-4f735466cecf":"f.98D246DDA407406B6F8C3DBE00D42F41.d.348253207A90A264C8DB5FA6D463838C.e.477"},{"element-6066-11e4-a52e-4f735466cecf":"f.98D246DDA407406B6F8C3DBE00D42F41.d.348253207A90A264C8DB5FA6D463838C.e.478"},{"element-6066-11e4-a52e-4f735466cecf":"f.98D246DDA407406B6F8C3DBE00D42F41.d.348253207A90A264C8DB5FA6D463838C.e.479"},{"element-6066-11e4-a52e-4f735466cecf":"f.98D246DDA407406B6F8C3DBE00D42F41.d.348253207A90A264C8DB5FA6D463838C.e.480"},{"element-6066-11e4-a52e-4f735466cecf":"f.98D246DDA407406B6F8C3DBE00D42F41.d.348253207A90A264C8DB5FA6D463838C.e.483"},{"element-6066-11e4-a52e-4f735466cecf":"f.98D246DDA407406B6F8C3DBE00D42F41.d.348253207A90A264C8DB5FA6D463838C.e.484"},{"element-6066-11e4-a52e-4f735466cecf":"f.98D246DDA407406B6F8C3DBE00D42F41.d.348253207A90A264C8DB5FA6D463838C.e.485"},{"element-6066-11e4-a52e-4f735466cecf":"f.98D246DDA407406B6F8C3DBE00D42F41.d.348253207A90A264C8DB5FA6D463838C.e.486"},{"element-6066-11e4-a52e-4f735466cecf":"f.98D246DDA407406B6F8C3DBE00D42F41.d.348253207A90A264C8DB5FA6D463838C.e.487"},{"element-6066-11e4-a52e-4f735466cecf":"f.98D246DDA407406B6F8C3DBE00D42F41.d.348253207A90A264C8DB5FA6D463838C.e.488"},{"element-6066-11e4-a52e-4f735466cecf":"f.98D246DDA407406B6F8C3DBE00D42F41.d.348253207A90A264C8DB5FA6D463838C.e.489"},{"element-6066-11e4-a52e-4f735466cecf":"f.98D246DDA407406B6F8C3DBE00D42F41.d.348253207A90A264C8DB5FA6D463838C.e.490"},{"element-6066-11e4-a52e-4f735466cecf":"f.98D246DDA407406B6F8C3DBE00D42F41.d.348253207A90A264C8DB5FA6D463838C.e.491"},{"element-6066-11e4-a52e-4f735466cecf":"f.98D246DDA407406B6F8C3DBE00D42F41.d.348253207A90A264C8DB5FA6D463838C.e.492"},{"element-6066-11e4-a52e-4f735466cecf":"f.98D246DDA407406B6F8C3DBE00D42F41.d.348253207A90A264C8DB5FA6D463838C.e.493"},{"element-6066-11e4-a52e-4f735466cecf":"f.98D246DDA407406B6F8C3DBE00D42F41.d.348253207A90A264C8DB5FA6D463838C.e.494"},{"element-6066-11e4-a52e-4f735466cecf":"f.98D246DDA407406B6F8C3DBE00D42F41.d.348253207A90A264C8DB5FA6D463838C.e.495"},{"element-6066-11e4-a52e-4f735466cecf":"f.98D246DDA407406B6F8C3DBE00D42F41.d.348253207A90A264C8DB5FA6D463838C.e.496"},{"element-6066-11e4-a52e-4f735466cecf":"f.98D246DDA407406B6F8C3DBE00D42F41.d.348253207A90A264C8DB5FA6D463838C.e.497"},{"element-6066-11e4-a52e-4f735466cecf":"f.98D246DDA407406B6F8C3DBE00D42F41.d.348253207A90A264C8DB5FA6D463838C.e.498"},{"element-6066-11e4-a52e-4f735466cecf":"f.98D246DDA407406B6F8C3DBE00D42F41.d.348253207A90A264C8DB5FA6D463838C.e.499"},{"element-6066-11e4-a52e-4f735466cecf":"f.98D246DDA407406B6F8C3DBE00D42F41.d.348253207A90A264C8DB5FA6D463838C.e.500"},{"element-6066-11e4-a52e-4f735466cecf":"f.98D246DDA407406B6F8C3DBE00D42F41.d.348253207A90A264C8DB5FA6D463838C.e.501"},{"element-6066-11e4-a52e-4f735466cecf":"f.98D246DDA407406B6F8C3DBE00D42F41.d.348253207A90A264C8DB5FA6D463838C.e.502"},{"element-6066-11e4-a52e-4f735466cecf":"f.98D246DDA407406B6F8C3DBE00D42F41.d.348253207A90A264C8DB5FA6D463838C.e.503"},{"element-6066-11e4-a52e-4f735466cecf":"f.98D246DDA407406B6F8C3DBE00D42F41.d.348253207A90A264C8DB5FA6D463838C.e.504"},{"element-6066-11e4-a52e-4f735466cecf":"f.98D246DDA407406B6F8C3DBE00D42F41.d.348253207A90A264C8DB5FA6D463838C.e.505"},{"element-6066-11e4-a52e-4f735466cecf":"f.98D246DDA407406B6F8C3DBE00D42F41.d.348253207A90A264C8DB5FA6D463838C.e.506"},{"element-6066-11e4-a52e-4f735466cecf":"f.98D246DDA407406B6F8C3DBE00D42F41.d.348253207A90A264C8DB5FA6D463838C.e.507"},{"element-6066-11e4-a52e-4f735466cecf":"f.98D246DDA407406B6F8C3DBE00D42F41.d.348253207A90A264C8DB5FA6D463838C.e.508"},{"element-6066-11e4-a52e-4f735466cecf":"f.98D246DDA407406B6F8C3DBE00D42F41.d.348253207A90A264C8DB5FA6D463838C.e.509"},{"element-6066-11e4-a52e-4f735466cecf":"f.98D246DDA407406B6F8C3DBE00D42F41.d.348253207A90A264C8DB5FA6D463838C.e.510"},{"element-6066-11e4-a52e-4f735466cecf":"f.98D246DDA407406B6F8C3DBE00D42F41.d.348253207A90A264C8DB5FA6D463838C.e.511"},{"element-6066-11e4-a52e-4f735466cecf":"f.98D246DDA407406B6F8C3DBE00D42F41.d.348253207A90A264C8DB5FA6D463838C.e.512"},{"element-6066-11e4-a52e-4f735466cecf":"f.98D246DDA407406B6F8C3DBE00D42F41.d.348253207A90A264C8DB5FA6D463838C.e.513"},{"element-6066-11e4-a52e-4f735466cecf":"f.98D246DDA407406B6F8C3DBE00D42F41.d.348253207A90A264C8DB5FA6D463838C.e.514"},{"element-6066-11e4-a52e-4f735466cecf":"f.98D246DDA407406B6F8C3DBE00D42F41.d.348253207A90A264C8DB5FA6D463838C.e.515"},{"element-6066-11e4-a52e-4f735466cecf":"f.98D246DDA407406B6F8C3DBE00D42F41.d.348253207A90A264C8DB5FA6D463838C.e.516"},{"element-6066-11e4-a52e-4f735466cecf":"f.98D246DDA407406B6F8C3DBE00D42F41.d.348253207A90A264C8DB5FA6D463838C.e.517"},{"element-6066-11e4-a52e-4f735466cecf":"f.98D246DDA407406B6F8C3DBE00D42F41.d.348253207A90A264C8DB5FA6D463838C.e.518"},{"element-6066-11e4-a52e-4f735466cecf":"f.98D246DDA407406B6F8C3DBE00D42F41.d.348253207A90A264C8DB5FA6D463838C.e.519"},{"element-6066-11e4-a52e-4f735466cecf":"f.98D246DDA407406B6F8C3DBE00D42F41.d.348253207A90A264C8DB5FA6D463838C.e.520"},{"element-6066-11e4-a52e-4f735466cecf":"f.98D246DDA407406B6F8C3DBE00D42F41.d.348253207A90A264C8DB5FA6D463838C.e.521"},{"element-6066-11e4-a52e-4f735466cecf":"f.98D246DDA407406B6F8C3DBE00D42F41.d.348253207A90A264C8DB5FA6D463838C.e.522"},{"element-6066-11e4-a52e-4f735466cecf":"f.98D246DDA407406B6F8C3DBE00D42F41.d.348253207A90A264C8DB5FA6D463838C.e.523"},{"element-6066-11e4-a52e-4f735466cecf":"f.98D246DDA407406B6F8C3DBE00D42F41.d.348253207A90A264C8DB5FA6D463838C.e.524"},{"element-6066-11e4-a52e-4f735466cecf":"f.98D246DDA407406B6F8C3DBE00D42F41.d.348253207A90A264C8DB5FA6D463838C.e.525"},{"element-6066-11e4-a52e-4f735466cecf":"f.98D246DDA407406B6F8C3DBE00D42F41.d.348253207A90A264C8DB5FA6D463838C.e.526"},{"element-6066-11e4-a52e-4f735466cecf":"f.98D246DDA407406B6F8C3DBE00D42F41.d.348253207A90A264C8DB5FA6D463838C.e.527"},{"element-6066-11e4-a52e-4f735466cecf":"f.98D246DDA407406B6F8C3DBE00D42F41.d.348253207A90A264C8DB5FA6D463838C.e.528"},{"element-6066-11e4-a52e-4f735466cecf":"f.98D246DDA407406B6F8C3DBE00D42F41.d.348253207A90A264C8DB5FA6D463838C.e.529"},{"element-6066-11e4-a52e-4f735466cecf":"f.98D246DDA407406B6F8C3DBE00D42F41.d.348253207A90A264C8DB5FA6D463838C.e.530"},{"element-6066-11e4-a52e-4f735466cecf":"f.98D246DDA407406B6F8C3DBE00D42F41.d.348253207A90A264C8DB5FA6D463838C.e.531"},{"element-6066-11e4-a52e-4f735466cecf":"f.98D246DDA407406B6F8C3DBE00D42F41.d.348253207A90A264C8DB5FA6D463838C.e.532"},{"element-6066-11e4-a52e-4f735466cecf":"f.98D246DDA407406B6F8C3DBE00D42F41.d.348253207A90A264C8DB5FA6D463838C.e.533"},{"element-6066-11e4-a52e-4f735466cecf":"f.98D246DDA407406B6F8C3DBE00D42F41.d.348253207A90A264C8DB5FA6D463838C.e.534"},{"element-6066-11e4-a52e-4f735466cecf":"f.98D246DDA407406B6F8C3DBE00D42F41.d.348253207A90A264C8DB5FA6D463838C.e.535"},{"element-6066-11e4-a52e-4f735466cecf":"f.98D246DDA407406B6F8C3DBE00D42F41.d.348253207A90A264C8DB5FA6D463838C.e.536"},{"element-6066-11e4-a52e-4f735466cecf":"f.98D246DDA407406B6F8C3DBE00D42F41.d.348253207A90A264C8DB5FA6D463838C.e.537"},{"element-6066-11e4-a52e-4f735466cecf":"f.98D246DDA407406B6F8C3DBE00D42F41.d.348253207A90A264C8DB5FA6D463838C.e.538"},{"element-6066-11e4-a52e-4f735466cecf":"f.98D246DDA407406B6F8C3DBE00D42F41.d.348253207A90A264C8DB5FA6D463838C.e.539"},{"element-6066-11e4-a52e-4f735466cecf":"f.98D246DDA407406B6F8C3DBE00D42F41.d.348253207A90A264C8DB5FA6D463838C.e.540"},{"element-6066-11e4-a52e-4f735466cecf":"f.98D246DDA407406B6F8C3DBE00D42F41.d.348253207A90A264C8DB5FA6D463838C.e.541"},{"element-6066-11e4-a52e-4f735466cecf":"f.98D246DDA407406B6F8C3DBE00D42F41.d.348253207A90A264C8DB5FA6D463838C.e.542"},{"element-6066-11e4-a52e-4f735466cecf":"f.98D246DDA407406B6F8C3DBE00D42F41.d.348253207A90A264C8DB5FA6D463838C.e.543"},{"element-6066-11e4-a52e-4f735466cecf":"f.98D246DDA407406B6F8C3DBE00D42F41.d.348253207A90A264C8DB5FA6D463838C.e.544"},{"element-6066-11e4-a52e-4f735466cecf":"f.98D246DDA407406B6F8C3DBE00D42F41.d.348253207A90A264C8DB5FA6D463838C.e.545"},{"element-6066-11e4-a52e-4f735466cecf":"f.98D246DDA407406B6F8C3DBE00D42F41.d.348253207A90A264C8DB5FA6D463838C.e.546"},{"element-6066-11e4-a52e-4f735466cecf":"f.98D246DDA407406B6F8C3DBE00D42F41.d.348253207A90A264C8DB5FA6D463838C.e.547"},{"element-6066-11e4-a52e-4f735466cecf":"f.98D246DDA407406B6F8C3DBE00D42F41.d.348253207A90A264C8DB5FA6D463838C.e.548"},{"element-6066-11e4-a52e-4f735466cecf":"f.98D246DDA407406B6F8C3DBE00D42F41.d.348253207A90A264C8DB5FA6D463838C.e.549"},{"element-6066-11e4-a52e-4f735466cecf":"f.98D246DDA407406B6F8C3DBE00D42F41.d.348253207A90A264C8DB5FA6D463838C.e.550"},{"element-6066-11e4-a52e-4f735466cecf":"f.98D246DDA407406B6F8C3DBE00D42F41.d.348253207A90A264C8DB5FA6D463838C.e.551"},{"element-6066-11e4-a52e-4f735466cecf":"f.98D246DDA407406B6F8C3DBE00D42F41.d.348253207A90A264C8DB5FA6D463838C.e.552"},{"element-6066-11e4-a52e-4f735466cecf":"f.98D246DDA407406B6F8C3DBE00D42F41.d.348253207A90A264C8DB5FA6D463838C.e.553"},{"element-6066-11e4-a52e-4f735466cecf":"f.98D246DDA407406B6F8C3DBE00D42F41.d.348253207A90A264C8DB5FA6D463838C.e.554"},{"element-6066-11e4-a52e-4f735466cecf":"f.98D246DDA407406B6F8C3DBE00D42F41.d.348253207A90A264C8DB5FA6D463838C.e.555"},{"element-6066-11e4-a52e-4f735466cecf":"f.98D246DDA407406B6F8C3DBE00D42F41.d.348253207A90A264C8DB5FA6D463838C.e.556"},{"element-6066-11e4-a52e-4f735466cecf":"f.98D246DDA407406B6F8C3DBE00D42F41.d.348253207A90A264C8DB5FA6D463838C.e.557"},{"element-6066-11e4-a52e-4f735466cecf":"f.98D246DDA407406B6F8C3DBE00D42F41.d.348253207A90A264C8DB5FA6D463838C.e.558"},{"element-6066-11e4-a52e-4f735466cecf":"f.98D246DDA407406B6F8C3DBE00D42F41.d.348253207A90A264C8DB5FA6D463838C.e.559"},{"element-6066-11e4-a52e-4f735466cecf":"f.98D246DDA407406B6F8C3DBE00D42F41.d.348253207A90A264C8DB5FA6D463838C.e.560"},{"element-6066-11e4-a52e-4f735466cecf":"f.98D246DDA407406B6F8C3DBE00D42F41.d.348253207A90A264C8DB5FA6D463838C.e.561"},{"element-6066-11e4-a52e-4f735466cecf":"f.98D246DDA407406B6F8C3DBE00D42F41.d.348253207A90A264C8DB5FA6D463838C.e.562"},{"element-6066-11e4-a52e-4f735466cecf":"f.98D246DDA407406B6F8C3DBE00D42F41.d.348253207A90A264C8DB5FA6D463838C.e.563"},{"element-6066-11e4-a52e-4f735466cecf":"f.98D246DDA407406B6F8C3DBE00D42F41.d.348253207A90A264C8DB5FA6D463838C.e.564"},{"element-6066-11e4-a52e-4f735466cecf":"f.98D246DDA407406B6F8C3DBE00D42F41.d.348253207A90A264C8DB5FA6D463838C.e.565"},{"element-6066-11e4-a52e-4f735466cecf":"f.98D246DDA407406B6F8C3DBE00D42F41.d.348253207A90A264C8DB5FA6D463838C.e.566"},{"element-6066-11e4-a52e-4f735466cecf":"f.98D246DDA407406B6F8C3DBE00D42F41.d.348253207A90A264C8DB5FA6D463838C.e.567"},{"element-6066-11e4-a52e-4f735466cecf":"f.98D246DDA407406B6F8C3DBE00D42F41.d.348253207A90A264C8DB5FA6D463838C.e.568"},{"element-6066-11e4-a52e-4f735466cecf":"f.98D246DDA407406B6F8C3DBE00D42F41.d.348253207A90A264C8DB5FA6D463838C.e.569"},{"element-6066-11e4-a52e-4f735466cecf":"f.98D246DDA407406B6F8C3DBE00D42F41.d.348253207A90A264C8DB5FA6D463838C.e.570"},{"element-6066-11e4-a52e-4f735466cecf":"f.98D246DDA407406B6F8C3DBE00D42F41.d.348253207A90A264C8DB5FA6D463838C.e.571"},{"element-6066-11e4-a52e-4f735466cecf":"f.98D246DDA407406B6F8C3DBE00D42F41.d.348253207A90A264C8DB5FA6D463838C.e.572"},{"element-6066-11e4-a52e-4f735466cecf":"f.98D246DDA407406B6F8C3DBE00D42F41.d.348253207A90A264C8DB5FA6D463838C.e.573"},{"element-6066-11e4-a52e-4f735466cecf":"f.98D246DDA407406B6F8C3DBE00D42F41.d.348253207A90A264C8DB5FA6D463838C.e.574"},{"element-6066-11e4-a52e-4f735466cecf":"f.98D246DDA407406B6F8C3DBE00D42F41.d.348253207A90A264C8DB5FA6D463838C.e.575"},{"element-6066-11e4-a52e-4f735466cecf":"f.98D246DDA407406B6F8C3DBE00D42F41.d.348253207A90A264C8DB5FA6D463838C.e.576"},{"element-6066-11e4-a52e-4f735466cecf":"f.98D246DDA407406B6F8C3DBE00D42F41.d.348253207A90A264C8DB5FA6D463838C.e.577"},{"element-6066-11e4-a52e-4f735466cecf":"f.98D246DDA407406B6F8C3DBE00D42F41.d.348253207A90A264C8DB5FA6D463838C.e.578"},{"element-6066-11e4-a52e-4f735466cecf":"f.98D246DDA407406B6F8C3DBE00D42F41.d.348253207A90A264C8DB5FA6D463838C.e.579"},{"element-6066-11e4-a52e-4f735466cecf":"f.98D246DDA407406B6F8C3DBE00D42F41.d.348253207A90A264C8DB5FA6D463838C.e.580"},{"element-6066-11e4-a52e-4f735466cecf":"f.98D246DDA407406B6F8C3DBE00D42F41.d.348253207A90A264C8DB5FA6D463838C.e.581"},{"element-6066-11e4-a52e-4f735466cecf":"f.98D246DDA407406B6F8C3DBE00D42F41.d.348253207A90A264C8DB5FA6D463838C.e.582"},{"element-6066-11e4-a52e-4f735466cecf":"f.98D246DDA407406B6F8C3DBE00D42F41.d.348253207A90A264C8DB5FA6D463838C.e.583"},{"element-6066-11e4-a52e-4f735466cecf":"f.98D246DDA407406B6F8C3DBE00D42F41.d.348253207A90A264C8DB5FA6D463838C.e.584"},{"element-6066-11e4-a52e-4f735466cecf":"f.98D246DDA407406B6F8C3DBE00D42F41.d.348253207A90A264C8DB5FA6D463838C.e.585"},{"element-6066-11e4-a52e-4f735466cecf":"f.98D246DDA407406B6F8C3DBE00D42F41.d.348253207A90A264C8DB5FA6D463838C.e.586"},{"element-6066-11e4-a52e-4f735466cecf":"f.98D246DDA407406B6F8C3DBE00D42F41.d.348253207A90A264C8DB5FA6D463838C.e.587"},{"element-6066-11e4-a52e-4f735466cecf":"f.98D246DDA407406B6F8C3DBE00D42F41.d.348253207A90A264C8DB5FA6D463838C.e.588"},{"element-6066-11e4-a52e-4f735466cecf":"f.98D246DDA407406B6F8C3DBE00D42F41.d.348253207A90A264C8DB5FA6D463838C.e.589"},{"element-6066-11e4-a52e-4f735466cecf":"f.98D246DDA407406B6F8C3DBE00D42F41.d.348253207A90A264C8DB5FA6D463838C.e.590"},{"element-6066-11e4-a52e-4f735466cecf":"f.98D246DDA407406B6F8C3DBE00D42F41.d.348253207A90A264C8DB5FA6D463838C.e.591"},{"element-6066-11e4-a52e-4f735466cecf":"f.98D246DDA407406B6F8C3DBE00D42F41.d.348253207A90A264C8DB5FA6D463838C.e.592"},{"element-6066-11e4-a52e-4f735466cecf":"f.98D246DDA407406B6F8C3DBE00D42F41.d.348253207A90A264C8DB5FA6D463838C.e.593"},{"element-6066-11e4-a52e-4f735466cecf":"f.98D246DDA407406B6F8C3DBE00D42F41.d.348253207A90A264C8DB5FA6D463838C.e.594"},{"element-6066-11e4-a52e-4f735466cecf":"f.98D246DDA407406B6F8C3DBE00D42F41.d.348253207A90A264C8DB5FA6D463838C.e.595"},{"element-6066-11e4-a52e-4f735466cecf":"f.98D246DDA407406B6F8C3DBE00D42F41.d.348253207A90A264C8DB5FA6D463838C.e.596"},{"element-6066-11e4-a52e-4f735466cecf":"f.98D246DDA407406B6F8C3DBE00D42F41.d.348253207A90A264C8DB5FA6D463838C.e.597"},{"element-6066-11e4-a52e-4f735466cecf":"f.98D246DDA407406B6F8C3DBE00D42F41.d.348253207A90A264C8DB5FA6D463838C.e.598"},{"element-6066-11e4-a52e-4f735466cecf":"f.98D246DDA407406B6F8C3DBE00D42F41.d.348253207A90A264C8DB5FA6D463838C.e.599"},{"element-6066-11e4-a52e-4f735466cecf":"f.98D246DDA407406B6F8C3DBE00D42F41.d.348253207A90A264C8DB5FA6D463838C.e.600"},{"element-6066-11e4-a52e-4f735466cecf":"f.98D246DDA407406B6F8C3DBE00D42F41.d.348253207A90A264C8DB5FA6D463838C.e.601"},{"element-6066-11e4-a52e-4f735466cecf":"f.98D246DDA407406B6F8C3DBE00D42F41.d.348253207A90A264C8DB5FA6D463838C.e.602"},{"element-6066-11e4-a52e-4f735466cecf":"f.98D246DDA407406B6F8C3DBE00D42F41.d.348253207A90A264C8DB5FA6D463838C.e.603"},{"element-6066-11e4-a52e-4f735466cecf":"f.98D246DDA407406B6F8C3DBE00D42F41.d.348253207A90A264C8DB5FA6D463838C.e.604"},{"element-6066-11e4-a52e-4f735466cecf":"f.98D246DDA407406B6F8C3DBE00D42F41.d.348253207A90A264C8DB5FA6D463838C.e.605"},{"element-6066-11e4-a52e-4f735466cecf":"f.98D246DDA407406B6F8C3DBE00D42F41.d.348253207A90A264C8DB5FA6D463838C.e.606"},{"element-6066-11e4-a52e-4f735466cecf":"f.98D246DDA407406B6F8C3DBE00D42F41.d.348253207A90A264C8DB5FA6D463838C.e.607"},{"element-6066-11e4-a52e-4f735466cecf":"f.98D246DDA407406B6F8C3DBE00D42F41.d.348253207A90A264C8DB5FA6D463838C.e.608"},{"element-6066-11e4-a52e-4f735466cecf":"f.98D246DDA407406B6F8C3DBE00D42F41.d.348253207A90A264C8DB5FA6D463838C.e.609"},{"element-6066-11e4-a52e-4f735466cecf":"f.98D246DDA407406B6F8C3DBE00D42F41.d.348253207A90A264C8DB5FA6D463838C.e.610"},{"element-6066-11e4-a52e-4f735466cecf":"f.98D246DDA407406B6F8C3DBE00D42F41.d.348253207A90A264C8DB5FA6D463838C.e.611"},{"element-6066-11e4-a52e-4f735466cecf":"f.98D246DDA407406B6F8C3DBE00D42F41.d.348253207A90A264C8DB5FA6D463838C.e.612"},{"element-6066-11e4-a52e-4f735466cecf":"f.98D246DDA407406B6F8C3DBE00D42F41.d.348253207A90A264C8DB5FA6D463838C.e.613"},{"element-6066-11e4-a52e-4f735466cecf":"f.98D246DDA407406B6F8C3DBE00D42F41.d.348253207A90A264C8DB5FA6D463838C.e.614"},{"element-6066-11e4-a52e-4f735466cecf":"f.98D246DDA407406B6F8C3DBE00D42F41.d.348253207A90A264C8DB5FA6D463838C.e.615"},{"element-6066-11e4-a52e-4f735466cecf":"f.98D246DDA407406B6F8C3DBE00D42F41.d.348253207A90A264C8DB5FA6D463838C.e.616"},{"element-6066-11e4-a52e-4f735466cecf":"f.98D246DDA407406B6F8C3DBE00D42F41.d.348253207A90A264C8DB5FA6D463838C.e.617"},{"element-6066-11e4-a52e-4f735466cecf":"f.98D246DDA407406B6F8C3DBE00D42F41.d.348253207A90A264C8DB5FA6D463838C.e.618"},{"element-6066-11e4-a52e-4f735466cecf":"f.98D246DDA407406B6F8C3DBE00D42F41.d.348253207A90A264C8DB5FA6D463838C.e.619"},{"element-6066-11e4-a52e-4f735466cecf":"f.98D246DDA407406B6F8C3DBE00D42F41.d.348253207A90A264C8DB5FA6D463838C.e.620"},{"element-6066-11e4-a52e-4f735466cecf":"f.98D246DDA407406B6F8C3DBE00D42F41.d.348253207A90A264C8DB5FA6D463838C.e.621"},{"element-6066-11e4-a52e-4f735466cecf":"f.98D246DDA407406B6F8C3DBE00D42F41.d.348253207A90A264C8DB5FA6D463838C.e.622"},{"element-6066-11e4-a52e-4f735466cecf":"f.98D246DDA407406B6F8C3DBE00D42F41.d.348253207A90A264C8DB5FA6D463838C.e.623"},{"element-6066-11e4-a52e-4f735466cecf":"f.98D246DDA407406B6F8C3DBE00D42F41.d.348253207A90A264C8DB5FA6D463838C.e.624"},{"element-6066-11e4-a52e-4f735466cecf":"f.98D246DDA407406B6F8C3DBE00D42F41.d.348253207A90A264C8DB5FA6D463838C.e.625"},{"element-6066-11e4-a52e-4f735466cecf":"f.98D246DDA407406B6F8C3DBE00D42F41.d.348253207A90A264C8DB5FA6D463838C.e.626"},{"element-6066-11e4-a52e-4f735466cecf":"f.98D246DDA407406B6F8C3DBE00D42F41.d.348253207A90A264C8DB5FA6D463838C.e.627"},{"element-6066-11e4-a52e-4f735466cecf":"f.98D246DDA407406B6F8C3DBE00D42F41.d.348253207A90A264C8DB5FA6D463838C.e.628"},{"element-6066-11e4-a52e-4f735466cecf":"f.98D246DDA407406B6F8C3DBE00D42F41.d.348253207A90A264C8DB5FA6D463838C.e.629"},{"element-6066-11e4-a52e-4f735466cecf":"f.98D246DDA407406B6F8C3DBE00D42F41.d.348253207A90A264C8DB5FA6D463838C.e.630"},{"element-6066-11e4-a52e-4f735466cecf":"f.98D246DDA407406B6F8C3DBE00D42F41.d.348253207A90A264C8DB5FA6D463838C.e.631"},{"element-6066-11e4-a52e-4f735466cecf":"f.98D246DDA407406B6F8C3DBE00D42F41.d.348253207A90A264C8DB5FA6D463838C.e.632"},{"element-6066-11e4-a52e-4f735466cecf":"f.98D246DDA407406B6F8C3DBE00D42F41.d.348253207A90A264C8DB5FA6D463838C.e.633"},{"element-6066-11e4-a52e-4f735466cecf":"f.98D246DDA407406B6F8C3DBE00D42F41.d.348253207A90A264C8DB5FA6D463838C.e.634"},{"element-6066-11e4-a52e-4f735466cecf":"f.98D246DDA407406B6F8C3DBE00D42F41.d.348253207A90A264C8DB5FA6D463838C.e.635"},{"element-6066-11e4-a52e-4f735466cecf":"f.98D246DDA407406B6F8C3DBE00D42F41.d.348253207A90A264C8DB5FA6D463838C.e.636"},{"element-6066-11e4-a52e-4f735466cecf":"f.98D246DDA407406B6F8C3DBE00D42F41.d.348253207A90A264C8DB5FA6D463838C.e.637"},{"element-6066-11e4-a52e-4f735466cecf":"f.98D246DDA407406B6F8C3DBE00D42F41.d.348253207A90A264C8DB5FA6D463838C.e.638"},{"element-6066-11e4-a52e-4f735466cecf":"f.98D246DDA407406B6F8C3DBE00D42F41.d.348253207A90A264C8DB5FA6D463838C.e.639"},{"element-6066-11e4-a52e-4f735466cecf":"f.98D246DDA407406B6F8C3DBE00D42F41.d.348253207A90A264C8DB5FA6D463838C.e.640"},{"element-6066-11e4-a52e-4f735466cecf":"f.98D246DDA407406B6F8C3DBE00D42F41.d.348253207A90A264C8DB5FA6D463838C.e.641"},{"element-6066-11e4-a52e-4f735466cecf":"f.98D246DDA407406B6F8C3DBE00D42F41.d.348253207A90A264C8DB5FA6D463838C.e.642"},{"element-6066-11e4-a52e-4f735466cecf":"f.98D246DDA407406B6F8C3DBE00D42F41.d.348253207A90A264C8DB5FA6D463838C.e.643"},{"element-6066-11e4-a52e-4f735466cecf":"f.98D246DDA407406B6F8C3DBE00D42F41.d.348253207A90A264C8DB5FA6D463838C.e.644"},{"element-6066-11e4-a52e-4f735466cecf":"f.98D246DDA407406B6F8C3DBE00D42F41.d.348253207A90A264C8DB5FA6D463838C.e.645"},{"element-6066-11e4-a52e-4f735466cecf":"f.98D246DDA407406B6F8C3DBE00D42F41.d.348253207A90A264C8DB5FA6D463838C.e.646"},{"element-6066-11e4-a52e-4f735466cecf":"f.98D246DDA407406B6F8C3DBE00D42F41.d.348253207A90A264C8DB5FA6D463838C.e.647"},{"element-6066-11e4-a52e-4f735466cecf":"f.98D246DDA407406B6F8C3DBE00D42F41.d.348253207A90A264C8DB5FA6D463838C.e.648"},{"element-6066-11e4-a52e-4f735466cecf":"f.98D246DDA407406B6F8C3DBE00D42F41.d.348253207A90A264C8DB5FA6D463838C.e.649"},{"element-6066-11e4-a52e-4f735466cecf":"f.98D246DDA407406B6F8C3DBE00D42F41.d.348253207A90A264C8DB5FA6D463838C.e.650"}]} | headers=HTTPHeaderDict({'content-length': '20425', 'content-type': 'application/json; charset=utf-8', 'cache-control': 'no-cache'})
DEBUG    selenium.webdriver.remote.remote_connection:remote_connection.py:356 Finished Request
DEBUG    selenium.webdriver.remote.remote_connection:remote_connection.py:313 POST http://selenium-hub:4444/wd/hub/session/3113c0127527982047c2c0cbec19f22b/element/f.98D246DDA407406B6F8C3DBE00D42F41.d.348253207A90A264C8DB5FA6D463838C.e.476/element {"using": "css selector", "value": "div[data-testid='note-card-title']"}
DEBUG    urllib3.connectionpool:connectionpool.py:544 http://selenium-hub:4444 "POST /wd/hub/session/3113c0127527982047c2c0cbec19f22b/element/f.98D246DDA407406B6F8C3DBE00D42F41.d.348253207A90A264C8DB5FA6D463838C.e.476/element HTTP/1.1" 200 0
DEBUG    selenium.webdriver.remote.remote_connection:remote_connection.py:329 Remote response: status=200 | data={"value":{"element-6066-11e4-a52e-4f735466cecf":"f.98D246DDA407406B6F8C3DBE00D42F41.d.348253207A90A264C8DB5FA6D463838C.e.662"}} | headers=HTTPHeaderDict({'content-length': '127', 'content-type': 'application/json; charset=utf-8', 'cache-control': 'no-cache'})
DEBUG    selenium.webdriver.remote.remote_connection:remote_connection.py:356 Finished Request
DEBUG    selenium.webdriver.remote.remote_connection:remote_connection.py:313 GET http://selenium-hub:4444/wd/hub/session/3113c0127527982047c2c0cbec19f22b/element/f.98D246DDA407406B6F8C3DBE00D42F41.d.348253207A90A264C8DB5FA6D463838C.e.662/text {}
DEBUG    urllib3.connectionpool:connectionpool.py:544 http://selenium-hub:4444 "GET /wd/hub/session/3113c0127527982047c2c0cbec19f22b/element/f.98D246DDA407406B6F8C3DBE00D42F41.d.348253207A90A264C8DB5FA6D463838C.e.662/text HTTP/1.1" 200 0
DEBUG    selenium.webdriver.remote.remote_connection:remote_connection.py:329 Remote response: status=200 | data={"value":"API E2E 1778214117"} | headers=HTTPHeaderDict({'content-length': '30', 'content-type': 'application/json; charset=utf-8', 'cache-control': 'no-cache'})
DEBUG    selenium.webdriver.remote.remote_connection:remote_connection.py:356 Finished Request
DEBUG    selenium.webdriver.remote.remote_connection:remote_connection.py:313 POST http://selenium-hub:4444/wd/hub/session/3113c0127527982047c2c0cbec19f22b/element/f.98D246DDA407406B6F8C3DBE00D42F41.d.348253207A90A264C8DB5FA6D463838C.e.477/element {"using": "css selector", "value": "div[data-testid='note-card-title']"}
DEBUG    urllib3.connectionpool:connectionpool.py:544 http://selenium-hub:4444 "POST /wd/hub/session/3113c0127527982047c2c0cbec19f22b/element/f.98D246DDA407406B6F8C3DBE00D42F41.d.348253207A90A264C8DB5FA6D463838C.e.477/element HTTP/1.1" 200 0
DEBUG    selenium.webdriver.remote.remote_connection:remote_connection.py:329 Remote response: status=200 | data={"value":{"element-6066-11e4-a52e-4f735466cecf":"f.98D246DDA407406B6F8C3DBE00D42F41.d.348253207A90A264C8DB5FA6D463838C.e.663"}} | headers=HTTPHeaderDict({'content-length': '127', 'content-type': 'application/json; charset=utf-8', 'cache-control': 'no-cache'})
DEBUG    selenium.webdriver.remote.remote_connection:remote_connection.py:356 Finished Request
DEBUG    selenium.webdriver.remote.remote_connection:remote_connection.py:313 GET http://selenium-hub:4444/wd/hub/session/3113c0127527982047c2c0cbec19f22b/element/f.98D246DDA407406B6F8C3DBE00D42F41.d.348253207A90A264C8DB5FA6D463838C.e.663/text {}
DEBUG    urllib3.connectionpool:connectionpool.py:544 http://selenium-hub:4444 "GET /wd/hub/session/3113c0127527982047c2c0cbec19f22b/element/f.98D246DDA407406B6F8C3DBE00D42F41.d.348253207A90A264C8DB5FA6D463838C.e.663/text HTTP/1.1" 200 0
DEBUG    selenium.webdriver.remote.remote_connection:remote_connection.py:329 Remote response: status=200 | data={"value":"E2E Title"} | headers=HTTPHeaderDict({'content-length': '21', 'content-type': 'application/json; charset=utf-8', 'cache-control': 'no-cache'})
DEBUG    selenium.webdriver.remote.remote_connection:remote_connection.py:356 Finished Request
DEBUG    selenium.webdriver.remote.remote_connection:remote_connection.py:313 POST http://selenium-hub:4444/wd/hub/session/3113c0127527982047c2c0cbec19f22b/element/f.98D246DDA407406B6F8C3DBE00D42F41.d.348253207A90A264C8DB5FA6D463838C.e.478/element {"using": "css selector", "value": "div[data-testid='note-card-title']"}
DEBUG    urllib3.connectionpool:connectionpool.py:544 http://selenium-hub:4444 "POST /wd/hub/session/3113c0127527982047c2c0cbec19f22b/element/f.98D246DDA407406B6F8C3DBE00D42F41.d.348253207A90A264C8DB5FA6D463838C.e.478/element HTTP/1.1" 200 0
DEBUG    selenium.webdriver.remote.remote_connection:remote_connection.py:329 Remote response: status=200 | data={"value":{"element-6066-11e4-a52e-4f735466cecf":"f.98D246DDA407406B6F8C3DBE00D42F41.d.348253207A90A264C8DB5FA6D463838C.e.664"}} | headers=HTTPHeaderDict({'content-length': '127', 'content-type': 'application/json; charset=utf-8', 'cache-control': 'no-cache'})
DEBUG    selenium.webdriver.remote.remote_connection:remote_connection.py:356 Finished Request
DEBUG    selenium.webdriver.remote.remote_connection:remote_connection.py:313 GET http://selenium-hub:4444/wd/hub/session/3113c0127527982047c2c0cbec19f22b/element/f.98D246DDA407406B6F8C3DBE00D42F41.d.348253207A90A264C8DB5FA6D463838C.e.664/text {}
DEBUG    urllib3.connectionpool:connectionpool.py:544 http://selenium-hub:4444 "GET /wd/hub/session/3113c0127527982047c2c0cbec19f22b/element/f.98D246DDA407406B6F8C3DBE00D42F41.d.348253207A90A264C8DB5FA6D463838C.e.664/text HTTP/1.1" 200 0
DEBUG    selenium.webdriver.remote.remote_connection:remote_connection.py:329 Remote response: status=200 | data={"value":"UI Test"} | headers=HTTPHeaderDict({'content-length': '19', 'content-type': 'application/json; charset=utf-8', 'cache-control': 'no-cache'})
DEBUG    selenium.webdriver.remote.remote_connection:remote_connection.py:356 Finished Request
DEBUG    selenium.webdriver.remote.remote_connection:remote_connection.py:313 POST http://selenium-hub:4444/wd/hub/session/3113c0127527982047c2c0cbec19f22b/element/f.98D246DDA407406B6F8C3DBE00D42F41.d.348253207A90A264C8DB5FA6D463838C.e.479/element {"using": "css selector", "value": "div[data-testid='note-card-title']"}
DEBUG    urllib3.connectionpool:connectionpool.py:544 http://selenium-hub:4444 "POST /wd/hub/session/3113c0127527982047c2c0cbec19f22b/element/f.98D246DDA407406B6F8C3DBE00D42F41.d.348253207A90A264C8DB5FA6D463838C.e.479/element HTTP/1.1" 200 0
DEBUG    selenium.webdriver.remote.remote_connection:remote_connection.py:329 Remote response: status=200 | data={"value":{"element-6066-11e4-a52e-4f735466cecf":"f.98D246DDA407406B6F8C3DBE00D42F41.d.348253207A90A264C8DB5FA6D463838C.e.482"}} | headers=HTTPHeaderDict({'content-length': '127', 'content-type': 'application/json; charset=utf-8', 'cache-control': 'no-cache'})
DEBUG    selenium.webdriver.remote.remote_connection:remote_connection.py:356 Finished Request
DEBUG    selenium.webdriver.remote.remote_connection:remote_connection.py:313 GET http://selenium-hub:4444/wd/hub/session/3113c0127527982047c2c0cbec19f22b/element/f.98D246DDA407406B6F8C3DBE00D42F41.d.348253207A90A264C8DB5FA6D463838C.e.482/text {}
DEBUG    urllib3.connectionpool:connectionpool.py:544 http://selenium-hub:4444 "GET /wd/hub/session/3113c0127527982047c2c0cbec19f22b/element/f.98D246DDA407406B6F8C3DBE00D42F41.d.348253207A90A264C8DB5FA6D463838C.e.482/text HTTP/1.1" 200 0
DEBUG    selenium.webdriver.remote.remote_connection:remote_connection.py:329 Remote response: status=200 | data={"value":"API E2E 1778185252"} | headers=HTTPHeaderDict({'content-length': '30', 'content-type': 'application/json; charset=utf-8', 'cache-control': 'no-cache'})
DEBUG    selenium.webdriver.remote.remote_connection:remote_connection.py:356 Finished Request
DEBUG    selenium.webdriver.remote.remote_connection:remote_connection.py:313 POST http://selenium-hub:4444/wd/hub/session/3113c0127527982047c2c0cbec19f22b/element/f.98D246DDA407406B6F8C3DBE00D42F41.d.348253207A90A264C8DB5FA6D463838C.e.480/element {"using": "css selector", "value": "div[data-testid='note-card-title']"}
DEBUG    urllib3.connectionpool:connectionpool.py:544 http://selenium-hub:4444 "POST /wd/hub/session/3113c0127527982047c2c0cbec19f22b/element/f.98D246DDA407406B6F8C3DBE00D42F41.d.348253207A90A264C8DB5FA6D463838C.e.480/element HTTP/1.1" 200 0
DEBUG    selenium.webdriver.remote.remote_connection:remote_connection.py:329 Remote response: status=200 | data={"value":{"element-6066-11e4-a52e-4f735466cecf":"f.98D246DDA407406B6F8C3DBE00D42F41.d.348253207A90A264C8DB5FA6D463838C.e.665"}} | headers=HTTPHeaderDict({'content-length': '127', 'content-type': 'application/json; charset=utf-8', 'cache-control': 'no-cache'})
DEBUG    selenium.webdriver.remote.remote_connection:remote_connection.py:356 Finished Request
DEBUG    selenium.webdriver.remote.remote_connection:remote_connection.py:313 GET http://selenium-hub:4444/wd/hub/session/3113c0127527982047c2c0cbec19f22b/element/f.98D246DDA407406B6F8C3DBE00D42F41.d.348253207A90A264C8DB5FA6D463838C.e.665/text {}
DEBUG    urllib3.connectionpool:connectionpool.py:544 http://selenium-hub:4444 "GET /wd/hub/session/3113c0127527982047c2c0cbec19f22b/element/f.98D246DDA407406B6F8C3DBE00D42F41.d.348253207A90A264C8DB5FA6D463838C.e.665/text HTTP/1.1" 200 0
DEBUG    selenium.webdriver.remote.remote_connection:remote_connection.py:329 Remote response: status=200 | data={"value":"E2E Title"} | headers=HTTPHeaderDict({'content-length': '21', 'content-type': 'application/json; charset=utf-8', 'cache-control': 'no-cache'})
DEBUG    selenium.webdriver.remote.remote_connection:remote_connection.py:356 Finished Request
DEBUG    selenium.webdriver.remote.remote_connection:remote_connection.py:313 POST http://selenium-hub:4444/wd/hub/session/3113c0127527982047c2c0cbec19f22b/element/f.98D246DDA407406B6F8C3DBE00D42F41.d.348253207A90A264C8DB5FA6D463838C.e.483/element {"using": "css selector", "value": "div[data-testid='note-card-title']"}
DEBUG    urllib3.connectionpool:connectionpool.py:544 http://selenium-hub:4444 "POST /wd/hub/session/3113c0127527982047c2c0cbec19f22b/element/f.98D246DDA407406B6F8C3DBE00D42F41.d.348253207A90A264C8DB5FA6D463838C.e.483/element HTTP/1.1" 200 0
DEBUG    selenium.webdriver.remote.remote_connection:remote_connection.py:329 Remote response: status=200 | data={"value":{"element-6066-11e4-a52e-4f735466cecf":"f.98D246DDA407406B6F8C3DBE00D42F41.d.348253207A90A264C8DB5FA6D463838C.e.666"}} | headers=HTTPHeaderDict({'content-length': '127', 'content-type': 'application/json; charset=utf-8', 'cache-control': 'no-cache'})
DEBUG    selenium.webdriver.remote.remote_connection:remote_connection.py:356 Finished Request
DEBUG    selenium.webdriver.remote.remote_connection:remote_connection.py:313 GET http://selenium-hub:4444/wd/hub/session/3113c0127527982047c2c0cbec19f22b/element/f.98D246DDA407406B6F8C3DBE00D42F41.d.348253207A90A264C8DB5FA6D463838C.e.666/text {}
DEBUG    urllib3.connectionpool:connectionpool.py:544 http://selenium-hub:4444 "GET /wd/hub/session/3113c0127527982047c2c0cbec19f22b/element/f.98D246DDA407406B6F8C3DBE00D42F41.d.348253207A90A264C8DB5FA6D463838C.e.666/text HTTP/1.1" 200 0
DEBUG    selenium.webdriver.remote.remote_connection:remote_connection.py:329 Remote response: status=200 | data={"value":"UI Test"} | headers=HTTPHeaderDict({'content-length': '19', 'content-type': 'application/json; charset=utf-8', 'cache-control': 'no-cache'})
DEBUG    selenium.webdriver.remote.remote_connection:remote_connection.py:356 Finished Request
DEBUG    selenium.webdriver.remote.remote_connection:remote_connection.py:313 POST http://selenium-hub:4444/wd/hub/session/3113c0127527982047c2c0cbec19f22b/element/f.98D246DDA407406B6F8C3DBE00D42F41.d.348253207A90A264C8DB5FA6D463838C.e.484/element {"using": "css selector", "value": "div[data-testid='note-card-title']"}
DEBUG    urllib3.connectionpool:connectionpool.py:544 http://selenium-hub:4444 "POST /wd/hub/session/3113c0127527982047c2c0cbec19f22b/element/f.98D246DDA407406B6F8C3DBE00D42F41.d.348253207A90A264C8DB5FA6D463838C.e.484/element HTTP/1.1" 200 0
DEBUG    selenium.webdriver.remote.remote_connection:remote_connection.py:329 Remote response: status=200 | data={"value":{"element-6066-11e4-a52e-4f735466cecf":"f.98D246DDA407406B6F8C3DBE00D42F41.d.348253207A90A264C8DB5FA6D463838C.e.667"}} | headers=HTTPHeaderDict({'content-length': '127', 'content-type': 'application/json; charset=utf-8', 'cache-control': 'no-cache'})
DEBUG    selenium.webdriver.remote.remote_connection:remote_connection.py:356 Finished Request
DEBUG    selenium.webdriver.remote.remote_connection:remote_connection.py:313 GET http://selenium-hub:4444/wd/hub/session/3113c0127527982047c2c0cbec19f22b/element/f.98D246DDA407406B6F8C3DBE00D42F41.d.348253207A90A264C8DB5FA6D463838C.e.667/text {}
DEBUG    urllib3.connectionpool:connectionpool.py:544 http://selenium-hub:4444 "GET /wd/hub/session/3113c0127527982047c2c0cbec19f22b/element/f.98D246DDA407406B6F8C3DBE00D42F41.d.348253207A90A264C8DB5FA6D463838C.e.667/text HTTP/1.1" 200 0
DEBUG    selenium.webdriver.remote.remote_connection:remote_connection.py:329 Remote response: status=200 | data={"value":"API E2E 1778184607"} | headers=HTTPHeaderDict({'content-length': '30', 'content-type': 'application/json; charset=utf-8', 'cache-control': 'no-cache'})
DEBUG    selenium.webdriver.remote.remote_connection:remote_connection.py:356 Finished Request
DEBUG    selenium.webdriver.remote.remote_connection:remote_connection.py:313 POST http://selenium-hub:4444/wd/hub/session/3113c0127527982047c2c0cbec19f22b/element/f.98D246DDA407406B6F8C3DBE00D42F41.d.348253207A90A264C8DB5FA6D463838C.e.485/element {"using": "css selector", "value": "div[data-testid='note-card-title']"}
DEBUG    urllib3.connectionpool:connectionpool.py:544 http://selenium-hub:4444 "POST /wd/hub/session/3113c0127527982047c2c0cbec19f22b/element/f.98D246DDA407406B6F8C3DBE00D42F41.d.348253207A90A264C8DB5FA6D463838C.e.485/element HTTP/1.1" 200 0
DEBUG    selenium.webdriver.remote.remote_connection:remote_connection.py:329 Remote response: status=200 | data={"value":{"element-6066-11e4-a52e-4f735466cecf":"f.98D246DDA407406B6F8C3DBE00D42F41.d.348253207A90A264C8DB5FA6D463838C.e.668"}} | headers=HTTPHeaderDict({'content-length': '127', 'content-type': 'application/json; charset=utf-8', 'cache-control': 'no-cache'})
DEBUG    selenium.webdriver.remote.remote_connection:remote_connection.py:356 Finished Request
DEBUG    selenium.webdriver.remote.remote_connection:remote_connection.py:313 GET http://selenium-hub:4444/wd/hub/session/3113c0127527982047c2c0cbec19f22b/element/f.98D246DDA407406B6F8C3DBE00D42F41.d.348253207A90A264C8DB5FA6D463838C.e.668/text {}
DEBUG    urllib3.connectionpool:connectionpool.py:544 http://selenium-hub:4444 "GET /wd/hub/session/3113c0127527982047c2c0cbec19f22b/element/f.98D246DDA407406B6F8C3DBE00D42F41.d.348253207A90A264C8DB5FA6D463838C.e.668/text HTTP/1.1" 200 0
DEBUG    selenium.webdriver.remote.remote_connection:remote_connection.py:329 Remote response: status=200 | data={"value":"E2E Title"} | headers=HTTPHeaderDict({'content-length': '21', 'content-type': 'application/json; charset=utf-8', 'cache-control': 'no-cache'})
DEBUG    selenium.webdriver.remote.remote_connection:remote_connection.py:356 Finished Request
DEBUG    selenium.webdriver.remote.remote_connection:remote_connection.py:313 POST http://selenium-hub:4444/wd/hub/session/3113c0127527982047c2c0cbec19f22b/element/f.98D246DDA407406B6F8C3DBE00D42F41.d.348253207A90A264C8DB5FA6D463838C.e.486/element {"using": "css selector", "value": "div[data-testid='note-card-title']"}
DEBUG    urllib3.connectionpool:connectionpool.py:544 http://selenium-hub:4444 "POST /wd/hub/session/3113c0127527982047c2c0cbec19f22b/element/f.98D246DDA407406B6F8C3DBE00D42F41.d.348253207A90A264C8DB5FA6D463838C.e.486/element HTTP/1.1" 200 0
DEBUG    selenium.webdriver.remote.remote_connection:remote_connection.py:329 Remote response: status=200 | data={"value":{"element-6066-11e4-a52e-4f735466cecf":"f.98D246DDA407406B6F8C3DBE00D42F41.d.348253207A90A264C8DB5FA6D463838C.e.669"}} | headers=HTTPHeaderDict({'content-length': '127', 'content-type': 'application/json; charset=utf-8', 'cache-control': 'no-cache'})
DEBUG    selenium.webdriver.remote.remote_connection:remote_connection.py:356 Finished Request
DEBUG    selenium.webdriver.remote.remote_connection:remote_connection.py:313 GET http://selenium-hub:4444/wd/hub/session/3113c0127527982047c2c0cbec19f22b/element/f.98D246DDA407406B6F8C3DBE00D42F41.d.348253207A90A264C8DB5FA6D463838C.e.669/text {}
DEBUG    urllib3.connectionpool:connectionpool.py:544 http://selenium-hub:4444 "GET /wd/hub/session/3113c0127527982047c2c0cbec19f22b/element/f.98D246DDA407406B6F8C3DBE00D42F41.d.348253207A90A264C8DB5FA6D463838C.e.669/text HTTP/1.1" 200 0
DEBUG    selenium.webdriver.remote.remote_connection:remote_connection.py:329 Remote response: status=200 | data={"value":"UI Test"} | headers=HTTPHeaderDict({'content-length': '19', 'content-type': 'application/json; charset=utf-8', 'cache-control': 'no-cache'})
DEBUG    selenium.webdriver.remote.remote_connection:remote_connection.py:356 Finished Request
DEBUG    selenium.webdriver.remote.remote_connection:remote_connection.py:313 POST http://selenium-hub:4444/wd/hub/session/3113c0127527982047c2c0cbec19f22b/element/f.98D246DDA407406B6F8C3DBE00D42F41.d.348253207A90A264C8DB5FA6D463838C.e.487/element {"using": "css selector", "value": "div[data-testid='note-card-title']"}
DEBUG    urllib3.connectionpool:connectionpool.py:544 http://selenium-hub:4444 "POST /wd/hub/session/3113c0127527982047c2c0cbec19f22b/element/f.98D246DDA407406B6F8C3DBE00D42F41.d.348253207A90A264C8DB5FA6D463838C.e.487/element HTTP/1.1" 200 0
DEBUG    selenium.webdriver.remote.remote_connection:remote_connection.py:329 Remote response: status=200 | data={"value":{"element-6066-11e4-a52e-4f735466cecf":"f.98D246DDA407406B6F8C3DBE00D42F41.d.348253207A90A264C8DB5FA6D463838C.e.670"}} | headers=HTTPHeaderDict({'content-length': '127', 'content-type': 'application/json; charset=utf-8', 'cache-control': 'no-cache'})
DEBUG    selenium.webdriver.remote.remote_connection:remote_connection.py:356 Finished Request
DEBUG    selenium.webdriver.remote.remote_connection:remote_connection.py:313 GET http://selenium-hub:4444/wd/hub/session/3113c0127527982047c2c0cbec19f22b/element/f.98D246DDA407406B6F8C3DBE00D42F41.d.348253207A90A264C8DB5FA6D463838C.e.670/text {}
DEBUG    urllib3.connectionpool:connectionpool.py:544 http://selenium-hub:4444 "GET /wd/hub/session/3113c0127527982047c2c0cbec19f22b/element/f.98D246DDA407406B6F8C3DBE00D42F41.d.348253207A90A264C8DB5FA6D463838C.e.670/text HTTP/1.1" 200 0
DEBUG    selenium.webdriver.remote.remote_connection:remote_connection.py:329 Remote response: status=200 | data={"value":"API E2E 1778183950"} | headers=HTTPHeaderDict({'content-length': '30', 'content-type': 'application/json; charset=utf-8', 'cache-control': 'no-cache'})
DEBUG    selenium.webdriver.remote.remote_connection:remote_connection.py:356 Finished Request
DEBUG    selenium.webdriver.remote.remote_connection:remote_connection.py:313 POST http://selenium-hub:4444/wd/hub/session/3113c0127527982047c2c0cbec19f22b/element/f.98D246DDA407406B6F8C3DBE00D42F41.d.348253207A90A264C8DB5FA6D463838C.e.488/element {"using": "css selector", "value": "div[data-testid='note-card-title']"}
DEBUG    urllib3.connectionpool:connectionpool.py:544 http://selenium-hub:4444 "POST /wd/hub/session/3113c0127527982047c2c0cbec19f22b/element/f.98D246DDA407406B6F8C3DBE00D42F41.d.348253207A90A264C8DB5FA6D463838C.e.488/element HTTP/1.1" 200 0
DEBUG    selenium.webdriver.remote.remote_connection:remote_connection.py:329 Remote response: status=200 | data={"value":{"element-6066-11e4-a52e-4f735466cecf":"f.98D246DDA407406B6F8C3DBE00D42F41.d.348253207A90A264C8DB5FA6D463838C.e.671"}} | headers=HTTPHeaderDict({'content-length': '127', 'content-type': 'application/json; charset=utf-8', 'cache-control': 'no-cache'})
DEBUG    selenium.webdriver.remote.remote_connection:remote_connection.py:356 Finished Request
DEBUG    selenium.webdriver.remote.remote_connection:remote_connection.py:313 GET http://selenium-hub:4444/wd/hub/session/3113c0127527982047c2c0cbec19f22b/element/f.98D246DDA407406B6F8C3DBE00D42F41.d.348253207A90A264C8DB5FA6D463838C.e.671/text {}
DEBUG    urllib3.connectionpool:connectionpool.py:544 http://selenium-hub:4444 "GET /wd/hub/session/3113c0127527982047c2c0cbec19f22b/element/f.98D246DDA407406B6F8C3DBE00D42F41.d.348253207A90A264C8DB5FA6D463838C.e.671/text HTTP/1.1" 200 0
DEBUG    selenium.webdriver.remote.remote_connection:remote_connection.py:329 Remote response: status=200 | data={"value":"E2E Title"} | headers=HTTPHeaderDict({'content-length': '21', 'content-type': 'application/json; charset=utf-8', 'cache-control': 'no-cache'})
DEBUG    selenium.webdriver.remote.remote_connection:remote_connection.py:356 Finished Request
DEBUG    selenium.webdriver.remote.remote_connection:remote_connection.py:313 POST http://selenium-hub:4444/wd/hub/session/3113c0127527982047c2c0cbec19f22b/element/f.98D246DDA407406B6F8C3DBE00D42F41.d.348253207A90A264C8DB5FA6D463838C.e.489/element {"using": "css selector", "value": "div[data-testid='note-card-title']"}
DEBUG    urllib3.connectionpool:connectionpool.py:544 http://selenium-hub:4444 "POST /wd/hub/session/3113c0127527982047c2c0cbec19f22b/element/f.98D246DDA407406B6F8C3DBE00D42F41.d.348253207A90A264C8DB5FA6D463838C.e.489/element HTTP/1.1" 200 0
DEBUG    selenium.webdriver.remote.remote_connection:remote_connection.py:329 Remote response: status=200 | data={"value":{"element-6066-11e4-a52e-4f735466cecf":"f.98D246DDA407406B6F8C3DBE00D42F41.d.348253207A90A264C8DB5FA6D463838C.e.672"}} | headers=HTTPHeaderDict({'content-length': '127', 'content-type': 'application/json; charset=utf-8', 'cache-control': 'no-cache'})
DEBUG    selenium.webdriver.remote.remote_connection:remote_connection.py:356 Finished Request
DEBUG    selenium.webdriver.remote.remote_connection:remote_connection.py:313 GET http://selenium-hub:4444/wd/hub/session/3113c0127527982047c2c0cbec19f22b/element/f.98D246DDA407406B6F8C3DBE00D42F41.d.348253207A90A264C8DB5FA6D463838C.e.672/text {}
DEBUG    urllib3.connectionpool:connectionpool.py:544 http://selenium-hub:4444 "GET /wd/hub/session/3113c0127527982047c2c0cbec19f22b/element/f.98D246DDA407406B6F8C3DBE00D42F41.d.348253207A90A264C8DB5FA6D463838C.e.672/text HTTP/1.1" 200 0
DEBUG    selenium.webdriver.remote.remote_connection:remote_connection.py:329 Remote response: status=200 | data={"value":"UI Test"} | headers=HTTPHeaderDict({'content-length': '19', 'content-type': 'application/json; charset=utf-8', 'cache-control': 'no-cache'})
DEBUG    selenium.webdriver.remote.remote_connection:remote_connection.py:356 Finished Request
DEBUG    selenium.webdriver.remote.remote_connection:remote_connection.py:313 POST http://selenium-hub:4444/wd/hub/session/3113c0127527982047c2c0cbec19f22b/element/f.98D246DDA407406B6F8C3DBE00D42F41.d.348253207A90A264C8DB5FA6D463838C.e.490/element {"using": "css selector", "value": "div[data-testid='note-card-title']"}
DEBUG    urllib3.connectionpool:connectionpool.py:544 http://selenium-hub:4444 "POST /wd/hub/session/3113c0127527982047c2c0cbec19f22b/element/f.98D246DDA407406B6F8C3DBE00D42F41.d.348253207A90A264C8DB5FA6D463838C.e.490/element HTTP/1.1" 200 0
DEBUG    selenium.webdriver.remote.remote_connection:remote_connection.py:329 Remote response: status=200 | data={"value":{"element-6066-11e4-a52e-4f735466cecf":"f.98D246DDA407406B6F8C3DBE00D42F41.d.348253207A90A264C8DB5FA6D463838C.e.673"}} | headers=HTTPHeaderDict({'content-length': '127', 'content-type': 'application/json; charset=utf-8', 'cache-control': 'no-cache'})
DEBUG    selenium.webdriver.remote.remote_connection:remote_connection.py:356 Finished Request
DEBUG    selenium.webdriver.remote.remote_connection:remote_connection.py:313 GET http://selenium-hub:4444/wd/hub/session/3113c0127527982047c2c0cbec19f22b/element/f.98D246DDA407406B6F8C3DBE00D42F41.d.348253207A90A264C8DB5FA6D463838C.e.673/text {}
DEBUG    urllib3.connectionpool:connectionpool.py:544 http://selenium-hub:4444 "GET /wd/hub/session/3113c0127527982047c2c0cbec19f22b/element/f.98D246DDA407406B6F8C3DBE00D42F41.d.348253207A90A264C8DB5FA6D463838C.e.673/text HTTP/1.1" 200 0
DEBUG    selenium.webdriver.remote.remote_connection:remote_connection.py:329 Remote response: status=200 | data={"value":"API E2E 1778183058"} | headers=HTTPHeaderDict({'content-length': '30', 'content-type': 'application/json; charset=utf-8', 'cache-control': 'no-cache'})
DEBUG    selenium.webdriver.remote.remote_connection:remote_connection.py:356 Finished Request
DEBUG    selenium.webdriver.remote.remote_connection:remote_connection.py:313 POST http://selenium-hub:4444/wd/hub/session/3113c0127527982047c2c0cbec19f22b/element/f.98D246DDA407406B6F8C3DBE00D42F41.d.348253207A90A264C8DB5FA6D463838C.e.491/element {"using": "css selector", "value": "div[data-testid='note-card-title']"}
DEBUG    urllib3.connectionpool:connectionpool.py:544 http://selenium-hub:4444 "POST /wd/hub/session/3113c0127527982047c2c0cbec19f22b/element/f.98D246DDA407406B6F8C3DBE00D42F41.d.348253207A90A264C8DB5FA6D463838C.e.491/element HTTP/1.1" 200 0
DEBUG    selenium.webdriver.remote.remote_connection:remote_connection.py:329 Remote response: status=200 | data={"value":{"element-6066-11e4-a52e-4f735466cecf":"f.98D246DDA407406B6F8C3DBE00D42F41.d.348253207A90A264C8DB5FA6D463838C.e.674"}} | headers=HTTPHeaderDict({'content-length': '127', 'content-type': 'application/json; charset=utf-8', 'cache-control': 'no-cache'})
DEBUG    selenium.webdriver.remote.remote_connection:remote_connection.py:356 Finished Request
DEBUG    selenium.webdriver.remote.remote_connection:remote_connection.py:313 GET http://selenium-hub:4444/wd/hub/session/3113c0127527982047c2c0cbec19f22b/element/f.98D246DDA407406B6F8C3DBE00D42F41.d.348253207A90A264C8DB5FA6D463838C.e.674/text {}
DEBUG    urllib3.connectionpool:connectionpool.py:544 http://selenium-hub:4444 "GET /wd/hub/session/3113c0127527982047c2c0cbec19f22b/element/f.98D246DDA407406B6F8C3DBE00D42F41.d.348253207A90A264C8DB5FA6D463838C.e.674/text HTTP/1.1" 200 0
DEBUG    selenium.webdriver.remote.remote_connection:remote_connection.py:329 Remote response: status=200 | data={"value":"E2E Title"} | headers=HTTPHeaderDict({'content-length': '21', 'content-type': 'application/json; charset=utf-8', 'cache-control': 'no-cache'})
DEBUG    selenium.webdriver.remote.remote_connection:remote_connection.py:356 Finished Request
DEBUG    selenium.webdriver.remote.remote_connection:remote_connection.py:313 POST http://selenium-hub:4444/wd/hub/session/3113c0127527982047c2c0cbec19f22b/element/f.98D246DDA407406B6F8C3DBE00D42F41.d.348253207A90A264C8DB5FA6D463838C.e.492/element {"using": "css selector", "value": "div[data-testid='note-card-title']"}
DEBUG    urllib3.connectionpool:connectionpool.py:544 http://selenium-hub:4444 "POST /wd/hub/session/3113c0127527982047c2c0cbec19f22b/element/f.98D246DDA407406B6F8C3DBE00D42F41.d.348253207A90A264C8DB5FA6D463838C.e.492/element HTTP/1.1" 200 0
DEBUG    selenium.webdriver.remote.remote_connection:remote_connection.py:329 Remote response: status=200 | data={"value":{"element-6066-11e4-a52e-4f735466cecf":"f.98D246DDA407406B6F8C3DBE00D42F41.d.348253207A90A264C8DB5FA6D463838C.e.675"}} | headers=HTTPHeaderDict({'content-length': '127', 'content-type': 'application/json; charset=utf-8', 'cache-control': 'no-cache'})
DEBUG    selenium.webdriver.remote.remote_connection:remote_connection.py:356 Finished Request
DEBUG    selenium.webdriver.remote.remote_connection:remote_connection.py:313 GET http://selenium-hub:4444/wd/hub/session/3113c0127527982047c2c0cbec19f22b/element/f.98D246DDA407406B6F8C3DBE00D42F41.d.348253207A90A264C8DB5FA6D463838C.e.675/text {}
DEBUG    urllib3.connectionpool:connectionpool.py:544 http://selenium-hub:4444 "GET /wd/hub/session/3113c0127527982047c2c0cbec19f22b/element/f.98D246DDA407406B6F8C3DBE00D42F41.d.348253207A90A264C8DB5FA6D463838C.e.675/text HTTP/1.1" 200 0
DEBUG    selenium.webdriver.remote.remote_connection:remote_connection.py:329 Remote response: status=200 | data={"value":"UI Test"} | headers=HTTPHeaderDict({'content-length': '19', 'content-type': 'application/json; charset=utf-8', 'cache-control': 'no-cache'})
DEBUG    selenium.webdriver.remote.remote_connection:remote_connection.py:356 Finished Request
DEBUG    selenium.webdriver.remote.remote_connection:remote_connection.py:313 POST http://selenium-hub:4444/wd/hub/session/3113c0127527982047c2c0cbec19f22b/element/f.98D246DDA407406B6F8C3DBE00D42F41.d.348253207A90A264C8DB5FA6D463838C.e.493/element {"using": "css selector", "value": "div[data-testid='note-card-title']"}
DEBUG    urllib3.connectionpool:connectionpool.py:544 http://selenium-hub:4444 "POST /wd/hub/session/3113c0127527982047c2c0cbec19f22b/element/f.98D246DDA407406B6F8C3DBE00D42F41.d.348253207A90A264C8DB5FA6D463838C.e.493/element HTTP/1.1" 200 0
DEBUG    selenium.webdriver.remote.remote_connection:remote_connection.py:329 Remote response: status=200 | data={"value":{"element-6066-11e4-a52e-4f735466cecf":"f.98D246DDA407406B6F8C3DBE00D42F41.d.348253207A90A264C8DB5FA6D463838C.e.676"}} | headers=HTTPHeaderDict({'content-length': '127', 'content-type': 'application/json; charset=utf-8', 'cache-control': 'no-cache'})
DEBUG    selenium.webdriver.remote.remote_connection:remote_connection.py:356 Finished Request
DEBUG    selenium.webdriver.remote.remote_connection:remote_connection.py:313 GET http://selenium-hub:4444/wd/hub/session/3113c0127527982047c2c0cbec19f22b/element/f.98D246DDA407406B6F8C3DBE00D42F41.d.348253207A90A264C8DB5FA6D463838C.e.676/text {}
DEBUG    urllib3.connectionpool:connectionpool.py:544 http://selenium-hub:4444 "GET /wd/hub/session/3113c0127527982047c2c0cbec19f22b/element/f.98D246DDA407406B6F8C3DBE00D42F41.d.348253207A90A264C8DB5FA6D463838C.e.676/text HTTP/1.1" 200 0
DEBUG    selenium.webdriver.remote.remote_connection:remote_connection.py:329 Remote response: status=200 | data={"value":"API E2E 1778181770"} | headers=HTTPHeaderDict({'content-length': '30', 'content-type': 'application/json; charset=utf-8', 'cache-control': 'no-cache'})
DEBUG    selenium.webdriver.remote.remote_connection:remote_connection.py:356 Finished Request
DEBUG    selenium.webdriver.remote.remote_connection:remote_connection.py:313 POST http://selenium-hub:4444/wd/hub/session/3113c0127527982047c2c0cbec19f22b/element/f.98D246DDA407406B6F8C3DBE00D42F41.d.348253207A90A264C8DB5FA6D463838C.e.494/element {"using": "css selector", "value": "div[data-testid='note-card-title']"}
DEBUG    urllib3.connectionpool:connectionpool.py:544 http://selenium-hub:4444 "POST /wd/hub/session/3113c0127527982047c2c0cbec19f22b/element/f.98D246DDA407406B6F8C3DBE00D42F41.d.348253207A90A264C8DB5FA6D463838C.e.494/element HTTP/1.1" 200 0
DEBUG    selenium.webdriver.remote.remote_connection:remote_connection.py:329 Remote response: status=200 | data={"value":{"element-6066-11e4-a52e-4f735466cecf":"f.98D246DDA407406B6F8C3DBE00D42F41.d.348253207A90A264C8DB5FA6D463838C.e.677"}} | headers=HTTPHeaderDict({'content-length': '127', 'content-type': 'application/json; charset=utf-8', 'cache-control': 'no-cache'})
DEBUG    selenium.webdriver.remote.remote_connection:remote_connection.py:356 Finished Request
DEBUG    selenium.webdriver.remote.remote_connection:remote_connection.py:313 GET http://selenium-hub:4444/wd/hub/session/3113c0127527982047c2c0cbec19f22b/element/f.98D246DDA407406B6F8C3DBE00D42F41.d.348253207A90A264C8DB5FA6D463838C.e.677/text {}
DEBUG    urllib3.connectionpool:connectionpool.py:544 http://selenium-hub:4444 "GET /wd/hub/session/3113c0127527982047c2c0cbec19f22b/element/f.98D246DDA407406B6F8C3DBE00D42F41.d.348253207A90A264C8DB5FA6D463838C.e.677/text HTTP/1.1" 200 0
DEBUG    selenium.webdriver.remote.remote_connection:remote_connection.py:329 Remote response: status=200 | data={"value":"E2E Title"} | headers=HTTPHeaderDict({'content-length': '21', 'content-type': 'application/json; charset=utf-8', 'cache-control': 'no-cache'})
DEBUG    selenium.webdriver.remote.remote_connection:remote_connection.py:356 Finished Request
DEBUG    selenium.webdriver.remote.remote_connection:remote_connection.py:313 POST http://selenium-hub:4444/wd/hub/session/3113c0127527982047c2c0cbec19f22b/element/f.98D246DDA407406B6F8C3DBE00D42F41.d.348253207A90A264C8DB5FA6D463838C.e.495/element {"using": "css selector", "value": "div[data-testid='note-card-title']"}
DEBUG    urllib3.connectionpool:connectionpool.py:544 http://selenium-hub:4444 "POST /wd/hub/session/3113c0127527982047c2c0cbec19f22b/element/f.98D246DDA407406B6F8C3DBE00D42F41.d.348253207A90A264C8DB5FA6D463838C.e.495/element HTTP/1.1" 200 0
DEBUG    selenium.webdriver.remote.remote_connection:remote_connection.py:329 Remote response: status=200 | data={"value":{"element-6066-11e4-a52e-4f735466cecf":"f.98D246DDA407406B6F8C3DBE00D42F41.d.348253207A90A264C8DB5FA6D463838C.e.678"}} | headers=HTTPHeaderDict({'content-length': '127', 'content-type': 'application/json; charset=utf-8', 'cache-control': 'no-cache'})
DEBUG    selenium.webdriver.remote.remote_connection:remote_connection.py:356 Finished Request
DEBUG    selenium.webdriver.remote.remote_connection:remote_connection.py:313 GET http://selenium-hub:4444/wd/hub/session/3113c0127527982047c2c0cbec19f22b/element/f.98D246DDA407406B6F8C3DBE00D42F41.d.348253207A90A264C8DB5FA6D463838C.e.678/text {}
DEBUG    urllib3.connectionpool:connectionpool.py:544 http://selenium-hub:4444 "GET /wd/hub/session/3113c0127527982047c2c0cbec19f22b/element/f.98D246DDA407406B6F8C3DBE00D42F41.d.348253207A90A264C8DB5FA6D463838C.e.678/text HTTP/1.1" 200 0
DEBUG    selenium.webdriver.remote.remote_connection:remote_connection.py:329 Remote response: status=200 | data={"value":"UI Test"} | headers=HTTPHeaderDict({'content-length': '19', 'content-type': 'application/json; charset=utf-8', 'cache-control': 'no-cache'})
DEBUG    selenium.webdriver.remote.remote_connection:remote_connection.py:356 Finished Request
DEBUG    selenium.webdriver.remote.remote_connection:remote_connection.py:313 POST http://selenium-hub:4444/wd/hub/session/3113c0127527982047c2c0cbec19f22b/element/f.98D246DDA407406B6F8C3DBE00D42F41.d.348253207A90A264C8DB5FA6D463838C.e.496/element {"using": "css selector", "value": "div[data-testid='note-card-title']"}
DEBUG    urllib3.connectionpool:connectionpool.py:544 http://selenium-hub:4444 "POST /wd/hub/session/3113c0127527982047c2c0cbec19f22b/element/f.98D246DDA407406B6F8C3DBE00D42F41.d.348253207A90A264C8DB5FA6D463838C.e.496/element HTTP/1.1" 200 0
DEBUG    selenium.webdriver.remote.remote_connection:remote_connection.py:329 Remote response: status=200 | data={"value":{"element-6066-11e4-a52e-4f735466cecf":"f.98D246DDA407406B6F8C3DBE00D42F41.d.348253207A90A264C8DB5FA6D463838C.e.679"}} | headers=HTTPHeaderDict({'content-length': '127', 'content-type': 'application/json; charset=utf-8', 'cache-control': 'no-cache'})
DEBUG    selenium.webdriver.remote.remote_connection:remote_connection.py:356 Finished Request
DEBUG    selenium.webdriver.remote.remote_connection:remote_connection.py:313 GET http://selenium-hub:4444/wd/hub/session/3113c0127527982047c2c0cbec19f22b/element/f.98D246DDA407406B6F8C3DBE00D42F41.d.348253207A90A264C8DB5FA6D463838C.e.679/text {}
DEBUG    urllib3.connectionpool:connectionpool.py:544 http://selenium-hub:4444 "GET /wd/hub/session/3113c0127527982047c2c0cbec19f22b/element/f.98D246DDA407406B6F8C3DBE00D42F41.d.348253207A90A264C8DB5FA6D463838C.e.679/text HTTP/1.1" 200 0
DEBUG    selenium.webdriver.remote.remote_connection:remote_connection.py:329 Remote response: status=200 | data={"value":"Delete Note 1778181080"} | headers=HTTPHeaderDict({'content-length': '34', 'content-type': 'application/json; charset=utf-8', 'cache-control': 'no-cache'})
DEBUG    selenium.webdriver.remote.remote_connection:remote_connection.py:356 Finished Request
DEBUG    selenium.webdriver.remote.remote_connection:remote_connection.py:313 POST http://selenium-hub:4444/wd/hub/session/3113c0127527982047c2c0cbec19f22b/element/f.98D246DDA407406B6F8C3DBE00D42F41.d.348253207A90A264C8DB5FA6D463838C.e.497/element {"using": "css selector", "value": "div[data-testid='note-card-title']"}
DEBUG    urllib3.connectionpool:connectionpool.py:544 http://selenium-hub:4444 "POST /wd/hub/session/3113c0127527982047c2c0cbec19f22b/element/f.98D246DDA407406B6F8C3DBE00D42F41.d.348253207A90A264C8DB5FA6D463838C.e.497/element HTTP/1.1" 200 0
DEBUG    selenium.webdriver.remote.remote_connection:remote_connection.py:329 Remote response: status=200 | data={"value":{"element-6066-11e4-a52e-4f735466cecf":"f.98D246DDA407406B6F8C3DBE00D42F41.d.348253207A90A264C8DB5FA6D463838C.e.680"}} | headers=HTTPHeaderDict({'content-length': '127', 'content-type': 'application/json; charset=utf-8', 'cache-control': 'no-cache'})
DEBUG    selenium.webdriver.remote.remote_connection:remote_connection.py:356 Finished Request
DEBUG    selenium.webdriver.remote.remote_connection:remote_connection.py:313 GET http://selenium-hub:4444/wd/hub/session/3113c0127527982047c2c0cbec19f22b/element/f.98D246DDA407406B6F8C3DBE00D42F41.d.348253207A90A264C8DB5FA6D463838C.e.680/text {}
DEBUG    urllib3.connectionpool:connectionpool.py:544 http://selenium-hub:4444 "GET /wd/hub/session/3113c0127527982047c2c0cbec19f22b/element/f.98D246DDA407406B6F8C3DBE00D42F41.d.348253207A90A264C8DB5FA6D463838C.e.680/text HTTP/1.1" 200 0
DEBUG    selenium.webdriver.remote.remote_connection:remote_connection.py:329 Remote response: status=200 | data={"value":"Delete Note 1778181058"} | headers=HTTPHeaderDict({'content-length': '34', 'content-type': 'application/json; charset=utf-8', 'cache-control': 'no-cache'})
DEBUG    selenium.webdriver.remote.remote_connection:remote_connection.py:356 Finished Request
DEBUG    selenium.webdriver.remote.remote_connection:remote_connection.py:313 POST http://selenium-hub:4444/wd/hub/session/3113c0127527982047c2c0cbec19f22b/element/f.98D246DDA407406B6F8C3DBE00D42F41.d.348253207A90A264C8DB5FA6D463838C.e.498/element {"using": "css selector", "value": "div[data-testid='note-card-title']"}
DEBUG    urllib3.connectionpool:connectionpool.py:544 http://selenium-hub:4444 "POST /wd/hub/session/3113c0127527982047c2c0cbec19f22b/element/f.98D246DDA407406B6F8C3DBE00D42F41.d.348253207A90A264C8DB5FA6D463838C.e.498/element HTTP/1.1" 200 0
DEBUG    selenium.webdriver.remote.remote_connection:remote_connection.py:329 Remote response: status=200 | data={"value":{"element-6066-11e4-a52e-4f735466cecf":"f.98D246DDA407406B6F8C3DBE00D42F41.d.348253207A90A264C8DB5FA6D463838C.e.681"}} | headers=HTTPHeaderDict({'content-length': '127', 'content-type': 'application/json; charset=utf-8', 'cache-control': 'no-cache'})
DEBUG    selenium.webdriver.remote.remote_connection:remote_connection.py:356 Finished Request
DEBUG    selenium.webdriver.remote.remote_connection:remote_connection.py:313 GET http://selenium-hub:4444/wd/hub/session/3113c0127527982047c2c0cbec19f22b/element/f.98D246DDA407406B6F8C3DBE00D42F41.d.348253207A90A264C8DB5FA6D463838C.e.681/text {}
DEBUG    urllib3.connectionpool:connectionpool.py:544 http://selenium-hub:4444 "GET /wd/hub/session/3113c0127527982047c2c0cbec19f22b/element/f.98D246DDA407406B6F8C3DBE00D42F41.d.348253207A90A264C8DB5FA6D463838C.e.681/text HTTP/1.1" 200 0
DEBUG    selenium.webdriver.remote.remote_connection:remote_connection.py:329 Remote response: status=200 | data={"value":"Delete Note 1778181035"} | headers=HTTPHeaderDict({'content-length': '34', 'content-type': 'application/json; charset=utf-8', 'cache-control': 'no-cache'})
DEBUG    selenium.webdriver.remote.remote_connection:remote_connection.py:356 Finished Request
DEBUG    selenium.webdriver.remote.remote_connection:remote_connection.py:313 POST http://selenium-hub:4444/wd/hub/session/3113c0127527982047c2c0cbec19f22b/element/f.98D246DDA407406B6F8C3DBE00D42F41.d.348253207A90A264C8DB5FA6D463838C.e.499/element {"using": "css selector", "value": "div[data-testid='note-card-title']"}
DEBUG    urllib3.connectionpool:connectionpool.py:544 http://selenium-hub:4444 "POST /wd/hub/session/3113c0127527982047c2c0cbec19f22b/element/f.98D246DDA407406B6F8C3DBE00D42F41.d.348253207A90A264C8DB5FA6D463838C.e.499/element HTTP/1.1" 200 0
DEBUG    selenium.webdriver.remote.remote_connection:remote_connection.py:329 Remote response: status=200 | data={"value":{"element-6066-11e4-a52e-4f735466cecf":"f.98D246DDA407406B6F8C3DBE00D42F41.d.348253207A90A264C8DB5FA6D463838C.e.682"}} | headers=HTTPHeaderDict({'content-length': '127', 'content-type': 'application/json; charset=utf-8', 'cache-control': 'no-cache'})
DEBUG    selenium.webdriver.remote.remote_connection:remote_connection.py:356 Finished Request
DEBUG    selenium.webdriver.remote.remote_connection:remote_connection.py:313 GET http://selenium-hub:4444/wd/hub/session/3113c0127527982047c2c0cbec19f22b/element/f.98D246DDA407406B6F8C3DBE00D42F41.d.348253207A90A264C8DB5FA6D463838C.e.682/text {}
DEBUG    urllib3.connectionpool:connectionpool.py:544 http://selenium-hub:4444 "GET /wd/hub/session/3113c0127527982047c2c0cbec19f22b/element/f.98D246DDA407406B6F8C3DBE00D42F41.d.348253207A90A264C8DB5FA6D463838C.e.682/text HTTP/1.1" 200 0
DEBUG    selenium.webdriver.remote.remote_connection:remote_connection.py:329 Remote response: status=200 | data={"value":"Delete Test 1778181011"} | headers=HTTPHeaderDict({'content-length': '34', 'content-type': 'application/json; charset=utf-8', 'cache-control': 'no-cache'})
DEBUG    selenium.webdriver.remote.remote_connection:remote_connection.py:356 Finished Request
DEBUG    selenium.webdriver.remote.remote_connection:remote_connection.py:313 POST http://selenium-hub:4444/wd/hub/session/3113c0127527982047c2c0cbec19f22b/element/f.98D246DDA407406B6F8C3DBE00D42F41.d.348253207A90A264C8DB5FA6D463838C.e.500/element {"using": "css selector", "value": "div[data-testid='note-card-title']"}
DEBUG    urllib3.connectionpool:connectionpool.py:544 http://selenium-hub:4444 "POST /wd/hub/session/3113c0127527982047c2c0cbec19f22b/element/f.98D246DDA407406B6F8C3DBE00D42F41.d.348253207A90A264C8DB5FA6D463838C.e.500/element HTTP/1.1" 200 0
DEBUG    selenium.webdriver.remote.remote_connection:remote_connection.py:329 Remote response: status=200 | data={"value":{"element-6066-11e4-a52e-4f735466cecf":"f.98D246DDA407406B6F8C3DBE00D42F41.d.348253207A90A264C8DB5FA6D463838C.e.683"}} | headers=HTTPHeaderDict({'content-length': '127', 'content-type': 'application/json; charset=utf-8', 'cache-control': 'no-cache'})
DEBUG    selenium.webdriver.remote.remote_connection:remote_connection.py:356 Finished Request
DEBUG    selenium.webdriver.remote.remote_connection:remote_connection.py:313 GET http://selenium-hub:4444/wd/hub/session/3113c0127527982047c2c0cbec19f22b/element/f.98D246DDA407406B6F8C3DBE00D42F41.d.348253207A90A264C8DB5FA6D463838C.e.683/text {}
DEBUG    urllib3.connectionpool:connectionpool.py:544 http://selenium-hub:4444 "GET /wd/hub/session/3113c0127527982047c2c0cbec19f22b/element/f.98D246DDA407406B6F8C3DBE00D42F41.d.348253207A90A264C8DB5FA6D463838C.e.683/text HTTP/1.1" 200 0
DEBUG    selenium.webdriver.remote.remote_connection:remote_connection.py:329 Remote response: status=200 | data={"value":"Delete Test 1778180971"} | headers=HTTPHeaderDict({'content-length': '34', 'content-type': 'application/json; charset=utf-8', 'cache-control': 'no-cache'})
DEBUG    selenium.webdriver.remote.remote_connection:remote_connection.py:356 Finished Request
DEBUG    selenium.webdriver.remote.remote_connection:remote_connection.py:313 POST http://selenium-hub:4444/wd/hub/session/3113c0127527982047c2c0cbec19f22b/element/f.98D246DDA407406B6F8C3DBE00D42F41.d.348253207A90A264C8DB5FA6D463838C.e.501/element {"using": "css selector", "value": "div[data-testid='note-card-title']"}
DEBUG    urllib3.connectionpool:connectionpool.py:544 http://selenium-hub:4444 "POST /wd/hub/session/3113c0127527982047c2c0cbec19f22b/element/f.98D246DDA407406B6F8C3DBE00D42F41.d.348253207A90A264C8DB5FA6D463838C.e.501/element HTTP/1.1" 200 0
DEBUG    selenium.webdriver.remote.remote_connection:remote_connection.py:329 Remote response: status=200 | data={"value":{"element-6066-11e4-a52e-4f735466cecf":"f.98D246DDA407406B6F8C3DBE00D42F41.d.348253207A90A264C8DB5FA6D463838C.e.684"}} | headers=HTTPHeaderDict({'content-length': '127', 'content-type': 'application/json; charset=utf-8', 'cache-control': 'no-cache'})
DEBUG    selenium.webdriver.remote.remote_connection:remote_connection.py:356 Finished Request
DEBUG    selenium.webdriver.remote.remote_connection:remote_connection.py:313 GET http://selenium-hub:4444/wd/hub/session/3113c0127527982047c2c0cbec19f22b/element/f.98D246DDA407406B6F8C3DBE00D42F41.d.348253207A90A264C8DB5FA6D463838C.e.684/text {}
DEBUG    urllib3.connectionpool:connectionpool.py:544 http://selenium-hub:4444 "GET /wd/hub/session/3113c0127527982047c2c0cbec19f22b/element/f.98D246DDA407406B6F8C3DBE00D42F41.d.348253207A90A264C8DB5FA6D463838C.e.684/text HTTP/1.1" 200 0
DEBUG    selenium.webdriver.remote.remote_connection:remote_connection.py:329 Remote response: status=200 | data={"value":"Delete Test 1778180942"} | headers=HTTPHeaderDict({'content-length': '34', 'content-type': 'application/json; charset=utf-8', 'cache-control': 'no-cache'})
DEBUG    selenium.webdriver.remote.remote_connection:remote_connection.py:356 Finished Request
DEBUG    selenium.webdriver.remote.remote_connection:remote_connection.py:313 POST http://selenium-hub:4444/wd/hub/session/3113c0127527982047c2c0cbec19f22b/element/f.98D246DDA407406B6F8C3DBE00D42F41.d.348253207A90A264C8DB5FA6D463838C.e.502/element {"using": "css selector", "value": "div[data-testid='note-card-title']"}
DEBUG    urllib3.connectionpool:connectionpool.py:544 http://selenium-hub:4444 "POST /wd/hub/session/3113c0127527982047c2c0cbec19f22b/element/f.98D246DDA407406B6F8C3DBE00D42F41.d.348253207A90A264C8DB5FA6D463838C.e.502/element HTTP/1.1" 200 0
DEBUG    selenium.webdriver.remote.remote_connection:remote_connection.py:329 Remote response: status=200 | data={"value":{"element-6066-11e4-a52e-4f735466cecf":"f.98D246DDA407406B6F8C3DBE00D42F41.d.348253207A90A264C8DB5FA6D463838C.e.685"}} | headers=HTTPHeaderDict({'content-length': '127', 'content-type': 'application/json; charset=utf-8', 'cache-control': 'no-cache'})
DEBUG    selenium.webdriver.remote.remote_connection:remote_connection.py:356 Finished Request
DEBUG    selenium.webdriver.remote.remote_connection:remote_connection.py:313 GET http://selenium-hub:4444/wd/hub/session/3113c0127527982047c2c0cbec19f22b/element/f.98D246DDA407406B6F8C3DBE00D42F41.d.348253207A90A264C8DB5FA6D463838C.e.685/text {}
DEBUG    urllib3.connectionpool:connectionpool.py:544 http://selenium-hub:4444 "GET /wd/hub/session/3113c0127527982047c2c0cbec19f22b/element/f.98D246DDA407406B6F8C3DBE00D42F41.d.348253207A90A264C8DB5FA6D463838C.e.685/text HTTP/1.1" 200 0
DEBUG    selenium.webdriver.remote.remote_connection:remote_connection.py:329 Remote response: status=200 | data={"value":"API E2E 1778180905"} | headers=HTTPHeaderDict({'content-length': '30', 'content-type': 'application/json; charset=utf-8', 'cache-control': 'no-cache'})
DEBUG    selenium.webdriver.remote.remote_connection:remote_connection.py:356 Finished Request
DEBUG    selenium.webdriver.remote.remote_connection:remote_connection.py:313 POST http://selenium-hub:4444/wd/hub/session/3113c0127527982047c2c0cbec19f22b/element/f.98D246DDA407406B6F8C3DBE00D42F41.d.348253207A90A264C8DB5FA6D463838C.e.503/element {"using": "css selector", "value": "div[data-testid='note-card-title']"}
DEBUG    urllib3.connectionpool:connectionpool.py:544 http://selenium-hub:4444 "POST /wd/hub/session/3113c0127527982047c2c0cbec19f22b/element/f.98D246DDA407406B6F8C3DBE00D42F41.d.348253207A90A264C8DB5FA6D463838C.e.503/element HTTP/1.1" 200 0
DEBUG    selenium.webdriver.remote.remote_connection:remote_connection.py:329 Remote response: status=200 | data={"value":{"element-6066-11e4-a52e-4f735466cecf":"f.98D246DDA407406B6F8C3DBE00D42F41.d.348253207A90A264C8DB5FA6D463838C.e.686"}} | headers=HTTPHeaderDict({'content-length': '127', 'content-type': 'application/json; charset=utf-8', 'cache-control': 'no-cache'})
DEBUG    selenium.webdriver.remote.remote_connection:remote_connection.py:356 Finished Request
DEBUG    selenium.webdriver.remote.remote_connection:remote_connection.py:313 GET http://selenium-hub:4444/wd/hub/session/3113c0127527982047c2c0cbec19f22b/element/f.98D246DDA407406B6F8C3DBE00D42F41.d.348253207A90A264C8DB5FA6D463838C.e.686/text {}
DEBUG    urllib3.connectionpool:connectionpool.py:544 http://selenium-hub:4444 "GET /wd/hub/session/3113c0127527982047c2c0cbec19f22b/element/f.98D246DDA407406B6F8C3DBE00D42F41.d.348253207A90A264C8DB5FA6D463838C.e.686/text HTTP/1.1" 200 0
DEBUG    selenium.webdriver.remote.remote_connection:remote_connection.py:329 Remote response: status=200 | data={"value":"E2E Title"} | headers=HTTPHeaderDict({'content-length': '21', 'content-type': 'application/json; charset=utf-8', 'cache-control': 'no-cache'})
DEBUG    selenium.webdriver.remote.remote_connection:remote_connection.py:356 Finished Request
DEBUG    selenium.webdriver.remote.remote_connection:remote_connection.py:313 POST http://selenium-hub:4444/wd/hub/session/3113c0127527982047c2c0cbec19f22b/element/f.98D246DDA407406B6F8C3DBE00D42F41.d.348253207A90A264C8DB5FA6D463838C.e.504/element {"using": "css selector", "value": "div[data-testid='note-card-title']"}
DEBUG    urllib3.connectionpool:connectionpool.py:544 http://selenium-hub:4444 "POST /wd/hub/session/3113c0127527982047c2c0cbec19f22b/element/f.98D246DDA407406B6F8C3DBE00D42F41.d.348253207A90A264C8DB5FA6D463838C.e.504/element HTTP/1.1" 200 0
DEBUG    selenium.webdriver.remote.remote_connection:remote_connection.py:329 Remote response: status=200 | data={"value":{"element-6066-11e4-a52e-4f735466cecf":"f.98D246DDA407406B6F8C3DBE00D42F41.d.348253207A90A264C8DB5FA6D463838C.e.687"}} | headers=HTTPHeaderDict({'content-length': '127', 'content-type': 'application/json; charset=utf-8', 'cache-control': 'no-cache'})
DEBUG    selenium.webdriver.remote.remote_connection:remote_connection.py:356 Finished Request
DEBUG    selenium.webdriver.remote.remote_connection:remote_connection.py:313 GET http://selenium-hub:4444/wd/hub/session/3113c0127527982047c2c0cbec19f22b/element/f.98D246DDA407406B6F8C3DBE00D42F41.d.348253207A90A264C8DB5FA6D463838C.e.687/text {}
DEBUG    urllib3.connectionpool:connectionpool.py:544 http://selenium-hub:4444 "GET /wd/hub/session/3113c0127527982047c2c0cbec19f22b/element/f.98D246DDA407406B6F8C3DBE00D42F41.d.348253207A90A264C8DB5FA6D463838C.e.687/text HTTP/1.1" 200 0
DEBUG    selenium.webdriver.remote.remote_connection:remote_connection.py:329 Remote response: status=200 | data={"value":"UI Test"} | headers=HTTPHeaderDict({'content-length': '19', 'content-type': 'application/json; charset=utf-8', 'cache-control': 'no-cache'})
DEBUG    selenium.webdriver.remote.remote_connection:remote_connection.py:356 Finished Request
DEBUG    selenium.webdriver.remote.remote_connection:remote_connection.py:313 POST http://selenium-hub:4444/wd/hub/session/3113c0127527982047c2c0cbec19f22b/element/f.98D246DDA407406B6F8C3DBE00D42F41.d.348253207A90A264C8DB5FA6D463838C.e.505/element {"using": "css selector", "value": "div[data-testid='note-card-title']"}
DEBUG    urllib3.connectionpool:connectionpool.py:544 http://selenium-hub:4444 "POST /wd/hub/session/3113c0127527982047c2c0cbec19f22b/element/f.98D246DDA407406B6F8C3DBE00D42F41.d.348253207A90A264C8DB5FA6D463838C.e.505/element HTTP/1.1" 200 0
DEBUG    selenium.webdriver.remote.remote_connection:remote_connection.py:329 Remote response: status=200 | data={"value":{"element-6066-11e4-a52e-4f735466cecf":"f.98D246DDA407406B6F8C3DBE00D42F41.d.348253207A90A264C8DB5FA6D463838C.e.688"}} | headers=HTTPHeaderDict({'content-length': '127', 'content-type': 'application/json; charset=utf-8', 'cache-control': 'no-cache'})
DEBUG    selenium.webdriver.remote.remote_connection:remote_connection.py:356 Finished Request
DEBUG    selenium.webdriver.remote.remote_connection:remote_connection.py:313 GET http://selenium-hub:4444/wd/hub/session/3113c0127527982047c2c0cbec19f22b/element/f.98D246DDA407406B6F8C3DBE00D42F41.d.348253207A90A264C8DB5FA6D463838C.e.688/text {}
DEBUG    urllib3.connectionpool:connectionpool.py:544 http://selenium-hub:4444 "GET /wd/hub/session/3113c0127527982047c2c0cbec19f22b/element/f.98D246DDA407406B6F8C3DBE00D42F41.d.348253207A90A264C8DB5FA6D463838C.e.688/text HTTP/1.1" 200 0
DEBUG    selenium.webdriver.remote.remote_connection:remote_connection.py:329 Remote response: status=200 | data={"value":"Delete Test 1778179836"} | headers=HTTPHeaderDict({'content-length': '34', 'content-type': 'application/json; charset=utf-8', 'cache-control': 'no-cache'})
DEBUG    selenium.webdriver.remote.remote_connection:remote_connection.py:356 Finished Request
DEBUG    selenium.webdriver.remote.remote_connection:remote_connection.py:313 POST http://selenium-hub:4444/wd/hub/session/3113c0127527982047c2c0cbec19f22b/element/f.98D246DDA407406B6F8C3DBE00D42F41.d.348253207A90A264C8DB5FA6D463838C.e.506/element {"using": "css selector", "value": "div[data-testid='note-card-title']"}
DEBUG    urllib3.connectionpool:connectionpool.py:544 http://selenium-hub:4444 "POST /wd/hub/session/3113c0127527982047c2c0cbec19f22b/element/f.98D246DDA407406B6F8C3DBE00D42F41.d.348253207A90A264C8DB5FA6D463838C.e.506/element HTTP/1.1" 200 0
DEBUG    selenium.webdriver.remote.remote_connection:remote_connection.py:329 Remote response: status=200 | data={"value":{"element-6066-11e4-a52e-4f735466cecf":"f.98D246DDA407406B6F8C3DBE00D42F41.d.348253207A90A264C8DB5FA6D463838C.e.689"}} | headers=HTTPHeaderDict({'content-length': '127', 'content-type': 'application/json; charset=utf-8', 'cache-control': 'no-cache'})
DEBUG    selenium.webdriver.remote.remote_connection:remote_connection.py:356 Finished Request
DEBUG    selenium.webdriver.remote.remote_connection:remote_connection.py:313 GET http://selenium-hub:4444/wd/hub/session/3113c0127527982047c2c0cbec19f22b/element/f.98D246DDA407406B6F8C3DBE00D42F41.d.348253207A90A264C8DB5FA6D463838C.e.689/text {}
DEBUG    urllib3.connectionpool:connectionpool.py:544 http://selenium-hub:4444 "GET /wd/hub/session/3113c0127527982047c2c0cbec19f22b/element/f.98D246DDA407406B6F8C3DBE00D42F41.d.348253207A90A264C8DB5FA6D463838C.e.689/text HTTP/1.1" 200 0
DEBUG    selenium.webdriver.remote.remote_connection:remote_connection.py:329 Remote response: status=200 | data={"value":"Delete Test 1778179816"} | headers=HTTPHeaderDict({'content-length': '34', 'content-type': 'application/json; charset=utf-8', 'cache-control': 'no-cache'})
DEBUG    selenium.webdriver.remote.remote_connection:remote_connection.py:356 Finished Request
DEBUG    selenium.webdriver.remote.remote_connection:remote_connection.py:313 POST http://selenium-hub:4444/wd/hub/session/3113c0127527982047c2c0cbec19f22b/element/f.98D246DDA407406B6F8C3DBE00D42F41.d.348253207A90A264C8DB5FA6D463838C.e.507/element {"using": "css selector", "value": "div[data-testid='note-card-title']"}
DEBUG    urllib3.connectionpool:connectionpool.py:544 http://selenium-hub:4444 "POST /wd/hub/session/3113c0127527982047c2c0cbec19f22b/element/f.98D246DDA407406B6F8C3DBE00D42F41.d.348253207A90A264C8DB5FA6D463838C.e.507/element HTTP/1.1" 200 0
DEBUG    selenium.webdriver.remote.remote_connection:remote_connection.py:329 Remote response: status=200 | data={"value":{"element-6066-11e4-a52e-4f735466cecf":"f.98D246DDA407406B6F8C3DBE00D42F41.d.348253207A90A264C8DB5FA6D463838C.e.690"}} | headers=HTTPHeaderDict({'content-length': '127', 'content-type': 'application/json; charset=utf-8', 'cache-control': 'no-cache'})
DEBUG    selenium.webdriver.remote.remote_connection:remote_connection.py:356 Finished Request
DEBUG    selenium.webdriver.remote.remote_connection:remote_connection.py:313 GET http://selenium-hub:4444/wd/hub/session/3113c0127527982047c2c0cbec19f22b/element/f.98D246DDA407406B6F8C3DBE00D42F41.d.348253207A90A264C8DB5FA6D463838C.e.690/text {}
DEBUG    urllib3.connectionpool:connectionpool.py:544 http://selenium-hub:4444 "GET /wd/hub/session/3113c0127527982047c2c0cbec19f22b/element/f.98D246DDA407406B6F8C3DBE00D42F41.d.348253207A90A264C8DB5FA6D463838C.e.690/text HTTP/1.1" 200 0
DEBUG    selenium.webdriver.remote.remote_connection:remote_connection.py:329 Remote response: status=200 | data={"value":"Delete Note 1778179816"} | headers=HTTPHeaderDict({'content-length': '34', 'content-type': 'application/json; charset=utf-8', 'cache-control': 'no-cache'})
DEBUG    selenium.webdriver.remote.remote_connection:remote_connection.py:356 Finished Request
DEBUG    selenium.webdriver.remote.remote_connection:remote_connection.py:313 POST http://selenium-hub:4444/wd/hub/session/3113c0127527982047c2c0cbec19f22b/element/f.98D246DDA407406B6F8C3DBE00D42F41.d.348253207A90A264C8DB5FA6D463838C.e.508/element {"using": "css selector", "value": "div[data-testid='note-card-title']"}
DEBUG    urllib3.connectionpool:connectionpool.py:544 http://selenium-hub:4444 "POST /wd/hub/session/3113c0127527982047c2c0cbec19f22b/element/f.98D246DDA407406B6F8C3DBE00D42F41.d.348253207A90A264C8DB5FA6D463838C.e.508/element HTTP/1.1" 200 0
DEBUG    selenium.webdriver.remote.remote_connection:remote_connection.py:329 Remote response: status=200 | data={"value":{"element-6066-11e4-a52e-4f735466cecf":"f.98D246DDA407406B6F8C3DBE00D42F41.d.348253207A90A264C8DB5FA6D463838C.e.691"}} | headers=HTTPHeaderDict({'content-length': '127', 'content-type': 'application/json; charset=utf-8', 'cache-control': 'no-cache'})
DEBUG    selenium.webdriver.remote.remote_connection:remote_connection.py:356 Finished Request
DEBUG    selenium.webdriver.remote.remote_connection:remote_connection.py:313 GET http://selenium-hub:4444/wd/hub/session/3113c0127527982047c2c0cbec19f22b/element/f.98D246DDA407406B6F8C3DBE00D42F41.d.348253207A90A264C8DB5FA6D463838C.e.691/text {}
DEBUG    urllib3.connectionpool:connectionpool.py:544 http://selenium-hub:4444 "GET /wd/hub/session/3113c0127527982047c2c0cbec19f22b/element/f.98D246DDA407406B6F8C3DBE00D42F41.d.348253207A90A264C8DB5FA6D463838C.e.691/text HTTP/1.1" 200 0
DEBUG    selenium.webdriver.remote.remote_connection:remote_connection.py:329 Remote response: status=200 | data={"value":"Delete Note 1778179796"} | headers=HTTPHeaderDict({'content-length': '34', 'content-type': 'application/json; charset=utf-8', 'cache-control': 'no-cache'})
DEBUG    selenium.webdriver.remote.remote_connection:remote_connection.py:356 Finished Request
DEBUG    selenium.webdriver.remote.remote_connection:remote_connection.py:313 POST http://selenium-hub:4444/wd/hub/session/3113c0127527982047c2c0cbec19f22b/element/f.98D246DDA407406B6F8C3DBE00D42F41.d.348253207A90A264C8DB5FA6D463838C.e.509/element {"using": "css selector", "value": "div[data-testid='note-card-title']"}
DEBUG    urllib3.connectionpool:connectionpool.py:544 http://selenium-hub:4444 "POST /wd/hub/session/3113c0127527982047c2c0cbec19f22b/element/f.98D246DDA407406B6F8C3DBE00D42F41.d.348253207A90A264C8DB5FA6D463838C.e.509/element HTTP/1.1" 200 0
DEBUG    selenium.webdriver.remote.remote_connection:remote_connection.py:329 Remote response: status=200 | data={"value":{"element-6066-11e4-a52e-4f735466cecf":"f.98D246DDA407406B6F8C3DBE00D42F41.d.348253207A90A264C8DB5FA6D463838C.e.692"}} | headers=HTTPHeaderDict({'content-length': '127', 'content-type': 'application/json; charset=utf-8', 'cache-control': 'no-cache'})
DEBUG    selenium.webdriver.remote.remote_connection:remote_connection.py:356 Finished Request
DEBUG    selenium.webdriver.remote.remote_connection:remote_connection.py:313 GET http://selenium-hub:4444/wd/hub/session/3113c0127527982047c2c0cbec19f22b/element/f.98D246DDA407406B6F8C3DBE00D42F41.d.348253207A90A264C8DB5FA6D463838C.e.692/text {}
DEBUG    urllib3.connectionpool:connectionpool.py:544 http://selenium-hub:4444 "GET /wd/hub/session/3113c0127527982047c2c0cbec19f22b/element/f.98D246DDA407406B6F8C3DBE00D42F41.d.348253207A90A264C8DB5FA6D463838C.e.692/text HTTP/1.1" 200 0
DEBUG    selenium.webdriver.remote.remote_connection:remote_connection.py:329 Remote response: status=200 | data={"value":"API E2E 1778179788"} | headers=HTTPHeaderDict({'content-length': '30', 'content-type': 'application/json; charset=utf-8', 'cache-control': 'no-cache'})
DEBUG    selenium.webdriver.remote.remote_connection:remote_connection.py:356 Finished Request
DEBUG    selenium.webdriver.remote.remote_connection:remote_connection.py:313 POST http://selenium-hub:4444/wd/hub/session/3113c0127527982047c2c0cbec19f22b/element/f.98D246DDA407406B6F8C3DBE00D42F41.d.348253207A90A264C8DB5FA6D463838C.e.510/element {"using": "css selector", "value": "div[data-testid='note-card-title']"}
DEBUG    urllib3.connectionpool:connectionpool.py:544 http://selenium-hub:4444 "POST /wd/hub/session/3113c0127527982047c2c0cbec19f22b/element/f.98D246DDA407406B6F8C3DBE00D42F41.d.348253207A90A264C8DB5FA6D463838C.e.510/element HTTP/1.1" 200 0
DEBUG    selenium.webdriver.remote.remote_connection:remote_connection.py:329 Remote response: status=200 | data={"value":{"element-6066-11e4-a52e-4f735466cecf":"f.98D246DDA407406B6F8C3DBE00D42F41.d.348253207A90A264C8DB5FA6D463838C.e.693"}} | headers=HTTPHeaderDict({'content-length': '127', 'content-type': 'application/json; charset=utf-8', 'cache-control': 'no-cache'})
DEBUG    selenium.webdriver.remote.remote_connection:remote_connection.py:356 Finished Request
DEBUG    selenium.webdriver.remote.remote_connection:remote_connection.py:313 GET http://selenium-hub:4444/wd/hub/session/3113c0127527982047c2c0cbec19f22b/element/f.98D246DDA407406B6F8C3DBE00D42F41.d.348253207A90A264C8DB5FA6D463838C.e.693/text {}
DEBUG    urllib3.connectionpool:connectionpool.py:544 http://selenium-hub:4444 "GET /wd/hub/session/3113c0127527982047c2c0cbec19f22b/element/f.98D246DDA407406B6F8C3DBE00D42F41.d.348253207A90A264C8DB5FA6D463838C.e.693/text HTTP/1.1" 200 0
DEBUG    selenium.webdriver.remote.remote_connection:remote_connection.py:329 Remote response: status=200 | data={"value":"E2E Title"} | headers=HTTPHeaderDict({'content-length': '21', 'content-type': 'application/json; charset=utf-8', 'cache-control': 'no-cache'})
DEBUG    selenium.webdriver.remote.remote_connection:remote_connection.py:356 Finished Request
DEBUG    selenium.webdriver.remote.remote_connection:remote_connection.py:313 POST http://selenium-hub:4444/wd/hub/session/3113c0127527982047c2c0cbec19f22b/element/f.98D246DDA407406B6F8C3DBE00D42F41.d.348253207A90A264C8DB5FA6D463838C.e.511/element {"using": "css selector", "value": "div[data-testid='note-card-title']"}
DEBUG    urllib3.connectionpool:connectionpool.py:544 http://selenium-hub:4444 "POST /wd/hub/session/3113c0127527982047c2c0cbec19f22b/element/f.98D246DDA407406B6F8C3DBE00D42F41.d.348253207A90A264C8DB5FA6D463838C.e.511/element HTTP/1.1" 200 0
DEBUG    selenium.webdriver.remote.remote_connection:remote_connection.py:329 Remote response: status=200 | data={"value":{"element-6066-11e4-a52e-4f735466cecf":"f.98D246DDA407406B6F8C3DBE00D42F41.d.348253207A90A264C8DB5FA6D463838C.e.694"}} | headers=HTTPHeaderDict({'content-length': '127', 'content-type': 'application/json; charset=utf-8', 'cache-control': 'no-cache'})
DEBUG    selenium.webdriver.remote.remote_connection:remote_connection.py:356 Finished Request
DEBUG    selenium.webdriver.remote.remote_connection:remote_connection.py:313 GET http://selenium-hub:4444/wd/hub/session/3113c0127527982047c2c0cbec19f22b/element/f.98D246DDA407406B6F8C3DBE00D42F41.d.348253207A90A264C8DB5FA6D463838C.e.694/text {}
DEBUG    urllib3.connectionpool:connectionpool.py:544 http://selenium-hub:4444 "GET /wd/hub/session/3113c0127527982047c2c0cbec19f22b/element/f.98D246DDA407406B6F8C3DBE00D42F41.d.348253207A90A264C8DB5FA6D463838C.e.694/text HTTP/1.1" 200 0
DEBUG    selenium.webdriver.remote.remote_connection:remote_connection.py:329 Remote response: status=200 | data={"value":"UI Test"} | headers=HTTPHeaderDict({'content-length': '19', 'content-type': 'application/json; charset=utf-8', 'cache-control': 'no-cache'})
DEBUG    selenium.webdriver.remote.remote_connection:remote_connection.py:356 Finished Request
DEBUG    selenium.webdriver.remote.remote_connection:remote_connection.py:313 POST http://selenium-hub:4444/wd/hub/session/3113c0127527982047c2c0cbec19f22b/element/f.98D246DDA407406B6F8C3DBE00D42F41.d.348253207A90A264C8DB5FA6D463838C.e.512/element {"using": "css selector", "value": "div[data-testid='note-card-title']"}
DEBUG    urllib3.connectionpool:connectionpool.py:544 http://selenium-hub:4444 "POST /wd/hub/session/3113c0127527982047c2c0cbec19f22b/element/f.98D246DDA407406B6F8C3DBE00D42F41.d.348253207A90A264C8DB5FA6D463838C.e.512/element HTTP/1.1" 200 0
DEBUG    selenium.webdriver.remote.remote_connection:remote_connection.py:329 Remote response: status=200 | data={"value":{"element-6066-11e4-a52e-4f735466cecf":"f.98D246DDA407406B6F8C3DBE00D42F41.d.348253207A90A264C8DB5FA6D463838C.e.695"}} | headers=HTTPHeaderDict({'content-length': '127', 'content-type': 'application/json; charset=utf-8', 'cache-control': 'no-cache'})
DEBUG    selenium.webdriver.remote.remote_connection:remote_connection.py:356 Finished Request
DEBUG    selenium.webdriver.remote.remote_connection:remote_connection.py:313 GET http://selenium-hub:4444/wd/hub/session/3113c0127527982047c2c0cbec19f22b/element/f.98D246DDA407406B6F8C3DBE00D42F41.d.348253207A90A264C8DB5FA6D463838C.e.695/text {}
DEBUG    urllib3.connectionpool:connectionpool.py:544 http://selenium-hub:4444 "GET /wd/hub/session/3113c0127527982047c2c0cbec19f22b/element/f.98D246DDA407406B6F8C3DBE00D42F41.d.348253207A90A264C8DB5FA6D463838C.e.695/text HTTP/1.1" 200 0
DEBUG    selenium.webdriver.remote.remote_connection:remote_connection.py:329 Remote response: status=200 | data={"value":"Delete Test 1778179540"} | headers=HTTPHeaderDict({'content-length': '34', 'content-type': 'application/json; charset=utf-8', 'cache-control': 'no-cache'})
DEBUG    selenium.webdriver.remote.remote_connection:remote_connection.py:356 Finished Request
DEBUG    selenium.webdriver.remote.remote_connection:remote_connection.py:313 POST http://selenium-hub:4444/wd/hub/session/3113c0127527982047c2c0cbec19f22b/element/f.98D246DDA407406B6F8C3DBE00D42F41.d.348253207A90A264C8DB5FA6D463838C.e.513/element {"using": "css selector", "value": "div[data-testid='note-card-title']"}
DEBUG    urllib3.connectionpool:connectionpool.py:544 http://selenium-hub:4444 "POST /wd/hub/session/3113c0127527982047c2c0cbec19f22b/element/f.98D246DDA407406B6F8C3DBE00D42F41.d.348253207A90A264C8DB5FA6D463838C.e.513/element HTTP/1.1" 200 0
DEBUG    selenium.webdriver.remote.remote_connection:remote_connection.py:329 Remote response: status=200 | data={"value":{"element-6066-11e4-a52e-4f735466cecf":"f.98D246DDA407406B6F8C3DBE00D42F41.d.348253207A90A264C8DB5FA6D463838C.e.696"}} | headers=HTTPHeaderDict({'content-length': '127', 'content-type': 'application/json; charset=utf-8', 'cache-control': 'no-cache'})
DEBUG    selenium.webdriver.remote.remote_connection:remote_connection.py:356 Finished Request
DEBUG    selenium.webdriver.remote.remote_connection:remote_connection.py:313 GET http://selenium-hub:4444/wd/hub/session/3113c0127527982047c2c0cbec19f22b/element/f.98D246DDA407406B6F8C3DBE00D42F41.d.348253207A90A264C8DB5FA6D463838C.e.696/text {}
DEBUG    urllib3.connectionpool:connectionpool.py:544 http://selenium-hub:4444 "GET /wd/hub/session/3113c0127527982047c2c0cbec19f22b/element/f.98D246DDA407406B6F8C3DBE00D42F41.d.348253207A90A264C8DB5FA6D463838C.e.696/text HTTP/1.1" 200 0
DEBUG    selenium.webdriver.remote.remote_connection:remote_connection.py:329 Remote response: status=200 | data={"value":"Delete Test 1778179522"} | headers=HTTPHeaderDict({'content-length': '34', 'content-type': 'application/json; charset=utf-8', 'cache-control': 'no-cache'})
DEBUG    selenium.webdriver.remote.remote_connection:remote_connection.py:356 Finished Request
DEBUG    selenium.webdriver.remote.remote_connection:remote_connection.py:313 POST http://selenium-hub:4444/wd/hub/session/3113c0127527982047c2c0cbec19f22b/element/f.98D246DDA407406B6F8C3DBE00D42F41.d.348253207A90A264C8DB5FA6D463838C.e.514/element {"using": "css selector", "value": "div[data-testid='note-card-title']"}
DEBUG    urllib3.connectionpool:connectionpool.py:544 http://selenium-hub:4444 "POST /wd/hub/session/3113c0127527982047c2c0cbec19f22b/element/f.98D246DDA407406B6F8C3DBE00D42F41.d.348253207A90A264C8DB5FA6D463838C.e.514/element HTTP/1.1" 200 0
DEBUG    selenium.webdriver.remote.remote_connection:remote_connection.py:329 Remote response: status=200 | data={"value":{"element-6066-11e4-a52e-4f735466cecf":"f.98D246DDA407406B6F8C3DBE00D42F41.d.348253207A90A264C8DB5FA6D463838C.e.697"}} | headers=HTTPHeaderDict({'content-length': '127', 'content-type': 'application/json; charset=utf-8', 'cache-control': 'no-cache'})
DEBUG    selenium.webdriver.remote.remote_connection:remote_connection.py:356 Finished Request
DEBUG    selenium.webdriver.remote.remote_connection:remote_connection.py:313 GET http://selenium-hub:4444/wd/hub/session/3113c0127527982047c2c0cbec19f22b/element/f.98D246DDA407406B6F8C3DBE00D42F41.d.348253207A90A264C8DB5FA6D463838C.e.697/text {}
DEBUG    urllib3.connectionpool:connectionpool.py:544 http://selenium-hub:4444 "GET /wd/hub/session/3113c0127527982047c2c0cbec19f22b/element/f.98D246DDA407406B6F8C3DBE00D42F41.d.348253207A90A264C8DB5FA6D463838C.e.697/text HTTP/1.1" 200 0
DEBUG    selenium.webdriver.remote.remote_connection:remote_connection.py:329 Remote response: status=200 | data={"value":"Delete Note 1778179503"} | headers=HTTPHeaderDict({'content-length': '34', 'content-type': 'application/json; charset=utf-8', 'cache-control': 'no-cache'})
DEBUG    selenium.webdriver.remote.remote_connection:remote_connection.py:356 Finished Request
DEBUG    selenium.webdriver.remote.remote_connection:remote_connection.py:313 POST http://selenium-hub:4444/wd/hub/session/3113c0127527982047c2c0cbec19f22b/element/f.98D246DDA407406B6F8C3DBE00D42F41.d.348253207A90A264C8DB5FA6D463838C.e.515/element {"using": "css selector", "value": "div[data-testid='note-card-title']"}
DEBUG    urllib3.connectionpool:connectionpool.py:544 http://selenium-hub:4444 "POST /wd/hub/session/3113c0127527982047c2c0cbec19f22b/element/f.98D246DDA407406B6F8C3DBE00D42F41.d.348253207A90A264C8DB5FA6D463838C.e.515/element HTTP/1.1" 200 0
DEBUG    selenium.webdriver.remote.remote_connection:remote_connection.py:329 Remote response: status=200 | data={"value":{"element-6066-11e4-a52e-4f735466cecf":"f.98D246DDA407406B6F8C3DBE00D42F41.d.348253207A90A264C8DB5FA6D463838C.e.698"}} | headers=HTTPHeaderDict({'content-length': '127', 'content-type': 'application/json; charset=utf-8', 'cache-control': 'no-cache'})
DEBUG    selenium.webdriver.remote.remote_connection:remote_connection.py:356 Finished Request
DEBUG    selenium.webdriver.remote.remote_connection:remote_connection.py:313 GET http://selenium-hub:4444/wd/hub/session/3113c0127527982047c2c0cbec19f22b/element/f.98D246DDA407406B6F8C3DBE00D42F41.d.348253207A90A264C8DB5FA6D463838C.e.698/text {}
DEBUG    urllib3.connectionpool:connectionpool.py:544 http://selenium-hub:4444 "GET /wd/hub/session/3113c0127527982047c2c0cbec19f22b/element/f.98D246DDA407406B6F8C3DBE00D42F41.d.348253207A90A264C8DB5FA6D463838C.e.698/text HTTP/1.1" 200 0
DEBUG    selenium.webdriver.remote.remote_connection:remote_connection.py:329 Remote response: status=200 | data={"value":"API E2E 1778179496"} | headers=HTTPHeaderDict({'content-length': '30', 'content-type': 'application/json; charset=utf-8', 'cache-control': 'no-cache'})
DEBUG    selenium.webdriver.remote.remote_connection:remote_connection.py:356 Finished Request
DEBUG    selenium.webdriver.remote.remote_connection:remote_connection.py:313 POST http://selenium-hub:4444/wd/hub/session/3113c0127527982047c2c0cbec19f22b/element/f.98D246DDA407406B6F8C3DBE00D42F41.d.348253207A90A264C8DB5FA6D463838C.e.516/element {"using": "css selector", "value": "div[data-testid='note-card-title']"}
DEBUG    urllib3.connectionpool:connectionpool.py:544 http://selenium-hub:4444 "POST /wd/hub/session/3113c0127527982047c2c0cbec19f22b/element/f.98D246DDA407406B6F8C3DBE00D42F41.d.348253207A90A264C8DB5FA6D463838C.e.516/element HTTP/1.1" 200 0
DEBUG    selenium.webdriver.remote.remote_connection:remote_connection.py:329 Remote response: status=200 | data={"value":{"element-6066-11e4-a52e-4f735466cecf":"f.98D246DDA407406B6F8C3DBE00D42F41.d.348253207A90A264C8DB5FA6D463838C.e.699"}} | headers=HTTPHeaderDict({'content-length': '127', 'content-type': 'application/json; charset=utf-8', 'cache-control': 'no-cache'})
DEBUG    selenium.webdriver.remote.remote_connection:remote_connection.py:356 Finished Request
DEBUG    selenium.webdriver.remote.remote_connection:remote_connection.py:313 GET http://selenium-hub:4444/wd/hub/session/3113c0127527982047c2c0cbec19f22b/element/f.98D246DDA407406B6F8C3DBE00D42F41.d.348253207A90A264C8DB5FA6D463838C.e.699/text {}
DEBUG    urllib3.connectionpool:connectionpool.py:544 http://selenium-hub:4444 "GET /wd/hub/session/3113c0127527982047c2c0cbec19f22b/element/f.98D246DDA407406B6F8C3DBE00D42F41.d.348253207A90A264C8DB5FA6D463838C.e.699/text HTTP/1.1" 200 0
DEBUG    selenium.webdriver.remote.remote_connection:remote_connection.py:329 Remote response: status=200 | data={"value":"API E2E 1778175347"} | headers=HTTPHeaderDict({'content-length': '30', 'content-type': 'application/json; charset=utf-8', 'cache-control': 'no-cache'})
DEBUG    selenium.webdriver.remote.remote_connection:remote_connection.py:356 Finished Request
DEBUG    selenium.webdriver.remote.remote_connection:remote_connection.py:313 POST http://selenium-hub:4444/wd/hub/session/3113c0127527982047c2c0cbec19f22b/element/f.98D246DDA407406B6F8C3DBE00D42F41.d.348253207A90A264C8DB5FA6D463838C.e.517/element {"using": "css selector", "value": "div[data-testid='note-card-title']"}
DEBUG    urllib3.connectionpool:connectionpool.py:544 http://selenium-hub:4444 "POST /wd/hub/session/3113c0127527982047c2c0cbec19f22b/element/f.98D246DDA407406B6F8C3DBE00D42F41.d.348253207A90A264C8DB5FA6D463838C.e.517/element HTTP/1.1" 200 0
DEBUG    selenium.webdriver.remote.remote_connection:remote_connection.py:329 Remote response: status=200 | data={"value":{"element-6066-11e4-a52e-4f735466cecf":"f.98D246DDA407406B6F8C3DBE00D42F41.d.348253207A90A264C8DB5FA6D463838C.e.700"}} | headers=HTTPHeaderDict({'content-length': '127', 'content-type': 'application/json; charset=utf-8', 'cache-control': 'no-cache'})
DEBUG    selenium.webdriver.remote.remote_connection:remote_connection.py:356 Finished Request
DEBUG    selenium.webdriver.remote.remote_connection:remote_connection.py:313 GET http://selenium-hub:4444/wd/hub/session/3113c0127527982047c2c0cbec19f22b/element/f.98D246DDA407406B6F8C3DBE00D42F41.d.348253207A90A264C8DB5FA6D463838C.e.700/text {}
DEBUG    urllib3.connectionpool:connectionpool.py:544 http://selenium-hub:4444 "GET /wd/hub/session/3113c0127527982047c2c0cbec19f22b/element/f.98D246DDA407406B6F8C3DBE00D42F41.d.348253207A90A264C8DB5FA6D463838C.e.700/text HTTP/1.1" 200 0
DEBUG    selenium.webdriver.remote.remote_connection:remote_connection.py:329 Remote response: status=200 | data={"value":"API E2E 1778175313"} | headers=HTTPHeaderDict({'content-length': '30', 'content-type': 'application/json; charset=utf-8', 'cache-control': 'no-cache'})
DEBUG    selenium.webdriver.remote.remote_connection:remote_connection.py:356 Finished Request
DEBUG    selenium.webdriver.remote.remote_connection:remote_connection.py:313 POST http://selenium-hub:4444/wd/hub/session/3113c0127527982047c2c0cbec19f22b/element/f.98D246DDA407406B6F8C3DBE00D42F41.d.348253207A90A264C8DB5FA6D463838C.e.518/element {"using": "css selector", "value": "div[data-testid='note-card-title']"}
DEBUG    urllib3.connectionpool:connectionpool.py:544 http://selenium-hub:4444 "POST /wd/hub/session/3113c0127527982047c2c0cbec19f22b/element/f.98D246DDA407406B6F8C3DBE00D42F41.d.348253207A90A264C8DB5FA6D463838C.e.518/element HTTP/1.1" 200 0
DEBUG    selenium.webdriver.remote.remote_connection:remote_connection.py:329 Remote response: status=200 | data={"value":{"element-6066-11e4-a52e-4f735466cecf":"f.98D246DDA407406B6F8C3DBE00D42F41.d.348253207A90A264C8DB5FA6D463838C.e.701"}} | headers=HTTPHeaderDict({'content-length': '127', 'content-type': 'application/json; charset=utf-8', 'cache-control': 'no-cache'})
DEBUG    selenium.webdriver.remote.remote_connection:remote_connection.py:356 Finished Request
DEBUG    selenium.webdriver.remote.remote_connection:remote_connection.py:313 GET http://selenium-hub:4444/wd/hub/session/3113c0127527982047c2c0cbec19f22b/element/f.98D246DDA407406B6F8C3DBE00D42F41.d.348253207A90A264C8DB5FA6D463838C.e.701/text {}
DEBUG    urllib3.connectionpool:connectionpool.py:544 http://selenium-hub:4444 "GET /wd/hub/session/3113c0127527982047c2c0cbec19f22b/element/f.98D246DDA407406B6F8C3DBE00D42F41.d.348253207A90A264C8DB5FA6D463838C.e.701/text HTTP/1.1" 200 0
DEBUG    selenium.webdriver.remote.remote_connection:remote_connection.py:329 Remote response: status=200 | data={"value":"API E2E 1778175279"} | headers=HTTPHeaderDict({'content-length': '30', 'content-type': 'application/json; charset=utf-8', 'cache-control': 'no-cache'})
DEBUG    selenium.webdriver.remote.remote_connection:remote_connection.py:356 Finished Request
DEBUG    selenium.webdriver.remote.remote_connection:remote_connection.py:313 POST http://selenium-hub:4444/wd/hub/session/3113c0127527982047c2c0cbec19f22b/element/f.98D246DDA407406B6F8C3DBE00D42F41.d.348253207A90A264C8DB5FA6D463838C.e.519/element {"using": "css selector", "value": "div[data-testid='note-card-title']"}
DEBUG    urllib3.connectionpool:connectionpool.py:544 http://selenium-hub:4444 "POST /wd/hub/session/3113c0127527982047c2c0cbec19f22b/element/f.98D246DDA407406B6F8C3DBE00D42F41.d.348253207A90A264C8DB5FA6D463838C.e.519/element HTTP/1.1" 200 0
DEBUG    selenium.webdriver.remote.remote_connection:remote_connection.py:329 Remote response: status=200 | data={"value":{"element-6066-11e4-a52e-4f735466cecf":"f.98D246DDA407406B6F8C3DBE00D42F41.d.348253207A90A264C8DB5FA6D463838C.e.702"}} | headers=HTTPHeaderDict({'content-length': '127', 'content-type': 'application/json; charset=utf-8', 'cache-control': 'no-cache'})
DEBUG    selenium.webdriver.remote.remote_connection:remote_connection.py:356 Finished Request
DEBUG    selenium.webdriver.remote.remote_connection:remote_connection.py:313 GET http://selenium-hub:4444/wd/hub/session/3113c0127527982047c2c0cbec19f22b/element/f.98D246DDA407406B6F8C3DBE00D42F41.d.348253207A90A264C8DB5FA6D463838C.e.702/text {}
DEBUG    urllib3.connectionpool:connectionpool.py:544 http://selenium-hub:4444 "GET /wd/hub/session/3113c0127527982047c2c0cbec19f22b/element/f.98D246DDA407406B6F8C3DBE00D42F41.d.348253207A90A264C8DB5FA6D463838C.e.702/text HTTP/1.1" 200 0
DEBUG    selenium.webdriver.remote.remote_connection:remote_connection.py:329 Remote response: status=200 | data={"value":"API E2E 1778174733"} | headers=HTTPHeaderDict({'content-length': '30', 'content-type': 'application/json; charset=utf-8', 'cache-control': 'no-cache'})
DEBUG    selenium.webdriver.remote.remote_connection:remote_connection.py:356 Finished Request
DEBUG    selenium.webdriver.remote.remote_connection:remote_connection.py:313 POST http://selenium-hub:4444/wd/hub/session/3113c0127527982047c2c0cbec19f22b/element/f.98D246DDA407406B6F8C3DBE00D42F41.d.348253207A90A264C8DB5FA6D463838C.e.520/element {"using": "css selector", "value": "div[data-testid='note-card-title']"}
DEBUG    urllib3.connectionpool:connectionpool.py:544 http://selenium-hub:4444 "POST /wd/hub/session/3113c0127527982047c2c0cbec19f22b/element/f.98D246DDA407406B6F8C3DBE00D42F41.d.348253207A90A264C8DB5FA6D463838C.e.520/element HTTP/1.1" 200 0
DEBUG    selenium.webdriver.remote.remote_connection:remote_connection.py:329 Remote response: status=200 | data={"value":{"element-6066-11e4-a52e-4f735466cecf":"f.98D246DDA407406B6F8C3DBE00D42F41.d.348253207A90A264C8DB5FA6D463838C.e.703"}} | headers=HTTPHeaderDict({'content-length': '127', 'content-type': 'application/json; charset=utf-8', 'cache-control': 'no-cache'})
DEBUG    selenium.webdriver.remote.remote_connection:remote_connection.py:356 Finished Request
DEBUG    selenium.webdriver.remote.remote_connection:remote_connection.py:313 GET http://selenium-hub:4444/wd/hub/session/3113c0127527982047c2c0cbec19f22b/element/f.98D246DDA407406B6F8C3DBE00D42F41.d.348253207A90A264C8DB5FA6D463838C.e.703/text {}
DEBUG    urllib3.connectionpool:connectionpool.py:544 http://selenium-hub:4444 "GET /wd/hub/session/3113c0127527982047c2c0cbec19f22b/element/f.98D246DDA407406B6F8C3DBE00D42F41.d.348253207A90A264C8DB5FA6D463838C.e.703/text HTTP/1.1" 200 0
DEBUG    selenium.webdriver.remote.remote_connection:remote_connection.py:329 Remote response: status=200 | data={"value":"API E2E 1778174144"} | headers=HTTPHeaderDict({'content-length': '30', 'content-type': 'application/json; charset=utf-8', 'cache-control': 'no-cache'})
DEBUG    selenium.webdriver.remote.remote_connection:remote_connection.py:356 Finished Request
DEBUG    selenium.webdriver.remote.remote_connection:remote_connection.py:313 POST http://selenium-hub:4444/wd/hub/session/3113c0127527982047c2c0cbec19f22b/element/f.98D246DDA407406B6F8C3DBE00D42F41.d.348253207A90A264C8DB5FA6D463838C.e.521/element {"using": "css selector", "value": "div[data-testid='note-card-title']"}
DEBUG    urllib3.connectionpool:connectionpool.py:544 http://selenium-hub:4444 "POST /wd/hub/session/3113c0127527982047c2c0cbec19f22b/element/f.98D246DDA407406B6F8C3DBE00D42F41.d.348253207A90A264C8DB5FA6D463838C.e.521/element HTTP/1.1" 200 0
DEBUG    selenium.webdriver.remote.remote_connection:remote_connection.py:329 Remote response: status=200 | data={"value":{"element-6066-11e4-a52e-4f735466cecf":"f.98D246DDA407406B6F8C3DBE00D42F41.d.348253207A90A264C8DB5FA6D463838C.e.704"}} | headers=HTTPHeaderDict({'content-length': '127', 'content-type': 'application/json; charset=utf-8', 'cache-control': 'no-cache'})
DEBUG    selenium.webdriver.remote.remote_connection:remote_connection.py:356 Finished Request
DEBUG    selenium.webdriver.remote.remote_connection:remote_connection.py:313 GET http://selenium-hub:4444/wd/hub/session/3113c0127527982047c2c0cbec19f22b/element/f.98D246DDA407406B6F8C3DBE00D42F41.d.348253207A90A264C8DB5FA6D463838C.e.704/text {}
DEBUG    urllib3.connectionpool:connectionpool.py:544 http://selenium-hub:4444 "GET /wd/hub/session/3113c0127527982047c2c0cbec19f22b/element/f.98D246DDA407406B6F8C3DBE00D42F41.d.348253207A90A264C8DB5FA6D463838C.e.704/text HTTP/1.1" 200 0
DEBUG    selenium.webdriver.remote.remote_connection:remote_connection.py:329 Remote response: status=200 | data={"value":"API E2E 1778174091"} | headers=HTTPHeaderDict({'content-length': '30', 'content-type': 'application/json; charset=utf-8', 'cache-control': 'no-cache'})
DEBUG    selenium.webdriver.remote.remote_connection:remote_connection.py:356 Finished Request
DEBUG    selenium.webdriver.remote.remote_connection:remote_connection.py:313 POST http://selenium-hub:4444/wd/hub/session/3113c0127527982047c2c0cbec19f22b/element/f.98D246DDA407406B6F8C3DBE00D42F41.d.348253207A90A264C8DB5FA6D463838C.e.522/element {"using": "css selector", "value": "div[data-testid='note-card-title']"}
DEBUG    urllib3.connectionpool:connectionpool.py:544 http://selenium-hub:4444 "POST /wd/hub/session/3113c0127527982047c2c0cbec19f22b/element/f.98D246DDA407406B6F8C3DBE00D42F41.d.348253207A90A264C8DB5FA6D463838C.e.522/element HTTP/1.1" 200 0
DEBUG    selenium.webdriver.remote.remote_connection:remote_connection.py:329 Remote response: status=200 | data={"value":{"element-6066-11e4-a52e-4f735466cecf":"f.98D246DDA407406B6F8C3DBE00D42F41.d.348253207A90A264C8DB5FA6D463838C.e.705"}} | headers=HTTPHeaderDict({'content-length': '127', 'content-type': 'application/json; charset=utf-8', 'cache-control': 'no-cache'})
DEBUG    selenium.webdriver.remote.remote_connection:remote_connection.py:356 Finished Request
DEBUG    selenium.webdriver.remote.remote_connection:remote_connection.py:313 GET http://selenium-hub:4444/wd/hub/session/3113c0127527982047c2c0cbec19f22b/element/f.98D246DDA407406B6F8C3DBE00D42F41.d.348253207A90A264C8DB5FA6D463838C.e.705/text {}
DEBUG    urllib3.connectionpool:connectionpool.py:544 http://selenium-hub:4444 "GET /wd/hub/session/3113c0127527982047c2c0cbec19f22b/element/f.98D246DDA407406B6F8C3DBE00D42F41.d.348253207A90A264C8DB5FA6D463838C.e.705/text HTTP/1.1" 200 0
DEBUG    selenium.webdriver.remote.remote_connection:remote_connection.py:329 Remote response: status=200 | data={"value":"API E2E 1778174043"} | headers=HTTPHeaderDict({'content-length': '30', 'content-type': 'application/json; charset=utf-8', 'cache-control': 'no-cache'})
DEBUG    selenium.webdriver.remote.remote_connection:remote_connection.py:356 Finished Request
DEBUG    selenium.webdriver.remote.remote_connection:remote_connection.py:313 POST http://selenium-hub:4444/wd/hub/session/3113c0127527982047c2c0cbec19f22b/element/f.98D246DDA407406B6F8C3DBE00D42F41.d.348253207A90A264C8DB5FA6D463838C.e.523/element {"using": "css selector", "value": "div[data-testid='note-card-title']"}
DEBUG    urllib3.connectionpool:connectionpool.py:544 http://selenium-hub:4444 "POST /wd/hub/session/3113c0127527982047c2c0cbec19f22b/element/f.98D246DDA407406B6F8C3DBE00D42F41.d.348253207A90A264C8DB5FA6D463838C.e.523/element HTTP/1.1" 200 0
DEBUG    selenium.webdriver.remote.remote_connection:remote_connection.py:329 Remote response: status=200 | data={"value":{"element-6066-11e4-a52e-4f735466cecf":"f.98D246DDA407406B6F8C3DBE00D42F41.d.348253207A90A264C8DB5FA6D463838C.e.706"}} | headers=HTTPHeaderDict({'content-length': '127', 'content-type': 'application/json; charset=utf-8', 'cache-control': 'no-cache'})
DEBUG    selenium.webdriver.remote.remote_connection:remote_connection.py:356 Finished Request
DEBUG    selenium.webdriver.remote.remote_connection:remote_connection.py:313 GET http://selenium-hub:4444/wd/hub/session/3113c0127527982047c2c0cbec19f22b/element/f.98D246DDA407406B6F8C3DBE00D42F41.d.348253207A90A264C8DB5FA6D463838C.e.706/text {}
DEBUG    urllib3.connectionpool:connectionpool.py:544 http://selenium-hub:4444 "GET /wd/hub/session/3113c0127527982047c2c0cbec19f22b/element/f.98D246DDA407406B6F8C3DBE00D42F41.d.348253207A90A264C8DB5FA6D463838C.e.706/text HTTP/1.1" 200 0
DEBUG    selenium.webdriver.remote.remote_connection:remote_connection.py:329 Remote response: status=200 | data={"value":"API E2E 1778173746"} | headers=HTTPHeaderDict({'content-length': '30', 'content-type': 'application/json; charset=utf-8', 'cache-control': 'no-cache'})
DEBUG    selenium.webdriver.remote.remote_connection:remote_connection.py:356 Finished Request
DEBUG    selenium.webdriver.remote.remote_connection:remote_connection.py:313 POST http://selenium-hub:4444/wd/hub/session/3113c0127527982047c2c0cbec19f22b/element/f.98D246DDA407406B6F8C3DBE00D42F41.d.348253207A90A264C8DB5FA6D463838C.e.524/element {"using": "css selector", "value": "div[data-testid='note-card-title']"}
DEBUG    urllib3.connectionpool:connectionpool.py:544 http://selenium-hub:4444 "POST /wd/hub/session/3113c0127527982047c2c0cbec19f22b/element/f.98D246DDA407406B6F8C3DBE00D42F41.d.348253207A90A264C8DB5FA6D463838C.e.524/element HTTP/1.1" 200 0
DEBUG    selenium.webdriver.remote.remote_connection:remote_connection.py:329 Remote response: status=200 | data={"value":{"element-6066-11e4-a52e-4f735466cecf":"f.98D246DDA407406B6F8C3DBE00D42F41.d.348253207A90A264C8DB5FA6D463838C.e.707"}} | headers=HTTPHeaderDict({'content-length': '127', 'content-type': 'application/json; charset=utf-8', 'cache-control': 'no-cache'})
DEBUG    selenium.webdriver.remote.remote_connection:remote_connection.py:356 Finished Request
DEBUG    selenium.webdriver.remote.remote_connection:remote_connection.py:313 GET http://selenium-hub:4444/wd/hub/session/3113c0127527982047c2c0cbec19f22b/element/f.98D246DDA407406B6F8C3DBE00D42F41.d.348253207A90A264C8DB5FA6D463838C.e.707/text {}
DEBUG    urllib3.connectionpool:connectionpool.py:544 http://selenium-hub:4444 "GET /wd/hub/session/3113c0127527982047c2c0cbec19f22b/element/f.98D246DDA407406B6F8C3DBE00D42F41.d.348253207A90A264C8DB5FA6D463838C.e.707/text HTTP/1.1" 200 0
DEBUG    selenium.webdriver.remote.remote_connection:remote_connection.py:329 Remote response: status=200 | data={"value":"API E2E 1778173714"} | headers=HTTPHeaderDict({'content-length': '30', 'content-type': 'application/json; charset=utf-8', 'cache-control': 'no-cache'})
DEBUG    selenium.webdriver.remote.remote_connection:remote_connection.py:356 Finished Request
DEBUG    selenium.webdriver.remote.remote_connection:remote_connection.py:313 POST http://selenium-hub:4444/wd/hub/session/3113c0127527982047c2c0cbec19f22b/element/f.98D246DDA407406B6F8C3DBE00D42F41.d.348253207A90A264C8DB5FA6D463838C.e.525/element {"using": "css selector", "value": "div[data-testid='note-card-title']"}
DEBUG    urllib3.connectionpool:connectionpool.py:544 http://selenium-hub:4444 "POST /wd/hub/session/3113c0127527982047c2c0cbec19f22b/element/f.98D246DDA407406B6F8C3DBE00D42F41.d.348253207A90A264C8DB5FA6D463838C.e.525/element HTTP/1.1" 200 0
DEBUG    selenium.webdriver.remote.remote_connection:remote_connection.py:329 Remote response: status=200 | data={"value":{"element-6066-11e4-a52e-4f735466cecf":"f.98D246DDA407406B6F8C3DBE00D42F41.d.348253207A90A264C8DB5FA6D463838C.e.708"}} | headers=HTTPHeaderDict({'content-length': '127', 'content-type': 'application/json; charset=utf-8', 'cache-control': 'no-cache'})
DEBUG    selenium.webdriver.remote.remote_connection:remote_connection.py:356 Finished Request
DEBUG    selenium.webdriver.remote.remote_connection:remote_connection.py:313 GET http://selenium-hub:4444/wd/hub/session/3113c0127527982047c2c0cbec19f22b/element/f.98D246DDA407406B6F8C3DBE00D42F41.d.348253207A90A264C8DB5FA6D463838C.e.708/text {}
DEBUG    urllib3.connectionpool:connectionpool.py:544 http://selenium-hub:4444 "GET /wd/hub/session/3113c0127527982047c2c0cbec19f22b/element/f.98D246DDA407406B6F8C3DBE00D42F41.d.348253207A90A264C8DB5FA6D463838C.e.708/text HTTP/1.1" 200 0
DEBUG    selenium.webdriver.remote.remote_connection:remote_connection.py:329 Remote response: status=200 | data={"value":"UI Test"} | headers=HTTPHeaderDict({'content-length': '19', 'content-type': 'application/json; charset=utf-8', 'cache-control': 'no-cache'})
DEBUG    selenium.webdriver.remote.remote_connection:remote_connection.py:356 Finished Request
DEBUG    selenium.webdriver.remote.remote_connection:remote_connection.py:313 POST http://selenium-hub:4444/wd/hub/session/3113c0127527982047c2c0cbec19f22b/element/f.98D246DDA407406B6F8C3DBE00D42F41.d.348253207A90A264C8DB5FA6D463838C.e.526/element {"using": "css selector", "value": "div[data-testid='note-card-title']"}
DEBUG    urllib3.connectionpool:connectionpool.py:544 http://selenium-hub:4444 "POST /wd/hub/session/3113c0127527982047c2c0cbec19f22b/element/f.98D246DDA407406B6F8C3DBE00D42F41.d.348253207A90A264C8DB5FA6D463838C.e.526/element HTTP/1.1" 200 0
DEBUG    selenium.webdriver.remote.remote_connection:remote_connection.py:329 Remote response: status=200 | data={"value":{"element-6066-11e4-a52e-4f735466cecf":"f.98D246DDA407406B6F8C3DBE00D42F41.d.348253207A90A264C8DB5FA6D463838C.e.709"}} | headers=HTTPHeaderDict({'content-length': '127', 'content-type': 'application/json; charset=utf-8', 'cache-control': 'no-cache'})
DEBUG    selenium.webdriver.remote.remote_connection:remote_connection.py:356 Finished Request
DEBUG    selenium.webdriver.remote.remote_connection:remote_connection.py:313 GET http://selenium-hub:4444/wd/hub/session/3113c0127527982047c2c0cbec19f22b/element/f.98D246DDA407406B6F8C3DBE00D42F41.d.348253207A90A264C8DB5FA6D463838C.e.709/text {}
DEBUG    urllib3.connectionpool:connectionpool.py:544 http://selenium-hub:4444 "GET /wd/hub/session/3113c0127527982047c2c0cbec19f22b/element/f.98D246DDA407406B6F8C3DBE00D42F41.d.348253207A90A264C8DB5FA6D463838C.e.709/text HTTP/1.1" 200 0
DEBUG    selenium.webdriver.remote.remote_connection:remote_connection.py:329 Remote response: status=200 | data={"value":"API E2E 1778172591"} | headers=HTTPHeaderDict({'content-length': '30', 'content-type': 'application/json; charset=utf-8', 'cache-control': 'no-cache'})
DEBUG    selenium.webdriver.remote.remote_connection:remote_connection.py:356 Finished Request
DEBUG    selenium.webdriver.remote.remote_connection:remote_connection.py:313 POST http://selenium-hub:4444/wd/hub/session/3113c0127527982047c2c0cbec19f22b/element/f.98D246DDA407406B6F8C3DBE00D42F41.d.348253207A90A264C8DB5FA6D463838C.e.527/element {"using": "css selector", "value": "div[data-testid='note-card-title']"}
DEBUG    urllib3.connectionpool:connectionpool.py:544 http://selenium-hub:4444 "POST /wd/hub/session/3113c0127527982047c2c0cbec19f22b/element/f.98D246DDA407406B6F8C3DBE00D42F41.d.348253207A90A264C8DB5FA6D463838C.e.527/element HTTP/1.1" 200 0
DEBUG    selenium.webdriver.remote.remote_connection:remote_connection.py:329 Remote response: status=200 | data={"value":{"element-6066-11e4-a52e-4f735466cecf":"f.98D246DDA407406B6F8C3DBE00D42F41.d.348253207A90A264C8DB5FA6D463838C.e.710"}} | headers=HTTPHeaderDict({'content-length': '127', 'content-type': 'application/json; charset=utf-8', 'cache-control': 'no-cache'})
DEBUG    selenium.webdriver.remote.remote_connection:remote_connection.py:356 Finished Request
DEBUG    selenium.webdriver.remote.remote_connection:remote_connection.py:313 GET http://selenium-hub:4444/wd/hub/session/3113c0127527982047c2c0cbec19f22b/element/f.98D246DDA407406B6F8C3DBE00D42F41.d.348253207A90A264C8DB5FA6D463838C.e.710/text {}
DEBUG    urllib3.connectionpool:connectionpool.py:544 http://selenium-hub:4444 "GET /wd/hub/session/3113c0127527982047c2c0cbec19f22b/element/f.98D246DDA407406B6F8C3DBE00D42F41.d.348253207A90A264C8DB5FA6D463838C.e.710/text HTTP/1.1" 200 0
DEBUG    selenium.webdriver.remote.remote_connection:remote_connection.py:329 Remote response: status=200 | data={"value":"API E2E 1778172524"} | headers=HTTPHeaderDict({'content-length': '30', 'content-type': 'application/json; charset=utf-8', 'cache-control': 'no-cache'})
DEBUG    selenium.webdriver.remote.remote_connection:remote_connection.py:356 Finished Request
DEBUG    selenium.webdriver.remote.remote_connection:remote_connection.py:313 POST http://selenium-hub:4444/wd/hub/session/3113c0127527982047c2c0cbec19f22b/element/f.98D246DDA407406B6F8C3DBE00D42F41.d.348253207A90A264C8DB5FA6D463838C.e.528/element {"using": "css selector", "value": "div[data-testid='note-card-title']"}
DEBUG    urllib3.connectionpool:connectionpool.py:544 http://selenium-hub:4444 "POST /wd/hub/session/3113c0127527982047c2c0cbec19f22b/element/f.98D246DDA407406B6F8C3DBE00D42F41.d.348253207A90A264C8DB5FA6D463838C.e.528/element HTTP/1.1" 200 0
DEBUG    selenium.webdriver.remote.remote_connection:remote_connection.py:329 Remote response: status=200 | data={"value":{"element-6066-11e4-a52e-4f735466cecf":"f.98D246DDA407406B6F8C3DBE00D42F41.d.348253207A90A264C8DB5FA6D463838C.e.711"}} | headers=HTTPHeaderDict({'content-length': '127', 'content-type': 'application/json; charset=utf-8', 'cache-control': 'no-cache'})
DEBUG    selenium.webdriver.remote.remote_connection:remote_connection.py:356 Finished Request
DEBUG    selenium.webdriver.remote.remote_connection:remote_connection.py:313 GET http://selenium-hub:4444/wd/hub/session/3113c0127527982047c2c0cbec19f22b/element/f.98D246DDA407406B6F8C3DBE00D42F41.d.348253207A90A264C8DB5FA6D463838C.e.711/text {}
DEBUG    urllib3.connectionpool:connectionpool.py:544 http://selenium-hub:4444 "GET /wd/hub/session/3113c0127527982047c2c0cbec19f22b/element/f.98D246DDA407406B6F8C3DBE00D42F41.d.348253207A90A264C8DB5FA6D463838C.e.711/text HTTP/1.1" 200 0
DEBUG    selenium.webdriver.remote.remote_connection:remote_connection.py:329 Remote response: status=200 | data={"value":"API E2E 1778172460"} | headers=HTTPHeaderDict({'content-length': '30', 'content-type': 'application/json; charset=utf-8', 'cache-control': 'no-cache'})
DEBUG    selenium.webdriver.remote.remote_connection:remote_connection.py:356 Finished Request
DEBUG    selenium.webdriver.remote.remote_connection:remote_connection.py:313 POST http://selenium-hub:4444/wd/hub/session/3113c0127527982047c2c0cbec19f22b/element/f.98D246DDA407406B6F8C3DBE00D42F41.d.348253207A90A264C8DB5FA6D463838C.e.529/element {"using": "css selector", "value": "div[data-testid='note-card-title']"}
DEBUG    urllib3.connectionpool:connectionpool.py:544 http://selenium-hub:4444 "POST /wd/hub/session/3113c0127527982047c2c0cbec19f22b/element/f.98D246DDA407406B6F8C3DBE00D42F41.d.348253207A90A264C8DB5FA6D463838C.e.529/element HTTP/1.1" 200 0
DEBUG    selenium.webdriver.remote.remote_connection:remote_connection.py:329 Remote response: status=200 | data={"value":{"element-6066-11e4-a52e-4f735466cecf":"f.98D246DDA407406B6F8C3DBE00D42F41.d.348253207A90A264C8DB5FA6D463838C.e.712"}} | headers=HTTPHeaderDict({'content-length': '127', 'content-type': 'application/json; charset=utf-8', 'cache-control': 'no-cache'})
DEBUG    selenium.webdriver.remote.remote_connection:remote_connection.py:356 Finished Request
DEBUG    selenium.webdriver.remote.remote_connection:remote_connection.py:313 GET http://selenium-hub:4444/wd/hub/session/3113c0127527982047c2c0cbec19f22b/element/f.98D246DDA407406B6F8C3DBE00D42F41.d.348253207A90A264C8DB5FA6D463838C.e.712/text {}
DEBUG    urllib3.connectionpool:connectionpool.py:544 http://selenium-hub:4444 "GET /wd/hub/session/3113c0127527982047c2c0cbec19f22b/element/f.98D246DDA407406B6F8C3DBE00D42F41.d.348253207A90A264C8DB5FA6D463838C.e.712/text HTTP/1.1" 200 0
DEBUG    selenium.webdriver.remote.remote_connection:remote_connection.py:329 Remote response: status=200 | data={"value":"E2E Title"} | headers=HTTPHeaderDict({'content-length': '21', 'content-type': 'application/json; charset=utf-8', 'cache-control': 'no-cache'})
DEBUG    selenium.webdriver.remote.remote_connection:remote_connection.py:356 Finished Request
DEBUG    selenium.webdriver.remote.remote_connection:remote_connection.py:313 POST http://selenium-hub:4444/wd/hub/session/3113c0127527982047c2c0cbec19f22b/element/f.98D246DDA407406B6F8C3DBE00D42F41.d.348253207A90A264C8DB5FA6D463838C.e.530/element {"using": "css selector", "value": "div[data-testid='note-card-title']"}
DEBUG    urllib3.connectionpool:connectionpool.py:544 http://selenium-hub:4444 "POST /wd/hub/session/3113c0127527982047c2c0cbec19f22b/element/f.98D246DDA407406B6F8C3DBE00D42F41.d.348253207A90A264C8DB5FA6D463838C.e.530/element HTTP/1.1" 200 0
DEBUG    selenium.webdriver.remote.remote_connection:remote_connection.py:329 Remote response: status=200 | data={"value":{"element-6066-11e4-a52e-4f735466cecf":"f.98D246DDA407406B6F8C3DBE00D42F41.d.348253207A90A264C8DB5FA6D463838C.e.713"}} | headers=HTTPHeaderDict({'content-length': '127', 'content-type': 'application/json; charset=utf-8', 'cache-control': 'no-cache'})
DEBUG    selenium.webdriver.remote.remote_connection:remote_connection.py:356 Finished Request
DEBUG    selenium.webdriver.remote.remote_connection:remote_connection.py:313 GET http://selenium-hub:4444/wd/hub/session/3113c0127527982047c2c0cbec19f22b/element/f.98D246DDA407406B6F8C3DBE00D42F41.d.348253207A90A264C8DB5FA6D463838C.e.713/text {}
DEBUG    urllib3.connectionpool:connectionpool.py:544 http://selenium-hub:4444 "GET /wd/hub/session/3113c0127527982047c2c0cbec19f22b/element/f.98D246DDA407406B6F8C3DBE00D42F41.d.348253207A90A264C8DB5FA6D463838C.e.713/text HTTP/1.1" 200 0
DEBUG    selenium.webdriver.remote.remote_connection:remote_connection.py:329 Remote response: status=200 | data={"value":"API E2E 1778170949"} | headers=HTTPHeaderDict({'content-length': '30', 'content-type': 'application/json; charset=utf-8', 'cache-control': 'no-cache'})
DEBUG    selenium.webdriver.remote.remote_connection:remote_connection.py:356 Finished Request
DEBUG    selenium.webdriver.remote.remote_connection:remote_connection.py:313 POST http://selenium-hub:4444/wd/hub/session/3113c0127527982047c2c0cbec19f22b/element/f.98D246DDA407406B6F8C3DBE00D42F41.d.348253207A90A264C8DB5FA6D463838C.e.531/element {"using": "css selector", "value": "div[data-testid='note-card-title']"}
DEBUG    urllib3.connectionpool:connectionpool.py:544 http://selenium-hub:4444 "POST /wd/hub/session/3113c0127527982047c2c0cbec19f22b/element/f.98D246DDA407406B6F8C3DBE00D42F41.d.348253207A90A264C8DB5FA6D463838C.e.531/element HTTP/1.1" 200 0
DEBUG    selenium.webdriver.remote.remote_connection:remote_connection.py:329 Remote response: status=200 | data={"value":{"element-6066-11e4-a52e-4f735466cecf":"f.98D246DDA407406B6F8C3DBE00D42F41.d.348253207A90A264C8DB5FA6D463838C.e.714"}} | headers=HTTPHeaderDict({'content-length': '127', 'content-type': 'application/json; charset=utf-8', 'cache-control': 'no-cache'})
DEBUG    selenium.webdriver.remote.remote_connection:remote_connection.py:356 Finished Request
DEBUG    selenium.webdriver.remote.remote_connection:remote_connection.py:313 GET http://selenium-hub:4444/wd/hub/session/3113c0127527982047c2c0cbec19f22b/element/f.98D246DDA407406B6F8C3DBE00D42F41.d.348253207A90A264C8DB5FA6D463838C.e.714/text {}
DEBUG    urllib3.connectionpool:connectionpool.py:544 http://selenium-hub:4444 "GET /wd/hub/session/3113c0127527982047c2c0cbec19f22b/element/f.98D246DDA407406B6F8C3DBE00D42F41.d.348253207A90A264C8DB5FA6D463838C.e.714/text HTTP/1.1" 200 0
DEBUG    selenium.webdriver.remote.remote_connection:remote_connection.py:329 Remote response: status=200 | data={"value":"API E2E 1778170902"} | headers=HTTPHeaderDict({'content-length': '30', 'content-type': 'application/json; charset=utf-8', 'cache-control': 'no-cache'})
DEBUG    selenium.webdriver.remote.remote_connection:remote_connection.py:356 Finished Request
DEBUG    selenium.webdriver.remote.remote_connection:remote_connection.py:313 POST http://selenium-hub:4444/wd/hub/session/3113c0127527982047c2c0cbec19f22b/element/f.98D246DDA407406B6F8C3DBE00D42F41.d.348253207A90A264C8DB5FA6D463838C.e.532/element {"using": "css selector", "value": "div[data-testid='note-card-title']"}
DEBUG    urllib3.connectionpool:connectionpool.py:544 http://selenium-hub:4444 "POST /wd/hub/session/3113c0127527982047c2c0cbec19f22b/element/f.98D246DDA407406B6F8C3DBE00D42F41.d.348253207A90A264C8DB5FA6D463838C.e.532/element HTTP/1.1" 200 0
DEBUG    selenium.webdriver.remote.remote_connection:remote_connection.py:329 Remote response: status=200 | data={"value":{"element-6066-11e4-a52e-4f735466cecf":"f.98D246DDA407406B6F8C3DBE00D42F41.d.348253207A90A264C8DB5FA6D463838C.e.715"}} | headers=HTTPHeaderDict({'content-length': '127', 'content-type': 'application/json; charset=utf-8', 'cache-control': 'no-cache'})
DEBUG    selenium.webdriver.remote.remote_connection:remote_connection.py:356 Finished Request
DEBUG    selenium.webdriver.remote.remote_connection:remote_connection.py:313 GET http://selenium-hub:4444/wd/hub/session/3113c0127527982047c2c0cbec19f22b/element/f.98D246DDA407406B6F8C3DBE00D42F41.d.348253207A90A264C8DB5FA6D463838C.e.715/text {}
DEBUG    urllib3.connectionpool:connectionpool.py:544 http://selenium-hub:4444 "GET /wd/hub/session/3113c0127527982047c2c0cbec19f22b/element/f.98D246DDA407406B6F8C3DBE00D42F41.d.348253207A90A264C8DB5FA6D463838C.e.715/text HTTP/1.1" 200 0
DEBUG    selenium.webdriver.remote.remote_connection:remote_connection.py:329 Remote response: status=200 | data={"value":"UI Test"} | headers=HTTPHeaderDict({'content-length': '19', 'content-type': 'application/json; charset=utf-8', 'cache-control': 'no-cache'})
DEBUG    selenium.webdriver.remote.remote_connection:remote_connection.py:356 Finished Request
DEBUG    selenium.webdriver.remote.remote_connection:remote_connection.py:313 POST http://selenium-hub:4444/wd/hub/session/3113c0127527982047c2c0cbec19f22b/element/f.98D246DDA407406B6F8C3DBE00D42F41.d.348253207A90A264C8DB5FA6D463838C.e.533/element {"using": "css selector", "value": "div[data-testid='note-card-title']"}
DEBUG    urllib3.connectionpool:connectionpool.py:544 http://selenium-hub:4444 "POST /wd/hub/session/3113c0127527982047c2c0cbec19f22b/element/f.98D246DDA407406B6F8C3DBE00D42F41.d.348253207A90A264C8DB5FA6D463838C.e.533/element HTTP/1.1" 200 0
DEBUG    selenium.webdriver.remote.remote_connection:remote_connection.py:329 Remote response: status=200 | data={"value":{"element-6066-11e4-a52e-4f735466cecf":"f.98D246DDA407406B6F8C3DBE00D42F41.d.348253207A90A264C8DB5FA6D463838C.e.716"}} | headers=HTTPHeaderDict({'content-length': '127', 'content-type': 'application/json; charset=utf-8', 'cache-control': 'no-cache'})
DEBUG    selenium.webdriver.remote.remote_connection:remote_connection.py:356 Finished Request
DEBUG    selenium.webdriver.remote.remote_connection:remote_connection.py:313 GET http://selenium-hub:4444/wd/hub/session/3113c0127527982047c2c0cbec19f22b/element/f.98D246DDA407406B6F8C3DBE00D42F41.d.348253207A90A264C8DB5FA6D463838C.e.716/text {}
DEBUG    urllib3.connectionpool:connectionpool.py:544 http://selenium-hub:4444 "GET /wd/hub/session/3113c0127527982047c2c0cbec19f22b/element/f.98D246DDA407406B6F8C3DBE00D42F41.d.348253207A90A264C8DB5FA6D463838C.e.716/text HTTP/1.1" 200 0
DEBUG    selenium.webdriver.remote.remote_connection:remote_connection.py:329 Remote response: status=200 | data={"value":"E2E Title"} | headers=HTTPHeaderDict({'content-length': '21', 'content-type': 'application/json; charset=utf-8', 'cache-control': 'no-cache'})
DEBUG    selenium.webdriver.remote.remote_connection:remote_connection.py:356 Finished Request
DEBUG    selenium.webdriver.remote.remote_connection:remote_connection.py:313 POST http://selenium-hub:4444/wd/hub/session/3113c0127527982047c2c0cbec19f22b/element/f.98D246DDA407406B6F8C3DBE00D42F41.d.348253207A90A264C8DB5FA6D463838C.e.534/element {"using": "css selector", "value": "div[data-testid='note-card-title']"}
DEBUG    urllib3.connectionpool:connectionpool.py:544 http://selenium-hub:4444 "POST /wd/hub/session/3113c0127527982047c2c0cbec19f22b/element/f.98D246DDA407406B6F8C3DBE00D42F41.d.348253207A90A264C8DB5FA6D463838C.e.534/element HTTP/1.1" 200 0
DEBUG    selenium.webdriver.remote.remote_connection:remote_connection.py:329 Remote response: status=200 | data={"value":{"element-6066-11e4-a52e-4f735466cecf":"f.98D246DDA407406B6F8C3DBE00D42F41.d.348253207A90A264C8DB5FA6D463838C.e.717"}} | headers=HTTPHeaderDict({'content-length': '127', 'content-type': 'application/json; charset=utf-8', 'cache-control': 'no-cache'})
DEBUG    selenium.webdriver.remote.remote_connection:remote_connection.py:356 Finished Request
DEBUG    selenium.webdriver.remote.remote_connection:remote_connection.py:313 GET http://selenium-hub:4444/wd/hub/session/3113c0127527982047c2c0cbec19f22b/element/f.98D246DDA407406B6F8C3DBE00D42F41.d.348253207A90A264C8DB5FA6D463838C.e.717/text {}
DEBUG    urllib3.connectionpool:connectionpool.py:544 http://selenium-hub:4444 "GET /wd/hub/session/3113c0127527982047c2c0cbec19f22b/element/f.98D246DDA407406B6F8C3DBE00D42F41.d.348253207A90A264C8DB5FA6D463838C.e.717/text HTTP/1.1" 200 0
DEBUG    selenium.webdriver.remote.remote_connection:remote_connection.py:329 Remote response: status=200 | data={"value":"API E2E 1778164505"} | headers=HTTPHeaderDict({'content-length': '30', 'content-type': 'application/json; charset=utf-8', 'cache-control': 'no-cache'})
DEBUG    selenium.webdriver.remote.remote_connection:remote_connection.py:356 Finished Request
DEBUG    selenium.webdriver.remote.remote_connection:remote_connection.py:313 POST http://selenium-hub:4444/wd/hub/session/3113c0127527982047c2c0cbec19f22b/element/f.98D246DDA407406B6F8C3DBE00D42F41.d.348253207A90A264C8DB5FA6D463838C.e.535/element {"using": "css selector", "value": "div[data-testid='note-card-title']"}
DEBUG    urllib3.connectionpool:connectionpool.py:544 http://selenium-hub:4444 "POST /wd/hub/session/3113c0127527982047c2c0cbec19f22b/element/f.98D246DDA407406B6F8C3DBE00D42F41.d.348253207A90A264C8DB5FA6D463838C.e.535/element HTTP/1.1" 200 0
DEBUG    selenium.webdriver.remote.remote_connection:remote_connection.py:329 Remote response: status=200 | data={"value":{"element-6066-11e4-a52e-4f735466cecf":"f.98D246DDA407406B6F8C3DBE00D42F41.d.348253207A90A264C8DB5FA6D463838C.e.718"}} | headers=HTTPHeaderDict({'content-length': '127', 'content-type': 'application/json; charset=utf-8', 'cache-control': 'no-cache'})
DEBUG    selenium.webdriver.remote.remote_connection:remote_connection.py:356 Finished Request
DEBUG    selenium.webdriver.remote.remote_connection:remote_connection.py:313 GET http://selenium-hub:4444/wd/hub/session/3113c0127527982047c2c0cbec19f22b/element/f.98D246DDA407406B6F8C3DBE00D42F41.d.348253207A90A264C8DB5FA6D463838C.e.718/text {}
DEBUG    urllib3.connectionpool:connectionpool.py:544 http://selenium-hub:4444 "GET /wd/hub/session/3113c0127527982047c2c0cbec19f22b/element/f.98D246DDA407406B6F8C3DBE00D42F41.d.348253207A90A264C8DB5FA6D463838C.e.718/text HTTP/1.1" 200 0
DEBUG    selenium.webdriver.remote.remote_connection:remote_connection.py:329 Remote response: status=200 | data={"value":"E2E Title"} | headers=HTTPHeaderDict({'content-length': '21', 'content-type': 'application/json; charset=utf-8', 'cache-control': 'no-cache'})
DEBUG    selenium.webdriver.remote.remote_connection:remote_connection.py:356 Finished Request
DEBUG    selenium.webdriver.remote.remote_connection:remote_connection.py:313 POST http://selenium-hub:4444/wd/hub/session/3113c0127527982047c2c0cbec19f22b/element/f.98D246DDA407406B6F8C3DBE00D42F41.d.348253207A90A264C8DB5FA6D463838C.e.536/element {"using": "css selector", "value": "div[data-testid='note-card-title']"}
DEBUG    urllib3.connectionpool:connectionpool.py:544 http://selenium-hub:4444 "POST /wd/hub/session/3113c0127527982047c2c0cbec19f22b/element/f.98D246DDA407406B6F8C3DBE00D42F41.d.348253207A90A264C8DB5FA6D463838C.e.536/element HTTP/1.1" 200 0
DEBUG    selenium.webdriver.remote.remote_connection:remote_connection.py:329 Remote response: status=200 | data={"value":{"element-6066-11e4-a52e-4f735466cecf":"f.98D246DDA407406B6F8C3DBE00D42F41.d.348253207A90A264C8DB5FA6D463838C.e.719"}} | headers=HTTPHeaderDict({'content-length': '127', 'content-type': 'application/json; charset=utf-8', 'cache-control': 'no-cache'})
DEBUG    selenium.webdriver.remote.remote_connection:remote_connection.py:356 Finished Request
DEBUG    selenium.webdriver.remote.remote_connection:remote_connection.py:313 GET http://selenium-hub:4444/wd/hub/session/3113c0127527982047c2c0cbec19f22b/element/f.98D246DDA407406B6F8C3DBE00D42F41.d.348253207A90A264C8DB5FA6D463838C.e.719/text {}
DEBUG    urllib3.connectionpool:connectionpool.py:544 http://selenium-hub:4444 "GET /wd/hub/session/3113c0127527982047c2c0cbec19f22b/element/f.98D246DDA407406B6F8C3DBE00D42F41.d.348253207A90A264C8DB5FA6D463838C.e.719/text HTTP/1.1" 200 0
DEBUG    selenium.webdriver.remote.remote_connection:remote_connection.py:329 Remote response: status=200 | data={"value":"UI Test"} | headers=HTTPHeaderDict({'content-length': '19', 'content-type': 'application/json; charset=utf-8', 'cache-control': 'no-cache'})
DEBUG    selenium.webdriver.remote.remote_connection:remote_connection.py:356 Finished Request
DEBUG    selenium.webdriver.remote.remote_connection:remote_connection.py:313 POST http://selenium-hub:4444/wd/hub/session/3113c0127527982047c2c0cbec19f22b/element/f.98D246DDA407406B6F8C3DBE00D42F41.d.348253207A90A264C8DB5FA6D463838C.e.537/element {"using": "css selector", "value": "div[data-testid='note-card-title']"}
DEBUG    urllib3.connectionpool:connectionpool.py:544 http://selenium-hub:4444 "POST /wd/hub/session/3113c0127527982047c2c0cbec19f22b/element/f.98D246DDA407406B6F8C3DBE00D42F41.d.348253207A90A264C8DB5FA6D463838C.e.537/element HTTP/1.1" 200 0
DEBUG    selenium.webdriver.remote.remote_connection:remote_connection.py:329 Remote response: status=200 | data={"value":{"element-6066-11e4-a52e-4f735466cecf":"f.98D246DDA407406B6F8C3DBE00D42F41.d.348253207A90A264C8DB5FA6D463838C.e.720"}} | headers=HTTPHeaderDict({'content-length': '127', 'content-type': 'application/json; charset=utf-8', 'cache-control': 'no-cache'})
DEBUG    selenium.webdriver.remote.remote_connection:remote_connection.py:356 Finished Request
DEBUG    selenium.webdriver.remote.remote_connection:remote_connection.py:313 GET http://selenium-hub:4444/wd/hub/session/3113c0127527982047c2c0cbec19f22b/element/f.98D246DDA407406B6F8C3DBE00D42F41.d.348253207A90A264C8DB5FA6D463838C.e.720/text {}
DEBUG    urllib3.connectionpool:connectionpool.py:544 http://selenium-hub:4444 "GET /wd/hub/session/3113c0127527982047c2c0cbec19f22b/element/f.98D246DDA407406B6F8C3DBE00D42F41.d.348253207A90A264C8DB5FA6D463838C.e.720/text HTTP/1.1" 200 0
DEBUG    selenium.webdriver.remote.remote_connection:remote_connection.py:329 Remote response: status=200 | data={"value":"API E2E 1778163462"} | headers=HTTPHeaderDict({'content-length': '30', 'content-type': 'application/json; charset=utf-8', 'cache-control': 'no-cache'})
DEBUG    selenium.webdriver.remote.remote_connection:remote_connection.py:356 Finished Request
DEBUG    selenium.webdriver.remote.remote_connection:remote_connection.py:313 POST http://selenium-hub:4444/wd/hub/session/3113c0127527982047c2c0cbec19f22b/element/f.98D246DDA407406B6F8C3DBE00D42F41.d.348253207A90A264C8DB5FA6D463838C.e.538/element {"using": "css selector", "value": "div[data-testid='note-card-title']"}
DEBUG    urllib3.connectionpool:connectionpool.py:544 http://selenium-hub:4444 "POST /wd/hub/session/3113c0127527982047c2c0cbec19f22b/element/f.98D246DDA407406B6F8C3DBE00D42F41.d.348253207A90A264C8DB5FA6D463838C.e.538/element HTTP/1.1" 200 0
DEBUG    selenium.webdriver.remote.remote_connection:remote_connection.py:329 Remote response: status=200 | data={"value":{"element-6066-11e4-a52e-4f735466cecf":"f.98D246DDA407406B6F8C3DBE00D42F41.d.348253207A90A264C8DB5FA6D463838C.e.721"}} | headers=HTTPHeaderDict({'content-length': '127', 'content-type': 'application/json; charset=utf-8', 'cache-control': 'no-cache'})
DEBUG    selenium.webdriver.remote.remote_connection:remote_connection.py:356 Finished Request
DEBUG    selenium.webdriver.remote.remote_connection:remote_connection.py:313 GET http://selenium-hub:4444/wd/hub/session/3113c0127527982047c2c0cbec19f22b/element/f.98D246DDA407406B6F8C3DBE00D42F41.d.348253207A90A264C8DB5FA6D463838C.e.721/text {}
DEBUG    urllib3.connectionpool:connectionpool.py:544 http://selenium-hub:4444 "GET /wd/hub/session/3113c0127527982047c2c0cbec19f22b/element/f.98D246DDA407406B6F8C3DBE00D42F41.d.348253207A90A264C8DB5FA6D463838C.e.721/text HTTP/1.1" 200 0
DEBUG    selenium.webdriver.remote.remote_connection:remote_connection.py:329 Remote response: status=200 | data={"value":"E2E Title"} | headers=HTTPHeaderDict({'content-length': '21', 'content-type': 'application/json; charset=utf-8', 'cache-control': 'no-cache'})
DEBUG    selenium.webdriver.remote.remote_connection:remote_connection.py:356 Finished Request
DEBUG    selenium.webdriver.remote.remote_connection:remote_connection.py:313 POST http://selenium-hub:4444/wd/hub/session/3113c0127527982047c2c0cbec19f22b/element/f.98D246DDA407406B6F8C3DBE00D42F41.d.348253207A90A264C8DB5FA6D463838C.e.539/element {"using": "css selector", "value": "div[data-testid='note-card-title']"}
DEBUG    urllib3.connectionpool:connectionpool.py:544 http://selenium-hub:4444 "POST /wd/hub/session/3113c0127527982047c2c0cbec19f22b/element/f.98D246DDA407406B6F8C3DBE00D42F41.d.348253207A90A264C8DB5FA6D463838C.e.539/element HTTP/1.1" 200 0
DEBUG    selenium.webdriver.remote.remote_connection:remote_connection.py:329 Remote response: status=200 | data={"value":{"element-6066-11e4-a52e-4f735466cecf":"f.98D246DDA407406B6F8C3DBE00D42F41.d.348253207A90A264C8DB5FA6D463838C.e.722"}} | headers=HTTPHeaderDict({'content-length': '127', 'content-type': 'application/json; charset=utf-8', 'cache-control': 'no-cache'})
DEBUG    selenium.webdriver.remote.remote_connection:remote_connection.py:356 Finished Request
DEBUG    selenium.webdriver.remote.remote_connection:remote_connection.py:313 GET http://selenium-hub:4444/wd/hub/session/3113c0127527982047c2c0cbec19f22b/element/f.98D246DDA407406B6F8C3DBE00D42F41.d.348253207A90A264C8DB5FA6D463838C.e.722/text {}
DEBUG    urllib3.connectionpool:connectionpool.py:544 http://selenium-hub:4444 "GET /wd/hub/session/3113c0127527982047c2c0cbec19f22b/element/f.98D246DDA407406B6F8C3DBE00D42F41.d.348253207A90A264C8DB5FA6D463838C.e.722/text HTTP/1.1" 200 0
DEBUG    selenium.webdriver.remote.remote_connection:remote_connection.py:329 Remote response: status=200 | data={"value":"UI Test"} | headers=HTTPHeaderDict({'content-length': '19', 'content-type': 'application/json; charset=utf-8', 'cache-control': 'no-cache'})
DEBUG    selenium.webdriver.remote.remote_connection:remote_connection.py:356 Finished Request
DEBUG    selenium.webdriver.remote.remote_connection:remote_connection.py:313 POST http://selenium-hub:4444/wd/hub/session/3113c0127527982047c2c0cbec19f22b/element/f.98D246DDA407406B6F8C3DBE00D42F41.d.348253207A90A264C8DB5FA6D463838C.e.540/element {"using": "css selector", "value": "div[data-testid='note-card-title']"}
DEBUG    urllib3.connectionpool:connectionpool.py:544 http://selenium-hub:4444 "POST /wd/hub/session/3113c0127527982047c2c0cbec19f22b/element/f.98D246DDA407406B6F8C3DBE00D42F41.d.348253207A90A264C8DB5FA6D463838C.e.540/element HTTP/1.1" 200 0
DEBUG    selenium.webdriver.remote.remote_connection:remote_connection.py:329 Remote response: status=200 | data={"value":{"element-6066-11e4-a52e-4f735466cecf":"f.98D246DDA407406B6F8C3DBE00D42F41.d.348253207A90A264C8DB5FA6D463838C.e.723"}} | headers=HTTPHeaderDict({'content-length': '127', 'content-type': 'application/json; charset=utf-8', 'cache-control': 'no-cache'})
DEBUG    selenium.webdriver.remote.remote_connection:remote_connection.py:356 Finished Request
DEBUG    selenium.webdriver.remote.remote_connection:remote_connection.py:313 GET http://selenium-hub:4444/wd/hub/session/3113c0127527982047c2c0cbec19f22b/element/f.98D246DDA407406B6F8C3DBE00D42F41.d.348253207A90A264C8DB5FA6D463838C.e.723/text {}
DEBUG    urllib3.connectionpool:connectionpool.py:544 http://selenium-hub:4444 "GET /wd/hub/session/3113c0127527982047c2c0cbec19f22b/element/f.98D246DDA407406B6F8C3DBE00D42F41.d.348253207A90A264C8DB5FA6D463838C.e.723/text HTTP/1.1" 200 0
DEBUG    selenium.webdriver.remote.remote_connection:remote_connection.py:329 Remote response: status=200 | data={"value":"API E2E 1778160621"} | headers=HTTPHeaderDict({'content-length': '30', 'content-type': 'application/json; charset=utf-8', 'cache-control': 'no-cache'})
DEBUG    selenium.webdriver.remote.remote_connection:remote_connection.py:356 Finished Request
DEBUG    selenium.webdriver.remote.remote_connection:remote_connection.py:313 POST http://selenium-hub:4444/wd/hub/session/3113c0127527982047c2c0cbec19f22b/element/f.98D246DDA407406B6F8C3DBE00D42F41.d.348253207A90A264C8DB5FA6D463838C.e.541/element {"using": "css selector", "value": "div[data-testid='note-card-title']"}
DEBUG    urllib3.connectionpool:connectionpool.py:544 http://selenium-hub:4444 "POST /wd/hub/session/3113c0127527982047c2c0cbec19f22b/element/f.98D246DDA407406B6F8C3DBE00D42F41.d.348253207A90A264C8DB5FA6D463838C.e.541/element HTTP/1.1" 200 0
DEBUG    selenium.webdriver.remote.remote_connection:remote_connection.py:329 Remote response: status=200 | data={"value":{"element-6066-11e4-a52e-4f735466cecf":"f.98D246DDA407406B6F8C3DBE00D42F41.d.348253207A90A264C8DB5FA6D463838C.e.724"}} | headers=HTTPHeaderDict({'content-length': '127', 'content-type': 'application/json; charset=utf-8', 'cache-control': 'no-cache'})
DEBUG    selenium.webdriver.remote.remote_connection:remote_connection.py:356 Finished Request
DEBUG    selenium.webdriver.remote.remote_connection:remote_connection.py:313 GET http://selenium-hub:4444/wd/hub/session/3113c0127527982047c2c0cbec19f22b/element/f.98D246DDA407406B6F8C3DBE00D42F41.d.348253207A90A264C8DB5FA6D463838C.e.724/text {}
DEBUG    urllib3.connectionpool:connectionpool.py:544 http://selenium-hub:4444 "GET /wd/hub/session/3113c0127527982047c2c0cbec19f22b/element/f.98D246DDA407406B6F8C3DBE00D42F41.d.348253207A90A264C8DB5FA6D463838C.e.724/text HTTP/1.1" 200 0
DEBUG    selenium.webdriver.remote.remote_connection:remote_connection.py:329 Remote response: status=200 | data={"value":"Delete Test 1778160313"} | headers=HTTPHeaderDict({'content-length': '34', 'content-type': 'application/json; charset=utf-8', 'cache-control': 'no-cache'})
DEBUG    selenium.webdriver.remote.remote_connection:remote_connection.py:356 Finished Request
DEBUG    selenium.webdriver.remote.remote_connection:remote_connection.py:313 POST http://selenium-hub:4444/wd/hub/session/3113c0127527982047c2c0cbec19f22b/element/f.98D246DDA407406B6F8C3DBE00D42F41.d.348253207A90A264C8DB5FA6D463838C.e.542/element {"using": "css selector", "value": "div[data-testid='note-card-title']"}
DEBUG    urllib3.connectionpool:connectionpool.py:544 http://selenium-hub:4444 "POST /wd/hub/session/3113c0127527982047c2c0cbec19f22b/element/f.98D246DDA407406B6F8C3DBE00D42F41.d.348253207A90A264C8DB5FA6D463838C.e.542/element HTTP/1.1" 200 0
DEBUG    selenium.webdriver.remote.remote_connection:remote_connection.py:329 Remote response: status=200 | data={"value":{"element-6066-11e4-a52e-4f735466cecf":"f.98D246DDA407406B6F8C3DBE00D42F41.d.348253207A90A264C8DB5FA6D463838C.e.725"}} | headers=HTTPHeaderDict({'content-length': '127', 'content-type': 'application/json; charset=utf-8', 'cache-control': 'no-cache'})
DEBUG    selenium.webdriver.remote.remote_connection:remote_connection.py:356 Finished Request
DEBUG    selenium.webdriver.remote.remote_connection:remote_connection.py:313 GET http://selenium-hub:4444/wd/hub/session/3113c0127527982047c2c0cbec19f22b/element/f.98D246DDA407406B6F8C3DBE00D42F41.d.348253207A90A264C8DB5FA6D463838C.e.725/text {}
DEBUG    urllib3.connectionpool:connectionpool.py:544 http://selenium-hub:4444 "GET /wd/hub/session/3113c0127527982047c2c0cbec19f22b/element/f.98D246DDA407406B6F8C3DBE00D42F41.d.348253207A90A264C8DB5FA6D463838C.e.725/text HTTP/1.1" 200 0
DEBUG    selenium.webdriver.remote.remote_connection:remote_connection.py:329 Remote response: status=200 | data={"value":"API E2E 1778160228"} | headers=HTTPHeaderDict({'content-length': '30', 'content-type': 'application/json; charset=utf-8', 'cache-control': 'no-cache'})
DEBUG    selenium.webdriver.remote.remote_connection:remote_connection.py:356 Finished Request
DEBUG    selenium.webdriver.remote.remote_connection:remote_connection.py:313 POST http://selenium-hub:4444/wd/hub/session/3113c0127527982047c2c0cbec19f22b/element/f.98D246DDA407406B6F8C3DBE00D42F41.d.348253207A90A264C8DB5FA6D463838C.e.543/element {"using": "css selector", "value": "div[data-testid='note-card-title']"}
DEBUG    urllib3.connectionpool:connectionpool.py:544 http://selenium-hub:4444 "POST /wd/hub/session/3113c0127527982047c2c0cbec19f22b/element/f.98D246DDA407406B6F8C3DBE00D42F41.d.348253207A90A264C8DB5FA6D463838C.e.543/element HTTP/1.1" 200 0
DEBUG    selenium.webdriver.remote.remote_connection:remote_connection.py:329 Remote response: status=200 | data={"value":{"element-6066-11e4-a52e-4f735466cecf":"f.98D246DDA407406B6F8C3DBE00D42F41.d.348253207A90A264C8DB5FA6D463838C.e.726"}} | headers=HTTPHeaderDict({'content-length': '127', 'content-type': 'application/json; charset=utf-8', 'cache-control': 'no-cache'})
DEBUG    selenium.webdriver.remote.remote_connection:remote_connection.py:356 Finished Request
DEBUG    selenium.webdriver.remote.remote_connection:remote_connection.py:313 GET http://selenium-hub:4444/wd/hub/session/3113c0127527982047c2c0cbec19f22b/element/f.98D246DDA407406B6F8C3DBE00D42F41.d.348253207A90A264C8DB5FA6D463838C.e.726/text {}
DEBUG    urllib3.connectionpool:connectionpool.py:544 http://selenium-hub:4444 "GET /wd/hub/session/3113c0127527982047c2c0cbec19f22b/element/f.98D246DDA407406B6F8C3DBE00D42F41.d.348253207A90A264C8DB5FA6D463838C.e.726/text HTTP/1.1" 200 0
DEBUG    selenium.webdriver.remote.remote_connection:remote_connection.py:329 Remote response: status=200 | data={"value":"E2E Title"} | headers=HTTPHeaderDict({'content-length': '21', 'content-type': 'application/json; charset=utf-8', 'cache-control': 'no-cache'})
DEBUG    selenium.webdriver.remote.remote_connection:remote_connection.py:356 Finished Request
DEBUG    selenium.webdriver.remote.remote_connection:remote_connection.py:313 POST http://selenium-hub:4444/wd/hub/session/3113c0127527982047c2c0cbec19f22b/element/f.98D246DDA407406B6F8C3DBE00D42F41.d.348253207A90A264C8DB5FA6D463838C.e.544/element {"using": "css selector", "value": "div[data-testid='note-card-title']"}
DEBUG    urllib3.connectionpool:connectionpool.py:544 http://selenium-hub:4444 "POST /wd/hub/session/3113c0127527982047c2c0cbec19f22b/element/f.98D246DDA407406B6F8C3DBE00D42F41.d.348253207A90A264C8DB5FA6D463838C.e.544/element HTTP/1.1" 200 0
DEBUG    selenium.webdriver.remote.remote_connection:remote_connection.py:329 Remote response: status=200 | data={"value":{"element-6066-11e4-a52e-4f735466cecf":"f.98D246DDA407406B6F8C3DBE00D42F41.d.348253207A90A264C8DB5FA6D463838C.e.727"}} | headers=HTTPHeaderDict({'content-length': '127', 'content-type': 'application/json; charset=utf-8', 'cache-control': 'no-cache'})
DEBUG    selenium.webdriver.remote.remote_connection:remote_connection.py:356 Finished Request
DEBUG    selenium.webdriver.remote.remote_connection:remote_connection.py:313 GET http://selenium-hub:4444/wd/hub/session/3113c0127527982047c2c0cbec19f22b/element/f.98D246DDA407406B6F8C3DBE00D42F41.d.348253207A90A264C8DB5FA6D463838C.e.727/text {}
DEBUG    urllib3.connectionpool:connectionpool.py:544 http://selenium-hub:4444 "GET /wd/hub/session/3113c0127527982047c2c0cbec19f22b/element/f.98D246DDA407406B6F8C3DBE00D42F41.d.348253207A90A264C8DB5FA6D463838C.e.727/text HTTP/1.1" 200 0
DEBUG    selenium.webdriver.remote.remote_connection:remote_connection.py:329 Remote response: status=200 | data={"value":"UI Test"} | headers=HTTPHeaderDict({'content-length': '19', 'content-type': 'application/json; charset=utf-8', 'cache-control': 'no-cache'})
DEBUG    selenium.webdriver.remote.remote_connection:remote_connection.py:356 Finished Request
DEBUG    selenium.webdriver.remote.remote_connection:remote_connection.py:313 POST http://selenium-hub:4444/wd/hub/session/3113c0127527982047c2c0cbec19f22b/element/f.98D246DDA407406B6F8C3DBE00D42F41.d.348253207A90A264C8DB5FA6D463838C.e.545/element {"using": "css selector", "value": "div[data-testid='note-card-title']"}
DEBUG    urllib3.connectionpool:connectionpool.py:544 http://selenium-hub:4444 "POST /wd/hub/session/3113c0127527982047c2c0cbec19f22b/element/f.98D246DDA407406B6F8C3DBE00D42F41.d.348253207A90A264C8DB5FA6D463838C.e.545/element HTTP/1.1" 200 0
DEBUG    selenium.webdriver.remote.remote_connection:remote_connection.py:329 Remote response: status=200 | data={"value":{"element-6066-11e4-a52e-4f735466cecf":"f.98D246DDA407406B6F8C3DBE00D42F41.d.348253207A90A264C8DB5FA6D463838C.e.728"}} | headers=HTTPHeaderDict({'content-length': '127', 'content-type': 'application/json; charset=utf-8', 'cache-control': 'no-cache'})
DEBUG    selenium.webdriver.remote.remote_connection:remote_connection.py:356 Finished Request
DEBUG    selenium.webdriver.remote.remote_connection:remote_connection.py:313 GET http://selenium-hub:4444/wd/hub/session/3113c0127527982047c2c0cbec19f22b/element/f.98D246DDA407406B6F8C3DBE00D42F41.d.348253207A90A264C8DB5FA6D463838C.e.728/text {}
DEBUG    urllib3.connectionpool:connectionpool.py:544 http://selenium-hub:4444 "GET /wd/hub/session/3113c0127527982047c2c0cbec19f22b/element/f.98D246DDA407406B6F8C3DBE00D42F41.d.348253207A90A264C8DB5FA6D463838C.e.728/text HTTP/1.1" 200 0
DEBUG    selenium.webdriver.remote.remote_connection:remote_connection.py:329 Remote response: status=200 | data={"value":"Delete Test"} | headers=HTTPHeaderDict({'content-length': '23', 'content-type': 'application/json; charset=utf-8', 'cache-control': 'no-cache'})
DEBUG    selenium.webdriver.remote.remote_connection:remote_connection.py:356 Finished Request
DEBUG    selenium.webdriver.remote.remote_connection:remote_connection.py:313 POST http://selenium-hub:4444/wd/hub/session/3113c0127527982047c2c0cbec19f22b/element/f.98D246DDA407406B6F8C3DBE00D42F41.d.348253207A90A264C8DB5FA6D463838C.e.546/element {"using": "css selector", "value": "div[data-testid='note-card-title']"}
DEBUG    urllib3.connectionpool:connectionpool.py:544 http://selenium-hub:4444 "POST /wd/hub/session/3113c0127527982047c2c0cbec19f22b/element/f.98D246DDA407406B6F8C3DBE00D42F41.d.348253207A90A264C8DB5FA6D463838C.e.546/element HTTP/1.1" 200 0
DEBUG    selenium.webdriver.remote.remote_connection:remote_connection.py:329 Remote response: status=200 | data={"value":{"element-6066-11e4-a52e-4f735466cecf":"f.98D246DDA407406B6F8C3DBE00D42F41.d.348253207A90A264C8DB5FA6D463838C.e.729"}} | headers=HTTPHeaderDict({'content-length': '127', 'content-type': 'application/json; charset=utf-8', 'cache-control': 'no-cache'})
DEBUG    selenium.webdriver.remote.remote_connection:remote_connection.py:356 Finished Request
DEBUG    selenium.webdriver.remote.remote_connection:remote_connection.py:313 GET http://selenium-hub:4444/wd/hub/session/3113c0127527982047c2c0cbec19f22b/element/f.98D246DDA407406B6F8C3DBE00D42F41.d.348253207A90A264C8DB5FA6D463838C.e.729/text {}
DEBUG    urllib3.connectionpool:connectionpool.py:544 http://selenium-hub:4444 "GET /wd/hub/session/3113c0127527982047c2c0cbec19f22b/element/f.98D246DDA407406B6F8C3DBE00D42F41.d.348253207A90A264C8DB5FA6D463838C.e.729/text HTTP/1.1" 200 0
DEBUG    selenium.webdriver.remote.remote_connection:remote_connection.py:329 Remote response: status=200 | data={"value":"E2E Title"} | headers=HTTPHeaderDict({'content-length': '21', 'content-type': 'application/json; charset=utf-8', 'cache-control': 'no-cache'})
DEBUG    selenium.webdriver.remote.remote_connection:remote_connection.py:356 Finished Request
DEBUG    selenium.webdriver.remote.remote_connection:remote_connection.py:313 POST http://selenium-hub:4444/wd/hub/session/3113c0127527982047c2c0cbec19f22b/element/f.98D246DDA407406B6F8C3DBE00D42F41.d.348253207A90A264C8DB5FA6D463838C.e.547/element {"using": "css selector", "value": "div[data-testid='note-card-title']"}
DEBUG    urllib3.connectionpool:connectionpool.py:544 http://selenium-hub:4444 "POST /wd/hub/session/3113c0127527982047c2c0cbec19f22b/element/f.98D246DDA407406B6F8C3DBE00D42F41.d.348253207A90A264C8DB5FA6D463838C.e.547/element HTTP/1.1" 200 0
DEBUG    selenium.webdriver.remote.remote_connection:remote_connection.py:329 Remote response: status=200 | data={"value":{"element-6066-11e4-a52e-4f735466cecf":"f.98D246DDA407406B6F8C3DBE00D42F41.d.348253207A90A264C8DB5FA6D463838C.e.730"}} | headers=HTTPHeaderDict({'content-length': '127', 'content-type': 'application/json; charset=utf-8', 'cache-control': 'no-cache'})
DEBUG    selenium.webdriver.remote.remote_connection:remote_connection.py:356 Finished Request
DEBUG    selenium.webdriver.remote.remote_connection:remote_connection.py:313 GET http://selenium-hub:4444/wd/hub/session/3113c0127527982047c2c0cbec19f22b/element/f.98D246DDA407406B6F8C3DBE00D42F41.d.348253207A90A264C8DB5FA6D463838C.e.730/text {}
DEBUG    urllib3.connectionpool:connectionpool.py:544 http://selenium-hub:4444 "GET /wd/hub/session/3113c0127527982047c2c0cbec19f22b/element/f.98D246DDA407406B6F8C3DBE00D42F41.d.348253207A90A264C8DB5FA6D463838C.e.730/text HTTP/1.1" 200 0
DEBUG    selenium.webdriver.remote.remote_connection:remote_connection.py:329 Remote response: status=200 | data={"value":"UI Test"} | headers=HTTPHeaderDict({'content-length': '19', 'content-type': 'application/json; charset=utf-8', 'cache-control': 'no-cache'})
DEBUG    selenium.webdriver.remote.remote_connection:remote_connection.py:356 Finished Request
DEBUG    selenium.webdriver.remote.remote_connection:remote_connection.py:313 POST http://selenium-hub:4444/wd/hub/session/3113c0127527982047c2c0cbec19f22b/element/f.98D246DDA407406B6F8C3DBE00D42F41.d.348253207A90A264C8DB5FA6D463838C.e.548/element {"using": "css selector", "value": "div[data-testid='note-card-title']"}
DEBUG    urllib3.connectionpool:connectionpool.py:544 http://selenium-hub:4444 "POST /wd/hub/session/3113c0127527982047c2c0cbec19f22b/element/f.98D246DDA407406B6F8C3DBE00D42F41.d.348253207A90A264C8DB5FA6D463838C.e.548/element HTTP/1.1" 200 0
DEBUG    selenium.webdriver.remote.remote_connection:remote_connection.py:329 Remote response: status=200 | data={"value":{"element-6066-11e4-a52e-4f735466cecf":"f.98D246DDA407406B6F8C3DBE00D42F41.d.348253207A90A264C8DB5FA6D463838C.e.731"}} | headers=HTTPHeaderDict({'content-length': '127', 'content-type': 'application/json; charset=utf-8', 'cache-control': 'no-cache'})
DEBUG    selenium.webdriver.remote.remote_connection:remote_connection.py:356 Finished Request
DEBUG    selenium.webdriver.remote.remote_connection:remote_connection.py:313 GET http://selenium-hub:4444/wd/hub/session/3113c0127527982047c2c0cbec19f22b/element/f.98D246DDA407406B6F8C3DBE00D42F41.d.348253207A90A264C8DB5FA6D463838C.e.731/text {}
DEBUG    urllib3.connectionpool:connectionpool.py:544 http://selenium-hub:4444 "GET /wd/hub/session/3113c0127527982047c2c0cbec19f22b/element/f.98D246DDA407406B6F8C3DBE00D42F41.d.348253207A90A264C8DB5FA6D463838C.e.731/text HTTP/1.1" 200 0
DEBUG    selenium.webdriver.remote.remote_connection:remote_connection.py:329 Remote response: status=200 | data={"value":"API E2E 1778158079"} | headers=HTTPHeaderDict({'content-length': '30', 'content-type': 'application/json; charset=utf-8', 'cache-control': 'no-cache'})
DEBUG    selenium.webdriver.remote.remote_connection:remote_connection.py:356 Finished Request
DEBUG    selenium.webdriver.remote.remote_connection:remote_connection.py:313 POST http://selenium-hub:4444/wd/hub/session/3113c0127527982047c2c0cbec19f22b/element/f.98D246DDA407406B6F8C3DBE00D42F41.d.348253207A90A264C8DB5FA6D463838C.e.549/element {"using": "css selector", "value": "div[data-testid='note-card-title']"}
DEBUG    urllib3.connectionpool:connectionpool.py:544 http://selenium-hub:4444 "POST /wd/hub/session/3113c0127527982047c2c0cbec19f22b/element/f.98D246DDA407406B6F8C3DBE00D42F41.d.348253207A90A264C8DB5FA6D463838C.e.549/element HTTP/1.1" 200 0
DEBUG    selenium.webdriver.remote.remote_connection:remote_connection.py:329 Remote response: status=200 | data={"value":{"element-6066-11e4-a52e-4f735466cecf":"f.98D246DDA407406B6F8C3DBE00D42F41.d.348253207A90A264C8DB5FA6D463838C.e.732"}} | headers=HTTPHeaderDict({'content-length': '127', 'content-type': 'application/json; charset=utf-8', 'cache-control': 'no-cache'})
DEBUG    selenium.webdriver.remote.remote_connection:remote_connection.py:356 Finished Request
DEBUG    selenium.webdriver.remote.remote_connection:remote_connection.py:313 GET http://selenium-hub:4444/wd/hub/session/3113c0127527982047c2c0cbec19f22b/element/f.98D246DDA407406B6F8C3DBE00D42F41.d.348253207A90A264C8DB5FA6D463838C.e.732/text {}
DEBUG    urllib3.connectionpool:connectionpool.py:544 http://selenium-hub:4444 "GET /wd/hub/session/3113c0127527982047c2c0cbec19f22b/element/f.98D246DDA407406B6F8C3DBE00D42F41.d.348253207A90A264C8DB5FA6D463838C.e.732/text HTTP/1.1" 200 0
DEBUG    selenium.webdriver.remote.remote_connection:remote_connection.py:329 Remote response: status=200 | data={"value":"API E2E 1778157926"} | headers=HTTPHeaderDict({'content-length': '30', 'content-type': 'application/json; charset=utf-8', 'cache-control': 'no-cache'})
DEBUG    selenium.webdriver.remote.remote_connection:remote_connection.py:356 Finished Request
DEBUG    selenium.webdriver.remote.remote_connection:remote_connection.py:313 POST http://selenium-hub:4444/wd/hub/session/3113c0127527982047c2c0cbec19f22b/element/f.98D246DDA407406B6F8C3DBE00D42F41.d.348253207A90A264C8DB5FA6D463838C.e.550/element {"using": "css selector", "value": "div[data-testid='note-card-title']"}
DEBUG    urllib3.connectionpool:connectionpool.py:544 http://selenium-hub:4444 "POST /wd/hub/session/3113c0127527982047c2c0cbec19f22b/element/f.98D246DDA407406B6F8C3DBE00D42F41.d.348253207A90A264C8DB5FA6D463838C.e.550/element HTTP/1.1" 200 0
DEBUG    selenium.webdriver.remote.remote_connection:remote_connection.py:329 Remote response: status=200 | data={"value":{"element-6066-11e4-a52e-4f735466cecf":"f.98D246DDA407406B6F8C3DBE00D42F41.d.348253207A90A264C8DB5FA6D463838C.e.733"}} | headers=HTTPHeaderDict({'content-length': '127', 'content-type': 'application/json; charset=utf-8', 'cache-control': 'no-cache'})
DEBUG    selenium.webdriver.remote.remote_connection:remote_connection.py:356 Finished Request
DEBUG    selenium.webdriver.remote.remote_connection:remote_connection.py:313 GET http://selenium-hub:4444/wd/hub/session/3113c0127527982047c2c0cbec19f22b/element/f.98D246DDA407406B6F8C3DBE00D42F41.d.348253207A90A264C8DB5FA6D463838C.e.733/text {}
DEBUG    urllib3.connectionpool:connectionpool.py:544 http://selenium-hub:4444 "GET /wd/hub/session/3113c0127527982047c2c0cbec19f22b/element/f.98D246DDA407406B6F8C3DBE00D42F41.d.348253207A90A264C8DB5FA6D463838C.e.733/text HTTP/1.1" 200 0
DEBUG    selenium.webdriver.remote.remote_connection:remote_connection.py:329 Remote response: status=200 | data={"value":"API E2E 1778157694"} | headers=HTTPHeaderDict({'content-length': '30', 'content-type': 'application/json; charset=utf-8', 'cache-control': 'no-cache'})
DEBUG    selenium.webdriver.remote.remote_connection:remote_connection.py:356 Finished Request
DEBUG    selenium.webdriver.remote.remote_connection:remote_connection.py:313 POST http://selenium-hub:4444/wd/hub/session/3113c0127527982047c2c0cbec19f22b/element/f.98D246DDA407406B6F8C3DBE00D42F41.d.348253207A90A264C8DB5FA6D463838C.e.551/element {"using": "css selector", "value": "div[data-testid='note-card-title']"}
DEBUG    urllib3.connectionpool:connectionpool.py:544 http://selenium-hub:4444 "POST /wd/hub/session/3113c0127527982047c2c0cbec19f22b/element/f.98D246DDA407406B6F8C3DBE00D42F41.d.348253207A90A264C8DB5FA6D463838C.e.551/element HTTP/1.1" 200 0
DEBUG    selenium.webdriver.remote.remote_connection:remote_connection.py:329 Remote response: status=200 | data={"value":{"element-6066-11e4-a52e-4f735466cecf":"f.98D246DDA407406B6F8C3DBE00D42F41.d.348253207A90A264C8DB5FA6D463838C.e.734"}} | headers=HTTPHeaderDict({'content-length': '127', 'content-type': 'application/json; charset=utf-8', 'cache-control': 'no-cache'})
DEBUG    selenium.webdriver.remote.remote_connection:remote_connection.py:356 Finished Request
DEBUG    selenium.webdriver.remote.remote_connection:remote_connection.py:313 GET http://selenium-hub:4444/wd/hub/session/3113c0127527982047c2c0cbec19f22b/element/f.98D246DDA407406B6F8C3DBE00D42F41.d.348253207A90A264C8DB5FA6D463838C.e.734/text {}
DEBUG    urllib3.connectionpool:connectionpool.py:544 http://selenium-hub:4444 "GET /wd/hub/session/3113c0127527982047c2c0cbec19f22b/element/f.98D246DDA407406B6F8C3DBE00D42F41.d.348253207A90A264C8DB5FA6D463838C.e.734/text HTTP/1.1" 200 0
DEBUG    selenium.webdriver.remote.remote_connection:remote_connection.py:329 Remote response: status=200 | data={"value":"E2E Title"} | headers=HTTPHeaderDict({'content-length': '21', 'content-type': 'application/json; charset=utf-8', 'cache-control': 'no-cache'})
DEBUG    selenium.webdriver.remote.remote_connection:remote_connection.py:356 Finished Request
DEBUG    selenium.webdriver.remote.remote_connection:remote_connection.py:313 POST http://selenium-hub:4444/wd/hub/session/3113c0127527982047c2c0cbec19f22b/element/f.98D246DDA407406B6F8C3DBE00D42F41.d.348253207A90A264C8DB5FA6D463838C.e.552/element {"using": "css selector", "value": "div[data-testid='note-card-title']"}
DEBUG    urllib3.connectionpool:connectionpool.py:544 http://selenium-hub:4444 "POST /wd/hub/session/3113c0127527982047c2c0cbec19f22b/element/f.98D246DDA407406B6F8C3DBE00D42F41.d.348253207A90A264C8DB5FA6D463838C.e.552/element HTTP/1.1" 200 0
DEBUG    selenium.webdriver.remote.remote_connection:remote_connection.py:329 Remote response: status=200 | data={"value":{"element-6066-11e4-a52e-4f735466cecf":"f.98D246DDA407406B6F8C3DBE00D42F41.d.348253207A90A264C8DB5FA6D463838C.e.735"}} | headers=HTTPHeaderDict({'content-length': '127', 'content-type': 'application/json; charset=utf-8', 'cache-control': 'no-cache'})
DEBUG    selenium.webdriver.remote.remote_connection:remote_connection.py:356 Finished Request
DEBUG    selenium.webdriver.remote.remote_connection:remote_connection.py:313 GET http://selenium-hub:4444/wd/hub/session/3113c0127527982047c2c0cbec19f22b/element/f.98D246DDA407406B6F8C3DBE00D42F41.d.348253207A90A264C8DB5FA6D463838C.e.735/text {}
DEBUG    urllib3.connectionpool:connectionpool.py:544 http://selenium-hub:4444 "GET /wd/hub/session/3113c0127527982047c2c0cbec19f22b/element/f.98D246DDA407406B6F8C3DBE00D42F41.d.348253207A90A264C8DB5FA6D463838C.e.735/text HTTP/1.1" 200 0
DEBUG    selenium.webdriver.remote.remote_connection:remote_connection.py:329 Remote response: status=200 | data={"value":"UI Test"} | headers=HTTPHeaderDict({'content-length': '19', 'content-type': 'application/json; charset=utf-8', 'cache-control': 'no-cache'})
DEBUG    selenium.webdriver.remote.remote_connection:remote_connection.py:356 Finished Request
DEBUG    selenium.webdriver.remote.remote_connection:remote_connection.py:313 POST http://selenium-hub:4444/wd/hub/session/3113c0127527982047c2c0cbec19f22b/element/f.98D246DDA407406B6F8C3DBE00D42F41.d.348253207A90A264C8DB5FA6D463838C.e.553/element {"using": "css selector", "value": "div[data-testid='note-card-title']"}
DEBUG    urllib3.connectionpool:connectionpool.py:544 http://selenium-hub:4444 "POST /wd/hub/session/3113c0127527982047c2c0cbec19f22b/element/f.98D246DDA407406B6F8C3DBE00D42F41.d.348253207A90A264C8DB5FA6D463838C.e.553/element HTTP/1.1" 200 0
DEBUG    selenium.webdriver.remote.remote_connection:remote_connection.py:329 Remote response: status=200 | data={"value":{"element-6066-11e4-a52e-4f735466cecf":"f.98D246DDA407406B6F8C3DBE00D42F41.d.348253207A90A264C8DB5FA6D463838C.e.736"}} | headers=HTTPHeaderDict({'content-length': '127', 'content-type': 'application/json; charset=utf-8', 'cache-control': 'no-cache'})
DEBUG    selenium.webdriver.remote.remote_connection:remote_connection.py:356 Finished Request
DEBUG    selenium.webdriver.remote.remote_connection:remote_connection.py:313 GET http://selenium-hub:4444/wd/hub/session/3113c0127527982047c2c0cbec19f22b/element/f.98D246DDA407406B6F8C3DBE00D42F41.d.348253207A90A264C8DB5FA6D463838C.e.736/text {}
DEBUG    urllib3.connectionpool:connectionpool.py:544 http://selenium-hub:4444 "GET /wd/hub/session/3113c0127527982047c2c0cbec19f22b/element/f.98D246DDA407406B6F8C3DBE00D42F41.d.348253207A90A264C8DB5FA6D463838C.e.736/text HTTP/1.1" 200 0
DEBUG    selenium.webdriver.remote.remote_connection:remote_connection.py:329 Remote response: status=200 | data={"value":"API E2E 1778157013"} | headers=HTTPHeaderDict({'content-length': '30', 'content-type': 'application/json; charset=utf-8', 'cache-control': 'no-cache'})
DEBUG    selenium.webdriver.remote.remote_connection:remote_connection.py:356 Finished Request
DEBUG    selenium.webdriver.remote.remote_connection:remote_connection.py:313 POST http://selenium-hub:4444/wd/hub/session/3113c0127527982047c2c0cbec19f22b/element/f.98D246DDA407406B6F8C3DBE00D42F41.d.348253207A90A264C8DB5FA6D463838C.e.554/element {"using": "css selector", "value": "div[data-testid='note-card-title']"}
DEBUG    urllib3.connectionpool:connectionpool.py:544 http://selenium-hub:4444 "POST /wd/hub/session/3113c0127527982047c2c0cbec19f22b/element/f.98D246DDA407406B6F8C3DBE00D42F41.d.348253207A90A264C8DB5FA6D463838C.e.554/element HTTP/1.1" 200 0
DEBUG    selenium.webdriver.remote.remote_connection:remote_connection.py:329 Remote response: status=200 | data={"value":{"element-6066-11e4-a52e-4f735466cecf":"f.98D246DDA407406B6F8C3DBE00D42F41.d.348253207A90A264C8DB5FA6D463838C.e.737"}} | headers=HTTPHeaderDict({'content-length': '127', 'content-type': 'application/json; charset=utf-8', 'cache-control': 'no-cache'})
DEBUG    selenium.webdriver.remote.remote_connection:remote_connection.py:356 Finished Request
DEBUG    selenium.webdriver.remote.remote_connection:remote_connection.py:313 GET http://selenium-hub:4444/wd/hub/session/3113c0127527982047c2c0cbec19f22b/element/f.98D246DDA407406B6F8C3DBE00D42F41.d.348253207A90A264C8DB5FA6D463838C.e.737/text {}
DEBUG    urllib3.connectionpool:connectionpool.py:544 http://selenium-hub:4444 "GET /wd/hub/session/3113c0127527982047c2c0cbec19f22b/element/f.98D246DDA407406B6F8C3DBE00D42F41.d.348253207A90A264C8DB5FA6D463838C.e.737/text HTTP/1.1" 200 0
DEBUG    selenium.webdriver.remote.remote_connection:remote_connection.py:329 Remote response: status=200 | data={"value":"API E2E 1778156970"} | headers=HTTPHeaderDict({'content-length': '30', 'content-type': 'application/json; charset=utf-8', 'cache-control': 'no-cache'})
DEBUG    selenium.webdriver.remote.remote_connection:remote_connection.py:356 Finished Request
DEBUG    selenium.webdriver.remote.remote_connection:remote_connection.py:313 POST http://selenium-hub:4444/wd/hub/session/3113c0127527982047c2c0cbec19f22b/element/f.98D246DDA407406B6F8C3DBE00D42F41.d.348253207A90A264C8DB5FA6D463838C.e.555/element {"using": "css selector", "value": "div[data-testid='note-card-title']"}
DEBUG    urllib3.connectionpool:connectionpool.py:544 http://selenium-hub:4444 "POST /wd/hub/session/3113c0127527982047c2c0cbec19f22b/element/f.98D246DDA407406B6F8C3DBE00D42F41.d.348253207A90A264C8DB5FA6D463838C.e.555/element HTTP/1.1" 200 0
DEBUG    selenium.webdriver.remote.remote_connection:remote_connection.py:329 Remote response: status=200 | data={"value":{"element-6066-11e4-a52e-4f735466cecf":"f.98D246DDA407406B6F8C3DBE00D42F41.d.348253207A90A264C8DB5FA6D463838C.e.738"}} | headers=HTTPHeaderDict({'content-length': '127', 'content-type': 'application/json; charset=utf-8', 'cache-control': 'no-cache'})
DEBUG    selenium.webdriver.remote.remote_connection:remote_connection.py:356 Finished Request
DEBUG    selenium.webdriver.remote.remote_connection:remote_connection.py:313 GET http://selenium-hub:4444/wd/hub/session/3113c0127527982047c2c0cbec19f22b/element/f.98D246DDA407406B6F8C3DBE00D42F41.d.348253207A90A264C8DB5FA6D463838C.e.738/text {}
DEBUG    urllib3.connectionpool:connectionpool.py:544 http://selenium-hub:4444 "GET /wd/hub/session/3113c0127527982047c2c0cbec19f22b/element/f.98D246DDA407406B6F8C3DBE00D42F41.d.348253207A90A264C8DB5FA6D463838C.e.738/text HTTP/1.1" 200 0
DEBUG    selenium.webdriver.remote.remote_connection:remote_connection.py:329 Remote response: status=200 | data={"value":"E2E Title"} | headers=HTTPHeaderDict({'content-length': '21', 'content-type': 'application/json; charset=utf-8', 'cache-control': 'no-cache'})
DEBUG    selenium.webdriver.remote.remote_connection:remote_connection.py:356 Finished Request
DEBUG    selenium.webdriver.remote.remote_connection:remote_connection.py:313 POST http://selenium-hub:4444/wd/hub/session/3113c0127527982047c2c0cbec19f22b/element/f.98D246DDA407406B6F8C3DBE00D42F41.d.348253207A90A264C8DB5FA6D463838C.e.556/element {"using": "css selector", "value": "div[data-testid='note-card-title']"}
DEBUG    urllib3.connectionpool:connectionpool.py:544 http://selenium-hub:4444 "POST /wd/hub/session/3113c0127527982047c2c0cbec19f22b/element/f.98D246DDA407406B6F8C3DBE00D42F41.d.348253207A90A264C8DB5FA6D463838C.e.556/element HTTP/1.1" 200 0
DEBUG    selenium.webdriver.remote.remote_connection:remote_connection.py:329 Remote response: status=200 | data={"value":{"element-6066-11e4-a52e-4f735466cecf":"f.98D246DDA407406B6F8C3DBE00D42F41.d.348253207A90A264C8DB5FA6D463838C.e.739"}} | headers=HTTPHeaderDict({'content-length': '127', 'content-type': 'application/json; charset=utf-8', 'cache-control': 'no-cache'})
DEBUG    selenium.webdriver.remote.remote_connection:remote_connection.py:356 Finished Request
DEBUG    selenium.webdriver.remote.remote_connection:remote_connection.py:313 GET http://selenium-hub:4444/wd/hub/session/3113c0127527982047c2c0cbec19f22b/element/f.98D246DDA407406B6F8C3DBE00D42F41.d.348253207A90A264C8DB5FA6D463838C.e.739/text {}
DEBUG    urllib3.connectionpool:connectionpool.py:544 http://selenium-hub:4444 "GET /wd/hub/session/3113c0127527982047c2c0cbec19f22b/element/f.98D246DDA407406B6F8C3DBE00D42F41.d.348253207A90A264C8DB5FA6D463838C.e.739/text HTTP/1.1" 200 0
DEBUG    selenium.webdriver.remote.remote_connection:remote_connection.py:329 Remote response: status=200 | data={"value":"API E2E 1778154927"} | headers=HTTPHeaderDict({'content-length': '30', 'content-type': 'application/json; charset=utf-8', 'cache-control': 'no-cache'})
DEBUG    selenium.webdriver.remote.remote_connection:remote_connection.py:356 Finished Request
DEBUG    selenium.webdriver.remote.remote_connection:remote_connection.py:313 POST http://selenium-hub:4444/wd/hub/session/3113c0127527982047c2c0cbec19f22b/element/f.98D246DDA407406B6F8C3DBE00D42F41.d.348253207A90A264C8DB5FA6D463838C.e.557/element {"using": "css selector", "value": "div[data-testid='note-card-title']"}
DEBUG    urllib3.connectionpool:connectionpool.py:544 http://selenium-hub:4444 "POST /wd/hub/session/3113c0127527982047c2c0cbec19f22b/element/f.98D246DDA407406B6F8C3DBE00D42F41.d.348253207A90A264C8DB5FA6D463838C.e.557/element HTTP/1.1" 200 0
DEBUG    selenium.webdriver.remote.remote_connection:remote_connection.py:329 Remote response: status=200 | data={"value":{"element-6066-11e4-a52e-4f735466cecf":"f.98D246DDA407406B6F8C3DBE00D42F41.d.348253207A90A264C8DB5FA6D463838C.e.740"}} | headers=HTTPHeaderDict({'content-length': '127', 'content-type': 'application/json; charset=utf-8', 'cache-control': 'no-cache'})
DEBUG    selenium.webdriver.remote.remote_connection:remote_connection.py:356 Finished Request
DEBUG    selenium.webdriver.remote.remote_connection:remote_connection.py:313 GET http://selenium-hub:4444/wd/hub/session/3113c0127527982047c2c0cbec19f22b/element/f.98D246DDA407406B6F8C3DBE00D42F41.d.348253207A90A264C8DB5FA6D463838C.e.740/text {}
DEBUG    urllib3.connectionpool:connectionpool.py:544 http://selenium-hub:4444 "GET /wd/hub/session/3113c0127527982047c2c0cbec19f22b/element/f.98D246DDA407406B6F8C3DBE00D42F41.d.348253207A90A264C8DB5FA6D463838C.e.740/text HTTP/1.1" 200 0
DEBUG    selenium.webdriver.remote.remote_connection:remote_connection.py:329 Remote response: status=200 | data={"value":"UI Test"} | headers=HTTPHeaderDict({'content-length': '19', 'content-type': 'application/json; charset=utf-8', 'cache-control': 'no-cache'})
DEBUG    selenium.webdriver.remote.remote_connection:remote_connection.py:356 Finished Request
DEBUG    selenium.webdriver.remote.remote_connection:remote_connection.py:313 POST http://selenium-hub:4444/wd/hub/session/3113c0127527982047c2c0cbec19f22b/element/f.98D246DDA407406B6F8C3DBE00D42F41.d.348253207A90A264C8DB5FA6D463838C.e.558/element {"using": "css selector", "value": "div[data-testid='note-card-title']"}
DEBUG    urllib3.connectionpool:connectionpool.py:544 http://selenium-hub:4444 "POST /wd/hub/session/3113c0127527982047c2c0cbec19f22b/element/f.98D246DDA407406B6F8C3DBE00D42F41.d.348253207A90A264C8DB5FA6D463838C.e.558/element HTTP/1.1" 200 0
DEBUG    selenium.webdriver.remote.remote_connection:remote_connection.py:329 Remote response: status=200 | data={"value":{"element-6066-11e4-a52e-4f735466cecf":"f.98D246DDA407406B6F8C3DBE00D42F41.d.348253207A90A264C8DB5FA6D463838C.e.741"}} | headers=HTTPHeaderDict({'content-length': '127', 'content-type': 'application/json; charset=utf-8', 'cache-control': 'no-cache'})
DEBUG    selenium.webdriver.remote.remote_connection:remote_connection.py:356 Finished Request
DEBUG    selenium.webdriver.remote.remote_connection:remote_connection.py:313 GET http://selenium-hub:4444/wd/hub/session/3113c0127527982047c2c0cbec19f22b/element/f.98D246DDA407406B6F8C3DBE00D42F41.d.348253207A90A264C8DB5FA6D463838C.e.741/text {}
DEBUG    urllib3.connectionpool:connectionpool.py:544 http://selenium-hub:4444 "GET /wd/hub/session/3113c0127527982047c2c0cbec19f22b/element/f.98D246DDA407406B6F8C3DBE00D42F41.d.348253207A90A264C8DB5FA6D463838C.e.741/text HTTP/1.1" 200 0
DEBUG    selenium.webdriver.remote.remote_connection:remote_connection.py:329 Remote response: status=200 | data={"value":"E2E Title"} | headers=HTTPHeaderDict({'content-length': '21', 'content-type': 'application/json; charset=utf-8', 'cache-control': 'no-cache'})
DEBUG    selenium.webdriver.remote.remote_connection:remote_connection.py:356 Finished Request
DEBUG    selenium.webdriver.remote.remote_connection:remote_connection.py:313 POST http://selenium-hub:4444/wd/hub/session/3113c0127527982047c2c0cbec19f22b/element/f.98D246DDA407406B6F8C3DBE00D42F41.d.348253207A90A264C8DB5FA6D463838C.e.559/element {"using": "css selector", "value": "div[data-testid='note-card-title']"}
DEBUG    urllib3.connectionpool:connectionpool.py:544 http://selenium-hub:4444 "POST /wd/hub/session/3113c0127527982047c2c0cbec19f22b/element/f.98D246DDA407406B6F8C3DBE00D42F41.d.348253207A90A264C8DB5FA6D463838C.e.559/element HTTP/1.1" 200 0
DEBUG    selenium.webdriver.remote.remote_connection:remote_connection.py:329 Remote response: status=200 | data={"value":{"element-6066-11e4-a52e-4f735466cecf":"f.98D246DDA407406B6F8C3DBE00D42F41.d.348253207A90A264C8DB5FA6D463838C.e.742"}} | headers=HTTPHeaderDict({'content-length': '127', 'content-type': 'application/json; charset=utf-8', 'cache-control': 'no-cache'})
DEBUG    selenium.webdriver.remote.remote_connection:remote_connection.py:356 Finished Request
DEBUG    selenium.webdriver.remote.remote_connection:remote_connection.py:313 GET http://selenium-hub:4444/wd/hub/session/3113c0127527982047c2c0cbec19f22b/element/f.98D246DDA407406B6F8C3DBE00D42F41.d.348253207A90A264C8DB5FA6D463838C.e.742/text {}
DEBUG    urllib3.connectionpool:connectionpool.py:544 http://selenium-hub:4444 "GET /wd/hub/session/3113c0127527982047c2c0cbec19f22b/element/f.98D246DDA407406B6F8C3DBE00D42F41.d.348253207A90A264C8DB5FA6D463838C.e.742/text HTTP/1.1" 200 0
DEBUG    selenium.webdriver.remote.remote_connection:remote_connection.py:329 Remote response: status=200 | data={"value":"E2E Title"} | headers=HTTPHeaderDict({'content-length': '21', 'content-type': 'application/json; charset=utf-8', 'cache-control': 'no-cache'})
DEBUG    selenium.webdriver.remote.remote_connection:remote_connection.py:356 Finished Request
DEBUG    selenium.webdriver.remote.remote_connection:remote_connection.py:313 POST http://selenium-hub:4444/wd/hub/session/3113c0127527982047c2c0cbec19f22b/element/f.98D246DDA407406B6F8C3DBE00D42F41.d.348253207A90A264C8DB5FA6D463838C.e.560/element {"using": "css selector", "value": "div[data-testid='note-card-title']"}
DEBUG    urllib3.connectionpool:connectionpool.py:544 http://selenium-hub:4444 "POST /wd/hub/session/3113c0127527982047c2c0cbec19f22b/element/f.98D246DDA407406B6F8C3DBE00D42F41.d.348253207A90A264C8DB5FA6D463838C.e.560/element HTTP/1.1" 200 0
DEBUG    selenium.webdriver.remote.remote_connection:remote_connection.py:329 Remote response: status=200 | data={"value":{"element-6066-11e4-a52e-4f735466cecf":"f.98D246DDA407406B6F8C3DBE00D42F41.d.348253207A90A264C8DB5FA6D463838C.e.743"}} | headers=HTTPHeaderDict({'content-length': '127', 'content-type': 'application/json; charset=utf-8', 'cache-control': 'no-cache'})
DEBUG    selenium.webdriver.remote.remote_connection:remote_connection.py:356 Finished Request
DEBUG    selenium.webdriver.remote.remote_connection:remote_connection.py:313 GET http://selenium-hub:4444/wd/hub/session/3113c0127527982047c2c0cbec19f22b/element/f.98D246DDA407406B6F8C3DBE00D42F41.d.348253207A90A264C8DB5FA6D463838C.e.743/text {}
DEBUG    urllib3.connectionpool:connectionpool.py:544 http://selenium-hub:4444 "GET /wd/hub/session/3113c0127527982047c2c0cbec19f22b/element/f.98D246DDA407406B6F8C3DBE00D42F41.d.348253207A90A264C8DB5FA6D463838C.e.743/text HTTP/1.1" 200 0
DEBUG    selenium.webdriver.remote.remote_connection:remote_connection.py:329 Remote response: status=200 | data={"value":"API E2E 1778145170"} | headers=HTTPHeaderDict({'content-length': '30', 'content-type': 'application/json; charset=utf-8', 'cache-control': 'no-cache'})
DEBUG    selenium.webdriver.remote.remote_connection:remote_connection.py:356 Finished Request
DEBUG    selenium.webdriver.remote.remote_connection:remote_connection.py:313 POST http://selenium-hub:4444/wd/hub/session/3113c0127527982047c2c0cbec19f22b/element/f.98D246DDA407406B6F8C3DBE00D42F41.d.348253207A90A264C8DB5FA6D463838C.e.561/element {"using": "css selector", "value": "div[data-testid='note-card-title']"}
DEBUG    urllib3.connectionpool:connectionpool.py:544 http://selenium-hub:4444 "POST /wd/hub/session/3113c0127527982047c2c0cbec19f22b/element/f.98D246DDA407406B6F8C3DBE00D42F41.d.348253207A90A264C8DB5FA6D463838C.e.561/element HTTP/1.1" 200 0
DEBUG    selenium.webdriver.remote.remote_connection:remote_connection.py:329 Remote response: status=200 | data={"value":{"element-6066-11e4-a52e-4f735466cecf":"f.98D246DDA407406B6F8C3DBE00D42F41.d.348253207A90A264C8DB5FA6D463838C.e.744"}} | headers=HTTPHeaderDict({'content-length': '127', 'content-type': 'application/json; charset=utf-8', 'cache-control': 'no-cache'})
DEBUG    selenium.webdriver.remote.remote_connection:remote_connection.py:356 Finished Request
DEBUG    selenium.webdriver.remote.remote_connection:remote_connection.py:313 GET http://selenium-hub:4444/wd/hub/session/3113c0127527982047c2c0cbec19f22b/element/f.98D246DDA407406B6F8C3DBE00D42F41.d.348253207A90A264C8DB5FA6D463838C.e.744/text {}
DEBUG    urllib3.connectionpool:connectionpool.py:544 http://selenium-hub:4444 "GET /wd/hub/session/3113c0127527982047c2c0cbec19f22b/element/f.98D246DDA407406B6F8C3DBE00D42F41.d.348253207A90A264C8DB5FA6D463838C.e.744/text HTTP/1.1" 200 0
DEBUG    selenium.webdriver.remote.remote_connection:remote_connection.py:329 Remote response: status=200 | data={"value":"API E2E 1778144787"} | headers=HTTPHeaderDict({'content-length': '30', 'content-type': 'application/json; charset=utf-8', 'cache-control': 'no-cache'})
DEBUG    selenium.webdriver.remote.remote_connection:remote_connection.py:356 Finished Request
DEBUG    selenium.webdriver.remote.remote_connection:remote_connection.py:313 POST http://selenium-hub:4444/wd/hub/session/3113c0127527982047c2c0cbec19f22b/element/f.98D246DDA407406B6F8C3DBE00D42F41.d.348253207A90A264C8DB5FA6D463838C.e.562/element {"using": "css selector", "value": "div[data-testid='note-card-title']"}
DEBUG    urllib3.connectionpool:connectionpool.py:544 http://selenium-hub:4444 "POST /wd/hub/session/3113c0127527982047c2c0cbec19f22b/element/f.98D246DDA407406B6F8C3DBE00D42F41.d.348253207A90A264C8DB5FA6D463838C.e.562/element HTTP/1.1" 200 0
DEBUG    selenium.webdriver.remote.remote_connection:remote_connection.py:329 Remote response: status=200 | data={"value":{"element-6066-11e4-a52e-4f735466cecf":"f.98D246DDA407406B6F8C3DBE00D42F41.d.348253207A90A264C8DB5FA6D463838C.e.745"}} | headers=HTTPHeaderDict({'content-length': '127', 'content-type': 'application/json; charset=utf-8', 'cache-control': 'no-cache'})
DEBUG    selenium.webdriver.remote.remote_connection:remote_connection.py:356 Finished Request
DEBUG    selenium.webdriver.remote.remote_connection:remote_connection.py:313 GET http://selenium-hub:4444/wd/hub/session/3113c0127527982047c2c0cbec19f22b/element/f.98D246DDA407406B6F8C3DBE00D42F41.d.348253207A90A264C8DB5FA6D463838C.e.745/text {}
DEBUG    urllib3.connectionpool:connectionpool.py:544 http://selenium-hub:4444 "GET /wd/hub/session/3113c0127527982047c2c0cbec19f22b/element/f.98D246DDA407406B6F8C3DBE00D42F41.d.348253207A90A264C8DB5FA6D463838C.e.745/text HTTP/1.1" 200 0
DEBUG    selenium.webdriver.remote.remote_connection:remote_connection.py:329 Remote response: status=200 | data={"value":"API E2E 1778144428"} | headers=HTTPHeaderDict({'content-length': '30', 'content-type': 'application/json; charset=utf-8', 'cache-control': 'no-cache'})
DEBUG    selenium.webdriver.remote.remote_connection:remote_connection.py:356 Finished Request
DEBUG    selenium.webdriver.remote.remote_connection:remote_connection.py:313 POST http://selenium-hub:4444/wd/hub/session/3113c0127527982047c2c0cbec19f22b/element/f.98D246DDA407406B6F8C3DBE00D42F41.d.348253207A90A264C8DB5FA6D463838C.e.563/element {"using": "css selector", "value": "div[data-testid='note-card-title']"}
DEBUG    urllib3.connectionpool:connectionpool.py:544 http://selenium-hub:4444 "POST /wd/hub/session/3113c0127527982047c2c0cbec19f22b/element/f.98D246DDA407406B6F8C3DBE00D42F41.d.348253207A90A264C8DB5FA6D463838C.e.563/element HTTP/1.1" 200 0
DEBUG    selenium.webdriver.remote.remote_connection:remote_connection.py:329 Remote response: status=200 | data={"value":{"element-6066-11e4-a52e-4f735466cecf":"f.98D246DDA407406B6F8C3DBE00D42F41.d.348253207A90A264C8DB5FA6D463838C.e.746"}} | headers=HTTPHeaderDict({'content-length': '127', 'content-type': 'application/json; charset=utf-8', 'cache-control': 'no-cache'})
DEBUG    selenium.webdriver.remote.remote_connection:remote_connection.py:356 Finished Request
DEBUG    selenium.webdriver.remote.remote_connection:remote_connection.py:313 GET http://selenium-hub:4444/wd/hub/session/3113c0127527982047c2c0cbec19f22b/element/f.98D246DDA407406B6F8C3DBE00D42F41.d.348253207A90A264C8DB5FA6D463838C.e.746/text {}
DEBUG    urllib3.connectionpool:connectionpool.py:544 http://selenium-hub:4444 "GET /wd/hub/session/3113c0127527982047c2c0cbec19f22b/element/f.98D246DDA407406B6F8C3DBE00D42F41.d.348253207A90A264C8DB5FA6D463838C.e.746/text HTTP/1.1" 200 0
DEBUG    selenium.webdriver.remote.remote_connection:remote_connection.py:329 Remote response: status=200 | data={"value":"API E2E 1778143482"} | headers=HTTPHeaderDict({'content-length': '30', 'content-type': 'application/json; charset=utf-8', 'cache-control': 'no-cache'})
DEBUG    selenium.webdriver.remote.remote_connection:remote_connection.py:356 Finished Request
DEBUG    selenium.webdriver.remote.remote_connection:remote_connection.py:313 POST http://selenium-hub:4444/wd/hub/session/3113c0127527982047c2c0cbec19f22b/element/f.98D246DDA407406B6F8C3DBE00D42F41.d.348253207A90A264C8DB5FA6D463838C.e.564/element {"using": "css selector", "value": "div[data-testid='note-card-title']"}
DEBUG    urllib3.connectionpool:connectionpool.py:544 http://selenium-hub:4444 "POST /wd/hub/session/3113c0127527982047c2c0cbec19f22b/element/f.98D246DDA407406B6F8C3DBE00D42F41.d.348253207A90A264C8DB5FA6D463838C.e.564/element HTTP/1.1" 200 0
DEBUG    selenium.webdriver.remote.remote_connection:remote_connection.py:329 Remote response: status=200 | data={"value":{"element-6066-11e4-a52e-4f735466cecf":"f.98D246DDA407406B6F8C3DBE00D42F41.d.348253207A90A264C8DB5FA6D463838C.e.747"}} | headers=HTTPHeaderDict({'content-length': '127', 'content-type': 'application/json; charset=utf-8', 'cache-control': 'no-cache'})
DEBUG    selenium.webdriver.remote.remote_connection:remote_connection.py:356 Finished Request
DEBUG    selenium.webdriver.remote.remote_connection:remote_connection.py:313 GET http://selenium-hub:4444/wd/hub/session/3113c0127527982047c2c0cbec19f22b/element/f.98D246DDA407406B6F8C3DBE00D42F41.d.348253207A90A264C8DB5FA6D463838C.e.747/text {}
DEBUG    urllib3.connectionpool:connectionpool.py:544 http://selenium-hub:4444 "GET /wd/hub/session/3113c0127527982047c2c0cbec19f22b/element/f.98D246DDA407406B6F8C3DBE00D42F41.d.348253207A90A264C8DB5FA6D463838C.e.747/text HTTP/1.1" 200 0
DEBUG    selenium.webdriver.remote.remote_connection:remote_connection.py:329 Remote response: status=200 | data={"value":"E2E Title"} | headers=HTTPHeaderDict({'content-length': '21', 'content-type': 'application/json; charset=utf-8', 'cache-control': 'no-cache'})
DEBUG    selenium.webdriver.remote.remote_connection:remote_connection.py:356 Finished Request
DEBUG    selenium.webdriver.remote.remote_connection:remote_connection.py:313 POST http://selenium-hub:4444/wd/hub/session/3113c0127527982047c2c0cbec19f22b/element/f.98D246DDA407406B6F8C3DBE00D42F41.d.348253207A90A264C8DB5FA6D463838C.e.565/element {"using": "css selector", "value": "div[data-testid='note-card-title']"}
DEBUG    urllib3.connectionpool:connectionpool.py:544 http://selenium-hub:4444 "POST /wd/hub/session/3113c0127527982047c2c0cbec19f22b/element/f.98D246DDA407406B6F8C3DBE00D42F41.d.348253207A90A264C8DB5FA6D463838C.e.565/element HTTP/1.1" 200 0
DEBUG    selenium.webdriver.remote.remote_connection:remote_connection.py:329 Remote response: status=200 | data={"value":{"element-6066-11e4-a52e-4f735466cecf":"f.98D246DDA407406B6F8C3DBE00D42F41.d.348253207A90A264C8DB5FA6D463838C.e.748"}} | headers=HTTPHeaderDict({'content-length': '127', 'content-type': 'application/json; charset=utf-8', 'cache-control': 'no-cache'})
DEBUG    selenium.webdriver.remote.remote_connection:remote_connection.py:356 Finished Request
DEBUG    selenium.webdriver.remote.remote_connection:remote_connection.py:313 GET http://selenium-hub:4444/wd/hub/session/3113c0127527982047c2c0cbec19f22b/element/f.98D246DDA407406B6F8C3DBE00D42F41.d.348253207A90A264C8DB5FA6D463838C.e.748/text {}
DEBUG    urllib3.connectionpool:connectionpool.py:544 http://selenium-hub:4444 "GET /wd/hub/session/3113c0127527982047c2c0cbec19f22b/element/f.98D246DDA407406B6F8C3DBE00D42F41.d.348253207A90A264C8DB5FA6D463838C.e.748/text HTTP/1.1" 200 0
DEBUG    selenium.webdriver.remote.remote_connection:remote_connection.py:329 Remote response: status=200 | data={"value":"API E2E 1778142575"} | headers=HTTPHeaderDict({'content-length': '30', 'content-type': 'application/json; charset=utf-8', 'cache-control': 'no-cache'})
DEBUG    selenium.webdriver.remote.remote_connection:remote_connection.py:356 Finished Request
DEBUG    selenium.webdriver.remote.remote_connection:remote_connection.py:313 POST http://selenium-hub:4444/wd/hub/session/3113c0127527982047c2c0cbec19f22b/element/f.98D246DDA407406B6F8C3DBE00D42F41.d.348253207A90A264C8DB5FA6D463838C.e.566/element {"using": "css selector", "value": "div[data-testid='note-card-title']"}
DEBUG    urllib3.connectionpool:connectionpool.py:544 http://selenium-hub:4444 "POST /wd/hub/session/3113c0127527982047c2c0cbec19f22b/element/f.98D246DDA407406B6F8C3DBE00D42F41.d.348253207A90A264C8DB5FA6D463838C.e.566/element HTTP/1.1" 200 0
DEBUG    selenium.webdriver.remote.remote_connection:remote_connection.py:329 Remote response: status=200 | data={"value":{"element-6066-11e4-a52e-4f735466cecf":"f.98D246DDA407406B6F8C3DBE00D42F41.d.348253207A90A264C8DB5FA6D463838C.e.749"}} | headers=HTTPHeaderDict({'content-length': '127', 'content-type': 'application/json; charset=utf-8', 'cache-control': 'no-cache'})
DEBUG    selenium.webdriver.remote.remote_connection:remote_connection.py:356 Finished Request
DEBUG    selenium.webdriver.remote.remote_connection:remote_connection.py:313 GET http://selenium-hub:4444/wd/hub/session/3113c0127527982047c2c0cbec19f22b/element/f.98D246DDA407406B6F8C3DBE00D42F41.d.348253207A90A264C8DB5FA6D463838C.e.749/text {}
DEBUG    urllib3.connectionpool:connectionpool.py:544 http://selenium-hub:4444 "GET /wd/hub/session/3113c0127527982047c2c0cbec19f22b/element/f.98D246DDA407406B6F8C3DBE00D42F41.d.348253207A90A264C8DB5FA6D463838C.e.749/text HTTP/1.1" 200 0
DEBUG    selenium.webdriver.remote.remote_connection:remote_connection.py:329 Remote response: status=200 | data={"value":"E2E Title"} | headers=HTTPHeaderDict({'content-length': '21', 'content-type': 'application/json; charset=utf-8', 'cache-control': 'no-cache'})
DEBUG    selenium.webdriver.remote.remote_connection:remote_connection.py:356 Finished Request
DEBUG    selenium.webdriver.remote.remote_connection:remote_connection.py:313 POST http://selenium-hub:4444/wd/hub/session/3113c0127527982047c2c0cbec19f22b/element/f.98D246DDA407406B6F8C3DBE00D42F41.d.348253207A90A264C8DB5FA6D463838C.e.567/element {"using": "css selector", "value": "div[data-testid='note-card-title']"}
DEBUG    urllib3.connectionpool:connectionpool.py:544 http://selenium-hub:4444 "POST /wd/hub/session/3113c0127527982047c2c0cbec19f22b/element/f.98D246DDA407406B6F8C3DBE00D42F41.d.348253207A90A264C8DB5FA6D463838C.e.567/element HTTP/1.1" 200 0
DEBUG    selenium.webdriver.remote.remote_connection:remote_connection.py:329 Remote response: status=200 | data={"value":{"element-6066-11e4-a52e-4f735466cecf":"f.98D246DDA407406B6F8C3DBE00D42F41.d.348253207A90A264C8DB5FA6D463838C.e.750"}} | headers=HTTPHeaderDict({'content-length': '127', 'content-type': 'application/json; charset=utf-8', 'cache-control': 'no-cache'})
DEBUG    selenium.webdriver.remote.remote_connection:remote_connection.py:356 Finished Request
DEBUG    selenium.webdriver.remote.remote_connection:remote_connection.py:313 GET http://selenium-hub:4444/wd/hub/session/3113c0127527982047c2c0cbec19f22b/element/f.98D246DDA407406B6F8C3DBE00D42F41.d.348253207A90A264C8DB5FA6D463838C.e.750/text {}
DEBUG    urllib3.connectionpool:connectionpool.py:544 http://selenium-hub:4444 "GET /wd/hub/session/3113c0127527982047c2c0cbec19f22b/element/f.98D246DDA407406B6F8C3DBE00D42F41.d.348253207A90A264C8DB5FA6D463838C.e.750/text HTTP/1.1" 200 0
DEBUG    selenium.webdriver.remote.remote_connection:remote_connection.py:329 Remote response: status=200 | data={"value":"UI Test"} | headers=HTTPHeaderDict({'content-length': '19', 'content-type': 'application/json; charset=utf-8', 'cache-control': 'no-cache'})
DEBUG    selenium.webdriver.remote.remote_connection:remote_connection.py:356 Finished Request
DEBUG    selenium.webdriver.remote.remote_connection:remote_connection.py:313 POST http://selenium-hub:4444/wd/hub/session/3113c0127527982047c2c0cbec19f22b/element/f.98D246DDA407406B6F8C3DBE00D42F41.d.348253207A90A264C8DB5FA6D463838C.e.568/element {"using": "css selector", "value": "div[data-testid='note-card-title']"}
DEBUG    urllib3.connectionpool:connectionpool.py:544 http://selenium-hub:4444 "POST /wd/hub/session/3113c0127527982047c2c0cbec19f22b/element/f.98D246DDA407406B6F8C3DBE00D42F41.d.348253207A90A264C8DB5FA6D463838C.e.568/element HTTP/1.1" 200 0
DEBUG    selenium.webdriver.remote.remote_connection:remote_connection.py:329 Remote response: status=200 | data={"value":{"element-6066-11e4-a52e-4f735466cecf":"f.98D246DDA407406B6F8C3DBE00D42F41.d.348253207A90A264C8DB5FA6D463838C.e.751"}} | headers=HTTPHeaderDict({'content-length': '127', 'content-type': 'application/json; charset=utf-8', 'cache-control': 'no-cache'})
DEBUG    selenium.webdriver.remote.remote_connection:remote_connection.py:356 Finished Request
DEBUG    selenium.webdriver.remote.remote_connection:remote_connection.py:313 GET http://selenium-hub:4444/wd/hub/session/3113c0127527982047c2c0cbec19f22b/element/f.98D246DDA407406B6F8C3DBE00D42F41.d.348253207A90A264C8DB5FA6D463838C.e.751/text {}
DEBUG    urllib3.connectionpool:connectionpool.py:544 http://selenium-hub:4444 "GET /wd/hub/session/3113c0127527982047c2c0cbec19f22b/element/f.98D246DDA407406B6F8C3DBE00D42F41.d.348253207A90A264C8DB5FA6D463838C.e.751/text HTTP/1.1" 200 0
DEBUG    selenium.webdriver.remote.remote_connection:remote_connection.py:329 Remote response: status=200 | data={"value":"API E2E 1778135958"} | headers=HTTPHeaderDict({'content-length': '30', 'content-type': 'application/json; charset=utf-8', 'cache-control': 'no-cache'})
DEBUG    selenium.webdriver.remote.remote_connection:remote_connection.py:356 Finished Request
DEBUG    selenium.webdriver.remote.remote_connection:remote_connection.py:313 POST http://selenium-hub:4444/wd/hub/session/3113c0127527982047c2c0cbec19f22b/element/f.98D246DDA407406B6F8C3DBE00D42F41.d.348253207A90A264C8DB5FA6D463838C.e.569/element {"using": "css selector", "value": "div[data-testid='note-card-title']"}
DEBUG    urllib3.connectionpool:connectionpool.py:544 http://selenium-hub:4444 "POST /wd/hub/session/3113c0127527982047c2c0cbec19f22b/element/f.98D246DDA407406B6F8C3DBE00D42F41.d.348253207A90A264C8DB5FA6D463838C.e.569/element HTTP/1.1" 200 0
DEBUG    selenium.webdriver.remote.remote_connection:remote_connection.py:329 Remote response: status=200 | data={"value":{"element-6066-11e4-a52e-4f735466cecf":"f.98D246DDA407406B6F8C3DBE00D42F41.d.348253207A90A264C8DB5FA6D463838C.e.752"}} | headers=HTTPHeaderDict({'content-length': '127', 'content-type': 'application/json; charset=utf-8', 'cache-control': 'no-cache'})
DEBUG    selenium.webdriver.remote.remote_connection:remote_connection.py:356 Finished Request
DEBUG    selenium.webdriver.remote.remote_connection:remote_connection.py:313 GET http://selenium-hub:4444/wd/hub/session/3113c0127527982047c2c0cbec19f22b/element/f.98D246DDA407406B6F8C3DBE00D42F41.d.348253207A90A264C8DB5FA6D463838C.e.752/text {}
DEBUG    urllib3.connectionpool:connectionpool.py:544 http://selenium-hub:4444 "GET /wd/hub/session/3113c0127527982047c2c0cbec19f22b/element/f.98D246DDA407406B6F8C3DBE00D42F41.d.348253207A90A264C8DB5FA6D463838C.e.752/text HTTP/1.1" 200 0
DEBUG    selenium.webdriver.remote.remote_connection:remote_connection.py:329 Remote response: status=200 | data={"value":"API E2E 1778135911"} | headers=HTTPHeaderDict({'content-length': '30', 'content-type': 'application/json; charset=utf-8', 'cache-control': 'no-cache'})
DEBUG    selenium.webdriver.remote.remote_connection:remote_connection.py:356 Finished Request
DEBUG    selenium.webdriver.remote.remote_connection:remote_connection.py:313 POST http://selenium-hub:4444/wd/hub/session/3113c0127527982047c2c0cbec19f22b/element/f.98D246DDA407406B6F8C3DBE00D42F41.d.348253207A90A264C8DB5FA6D463838C.e.570/element {"using": "css selector", "value": "div[data-testid='note-card-title']"}
DEBUG    urllib3.connectionpool:connectionpool.py:544 http://selenium-hub:4444 "POST /wd/hub/session/3113c0127527982047c2c0cbec19f22b/element/f.98D246DDA407406B6F8C3DBE00D42F41.d.348253207A90A264C8DB5FA6D463838C.e.570/element HTTP/1.1" 200 0
DEBUG    selenium.webdriver.remote.remote_connection:remote_connection.py:329 Remote response: status=200 | data={"value":{"element-6066-11e4-a52e-4f735466cecf":"f.98D246DDA407406B6F8C3DBE00D42F41.d.348253207A90A264C8DB5FA6D463838C.e.753"}} | headers=HTTPHeaderDict({'content-length': '127', 'content-type': 'application/json; charset=utf-8', 'cache-control': 'no-cache'})
DEBUG    selenium.webdriver.remote.remote_connection:remote_connection.py:356 Finished Request
DEBUG    selenium.webdriver.remote.remote_connection:remote_connection.py:313 GET http://selenium-hub:4444/wd/hub/session/3113c0127527982047c2c0cbec19f22b/element/f.98D246DDA407406B6F8C3DBE00D42F41.d.348253207A90A264C8DB5FA6D463838C.e.753/text {}
DEBUG    urllib3.connectionpool:connectionpool.py:544 http://selenium-hub:4444 "GET /wd/hub/session/3113c0127527982047c2c0cbec19f22b/element/f.98D246DDA407406B6F8C3DBE00D42F41.d.348253207A90A264C8DB5FA6D463838C.e.753/text HTTP/1.1" 200 0
DEBUG    selenium.webdriver.remote.remote_connection:remote_connection.py:329 Remote response: status=200 | data={"value":"E2E Title"} | headers=HTTPHeaderDict({'content-length': '21', 'content-type': 'application/json; charset=utf-8', 'cache-control': 'no-cache'})
DEBUG    selenium.webdriver.remote.remote_connection:remote_connection.py:356 Finished Request
DEBUG    selenium.webdriver.remote.remote_connection:remote_connection.py:313 POST http://selenium-hub:4444/wd/hub/session/3113c0127527982047c2c0cbec19f22b/element/f.98D246DDA407406B6F8C3DBE00D42F41.d.348253207A90A264C8DB5FA6D463838C.e.571/element {"using": "css selector", "value": "div[data-testid='note-card-title']"}
DEBUG    urllib3.connectionpool:connectionpool.py:544 http://selenium-hub:4444 "POST /wd/hub/session/3113c0127527982047c2c0cbec19f22b/element/f.98D246DDA407406B6F8C3DBE00D42F41.d.348253207A90A264C8DB5FA6D463838C.e.571/element HTTP/1.1" 200 0
DEBUG    selenium.webdriver.remote.remote_connection:remote_connection.py:329 Remote response: status=200 | data={"value":{"element-6066-11e4-a52e-4f735466cecf":"f.98D246DDA407406B6F8C3DBE00D42F41.d.348253207A90A264C8DB5FA6D463838C.e.754"}} | headers=HTTPHeaderDict({'content-length': '127', 'content-type': 'application/json; charset=utf-8', 'cache-control': 'no-cache'})
DEBUG    selenium.webdriver.remote.remote_connection:remote_connection.py:356 Finished Request
DEBUG    selenium.webdriver.remote.remote_connection:remote_connection.py:313 GET http://selenium-hub:4444/wd/hub/session/3113c0127527982047c2c0cbec19f22b/element/f.98D246DDA407406B6F8C3DBE00D42F41.d.348253207A90A264C8DB5FA6D463838C.e.754/text {}
DEBUG    urllib3.connectionpool:connectionpool.py:544 http://selenium-hub:4444 "GET /wd/hub/session/3113c0127527982047c2c0cbec19f22b/element/f.98D246DDA407406B6F8C3DBE00D42F41.d.348253207A90A264C8DB5FA6D463838C.e.754/text HTTP/1.1" 200 0
DEBUG    selenium.webdriver.remote.remote_connection:remote_connection.py:329 Remote response: status=200 | data={"value":"UI Test"} | headers=HTTPHeaderDict({'content-length': '19', 'content-type': 'application/json; charset=utf-8', 'cache-control': 'no-cache'})
DEBUG    selenium.webdriver.remote.remote_connection:remote_connection.py:356 Finished Request
DEBUG    selenium.webdriver.remote.remote_connection:remote_connection.py:313 POST http://selenium-hub:4444/wd/hub/session/3113c0127527982047c2c0cbec19f22b/element/f.98D246DDA407406B6F8C3DBE00D42F41.d.348253207A90A264C8DB5FA6D463838C.e.572/element {"using": "css selector", "value": "div[data-testid='note-card-title']"}
DEBUG    urllib3.connectionpool:connectionpool.py:544 http://selenium-hub:4444 "POST /wd/hub/session/3113c0127527982047c2c0cbec19f22b/element/f.98D246DDA407406B6F8C3DBE00D42F41.d.348253207A90A264C8DB5FA6D463838C.e.572/element HTTP/1.1" 200 0
DEBUG    selenium.webdriver.remote.remote_connection:remote_connection.py:329 Remote response: status=200 | data={"value":{"element-6066-11e4-a52e-4f735466cecf":"f.98D246DDA407406B6F8C3DBE00D42F41.d.348253207A90A264C8DB5FA6D463838C.e.755"}} | headers=HTTPHeaderDict({'content-length': '127', 'content-type': 'application/json; charset=utf-8', 'cache-control': 'no-cache'})
DEBUG    selenium.webdriver.remote.remote_connection:remote_connection.py:356 Finished Request
DEBUG    selenium.webdriver.remote.remote_connection:remote_connection.py:313 GET http://selenium-hub:4444/wd/hub/session/3113c0127527982047c2c0cbec19f22b/element/f.98D246DDA407406B6F8C3DBE00D42F41.d.348253207A90A264C8DB5FA6D463838C.e.755/text {}
DEBUG    urllib3.connectionpool:connectionpool.py:544 http://selenium-hub:4444 "GET /wd/hub/session/3113c0127527982047c2c0cbec19f22b/element/f.98D246DDA407406B6F8C3DBE00D42F41.d.348253207A90A264C8DB5FA6D463838C.e.755/text HTTP/1.1" 200 0
DEBUG    selenium.webdriver.remote.remote_connection:remote_connection.py:329 Remote response: status=200 | data={"value":"E2E Title"} | headers=HTTPHeaderDict({'content-length': '21', 'content-type': 'application/json; charset=utf-8', 'cache-control': 'no-cache'})
DEBUG    selenium.webdriver.remote.remote_connection:remote_connection.py:356 Finished Request
DEBUG    selenium.webdriver.remote.remote_connection:remote_connection.py:313 POST http://selenium-hub:4444/wd/hub/session/3113c0127527982047c2c0cbec19f22b/element/f.98D246DDA407406B6F8C3DBE00D42F41.d.348253207A90A264C8DB5FA6D463838C.e.573/element {"using": "css selector", "value": "div[data-testid='note-card-title']"}
DEBUG    urllib3.connectionpool:connectionpool.py:544 http://selenium-hub:4444 "POST /wd/hub/session/3113c0127527982047c2c0cbec19f22b/element/f.98D246DDA407406B6F8C3DBE00D42F41.d.348253207A90A264C8DB5FA6D463838C.e.573/element HTTP/1.1" 200 0
DEBUG    selenium.webdriver.remote.remote_connection:remote_connection.py:329 Remote response: status=200 | data={"value":{"element-6066-11e4-a52e-4f735466cecf":"f.98D246DDA407406B6F8C3DBE00D42F41.d.348253207A90A264C8DB5FA6D463838C.e.756"}} | headers=HTTPHeaderDict({'content-length': '127', 'content-type': 'application/json; charset=utf-8', 'cache-control': 'no-cache'})
DEBUG    selenium.webdriver.remote.remote_connection:remote_connection.py:356 Finished Request
DEBUG    selenium.webdriver.remote.remote_connection:remote_connection.py:313 GET http://selenium-hub:4444/wd/hub/session/3113c0127527982047c2c0cbec19f22b/element/f.98D246DDA407406B6F8C3DBE00D42F41.d.348253207A90A264C8DB5FA6D463838C.e.756/text {}
DEBUG    urllib3.connectionpool:connectionpool.py:544 http://selenium-hub:4444 "GET /wd/hub/session/3113c0127527982047c2c0cbec19f22b/element/f.98D246DDA407406B6F8C3DBE00D42F41.d.348253207A90A264C8DB5FA6D463838C.e.756/text HTTP/1.1" 200 0
DEBUG    selenium.webdriver.remote.remote_connection:remote_connection.py:329 Remote response: status=200 | data={"value":"UI Test"} | headers=HTTPHeaderDict({'content-length': '19', 'content-type': 'application/json; charset=utf-8', 'cache-control': 'no-cache'})
DEBUG    selenium.webdriver.remote.remote_connection:remote_connection.py:356 Finished Request
DEBUG    selenium.webdriver.remote.remote_connection:remote_connection.py:313 POST http://selenium-hub:4444/wd/hub/session/3113c0127527982047c2c0cbec19f22b/element/f.98D246DDA407406B6F8C3DBE00D42F41.d.348253207A90A264C8DB5FA6D463838C.e.574/element {"using": "css selector", "value": "div[data-testid='note-card-title']"}
DEBUG    urllib3.connectionpool:connectionpool.py:544 http://selenium-hub:4444 "POST /wd/hub/session/3113c0127527982047c2c0cbec19f22b/element/f.98D246DDA407406B6F8C3DBE00D42F41.d.348253207A90A264C8DB5FA6D463838C.e.574/element HTTP/1.1" 200 0
DEBUG    selenium.webdriver.remote.remote_connection:remote_connection.py:329 Remote response: status=200 | data={"value":{"element-6066-11e4-a52e-4f735466cecf":"f.98D246DDA407406B6F8C3DBE00D42F41.d.348253207A90A264C8DB5FA6D463838C.e.757"}} | headers=HTTPHeaderDict({'content-length': '127', 'content-type': 'application/json; charset=utf-8', 'cache-control': 'no-cache'})
DEBUG    selenium.webdriver.remote.remote_connection:remote_connection.py:356 Finished Request
DEBUG    selenium.webdriver.remote.remote_connection:remote_connection.py:313 GET http://selenium-hub:4444/wd/hub/session/3113c0127527982047c2c0cbec19f22b/element/f.98D246DDA407406B6F8C3DBE00D42F41.d.348253207A90A264C8DB5FA6D463838C.e.757/text {}
DEBUG    urllib3.connectionpool:connectionpool.py:544 http://selenium-hub:4444 "GET /wd/hub/session/3113c0127527982047c2c0cbec19f22b/element/f.98D246DDA407406B6F8C3DBE00D42F41.d.348253207A90A264C8DB5FA6D463838C.e.757/text HTTP/1.1" 200 0
DEBUG    selenium.webdriver.remote.remote_connection:remote_connection.py:329 Remote response: status=200 | data={"value":"E2E Title"} | headers=HTTPHeaderDict({'content-length': '21', 'content-type': 'application/json; charset=utf-8', 'cache-control': 'no-cache'})
DEBUG    selenium.webdriver.remote.remote_connection:remote_connection.py:356 Finished Request
DEBUG    selenium.webdriver.remote.remote_connection:remote_connection.py:313 POST http://selenium-hub:4444/wd/hub/session/3113c0127527982047c2c0cbec19f22b/element/f.98D246DDA407406B6F8C3DBE00D42F41.d.348253207A90A264C8DB5FA6D463838C.e.575/element {"using": "css selector", "value": "div[data-testid='note-card-title']"}
DEBUG    urllib3.connectionpool:connectionpool.py:544 http://selenium-hub:4444 "POST /wd/hub/session/3113c0127527982047c2c0cbec19f22b/element/f.98D246DDA407406B6F8C3DBE00D42F41.d.348253207A90A264C8DB5FA6D463838C.e.575/element HTTP/1.1" 200 0
DEBUG    selenium.webdriver.remote.remote_connection:remote_connection.py:329 Remote response: status=200 | data={"value":{"element-6066-11e4-a52e-4f735466cecf":"f.98D246DDA407406B6F8C3DBE00D42F41.d.348253207A90A264C8DB5FA6D463838C.e.758"}} | headers=HTTPHeaderDict({'content-length': '127', 'content-type': 'application/json; charset=utf-8', 'cache-control': 'no-cache'})
DEBUG    selenium.webdriver.remote.remote_connection:remote_connection.py:356 Finished Request
DEBUG    selenium.webdriver.remote.remote_connection:remote_connection.py:313 GET http://selenium-hub:4444/wd/hub/session/3113c0127527982047c2c0cbec19f22b/element/f.98D246DDA407406B6F8C3DBE00D42F41.d.348253207A90A264C8DB5FA6D463838C.e.758/text {}
DEBUG    urllib3.connectionpool:connectionpool.py:544 http://selenium-hub:4444 "GET /wd/hub/session/3113c0127527982047c2c0cbec19f22b/element/f.98D246DDA407406B6F8C3DBE00D42F41.d.348253207A90A264C8DB5FA6D463838C.e.758/text HTTP/1.1" 200 0
DEBUG    selenium.webdriver.remote.remote_connection:remote_connection.py:329 Remote response: status=200 | data={"value":"UI Test"} | headers=HTTPHeaderDict({'content-length': '19', 'content-type': 'application/json; charset=utf-8', 'cache-control': 'no-cache'})
DEBUG    selenium.webdriver.remote.remote_connection:remote_connection.py:356 Finished Request
DEBUG    selenium.webdriver.remote.remote_connection:remote_connection.py:313 POST http://selenium-hub:4444/wd/hub/session/3113c0127527982047c2c0cbec19f22b/element/f.98D246DDA407406B6F8C3DBE00D42F41.d.348253207A90A264C8DB5FA6D463838C.e.576/element {"using": "css selector", "value": "div[data-testid='note-card-title']"}
DEBUG    urllib3.connectionpool:connectionpool.py:544 http://selenium-hub:4444 "POST /wd/hub/session/3113c0127527982047c2c0cbec19f22b/element/f.98D246DDA407406B6F8C3DBE00D42F41.d.348253207A90A264C8DB5FA6D463838C.e.576/element HTTP/1.1" 200 0
DEBUG    selenium.webdriver.remote.remote_connection:remote_connection.py:329 Remote response: status=200 | data={"value":{"element-6066-11e4-a52e-4f735466cecf":"f.98D246DDA407406B6F8C3DBE00D42F41.d.348253207A90A264C8DB5FA6D463838C.e.759"}} | headers=HTTPHeaderDict({'content-length': '127', 'content-type': 'application/json; charset=utf-8', 'cache-control': 'no-cache'})
DEBUG    selenium.webdriver.remote.remote_connection:remote_connection.py:356 Finished Request
DEBUG    selenium.webdriver.remote.remote_connection:remote_connection.py:313 GET http://selenium-hub:4444/wd/hub/session/3113c0127527982047c2c0cbec19f22b/element/f.98D246DDA407406B6F8C3DBE00D42F41.d.348253207A90A264C8DB5FA6D463838C.e.759/text {}
DEBUG    urllib3.connectionpool:connectionpool.py:544 http://selenium-hub:4444 "GET /wd/hub/session/3113c0127527982047c2c0cbec19f22b/element/f.98D246DDA407406B6F8C3DBE00D42F41.d.348253207A90A264C8DB5FA6D463838C.e.759/text HTTP/1.1" 200 0
DEBUG    selenium.webdriver.remote.remote_connection:remote_connection.py:329 Remote response: status=200 | data={"value":"API E2E 1778130003"} | headers=HTTPHeaderDict({'content-length': '30', 'content-type': 'application/json; charset=utf-8', 'cache-control': 'no-cache'})
DEBUG    selenium.webdriver.remote.remote_connection:remote_connection.py:356 Finished Request
DEBUG    selenium.webdriver.remote.remote_connection:remote_connection.py:313 POST http://selenium-hub:4444/wd/hub/session/3113c0127527982047c2c0cbec19f22b/element/f.98D246DDA407406B6F8C3DBE00D42F41.d.348253207A90A264C8DB5FA6D463838C.e.577/element {"using": "css selector", "value": "div[data-testid='note-card-title']"}
DEBUG    urllib3.connectionpool:connectionpool.py:544 http://selenium-hub:4444 "POST /wd/hub/session/3113c0127527982047c2c0cbec19f22b/element/f.98D246DDA407406B6F8C3DBE00D42F41.d.348253207A90A264C8DB5FA6D463838C.e.577/element HTTP/1.1" 200 0
DEBUG    selenium.webdriver.remote.remote_connection:remote_connection.py:329 Remote response: status=200 | data={"value":{"element-6066-11e4-a52e-4f735466cecf":"f.98D246DDA407406B6F8C3DBE00D42F41.d.348253207A90A264C8DB5FA6D463838C.e.760"}} | headers=HTTPHeaderDict({'content-length': '127', 'content-type': 'application/json; charset=utf-8', 'cache-control': 'no-cache'})
DEBUG    selenium.webdriver.remote.remote_connection:remote_connection.py:356 Finished Request
DEBUG    selenium.webdriver.remote.remote_connection:remote_connection.py:313 GET http://selenium-hub:4444/wd/hub/session/3113c0127527982047c2c0cbec19f22b/element/f.98D246DDA407406B6F8C3DBE00D42F41.d.348253207A90A264C8DB5FA6D463838C.e.760/text {}
DEBUG    urllib3.connectionpool:connectionpool.py:544 http://selenium-hub:4444 "GET /wd/hub/session/3113c0127527982047c2c0cbec19f22b/element/f.98D246DDA407406B6F8C3DBE00D42F41.d.348253207A90A264C8DB5FA6D463838C.e.760/text HTTP/1.1" 200 0
DEBUG    selenium.webdriver.remote.remote_connection:remote_connection.py:329 Remote response: status=200 | data={"value":"E2E Title"} | headers=HTTPHeaderDict({'content-length': '21', 'content-type': 'application/json; charset=utf-8', 'cache-control': 'no-cache'})
DEBUG    selenium.webdriver.remote.remote_connection:remote_connection.py:356 Finished Request
DEBUG    selenium.webdriver.remote.remote_connection:remote_connection.py:313 POST http://selenium-hub:4444/wd/hub/session/3113c0127527982047c2c0cbec19f22b/element/f.98D246DDA407406B6F8C3DBE00D42F41.d.348253207A90A264C8DB5FA6D463838C.e.578/element {"using": "css selector", "value": "div[data-testid='note-card-title']"}
DEBUG    urllib3.connectionpool:connectionpool.py:544 http://selenium-hub:4444 "POST /wd/hub/session/3113c0127527982047c2c0cbec19f22b/element/f.98D246DDA407406B6F8C3DBE00D42F41.d.348253207A90A264C8DB5FA6D463838C.e.578/element HTTP/1.1" 200 0
DEBUG    selenium.webdriver.remote.remote_connection:remote_connection.py:329 Remote response: status=200 | data={"value":{"element-6066-11e4-a52e-4f735466cecf":"f.98D246DDA407406B6F8C3DBE00D42F41.d.348253207A90A264C8DB5FA6D463838C.e.761"}} | headers=HTTPHeaderDict({'content-length': '127', 'content-type': 'application/json; charset=utf-8', 'cache-control': 'no-cache'})
DEBUG    selenium.webdriver.remote.remote_connection:remote_connection.py:356 Finished Request
DEBUG    selenium.webdriver.remote.remote_connection:remote_connection.py:313 GET http://selenium-hub:4444/wd/hub/session/3113c0127527982047c2c0cbec19f22b/element/f.98D246DDA407406B6F8C3DBE00D42F41.d.348253207A90A264C8DB5FA6D463838C.e.761/text {}
DEBUG    urllib3.connectionpool:connectionpool.py:544 http://selenium-hub:4444 "GET /wd/hub/session/3113c0127527982047c2c0cbec19f22b/element/f.98D246DDA407406B6F8C3DBE00D42F41.d.348253207A90A264C8DB5FA6D463838C.e.761/text HTTP/1.1" 200 0
DEBUG    selenium.webdriver.remote.remote_connection:remote_connection.py:329 Remote response: status=200 | data={"value":"UI Test"} | headers=HTTPHeaderDict({'content-length': '19', 'content-type': 'application/json; charset=utf-8', 'cache-control': 'no-cache'})
DEBUG    selenium.webdriver.remote.remote_connection:remote_connection.py:356 Finished Request
DEBUG    selenium.webdriver.remote.remote_connection:remote_connection.py:313 POST http://selenium-hub:4444/wd/hub/session/3113c0127527982047c2c0cbec19f22b/element/f.98D246DDA407406B6F8C3DBE00D42F41.d.348253207A90A264C8DB5FA6D463838C.e.579/element {"using": "css selector", "value": "div[data-testid='note-card-title']"}
DEBUG    urllib3.connectionpool:connectionpool.py:544 http://selenium-hub:4444 "POST /wd/hub/session/3113c0127527982047c2c0cbec19f22b/element/f.98D246DDA407406B6F8C3DBE00D42F41.d.348253207A90A264C8DB5FA6D463838C.e.579/element HTTP/1.1" 200 0
DEBUG    selenium.webdriver.remote.remote_connection:remote_connection.py:329 Remote response: status=200 | data={"value":{"element-6066-11e4-a52e-4f735466cecf":"f.98D246DDA407406B6F8C3DBE00D42F41.d.348253207A90A264C8DB5FA6D463838C.e.762"}} | headers=HTTPHeaderDict({'content-length': '127', 'content-type': 'application/json; charset=utf-8', 'cache-control': 'no-cache'})
DEBUG    selenium.webdriver.remote.remote_connection:remote_connection.py:356 Finished Request
DEBUG    selenium.webdriver.remote.remote_connection:remote_connection.py:313 GET http://selenium-hub:4444/wd/hub/session/3113c0127527982047c2c0cbec19f22b/element/f.98D246DDA407406B6F8C3DBE00D42F41.d.348253207A90A264C8DB5FA6D463838C.e.762/text {}
DEBUG    urllib3.connectionpool:connectionpool.py:544 http://selenium-hub:4444 "GET /wd/hub/session/3113c0127527982047c2c0cbec19f22b/element/f.98D246DDA407406B6F8C3DBE00D42F41.d.348253207A90A264C8DB5FA6D463838C.e.762/text HTTP/1.1" 200 0
DEBUG    selenium.webdriver.remote.remote_connection:remote_connection.py:329 Remote response: status=200 | data={"value":"Delete Note 1778128727"} | headers=HTTPHeaderDict({'content-length': '34', 'content-type': 'application/json; charset=utf-8', 'cache-control': 'no-cache'})
DEBUG    selenium.webdriver.remote.remote_connection:remote_connection.py:356 Finished Request
DEBUG    selenium.webdriver.remote.remote_connection:remote_connection.py:313 POST http://selenium-hub:4444/wd/hub/session/3113c0127527982047c2c0cbec19f22b/element/f.98D246DDA407406B6F8C3DBE00D42F41.d.348253207A90A264C8DB5FA6D463838C.e.580/element {"using": "css selector", "value": "div[data-testid='note-card-title']"}
DEBUG    urllib3.connectionpool:connectionpool.py:544 http://selenium-hub:4444 "POST /wd/hub/session/3113c0127527982047c2c0cbec19f22b/element/f.98D246DDA407406B6F8C3DBE00D42F41.d.348253207A90A264C8DB5FA6D463838C.e.580/element HTTP/1.1" 200 0
DEBUG    selenium.webdriver.remote.remote_connection:remote_connection.py:329 Remote response: status=200 | data={"value":{"element-6066-11e4-a52e-4f735466cecf":"f.98D246DDA407406B6F8C3DBE00D42F41.d.348253207A90A264C8DB5FA6D463838C.e.763"}} | headers=HTTPHeaderDict({'content-length': '127', 'content-type': 'application/json; charset=utf-8', 'cache-control': 'no-cache'})
DEBUG    selenium.webdriver.remote.remote_connection:remote_connection.py:356 Finished Request
DEBUG    selenium.webdriver.remote.remote_connection:remote_connection.py:313 GET http://selenium-hub:4444/wd/hub/session/3113c0127527982047c2c0cbec19f22b/element/f.98D246DDA407406B6F8C3DBE00D42F41.d.348253207A90A264C8DB5FA6D463838C.e.763/text {}
DEBUG    urllib3.connectionpool:connectionpool.py:544 http://selenium-hub:4444 "GET /wd/hub/session/3113c0127527982047c2c0cbec19f22b/element/f.98D246DDA407406B6F8C3DBE00D42F41.d.348253207A90A264C8DB5FA6D463838C.e.763/text HTTP/1.1" 200 0
DEBUG    selenium.webdriver.remote.remote_connection:remote_connection.py:329 Remote response: status=200 | data={"value":"E2E Title"} | headers=HTTPHeaderDict({'content-length': '21', 'content-type': 'application/json; charset=utf-8', 'cache-control': 'no-cache'})
DEBUG    selenium.webdriver.remote.remote_connection:remote_connection.py:356 Finished Request
DEBUG    selenium.webdriver.remote.remote_connection:remote_connection.py:313 POST http://selenium-hub:4444/wd/hub/session/3113c0127527982047c2c0cbec19f22b/element/f.98D246DDA407406B6F8C3DBE00D42F41.d.348253207A90A264C8DB5FA6D463838C.e.581/element {"using": "css selector", "value": "div[data-testid='note-card-title']"}
DEBUG    urllib3.connectionpool:connectionpool.py:544 http://selenium-hub:4444 "POST /wd/hub/session/3113c0127527982047c2c0cbec19f22b/element/f.98D246DDA407406B6F8C3DBE00D42F41.d.348253207A90A264C8DB5FA6D463838C.e.581/element HTTP/1.1" 200 0
DEBUG    selenium.webdriver.remote.remote_connection:remote_connection.py:329 Remote response: status=200 | data={"value":{"element-6066-11e4-a52e-4f735466cecf":"f.98D246DDA407406B6F8C3DBE00D42F41.d.348253207A90A264C8DB5FA6D463838C.e.764"}} | headers=HTTPHeaderDict({'content-length': '127', 'content-type': 'application/json; charset=utf-8', 'cache-control': 'no-cache'})
DEBUG    selenium.webdriver.remote.remote_connection:remote_connection.py:356 Finished Request
DEBUG    selenium.webdriver.remote.remote_connection:remote_connection.py:313 GET http://selenium-hub:4444/wd/hub/session/3113c0127527982047c2c0cbec19f22b/element/f.98D246DDA407406B6F8C3DBE00D42F41.d.348253207A90A264C8DB5FA6D463838C.e.764/text {}
DEBUG    urllib3.connectionpool:connectionpool.py:544 http://selenium-hub:4444 "GET /wd/hub/session/3113c0127527982047c2c0cbec19f22b/element/f.98D246DDA407406B6F8C3DBE00D42F41.d.348253207A90A264C8DB5FA6D463838C.e.764/text HTTP/1.1" 200 0
DEBUG    selenium.webdriver.remote.remote_connection:remote_connection.py:329 Remote response: status=200 | data={"value":"UI Test"} | headers=HTTPHeaderDict({'content-length': '19', 'content-type': 'application/json; charset=utf-8', 'cache-control': 'no-cache'})
DEBUG    selenium.webdriver.remote.remote_connection:remote_connection.py:356 Finished Request
DEBUG    selenium.webdriver.remote.remote_connection:remote_connection.py:313 POST http://selenium-hub:4444/wd/hub/session/3113c0127527982047c2c0cbec19f22b/element/f.98D246DDA407406B6F8C3DBE00D42F41.d.348253207A90A264C8DB5FA6D463838C.e.582/element {"using": "css selector", "value": "div[data-testid='note-card-title']"}
DEBUG    urllib3.connectionpool:connectionpool.py:544 http://selenium-hub:4444 "POST /wd/hub/session/3113c0127527982047c2c0cbec19f22b/element/f.98D246DDA407406B6F8C3DBE00D42F41.d.348253207A90A264C8DB5FA6D463838C.e.582/element HTTP/1.1" 200 0
DEBUG    selenium.webdriver.remote.remote_connection:remote_connection.py:329 Remote response: status=200 | data={"value":{"element-6066-11e4-a52e-4f735466cecf":"f.98D246DDA407406B6F8C3DBE00D42F41.d.348253207A90A264C8DB5FA6D463838C.e.765"}} | headers=HTTPHeaderDict({'content-length': '127', 'content-type': 'application/json; charset=utf-8', 'cache-control': 'no-cache'})
DEBUG    selenium.webdriver.remote.remote_connection:remote_connection.py:356 Finished Request
DEBUG    selenium.webdriver.remote.remote_connection:remote_connection.py:313 GET http://selenium-hub:4444/wd/hub/session/3113c0127527982047c2c0cbec19f22b/element/f.98D246DDA407406B6F8C3DBE00D42F41.d.348253207A90A264C8DB5FA6D463838C.e.765/text {}
DEBUG    urllib3.connectionpool:connectionpool.py:544 http://selenium-hub:4444 "GET /wd/hub/session/3113c0127527982047c2c0cbec19f22b/element/f.98D246DDA407406B6F8C3DBE00D42F41.d.348253207A90A264C8DB5FA6D463838C.e.765/text HTTP/1.1" 200 0
DEBUG    selenium.webdriver.remote.remote_connection:remote_connection.py:329 Remote response: status=200 | data={"value":"E2E Title"} | headers=HTTPHeaderDict({'content-length': '21', 'content-type': 'application/json; charset=utf-8', 'cache-control': 'no-cache'})
DEBUG    selenium.webdriver.remote.remote_connection:remote_connection.py:356 Finished Request
DEBUG    selenium.webdriver.remote.remote_connection:remote_connection.py:313 POST http://selenium-hub:4444/wd/hub/session/3113c0127527982047c2c0cbec19f22b/element/f.98D246DDA407406B6F8C3DBE00D42F41.d.348253207A90A264C8DB5FA6D463838C.e.583/element {"using": "css selector", "value": "div[data-testid='note-card-title']"}
DEBUG    urllib3.connectionpool:connectionpool.py:544 http://selenium-hub:4444 "POST /wd/hub/session/3113c0127527982047c2c0cbec19f22b/element/f.98D246DDA407406B6F8C3DBE00D42F41.d.348253207A90A264C8DB5FA6D463838C.e.583/element HTTP/1.1" 200 0
DEBUG    selenium.webdriver.remote.remote_connection:remote_connection.py:329 Remote response: status=200 | data={"value":{"element-6066-11e4-a52e-4f735466cecf":"f.98D246DDA407406B6F8C3DBE00D42F41.d.348253207A90A264C8DB5FA6D463838C.e.766"}} | headers=HTTPHeaderDict({'content-length': '127', 'content-type': 'application/json; charset=utf-8', 'cache-control': 'no-cache'})
DEBUG    selenium.webdriver.remote.remote_connection:remote_connection.py:356 Finished Request
DEBUG    selenium.webdriver.remote.remote_connection:remote_connection.py:313 GET http://selenium-hub:4444/wd/hub/session/3113c0127527982047c2c0cbec19f22b/element/f.98D246DDA407406B6F8C3DBE00D42F41.d.348253207A90A264C8DB5FA6D463838C.e.766/text {}
DEBUG    urllib3.connectionpool:connectionpool.py:544 http://selenium-hub:4444 "GET /wd/hub/session/3113c0127527982047c2c0cbec19f22b/element/f.98D246DDA407406B6F8C3DBE00D42F41.d.348253207A90A264C8DB5FA6D463838C.e.766/text HTTP/1.1" 200 0
DEBUG    selenium.webdriver.remote.remote_connection:remote_connection.py:329 Remote response: status=200 | data={"value":"UI Test"} | headers=HTTPHeaderDict({'content-length': '19', 'content-type': 'application/json; charset=utf-8', 'cache-control': 'no-cache'})
DEBUG    selenium.webdriver.remote.remote_connection:remote_connection.py:356 Finished Request
DEBUG    selenium.webdriver.remote.remote_connection:remote_connection.py:313 POST http://selenium-hub:4444/wd/hub/session/3113c0127527982047c2c0cbec19f22b/element/f.98D246DDA407406B6F8C3DBE00D42F41.d.348253207A90A264C8DB5FA6D463838C.e.584/element {"using": "css selector", "value": "div[data-testid='note-card-title']"}
DEBUG    urllib3.connectionpool:connectionpool.py:544 http://selenium-hub:4444 "POST /wd/hub/session/3113c0127527982047c2c0cbec19f22b/element/f.98D246DDA407406B6F8C3DBE00D42F41.d.348253207A90A264C8DB5FA6D463838C.e.584/element HTTP/1.1" 200 0
DEBUG    selenium.webdriver.remote.remote_connection:remote_connection.py:329 Remote response: status=200 | data={"value":{"element-6066-11e4-a52e-4f735466cecf":"f.98D246DDA407406B6F8C3DBE00D42F41.d.348253207A90A264C8DB5FA6D463838C.e.767"}} | headers=HTTPHeaderDict({'content-length': '127', 'content-type': 'application/json; charset=utf-8', 'cache-control': 'no-cache'})
DEBUG    selenium.webdriver.remote.remote_connection:remote_connection.py:356 Finished Request
DEBUG    selenium.webdriver.remote.remote_connection:remote_connection.py:313 GET http://selenium-hub:4444/wd/hub/session/3113c0127527982047c2c0cbec19f22b/element/f.98D246DDA407406B6F8C3DBE00D42F41.d.348253207A90A264C8DB5FA6D463838C.e.767/text {}
DEBUG    urllib3.connectionpool:connectionpool.py:544 http://selenium-hub:4444 "GET /wd/hub/session/3113c0127527982047c2c0cbec19f22b/element/f.98D246DDA407406B6F8C3DBE00D42F41.d.348253207A90A264C8DB5FA6D463838C.e.767/text HTTP/1.1" 200 0
DEBUG    selenium.webdriver.remote.remote_connection:remote_connection.py:329 Remote response: status=200 | data={"value":"E2E Title"} | headers=HTTPHeaderDict({'content-length': '21', 'content-type': 'application/json; charset=utf-8', 'cache-control': 'no-cache'})
DEBUG    selenium.webdriver.remote.remote_connection:remote_connection.py:356 Finished Request
DEBUG    selenium.webdriver.remote.remote_connection:remote_connection.py:313 POST http://selenium-hub:4444/wd/hub/session/3113c0127527982047c2c0cbec19f22b/element/f.98D246DDA407406B6F8C3DBE00D42F41.d.348253207A90A264C8DB5FA6D463838C.e.585/element {"using": "css selector", "value": "div[data-testid='note-card-title']"}
DEBUG    urllib3.connectionpool:connectionpool.py:544 http://selenium-hub:4444 "POST /wd/hub/session/3113c0127527982047c2c0cbec19f22b/element/f.98D246DDA407406B6F8C3DBE00D42F41.d.348253207A90A264C8DB5FA6D463838C.e.585/element HTTP/1.1" 200 0
DEBUG    selenium.webdriver.remote.remote_connection:remote_connection.py:329 Remote response: status=200 | data={"value":{"element-6066-11e4-a52e-4f735466cecf":"f.98D246DDA407406B6F8C3DBE00D42F41.d.348253207A90A264C8DB5FA6D463838C.e.768"}} | headers=HTTPHeaderDict({'content-length': '127', 'content-type': 'application/json; charset=utf-8', 'cache-control': 'no-cache'})
DEBUG    selenium.webdriver.remote.remote_connection:remote_connection.py:356 Finished Request
DEBUG    selenium.webdriver.remote.remote_connection:remote_connection.py:313 GET http://selenium-hub:4444/wd/hub/session/3113c0127527982047c2c0cbec19f22b/element/f.98D246DDA407406B6F8C3DBE00D42F41.d.348253207A90A264C8DB5FA6D463838C.e.768/text {}
DEBUG    urllib3.connectionpool:connectionpool.py:544 http://selenium-hub:4444 "GET /wd/hub/session/3113c0127527982047c2c0cbec19f22b/element/f.98D246DDA407406B6F8C3DBE00D42F41.d.348253207A90A264C8DB5FA6D463838C.e.768/text HTTP/1.1" 200 0
DEBUG    selenium.webdriver.remote.remote_connection:remote_connection.py:329 Remote response: status=200 | data={"value":"UI Test"} | headers=HTTPHeaderDict({'content-length': '19', 'content-type': 'application/json; charset=utf-8', 'cache-control': 'no-cache'})
DEBUG    selenium.webdriver.remote.remote_connection:remote_connection.py:356 Finished Request
DEBUG    selenium.webdriver.remote.remote_connection:remote_connection.py:313 POST http://selenium-hub:4444/wd/hub/session/3113c0127527982047c2c0cbec19f22b/element/f.98D246DDA407406B6F8C3DBE00D42F41.d.348253207A90A264C8DB5FA6D463838C.e.586/element {"using": "css selector", "value": "div[data-testid='note-card-title']"}
DEBUG    urllib3.connectionpool:connectionpool.py:544 http://selenium-hub:4444 "POST /wd/hub/session/3113c0127527982047c2c0cbec19f22b/element/f.98D246DDA407406B6F8C3DBE00D42F41.d.348253207A90A264C8DB5FA6D463838C.e.586/element HTTP/1.1" 200 0
DEBUG    selenium.webdriver.remote.remote_connection:remote_connection.py:329 Remote response: status=200 | data={"value":{"element-6066-11e4-a52e-4f735466cecf":"f.98D246DDA407406B6F8C3DBE00D42F41.d.348253207A90A264C8DB5FA6D463838C.e.769"}} | headers=HTTPHeaderDict({'content-length': '127', 'content-type': 'application/json; charset=utf-8', 'cache-control': 'no-cache'})
DEBUG    selenium.webdriver.remote.remote_connection:remote_connection.py:356 Finished Request
DEBUG    selenium.webdriver.remote.remote_connection:remote_connection.py:313 GET http://selenium-hub:4444/wd/hub/session/3113c0127527982047c2c0cbec19f22b/element/f.98D246DDA407406B6F8C3DBE00D42F41.d.348253207A90A264C8DB5FA6D463838C.e.769/text {}
DEBUG    urllib3.connectionpool:connectionpool.py:544 http://selenium-hub:4444 "GET /wd/hub/session/3113c0127527982047c2c0cbec19f22b/element/f.98D246DDA407406B6F8C3DBE00D42F41.d.348253207A90A264C8DB5FA6D463838C.e.769/text HTTP/1.1" 200 0
DEBUG    selenium.webdriver.remote.remote_connection:remote_connection.py:329 Remote response: status=200 | data={"value":"E2E Title"} | headers=HTTPHeaderDict({'content-length': '21', 'content-type': 'application/json; charset=utf-8', 'cache-control': 'no-cache'})
DEBUG    selenium.webdriver.remote.remote_connection:remote_connection.py:356 Finished Request
DEBUG    selenium.webdriver.remote.remote_connection:remote_connection.py:313 POST http://selenium-hub:4444/wd/hub/session/3113c0127527982047c2c0cbec19f22b/element/f.98D246DDA407406B6F8C3DBE00D42F41.d.348253207A90A264C8DB5FA6D463838C.e.587/element {"using": "css selector", "value": "div[data-testid='note-card-title']"}
DEBUG    urllib3.connectionpool:connectionpool.py:544 http://selenium-hub:4444 "POST /wd/hub/session/3113c0127527982047c2c0cbec19f22b/element/f.98D246DDA407406B6F8C3DBE00D42F41.d.348253207A90A264C8DB5FA6D463838C.e.587/element HTTP/1.1" 200 0
DEBUG    selenium.webdriver.remote.remote_connection:remote_connection.py:329 Remote response: status=200 | data={"value":{"element-6066-11e4-a52e-4f735466cecf":"f.98D246DDA407406B6F8C3DBE00D42F41.d.348253207A90A264C8DB5FA6D463838C.e.770"}} | headers=HTTPHeaderDict({'content-length': '127', 'content-type': 'application/json; charset=utf-8', 'cache-control': 'no-cache'})
DEBUG    selenium.webdriver.remote.remote_connection:remote_connection.py:356 Finished Request
DEBUG    selenium.webdriver.remote.remote_connection:remote_connection.py:313 GET http://selenium-hub:4444/wd/hub/session/3113c0127527982047c2c0cbec19f22b/element/f.98D246DDA407406B6F8C3DBE00D42F41.d.348253207A90A264C8DB5FA6D463838C.e.770/text {}
DEBUG    urllib3.connectionpool:connectionpool.py:544 http://selenium-hub:4444 "GET /wd/hub/session/3113c0127527982047c2c0cbec19f22b/element/f.98D246DDA407406B6F8C3DBE00D42F41.d.348253207A90A264C8DB5FA6D463838C.e.770/text HTTP/1.1" 200 0
DEBUG    selenium.webdriver.remote.remote_connection:remote_connection.py:329 Remote response: status=200 | data={"value":"UI Test"} | headers=HTTPHeaderDict({'content-length': '19', 'content-type': 'application/json; charset=utf-8', 'cache-control': 'no-cache'})
DEBUG    selenium.webdriver.remote.remote_connection:remote_connection.py:356 Finished Request
DEBUG    selenium.webdriver.remote.remote_connection:remote_connection.py:313 POST http://selenium-hub:4444/wd/hub/session/3113c0127527982047c2c0cbec19f22b/element/f.98D246DDA407406B6F8C3DBE00D42F41.d.348253207A90A264C8DB5FA6D463838C.e.588/element {"using": "css selector", "value": "div[data-testid='note-card-title']"}
DEBUG    urllib3.connectionpool:connectionpool.py:544 http://selenium-hub:4444 "POST /wd/hub/session/3113c0127527982047c2c0cbec19f22b/element/f.98D246DDA407406B6F8C3DBE00D42F41.d.348253207A90A264C8DB5FA6D463838C.e.588/element HTTP/1.1" 200 0
DEBUG    selenium.webdriver.remote.remote_connection:remote_connection.py:329 Remote response: status=200 | data={"value":{"element-6066-11e4-a52e-4f735466cecf":"f.98D246DDA407406B6F8C3DBE00D42F41.d.348253207A90A264C8DB5FA6D463838C.e.771"}} | headers=HTTPHeaderDict({'content-length': '127', 'content-type': 'application/json; charset=utf-8', 'cache-control': 'no-cache'})
DEBUG    selenium.webdriver.remote.remote_connection:remote_connection.py:356 Finished Request
DEBUG    selenium.webdriver.remote.remote_connection:remote_connection.py:313 GET http://selenium-hub:4444/wd/hub/session/3113c0127527982047c2c0cbec19f22b/element/f.98D246DDA407406B6F8C3DBE00D42F41.d.348253207A90A264C8DB5FA6D463838C.e.771/text {}
DEBUG    urllib3.connectionpool:connectionpool.py:544 http://selenium-hub:4444 "GET /wd/hub/session/3113c0127527982047c2c0cbec19f22b/element/f.98D246DDA407406B6F8C3DBE00D42F41.d.348253207A90A264C8DB5FA6D463838C.e.771/text HTTP/1.1" 200 0
DEBUG    selenium.webdriver.remote.remote_connection:remote_connection.py:329 Remote response: status=200 | data={"value":"UI Test"} | headers=HTTPHeaderDict({'content-length': '19', 'content-type': 'application/json; charset=utf-8', 'cache-control': 'no-cache'})
DEBUG    selenium.webdriver.remote.remote_connection:remote_connection.py:356 Finished Request
DEBUG    selenium.webdriver.remote.remote_connection:remote_connection.py:313 POST http://selenium-hub:4444/wd/hub/session/3113c0127527982047c2c0cbec19f22b/element/f.98D246DDA407406B6F8C3DBE00D42F41.d.348253207A90A264C8DB5FA6D463838C.e.589/element {"using": "css selector", "value": "div[data-testid='note-card-title']"}
DEBUG    urllib3.connectionpool:connectionpool.py:544 http://selenium-hub:4444 "POST /wd/hub/session/3113c0127527982047c2c0cbec19f22b/element/f.98D246DDA407406B6F8C3DBE00D42F41.d.348253207A90A264C8DB5FA6D463838C.e.589/element HTTP/1.1" 200 0
DEBUG    selenium.webdriver.remote.remote_connection:remote_connection.py:329 Remote response: status=200 | data={"value":{"element-6066-11e4-a52e-4f735466cecf":"f.98D246DDA407406B6F8C3DBE00D42F41.d.348253207A90A264C8DB5FA6D463838C.e.772"}} | headers=HTTPHeaderDict({'content-length': '127', 'content-type': 'application/json; charset=utf-8', 'cache-control': 'no-cache'})
DEBUG    selenium.webdriver.remote.remote_connection:remote_connection.py:356 Finished Request
DEBUG    selenium.webdriver.remote.remote_connection:remote_connection.py:313 GET http://selenium-hub:4444/wd/hub/session/3113c0127527982047c2c0cbec19f22b/element/f.98D246DDA407406B6F8C3DBE00D42F41.d.348253207A90A264C8DB5FA6D463838C.e.772/text {}
DEBUG    urllib3.connectionpool:connectionpool.py:544 http://selenium-hub:4444 "GET /wd/hub/session/3113c0127527982047c2c0cbec19f22b/element/f.98D246DDA407406B6F8C3DBE00D42F41.d.348253207A90A264C8DB5FA6D463838C.e.772/text HTTP/1.1" 200 0
DEBUG    selenium.webdriver.remote.remote_connection:remote_connection.py:329 Remote response: status=200 | data={"value":"E2E Title"} | headers=HTTPHeaderDict({'content-length': '21', 'content-type': 'application/json; charset=utf-8', 'cache-control': 'no-cache'})
DEBUG    selenium.webdriver.remote.remote_connection:remote_connection.py:356 Finished Request
DEBUG    selenium.webdriver.remote.remote_connection:remote_connection.py:313 POST http://selenium-hub:4444/wd/hub/session/3113c0127527982047c2c0cbec19f22b/element/f.98D246DDA407406B6F8C3DBE00D42F41.d.348253207A90A264C8DB5FA6D463838C.e.590/element {"using": "css selector", "value": "div[data-testid='note-card-title']"}
DEBUG    urllib3.connectionpool:connectionpool.py:544 http://selenium-hub:4444 "POST /wd/hub/session/3113c0127527982047c2c0cbec19f22b/element/f.98D246DDA407406B6F8C3DBE00D42F41.d.348253207A90A264C8DB5FA6D463838C.e.590/element HTTP/1.1" 200 0
DEBUG    selenium.webdriver.remote.remote_connection:remote_connection.py:329 Remote response: status=200 | data={"value":{"element-6066-11e4-a52e-4f735466cecf":"f.98D246DDA407406B6F8C3DBE00D42F41.d.348253207A90A264C8DB5FA6D463838C.e.773"}} | headers=HTTPHeaderDict({'content-length': '127', 'content-type': 'application/json; charset=utf-8', 'cache-control': 'no-cache'})
DEBUG    selenium.webdriver.remote.remote_connection:remote_connection.py:356 Finished Request
DEBUG    selenium.webdriver.remote.remote_connection:remote_connection.py:313 GET http://selenium-hub:4444/wd/hub/session/3113c0127527982047c2c0cbec19f22b/element/f.98D246DDA407406B6F8C3DBE00D42F41.d.348253207A90A264C8DB5FA6D463838C.e.773/text {}
DEBUG    urllib3.connectionpool:connectionpool.py:544 http://selenium-hub:4444 "GET /wd/hub/session/3113c0127527982047c2c0cbec19f22b/element/f.98D246DDA407406B6F8C3DBE00D42F41.d.348253207A90A264C8DB5FA6D463838C.e.773/text HTTP/1.1" 200 0
DEBUG    selenium.webdriver.remote.remote_connection:remote_connection.py:329 Remote response: status=200 | data={"value":"UI Test"} | headers=HTTPHeaderDict({'content-length': '19', 'content-type': 'application/json; charset=utf-8', 'cache-control': 'no-cache'})
DEBUG    selenium.webdriver.remote.remote_connection:remote_connection.py:356 Finished Request
DEBUG    selenium.webdriver.remote.remote_connection:remote_connection.py:313 POST http://selenium-hub:4444/wd/hub/session/3113c0127527982047c2c0cbec19f22b/element/f.98D246DDA407406B6F8C3DBE00D42F41.d.348253207A90A264C8DB5FA6D463838C.e.591/element {"using": "css selector", "value": "div[data-testid='note-card-title']"}
DEBUG    urllib3.connectionpool:connectionpool.py:544 http://selenium-hub:4444 "POST /wd/hub/session/3113c0127527982047c2c0cbec19f22b/element/f.98D246DDA407406B6F8C3DBE00D42F41.d.348253207A90A264C8DB5FA6D463838C.e.591/element HTTP/1.1" 200 0
DEBUG    selenium.webdriver.remote.remote_connection:remote_connection.py:329 Remote response: status=200 | data={"value":{"element-6066-11e4-a52e-4f735466cecf":"f.98D246DDA407406B6F8C3DBE00D42F41.d.348253207A90A264C8DB5FA6D463838C.e.774"}} | headers=HTTPHeaderDict({'content-length': '127', 'content-type': 'application/json; charset=utf-8', 'cache-control': 'no-cache'})
DEBUG    selenium.webdriver.remote.remote_connection:remote_connection.py:356 Finished Request
DEBUG    selenium.webdriver.remote.remote_connection:remote_connection.py:313 GET http://selenium-hub:4444/wd/hub/session/3113c0127527982047c2c0cbec19f22b/element/f.98D246DDA407406B6F8C3DBE00D42F41.d.348253207A90A264C8DB5FA6D463838C.e.774/text {}
DEBUG    urllib3.connectionpool:connectionpool.py:544 http://selenium-hub:4444 "GET /wd/hub/session/3113c0127527982047c2c0cbec19f22b/element/f.98D246DDA407406B6F8C3DBE00D42F41.d.348253207A90A264C8DB5FA6D463838C.e.774/text HTTP/1.1" 200 0
DEBUG    selenium.webdriver.remote.remote_connection:remote_connection.py:329 Remote response: status=200 | data={"value":"UI Test"} | headers=HTTPHeaderDict({'content-length': '19', 'content-type': 'application/json; charset=utf-8', 'cache-control': 'no-cache'})
DEBUG    selenium.webdriver.remote.remote_connection:remote_connection.py:356 Finished Request
DEBUG    selenium.webdriver.remote.remote_connection:remote_connection.py:313 POST http://selenium-hub:4444/wd/hub/session/3113c0127527982047c2c0cbec19f22b/element/f.98D246DDA407406B6F8C3DBE00D42F41.d.348253207A90A264C8DB5FA6D463838C.e.592/element {"using": "css selector", "value": "div[data-testid='note-card-title']"}
DEBUG    urllib3.connectionpool:connectionpool.py:544 http://selenium-hub:4444 "POST /wd/hub/session/3113c0127527982047c2c0cbec19f22b/element/f.98D246DDA407406B6F8C3DBE00D42F41.d.348253207A90A264C8DB5FA6D463838C.e.592/element HTTP/1.1" 200 0
DEBUG    selenium.webdriver.remote.remote_connection:remote_connection.py:329 Remote response: status=200 | data={"value":{"element-6066-11e4-a52e-4f735466cecf":"f.98D246DDA407406B6F8C3DBE00D42F41.d.348253207A90A264C8DB5FA6D463838C.e.775"}} | headers=HTTPHeaderDict({'content-length': '127', 'content-type': 'application/json; charset=utf-8', 'cache-control': 'no-cache'})
DEBUG    selenium.webdriver.remote.remote_connection:remote_connection.py:356 Finished Request
DEBUG    selenium.webdriver.remote.remote_connection:remote_connection.py:313 GET http://selenium-hub:4444/wd/hub/session/3113c0127527982047c2c0cbec19f22b/element/f.98D246DDA407406B6F8C3DBE00D42F41.d.348253207A90A264C8DB5FA6D463838C.e.775/text {}
DEBUG    urllib3.connectionpool:connectionpool.py:544 http://selenium-hub:4444 "GET /wd/hub/session/3113c0127527982047c2c0cbec19f22b/element/f.98D246DDA407406B6F8C3DBE00D42F41.d.348253207A90A264C8DB5FA6D463838C.e.775/text HTTP/1.1" 200 0
DEBUG    selenium.webdriver.remote.remote_connection:remote_connection.py:329 Remote response: status=200 | data={"value":"E2E Title"} | headers=HTTPHeaderDict({'content-length': '21', 'content-type': 'application/json; charset=utf-8', 'cache-control': 'no-cache'})
DEBUG    selenium.webdriver.remote.remote_connection:remote_connection.py:356 Finished Request
DEBUG    selenium.webdriver.remote.remote_connection:remote_connection.py:313 POST http://selenium-hub:4444/wd/hub/session/3113c0127527982047c2c0cbec19f22b/element/f.98D246DDA407406B6F8C3DBE00D42F41.d.348253207A90A264C8DB5FA6D463838C.e.593/element {"using": "css selector", "value": "div[data-testid='note-card-title']"}
DEBUG    urllib3.connectionpool:connectionpool.py:544 http://selenium-hub:4444 "POST /wd/hub/session/3113c0127527982047c2c0cbec19f22b/element/f.98D246DDA407406B6F8C3DBE00D42F41.d.348253207A90A264C8DB5FA6D463838C.e.593/element HTTP/1.1" 200 0
DEBUG    selenium.webdriver.remote.remote_connection:remote_connection.py:329 Remote response: status=200 | data={"value":{"element-6066-11e4-a52e-4f735466cecf":"f.98D246DDA407406B6F8C3DBE00D42F41.d.348253207A90A264C8DB5FA6D463838C.e.776"}} | headers=HTTPHeaderDict({'content-length': '127', 'content-type': 'application/json; charset=utf-8', 'cache-control': 'no-cache'})
DEBUG    selenium.webdriver.remote.remote_connection:remote_connection.py:356 Finished Request
DEBUG    selenium.webdriver.remote.remote_connection:remote_connection.py:313 GET http://selenium-hub:4444/wd/hub/session/3113c0127527982047c2c0cbec19f22b/element/f.98D246DDA407406B6F8C3DBE00D42F41.d.348253207A90A264C8DB5FA6D463838C.e.776/text {}
DEBUG    urllib3.connectionpool:connectionpool.py:544 http://selenium-hub:4444 "GET /wd/hub/session/3113c0127527982047c2c0cbec19f22b/element/f.98D246DDA407406B6F8C3DBE00D42F41.d.348253207A90A264C8DB5FA6D463838C.e.776/text HTTP/1.1" 200 0
DEBUG    selenium.webdriver.remote.remote_connection:remote_connection.py:329 Remote response: status=200 | data={"value":"API E2E 1778083569"} | headers=HTTPHeaderDict({'content-length': '30', 'content-type': 'application/json; charset=utf-8', 'cache-control': 'no-cache'})
DEBUG    selenium.webdriver.remote.remote_connection:remote_connection.py:356 Finished Request
DEBUG    selenium.webdriver.remote.remote_connection:remote_connection.py:313 POST http://selenium-hub:4444/wd/hub/session/3113c0127527982047c2c0cbec19f22b/element/f.98D246DDA407406B6F8C3DBE00D42F41.d.348253207A90A264C8DB5FA6D463838C.e.594/element {"using": "css selector", "value": "div[data-testid='note-card-title']"}
DEBUG    urllib3.connectionpool:connectionpool.py:544 http://selenium-hub:4444 "POST /wd/hub/session/3113c0127527982047c2c0cbec19f22b/element/f.98D246DDA407406B6F8C3DBE00D42F41.d.348253207A90A264C8DB5FA6D463838C.e.594/element HTTP/1.1" 200 0
DEBUG    selenium.webdriver.remote.remote_connection:remote_connection.py:329 Remote response: status=200 | data={"value":{"element-6066-11e4-a52e-4f735466cecf":"f.98D246DDA407406B6F8C3DBE00D42F41.d.348253207A90A264C8DB5FA6D463838C.e.777"}} | headers=HTTPHeaderDict({'content-length': '127', 'content-type': 'application/json; charset=utf-8', 'cache-control': 'no-cache'})
DEBUG    selenium.webdriver.remote.remote_connection:remote_connection.py:356 Finished Request
DEBUG    selenium.webdriver.remote.remote_connection:remote_connection.py:313 GET http://selenium-hub:4444/wd/hub/session/3113c0127527982047c2c0cbec19f22b/element/f.98D246DDA407406B6F8C3DBE00D42F41.d.348253207A90A264C8DB5FA6D463838C.e.777/text {}
DEBUG    urllib3.connectionpool:connectionpool.py:544 http://selenium-hub:4444 "GET /wd/hub/session/3113c0127527982047c2c0cbec19f22b/element/f.98D246DDA407406B6F8C3DBE00D42F41.d.348253207A90A264C8DB5FA6D463838C.e.777/text HTTP/1.1" 200 0
DEBUG    selenium.webdriver.remote.remote_connection:remote_connection.py:329 Remote response: status=200 | data={"value":"E2E Title"} | headers=HTTPHeaderDict({'content-length': '21', 'content-type': 'application/json; charset=utf-8', 'cache-control': 'no-cache'})
DEBUG    selenium.webdriver.remote.remote_connection:remote_connection.py:356 Finished Request
DEBUG    selenium.webdriver.remote.remote_connection:remote_connection.py:313 POST http://selenium-hub:4444/wd/hub/session/3113c0127527982047c2c0cbec19f22b/element/f.98D246DDA407406B6F8C3DBE00D42F41.d.348253207A90A264C8DB5FA6D463838C.e.595/element {"using": "css selector", "value": "div[data-testid='note-card-title']"}
DEBUG    urllib3.connectionpool:connectionpool.py:544 http://selenium-hub:4444 "POST /wd/hub/session/3113c0127527982047c2c0cbec19f22b/element/f.98D246DDA407406B6F8C3DBE00D42F41.d.348253207A90A264C8DB5FA6D463838C.e.595/element HTTP/1.1" 200 0
DEBUG    selenium.webdriver.remote.remote_connection:remote_connection.py:329 Remote response: status=200 | data={"value":{"element-6066-11e4-a52e-4f735466cecf":"f.98D246DDA407406B6F8C3DBE00D42F41.d.348253207A90A264C8DB5FA6D463838C.e.778"}} | headers=HTTPHeaderDict({'content-length': '127', 'content-type': 'application/json; charset=utf-8', 'cache-control': 'no-cache'})
DEBUG    selenium.webdriver.remote.remote_connection:remote_connection.py:356 Finished Request
DEBUG    selenium.webdriver.remote.remote_connection:remote_connection.py:313 GET http://selenium-hub:4444/wd/hub/session/3113c0127527982047c2c0cbec19f22b/element/f.98D246DDA407406B6F8C3DBE00D42F41.d.348253207A90A264C8DB5FA6D463838C.e.778/text {}
DEBUG    urllib3.connectionpool:connectionpool.py:544 http://selenium-hub:4444 "GET /wd/hub/session/3113c0127527982047c2c0cbec19f22b/element/f.98D246DDA407406B6F8C3DBE00D42F41.d.348253207A90A264C8DB5FA6D463838C.e.778/text HTTP/1.1" 200 0
DEBUG    selenium.webdriver.remote.remote_connection:remote_connection.py:329 Remote response: status=200 | data={"value":"UI Test"} | headers=HTTPHeaderDict({'content-length': '19', 'content-type': 'application/json; charset=utf-8', 'cache-control': 'no-cache'})
DEBUG    selenium.webdriver.remote.remote_connection:remote_connection.py:356 Finished Request
DEBUG    selenium.webdriver.remote.remote_connection:remote_connection.py:313 POST http://selenium-hub:4444/wd/hub/session/3113c0127527982047c2c0cbec19f22b/element/f.98D246DDA407406B6F8C3DBE00D42F41.d.348253207A90A264C8DB5FA6D463838C.e.596/element {"using": "css selector", "value": "div[data-testid='note-card-title']"}
DEBUG    urllib3.connectionpool:connectionpool.py:544 http://selenium-hub:4444 "POST /wd/hub/session/3113c0127527982047c2c0cbec19f22b/element/f.98D246DDA407406B6F8C3DBE00D42F41.d.348253207A90A264C8DB5FA6D463838C.e.596/element HTTP/1.1" 200 0
DEBUG    selenium.webdriver.remote.remote_connection:remote_connection.py:329 Remote response: status=200 | data={"value":{"element-6066-11e4-a52e-4f735466cecf":"f.98D246DDA407406B6F8C3DBE00D42F41.d.348253207A90A264C8DB5FA6D463838C.e.779"}} | headers=HTTPHeaderDict({'content-length': '127', 'content-type': 'application/json; charset=utf-8', 'cache-control': 'no-cache'})
DEBUG    selenium.webdriver.remote.remote_connection:remote_connection.py:356 Finished Request
DEBUG    selenium.webdriver.remote.remote_connection:remote_connection.py:313 GET http://selenium-hub:4444/wd/hub/session/3113c0127527982047c2c0cbec19f22b/element/f.98D246DDA407406B6F8C3DBE00D42F41.d.348253207A90A264C8DB5FA6D463838C.e.779/text {}
DEBUG    urllib3.connectionpool:connectionpool.py:544 http://selenium-hub:4444 "GET /wd/hub/session/3113c0127527982047c2c0cbec19f22b/element/f.98D246DDA407406B6F8C3DBE00D42F41.d.348253207A90A264C8DB5FA6D463838C.e.779/text HTTP/1.1" 200 0
DEBUG    selenium.webdriver.remote.remote_connection:remote_connection.py:329 Remote response: status=200 | data={"value":"E2E Title"} | headers=HTTPHeaderDict({'content-length': '21', 'content-type': 'application/json; charset=utf-8', 'cache-control': 'no-cache'})
DEBUG    selenium.webdriver.remote.remote_connection:remote_connection.py:356 Finished Request
DEBUG    selenium.webdriver.remote.remote_connection:remote_connection.py:313 POST http://selenium-hub:4444/wd/hub/session/3113c0127527982047c2c0cbec19f22b/element/f.98D246DDA407406B6F8C3DBE00D42F41.d.348253207A90A264C8DB5FA6D463838C.e.597/element {"using": "css selector", "value": "div[data-testid='note-card-title']"}
DEBUG    urllib3.connectionpool:connectionpool.py:544 http://selenium-hub:4444 "POST /wd/hub/session/3113c0127527982047c2c0cbec19f22b/element/f.98D246DDA407406B6F8C3DBE00D42F41.d.348253207A90A264C8DB5FA6D463838C.e.597/element HTTP/1.1" 200 0
DEBUG    selenium.webdriver.remote.remote_connection:remote_connection.py:329 Remote response: status=200 | data={"value":{"element-6066-11e4-a52e-4f735466cecf":"f.98D246DDA407406B6F8C3DBE00D42F41.d.348253207A90A264C8DB5FA6D463838C.e.780"}} | headers=HTTPHeaderDict({'content-length': '127', 'content-type': 'application/json; charset=utf-8', 'cache-control': 'no-cache'})
DEBUG    selenium.webdriver.remote.remote_connection:remote_connection.py:356 Finished Request
DEBUG    selenium.webdriver.remote.remote_connection:remote_connection.py:313 GET http://selenium-hub:4444/wd/hub/session/3113c0127527982047c2c0cbec19f22b/element/f.98D246DDA407406B6F8C3DBE00D42F41.d.348253207A90A264C8DB5FA6D463838C.e.780/text {}
DEBUG    urllib3.connectionpool:connectionpool.py:544 http://selenium-hub:4444 "GET /wd/hub/session/3113c0127527982047c2c0cbec19f22b/element/f.98D246DDA407406B6F8C3DBE00D42F41.d.348253207A90A264C8DB5FA6D463838C.e.780/text HTTP/1.1" 200 0
DEBUG    selenium.webdriver.remote.remote_connection:remote_connection.py:329 Remote response: status=200 | data={"value":"UI Test"} | headers=HTTPHeaderDict({'content-length': '19', 'content-type': 'application/json; charset=utf-8', 'cache-control': 'no-cache'})
DEBUG    selenium.webdriver.remote.remote_connection:remote_connection.py:356 Finished Request
DEBUG    selenium.webdriver.remote.remote_connection:remote_connection.py:313 POST http://selenium-hub:4444/wd/hub/session/3113c0127527982047c2c0cbec19f22b/element/f.98D246DDA407406B6F8C3DBE00D42F41.d.348253207A90A264C8DB5FA6D463838C.e.598/element {"using": "css selector", "value": "div[data-testid='note-card-title']"}
DEBUG    urllib3.connectionpool:connectionpool.py:544 http://selenium-hub:4444 "POST /wd/hub/session/3113c0127527982047c2c0cbec19f22b/element/f.98D246DDA407406B6F8C3DBE00D42F41.d.348253207A90A264C8DB5FA6D463838C.e.598/element HTTP/1.1" 200 0
DEBUG    selenium.webdriver.remote.remote_connection:remote_connection.py:329 Remote response: status=200 | data={"value":{"element-6066-11e4-a52e-4f735466cecf":"f.98D246DDA407406B6F8C3DBE00D42F41.d.348253207A90A264C8DB5FA6D463838C.e.781"}} | headers=HTTPHeaderDict({'content-length': '127', 'content-type': 'application/json; charset=utf-8', 'cache-control': 'no-cache'})
DEBUG    selenium.webdriver.remote.remote_connection:remote_connection.py:356 Finished Request
DEBUG    selenium.webdriver.remote.remote_connection:remote_connection.py:313 GET http://selenium-hub:4444/wd/hub/session/3113c0127527982047c2c0cbec19f22b/element/f.98D246DDA407406B6F8C3DBE00D42F41.d.348253207A90A264C8DB5FA6D463838C.e.781/text {}
DEBUG    urllib3.connectionpool:connectionpool.py:544 http://selenium-hub:4444 "GET /wd/hub/session/3113c0127527982047c2c0cbec19f22b/element/f.98D246DDA407406B6F8C3DBE00D42F41.d.348253207A90A264C8DB5FA6D463838C.e.781/text HTTP/1.1" 200 0
DEBUG    selenium.webdriver.remote.remote_connection:remote_connection.py:329 Remote response: status=200 | data={"value":"UI Test"} | headers=HTTPHeaderDict({'content-length': '19', 'content-type': 'application/json; charset=utf-8', 'cache-control': 'no-cache'})
DEBUG    selenium.webdriver.remote.remote_connection:remote_connection.py:356 Finished Request
DEBUG    selenium.webdriver.remote.remote_connection:remote_connection.py:313 POST http://selenium-hub:4444/wd/hub/session/3113c0127527982047c2c0cbec19f22b/element/f.98D246DDA407406B6F8C3DBE00D42F41.d.348253207A90A264C8DB5FA6D463838C.e.599/element {"using": "css selector", "value": "div[data-testid='note-card-title']"}
DEBUG    urllib3.connectionpool:connectionpool.py:544 http://selenium-hub:4444 "POST /wd/hub/session/3113c0127527982047c2c0cbec19f22b/element/f.98D246DDA407406B6F8C3DBE00D42F41.d.348253207A90A264C8DB5FA6D463838C.e.599/element HTTP/1.1" 200 0
DEBUG    selenium.webdriver.remote.remote_connection:remote_connection.py:329 Remote response: status=200 | data={"value":{"element-6066-11e4-a52e-4f735466cecf":"f.98D246DDA407406B6F8C3DBE00D42F41.d.348253207A90A264C8DB5FA6D463838C.e.782"}} | headers=HTTPHeaderDict({'content-length': '127', 'content-type': 'application/json; charset=utf-8', 'cache-control': 'no-cache'})
DEBUG    selenium.webdriver.remote.remote_connection:remote_connection.py:356 Finished Request
DEBUG    selenium.webdriver.remote.remote_connection:remote_connection.py:313 GET http://selenium-hub:4444/wd/hub/session/3113c0127527982047c2c0cbec19f22b/element/f.98D246DDA407406B6F8C3DBE00D42F41.d.348253207A90A264C8DB5FA6D463838C.e.782/text {}
DEBUG    urllib3.connectionpool:connectionpool.py:544 http://selenium-hub:4444 "GET /wd/hub/session/3113c0127527982047c2c0cbec19f22b/element/f.98D246DDA407406B6F8C3DBE00D42F41.d.348253207A90A264C8DB5FA6D463838C.e.782/text HTTP/1.1" 200 0
DEBUG    selenium.webdriver.remote.remote_connection:remote_connection.py:329 Remote response: status=200 | data={"value":"UI Test"} | headers=HTTPHeaderDict({'content-length': '19', 'content-type': 'application/json; charset=utf-8', 'cache-control': 'no-cache'})
DEBUG    selenium.webdriver.remote.remote_connection:remote_connection.py:356 Finished Request
DEBUG    selenium.webdriver.remote.remote_connection:remote_connection.py:313 POST http://selenium-hub:4444/wd/hub/session/3113c0127527982047c2c0cbec19f22b/element/f.98D246DDA407406B6F8C3DBE00D42F41.d.348253207A90A264C8DB5FA6D463838C.e.600/element {"using": "css selector", "value": "div[data-testid='note-card-title']"}
DEBUG    urllib3.connectionpool:connectionpool.py:544 http://selenium-hub:4444 "POST /wd/hub/session/3113c0127527982047c2c0cbec19f22b/element/f.98D246DDA407406B6F8C3DBE00D42F41.d.348253207A90A264C8DB5FA6D463838C.e.600/element HTTP/1.1" 200 0
DEBUG    selenium.webdriver.remote.remote_connection:remote_connection.py:329 Remote response: status=200 | data={"value":{"element-6066-11e4-a52e-4f735466cecf":"f.98D246DDA407406B6F8C3DBE00D42F41.d.348253207A90A264C8DB5FA6D463838C.e.783"}} | headers=HTTPHeaderDict({'content-length': '127', 'content-type': 'application/json; charset=utf-8', 'cache-control': 'no-cache'})
DEBUG    selenium.webdriver.remote.remote_connection:remote_connection.py:356 Finished Request
DEBUG    selenium.webdriver.remote.remote_connection:remote_connection.py:313 GET http://selenium-hub:4444/wd/hub/session/3113c0127527982047c2c0cbec19f22b/element/f.98D246DDA407406B6F8C3DBE00D42F41.d.348253207A90A264C8DB5FA6D463838C.e.783/text {}
DEBUG    urllib3.connectionpool:connectionpool.py:544 http://selenium-hub:4444 "GET /wd/hub/session/3113c0127527982047c2c0cbec19f22b/element/f.98D246DDA407406B6F8C3DBE00D42F41.d.348253207A90A264C8DB5FA6D463838C.e.783/text HTTP/1.1" 200 0
DEBUG    selenium.webdriver.remote.remote_connection:remote_connection.py:329 Remote response: status=200 | data={"value":"UI Test"} | headers=HTTPHeaderDict({'content-length': '19', 'content-type': 'application/json; charset=utf-8', 'cache-control': 'no-cache'})
DEBUG    selenium.webdriver.remote.remote_connection:remote_connection.py:356 Finished Request
DEBUG    selenium.webdriver.remote.remote_connection:remote_connection.py:313 POST http://selenium-hub:4444/wd/hub/session/3113c0127527982047c2c0cbec19f22b/element/f.98D246DDA407406B6F8C3DBE00D42F41.d.348253207A90A264C8DB5FA6D463838C.e.601/element {"using": "css selector", "value": "div[data-testid='note-card-title']"}
DEBUG    urllib3.connectionpool:connectionpool.py:544 http://selenium-hub:4444 "POST /wd/hub/session/3113c0127527982047c2c0cbec19f22b/element/f.98D246DDA407406B6F8C3DBE00D42F41.d.348253207A90A264C8DB5FA6D463838C.e.601/element HTTP/1.1" 200 0
DEBUG    selenium.webdriver.remote.remote_connection:remote_connection.py:329 Remote response: status=200 | data={"value":{"element-6066-11e4-a52e-4f735466cecf":"f.98D246DDA407406B6F8C3DBE00D42F41.d.348253207A90A264C8DB5FA6D463838C.e.784"}} | headers=HTTPHeaderDict({'content-length': '127', 'content-type': 'application/json; charset=utf-8', 'cache-control': 'no-cache'})
DEBUG    selenium.webdriver.remote.remote_connection:remote_connection.py:356 Finished Request
DEBUG    selenium.webdriver.remote.remote_connection:remote_connection.py:313 GET http://selenium-hub:4444/wd/hub/session/3113c0127527982047c2c0cbec19f22b/element/f.98D246DDA407406B6F8C3DBE00D42F41.d.348253207A90A264C8DB5FA6D463838C.e.784/text {}
DEBUG    urllib3.connectionpool:connectionpool.py:544 http://selenium-hub:4444 "GET /wd/hub/session/3113c0127527982047c2c0cbec19f22b/element/f.98D246DDA407406B6F8C3DBE00D42F41.d.348253207A90A264C8DB5FA6D463838C.e.784/text HTTP/1.1" 200 0
DEBUG    selenium.webdriver.remote.remote_connection:remote_connection.py:329 Remote response: status=200 | data={"value":"E2E Title"} | headers=HTTPHeaderDict({'content-length': '21', 'content-type': 'application/json; charset=utf-8', 'cache-control': 'no-cache'})
DEBUG    selenium.webdriver.remote.remote_connection:remote_connection.py:356 Finished Request
DEBUG    selenium.webdriver.remote.remote_connection:remote_connection.py:313 POST http://selenium-hub:4444/wd/hub/session/3113c0127527982047c2c0cbec19f22b/element/f.98D246DDA407406B6F8C3DBE00D42F41.d.348253207A90A264C8DB5FA6D463838C.e.602/element {"using": "css selector", "value": "div[data-testid='note-card-title']"}
DEBUG    urllib3.connectionpool:connectionpool.py:544 http://selenium-hub:4444 "POST /wd/hub/session/3113c0127527982047c2c0cbec19f22b/element/f.98D246DDA407406B6F8C3DBE00D42F41.d.348253207A90A264C8DB5FA6D463838C.e.602/element HTTP/1.1" 200 0
DEBUG    selenium.webdriver.remote.remote_connection:remote_connection.py:329 Remote response: status=200 | data={"value":{"element-6066-11e4-a52e-4f735466cecf":"f.98D246DDA407406B6F8C3DBE00D42F41.d.348253207A90A264C8DB5FA6D463838C.e.785"}} | headers=HTTPHeaderDict({'content-length': '127', 'content-type': 'application/json; charset=utf-8', 'cache-control': 'no-cache'})
DEBUG    selenium.webdriver.remote.remote_connection:remote_connection.py:356 Finished Request
DEBUG    selenium.webdriver.remote.remote_connection:remote_connection.py:313 GET http://selenium-hub:4444/wd/hub/session/3113c0127527982047c2c0cbec19f22b/element/f.98D246DDA407406B6F8C3DBE00D42F41.d.348253207A90A264C8DB5FA6D463838C.e.785/text {}
DEBUG    urllib3.connectionpool:connectionpool.py:544 http://selenium-hub:4444 "GET /wd/hub/session/3113c0127527982047c2c0cbec19f22b/element/f.98D246DDA407406B6F8C3DBE00D42F41.d.348253207A90A264C8DB5FA6D463838C.e.785/text HTTP/1.1" 200 0
DEBUG    selenium.webdriver.remote.remote_connection:remote_connection.py:329 Remote response: status=200 | data={"value":"API E2E 1778064460"} | headers=HTTPHeaderDict({'content-length': '30', 'content-type': 'application/json; charset=utf-8', 'cache-control': 'no-cache'})
DEBUG    selenium.webdriver.remote.remote_connection:remote_connection.py:356 Finished Request
DEBUG    selenium.webdriver.remote.remote_connection:remote_connection.py:313 POST http://selenium-hub:4444/wd/hub/session/3113c0127527982047c2c0cbec19f22b/element/f.98D246DDA407406B6F8C3DBE00D42F41.d.348253207A90A264C8DB5FA6D463838C.e.603/element {"using": "css selector", "value": "div[data-testid='note-card-title']"}
DEBUG    urllib3.connectionpool:connectionpool.py:544 http://selenium-hub:4444 "POST /wd/hub/session/3113c0127527982047c2c0cbec19f22b/element/f.98D246DDA407406B6F8C3DBE00D42F41.d.348253207A90A264C8DB5FA6D463838C.e.603/element HTTP/1.1" 200 0
DEBUG    selenium.webdriver.remote.remote_connection:remote_connection.py:329 Remote response: status=200 | data={"value":{"element-6066-11e4-a52e-4f735466cecf":"f.98D246DDA407406B6F8C3DBE00D42F41.d.348253207A90A264C8DB5FA6D463838C.e.786"}} | headers=HTTPHeaderDict({'content-length': '127', 'content-type': 'application/json; charset=utf-8', 'cache-control': 'no-cache'})
DEBUG    selenium.webdriver.remote.remote_connection:remote_connection.py:356 Finished Request
DEBUG    selenium.webdriver.remote.remote_connection:remote_connection.py:313 GET http://selenium-hub:4444/wd/hub/session/3113c0127527982047c2c0cbec19f22b/element/f.98D246DDA407406B6F8C3DBE00D42F41.d.348253207A90A264C8DB5FA6D463838C.e.786/text {}
DEBUG    urllib3.connectionpool:connectionpool.py:544 http://selenium-hub:4444 "GET /wd/hub/session/3113c0127527982047c2c0cbec19f22b/element/f.98D246DDA407406B6F8C3DBE00D42F41.d.348253207A90A264C8DB5FA6D463838C.e.786/text HTTP/1.1" 200 0
DEBUG    selenium.webdriver.remote.remote_connection:remote_connection.py:329 Remote response: status=200 | data={"value":"E2E Title"} | headers=HTTPHeaderDict({'content-length': '21', 'content-type': 'application/json; charset=utf-8', 'cache-control': 'no-cache'})
DEBUG    selenium.webdriver.remote.remote_connection:remote_connection.py:356 Finished Request
DEBUG    selenium.webdriver.remote.remote_connection:remote_connection.py:313 POST http://selenium-hub:4444/wd/hub/session/3113c0127527982047c2c0cbec19f22b/element/f.98D246DDA407406B6F8C3DBE00D42F41.d.348253207A90A264C8DB5FA6D463838C.e.604/element {"using": "css selector", "value": "div[data-testid='note-card-title']"}
DEBUG    urllib3.connectionpool:connectionpool.py:544 http://selenium-hub:4444 "POST /wd/hub/session/3113c0127527982047c2c0cbec19f22b/element/f.98D246DDA407406B6F8C3DBE00D42F41.d.348253207A90A264C8DB5FA6D463838C.e.604/element HTTP/1.1" 200 0
DEBUG    selenium.webdriver.remote.remote_connection:remote_connection.py:329 Remote response: status=200 | data={"value":{"element-6066-11e4-a52e-4f735466cecf":"f.98D246DDA407406B6F8C3DBE00D42F41.d.348253207A90A264C8DB5FA6D463838C.e.787"}} | headers=HTTPHeaderDict({'content-length': '127', 'content-type': 'application/json; charset=utf-8', 'cache-control': 'no-cache'})
DEBUG    selenium.webdriver.remote.remote_connection:remote_connection.py:356 Finished Request
DEBUG    selenium.webdriver.remote.remote_connection:remote_connection.py:313 GET http://selenium-hub:4444/wd/hub/session/3113c0127527982047c2c0cbec19f22b/element/f.98D246DDA407406B6F8C3DBE00D42F41.d.348253207A90A264C8DB5FA6D463838C.e.787/text {}
DEBUG    urllib3.connectionpool:connectionpool.py:544 http://selenium-hub:4444 "GET /wd/hub/session/3113c0127527982047c2c0cbec19f22b/element/f.98D246DDA407406B6F8C3DBE00D42F41.d.348253207A90A264C8DB5FA6D463838C.e.787/text HTTP/1.1" 200 0
DEBUG    selenium.webdriver.remote.remote_connection:remote_connection.py:329 Remote response: status=200 | data={"value":"UI Test"} | headers=HTTPHeaderDict({'content-length': '19', 'content-type': 'application/json; charset=utf-8', 'cache-control': 'no-cache'})
DEBUG    selenium.webdriver.remote.remote_connection:remote_connection.py:356 Finished Request
DEBUG    selenium.webdriver.remote.remote_connection:remote_connection.py:313 POST http://selenium-hub:4444/wd/hub/session/3113c0127527982047c2c0cbec19f22b/element/f.98D246DDA407406B6F8C3DBE00D42F41.d.348253207A90A264C8DB5FA6D463838C.e.605/element {"using": "css selector", "value": "div[data-testid='note-card-title']"}
DEBUG    urllib3.connectionpool:connectionpool.py:544 http://selenium-hub:4444 "POST /wd/hub/session/3113c0127527982047c2c0cbec19f22b/element/f.98D246DDA407406B6F8C3DBE00D42F41.d.348253207A90A264C8DB5FA6D463838C.e.605/element HTTP/1.1" 200 0
DEBUG    selenium.webdriver.remote.remote_connection:remote_connection.py:329 Remote response: status=200 | data={"value":{"element-6066-11e4-a52e-4f735466cecf":"f.98D246DDA407406B6F8C3DBE00D42F41.d.348253207A90A264C8DB5FA6D463838C.e.788"}} | headers=HTTPHeaderDict({'content-length': '127', 'content-type': 'application/json; charset=utf-8', 'cache-control': 'no-cache'})
DEBUG    selenium.webdriver.remote.remote_connection:remote_connection.py:356 Finished Request
DEBUG    selenium.webdriver.remote.remote_connection:remote_connection.py:313 GET http://selenium-hub:4444/wd/hub/session/3113c0127527982047c2c0cbec19f22b/element/f.98D246DDA407406B6F8C3DBE00D42F41.d.348253207A90A264C8DB5FA6D463838C.e.788/text {}
DEBUG    urllib3.connectionpool:connectionpool.py:544 http://selenium-hub:4444 "GET /wd/hub/session/3113c0127527982047c2c0cbec19f22b/element/f.98D246DDA407406B6F8C3DBE00D42F41.d.348253207A90A264C8DB5FA6D463838C.e.788/text HTTP/1.1" 200 0
DEBUG    selenium.webdriver.remote.remote_connection:remote_connection.py:329 Remote response: status=200 | data={"value":"UI Test"} | headers=HTTPHeaderDict({'content-length': '19', 'content-type': 'application/json; charset=utf-8', 'cache-control': 'no-cache'})
DEBUG    selenium.webdriver.remote.remote_connection:remote_connection.py:356 Finished Request
DEBUG    selenium.webdriver.remote.remote_connection:remote_connection.py:313 POST http://selenium-hub:4444/wd/hub/session/3113c0127527982047c2c0cbec19f22b/element/f.98D246DDA407406B6F8C3DBE00D42F41.d.348253207A90A264C8DB5FA6D463838C.e.606/element {"using": "css selector", "value": "div[data-testid='note-card-title']"}
DEBUG    urllib3.connectionpool:connectionpool.py:544 http://selenium-hub:4444 "POST /wd/hub/session/3113c0127527982047c2c0cbec19f22b/element/f.98D246DDA407406B6F8C3DBE00D42F41.d.348253207A90A264C8DB5FA6D463838C.e.606/element HTTP/1.1" 200 0
DEBUG    selenium.webdriver.remote.remote_connection:remote_connection.py:329 Remote response: status=200 | data={"value":{"element-6066-11e4-a52e-4f735466cecf":"f.98D246DDA407406B6F8C3DBE00D42F41.d.348253207A90A264C8DB5FA6D463838C.e.789"}} | headers=HTTPHeaderDict({'content-length': '127', 'content-type': 'application/json; charset=utf-8', 'cache-control': 'no-cache'})
DEBUG    selenium.webdriver.remote.remote_connection:remote_connection.py:356 Finished Request
DEBUG    selenium.webdriver.remote.remote_connection:remote_connection.py:313 GET http://selenium-hub:4444/wd/hub/session/3113c0127527982047c2c0cbec19f22b/element/f.98D246DDA407406B6F8C3DBE00D42F41.d.348253207A90A264C8DB5FA6D463838C.e.789/text {}
DEBUG    urllib3.connectionpool:connectionpool.py:544 http://selenium-hub:4444 "GET /wd/hub/session/3113c0127527982047c2c0cbec19f22b/element/f.98D246DDA407406B6F8C3DBE00D42F41.d.348253207A90A264C8DB5FA6D463838C.e.789/text HTTP/1.1" 200 0
DEBUG    selenium.webdriver.remote.remote_connection:remote_connection.py:329 Remote response: status=200 | data={"value":"E2E Title"} | headers=HTTPHeaderDict({'content-length': '21', 'content-type': 'application/json; charset=utf-8', 'cache-control': 'no-cache'})
DEBUG    selenium.webdriver.remote.remote_connection:remote_connection.py:356 Finished Request
DEBUG    selenium.webdriver.remote.remote_connection:remote_connection.py:313 POST http://selenium-hub:4444/wd/hub/session/3113c0127527982047c2c0cbec19f22b/element/f.98D246DDA407406B6F8C3DBE00D42F41.d.348253207A90A264C8DB5FA6D463838C.e.607/element {"using": "css selector", "value": "div[data-testid='note-card-title']"}
DEBUG    urllib3.connectionpool:connectionpool.py:544 http://selenium-hub:4444 "POST /wd/hub/session/3113c0127527982047c2c0cbec19f22b/element/f.98D246DDA407406B6F8C3DBE00D42F41.d.348253207A90A264C8DB5FA6D463838C.e.607/element HTTP/1.1" 200 0
DEBUG    selenium.webdriver.remote.remote_connection:remote_connection.py:329 Remote response: status=200 | data={"value":{"element-6066-11e4-a52e-4f735466cecf":"f.98D246DDA407406B6F8C3DBE00D42F41.d.348253207A90A264C8DB5FA6D463838C.e.790"}} | headers=HTTPHeaderDict({'content-length': '127', 'content-type': 'application/json; charset=utf-8', 'cache-control': 'no-cache'})
DEBUG    selenium.webdriver.remote.remote_connection:remote_connection.py:356 Finished Request
DEBUG    selenium.webdriver.remote.remote_connection:remote_connection.py:313 GET http://selenium-hub:4444/wd/hub/session/3113c0127527982047c2c0cbec19f22b/element/f.98D246DDA407406B6F8C3DBE00D42F41.d.348253207A90A264C8DB5FA6D463838C.e.790/text {}
DEBUG    urllib3.connectionpool:connectionpool.py:544 http://selenium-hub:4444 "GET /wd/hub/session/3113c0127527982047c2c0cbec19f22b/element/f.98D246DDA407406B6F8C3DBE00D42F41.d.348253207A90A264C8DB5FA6D463838C.e.790/text HTTP/1.1" 200 0
DEBUG    selenium.webdriver.remote.remote_connection:remote_connection.py:329 Remote response: status=200 | data={"value":"E2E Title"} | headers=HTTPHeaderDict({'content-length': '21', 'content-type': 'application/json; charset=utf-8', 'cache-control': 'no-cache'})
DEBUG    selenium.webdriver.remote.remote_connection:remote_connection.py:356 Finished Request
DEBUG    selenium.webdriver.remote.remote_connection:remote_connection.py:313 POST http://selenium-hub:4444/wd/hub/session/3113c0127527982047c2c0cbec19f22b/element/f.98D246DDA407406B6F8C3DBE00D42F41.d.348253207A90A264C8DB5FA6D463838C.e.608/element {"using": "css selector", "value": "div[data-testid='note-card-title']"}
DEBUG    urllib3.connectionpool:connectionpool.py:544 http://selenium-hub:4444 "POST /wd/hub/session/3113c0127527982047c2c0cbec19f22b/element/f.98D246DDA407406B6F8C3DBE00D42F41.d.348253207A90A264C8DB5FA6D463838C.e.608/element HTTP/1.1" 200 0
DEBUG    selenium.webdriver.remote.remote_connection:remote_connection.py:329 Remote response: status=200 | data={"value":{"element-6066-11e4-a52e-4f735466cecf":"f.98D246DDA407406B6F8C3DBE00D42F41.d.348253207A90A264C8DB5FA6D463838C.e.791"}} | headers=HTTPHeaderDict({'content-length': '127', 'content-type': 'application/json; charset=utf-8', 'cache-control': 'no-cache'})
DEBUG    selenium.webdriver.remote.remote_connection:remote_connection.py:356 Finished Request
DEBUG    selenium.webdriver.remote.remote_connection:remote_connection.py:313 GET http://selenium-hub:4444/wd/hub/session/3113c0127527982047c2c0cbec19f22b/element/f.98D246DDA407406B6F8C3DBE00D42F41.d.348253207A90A264C8DB5FA6D463838C.e.791/text {}
DEBUG    urllib3.connectionpool:connectionpool.py:544 http://selenium-hub:4444 "GET /wd/hub/session/3113c0127527982047c2c0cbec19f22b/element/f.98D246DDA407406B6F8C3DBE00D42F41.d.348253207A90A264C8DB5FA6D463838C.e.791/text HTTP/1.1" 200 0
DEBUG    selenium.webdriver.remote.remote_connection:remote_connection.py:329 Remote response: status=200 | data={"value":"UI Test"} | headers=HTTPHeaderDict({'content-length': '19', 'content-type': 'application/json; charset=utf-8', 'cache-control': 'no-cache'})
DEBUG    selenium.webdriver.remote.remote_connection:remote_connection.py:356 Finished Request
DEBUG    selenium.webdriver.remote.remote_connection:remote_connection.py:313 POST http://selenium-hub:4444/wd/hub/session/3113c0127527982047c2c0cbec19f22b/element/f.98D246DDA407406B6F8C3DBE00D42F41.d.348253207A90A264C8DB5FA6D463838C.e.609/element {"using": "css selector", "value": "div[data-testid='note-card-title']"}
DEBUG    urllib3.connectionpool:connectionpool.py:544 http://selenium-hub:4444 "POST /wd/hub/session/3113c0127527982047c2c0cbec19f22b/element/f.98D246DDA407406B6F8C3DBE00D42F41.d.348253207A90A264C8DB5FA6D463838C.e.609/element HTTP/1.1" 200 0
DEBUG    selenium.webdriver.remote.remote_connection:remote_connection.py:329 Remote response: status=200 | data={"value":{"element-6066-11e4-a52e-4f735466cecf":"f.98D246DDA407406B6F8C3DBE00D42F41.d.348253207A90A264C8DB5FA6D463838C.e.792"}} | headers=HTTPHeaderDict({'content-length': '127', 'content-type': 'application/json; charset=utf-8', 'cache-control': 'no-cache'})
DEBUG    selenium.webdriver.remote.remote_connection:remote_connection.py:356 Finished Request
DEBUG    selenium.webdriver.remote.remote_connection:remote_connection.py:313 GET http://selenium-hub:4444/wd/hub/session/3113c0127527982047c2c0cbec19f22b/element/f.98D246DDA407406B6F8C3DBE00D42F41.d.348253207A90A264C8DB5FA6D463838C.e.792/text {}
DEBUG    urllib3.connectionpool:connectionpool.py:544 http://selenium-hub:4444 "GET /wd/hub/session/3113c0127527982047c2c0cbec19f22b/element/f.98D246DDA407406B6F8C3DBE00D42F41.d.348253207A90A264C8DB5FA6D463838C.e.792/text HTTP/1.1" 200 0
DEBUG    selenium.webdriver.remote.remote_connection:remote_connection.py:329 Remote response: status=200 | data={"value":"E2E Title"} | headers=HTTPHeaderDict({'content-length': '21', 'content-type': 'application/json; charset=utf-8', 'cache-control': 'no-cache'})
DEBUG    selenium.webdriver.remote.remote_connection:remote_connection.py:356 Finished Request
DEBUG    selenium.webdriver.remote.remote_connection:remote_connection.py:313 POST http://selenium-hub:4444/wd/hub/session/3113c0127527982047c2c0cbec19f22b/element/f.98D246DDA407406B6F8C3DBE00D42F41.d.348253207A90A264C8DB5FA6D463838C.e.610/element {"using": "css selector", "value": "div[data-testid='note-card-title']"}
DEBUG    urllib3.connectionpool:connectionpool.py:544 http://selenium-hub:4444 "POST /wd/hub/session/3113c0127527982047c2c0cbec19f22b/element/f.98D246DDA407406B6F8C3DBE00D42F41.d.348253207A90A264C8DB5FA6D463838C.e.610/element HTTP/1.1" 200 0
DEBUG    selenium.webdriver.remote.remote_connection:remote_connection.py:329 Remote response: status=200 | data={"value":{"element-6066-11e4-a52e-4f735466cecf":"f.98D246DDA407406B6F8C3DBE00D42F41.d.348253207A90A264C8DB5FA6D463838C.e.793"}} | headers=HTTPHeaderDict({'content-length': '127', 'content-type': 'application/json; charset=utf-8', 'cache-control': 'no-cache'})
DEBUG    selenium.webdriver.remote.remote_connection:remote_connection.py:356 Finished Request
DEBUG    selenium.webdriver.remote.remote_connection:remote_connection.py:313 GET http://selenium-hub:4444/wd/hub/session/3113c0127527982047c2c0cbec19f22b/element/f.98D246DDA407406B6F8C3DBE00D42F41.d.348253207A90A264C8DB5FA6D463838C.e.793/text {}
DEBUG    urllib3.connectionpool:connectionpool.py:544 http://selenium-hub:4444 "GET /wd/hub/session/3113c0127527982047c2c0cbec19f22b/element/f.98D246DDA407406B6F8C3DBE00D42F41.d.348253207A90A264C8DB5FA6D463838C.e.793/text HTTP/1.1" 200 0
DEBUG    selenium.webdriver.remote.remote_connection:remote_connection.py:329 Remote response: status=200 | data={"value":"UI Test"} | headers=HTTPHeaderDict({'content-length': '19', 'content-type': 'application/json; charset=utf-8', 'cache-control': 'no-cache'})
DEBUG    selenium.webdriver.remote.remote_connection:remote_connection.py:356 Finished Request
DEBUG    selenium.webdriver.remote.remote_connection:remote_connection.py:313 POST http://selenium-hub:4444/wd/hub/session/3113c0127527982047c2c0cbec19f22b/element/f.98D246DDA407406B6F8C3DBE00D42F41.d.348253207A90A264C8DB5FA6D463838C.e.611/element {"using": "css selector", "value": "div[data-testid='note-card-title']"}
DEBUG    urllib3.connectionpool:connectionpool.py:544 http://selenium-hub:4444 "POST /wd/hub/session/3113c0127527982047c2c0cbec19f22b/element/f.98D246DDA407406B6F8C3DBE00D42F41.d.348253207A90A264C8DB5FA6D463838C.e.611/element HTTP/1.1" 200 0
DEBUG    selenium.webdriver.remote.remote_connection:remote_connection.py:329 Remote response: status=200 | data={"value":{"element-6066-11e4-a52e-4f735466cecf":"f.98D246DDA407406B6F8C3DBE00D42F41.d.348253207A90A264C8DB5FA6D463838C.e.794"}} | headers=HTTPHeaderDict({'content-length': '127', 'content-type': 'application/json; charset=utf-8', 'cache-control': 'no-cache'})
DEBUG    selenium.webdriver.remote.remote_connection:remote_connection.py:356 Finished Request
DEBUG    selenium.webdriver.remote.remote_connection:remote_connection.py:313 GET http://selenium-hub:4444/wd/hub/session/3113c0127527982047c2c0cbec19f22b/element/f.98D246DDA407406B6F8C3DBE00D42F41.d.348253207A90A264C8DB5FA6D463838C.e.794/text {}
DEBUG    urllib3.connectionpool:connectionpool.py:544 http://selenium-hub:4444 "GET /wd/hub/session/3113c0127527982047c2c0cbec19f22b/element/f.98D246DDA407406B6F8C3DBE00D42F41.d.348253207A90A264C8DB5FA6D463838C.e.794/text HTTP/1.1" 200 0
DEBUG    selenium.webdriver.remote.remote_connection:remote_connection.py:329 Remote response: status=200 | data={"value":"E2E Title"} | headers=HTTPHeaderDict({'content-length': '21', 'content-type': 'application/json; charset=utf-8', 'cache-control': 'no-cache'})
DEBUG    selenium.webdriver.remote.remote_connection:remote_connection.py:356 Finished Request
DEBUG    selenium.webdriver.remote.remote_connection:remote_connection.py:313 POST http://selenium-hub:4444/wd/hub/session/3113c0127527982047c2c0cbec19f22b/element/f.98D246DDA407406B6F8C3DBE00D42F41.d.348253207A90A264C8DB5FA6D463838C.e.612/element {"using": "css selector", "value": "div[data-testid='note-card-title']"}
DEBUG    urllib3.connectionpool:connectionpool.py:544 http://selenium-hub:4444 "POST /wd/hub/session/3113c0127527982047c2c0cbec19f22b/element/f.98D246DDA407406B6F8C3DBE00D42F41.d.348253207A90A264C8DB5FA6D463838C.e.612/element HTTP/1.1" 200 0
DEBUG    selenium.webdriver.remote.remote_connection:remote_connection.py:329 Remote response: status=200 | data={"value":{"element-6066-11e4-a52e-4f735466cecf":"f.98D246DDA407406B6F8C3DBE00D42F41.d.348253207A90A264C8DB5FA6D463838C.e.795"}} | headers=HTTPHeaderDict({'content-length': '127', 'content-type': 'application/json; charset=utf-8', 'cache-control': 'no-cache'})
DEBUG    selenium.webdriver.remote.remote_connection:remote_connection.py:356 Finished Request
DEBUG    selenium.webdriver.remote.remote_connection:remote_connection.py:313 GET http://selenium-hub:4444/wd/hub/session/3113c0127527982047c2c0cbec19f22b/element/f.98D246DDA407406B6F8C3DBE00D42F41.d.348253207A90A264C8DB5FA6D463838C.e.795/text {}
DEBUG    urllib3.connectionpool:connectionpool.py:544 http://selenium-hub:4444 "GET /wd/hub/session/3113c0127527982047c2c0cbec19f22b/element/f.98D246DDA407406B6F8C3DBE00D42F41.d.348253207A90A264C8DB5FA6D463838C.e.795/text HTTP/1.1" 200 0
DEBUG    selenium.webdriver.remote.remote_connection:remote_connection.py:329 Remote response: status=200 | data={"value":"UI Test"} | headers=HTTPHeaderDict({'content-length': '19', 'content-type': 'application/json; charset=utf-8', 'cache-control': 'no-cache'})
DEBUG    selenium.webdriver.remote.remote_connection:remote_connection.py:356 Finished Request
DEBUG    selenium.webdriver.remote.remote_connection:remote_connection.py:313 POST http://selenium-hub:4444/wd/hub/session/3113c0127527982047c2c0cbec19f22b/element/f.98D246DDA407406B6F8C3DBE00D42F41.d.348253207A90A264C8DB5FA6D463838C.e.613/element {"using": "css selector", "value": "div[data-testid='note-card-title']"}
DEBUG    urllib3.connectionpool:connectionpool.py:544 http://selenium-hub:4444 "POST /wd/hub/session/3113c0127527982047c2c0cbec19f22b/element/f.98D246DDA407406B6F8C3DBE00D42F41.d.348253207A90A264C8DB5FA6D463838C.e.613/element HTTP/1.1" 200 0
DEBUG    selenium.webdriver.remote.remote_connection:remote_connection.py:329 Remote response: status=200 | data={"value":{"element-6066-11e4-a52e-4f735466cecf":"f.98D246DDA407406B6F8C3DBE00D42F41.d.348253207A90A264C8DB5FA6D463838C.e.796"}} | headers=HTTPHeaderDict({'content-length': '127', 'content-type': 'application/json; charset=utf-8', 'cache-control': 'no-cache'})
DEBUG    selenium.webdriver.remote.remote_connection:remote_connection.py:356 Finished Request
DEBUG    selenium.webdriver.remote.remote_connection:remote_connection.py:313 GET http://selenium-hub:4444/wd/hub/session/3113c0127527982047c2c0cbec19f22b/element/f.98D246DDA407406B6F8C3DBE00D42F41.d.348253207A90A264C8DB5FA6D463838C.e.796/text {}
DEBUG    urllib3.connectionpool:connectionpool.py:544 http://selenium-hub:4444 "GET /wd/hub/session/3113c0127527982047c2c0cbec19f22b/element/f.98D246DDA407406B6F8C3DBE00D42F41.d.348253207A90A264C8DB5FA6D463838C.e.796/text HTTP/1.1" 200 0
DEBUG    selenium.webdriver.remote.remote_connection:remote_connection.py:329 Remote response: status=200 | data={"value":"E2E Title"} | headers=HTTPHeaderDict({'content-length': '21', 'content-type': 'application/json; charset=utf-8', 'cache-control': 'no-cache'})
DEBUG    selenium.webdriver.remote.remote_connection:remote_connection.py:356 Finished Request
DEBUG    selenium.webdriver.remote.remote_connection:remote_connection.py:313 POST http://selenium-hub:4444/wd/hub/session/3113c0127527982047c2c0cbec19f22b/element/f.98D246DDA407406B6F8C3DBE00D42F41.d.348253207A90A264C8DB5FA6D463838C.e.614/element {"using": "css selector", "value": "div[data-testid='note-card-title']"}
DEBUG    urllib3.connectionpool:connectionpool.py:544 http://selenium-hub:4444 "POST /wd/hub/session/3113c0127527982047c2c0cbec19f22b/element/f.98D246DDA407406B6F8C3DBE00D42F41.d.348253207A90A264C8DB5FA6D463838C.e.614/element HTTP/1.1" 200 0
DEBUG    selenium.webdriver.remote.remote_connection:remote_connection.py:329 Remote response: status=200 | data={"value":{"element-6066-11e4-a52e-4f735466cecf":"f.98D246DDA407406B6F8C3DBE00D42F41.d.348253207A90A264C8DB5FA6D463838C.e.797"}} | headers=HTTPHeaderDict({'content-length': '127', 'content-type': 'application/json; charset=utf-8', 'cache-control': 'no-cache'})
DEBUG    selenium.webdriver.remote.remote_connection:remote_connection.py:356 Finished Request
DEBUG    selenium.webdriver.remote.remote_connection:remote_connection.py:313 GET http://selenium-hub:4444/wd/hub/session/3113c0127527982047c2c0cbec19f22b/element/f.98D246DDA407406B6F8C3DBE00D42F41.d.348253207A90A264C8DB5FA6D463838C.e.797/text {}
DEBUG    urllib3.connectionpool:connectionpool.py:544 http://selenium-hub:4444 "GET /wd/hub/session/3113c0127527982047c2c0cbec19f22b/element/f.98D246DDA407406B6F8C3DBE00D42F41.d.348253207A90A264C8DB5FA6D463838C.e.797/text HTTP/1.1" 200 0
DEBUG    selenium.webdriver.remote.remote_connection:remote_connection.py:329 Remote response: status=200 | data={"value":"UI Test"} | headers=HTTPHeaderDict({'content-length': '19', 'content-type': 'application/json; charset=utf-8', 'cache-control': 'no-cache'})
DEBUG    selenium.webdriver.remote.remote_connection:remote_connection.py:356 Finished Request
DEBUG    selenium.webdriver.remote.remote_connection:remote_connection.py:313 POST http://selenium-hub:4444/wd/hub/session/3113c0127527982047c2c0cbec19f22b/element/f.98D246DDA407406B6F8C3DBE00D42F41.d.348253207A90A264C8DB5FA6D463838C.e.615/element {"using": "css selector", "value": "div[data-testid='note-card-title']"}
DEBUG    urllib3.connectionpool:connectionpool.py:544 http://selenium-hub:4444 "POST /wd/hub/session/3113c0127527982047c2c0cbec19f22b/element/f.98D246DDA407406B6F8C3DBE00D42F41.d.348253207A90A264C8DB5FA6D463838C.e.615/element HTTP/1.1" 200 0
DEBUG    selenium.webdriver.remote.remote_connection:remote_connection.py:329 Remote response: status=200 | data={"value":{"element-6066-11e4-a52e-4f735466cecf":"f.98D246DDA407406B6F8C3DBE00D42F41.d.348253207A90A264C8DB5FA6D463838C.e.798"}} | headers=HTTPHeaderDict({'content-length': '127', 'content-type': 'application/json; charset=utf-8', 'cache-control': 'no-cache'})
DEBUG    selenium.webdriver.remote.remote_connection:remote_connection.py:356 Finished Request
DEBUG    selenium.webdriver.remote.remote_connection:remote_connection.py:313 GET http://selenium-hub:4444/wd/hub/session/3113c0127527982047c2c0cbec19f22b/element/f.98D246DDA407406B6F8C3DBE00D42F41.d.348253207A90A264C8DB5FA6D463838C.e.798/text {}
DEBUG    urllib3.connectionpool:connectionpool.py:544 http://selenium-hub:4444 "GET /wd/hub/session/3113c0127527982047c2c0cbec19f22b/element/f.98D246DDA407406B6F8C3DBE00D42F41.d.348253207A90A264C8DB5FA6D463838C.e.798/text HTTP/1.1" 200 0
DEBUG    selenium.webdriver.remote.remote_connection:remote_connection.py:329 Remote response: status=200 | data={"value":"UI Test"} | headers=HTTPHeaderDict({'content-length': '19', 'content-type': 'application/json; charset=utf-8', 'cache-control': 'no-cache'})
DEBUG    selenium.webdriver.remote.remote_connection:remote_connection.py:356 Finished Request
DEBUG    selenium.webdriver.remote.remote_connection:remote_connection.py:313 POST http://selenium-hub:4444/wd/hub/session/3113c0127527982047c2c0cbec19f22b/element/f.98D246DDA407406B6F8C3DBE00D42F41.d.348253207A90A264C8DB5FA6D463838C.e.616/element {"using": "css selector", "value": "div[data-testid='note-card-title']"}
DEBUG    urllib3.connectionpool:connectionpool.py:544 http://selenium-hub:4444 "POST /wd/hub/session/3113c0127527982047c2c0cbec19f22b/element/f.98D246DDA407406B6F8C3DBE00D42F41.d.348253207A90A264C8DB5FA6D463838C.e.616/element HTTP/1.1" 200 0
DEBUG    selenium.webdriver.remote.remote_connection:remote_connection.py:329 Remote response: status=200 | data={"value":{"element-6066-11e4-a52e-4f735466cecf":"f.98D246DDA407406B6F8C3DBE00D42F41.d.348253207A90A264C8DB5FA6D463838C.e.799"}} | headers=HTTPHeaderDict({'content-length': '127', 'content-type': 'application/json; charset=utf-8', 'cache-control': 'no-cache'})
DEBUG    selenium.webdriver.remote.remote_connection:remote_connection.py:356 Finished Request
DEBUG    selenium.webdriver.remote.remote_connection:remote_connection.py:313 GET http://selenium-hub:4444/wd/hub/session/3113c0127527982047c2c0cbec19f22b/element/f.98D246DDA407406B6F8C3DBE00D42F41.d.348253207A90A264C8DB5FA6D463838C.e.799/text {}
DEBUG    urllib3.connectionpool:connectionpool.py:544 http://selenium-hub:4444 "GET /wd/hub/session/3113c0127527982047c2c0cbec19f22b/element/f.98D246DDA407406B6F8C3DBE00D42F41.d.348253207A90A264C8DB5FA6D463838C.e.799/text HTTP/1.1" 200 0
DEBUG    selenium.webdriver.remote.remote_connection:remote_connection.py:329 Remote response: status=200 | data={"value":"Delete by title 1778049010"} | headers=HTTPHeaderDict({'content-length': '38', 'content-type': 'application/json; charset=utf-8', 'cache-control': 'no-cache'})
DEBUG    selenium.webdriver.remote.remote_connection:remote_connection.py:356 Finished Request
DEBUG    selenium.webdriver.remote.remote_connection:remote_connection.py:313 POST http://selenium-hub:4444/wd/hub/session/3113c0127527982047c2c0cbec19f22b/element/f.98D246DDA407406B6F8C3DBE00D42F41.d.348253207A90A264C8DB5FA6D463838C.e.617/element {"using": "css selector", "value": "div[data-testid='note-card-title']"}
DEBUG    urllib3.connectionpool:connectionpool.py:544 http://selenium-hub:4444 "POST /wd/hub/session/3113c0127527982047c2c0cbec19f22b/element/f.98D246DDA407406B6F8C3DBE00D42F41.d.348253207A90A264C8DB5FA6D463838C.e.617/element HTTP/1.1" 200 0
DEBUG    selenium.webdriver.remote.remote_connection:remote_connection.py:329 Remote response: status=200 | data={"value":{"element-6066-11e4-a52e-4f735466cecf":"f.98D246DDA407406B6F8C3DBE00D42F41.d.348253207A90A264C8DB5FA6D463838C.e.800"}} | headers=HTTPHeaderDict({'content-length': '127', 'content-type': 'application/json; charset=utf-8', 'cache-control': 'no-cache'})
DEBUG    selenium.webdriver.remote.remote_connection:remote_connection.py:356 Finished Request
DEBUG    selenium.webdriver.remote.remote_connection:remote_connection.py:313 GET http://selenium-hub:4444/wd/hub/session/3113c0127527982047c2c0cbec19f22b/element/f.98D246DDA407406B6F8C3DBE00D42F41.d.348253207A90A264C8DB5FA6D463838C.e.800/text {}
DEBUG    urllib3.connectionpool:connectionpool.py:544 http://selenium-hub:4444 "GET /wd/hub/session/3113c0127527982047c2c0cbec19f22b/element/f.98D246DDA407406B6F8C3DBE00D42F41.d.348253207A90A264C8DB5FA6D463838C.e.800/text HTTP/1.1" 200 0
DEBUG    selenium.webdriver.remote.remote_connection:remote_connection.py:329 Remote response: status=200 | data={"value":"API E2E 1778048932"} | headers=HTTPHeaderDict({'content-length': '30', 'content-type': 'application/json; charset=utf-8', 'cache-control': 'no-cache'})
DEBUG    selenium.webdriver.remote.remote_connection:remote_connection.py:356 Finished Request
DEBUG    selenium.webdriver.remote.remote_connection:remote_connection.py:313 POST http://selenium-hub:4444/wd/hub/session/3113c0127527982047c2c0cbec19f22b/element/f.98D246DDA407406B6F8C3DBE00D42F41.d.348253207A90A264C8DB5FA6D463838C.e.618/element {"using": "css selector", "value": "div[data-testid='note-card-title']"}
DEBUG    urllib3.connectionpool:connectionpool.py:544 http://selenium-hub:4444 "POST /wd/hub/session/3113c0127527982047c2c0cbec19f22b/element/f.98D246DDA407406B6F8C3DBE00D42F41.d.348253207A90A264C8DB5FA6D463838C.e.618/element HTTP/1.1" 200 0
DEBUG    selenium.webdriver.remote.remote_connection:remote_connection.py:329 Remote response: status=200 | data={"value":{"element-6066-11e4-a52e-4f735466cecf":"f.98D246DDA407406B6F8C3DBE00D42F41.d.348253207A90A264C8DB5FA6D463838C.e.801"}} | headers=HTTPHeaderDict({'content-length': '127', 'content-type': 'application/json; charset=utf-8', 'cache-control': 'no-cache'})
DEBUG    selenium.webdriver.remote.remote_connection:remote_connection.py:356 Finished Request
DEBUG    selenium.webdriver.remote.remote_connection:remote_connection.py:313 GET http://selenium-hub:4444/wd/hub/session/3113c0127527982047c2c0cbec19f22b/element/f.98D246DDA407406B6F8C3DBE00D42F41.d.348253207A90A264C8DB5FA6D463838C.e.801/text {}
DEBUG    urllib3.connectionpool:connectionpool.py:544 http://selenium-hub:4444 "GET /wd/hub/session/3113c0127527982047c2c0cbec19f22b/element/f.98D246DDA407406B6F8C3DBE00D42F41.d.348253207A90A264C8DB5FA6D463838C.e.801/text HTTP/1.1" 200 0
DEBUG    selenium.webdriver.remote.remote_connection:remote_connection.py:329 Remote response: status=200 | data={"value":"UI Test"} | headers=HTTPHeaderDict({'content-length': '19', 'content-type': 'application/json; charset=utf-8', 'cache-control': 'no-cache'})
DEBUG    selenium.webdriver.remote.remote_connection:remote_connection.py:356 Finished Request
DEBUG    selenium.webdriver.remote.remote_connection:remote_connection.py:313 POST http://selenium-hub:4444/wd/hub/session/3113c0127527982047c2c0cbec19f22b/element/f.98D246DDA407406B6F8C3DBE00D42F41.d.348253207A90A264C8DB5FA6D463838C.e.619/element {"using": "css selector", "value": "div[data-testid='note-card-title']"}
DEBUG    urllib3.connectionpool:connectionpool.py:544 http://selenium-hub:4444 "POST /wd/hub/session/3113c0127527982047c2c0cbec19f22b/element/f.98D246DDA407406B6F8C3DBE00D42F41.d.348253207A90A264C8DB5FA6D463838C.e.619/element HTTP/1.1" 200 0
DEBUG    selenium.webdriver.remote.remote_connection:remote_connection.py:329 Remote response: status=200 | data={"value":{"element-6066-11e4-a52e-4f735466cecf":"f.98D246DDA407406B6F8C3DBE00D42F41.d.348253207A90A264C8DB5FA6D463838C.e.802"}} | headers=HTTPHeaderDict({'content-length': '127', 'content-type': 'application/json; charset=utf-8', 'cache-control': 'no-cache'})
DEBUG    selenium.webdriver.remote.remote_connection:remote_connection.py:356 Finished Request
DEBUG    selenium.webdriver.remote.remote_connection:remote_connection.py:313 GET http://selenium-hub:4444/wd/hub/session/3113c0127527982047c2c0cbec19f22b/element/f.98D246DDA407406B6F8C3DBE00D42F41.d.348253207A90A264C8DB5FA6D463838C.e.802/text {}
DEBUG    urllib3.connectionpool:connectionpool.py:544 http://selenium-hub:4444 "GET /wd/hub/session/3113c0127527982047c2c0cbec19f22b/element/f.98D246DDA407406B6F8C3DBE00D42F41.d.348253207A90A264C8DB5FA6D463838C.e.802/text HTTP/1.1" 200 0
DEBUG    selenium.webdriver.remote.remote_connection:remote_connection.py:329 Remote response: status=200 | data={"value":"E2E Title"} | headers=HTTPHeaderDict({'content-length': '21', 'content-type': 'application/json; charset=utf-8', 'cache-control': 'no-cache'})
DEBUG    selenium.webdriver.remote.remote_connection:remote_connection.py:356 Finished Request
DEBUG    selenium.webdriver.remote.remote_connection:remote_connection.py:313 POST http://selenium-hub:4444/wd/hub/session/3113c0127527982047c2c0cbec19f22b/element/f.98D246DDA407406B6F8C3DBE00D42F41.d.348253207A90A264C8DB5FA6D463838C.e.620/element {"using": "css selector", "value": "div[data-testid='note-card-title']"}
DEBUG    urllib3.connectionpool:connectionpool.py:544 http://selenium-hub:4444 "POST /wd/hub/session/3113c0127527982047c2c0cbec19f22b/element/f.98D246DDA407406B6F8C3DBE00D42F41.d.348253207A90A264C8DB5FA6D463838C.e.620/element HTTP/1.1" 200 0
DEBUG    selenium.webdriver.remote.remote_connection:remote_connection.py:329 Remote response: status=200 | data={"value":{"element-6066-11e4-a52e-4f735466cecf":"f.98D246DDA407406B6F8C3DBE00D42F41.d.348253207A90A264C8DB5FA6D463838C.e.803"}} | headers=HTTPHeaderDict({'content-length': '127', 'content-type': 'application/json; charset=utf-8', 'cache-control': 'no-cache'})
DEBUG    selenium.webdriver.remote.remote_connection:remote_connection.py:356 Finished Request
DEBUG    selenium.webdriver.remote.remote_connection:remote_connection.py:313 GET http://selenium-hub:4444/wd/hub/session/3113c0127527982047c2c0cbec19f22b/element/f.98D246DDA407406B6F8C3DBE00D42F41.d.348253207A90A264C8DB5FA6D463838C.e.803/text {}
DEBUG    urllib3.connectionpool:connectionpool.py:544 http://selenium-hub:4444 "GET /wd/hub/session/3113c0127527982047c2c0cbec19f22b/element/f.98D246DDA407406B6F8C3DBE00D42F41.d.348253207A90A264C8DB5FA6D463838C.e.803/text HTTP/1.1" 200 0
DEBUG    selenium.webdriver.remote.remote_connection:remote_connection.py:329 Remote response: status=200 | data={"value":"UI Test"} | headers=HTTPHeaderDict({'content-length': '19', 'content-type': 'application/json; charset=utf-8', 'cache-control': 'no-cache'})
DEBUG    selenium.webdriver.remote.remote_connection:remote_connection.py:356 Finished Request
DEBUG    selenium.webdriver.remote.remote_connection:remote_connection.py:313 POST http://selenium-hub:4444/wd/hub/session/3113c0127527982047c2c0cbec19f22b/element/f.98D246DDA407406B6F8C3DBE00D42F41.d.348253207A90A264C8DB5FA6D463838C.e.621/element {"using": "css selector", "value": "div[data-testid='note-card-title']"}
DEBUG    urllib3.connectionpool:connectionpool.py:544 http://selenium-hub:4444 "POST /wd/hub/session/3113c0127527982047c2c0cbec19f22b/element/f.98D246DDA407406B6F8C3DBE00D42F41.d.348253207A90A264C8DB5FA6D463838C.e.621/element HTTP/1.1" 200 0
DEBUG    selenium.webdriver.remote.remote_connection:remote_connection.py:329 Remote response: status=200 | data={"value":{"element-6066-11e4-a52e-4f735466cecf":"f.98D246DDA407406B6F8C3DBE00D42F41.d.348253207A90A264C8DB5FA6D463838C.e.804"}} | headers=HTTPHeaderDict({'content-length': '127', 'content-type': 'application/json; charset=utf-8', 'cache-control': 'no-cache'})
DEBUG    selenium.webdriver.remote.remote_connection:remote_connection.py:356 Finished Request
DEBUG    selenium.webdriver.remote.remote_connection:remote_connection.py:313 GET http://selenium-hub:4444/wd/hub/session/3113c0127527982047c2c0cbec19f22b/element/f.98D246DDA407406B6F8C3DBE00D42F41.d.348253207A90A264C8DB5FA6D463838C.e.804/text {}
DEBUG    urllib3.connectionpool:connectionpool.py:544 http://selenium-hub:4444 "GET /wd/hub/session/3113c0127527982047c2c0cbec19f22b/element/f.98D246DDA407406B6F8C3DBE00D42F41.d.348253207A90A264C8DB5FA6D463838C.e.804/text HTTP/1.1" 200 0
DEBUG    selenium.webdriver.remote.remote_connection:remote_connection.py:329 Remote response: status=200 | data={"value":"UI Test"} | headers=HTTPHeaderDict({'content-length': '19', 'content-type': 'application/json; charset=utf-8', 'cache-control': 'no-cache'})
DEBUG    selenium.webdriver.remote.remote_connection:remote_connection.py:356 Finished Request
DEBUG    selenium.webdriver.remote.remote_connection:remote_connection.py:313 POST http://selenium-hub:4444/wd/hub/session/3113c0127527982047c2c0cbec19f22b/element/f.98D246DDA407406B6F8C3DBE00D42F41.d.348253207A90A264C8DB5FA6D463838C.e.622/element {"using": "css selector", "value": "div[data-testid='note-card-title']"}
DEBUG    urllib3.connectionpool:connectionpool.py:544 http://selenium-hub:4444 "POST /wd/hub/session/3113c0127527982047c2c0cbec19f22b/element/f.98D246DDA407406B6F8C3DBE00D42F41.d.348253207A90A264C8DB5FA6D463838C.e.622/element HTTP/1.1" 200 0
DEBUG    selenium.webdriver.remote.remote_connection:remote_connection.py:329 Remote response: status=200 | data={"value":{"element-6066-11e4-a52e-4f735466cecf":"f.98D246DDA407406B6F8C3DBE00D42F41.d.348253207A90A264C8DB5FA6D463838C.e.805"}} | headers=HTTPHeaderDict({'content-length': '127', 'content-type': 'application/json; charset=utf-8', 'cache-control': 'no-cache'})
DEBUG    selenium.webdriver.remote.remote_connection:remote_connection.py:356 Finished Request
DEBUG    selenium.webdriver.remote.remote_connection:remote_connection.py:313 GET http://selenium-hub:4444/wd/hub/session/3113c0127527982047c2c0cbec19f22b/element/f.98D246DDA407406B6F8C3DBE00D42F41.d.348253207A90A264C8DB5FA6D463838C.e.805/text {}
DEBUG    urllib3.connectionpool:connectionpool.py:544 http://selenium-hub:4444 "GET /wd/hub/session/3113c0127527982047c2c0cbec19f22b/element/f.98D246DDA407406B6F8C3DBE00D42F41.d.348253207A90A264C8DB5FA6D463838C.e.805/text HTTP/1.1" 200 0
DEBUG    selenium.webdriver.remote.remote_connection:remote_connection.py:329 Remote response: status=200 | data={"value":"Delete by title 1778047758"} | headers=HTTPHeaderDict({'content-length': '38', 'content-type': 'application/json; charset=utf-8', 'cache-control': 'no-cache'})
DEBUG    selenium.webdriver.remote.remote_connection:remote_connection.py:356 Finished Request
DEBUG    selenium.webdriver.remote.remote_connection:remote_connection.py:313 POST http://selenium-hub:4444/wd/hub/session/3113c0127527982047c2c0cbec19f22b/element/f.98D246DDA407406B6F8C3DBE00D42F41.d.348253207A90A264C8DB5FA6D463838C.e.623/element {"using": "css selector", "value": "div[data-testid='note-card-title']"}
DEBUG    urllib3.connectionpool:connectionpool.py:544 http://selenium-hub:4444 "POST /wd/hub/session/3113c0127527982047c2c0cbec19f22b/element/f.98D246DDA407406B6F8C3DBE00D42F41.d.348253207A90A264C8DB5FA6D463838C.e.623/element HTTP/1.1" 200 0
DEBUG    selenium.webdriver.remote.remote_connection:remote_connection.py:329 Remote response: status=200 | data={"value":{"element-6066-11e4-a52e-4f735466cecf":"f.98D246DDA407406B6F8C3DBE00D42F41.d.348253207A90A264C8DB5FA6D463838C.e.806"}} | headers=HTTPHeaderDict({'content-length': '127', 'content-type': 'application/json; charset=utf-8', 'cache-control': 'no-cache'})
DEBUG    selenium.webdriver.remote.remote_connection:remote_connection.py:356 Finished Request
DEBUG    selenium.webdriver.remote.remote_connection:remote_connection.py:313 GET http://selenium-hub:4444/wd/hub/session/3113c0127527982047c2c0cbec19f22b/element/f.98D246DDA407406B6F8C3DBE00D42F41.d.348253207A90A264C8DB5FA6D463838C.e.806/text {}
DEBUG    urllib3.connectionpool:connectionpool.py:544 http://selenium-hub:4444 "GET /wd/hub/session/3113c0127527982047c2c0cbec19f22b/element/f.98D246DDA407406B6F8C3DBE00D42F41.d.348253207A90A264C8DB5FA6D463838C.e.806/text HTTP/1.1" 200 0
DEBUG    selenium.webdriver.remote.remote_connection:remote_connection.py:329 Remote response: status=200 | data={"value":"E2E Title"} | headers=HTTPHeaderDict({'content-length': '21', 'content-type': 'application/json; charset=utf-8', 'cache-control': 'no-cache'})
DEBUG    selenium.webdriver.remote.remote_connection:remote_connection.py:356 Finished Request
DEBUG    selenium.webdriver.remote.remote_connection:remote_connection.py:313 POST http://selenium-hub:4444/wd/hub/session/3113c0127527982047c2c0cbec19f22b/element/f.98D246DDA407406B6F8C3DBE00D42F41.d.348253207A90A264C8DB5FA6D463838C.e.624/element {"using": "css selector", "value": "div[data-testid='note-card-title']"}
DEBUG    urllib3.connectionpool:connectionpool.py:544 http://selenium-hub:4444 "POST /wd/hub/session/3113c0127527982047c2c0cbec19f22b/element/f.98D246DDA407406B6F8C3DBE00D42F41.d.348253207A90A264C8DB5FA6D463838C.e.624/element HTTP/1.1" 200 0
DEBUG    selenium.webdriver.remote.remote_connection:remote_connection.py:329 Remote response: status=200 | data={"value":{"element-6066-11e4-a52e-4f735466cecf":"f.98D246DDA407406B6F8C3DBE00D42F41.d.348253207A90A264C8DB5FA6D463838C.e.807"}} | headers=HTTPHeaderDict({'content-length': '127', 'content-type': 'application/json; charset=utf-8', 'cache-control': 'no-cache'})
DEBUG    selenium.webdriver.remote.remote_connection:remote_connection.py:356 Finished Request
DEBUG    selenium.webdriver.remote.remote_connection:remote_connection.py:313 GET http://selenium-hub:4444/wd/hub/session/3113c0127527982047c2c0cbec19f22b/element/f.98D246DDA407406B6F8C3DBE00D42F41.d.348253207A90A264C8DB5FA6D463838C.e.807/text {}
DEBUG    urllib3.connectionpool:connectionpool.py:544 http://selenium-hub:4444 "GET /wd/hub/session/3113c0127527982047c2c0cbec19f22b/element/f.98D246DDA407406B6F8C3DBE00D42F41.d.348253207A90A264C8DB5FA6D463838C.e.807/text HTTP/1.1" 200 0
DEBUG    selenium.webdriver.remote.remote_connection:remote_connection.py:329 Remote response: status=200 | data={"value":"UI Test"} | headers=HTTPHeaderDict({'content-length': '19', 'content-type': 'application/json; charset=utf-8', 'cache-control': 'no-cache'})
DEBUG    selenium.webdriver.remote.remote_connection:remote_connection.py:356 Finished Request
DEBUG    selenium.webdriver.remote.remote_connection:remote_connection.py:313 POST http://selenium-hub:4444/wd/hub/session/3113c0127527982047c2c0cbec19f22b/element/f.98D246DDA407406B6F8C3DBE00D42F41.d.348253207A90A264C8DB5FA6D463838C.e.625/element {"using": "css selector", "value": "div[data-testid='note-card-title']"}
DEBUG    urllib3.connectionpool:connectionpool.py:544 http://selenium-hub:4444 "POST /wd/hub/session/3113c0127527982047c2c0cbec19f22b/element/f.98D246DDA407406B6F8C3DBE00D42F41.d.348253207A90A264C8DB5FA6D463838C.e.625/element HTTP/1.1" 200 0
DEBUG    selenium.webdriver.remote.remote_connection:remote_connection.py:329 Remote response: status=200 | data={"value":{"element-6066-11e4-a52e-4f735466cecf":"f.98D246DDA407406B6F8C3DBE00D42F41.d.348253207A90A264C8DB5FA6D463838C.e.808"}} | headers=HTTPHeaderDict({'content-length': '127', 'content-type': 'application/json; charset=utf-8', 'cache-control': 'no-cache'})
DEBUG    selenium.webdriver.remote.remote_connection:remote_connection.py:356 Finished Request
DEBUG    selenium.webdriver.remote.remote_connection:remote_connection.py:313 GET http://selenium-hub:4444/wd/hub/session/3113c0127527982047c2c0cbec19f22b/element/f.98D246DDA407406B6F8C3DBE00D42F41.d.348253207A90A264C8DB5FA6D463838C.e.808/text {}
DEBUG    urllib3.connectionpool:connectionpool.py:544 http://selenium-hub:4444 "GET /wd/hub/session/3113c0127527982047c2c0cbec19f22b/element/f.98D246DDA407406B6F8C3DBE00D42F41.d.348253207A90A264C8DB5FA6D463838C.e.808/text HTTP/1.1" 200 0
DEBUG    selenium.webdriver.remote.remote_connection:remote_connection.py:329 Remote response: status=200 | data={"value":"E2E Title"} | headers=HTTPHeaderDict({'content-length': '21', 'content-type': 'application/json; charset=utf-8', 'cache-control': 'no-cache'})
DEBUG    selenium.webdriver.remote.remote_connection:remote_connection.py:356 Finished Request
DEBUG    selenium.webdriver.remote.remote_connection:remote_connection.py:313 POST http://selenium-hub:4444/wd/hub/session/3113c0127527982047c2c0cbec19f22b/element/f.98D246DDA407406B6F8C3DBE00D42F41.d.348253207A90A264C8DB5FA6D463838C.e.626/element {"using": "css selector", "value": "div[data-testid='note-card-title']"}
DEBUG    urllib3.connectionpool:connectionpool.py:544 http://selenium-hub:4444 "POST /wd/hub/session/3113c0127527982047c2c0cbec19f22b/element/f.98D246DDA407406B6F8C3DBE00D42F41.d.348253207A90A264C8DB5FA6D463838C.e.626/element HTTP/1.1" 200 0
DEBUG    selenium.webdriver.remote.remote_connection:remote_connection.py:329 Remote response: status=200 | data={"value":{"element-6066-11e4-a52e-4f735466cecf":"f.98D246DDA407406B6F8C3DBE00D42F41.d.348253207A90A264C8DB5FA6D463838C.e.809"}} | headers=HTTPHeaderDict({'content-length': '127', 'content-type': 'application/json; charset=utf-8', 'cache-control': 'no-cache'})
DEBUG    selenium.webdriver.remote.remote_connection:remote_connection.py:356 Finished Request
DEBUG    selenium.webdriver.remote.remote_connection:remote_connection.py:313 GET http://selenium-hub:4444/wd/hub/session/3113c0127527982047c2c0cbec19f22b/element/f.98D246DDA407406B6F8C3DBE00D42F41.d.348253207A90A264C8DB5FA6D463838C.e.809/text {}
DEBUG    urllib3.connectionpool:connectionpool.py:544 http://selenium-hub:4444 "GET /wd/hub/session/3113c0127527982047c2c0cbec19f22b/element/f.98D246DDA407406B6F8C3DBE00D42F41.d.348253207A90A264C8DB5FA6D463838C.e.809/text HTTP/1.1" 200 0
DEBUG    selenium.webdriver.remote.remote_connection:remote_connection.py:329 Remote response: status=200 | data={"value":"API E2E 1778047252"} | headers=HTTPHeaderDict({'content-length': '30', 'content-type': 'application/json; charset=utf-8', 'cache-control': 'no-cache'})
DEBUG    selenium.webdriver.remote.remote_connection:remote_connection.py:356 Finished Request
DEBUG    selenium.webdriver.remote.remote_connection:remote_connection.py:313 POST http://selenium-hub:4444/wd/hub/session/3113c0127527982047c2c0cbec19f22b/element/f.98D246DDA407406B6F8C3DBE00D42F41.d.348253207A90A264C8DB5FA6D463838C.e.627/element {"using": "css selector", "value": "div[data-testid='note-card-title']"}
DEBUG    urllib3.connectionpool:connectionpool.py:544 http://selenium-hub:4444 "POST /wd/hub/session/3113c0127527982047c2c0cbec19f22b/element/f.98D246DDA407406B6F8C3DBE00D42F41.d.348253207A90A264C8DB5FA6D463838C.e.627/element HTTP/1.1" 200 0
DEBUG    selenium.webdriver.remote.remote_connection:remote_connection.py:329 Remote response: status=200 | data={"value":{"element-6066-11e4-a52e-4f735466cecf":"f.98D246DDA407406B6F8C3DBE00D42F41.d.348253207A90A264C8DB5FA6D463838C.e.810"}} | headers=HTTPHeaderDict({'content-length': '127', 'content-type': 'application/json; charset=utf-8', 'cache-control': 'no-cache'})
DEBUG    selenium.webdriver.remote.remote_connection:remote_connection.py:356 Finished Request
DEBUG    selenium.webdriver.remote.remote_connection:remote_connection.py:313 GET http://selenium-hub:4444/wd/hub/session/3113c0127527982047c2c0cbec19f22b/element/f.98D246DDA407406B6F8C3DBE00D42F41.d.348253207A90A264C8DB5FA6D463838C.e.810/text {}
DEBUG    urllib3.connectionpool:connectionpool.py:544 http://selenium-hub:4444 "GET /wd/hub/session/3113c0127527982047c2c0cbec19f22b/element/f.98D246DDA407406B6F8C3DBE00D42F41.d.348253207A90A264C8DB5FA6D463838C.e.810/text HTTP/1.1" 200 0
DEBUG    selenium.webdriver.remote.remote_connection:remote_connection.py:329 Remote response: status=200 | data={"value":"API E2E 1778047160"} | headers=HTTPHeaderDict({'content-length': '30', 'content-type': 'application/json; charset=utf-8', 'cache-control': 'no-cache'})
DEBUG    selenium.webdriver.remote.remote_connection:remote_connection.py:356 Finished Request
DEBUG    selenium.webdriver.remote.remote_connection:remote_connection.py:313 POST http://selenium-hub:4444/wd/hub/session/3113c0127527982047c2c0cbec19f22b/element/f.98D246DDA407406B6F8C3DBE00D42F41.d.348253207A90A264C8DB5FA6D463838C.e.628/element {"using": "css selector", "value": "div[data-testid='note-card-title']"}
DEBUG    urllib3.connectionpool:connectionpool.py:544 http://selenium-hub:4444 "POST /wd/hub/session/3113c0127527982047c2c0cbec19f22b/element/f.98D246DDA407406B6F8C3DBE00D42F41.d.348253207A90A264C8DB5FA6D463838C.e.628/element HTTP/1.1" 200 0
DEBUG    selenium.webdriver.remote.remote_connection:remote_connection.py:329 Remote response: status=200 | data={"value":{"element-6066-11e4-a52e-4f735466cecf":"f.98D246DDA407406B6F8C3DBE00D42F41.d.348253207A90A264C8DB5FA6D463838C.e.811"}} | headers=HTTPHeaderDict({'content-length': '127', 'content-type': 'application/json; charset=utf-8', 'cache-control': 'no-cache'})
DEBUG    selenium.webdriver.remote.remote_connection:remote_connection.py:356 Finished Request
DEBUG    selenium.webdriver.remote.remote_connection:remote_connection.py:313 GET http://selenium-hub:4444/wd/hub/session/3113c0127527982047c2c0cbec19f22b/element/f.98D246DDA407406B6F8C3DBE00D42F41.d.348253207A90A264C8DB5FA6D463838C.e.811/text {}
DEBUG    urllib3.connectionpool:connectionpool.py:544 http://selenium-hub:4444 "GET /wd/hub/session/3113c0127527982047c2c0cbec19f22b/element/f.98D246DDA407406B6F8C3DBE00D42F41.d.348253207A90A264C8DB5FA6D463838C.e.811/text HTTP/1.1" 200 0
DEBUG    selenium.webdriver.remote.remote_connection:remote_connection.py:329 Remote response: status=200 | data={"value":"E2E Title"} | headers=HTTPHeaderDict({'content-length': '21', 'content-type': 'application/json; charset=utf-8', 'cache-control': 'no-cache'})
DEBUG    selenium.webdriver.remote.remote_connection:remote_connection.py:356 Finished Request
DEBUG    selenium.webdriver.remote.remote_connection:remote_connection.py:313 POST http://selenium-hub:4444/wd/hub/session/3113c0127527982047c2c0cbec19f22b/element/f.98D246DDA407406B6F8C3DBE00D42F41.d.348253207A90A264C8DB5FA6D463838C.e.629/element {"using": "css selector", "value": "div[data-testid='note-card-title']"}
DEBUG    urllib3.connectionpool:connectionpool.py:544 http://selenium-hub:4444 "POST /wd/hub/session/3113c0127527982047c2c0cbec19f22b/element/f.98D246DDA407406B6F8C3DBE00D42F41.d.348253207A90A264C8DB5FA6D463838C.e.629/element HTTP/1.1" 200 0
DEBUG    selenium.webdriver.remote.remote_connection:remote_connection.py:329 Remote response: status=200 | data={"value":{"element-6066-11e4-a52e-4f735466cecf":"f.98D246DDA407406B6F8C3DBE00D42F41.d.348253207A90A264C8DB5FA6D463838C.e.812"}} | headers=HTTPHeaderDict({'content-length': '127', 'content-type': 'application/json; charset=utf-8', 'cache-control': 'no-cache'})
DEBUG    selenium.webdriver.remote.remote_connection:remote_connection.py:356 Finished Request
DEBUG    selenium.webdriver.remote.remote_connection:remote_connection.py:313 GET http://selenium-hub:4444/wd/hub/session/3113c0127527982047c2c0cbec19f22b/element/f.98D246DDA407406B6F8C3DBE00D42F41.d.348253207A90A264C8DB5FA6D463838C.e.812/text {}
DEBUG    urllib3.connectionpool:connectionpool.py:544 http://selenium-hub:4444 "GET /wd/hub/session/3113c0127527982047c2c0cbec19f22b/element/f.98D246DDA407406B6F8C3DBE00D42F41.d.348253207A90A264C8DB5FA6D463838C.e.812/text HTTP/1.1" 200 0
DEBUG    selenium.webdriver.remote.remote_connection:remote_connection.py:329 Remote response: status=200 | data={"value":"UI Test"} | headers=HTTPHeaderDict({'content-length': '19', 'content-type': 'application/json; charset=utf-8', 'cache-control': 'no-cache'})
DEBUG    selenium.webdriver.remote.remote_connection:remote_connection.py:356 Finished Request
DEBUG    selenium.webdriver.remote.remote_connection:remote_connection.py:313 POST http://selenium-hub:4444/wd/hub/session/3113c0127527982047c2c0cbec19f22b/element/f.98D246DDA407406B6F8C3DBE00D42F41.d.348253207A90A264C8DB5FA6D463838C.e.630/element {"using": "css selector", "value": "div[data-testid='note-card-title']"}
DEBUG    urllib3.connectionpool:connectionpool.py:544 http://selenium-hub:4444 "POST /wd/hub/session/3113c0127527982047c2c0cbec19f22b/element/f.98D246DDA407406B6F8C3DBE00D42F41.d.348253207A90A264C8DB5FA6D463838C.e.630/element HTTP/1.1" 200 0
DEBUG    selenium.webdriver.remote.remote_connection:remote_connection.py:329 Remote response: status=200 | data={"value":{"element-6066-11e4-a52e-4f735466cecf":"f.98D246DDA407406B6F8C3DBE00D42F41.d.348253207A90A264C8DB5FA6D463838C.e.813"}} | headers=HTTPHeaderDict({'content-length': '127', 'content-type': 'application/json; charset=utf-8', 'cache-control': 'no-cache'})
DEBUG    selenium.webdriver.remote.remote_connection:remote_connection.py:356 Finished Request
DEBUG    selenium.webdriver.remote.remote_connection:remote_connection.py:313 GET http://selenium-hub:4444/wd/hub/session/3113c0127527982047c2c0cbec19f22b/element/f.98D246DDA407406B6F8C3DBE00D42F41.d.348253207A90A264C8DB5FA6D463838C.e.813/text {}
DEBUG    urllib3.connectionpool:connectionpool.py:544 http://selenium-hub:4444 "GET /wd/hub/session/3113c0127527982047c2c0cbec19f22b/element/f.98D246DDA407406B6F8C3DBE00D42F41.d.348253207A90A264C8DB5FA6D463838C.e.813/text HTTP/1.1" 200 0
DEBUG    selenium.webdriver.remote.remote_connection:remote_connection.py:329 Remote response: status=200 | data={"value":"API E2E 1778046376"} | headers=HTTPHeaderDict({'content-length': '30', 'content-type': 'application/json; charset=utf-8', 'cache-control': 'no-cache'})
DEBUG    selenium.webdriver.remote.remote_connection:remote_connection.py:356 Finished Request
DEBUG    selenium.webdriver.remote.remote_connection:remote_connection.py:313 POST http://selenium-hub:4444/wd/hub/session/3113c0127527982047c2c0cbec19f22b/element/f.98D246DDA407406B6F8C3DBE00D42F41.d.348253207A90A264C8DB5FA6D463838C.e.631/element {"using": "css selector", "value": "div[data-testid='note-card-title']"}
DEBUG    urllib3.connectionpool:connectionpool.py:544 http://selenium-hub:4444 "POST /wd/hub/session/3113c0127527982047c2c0cbec19f22b/element/f.98D246DDA407406B6F8C3DBE00D42F41.d.348253207A90A264C8DB5FA6D463838C.e.631/element HTTP/1.1" 200 0
DEBUG    selenium.webdriver.remote.remote_connection:remote_connection.py:329 Remote response: status=200 | data={"value":{"element-6066-11e4-a52e-4f735466cecf":"f.98D246DDA407406B6F8C3DBE00D42F41.d.348253207A90A264C8DB5FA6D463838C.e.814"}} | headers=HTTPHeaderDict({'content-length': '127', 'content-type': 'application/json; charset=utf-8', 'cache-control': 'no-cache'})
DEBUG    selenium.webdriver.remote.remote_connection:remote_connection.py:356 Finished Request
DEBUG    selenium.webdriver.remote.remote_connection:remote_connection.py:313 GET http://selenium-hub:4444/wd/hub/session/3113c0127527982047c2c0cbec19f22b/element/f.98D246DDA407406B6F8C3DBE00D42F41.d.348253207A90A264C8DB5FA6D463838C.e.814/text {}
DEBUG    urllib3.connectionpool:connectionpool.py:544 http://selenium-hub:4444 "GET /wd/hub/session/3113c0127527982047c2c0cbec19f22b/element/f.98D246DDA407406B6F8C3DBE00D42F41.d.348253207A90A264C8DB5FA6D463838C.e.814/text HTTP/1.1" 200 0
DEBUG    selenium.webdriver.remote.remote_connection:remote_connection.py:329 Remote response: status=200 | data={"value":"UI Test"} | headers=HTTPHeaderDict({'content-length': '19', 'content-type': 'application/json; charset=utf-8', 'cache-control': 'no-cache'})
DEBUG    selenium.webdriver.remote.remote_connection:remote_connection.py:356 Finished Request
DEBUG    selenium.webdriver.remote.remote_connection:remote_connection.py:313 POST http://selenium-hub:4444/wd/hub/session/3113c0127527982047c2c0cbec19f22b/element/f.98D246DDA407406B6F8C3DBE00D42F41.d.348253207A90A264C8DB5FA6D463838C.e.632/element {"using": "css selector", "value": "div[data-testid='note-card-title']"}
DEBUG    urllib3.connectionpool:connectionpool.py:544 http://selenium-hub:4444 "POST /wd/hub/session/3113c0127527982047c2c0cbec19f22b/element/f.98D246DDA407406B6F8C3DBE00D42F41.d.348253207A90A264C8DB5FA6D463838C.e.632/element HTTP/1.1" 200 0
DEBUG    selenium.webdriver.remote.remote_connection:remote_connection.py:329 Remote response: status=200 | data={"value":{"element-6066-11e4-a52e-4f735466cecf":"f.98D246DDA407406B6F8C3DBE00D42F41.d.348253207A90A264C8DB5FA6D463838C.e.815"}} | headers=HTTPHeaderDict({'content-length': '127', 'content-type': 'application/json; charset=utf-8', 'cache-control': 'no-cache'})
DEBUG    selenium.webdriver.remote.remote_connection:remote_connection.py:356 Finished Request
DEBUG    selenium.webdriver.remote.remote_connection:remote_connection.py:313 GET http://selenium-hub:4444/wd/hub/session/3113c0127527982047c2c0cbec19f22b/element/f.98D246DDA407406B6F8C3DBE00D42F41.d.348253207A90A264C8DB5FA6D463838C.e.815/text {}
DEBUG    urllib3.connectionpool:connectionpool.py:544 http://selenium-hub:4444 "GET /wd/hub/session/3113c0127527982047c2c0cbec19f22b/element/f.98D246DDA407406B6F8C3DBE00D42F41.d.348253207A90A264C8DB5FA6D463838C.e.815/text HTTP/1.1" 200 0
DEBUG    selenium.webdriver.remote.remote_connection:remote_connection.py:329 Remote response: status=200 | data={"value":"Delete by title 1778045687"} | headers=HTTPHeaderDict({'content-length': '38', 'content-type': 'application/json; charset=utf-8', 'cache-control': 'no-cache'})
DEBUG    selenium.webdriver.remote.remote_connection:remote_connection.py:356 Finished Request
DEBUG    selenium.webdriver.remote.remote_connection:remote_connection.py:313 POST http://selenium-hub:4444/wd/hub/session/3113c0127527982047c2c0cbec19f22b/element/f.98D246DDA407406B6F8C3DBE00D42F41.d.348253207A90A264C8DB5FA6D463838C.e.633/element {"using": "css selector", "value": "div[data-testid='note-card-title']"}
DEBUG    urllib3.connectionpool:connectionpool.py:544 http://selenium-hub:4444 "POST /wd/hub/session/3113c0127527982047c2c0cbec19f22b/element/f.98D246DDA407406B6F8C3DBE00D42F41.d.348253207A90A264C8DB5FA6D463838C.e.633/element HTTP/1.1" 200 0
DEBUG    selenium.webdriver.remote.remote_connection:remote_connection.py:329 Remote response: status=200 | data={"value":{"element-6066-11e4-a52e-4f735466cecf":"f.98D246DDA407406B6F8C3DBE00D42F41.d.348253207A90A264C8DB5FA6D463838C.e.816"}} | headers=HTTPHeaderDict({'content-length': '127', 'content-type': 'application/json; charset=utf-8', 'cache-control': 'no-cache'})
DEBUG    selenium.webdriver.remote.remote_connection:remote_connection.py:356 Finished Request
DEBUG    selenium.webdriver.remote.remote_connection:remote_connection.py:313 GET http://selenium-hub:4444/wd/hub/session/3113c0127527982047c2c0cbec19f22b/element/f.98D246DDA407406B6F8C3DBE00D42F41.d.348253207A90A264C8DB5FA6D463838C.e.816/text {}
DEBUG    urllib3.connectionpool:connectionpool.py:544 http://selenium-hub:4444 "GET /wd/hub/session/3113c0127527982047c2c0cbec19f22b/element/f.98D246DDA407406B6F8C3DBE00D42F41.d.348253207A90A264C8DB5FA6D463838C.e.816/text HTTP/1.1" 200 0
DEBUG    selenium.webdriver.remote.remote_connection:remote_connection.py:329 Remote response: status=200 | data={"value":"E2E Title"} | headers=HTTPHeaderDict({'content-length': '21', 'content-type': 'application/json; charset=utf-8', 'cache-control': 'no-cache'})
DEBUG    selenium.webdriver.remote.remote_connection:remote_connection.py:356 Finished Request
DEBUG    selenium.webdriver.remote.remote_connection:remote_connection.py:313 POST http://selenium-hub:4444/wd/hub/session/3113c0127527982047c2c0cbec19f22b/element/f.98D246DDA407406B6F8C3DBE00D42F41.d.348253207A90A264C8DB5FA6D463838C.e.634/element {"using": "css selector", "value": "div[data-testid='note-card-title']"}
DEBUG    urllib3.connectionpool:connectionpool.py:544 http://selenium-hub:4444 "POST /wd/hub/session/3113c0127527982047c2c0cbec19f22b/element/f.98D246DDA407406B6F8C3DBE00D42F41.d.348253207A90A264C8DB5FA6D463838C.e.634/element HTTP/1.1" 200 0
DEBUG    selenium.webdriver.remote.remote_connection:remote_connection.py:329 Remote response: status=200 | data={"value":{"element-6066-11e4-a52e-4f735466cecf":"f.98D246DDA407406B6F8C3DBE00D42F41.d.348253207A90A264C8DB5FA6D463838C.e.817"}} | headers=HTTPHeaderDict({'content-length': '127', 'content-type': 'application/json; charset=utf-8', 'cache-control': 'no-cache'})
DEBUG    selenium.webdriver.remote.remote_connection:remote_connection.py:356 Finished Request
DEBUG    selenium.webdriver.remote.remote_connection:remote_connection.py:313 GET http://selenium-hub:4444/wd/hub/session/3113c0127527982047c2c0cbec19f22b/element/f.98D246DDA407406B6F8C3DBE00D42F41.d.348253207A90A264C8DB5FA6D463838C.e.817/text {}
DEBUG    urllib3.connectionpool:connectionpool.py:544 http://selenium-hub:4444 "GET /wd/hub/session/3113c0127527982047c2c0cbec19f22b/element/f.98D246DDA407406B6F8C3DBE00D42F41.d.348253207A90A264C8DB5FA6D463838C.e.817/text HTTP/1.1" 200 0
DEBUG    selenium.webdriver.remote.remote_connection:remote_connection.py:329 Remote response: status=200 | data={"value":"UI Test"} | headers=HTTPHeaderDict({'content-length': '19', 'content-type': 'application/json; charset=utf-8', 'cache-control': 'no-cache'})
DEBUG    selenium.webdriver.remote.remote_connection:remote_connection.py:356 Finished Request
DEBUG    selenium.webdriver.remote.remote_connection:remote_connection.py:313 POST http://selenium-hub:4444/wd/hub/session/3113c0127527982047c2c0cbec19f22b/element/f.98D246DDA407406B6F8C3DBE00D42F41.d.348253207A90A264C8DB5FA6D463838C.e.635/element {"using": "css selector", "value": "div[data-testid='note-card-title']"}
DEBUG    urllib3.connectionpool:connectionpool.py:544 http://selenium-hub:4444 "POST /wd/hub/session/3113c0127527982047c2c0cbec19f22b/element/f.98D246DDA407406B6F8C3DBE00D42F41.d.348253207A90A264C8DB5FA6D463838C.e.635/element HTTP/1.1" 200 0
DEBUG    selenium.webdriver.remote.remote_connection:remote_connection.py:329 Remote response: status=200 | data={"value":{"element-6066-11e4-a52e-4f735466cecf":"f.98D246DDA407406B6F8C3DBE00D42F41.d.348253207A90A264C8DB5FA6D463838C.e.818"}} | headers=HTTPHeaderDict({'content-length': '127', 'content-type': 'application/json; charset=utf-8', 'cache-control': 'no-cache'})
DEBUG    selenium.webdriver.remote.remote_connection:remote_connection.py:356 Finished Request
DEBUG    selenium.webdriver.remote.remote_connection:remote_connection.py:313 GET http://selenium-hub:4444/wd/hub/session/3113c0127527982047c2c0cbec19f22b/element/f.98D246DDA407406B6F8C3DBE00D42F41.d.348253207A90A264C8DB5FA6D463838C.e.818/text {}
DEBUG    urllib3.connectionpool:connectionpool.py:544 http://selenium-hub:4444 "GET /wd/hub/session/3113c0127527982047c2c0cbec19f22b/element/f.98D246DDA407406B6F8C3DBE00D42F41.d.348253207A90A264C8DB5FA6D463838C.e.818/text HTTP/1.1" 200 0
DEBUG    selenium.webdriver.remote.remote_connection:remote_connection.py:329 Remote response: status=200 | data={"value":"E2E Title"} | headers=HTTPHeaderDict({'content-length': '21', 'content-type': 'application/json; charset=utf-8', 'cache-control': 'no-cache'})
DEBUG    selenium.webdriver.remote.remote_connection:remote_connection.py:356 Finished Request
DEBUG    selenium.webdriver.remote.remote_connection:remote_connection.py:313 POST http://selenium-hub:4444/wd/hub/session/3113c0127527982047c2c0cbec19f22b/element/f.98D246DDA407406B6F8C3DBE00D42F41.d.348253207A90A264C8DB5FA6D463838C.e.636/element {"using": "css selector", "value": "div[data-testid='note-card-title']"}
DEBUG    urllib3.connectionpool:connectionpool.py:544 http://selenium-hub:4444 "POST /wd/hub/session/3113c0127527982047c2c0cbec19f22b/element/f.98D246DDA407406B6F8C3DBE00D42F41.d.348253207A90A264C8DB5FA6D463838C.e.636/element HTTP/1.1" 200 0
DEBUG    selenium.webdriver.remote.remote_connection:remote_connection.py:329 Remote response: status=200 | data={"value":{"element-6066-11e4-a52e-4f735466cecf":"f.98D246DDA407406B6F8C3DBE00D42F41.d.348253207A90A264C8DB5FA6D463838C.e.819"}} | headers=HTTPHeaderDict({'content-length': '127', 'content-type': 'application/json; charset=utf-8', 'cache-control': 'no-cache'})
DEBUG    selenium.webdriver.remote.remote_connection:remote_connection.py:356 Finished Request
DEBUG    selenium.webdriver.remote.remote_connection:remote_connection.py:313 GET http://selenium-hub:4444/wd/hub/session/3113c0127527982047c2c0cbec19f22b/element/f.98D246DDA407406B6F8C3DBE00D42F41.d.348253207A90A264C8DB5FA6D463838C.e.819/text {}
DEBUG    urllib3.connectionpool:connectionpool.py:544 http://selenium-hub:4444 "GET /wd/hub/session/3113c0127527982047c2c0cbec19f22b/element/f.98D246DDA407406B6F8C3DBE00D42F41.d.348253207A90A264C8DB5FA6D463838C.e.819/text HTTP/1.1" 200 0
DEBUG    selenium.webdriver.remote.remote_connection:remote_connection.py:329 Remote response: status=200 | data={"value":"UI Test"} | headers=HTTPHeaderDict({'content-length': '19', 'content-type': 'application/json; charset=utf-8', 'cache-control': 'no-cache'})
DEBUG    selenium.webdriver.remote.remote_connection:remote_connection.py:356 Finished Request
DEBUG    selenium.webdriver.remote.remote_connection:remote_connection.py:313 POST http://selenium-hub:4444/wd/hub/session/3113c0127527982047c2c0cbec19f22b/element/f.98D246DDA407406B6F8C3DBE00D42F41.d.348253207A90A264C8DB5FA6D463838C.e.637/element {"using": "css selector", "value": "div[data-testid='note-card-title']"}
DEBUG    urllib3.connectionpool:connectionpool.py:544 http://selenium-hub:4444 "POST /wd/hub/session/3113c0127527982047c2c0cbec19f22b/element/f.98D246DDA407406B6F8C3DBE00D42F41.d.348253207A90A264C8DB5FA6D463838C.e.637/element HTTP/1.1" 200 0
DEBUG    selenium.webdriver.remote.remote_connection:remote_connection.py:329 Remote response: status=200 | data={"value":{"element-6066-11e4-a52e-4f735466cecf":"f.98D246DDA407406B6F8C3DBE00D42F41.d.348253207A90A264C8DB5FA6D463838C.e.820"}} | headers=HTTPHeaderDict({'content-length': '127', 'content-type': 'application/json; charset=utf-8', 'cache-control': 'no-cache'})
DEBUG    selenium.webdriver.remote.remote_connection:remote_connection.py:356 Finished Request
DEBUG    selenium.webdriver.remote.remote_connection:remote_connection.py:313 GET http://selenium-hub:4444/wd/hub/session/3113c0127527982047c2c0cbec19f22b/element/f.98D246DDA407406B6F8C3DBE00D42F41.d.348253207A90A264C8DB5FA6D463838C.e.820/text {}
DEBUG    urllib3.connectionpool:connectionpool.py:544 http://selenium-hub:4444 "GET /wd/hub/session/3113c0127527982047c2c0cbec19f22b/element/f.98D246DDA407406B6F8C3DBE00D42F41.d.348253207A90A264C8DB5FA6D463838C.e.820/text HTTP/1.1" 200 0
DEBUG    selenium.webdriver.remote.remote_connection:remote_connection.py:329 Remote response: status=200 | data={"value":"E2E Title"} | headers=HTTPHeaderDict({'content-length': '21', 'content-type': 'application/json; charset=utf-8', 'cache-control': 'no-cache'})
DEBUG    selenium.webdriver.remote.remote_connection:remote_connection.py:356 Finished Request
DEBUG    selenium.webdriver.remote.remote_connection:remote_connection.py:313 POST http://selenium-hub:4444/wd/hub/session/3113c0127527982047c2c0cbec19f22b/element/f.98D246DDA407406B6F8C3DBE00D42F41.d.348253207A90A264C8DB5FA6D463838C.e.638/element {"using": "css selector", "value": "div[data-testid='note-card-title']"}
DEBUG    urllib3.connectionpool:connectionpool.py:544 http://selenium-hub:4444 "POST /wd/hub/session/3113c0127527982047c2c0cbec19f22b/element/f.98D246DDA407406B6F8C3DBE00D42F41.d.348253207A90A264C8DB5FA6D463838C.e.638/element HTTP/1.1" 200 0
DEBUG    selenium.webdriver.remote.remote_connection:remote_connection.py:329 Remote response: status=200 | data={"value":{"element-6066-11e4-a52e-4f735466cecf":"f.98D246DDA407406B6F8C3DBE00D42F41.d.348253207A90A264C8DB5FA6D463838C.e.821"}} | headers=HTTPHeaderDict({'content-length': '127', 'content-type': 'application/json; charset=utf-8', 'cache-control': 'no-cache'})
DEBUG    selenium.webdriver.remote.remote_connection:remote_connection.py:356 Finished Request
DEBUG    selenium.webdriver.remote.remote_connection:remote_connection.py:313 GET http://selenium-hub:4444/wd/hub/session/3113c0127527982047c2c0cbec19f22b/element/f.98D246DDA407406B6F8C3DBE00D42F41.d.348253207A90A264C8DB5FA6D463838C.e.821/text {}
DEBUG    urllib3.connectionpool:connectionpool.py:544 http://selenium-hub:4444 "GET /wd/hub/session/3113c0127527982047c2c0cbec19f22b/element/f.98D246DDA407406B6F8C3DBE00D42F41.d.348253207A90A264C8DB5FA6D463838C.e.821/text HTTP/1.1" 200 0
DEBUG    selenium.webdriver.remote.remote_connection:remote_connection.py:329 Remote response: status=200 | data={"value":"UI Test"} | headers=HTTPHeaderDict({'content-length': '19', 'content-type': 'application/json; charset=utf-8', 'cache-control': 'no-cache'})
DEBUG    selenium.webdriver.remote.remote_connection:remote_connection.py:356 Finished Request
DEBUG    selenium.webdriver.remote.remote_connection:remote_connection.py:313 POST http://selenium-hub:4444/wd/hub/session/3113c0127527982047c2c0cbec19f22b/element/f.98D246DDA407406B6F8C3DBE00D42F41.d.348253207A90A264C8DB5FA6D463838C.e.639/element {"using": "css selector", "value": "div[data-testid='note-card-title']"}
DEBUG    urllib3.connectionpool:connectionpool.py:544 http://selenium-hub:4444 "POST /wd/hub/session/3113c0127527982047c2c0cbec19f22b/element/f.98D246DDA407406B6F8C3DBE00D42F41.d.348253207A90A264C8DB5FA6D463838C.e.639/element HTTP/1.1" 200 0
DEBUG    selenium.webdriver.remote.remote_connection:remote_connection.py:329 Remote response: status=200 | data={"value":{"element-6066-11e4-a52e-4f735466cecf":"f.98D246DDA407406B6F8C3DBE00D42F41.d.348253207A90A264C8DB5FA6D463838C.e.822"}} | headers=HTTPHeaderDict({'content-length': '127', 'content-type': 'application/json; charset=utf-8', 'cache-control': 'no-cache'})
DEBUG    selenium.webdriver.remote.remote_connection:remote_connection.py:356 Finished Request
DEBUG    selenium.webdriver.remote.remote_connection:remote_connection.py:313 GET http://selenium-hub:4444/wd/hub/session/3113c0127527982047c2c0cbec19f22b/element/f.98D246DDA407406B6F8C3DBE00D42F41.d.348253207A90A264C8DB5FA6D463838C.e.822/text {}
DEBUG    urllib3.connectionpool:connectionpool.py:544 http://selenium-hub:4444 "GET /wd/hub/session/3113c0127527982047c2c0cbec19f22b/element/f.98D246DDA407406B6F8C3DBE00D42F41.d.348253207A90A264C8DB5FA6D463838C.e.822/text HTTP/1.1" 200 0
DEBUG    selenium.webdriver.remote.remote_connection:remote_connection.py:329 Remote response: status=200 | data={"value":"API E2E TEST"} | headers=HTTPHeaderDict({'content-length': '24', 'content-type': 'application/json; charset=utf-8', 'cache-control': 'no-cache'})
DEBUG    selenium.webdriver.remote.remote_connection:remote_connection.py:356 Finished Request
DEBUG    selenium.webdriver.remote.remote_connection:remote_connection.py:313 POST http://selenium-hub:4444/wd/hub/session/3113c0127527982047c2c0cbec19f22b/element/f.98D246DDA407406B6F8C3DBE00D42F41.d.348253207A90A264C8DB5FA6D463838C.e.640/element {"using": "css selector", "value": "div[data-testid='note-card-title']"}
DEBUG    urllib3.connectionpool:connectionpool.py:544 http://selenium-hub:4444 "POST /wd/hub/session/3113c0127527982047c2c0cbec19f22b/element/f.98D246DDA407406B6F8C3DBE00D42F41.d.348253207A90A264C8DB5FA6D463838C.e.640/element HTTP/1.1" 200 0
DEBUG    selenium.webdriver.remote.remote_connection:remote_connection.py:329 Remote response: status=200 | data={"value":{"element-6066-11e4-a52e-4f735466cecf":"f.98D246DDA407406B6F8C3DBE00D42F41.d.348253207A90A264C8DB5FA6D463838C.e.823"}} | headers=HTTPHeaderDict({'content-length': '127', 'content-type': 'application/json; charset=utf-8', 'cache-control': 'no-cache'})
DEBUG    selenium.webdriver.remote.remote_connection:remote_connection.py:356 Finished Request
DEBUG    selenium.webdriver.remote.remote_connection:remote_connection.py:313 GET http://selenium-hub:4444/wd/hub/session/3113c0127527982047c2c0cbec19f22b/element/f.98D246DDA407406B6F8C3DBE00D42F41.d.348253207A90A264C8DB5FA6D463838C.e.823/text {}
DEBUG    urllib3.connectionpool:connectionpool.py:544 http://selenium-hub:4444 "GET /wd/hub/session/3113c0127527982047c2c0cbec19f22b/element/f.98D246DDA407406B6F8C3DBE00D42F41.d.348253207A90A264C8DB5FA6D463838C.e.823/text HTTP/1.1" 200 0
DEBUG    selenium.webdriver.remote.remote_connection:remote_connection.py:329 Remote response: status=200 | data={"value":"UI Test"} | headers=HTTPHeaderDict({'content-length': '19', 'content-type': 'application/json; charset=utf-8', 'cache-control': 'no-cache'})
DEBUG    selenium.webdriver.remote.remote_connection:remote_connection.py:356 Finished Request
DEBUG    selenium.webdriver.remote.remote_connection:remote_connection.py:313 POST http://selenium-hub:4444/wd/hub/session/3113c0127527982047c2c0cbec19f22b/element/f.98D246DDA407406B6F8C3DBE00D42F41.d.348253207A90A264C8DB5FA6D463838C.e.641/element {"using": "css selector", "value": "div[data-testid='note-card-title']"}
DEBUG    urllib3.connectionpool:connectionpool.py:544 http://selenium-hub:4444 "POST /wd/hub/session/3113c0127527982047c2c0cbec19f22b/element/f.98D246DDA407406B6F8C3DBE00D42F41.d.348253207A90A264C8DB5FA6D463838C.e.641/element HTTP/1.1" 200 0
DEBUG    selenium.webdriver.remote.remote_connection:remote_connection.py:329 Remote response: status=200 | data={"value":{"element-6066-11e4-a52e-4f735466cecf":"f.98D246DDA407406B6F8C3DBE00D42F41.d.348253207A90A264C8DB5FA6D463838C.e.824"}} | headers=HTTPHeaderDict({'content-length': '127', 'content-type': 'application/json; charset=utf-8', 'cache-control': 'no-cache'})
DEBUG    selenium.webdriver.remote.remote_connection:remote_connection.py:356 Finished Request
DEBUG    selenium.webdriver.remote.remote_connection:remote_connection.py:313 GET http://selenium-hub:4444/wd/hub/session/3113c0127527982047c2c0cbec19f22b/element/f.98D246DDA407406B6F8C3DBE00D42F41.d.348253207A90A264C8DB5FA6D463838C.e.824/text {}
DEBUG    urllib3.connectionpool:connectionpool.py:544 http://selenium-hub:4444 "GET /wd/hub/session/3113c0127527982047c2c0cbec19f22b/element/f.98D246DDA407406B6F8C3DBE00D42F41.d.348253207A90A264C8DB5FA6D463838C.e.824/text HTTP/1.1" 200 0
DEBUG    selenium.webdriver.remote.remote_connection:remote_connection.py:329 Remote response: status=200 | data={"value":"E2E Title"} | headers=HTTPHeaderDict({'content-length': '21', 'content-type': 'application/json; charset=utf-8', 'cache-control': 'no-cache'})
DEBUG    selenium.webdriver.remote.remote_connection:remote_connection.py:356 Finished Request
DEBUG    selenium.webdriver.remote.remote_connection:remote_connection.py:313 POST http://selenium-hub:4444/wd/hub/session/3113c0127527982047c2c0cbec19f22b/element/f.98D246DDA407406B6F8C3DBE00D42F41.d.348253207A90A264C8DB5FA6D463838C.e.642/element {"using": "css selector", "value": "div[data-testid='note-card-title']"}
DEBUG    urllib3.connectionpool:connectionpool.py:544 http://selenium-hub:4444 "POST /wd/hub/session/3113c0127527982047c2c0cbec19f22b/element/f.98D246DDA407406B6F8C3DBE00D42F41.d.348253207A90A264C8DB5FA6D463838C.e.642/element HTTP/1.1" 200 0
DEBUG    selenium.webdriver.remote.remote_connection:remote_connection.py:329 Remote response: status=200 | data={"value":{"element-6066-11e4-a52e-4f735466cecf":"f.98D246DDA407406B6F8C3DBE00D42F41.d.348253207A90A264C8DB5FA6D463838C.e.825"}} | headers=HTTPHeaderDict({'content-length': '127', 'content-type': 'application/json; charset=utf-8', 'cache-control': 'no-cache'})
DEBUG    selenium.webdriver.remote.remote_connection:remote_connection.py:356 Finished Request
DEBUG    selenium.webdriver.remote.remote_connection:remote_connection.py:313 GET http://selenium-hub:4444/wd/hub/session/3113c0127527982047c2c0cbec19f22b/element/f.98D246DDA407406B6F8C3DBE00D42F41.d.348253207A90A264C8DB5FA6D463838C.e.825/text {}
DEBUG    urllib3.connectionpool:connectionpool.py:544 http://selenium-hub:4444 "GET /wd/hub/session/3113c0127527982047c2c0cbec19f22b/element/f.98D246DDA407406B6F8C3DBE00D42F41.d.348253207A90A264C8DB5FA6D463838C.e.825/text HTTP/1.1" 200 0
DEBUG    selenium.webdriver.remote.remote_connection:remote_connection.py:329 Remote response: status=200 | data={"value":"UI Test"} | headers=HTTPHeaderDict({'content-length': '19', 'content-type': 'application/json; charset=utf-8', 'cache-control': 'no-cache'})
DEBUG    selenium.webdriver.remote.remote_connection:remote_connection.py:356 Finished Request
DEBUG    selenium.webdriver.remote.remote_connection:remote_connection.py:313 POST http://selenium-hub:4444/wd/hub/session/3113c0127527982047c2c0cbec19f22b/element/f.98D246DDA407406B6F8C3DBE00D42F41.d.348253207A90A264C8DB5FA6D463838C.e.643/element {"using": "css selector", "value": "div[data-testid='note-card-title']"}
DEBUG    urllib3.connectionpool:connectionpool.py:544 http://selenium-hub:4444 "POST /wd/hub/session/3113c0127527982047c2c0cbec19f22b/element/f.98D246DDA407406B6F8C3DBE00D42F41.d.348253207A90A264C8DB5FA6D463838C.e.643/element HTTP/1.1" 200 0
DEBUG    selenium.webdriver.remote.remote_connection:remote_connection.py:329 Remote response: status=200 | data={"value":{"element-6066-11e4-a52e-4f735466cecf":"f.98D246DDA407406B6F8C3DBE00D42F41.d.348253207A90A264C8DB5FA6D463838C.e.826"}} | headers=HTTPHeaderDict({'content-length': '127', 'content-type': 'application/json; charset=utf-8', 'cache-control': 'no-cache'})
DEBUG    selenium.webdriver.remote.remote_connection:remote_connection.py:356 Finished Request
DEBUG    selenium.webdriver.remote.remote_connection:remote_connection.py:313 GET http://selenium-hub:4444/wd/hub/session/3113c0127527982047c2c0cbec19f22b/element/f.98D246DDA407406B6F8C3DBE00D42F41.d.348253207A90A264C8DB5FA6D463838C.e.826/text {}
DEBUG    urllib3.connectionpool:connectionpool.py:544 http://selenium-hub:4444 "GET /wd/hub/session/3113c0127527982047c2c0cbec19f22b/element/f.98D246DDA407406B6F8C3DBE00D42F41.d.348253207A90A264C8DB5FA6D463838C.e.826/text HTTP/1.1" 200 0
DEBUG    selenium.webdriver.remote.remote_connection:remote_connection.py:329 Remote response: status=200 | data={"value":"E2E Title"} | headers=HTTPHeaderDict({'content-length': '21', 'content-type': 'application/json; charset=utf-8', 'cache-control': 'no-cache'})
DEBUG    selenium.webdriver.remote.remote_connection:remote_connection.py:356 Finished Request
DEBUG    selenium.webdriver.remote.remote_connection:remote_connection.py:313 POST http://selenium-hub:4444/wd/hub/session/3113c0127527982047c2c0cbec19f22b/element/f.98D246DDA407406B6F8C3DBE00D42F41.d.348253207A90A264C8DB5FA6D463838C.e.644/element {"using": "css selector", "value": "div[data-testid='note-card-title']"}
DEBUG    urllib3.connectionpool:connectionpool.py:544 http://selenium-hub:4444 "POST /wd/hub/session/3113c0127527982047c2c0cbec19f22b/element/f.98D246DDA407406B6F8C3DBE00D42F41.d.348253207A90A264C8DB5FA6D463838C.e.644/element HTTP/1.1" 200 0
DEBUG    selenium.webdriver.remote.remote_connection:remote_connection.py:329 Remote response: status=200 | data={"value":{"element-6066-11e4-a52e-4f735466cecf":"f.98D246DDA407406B6F8C3DBE00D42F41.d.348253207A90A264C8DB5FA6D463838C.e.827"}} | headers=HTTPHeaderDict({'content-length': '127', 'content-type': 'application/json; charset=utf-8', 'cache-control': 'no-cache'})
DEBUG    selenium.webdriver.remote.remote_connection:remote_connection.py:356 Finished Request
DEBUG    selenium.webdriver.remote.remote_connection:remote_connection.py:313 GET http://selenium-hub:4444/wd/hub/session/3113c0127527982047c2c0cbec19f22b/element/f.98D246DDA407406B6F8C3DBE00D42F41.d.348253207A90A264C8DB5FA6D463838C.e.827/text {}
DEBUG    urllib3.connectionpool:connectionpool.py:544 http://selenium-hub:4444 "GET /wd/hub/session/3113c0127527982047c2c0cbec19f22b/element/f.98D246DDA407406B6F8C3DBE00D42F41.d.348253207A90A264C8DB5FA6D463838C.e.827/text HTTP/1.1" 200 0
DEBUG    selenium.webdriver.remote.remote_connection:remote_connection.py:329 Remote response: status=200 | data={"value":"UI Test"} | headers=HTTPHeaderDict({'content-length': '19', 'content-type': 'application/json; charset=utf-8', 'cache-control': 'no-cache'})
DEBUG    selenium.webdriver.remote.remote_connection:remote_connection.py:356 Finished Request
DEBUG    selenium.webdriver.remote.remote_connection:remote_connection.py:313 POST http://selenium-hub:4444/wd/hub/session/3113c0127527982047c2c0cbec19f22b/element/f.98D246DDA407406B6F8C3DBE00D42F41.d.348253207A90A264C8DB5FA6D463838C.e.645/element {"using": "css selector", "value": "div[data-testid='note-card-title']"}
DEBUG    urllib3.connectionpool:connectionpool.py:544 http://selenium-hub:4444 "POST /wd/hub/session/3113c0127527982047c2c0cbec19f22b/element/f.98D246DDA407406B6F8C3DBE00D42F41.d.348253207A90A264C8DB5FA6D463838C.e.645/element HTTP/1.1" 200 0
DEBUG    selenium.webdriver.remote.remote_connection:remote_connection.py:329 Remote response: status=200 | data={"value":{"element-6066-11e4-a52e-4f735466cecf":"f.98D246DDA407406B6F8C3DBE00D42F41.d.348253207A90A264C8DB5FA6D463838C.e.828"}} | headers=HTTPHeaderDict({'content-length': '127', 'content-type': 'application/json; charset=utf-8', 'cache-control': 'no-cache'})
DEBUG    selenium.webdriver.remote.remote_connection:remote_connection.py:356 Finished Request
DEBUG    selenium.webdriver.remote.remote_connection:remote_connection.py:313 GET http://selenium-hub:4444/wd/hub/session/3113c0127527982047c2c0cbec19f22b/element/f.98D246DDA407406B6F8C3DBE00D42F41.d.348253207A90A264C8DB5FA6D463838C.e.828/text {}
DEBUG    urllib3.connectionpool:connectionpool.py:544 http://selenium-hub:4444 "GET /wd/hub/session/3113c0127527982047c2c0cbec19f22b/element/f.98D246DDA407406B6F8C3DBE00D42F41.d.348253207A90A264C8DB5FA6D463838C.e.828/text HTTP/1.1" 200 0
DEBUG    selenium.webdriver.remote.remote_connection:remote_connection.py:329 Remote response: status=200 | data={"value":"E2E Title"} | headers=HTTPHeaderDict({'content-length': '21', 'content-type': 'application/json; charset=utf-8', 'cache-control': 'no-cache'})
DEBUG    selenium.webdriver.remote.remote_connection:remote_connection.py:356 Finished Request
DEBUG    selenium.webdriver.remote.remote_connection:remote_connection.py:313 POST http://selenium-hub:4444/wd/hub/session/3113c0127527982047c2c0cbec19f22b/element/f.98D246DDA407406B6F8C3DBE00D42F41.d.348253207A90A264C8DB5FA6D463838C.e.646/element {"using": "css selector", "value": "div[data-testid='note-card-title']"}
DEBUG    urllib3.connectionpool:connectionpool.py:544 http://selenium-hub:4444 "POST /wd/hub/session/3113c0127527982047c2c0cbec19f22b/element/f.98D246DDA407406B6F8C3DBE00D42F41.d.348253207A90A264C8DB5FA6D463838C.e.646/element HTTP/1.1" 200 0
DEBUG    selenium.webdriver.remote.remote_connection:remote_connection.py:329 Remote response: status=200 | data={"value":{"element-6066-11e4-a52e-4f735466cecf":"f.98D246DDA407406B6F8C3DBE00D42F41.d.348253207A90A264C8DB5FA6D463838C.e.829"}} | headers=HTTPHeaderDict({'content-length': '127', 'content-type': 'application/json; charset=utf-8', 'cache-control': 'no-cache'})
DEBUG    selenium.webdriver.remote.remote_connection:remote_connection.py:356 Finished Request
DEBUG    selenium.webdriver.remote.remote_connection:remote_connection.py:313 GET http://selenium-hub:4444/wd/hub/session/3113c0127527982047c2c0cbec19f22b/element/f.98D246DDA407406B6F8C3DBE00D42F41.d.348253207A90A264C8DB5FA6D463838C.e.829/text {}
DEBUG    urllib3.connectionpool:connectionpool.py:544 http://selenium-hub:4444 "GET /wd/hub/session/3113c0127527982047c2c0cbec19f22b/element/f.98D246DDA407406B6F8C3DBE00D42F41.d.348253207A90A264C8DB5FA6D463838C.e.829/text HTTP/1.1" 200 0
DEBUG    selenium.webdriver.remote.remote_connection:remote_connection.py:329 Remote response: status=200 | data={"value":"E2E Title"} | headers=HTTPHeaderDict({'content-length': '21', 'content-type': 'application/json; charset=utf-8', 'cache-control': 'no-cache'})
DEBUG    selenium.webdriver.remote.remote_connection:remote_connection.py:356 Finished Request
DEBUG    selenium.webdriver.remote.remote_connection:remote_connection.py:313 POST http://selenium-hub:4444/wd/hub/session/3113c0127527982047c2c0cbec19f22b/element/f.98D246DDA407406B6F8C3DBE00D42F41.d.348253207A90A264C8DB5FA6D463838C.e.647/element {"using": "css selector", "value": "div[data-testid='note-card-title']"}
DEBUG    urllib3.connectionpool:connectionpool.py:544 http://selenium-hub:4444 "POST /wd/hub/session/3113c0127527982047c2c0cbec19f22b/element/f.98D246DDA407406B6F8C3DBE00D42F41.d.348253207A90A264C8DB5FA6D463838C.e.647/element HTTP/1.1" 200 0
DEBUG    selenium.webdriver.remote.remote_connection:remote_connection.py:329 Remote response: status=200 | data={"value":{"element-6066-11e4-a52e-4f735466cecf":"f.98D246DDA407406B6F8C3DBE00D42F41.d.348253207A90A264C8DB5FA6D463838C.e.830"}} | headers=HTTPHeaderDict({'content-length': '127', 'content-type': 'application/json; charset=utf-8', 'cache-control': 'no-cache'})
DEBUG    selenium.webdriver.remote.remote_connection:remote_connection.py:356 Finished Request
DEBUG    selenium.webdriver.remote.remote_connection:remote_connection.py:313 GET http://selenium-hub:4444/wd/hub/session/3113c0127527982047c2c0cbec19f22b/element/f.98D246DDA407406B6F8C3DBE00D42F41.d.348253207A90A264C8DB5FA6D463838C.e.830/text {}
DEBUG    urllib3.connectionpool:connectionpool.py:544 http://selenium-hub:4444 "GET /wd/hub/session/3113c0127527982047c2c0cbec19f22b/element/f.98D246DDA407406B6F8C3DBE00D42F41.d.348253207A90A264C8DB5FA6D463838C.e.830/text HTTP/1.1" 200 0
DEBUG    selenium.webdriver.remote.remote_connection:remote_connection.py:329 Remote response: status=200 | data={"value":"UI Test"} | headers=HTTPHeaderDict({'content-length': '19', 'content-type': 'application/json; charset=utf-8', 'cache-control': 'no-cache'})
DEBUG    selenium.webdriver.remote.remote_connection:remote_connection.py:356 Finished Request
DEBUG    selenium.webdriver.remote.remote_connection:remote_connection.py:313 POST http://selenium-hub:4444/wd/hub/session/3113c0127527982047c2c0cbec19f22b/element/f.98D246DDA407406B6F8C3DBE00D42F41.d.348253207A90A264C8DB5FA6D463838C.e.648/element {"using": "css selector", "value": "div[data-testid='note-card-title']"}
DEBUG    urllib3.connectionpool:connectionpool.py:544 http://selenium-hub:4444 "POST /wd/hub/session/3113c0127527982047c2c0cbec19f22b/element/f.98D246DDA407406B6F8C3DBE00D42F41.d.348253207A90A264C8DB5FA6D463838C.e.648/element HTTP/1.1" 200 0
DEBUG    selenium.webdriver.remote.remote_connection:remote_connection.py:329 Remote response: status=200 | data={"value":{"element-6066-11e4-a52e-4f735466cecf":"f.98D246DDA407406B6F8C3DBE00D42F41.d.348253207A90A264C8DB5FA6D463838C.e.831"}} | headers=HTTPHeaderDict({'content-length': '127', 'content-type': 'application/json; charset=utf-8', 'cache-control': 'no-cache'})
DEBUG    selenium.webdriver.remote.remote_connection:remote_connection.py:356 Finished Request
DEBUG    selenium.webdriver.remote.remote_connection:remote_connection.py:313 GET http://selenium-hub:4444/wd/hub/session/3113c0127527982047c2c0cbec19f22b/element/f.98D246DDA407406B6F8C3DBE00D42F41.d.348253207A90A264C8DB5FA6D463838C.e.831/text {}
DEBUG    urllib3.connectionpool:connectionpool.py:544 http://selenium-hub:4444 "GET /wd/hub/session/3113c0127527982047c2c0cbec19f22b/element/f.98D246DDA407406B6F8C3DBE00D42F41.d.348253207A90A264C8DB5FA6D463838C.e.831/text HTTP/1.1" 200 0
DEBUG    selenium.webdriver.remote.remote_connection:remote_connection.py:329 Remote response: status=200 | data={"value":"UI Test"} | headers=HTTPHeaderDict({'content-length': '19', 'content-type': 'application/json; charset=utf-8', 'cache-control': 'no-cache'})
DEBUG    selenium.webdriver.remote.remote_connection:remote_connection.py:356 Finished Request
DEBUG    selenium.webdriver.remote.remote_connection:remote_connection.py:313 POST http://selenium-hub:4444/wd/hub/session/3113c0127527982047c2c0cbec19f22b/element/f.98D246DDA407406B6F8C3DBE00D42F41.d.348253207A90A264C8DB5FA6D463838C.e.649/element {"using": "css selector", "value": "div[data-testid='note-card-title']"}
DEBUG    urllib3.connectionpool:connectionpool.py:544 http://selenium-hub:4444 "POST /wd/hub/session/3113c0127527982047c2c0cbec19f22b/element/f.98D246DDA407406B6F8C3DBE00D42F41.d.348253207A90A264C8DB5FA6D463838C.e.649/element HTTP/1.1" 200 0
DEBUG    selenium.webdriver.remote.remote_connection:remote_connection.py:329 Remote response: status=200 | data={"value":{"element-6066-11e4-a52e-4f735466cecf":"f.98D246DDA407406B6F8C3DBE00D42F41.d.348253207A90A264C8DB5FA6D463838C.e.832"}} | headers=HTTPHeaderDict({'content-length': '127', 'content-type': 'application/json; charset=utf-8', 'cache-control': 'no-cache'})
DEBUG    selenium.webdriver.remote.remote_connection:remote_connection.py:356 Finished Request
DEBUG    selenium.webdriver.remote.remote_connection:remote_connection.py:313 GET http://selenium-hub:4444/wd/hub/session/3113c0127527982047c2c0cbec19f22b/element/f.98D246DDA407406B6F8C3DBE00D42F41.d.348253207A90A264C8DB5FA6D463838C.e.832/text {}
DEBUG    urllib3.connectionpool:connectionpool.py:544 http://selenium-hub:4444 "GET /wd/hub/session/3113c0127527982047c2c0cbec19f22b/element/f.98D246DDA407406B6F8C3DBE00D42F41.d.348253207A90A264C8DB5FA6D463838C.e.832/text HTTP/1.1" 200 0
DEBUG    selenium.webdriver.remote.remote_connection:remote_connection.py:329 Remote response: status=200 | data={"value":"E2E Title"} | headers=HTTPHeaderDict({'content-length': '21', 'content-type': 'application/json; charset=utf-8', 'cache-control': 'no-cache'})
DEBUG    selenium.webdriver.remote.remote_connection:remote_connection.py:356 Finished Request
DEBUG    selenium.webdriver.remote.remote_connection:remote_connection.py:313 POST http://selenium-hub:4444/wd/hub/session/3113c0127527982047c2c0cbec19f22b/element/f.98D246DDA407406B6F8C3DBE00D42F41.d.348253207A90A264C8DB5FA6D463838C.e.650/element {"using": "css selector", "value": "div[data-testid='note-card-title']"}
DEBUG    urllib3.connectionpool:connectionpool.py:544 http://selenium-hub:4444 "POST /wd/hub/session/3113c0127527982047c2c0cbec19f22b/element/f.98D246DDA407406B6F8C3DBE00D42F41.d.348253207A90A264C8DB5FA6D463838C.e.650/element HTTP/1.1" 200 0
DEBUG    selenium.webdriver.remote.remote_connection:remote_connection.py:329 Remote response: status=200 | data={"value":{"element-6066-11e4-a52e-4f735466cecf":"f.98D246DDA407406B6F8C3DBE00D42F41.d.348253207A90A264C8DB5FA6D463838C.e.833"}} | headers=HTTPHeaderDict({'content-length': '127', 'content-type': 'application/json; charset=utf-8', 'cache-control': 'no-cache'})
DEBUG    selenium.webdriver.remote.remote_connection:remote_connection.py:356 Finished Request
DEBUG    selenium.webdriver.remote.remote_connection:remote_connection.py:313 GET http://selenium-hub:4444/wd/hub/session/3113c0127527982047c2c0cbec19f22b/element/f.98D246DDA407406B6F8C3DBE00D42F41.d.348253207A90A264C8DB5FA6D463838C.e.833/text {}
DEBUG    urllib3.connectionpool:connectionpool.py:544 http://selenium-hub:4444 "GET /wd/hub/session/3113c0127527982047c2c0cbec19f22b/element/f.98D246DDA407406B6F8C3DBE00D42F41.d.348253207A90A264C8DB5FA6D463838C.e.833/text HTTP/1.1" 200 0
DEBUG    selenium.webdriver.remote.remote_connection:remote_connection.py:329 Remote response: status=200 | data={"value":"UI Test"} | headers=HTTPHeaderDict({'content-length': '19', 'content-type': 'application/json; charset=utf-8', 'cache-control': 'no-cache'})
DEBUG    selenium.webdriver.remote.remote_connection:remote_connection.py:356 Finished Request
DEBUG    selenium.webdriver.remote.remote_connection:remote_connection.py:313 POST http://selenium-hub:4444/wd/hub/session/3113c0127527982047c2c0cbec19f22b/element {"using": "css selector", "value": "div[data-testid='note-card']"}
DEBUG    urllib3.connectionpool:connectionpool.py:544 http://selenium-hub:4444 "POST /wd/hub/session/3113c0127527982047c2c0cbec19f22b/element HTTP/1.1" 200 0
DEBUG    selenium.webdriver.remote.remote_connection:remote_connection.py:329 Remote response: status=200 | data={"value":{"element-6066-11e4-a52e-4f735466cecf":"f.98D246DDA407406B6F8C3DBE00D42F41.d.348253207A90A264C8DB5FA6D463838C.e.476"}} | headers=HTTPHeaderDict({'content-length': '127', 'content-type': 'application/json; charset=utf-8', 'cache-control': 'no-cache'})
DEBUG    selenium.webdriver.remote.remote_connection:remote_connection.py:356 Finished Request
DEBUG    selenium.webdriver.remote.remote_connection:remote_connection.py:313 POST http://selenium-hub:4444/wd/hub/session/3113c0127527982047c2c0cbec19f22b/elements {"using": "css selector", "value": "div[data-testid='note-card']"}
DEBUG    urllib3.connectionpool:connectionpool.py:544 http://selenium-hub:4444 "POST /wd/hub/session/3113c0127527982047c2c0cbec19f22b/elements HTTP/1.1" 200 0
DEBUG    selenium.webdriver.remote.remote_connection:remote_connection.py:329 Remote response: status=200 | data={"value":[{"element-6066-11e4-a52e-4f735466cecf":"f.98D246DDA407406B6F8C3DBE00D42F41.d.348253207A90A264C8DB5FA6D463838C.e.476"},{"element-6066-11e4-a52e-4f735466cecf":"f.98D246DDA407406B6F8C3DBE00D42F41.d.348253207A90A264C8DB5FA6D463838C.e.477"},{"element-6066-11e4-a52e-4f735466cecf":"f.98D246DDA407406B6F8C3DBE00D42F41.d.348253207A90A264C8DB5FA6D463838C.e.478"},{"element-6066-11e4-a52e-4f735466cecf":"f.98D246DDA407406B6F8C3DBE00D42F41.d.348253207A90A264C8DB5FA6D463838C.e.479"},{"element-6066-11e4-a52e-4f735466cecf":"f.98D246DDA407406B6F8C3DBE00D42F41.d.348253207A90A264C8DB5FA6D463838C.e.480"},{"element-6066-11e4-a52e-4f735466cecf":"f.98D246DDA407406B6F8C3DBE00D42F41.d.348253207A90A264C8DB5FA6D463838C.e.483"},{"element-6066-11e4-a52e-4f735466cecf":"f.98D246DDA407406B6F8C3DBE00D42F41.d.348253207A90A264C8DB5FA6D463838C.e.484"},{"element-6066-11e4-a52e-4f735466cecf":"f.98D246DDA407406B6F8C3DBE00D42F41.d.348253207A90A264C8DB5FA6D463838C.e.485"},{"element-6066-11e4-a52e-4f735466cecf":"f.98D246DDA407406B6F8C3DBE00D42F41.d.348253207A90A264C8DB5FA6D463838C.e.486"},{"element-6066-11e4-a52e-4f735466cecf":"f.98D246DDA407406B6F8C3DBE00D42F41.d.348253207A90A264C8DB5FA6D463838C.e.487"},{"element-6066-11e4-a52e-4f735466cecf":"f.98D246DDA407406B6F8C3DBE00D42F41.d.348253207A90A264C8DB5FA6D463838C.e.488"},{"element-6066-11e4-a52e-4f735466cecf":"f.98D246DDA407406B6F8C3DBE00D42F41.d.348253207A90A264C8DB5FA6D463838C.e.489"},{"element-6066-11e4-a52e-4f735466cecf":"f.98D246DDA407406B6F8C3DBE00D42F41.d.348253207A90A264C8DB5FA6D463838C.e.490"},{"element-6066-11e4-a52e-4f735466cecf":"f.98D246DDA407406B6F8C3DBE00D42F41.d.348253207A90A264C8DB5FA6D463838C.e.491"},{"element-6066-11e4-a52e-4f735466cecf":"f.98D246DDA407406B6F8C3DBE00D42F41.d.348253207A90A264C8DB5FA6D463838C.e.492"},{"element-6066-11e4-a52e-4f735466cecf":"f.98D246DDA407406B6F8C3DBE00D42F41.d.348253207A90A264C8DB5FA6D463838C.e.493"},{"element-6066-11e4-a52e-4f735466cecf":"f.98D246DDA407406B6F8C3DBE00D42F41.d.348253207A90A264C8DB5FA6D463838C.e.494"},{"element-6066-11e4-a52e-4f735466cecf":"f.98D246DDA407406B6F8C3DBE00D42F41.d.348253207A90A264C8DB5FA6D463838C.e.495"},{"element-6066-11e4-a52e-4f735466cecf":"f.98D246DDA407406B6F8C3DBE00D42F41.d.348253207A90A264C8DB5FA6D463838C.e.496"},{"element-6066-11e4-a52e-4f735466cecf":"f.98D246DDA407406B6F8C3DBE00D42F41.d.348253207A90A264C8DB5FA6D463838C.e.497"},{"element-6066-11e4-a52e-4f735466cecf":"f.98D246DDA407406B6F8C3DBE00D42F41.d.348253207A90A264C8DB5FA6D463838C.e.498"},{"element-6066-11e4-a52e-4f735466cecf":"f.98D246DDA407406B6F8C3DBE00D42F41.d.348253207A90A264C8DB5FA6D463838C.e.499"},{"element-6066-11e4-a52e-4f735466cecf":"f.98D246DDA407406B6F8C3DBE00D42F41.d.348253207A90A264C8DB5FA6D463838C.e.500"},{"element-6066-11e4-a52e-4f735466cecf":"f.98D246DDA407406B6F8C3DBE00D42F41.d.348253207A90A264C8DB5FA6D463838C.e.501"},{"element-6066-11e4-a52e-4f735466cecf":"f.98D246DDA407406B6F8C3DBE00D42F41.d.348253207A90A264C8DB5FA6D463838C.e.502"},{"element-6066-11e4-a52e-4f735466cecf":"f.98D246DDA407406B6F8C3DBE00D42F41.d.348253207A90A264C8DB5FA6D463838C.e.503"},{"element-6066-11e4-a52e-4f735466cecf":"f.98D246DDA407406B6F8C3DBE00D42F41.d.348253207A90A264C8DB5FA6D463838C.e.504"},{"element-6066-11e4-a52e-4f735466cecf":"f.98D246DDA407406B6F8C3DBE00D42F41.d.348253207A90A264C8DB5FA6D463838C.e.505"},{"element-6066-11e4-a52e-4f735466cecf":"f.98D246DDA407406B6F8C3DBE00D42F41.d.348253207A90A264C8DB5FA6D463838C.e.506"},{"element-6066-11e4-a52e-4f735466cecf":"f.98D246DDA407406B6F8C3DBE00D42F41.d.348253207A90A264C8DB5FA6D463838C.e.507"},{"element-6066-11e4-a52e-4f735466cecf":"f.98D246DDA407406B6F8C3DBE00D42F41.d.348253207A90A264C8DB5FA6D463838C.e.508"},{"element-6066-11e4-a52e-4f735466cecf":"f.98D246DDA407406B6F8C3DBE00D42F41.d.348253207A90A264C8DB5FA6D463838C.e.509"},{"element-6066-11e4-a52e-4f735466cecf":"f.98D246DDA407406B6F8C3DBE00D42F41.d.348253207A90A264C8DB5FA6D463838C.e.510"},{"element-6066-11e4-a52e-4f735466cecf":"f.98D246DDA407406B6F8C3DBE00D42F41.d.348253207A90A264C8DB5FA6D463838C.e.511"},{"element-6066-11e4-a52e-4f735466cecf":"f.98D246DDA407406B6F8C3DBE00D42F41.d.348253207A90A264C8DB5FA6D463838C.e.512"},{"element-6066-11e4-a52e-4f735466cecf":"f.98D246DDA407406B6F8C3DBE00D42F41.d.348253207A90A264C8DB5FA6D463838C.e.513"},{"element-6066-11e4-a52e-4f735466cecf":"f.98D246DDA407406B6F8C3DBE00D42F41.d.348253207A90A264C8DB5FA6D463838C.e.514"},{"element-6066-11e4-a52e-4f735466cecf":"f.98D246DDA407406B6F8C3DBE00D42F41.d.348253207A90A264C8DB5FA6D463838C.e.515"},{"element-6066-11e4-a52e-4f735466cecf":"f.98D246DDA407406B6F8C3DBE00D42F41.d.348253207A90A264C8DB5FA6D463838C.e.516"},{"element-6066-11e4-a52e-4f735466cecf":"f.98D246DDA407406B6F8C3DBE00D42F41.d.348253207A90A264C8DB5FA6D463838C.e.517"},{"element-6066-11e4-a52e-4f735466cecf":"f.98D246DDA407406B6F8C3DBE00D42F41.d.348253207A90A264C8DB5FA6D463838C.e.518"},{"element-6066-11e4-a52e-4f735466cecf":"f.98D246DDA407406B6F8C3DBE00D42F41.d.348253207A90A264C8DB5FA6D463838C.e.519"},{"element-6066-11e4-a52e-4f735466cecf":"f.98D246DDA407406B6F8C3DBE00D42F41.d.348253207A90A264C8DB5FA6D463838C.e.520"},{"element-6066-11e4-a52e-4f735466cecf":"f.98D246DDA407406B6F8C3DBE00D42F41.d.348253207A90A264C8DB5FA6D463838C.e.521"},{"element-6066-11e4-a52e-4f735466cecf":"f.98D246DDA407406B6F8C3DBE00D42F41.d.348253207A90A264C8DB5FA6D463838C.e.522"},{"element-6066-11e4-a52e-4f735466cecf":"f.98D246DDA407406B6F8C3DBE00D42F41.d.348253207A90A264C8DB5FA6D463838C.e.523"},{"element-6066-11e4-a52e-4f735466cecf":"f.98D246DDA407406B6F8C3DBE00D42F41.d.348253207A90A264C8DB5FA6D463838C.e.524"},{"element-6066-11e4-a52e-4f735466cecf":"f.98D246DDA407406B6F8C3DBE00D42F41.d.348253207A90A264C8DB5FA6D463838C.e.525"},{"element-6066-11e4-a52e-4f735466cecf":"f.98D246DDA407406B6F8C3DBE00D42F41.d.348253207A90A264C8DB5FA6D463838C.e.526"},{"element-6066-11e4-a52e-4f735466cecf":"f.98D246DDA407406B6F8C3DBE00D42F41.d.348253207A90A264C8DB5FA6D463838C.e.527"},{"element-6066-11e4-a52e-4f735466cecf":"f.98D246DDA407406B6F8C3DBE00D42F41.d.348253207A90A264C8DB5FA6D463838C.e.528"},{"element-6066-11e4-a52e-4f735466cecf":"f.98D246DDA407406B6F8C3DBE00D42F41.d.348253207A90A264C8DB5FA6D463838C.e.529"},{"element-6066-11e4-a52e-4f735466cecf":"f.98D246DDA407406B6F8C3DBE00D42F41.d.348253207A90A264C8DB5FA6D463838C.e.530"},{"element-6066-11e4-a52e-4f735466cecf":"f.98D246DDA407406B6F8C3DBE00D42F41.d.348253207A90A264C8DB5FA6D463838C.e.531"},{"element-6066-11e4-a52e-4f735466cecf":"f.98D246DDA407406B6F8C3DBE00D42F41.d.348253207A90A264C8DB5FA6D463838C.e.532"},{"element-6066-11e4-a52e-4f735466cecf":"f.98D246DDA407406B6F8C3DBE00D42F41.d.348253207A90A264C8DB5FA6D463838C.e.533"},{"element-6066-11e4-a52e-4f735466cecf":"f.98D246DDA407406B6F8C3DBE00D42F41.d.348253207A90A264C8DB5FA6D463838C.e.534"},{"element-6066-11e4-a52e-4f735466cecf":"f.98D246DDA407406B6F8C3DBE00D42F41.d.348253207A90A264C8DB5FA6D463838C.e.535"},{"element-6066-11e4-a52e-4f735466cecf":"f.98D246DDA407406B6F8C3DBE00D42F41.d.348253207A90A264C8DB5FA6D463838C.e.536"},{"element-6066-11e4-a52e-4f735466cecf":"f.98D246DDA407406B6F8C3DBE00D42F41.d.348253207A90A264C8DB5FA6D463838C.e.537"},{"element-6066-11e4-a52e-4f735466cecf":"f.98D246DDA407406B6F8C3DBE00D42F41.d.348253207A90A264C8DB5FA6D463838C.e.538"},{"element-6066-11e4-a52e-4f735466cecf":"f.98D246DDA407406B6F8C3DBE00D42F41.d.348253207A90A264C8DB5FA6D463838C.e.539"},{"element-6066-11e4-a52e-4f735466cecf":"f.98D246DDA407406B6F8C3DBE00D42F41.d.348253207A90A264C8DB5FA6D463838C.e.540"},{"element-6066-11e4-a52e-4f735466cecf":"f.98D246DDA407406B6F8C3DBE00D42F41.d.348253207A90A264C8DB5FA6D463838C.e.541"},{"element-6066-11e4-a52e-4f735466cecf":"f.98D246DDA407406B6F8C3DBE00D42F41.d.348253207A90A264C8DB5FA6D463838C.e.542"},{"element-6066-11e4-a52e-4f735466cecf":"f.98D246DDA407406B6F8C3DBE00D42F41.d.348253207A90A264C8DB5FA6D463838C.e.543"},{"element-6066-11e4-a52e-4f735466cecf":"f.98D246DDA407406B6F8C3DBE00D42F41.d.348253207A90A264C8DB5FA6D463838C.e.544"},{"element-6066-11e4-a52e-4f735466cecf":"f.98D246DDA407406B6F8C3DBE00D42F41.d.348253207A90A264C8DB5FA6D463838C.e.545"},{"element-6066-11e4-a52e-4f735466cecf":"f.98D246DDA407406B6F8C3DBE00D42F41.d.348253207A90A264C8DB5FA6D463838C.e.546"},{"element-6066-11e4-a52e-4f735466cecf":"f.98D246DDA407406B6F8C3DBE00D42F41.d.348253207A90A264C8DB5FA6D463838C.e.547"},{"element-6066-11e4-a52e-4f735466cecf":"f.98D246DDA407406B6F8C3DBE00D42F41.d.348253207A90A264C8DB5FA6D463838C.e.548"},{"element-6066-11e4-a52e-4f735466cecf":"f.98D246DDA407406B6F8C3DBE00D42F41.d.348253207A90A264C8DB5FA6D463838C.e.549"},{"element-6066-11e4-a52e-4f735466cecf":"f.98D246DDA407406B6F8C3DBE00D42F41.d.348253207A90A264C8DB5FA6D463838C.e.550"},{"element-6066-11e4-a52e-4f735466cecf":"f.98D246DDA407406B6F8C3DBE00D42F41.d.348253207A90A264C8DB5FA6D463838C.e.551"},{"element-6066-11e4-a52e-4f735466cecf":"f.98D246DDA407406B6F8C3DBE00D42F41.d.348253207A90A264C8DB5FA6D463838C.e.552"},{"element-6066-11e4-a52e-4f735466cecf":"f.98D246DDA407406B6F8C3DBE00D42F41.d.348253207A90A264C8DB5FA6D463838C.e.553"},{"element-6066-11e4-a52e-4f735466cecf":"f.98D246DDA407406B6F8C3DBE00D42F41.d.348253207A90A264C8DB5FA6D463838C.e.554"},{"element-6066-11e4-a52e-4f735466cecf":"f.98D246DDA407406B6F8C3DBE00D42F41.d.348253207A90A264C8DB5FA6D463838C.e.555"},{"element-6066-11e4-a52e-4f735466cecf":"f.98D246DDA407406B6F8C3DBE00D42F41.d.348253207A90A264C8DB5FA6D463838C.e.556"},{"element-6066-11e4-a52e-4f735466cecf":"f.98D246DDA407406B6F8C3DBE00D42F41.d.348253207A90A264C8DB5FA6D463838C.e.557"},{"element-6066-11e4-a52e-4f735466cecf":"f.98D246DDA407406B6F8C3DBE00D42F41.d.348253207A90A264C8DB5FA6D463838C.e.558"},{"element-6066-11e4-a52e-4f735466cecf":"f.98D246DDA407406B6F8C3DBE00D42F41.d.348253207A90A264C8DB5FA6D463838C.e.559"},{"element-6066-11e4-a52e-4f735466cecf":"f.98D246DDA407406B6F8C3DBE00D42F41.d.348253207A90A264C8DB5FA6D463838C.e.560"},{"element-6066-11e4-a52e-4f735466cecf":"f.98D246DDA407406B6F8C3DBE00D42F41.d.348253207A90A264C8DB5FA6D463838C.e.561"},{"element-6066-11e4-a52e-4f735466cecf":"f.98D246DDA407406B6F8C3DBE00D42F41.d.348253207A90A264C8DB5FA6D463838C.e.562"},{"element-6066-11e4-a52e-4f735466cecf":"f.98D246DDA407406B6F8C3DBE00D42F41.d.348253207A90A264C8DB5FA6D463838C.e.563"},{"element-6066-11e4-a52e-4f735466cecf":"f.98D246DDA407406B6F8C3DBE00D42F41.d.348253207A90A264C8DB5FA6D463838C.e.564"},{"element-6066-11e4-a52e-4f735466cecf":"f.98D246DDA407406B6F8C3DBE00D42F41.d.348253207A90A264C8DB5FA6D463838C.e.565"},{"element-6066-11e4-a52e-4f735466cecf":"f.98D246DDA407406B6F8C3DBE00D42F41.d.348253207A90A264C8DB5FA6D463838C.e.566"},{"element-6066-11e4-a52e-4f735466cecf":"f.98D246DDA407406B6F8C3DBE00D42F41.d.348253207A90A264C8DB5FA6D463838C.e.567"},{"element-6066-11e4-a52e-4f735466cecf":"f.98D246DDA407406B6F8C3DBE00D42F41.d.348253207A90A264C8DB5FA6D463838C.e.568"},{"element-6066-11e4-a52e-4f735466cecf":"f.98D246DDA407406B6F8C3DBE00D42F41.d.348253207A90A264C8DB5FA6D463838C.e.569"},{"element-6066-11e4-a52e-4f735466cecf":"f.98D246DDA407406B6F8C3DBE00D42F41.d.348253207A90A264C8DB5FA6D463838C.e.570"},{"element-6066-11e4-a52e-4f735466cecf":"f.98D246DDA407406B6F8C3DBE00D42F41.d.348253207A90A264C8DB5FA6D463838C.e.571"},{"element-6066-11e4-a52e-4f735466cecf":"f.98D246DDA407406B6F8C3DBE00D42F41.d.348253207A90A264C8DB5FA6D463838C.e.572"},{"element-6066-11e4-a52e-4f735466cecf":"f.98D246DDA407406B6F8C3DBE00D42F41.d.348253207A90A264C8DB5FA6D463838C.e.573"},{"element-6066-11e4-a52e-4f735466cecf":"f.98D246DDA407406B6F8C3DBE00D42F41.d.348253207A90A264C8DB5FA6D463838C.e.574"},{"element-6066-11e4-a52e-4f735466cecf":"f.98D246DDA407406B6F8C3DBE00D42F41.d.348253207A90A264C8DB5FA6D463838C.e.575"},{"element-6066-11e4-a52e-4f735466cecf":"f.98D246DDA407406B6F8C3DBE00D42F41.d.348253207A90A264C8DB5FA6D463838C.e.576"},{"element-6066-11e4-a52e-4f735466cecf":"f.98D246DDA407406B6F8C3DBE00D42F41.d.348253207A90A264C8DB5FA6D463838C.e.577"},{"element-6066-11e4-a52e-4f735466cecf":"f.98D246DDA407406B6F8C3DBE00D42F41.d.348253207A90A264C8DB5FA6D463838C.e.578"},{"element-6066-11e4-a52e-4f735466cecf":"f.98D246DDA407406B6F8C3DBE00D42F41.d.348253207A90A264C8DB5FA6D463838C.e.579"},{"element-6066-11e4-a52e-4f735466cecf":"f.98D246DDA407406B6F8C3DBE00D42F41.d.348253207A90A264C8DB5FA6D463838C.e.580"},{"element-6066-11e4-a52e-4f735466cecf":"f.98D246DDA407406B6F8C3DBE00D42F41.d.348253207A90A264C8DB5FA6D463838C.e.581"},{"element-6066-11e4-a52e-4f735466cecf":"f.98D246DDA407406B6F8C3DBE00D42F41.d.348253207A90A264C8DB5FA6D463838C.e.582"},{"element-6066-11e4-a52e-4f735466cecf":"f.98D246DDA407406B6F8C3DBE00D42F41.d.348253207A90A264C8DB5FA6D463838C.e.583"},{"element-6066-11e4-a52e-4f735466cecf":"f.98D246DDA407406B6F8C3DBE00D42F41.d.348253207A90A264C8DB5FA6D463838C.e.584"},{"element-6066-11e4-a52e-4f735466cecf":"f.98D246DDA407406B6F8C3DBE00D42F41.d.348253207A90A264C8DB5FA6D463838C.e.585"},{"element-6066-11e4-a52e-4f735466cecf":"f.98D246DDA407406B6F8C3DBE00D42F41.d.348253207A90A264C8DB5FA6D463838C.e.586"},{"element-6066-11e4-a52e-4f735466cecf":"f.98D246DDA407406B6F8C3DBE00D42F41.d.348253207A90A264C8DB5FA6D463838C.e.587"},{"element-6066-11e4-a52e-4f735466cecf":"f.98D246DDA407406B6F8C3DBE00D42F41.d.348253207A90A264C8DB5FA6D463838C.e.588"},{"element-6066-11e4-a52e-4f735466cecf":"f.98D246DDA407406B6F8C3DBE00D42F41.d.348253207A90A264C8DB5FA6D463838C.e.589"},{"element-6066-11e4-a52e-4f735466cecf":"f.98D246DDA407406B6F8C3DBE00D42F41.d.348253207A90A264C8DB5FA6D463838C.e.590"},{"element-6066-11e4-a52e-4f735466cecf":"f.98D246DDA407406B6F8C3DBE00D42F41.d.348253207A90A264C8DB5FA6D463838C.e.591"},{"element-6066-11e4-a52e-4f735466cecf":"f.98D246DDA407406B6F8C3DBE00D42F41.d.348253207A90A264C8DB5FA6D463838C.e.592"},{"element-6066-11e4-a52e-4f735466cecf":"f.98D246DDA407406B6F8C3DBE00D42F41.d.348253207A90A264C8DB5FA6D463838C.e.593"},{"element-6066-11e4-a52e-4f735466cecf":"f.98D246DDA407406B6F8C3DBE00D42F41.d.348253207A90A264C8DB5FA6D463838C.e.594"},{"element-6066-11e4-a52e-4f735466cecf":"f.98D246DDA407406B6F8C3DBE00D42F41.d.348253207A90A264C8DB5FA6D463838C.e.595"},{"element-6066-11e4-a52e-4f735466cecf":"f.98D246DDA407406B6F8C3DBE00D42F41.d.348253207A90A264C8DB5FA6D463838C.e.596"},{"element-6066-11e4-a52e-4f735466cecf":"f.98D246DDA407406B6F8C3DBE00D42F41.d.348253207A90A264C8DB5FA6D463838C.e.597"},{"element-6066-11e4-a52e-4f735466cecf":"f.98D246DDA407406B6F8C3DBE00D42F41.d.348253207A90A264C8DB5FA6D463838C.e.598"},{"element-6066-11e4-a52e-4f735466cecf":"f.98D246DDA407406B6F8C3DBE00D42F41.d.348253207A90A264C8DB5FA6D463838C.e.599"},{"element-6066-11e4-a52e-4f735466cecf":"f.98D246DDA407406B6F8C3DBE00D42F41.d.348253207A90A264C8DB5FA6D463838C.e.600"},{"element-6066-11e4-a52e-4f735466cecf":"f.98D246DDA407406B6F8C3DBE00D42F41.d.348253207A90A264C8DB5FA6D463838C.e.601"},{"element-6066-11e4-a52e-4f735466cecf":"f.98D246DDA407406B6F8C3DBE00D42F41.d.348253207A90A264C8DB5FA6D463838C.e.602"},{"element-6066-11e4-a52e-4f735466cecf":"f.98D246DDA407406B6F8C3DBE00D42F41.d.348253207A90A264C8DB5FA6D463838C.e.603"},{"element-6066-11e4-a52e-4f735466cecf":"f.98D246DDA407406B6F8C3DBE00D42F41.d.348253207A90A264C8DB5FA6D463838C.e.604"},{"element-6066-11e4-a52e-4f735466cecf":"f.98D246DDA407406B6F8C3DBE00D42F41.d.348253207A90A264C8DB5FA6D463838C.e.605"},{"element-6066-11e4-a52e-4f735466cecf":"f.98D246DDA407406B6F8C3DBE00D42F41.d.348253207A90A264C8DB5FA6D463838C.e.606"},{"element-6066-11e4-a52e-4f735466cecf":"f.98D246DDA407406B6F8C3DBE00D42F41.d.348253207A90A264C8DB5FA6D463838C.e.607"},{"element-6066-11e4-a52e-4f735466cecf":"f.98D246DDA407406B6F8C3DBE00D42F41.d.348253207A90A264C8DB5FA6D463838C.e.608"},{"element-6066-11e4-a52e-4f735466cecf":"f.98D246DDA407406B6F8C3DBE00D42F41.d.348253207A90A264C8DB5FA6D463838C.e.609"},{"element-6066-11e4-a52e-4f735466cecf":"f.98D246DDA407406B6F8C3DBE00D42F41.d.348253207A90A264C8DB5FA6D463838C.e.610"},{"element-6066-11e4-a52e-4f735466cecf":"f.98D246DDA407406B6F8C3DBE00D42F41.d.348253207A90A264C8DB5FA6D463838C.e.611"},{"element-6066-11e4-a52e-4f735466cecf":"f.98D246DDA407406B6F8C3DBE00D42F41.d.348253207A90A264C8DB5FA6D463838C.e.612"},{"element-6066-11e4-a52e-4f735466cecf":"f.98D246DDA407406B6F8C3DBE00D42F41.d.348253207A90A264C8DB5FA6D463838C.e.613"},{"element-6066-11e4-a52e-4f735466cecf":"f.98D246DDA407406B6F8C3DBE00D42F41.d.348253207A90A264C8DB5FA6D463838C.e.614"},{"element-6066-11e4-a52e-4f735466cecf":"f.98D246DDA407406B6F8C3DBE00D42F41.d.348253207A90A264C8DB5FA6D463838C.e.615"},{"element-6066-11e4-a52e-4f735466cecf":"f.98D246DDA407406B6F8C3DBE00D42F41.d.348253207A90A264C8DB5FA6D463838C.e.616"},{"element-6066-11e4-a52e-4f735466cecf":"f.98D246DDA407406B6F8C3DBE00D42F41.d.348253207A90A264C8DB5FA6D463838C.e.617"},{"element-6066-11e4-a52e-4f735466cecf":"f.98D246DDA407406B6F8C3DBE00D42F41.d.348253207A90A264C8DB5FA6D463838C.e.618"},{"element-6066-11e4-a52e-4f735466cecf":"f.98D246DDA407406B6F8C3DBE00D42F41.d.348253207A90A264C8DB5FA6D463838C.e.619"},{"element-6066-11e4-a52e-4f735466cecf":"f.98D246DDA407406B6F8C3DBE00D42F41.d.348253207A90A264C8DB5FA6D463838C.e.620"},{"element-6066-11e4-a52e-4f735466cecf":"f.98D246DDA407406B6F8C3DBE00D42F41.d.348253207A90A264C8DB5FA6D463838C.e.621"},{"element-6066-11e4-a52e-4f735466cecf":"f.98D246DDA407406B6F8C3DBE00D42F41.d.348253207A90A264C8DB5FA6D463838C.e.622"},{"element-6066-11e4-a52e-4f735466cecf":"f.98D246DDA407406B6F8C3DBE00D42F41.d.348253207A90A264C8DB5FA6D463838C.e.623"},{"element-6066-11e4-a52e-4f735466cecf":"f.98D246DDA407406B6F8C3DBE00D42F41.d.348253207A90A264C8DB5FA6D463838C.e.624"},{"element-6066-11e4-a52e-4f735466cecf":"f.98D246DDA407406B6F8C3DBE00D42F41.d.348253207A90A264C8DB5FA6D463838C.e.625"},{"element-6066-11e4-a52e-4f735466cecf":"f.98D246DDA407406B6F8C3DBE00D42F41.d.348253207A90A264C8DB5FA6D463838C.e.626"},{"element-6066-11e4-a52e-4f735466cecf":"f.98D246DDA407406B6F8C3DBE00D42F41.d.348253207A90A264C8DB5FA6D463838C.e.627"},{"element-6066-11e4-a52e-4f735466cecf":"f.98D246DDA407406B6F8C3DBE00D42F41.d.348253207A90A264C8DB5FA6D463838C.e.628"},{"element-6066-11e4-a52e-4f735466cecf":"f.98D246DDA407406B6F8C3DBE00D42F41.d.348253207A90A264C8DB5FA6D463838C.e.629"},{"element-6066-11e4-a52e-4f735466cecf":"f.98D246DDA407406B6F8C3DBE00D42F41.d.348253207A90A264C8DB5FA6D463838C.e.630"},{"element-6066-11e4-a52e-4f735466cecf":"f.98D246DDA407406B6F8C3DBE00D42F41.d.348253207A90A264C8DB5FA6D463838C.e.631"},{"element-6066-11e4-a52e-4f735466cecf":"f.98D246DDA407406B6F8C3DBE00D42F41.d.348253207A90A264C8DB5FA6D463838C.e.632"},{"element-6066-11e4-a52e-4f735466cecf":"f.98D246DDA407406B6F8C3DBE00D42F41.d.348253207A90A264C8DB5FA6D463838C.e.633"},{"element-6066-11e4-a52e-4f735466cecf":"f.98D246DDA407406B6F8C3DBE00D42F41.d.348253207A90A264C8DB5FA6D463838C.e.634"},{"element-6066-11e4-a52e-4f735466cecf":"f.98D246DDA407406B6F8C3DBE00D42F41.d.348253207A90A264C8DB5FA6D463838C.e.635"},{"element-6066-11e4-a52e-4f735466cecf":"f.98D246DDA407406B6F8C3DBE00D42F41.d.348253207A90A264C8DB5FA6D463838C.e.636"},{"element-6066-11e4-a52e-4f735466cecf":"f.98D246DDA407406B6F8C3DBE00D42F41.d.348253207A90A264C8DB5FA6D463838C.e.637"},{"element-6066-11e4-a52e-4f735466cecf":"f.98D246DDA407406B6F8C3DBE00D42F41.d.348253207A90A264C8DB5FA6D463838C.e.638"},{"element-6066-11e4-a52e-4f735466cecf":"f.98D246DDA407406B6F8C3DBE00D42F41.d.348253207A90A264C8DB5FA6D463838C.e.639"},{"element-6066-11e4-a52e-4f735466cecf":"f.98D246DDA407406B6F8C3DBE00D42F41.d.348253207A90A264C8DB5FA6D463838C.e.640"},{"element-6066-11e4-a52e-4f735466cecf":"f.98D246DDA407406B6F8C3DBE00D42F41.d.348253207A90A264C8DB5FA6D463838C.e.641"},{"element-6066-11e4-a52e-4f735466cecf":"f.98D246DDA407406B6F8C3DBE00D42F41.d.348253207A90A264C8DB5FA6D463838C.e.642"},{"element-6066-11e4-a52e-4f735466cecf":"f.98D246DDA407406B6F8C3DBE00D42F41.d.348253207A90A264C8DB5FA6D463838C.e.643"},{"element-6066-11e4-a52e-4f735466cecf":"f.98D246DDA407406B6F8C3DBE00D42F41.d.348253207A90A264C8DB5FA6D463838C.e.644"},{"element-6066-11e4-a52e-4f735466cecf":"f.98D246DDA407406B6F8C3DBE00D42F41.d.348253207A90A264C8DB5FA6D463838C.e.645"},{"element-6066-11e4-a52e-4f735466cecf":"f.98D246DDA407406B6F8C3DBE00D42F41.d.348253207A90A264C8DB5FA6D463838C.e.646"},{"element-6066-11e4-a52e-4f735466cecf":"f.98D246DDA407406B6F8C3DBE00D42F41.d.348253207A90A264C8DB5FA6D463838C.e.647"},{"element-6066-11e4-a52e-4f735466cecf":"f.98D246DDA407406B6F8C3DBE00D42F41.d.348253207A90A264C8DB5FA6D463838C.e.648"},{"element-6066-11e4-a52e-4f735466cecf":"f.98D246DDA407406B6F8C3DBE00D42F41.d.348253207A90A264C8DB5FA6D463838C.e.649"},{"element-6066-11e4-a52e-4f735466cecf":"f.98D246DDA407406B6F8C3DBE00D42F41.d.348253207A90A264C8DB5FA6D463838C.e.650"}]} | headers=HTTPHeaderDict({'content-length': '20425', 'content-type': 'application/json; charset=utf-8', 'cache-control': 'no-cache'})
DEBUG    selenium.webdriver.remote.remote_connection:remote_connection.py:356 Finished Request
DEBUG    selenium.webdriver.remote.remote_connection:remote_connection.py:313 DELETE http://selenium-hub:4444/wd/hub/session/3113c0127527982047c2c0cbec19f22b {}
DEBUG    urllib3.connectionpool:connectionpool.py:544 http://selenium-hub:4444 "DELETE /wd/hub/session/3113c0127527982047c2c0cbec19f22b HTTP/1.1" 200 0
DEBUG    selenium.webdriver.remote.remote_connection:remote_connection.py:329 Remote response: status=200 | data={"value":null} | headers=HTTPHeaderDict({'content-length': '14', 'content-type': 'application/json; charset=utf-8', 'cache-control': 'no-cache'})
DEBUG    selenium.webdriver.remote.remote_connection:remote_connection.py:356 Finished Request
DEBUG    selenium.webdriver.remote.remote_connection:remote_connection.py:313 POST http://selenium-hub:4444/wd/hub/session {"capabilities": {"firstMatch": [{}], "alwaysMatch": {"browserName": "chrome", "pageLoadStrategy": "normal", "goog:chromeOptions": {"extensions": [], "args": ["--headless=new", "--no-sandbox", "--disable-dev-shm-usage", "--disable-gpu", "--window-size=1920,1080", "--disable-extensions", "--disable-infobars"]}}}}
DEBUG    urllib3.connectionpool:connectionpool.py:241 Starting new HTTP connection (1): selenium-hub:4444
DEBUG    urllib3.connectionpool:connectionpool.py:544 http://selenium-hub:4444 "POST /wd/hub/session HTTP/1.1" 200 0
DEBUG    selenium.webdriver.remote.remote_connection:remote_connection.py:329 Remote response: status=200 | data={
  "value": {
    "sessionId": "cf4952d15d838f19f95718295e201dd4",
    "capabilities": {
      "acceptInsecureCerts": false,
      "browserName": "chrome",
      "browserVersion": "125.0.6422.76",
      "chrome": {
        "chromedriverVersion": "125.0.6422.76 (67dcf7562b8fb4ab0819135589e37a97bcc8942c-refs\u002fbranch-heads\u002f6422@{#1086})",
        "userDataDir": "\u002ftmp\u002f.org.chromium.Chromium.CErvFf"
      },
      "fedcm:accounts": true,
      "goog:chromeOptions": {
        "debuggerAddress": "localhost:39755"
      },
      "networkConnectionEnabled": false,
      "pageLoadStrategy": "normal",
      "platformName": "linux",
      "proxy": {
      },
      "se:bidiEnabled": false,
      "se:cdp": "ws:\u002f\u002f172.18.0.4:4444\u002fsession\u002fcf4952d15d838f19f95718295e201dd4\u002fse\u002fcdp",
      "se:cdpVersion": "125.0.6422.76",
      "se:vnc": "ws:\u002f\u002f172.18.0.4:4444\u002fsession\u002fcf4952d15d838f19f95718295e201dd4\u002fse\u002fvnc",
      "se:vncEnabled": true,
      "se:vncLocalAddress": "ws:\u002f\u002f172.18.0.4:7900",
      "setWindowRect": true,
      "strictFileInteractability": false,
      "timeouts": {
        "implicit": 0,
        "pageLoad": 300000,
        "script": 30000
      },
      "unhandledPromptBehavior": "dismiss and notify",
      "webauthn:extension:credBlob": true,
      "webauthn:extension:largeBlob": true,
      "webauthn:extension:minPinLength": true,
      "webauthn:extension:prf": true,
      "webauthn:virtualAuthenticators": true
    }
  }
} | headers=HTTPHeaderDict({'content-length': '1531', 'Cache-Control': 'no-cache', 'Content-Type': 'application/json; charset=utf-8'})
DEBUG    selenium.webdriver.remote.remote_connection:remote_connection.py:356 Finished Request
DEBUG    selenium.webdriver.remote.remote_connection:remote_connection.py:313 POST http://selenium-hub:4444/wd/hub/session/cf4952d15d838f19f95718295e201dd4/timeouts {"implicit": 10000}
DEBUG    urllib3.connectionpool:connectionpool.py:544 http://selenium-hub:4444 "POST /wd/hub/session/cf4952d15d838f19f95718295e201dd4/timeouts HTTP/1.1" 200 0
DEBUG    selenium.webdriver.remote.remote_connection:remote_connection.py:329 Remote response: status=200 | data={"value":null} | headers=HTTPHeaderDict({'content-length': '14', 'content-type': 'application/json; charset=utf-8', 'cache-control': 'no-cache'})
DEBUG    selenium.webdriver.remote.remote_connection:remote_connection.py:356 Finished Request
DEBUG    selenium.webdriver.remote.remote_connection:remote_connection.py:313 POST http://selenium-hub:4444/wd/hub/session/cf4952d15d838f19f95718295e201dd4/url {"url": "https://practice.expandtesting.com/notes/app"}
DEBUG    urllib3.connectionpool:connectionpool.py:544 http://selenium-hub:4444 "POST /wd/hub/session/cf4952d15d838f19f95718295e201dd4/url HTTP/1.1" 200 0
DEBUG    selenium.webdriver.remote.remote_connection:remote_connection.py:329 Remote response: status=200 | data={"value":null} | headers=HTTPHeaderDict({'content-length': '14', 'content-type': 'application/json; charset=utf-8', 'cache-control': 'no-cache'})
DEBUG    selenium.webdriver.remote.remote_connection:remote_connection.py:356 Finished Request
DEBUG    selenium.webdriver.remote.remote_connection:remote_connection.py:313 POST http://selenium-hub:4444/wd/hub/session/cf4952d15d838f19f95718295e201dd4/execute/sync {"script": "return document.readyState", "args": []}
DEBUG    urllib3.connectionpool:connectionpool.py:544 http://selenium-hub:4444 "POST /wd/hub/session/cf4952d15d838f19f95718295e201dd4/execute/sync HTTP/1.1" 200 0
DEBUG    selenium.webdriver.remote.remote_connection:remote_connection.py:329 Remote response: status=200 | data={"value":"complete"} | headers=HTTPHeaderDict({'content-length': '20', 'content-type': 'application/json; charset=utf-8', 'cache-control': 'no-cache'})
DEBUG    selenium.webdriver.remote.remote_connection:remote_connection.py:356 Finished Request
DEBUG    selenium.webdriver.remote.remote_connection:remote_connection.py:313 GET http://selenium-hub:4444/wd/hub/session/cf4952d15d838f19f95718295e201dd4/url {}
DEBUG    urllib3.connectionpool:connectionpool.py:544 http://selenium-hub:4444 "GET /wd/hub/session/cf4952d15d838f19f95718295e201dd4/url HTTP/1.1" 200 0
DEBUG    selenium.webdriver.remote.remote_connection:remote_connection.py:329 Remote response: status=200 | data={"value":"https://practice.expandtesting.com/notes/app"} | headers=HTTPHeaderDict({'content-length': '56', 'content-type': 'application/json; charset=utf-8', 'cache-control': 'no-cache'})
DEBUG    selenium.webdriver.remote.remote_connection:remote_connection.py:356 Finished Request
DEBUG    selenium.webdriver.remote.remote_connection:remote_connection.py:313 GET http://selenium-hub:4444/wd/hub/session/cf4952d15d838f19f95718295e201dd4/url {}
DEBUG    urllib3.connectionpool:connectionpool.py:544 http://selenium-hub:4444 "GET /wd/hub/session/cf4952d15d838f19f95718295e201dd4/url HTTP/1.1" 200 0
DEBUG    selenium.webdriver.remote.remote_connection:remote_connection.py:329 Remote response: status=200 | data={"value":"https://practice.expandtesting.com/notes/app"} | headers=HTTPHeaderDict({'content-length': '56', 'content-type': 'application/json; charset=utf-8', 'cache-control': 'no-cache'})
DEBUG    selenium.webdriver.remote.remote_connection:remote_connection.py:356 Finished Request
DEBUG    selenium.webdriver.remote.remote_connection:remote_connection.py:313 POST http://selenium-hub:4444/wd/hub/session/cf4952d15d838f19f95718295e201dd4/url {"url": "https://practice.expandtesting.com/notes/app/login"}
DEBUG    urllib3.connectionpool:connectionpool.py:544 http://selenium-hub:4444 "POST /wd/hub/session/cf4952d15d838f19f95718295e201dd4/url HTTP/1.1" 200 0
DEBUG    selenium.webdriver.remote.remote_connection:remote_connection.py:329 Remote response: status=200 | data={"value":null} | headers=HTTPHeaderDict({'content-length': '14', 'content-type': 'application/json; charset=utf-8', 'cache-control': 'no-cache'})
DEBUG    selenium.webdriver.remote.remote_connection:remote_connection.py:356 Finished Request
DEBUG    selenium.webdriver.remote.remote_connection:remote_connection.py:313 POST http://selenium-hub:4444/wd/hub/session/cf4952d15d838f19f95718295e201dd4/execute/sync {"script": "return document.readyState", "args": []}
DEBUG    urllib3.connectionpool:connectionpool.py:544 http://selenium-hub:4444 "POST /wd/hub/session/cf4952d15d838f19f95718295e201dd4/execute/sync HTTP/1.1" 200 0
DEBUG    selenium.webdriver.remote.remote_connection:remote_connection.py:329 Remote response: status=200 | data={"value":"complete"} | headers=HTTPHeaderDict({'content-length': '20', 'content-type': 'application/json; charset=utf-8', 'cache-control': 'no-cache'})
DEBUG    selenium.webdriver.remote.remote_connection:remote_connection.py:356 Finished Request
DEBUG    selenium.webdriver.remote.remote_connection:remote_connection.py:313 POST http://selenium-hub:4444/wd/hub/session/cf4952d15d838f19f95718295e201dd4/element {"using": "css selector", "value": "[data-testid='login-email']"}
DEBUG    urllib3.connectionpool:connectionpool.py:544 http://selenium-hub:4444 "POST /wd/hub/session/cf4952d15d838f19f95718295e201dd4/element HTTP/1.1" 200 0
DEBUG    selenium.webdriver.remote.remote_connection:remote_connection.py:329 Remote response: status=200 | data={"value":{"element-6066-11e4-a52e-4f735466cecf":"f.0188C052A461367D6D7471FED799024B.d.97DC2A952723C99F512DD17C318286F6.e.46"}} | headers=HTTPHeaderDict({'content-length': '126', 'content-type': 'application/json; charset=utf-8', 'cache-control': 'no-cache'})
DEBUG    selenium.webdriver.remote.remote_connection:remote_connection.py:356 Finished Request
DEBUG    selenium.webdriver.remote.remote_connection:remote_connection.py:313 POST http://selenium-hub:4444/wd/hub/session/cf4952d15d838f19f95718295e201dd4/execute/sync {"script": "/* isDisplayed */return (function(){return (function(){var k=this||self;function aa(a){return\"string\"==typeof a}function ba(a,b){a=a.split(\".\");var c=k;a[0]in c||\"undefined\"==typeof c.execScript||c.execScript(\"var \"+a[0]);for(var d;a.length&&(d=a.shift());)a.length||void 0===b?c[d]&&c[d]!==Object.prototype[d]?c=c[d]:c=c[d]={}:c[d]=b}\nfunction ca(a){var b=typeof a;if(\"object\"==b)if(a){if(a instanceof Array)return\"array\";if(a instanceof Object)return b;var c=Object.prototype.toString.call(a);if(\"[object Window]\"==c)return\"object\";if(\"[object Array]\"==c||\"number\"==typeof a.length&&\"undefined\"!=typeof a.splice&&\"undefined\"!=typeof a.propertyIsEnumerable&&!a.propertyIsEnumerable(\"splice\"))return\"array\";if(\"[object Function]\"==c||\"undefined\"!=typeof a.call&&\"undefined\"!=typeof a.propertyIsEnumerable&&!a.propertyIsEnumerable(\"call\"))return\"function\"}else return\"null\";\nelse if(\"function\"==b&&\"undefined\"==typeof a.call)return\"object\";return b}function da(a,b,c){return a.call.apply(a.bind,arguments)}function ea(a,b,c){if(!a)throw Error();if(2<arguments.length){var d=Array.prototype.slice.call(arguments,2);return function(){var e=Array.prototype.slice.call(arguments);Array.prototype.unshift.apply(e,d);return a.apply(b,e)}}return function(){return a.apply(b,arguments)}}\nfunction fa(a,b,c){Function.prototype.bind&&-1!=Function.prototype.bind.toString().indexOf(\"native code\")?fa=da:fa=ea;return fa.apply(null,arguments)}function ha(a,b){var c=Array.prototype.slice.call(arguments,1);return function(){var d=c.slice();d.push.apply(d,arguments);return a.apply(this,d)}}function l(a,b){function c(){}c.prototype=b.prototype;a.prototype=new c;a.prototype.constructor=a};/*\n\n The MIT License\n\n Copyright (c) 2007 Cybozu Labs, Inc.\n Copyright (c) 2012 Google Inc.\n\n Permission is hereby granted, free of charge, to any person obtaining a copy\n of this software and associated documentation files (the \"Software\"), to\n deal in the Software without restriction, including without limitation the\n rights to use, copy, modify, merge, publish, distribute, sublicense, and/or\n sell copies of the Software, and to permit persons to whom the Software is\n furnished to do so, subject to the following conditions:\n\n The above copyright notice and this permission notice shall be included in\n all copies or substantial portions of the Software.\n\n THE SOFTWARE IS PROVIDED \"AS IS\", WITHOUT WARRANTY OF ANY KIND, EXPRESS OR\n IMPLIED, INCLUDING BUT NOT LIMITED TO THE WARRANTIES OF MERCHANTABILITY,\n FITNESS FOR A PARTICULAR PURPOSE AND NONINFRINGEMENT. IN NO EVENT SHALL THE\n AUTHORS OR COPYRIGHT HOLDERS BE LIABLE FOR ANY CLAIM, DAMAGES OR OTHER\n LIABILITY, WHETHER IN AN ACTION OF CONTRACT, TORT OR OTHERWISE, ARISING\n FROM, OUT OF OR IN CONNECTION WITH THE SOFTWARE OR THE USE OR OTHER DEALINGS\n IN THE SOFTWARE.\n*/\nfunction ia(a,b,c){this.a=a;this.b=b||1;this.f=c||1};var ja=Array.prototype.indexOf?function(a,b){return Array.prototype.indexOf.call(a,b,void 0)}:function(a,b){if(\"string\"===typeof a)return\"string\"!==typeof b||1!=b.length?-1:a.indexOf(b,0);for(var c=0;c<a.length;c++)if(c in a&&a[c]===b)return c;return-1},n=Array.prototype.forEach?function(a,b){Array.prototype.forEach.call(a,b,void 0)}:function(a,b){for(var c=a.length,d=\"string\"===typeof a?a.split(\"\"):a,e=0;e<c;e++)e in d&&b.call(void 0,d[e],e,a)},ka=Array.prototype.filter?function(a,b){return Array.prototype.filter.call(a,\nb,void 0)}:function(a,b){for(var c=a.length,d=[],e=0,f=\"string\"===typeof a?a.split(\"\"):a,g=0;g<c;g++)if(g in f){var h=f[g];b.call(void 0,h,g,a)&&(d[e++]=h)}return d},la=Array.prototype.reduce?function(a,b,c){return Array.prototype.reduce.call(a,b,c)}:function(a,b,c){var d=c;n(a,function(e,f){d=b.call(void 0,d,e,f,a)});return d},ma=Array.prototype.some?function(a,b){return Array.prototype.some.call(a,b,void 0)}:function(a,b){for(var c=a.length,d=\"string\"===typeof a?a.split(\"\"):a,e=0;e<c;e++)if(e in\nd&&b.call(void 0,d[e],e,a))return!0;return!1},na=Array.prototype.every?function(a,b){return Array.prototype.every.call(a,b,void 0)}:function(a,b){for(var c=a.length,d=\"string\"===typeof a?a.split(\"\"):a,e=0;e<c;e++)if(e in d&&!b.call(void 0,d[e],e,a))return!1;return!0};function oa(a,b){a:{for(var c=a.length,d=\"string\"===typeof a?a.split(\"\"):a,e=0;e<c;e++)if(e in d&&b.call(void 0,d[e],e,a)){b=e;break a}b=-1}return 0>b?null:\"string\"===typeof a?a.charAt(b):a[b]}\nfunction pa(a){return Array.prototype.concat.apply([],arguments)}function qa(a,b,c){return 2>=arguments.length?Array.prototype.slice.call(a,b):Array.prototype.slice.call(a,b,c)};var ra=String.prototype.trim?function(a){return a.trim()}:function(a){return/^[\\s\\xa0]*([\\s\\S]*?)[\\s\\xa0]*$/.exec(a)[1]};function sa(a,b){return a<b?-1:a>b?1:0};var t;a:{var ta=k.navigator;if(ta){var ua=ta.userAgent;if(ua){t=ua;break a}}t=\"\"}function u(a){return-1!=t.indexOf(a)};function va(){return u(\"Firefox\")||u(\"FxiOS\")}function wa(){return(u(\"Chrome\")||u(\"CriOS\"))&&!u(\"Edge\")};function xa(a){return String(a).replace(/\\-([a-z])/g,function(b,c){return c.toUpperCase()})};function ya(){return u(\"iPhone\")&&!u(\"iPod\")&&!u(\"iPad\")};function za(a,b){var c=Aa;return Object.prototype.hasOwnProperty.call(c,a)?c[a]:c[a]=b(a)};var Ba=u(\"Opera\"),v=u(\"Trident\")||u(\"MSIE\"),Ca=u(\"Edge\"),Da=u(\"Gecko\")&&!(-1!=t.toLowerCase().indexOf(\"webkit\")&&!u(\"Edge\"))&&!(u(\"Trident\")||u(\"MSIE\"))&&!u(\"Edge\"),Ea=-1!=t.toLowerCase().indexOf(\"webkit\")&&!u(\"Edge\");function Fa(){var a=k.document;return a?a.documentMode:void 0}var Ga;\na:{var Ha=\"\",Ia=function(){var a=t;if(Da)return/rv:([^\\);]+)(\\)|;)/.exec(a);if(Ca)return/Edge\\/([\\d\\.]+)/.exec(a);if(v)return/\\b(?:MSIE|rv)[: ]([^\\);]+)(\\)|;)/.exec(a);if(Ea)return/WebKit\\/(\\S+)/.exec(a);if(Ba)return/(?:Version)[ \\/]?(\\S+)/.exec(a)}();Ia&&(Ha=Ia?Ia[1]:\"\");if(v){var Ja=Fa();if(null!=Ja&&Ja>parseFloat(Ha)){Ga=String(Ja);break a}}Ga=Ha}var Aa={};\nfunction Ka(a){return za(a,function(){for(var b=0,c=ra(String(Ga)).split(\".\"),d=ra(String(a)).split(\".\"),e=Math.max(c.length,d.length),f=0;0==b&&f<e;f++){var g=c[f]||\"\",h=d[f]||\"\";do{g=/(\\d*)(\\D*)(.*)/.exec(g)||[\"\",\"\",\"\",\"\"];h=/(\\d*)(\\D*)(.*)/.exec(h)||[\"\",\"\",\"\",\"\"];if(0==g[0].length&&0==h[0].length)break;b=sa(0==g[1].length?0:parseInt(g[1],10),0==h[1].length?0:parseInt(h[1],10))||sa(0==g[2].length,0==h[2].length)||sa(g[2],h[2]);g=g[3];h=h[3]}while(0==b)}return 0<=b})}var La;\nLa=k.document&&v?Fa():void 0;var x=v&&!(9<=Number(La)),Ma=v&&!(8<=Number(La));function Na(a,b,c,d){this.a=a;this.nodeName=c;this.nodeValue=d;this.nodeType=2;this.parentNode=this.ownerElement=b}function Oa(a,b){var c=Ma&&\"href\"==b.nodeName?a.getAttribute(b.nodeName,2):b.nodeValue;return new Na(b,a,b.nodeName,c)};function Pa(a){this.b=a;this.a=0}function Qa(a){a=a.match(Ra);for(var b=0;b<a.length;b++)Sa.test(a[b])&&a.splice(b,1);return new Pa(a)}var Ra=/\\$?(?:(?![0-9-\\.])(?:\\*|[\\w-\\.]+):)?(?![0-9-\\.])(?:\\*|[\\w-\\.]+)|\\/\\/|\\.\\.|::|\\d+(?:\\.\\d*)?|\\.\\d+|\"[^\"]*\"|'[^']*'|[!<>]=|\\s+|./g,Sa=/^\\s/;function y(a,b){return a.b[a.a+(b||0)]}function z(a){return a.b[a.a++]}function Ta(a){return a.b.length<=a.a};function Ua(a,b){this.x=void 0!==a?a:0;this.y=void 0!==b?b:0}Ua.prototype.ceil=function(){this.x=Math.ceil(this.x);this.y=Math.ceil(this.y);return this};Ua.prototype.floor=function(){this.x=Math.floor(this.x);this.y=Math.floor(this.y);return this};Ua.prototype.round=function(){this.x=Math.round(this.x);this.y=Math.round(this.y);return this};function Va(a,b){this.width=a;this.height=b}Va.prototype.aspectRatio=function(){return this.width/this.height};Va.prototype.ceil=function(){this.width=Math.ceil(this.width);this.height=Math.ceil(this.height);return this};Va.prototype.floor=function(){this.width=Math.floor(this.width);this.height=Math.floor(this.height);return this};Va.prototype.round=function(){this.width=Math.round(this.width);this.height=Math.round(this.height);return this};function Wa(a,b){if(!a||!b)return!1;if(a.contains&&1==b.nodeType)return a==b||a.contains(b);if(\"undefined\"!=typeof a.compareDocumentPosition)return a==b||!!(a.compareDocumentPosition(b)&16);for(;b&&a!=b;)b=b.parentNode;return b==a}\nfunction Xa(a,b){if(a==b)return 0;if(a.compareDocumentPosition)return a.compareDocumentPosition(b)&2?1:-1;if(v&&!(9<=Number(La))){if(9==a.nodeType)return-1;if(9==b.nodeType)return 1}if(\"sourceIndex\"in a||a.parentNode&&\"sourceIndex\"in a.parentNode){var c=1==a.nodeType,d=1==b.nodeType;if(c&&d)return a.sourceIndex-b.sourceIndex;var e=a.parentNode,f=b.parentNode;return e==f?Ya(a,b):!c&&Wa(e,b)?-1*Za(a,b):!d&&Wa(f,a)?Za(b,a):(c?a.sourceIndex:e.sourceIndex)-(d?b.sourceIndex:f.sourceIndex)}d=A(a);c=d.createRange();\nc.selectNode(a);c.collapse(!0);a=d.createRange();a.selectNode(b);a.collapse(!0);return c.compareBoundaryPoints(k.Range.START_TO_END,a)}function Za(a,b){var c=a.parentNode;if(c==b)return-1;for(;b.parentNode!=c;)b=b.parentNode;return Ya(b,a)}function Ya(a,b){for(;b=b.previousSibling;)if(b==a)return-1;return 1}function A(a){return 9==a.nodeType?a:a.ownerDocument||a.document}function $a(a,b){a&&(a=a.parentNode);for(var c=0;a;){if(b(a))return a;a=a.parentNode;c++}return null}\nfunction ab(a){this.a=a||k.document||document}ab.prototype.getElementsByTagName=function(a,b){return(b||this.a).getElementsByTagName(String(a))};function B(a){var b=null,c=a.nodeType;1==c&&(b=a.textContent,b=void 0==b||null==b?a.innerText:b,b=void 0==b||null==b?\"\":b);if(\"string\"!=typeof b)if(x&&\"title\"==a.nodeName.toLowerCase()&&1==c)b=a.text;else if(9==c||1==c){a=9==c?a.documentElement:a.firstChild;c=0;var d=[];for(b=\"\";a;){do 1!=a.nodeType&&(b+=a.nodeValue),x&&\"title\"==a.nodeName.toLowerCase()&&(b+=a.text),d[c++]=a;while(a=a.firstChild);for(;c&&!(a=d[--c].nextSibling););}}else b=a.nodeValue;return b}\nfunction C(a,b,c){if(null===b)return!0;try{if(!a.getAttribute)return!1}catch(d){return!1}Ma&&\"class\"==b&&(b=\"className\");return null==c?!!a.getAttribute(b):a.getAttribute(b,2)==c}function bb(a,b,c,d,e){return(x?cb:db).call(null,a,b,aa(c)?c:null,aa(d)?d:null,e||new E)}\nfunction cb(a,b,c,d,e){if(a instanceof F||8==a.b||c&&null===a.b){var f=b.all;if(!f)return e;a=eb(a);if(\"*\"!=a&&(f=b.getElementsByTagName(a),!f))return e;if(c){for(var g=[],h=0;b=f[h++];)C(b,c,d)&&g.push(b);f=g}for(h=0;b=f[h++];)\"*\"==a&&\"!\"==b.tagName||e.add(b);return e}gb(a,b,c,d,e);return e}\nfunction db(a,b,c,d,e){b.getElementsByName&&d&&\"name\"==c&&!v?(b=b.getElementsByName(d),n(b,function(f){a.a(f)&&e.add(f)})):b.getElementsByClassName&&d&&\"class\"==c?(b=b.getElementsByClassName(d),n(b,function(f){f.className==d&&a.a(f)&&e.add(f)})):a instanceof G?gb(a,b,c,d,e):b.getElementsByTagName&&(b=b.getElementsByTagName(a.f()),n(b,function(f){C(f,c,d)&&e.add(f)}));return e}\nfunction hb(a,b,c,d,e){var f;if((a instanceof F||8==a.b||c&&null===a.b)&&(f=b.childNodes)){var g=eb(a);if(\"*\"!=g&&(f=ka(f,function(h){return h.tagName&&h.tagName.toLowerCase()==g}),!f))return e;c&&(f=ka(f,function(h){return C(h,c,d)}));n(f,function(h){\"*\"==g&&(\"!\"==h.tagName||\"*\"==g&&1!=h.nodeType)||e.add(h)});return e}return ib(a,b,c,d,e)}function ib(a,b,c,d,e){for(b=b.firstChild;b;b=b.nextSibling)C(b,c,d)&&a.a(b)&&e.add(b);return e}\nfunction gb(a,b,c,d,e){for(b=b.firstChild;b;b=b.nextSibling)C(b,c,d)&&a.a(b)&&e.add(b),gb(a,b,c,d,e)}function eb(a){if(a instanceof G){if(8==a.b)return\"!\";if(null===a.b)return\"*\"}return a.f()};function E(){this.b=this.a=null;this.l=0}function jb(a){this.f=a;this.a=this.b=null}function kb(a,b){if(!a.a)return b;if(!b.a)return a;var c=a.a;b=b.a;for(var d=null,e,f=0;c&&b;){e=c.f;var g=b.f;e==g||e instanceof Na&&g instanceof Na&&e.a==g.a?(e=c,c=c.a,b=b.a):0<Xa(c.f,b.f)?(e=b,b=b.a):(e=c,c=c.a);(e.b=d)?d.a=e:a.a=e;d=e;f++}for(e=c||b;e;)e.b=d,d=d.a=e,f++,e=e.a;a.b=d;a.l=f;return a}function lb(a,b){b=new jb(b);b.a=a.a;a.b?a.a.b=b:a.a=a.b=b;a.a=b;a.l++}\nE.prototype.add=function(a){a=new jb(a);a.b=this.b;this.a?this.b.a=a:this.a=this.b=a;this.b=a;this.l++};function mb(a){return(a=a.a)?a.f:null}function nb(a){return(a=mb(a))?B(a):\"\"}function H(a,b){return new ob(a,!!b)}function ob(a,b){this.f=a;this.b=(this.s=b)?a.b:a.a;this.a=null}function I(a){var b=a.b;if(null==b)return null;var c=a.a=b;a.b=a.s?b.b:b.a;return c.f};function J(a){this.i=a;this.b=this.g=!1;this.f=null}function K(a){return\"\\n  \"+a.toString().split(\"\\n\").join(\"\\n  \")}function pb(a,b){a.g=b}function qb(a,b){a.b=b}function N(a,b){a=a.a(b);return a instanceof E?+nb(a):+a}function O(a,b){a=a.a(b);return a instanceof E?nb(a):\"\"+a}function rb(a,b){a=a.a(b);return a instanceof E?!!a.l:!!a};function sb(a,b,c){J.call(this,a.i);this.c=a;this.h=b;this.o=c;this.g=b.g||c.g;this.b=b.b||c.b;this.c==tb&&(c.b||c.g||4==c.i||0==c.i||!b.f?b.b||b.g||4==b.i||0==b.i||!c.f||(this.f={name:c.f.name,u:b}):this.f={name:b.f.name,u:c})}l(sb,J);\nfunction ub(a,b,c,d,e){b=b.a(d);c=c.a(d);var f;if(b instanceof E&&c instanceof E){b=H(b);for(d=I(b);d;d=I(b))for(e=H(c),f=I(e);f;f=I(e))if(a(B(d),B(f)))return!0;return!1}if(b instanceof E||c instanceof E){b instanceof E?(e=b,d=c):(e=c,d=b);f=H(e);for(var g=typeof d,h=I(f);h;h=I(f)){switch(g){case \"number\":h=+B(h);break;case \"boolean\":h=!!B(h);break;case \"string\":h=B(h);break;default:throw Error(\"Illegal primitive type for comparison.\");}if(e==b&&a(h,d)||e==c&&a(d,h))return!0}return!1}return e?\"boolean\"==\ntypeof b||\"boolean\"==typeof c?a(!!b,!!c):\"number\"==typeof b||\"number\"==typeof c?a(+b,+c):a(b,c):a(+b,+c)}sb.prototype.a=function(a){return this.c.m(this.h,this.o,a)};sb.prototype.toString=function(){var a=\"Binary Expression: \"+this.c;a+=K(this.h);return a+=K(this.o)};function vb(a,b,c,d){this.I=a;this.D=b;this.i=c;this.m=d}vb.prototype.toString=function(){return this.I};var wb={};\nfunction P(a,b,c,d){if(wb.hasOwnProperty(a))throw Error(\"Binary operator already created: \"+a);a=new vb(a,b,c,d);return wb[a.toString()]=a}P(\"div\",6,1,function(a,b,c){return N(a,c)/N(b,c)});P(\"mod\",6,1,function(a,b,c){return N(a,c)%N(b,c)});P(\"*\",6,1,function(a,b,c){return N(a,c)*N(b,c)});P(\"+\",5,1,function(a,b,c){return N(a,c)+N(b,c)});P(\"-\",5,1,function(a,b,c){return N(a,c)-N(b,c)});P(\"<\",4,2,function(a,b,c){return ub(function(d,e){return d<e},a,b,c)});\nP(\">\",4,2,function(a,b,c){return ub(function(d,e){return d>e},a,b,c)});P(\"<=\",4,2,function(a,b,c){return ub(function(d,e){return d<=e},a,b,c)});P(\">=\",4,2,function(a,b,c){return ub(function(d,e){return d>=e},a,b,c)});var tb=P(\"=\",3,2,function(a,b,c){return ub(function(d,e){return d==e},a,b,c,!0)});P(\"!=\",3,2,function(a,b,c){return ub(function(d,e){return d!=e},a,b,c,!0)});P(\"and\",2,2,function(a,b,c){return rb(a,c)&&rb(b,c)});P(\"or\",1,2,function(a,b,c){return rb(a,c)||rb(b,c)});function xb(a,b){if(b.a.length&&4!=a.i)throw Error(\"Primary expression must evaluate to nodeset if filter has predicate(s).\");J.call(this,a.i);this.c=a;this.h=b;this.g=a.g;this.b=a.b}l(xb,J);xb.prototype.a=function(a){a=this.c.a(a);return yb(this.h,a)};xb.prototype.toString=function(){var a=\"Filter:\"+K(this.c);return a+=K(this.h)};function zb(a,b){if(b.length<a.C)throw Error(\"Function \"+a.j+\" expects at least\"+a.C+\" arguments, \"+b.length+\" given\");if(null!==a.B&&b.length>a.B)throw Error(\"Function \"+a.j+\" expects at most \"+a.B+\" arguments, \"+b.length+\" given\");a.H&&n(b,function(c,d){if(4!=c.i)throw Error(\"Argument \"+d+\" to function \"+a.j+\" is not of type Nodeset: \"+c);});J.call(this,a.i);this.v=a;this.c=b;pb(this,a.g||ma(b,function(c){return c.g}));qb(this,a.G&&!b.length||a.F&&!!b.length||ma(b,function(c){return c.b}))}\nl(zb,J);zb.prototype.a=function(a){return this.v.m.apply(null,pa(a,this.c))};zb.prototype.toString=function(){var a=\"Function: \"+this.v;if(this.c.length){var b=la(this.c,function(c,d){return c+K(d)},\"Arguments:\");a+=K(b)}return a};function Ab(a,b,c,d,e,f,g,h){this.j=a;this.i=b;this.g=c;this.G=d;this.F=!1;this.m=e;this.C=f;this.B=void 0!==g?g:f;this.H=!!h}Ab.prototype.toString=function(){return this.j};var Bb={};\nfunction Q(a,b,c,d,e,f,g,h){if(Bb.hasOwnProperty(a))throw Error(\"Function already created: \"+a+\".\");Bb[a]=new Ab(a,b,c,d,e,f,g,h)}Q(\"boolean\",2,!1,!1,function(a,b){return rb(b,a)},1);Q(\"ceiling\",1,!1,!1,function(a,b){return Math.ceil(N(b,a))},1);Q(\"concat\",3,!1,!1,function(a,b){return la(qa(arguments,1),function(c,d){return c+O(d,a)},\"\")},2,null);Q(\"contains\",2,!1,!1,function(a,b,c){b=O(b,a);a=O(c,a);return-1!=b.indexOf(a)},2);Q(\"count\",1,!1,!1,function(a,b){return b.a(a).l},1,1,!0);\nQ(\"false\",2,!1,!1,function(){return!1},0);Q(\"floor\",1,!1,!1,function(a,b){return Math.floor(N(b,a))},1);Q(\"id\",4,!1,!1,function(a,b){function c(h){if(x){var m=e.all[h];if(m){if(m.nodeType&&h==m.id)return m;if(m.length)return oa(m,function(w){return h==w.id})}return null}return e.getElementById(h)}var d=a.a,e=9==d.nodeType?d:d.ownerDocument;a=O(b,a).split(/\\s+/);var f=[];n(a,function(h){h=c(h);!h||0<=ja(f,h)||f.push(h)});f.sort(Xa);var g=new E;n(f,function(h){g.add(h)});return g},1);\nQ(\"lang\",2,!1,!1,function(){return!1},1);Q(\"last\",1,!0,!1,function(a){if(1!=arguments.length)throw Error(\"Function last expects ()\");return a.f},0);Q(\"local-name\",3,!1,!0,function(a,b){return(a=b?mb(b.a(a)):a.a)?a.localName||a.nodeName.toLowerCase():\"\"},0,1,!0);Q(\"name\",3,!1,!0,function(a,b){return(a=b?mb(b.a(a)):a.a)?a.nodeName.toLowerCase():\"\"},0,1,!0);Q(\"namespace-uri\",3,!0,!1,function(){return\"\"},0,1,!0);\nQ(\"normalize-space\",3,!1,!0,function(a,b){return(b?O(b,a):B(a.a)).replace(/[\\s\\xa0]+/g,\" \").replace(/^\\s+|\\s+$/g,\"\")},0,1);Q(\"not\",2,!1,!1,function(a,b){return!rb(b,a)},1);Q(\"number\",1,!1,!0,function(a,b){return b?N(b,a):+B(a.a)},0,1);Q(\"position\",1,!0,!1,function(a){return a.b},0);Q(\"round\",1,!1,!1,function(a,b){return Math.round(N(b,a))},1);Q(\"starts-with\",2,!1,!1,function(a,b,c){b=O(b,a);a=O(c,a);return 0==b.lastIndexOf(a,0)},2);Q(\"string\",3,!1,!0,function(a,b){return b?O(b,a):B(a.a)},0,1);\nQ(\"string-length\",1,!1,!0,function(a,b){return(b?O(b,a):B(a.a)).length},0,1);Q(\"substring\",3,!1,!1,function(a,b,c,d){c=N(c,a);if(isNaN(c)||Infinity==c||-Infinity==c)return\"\";d=d?N(d,a):Infinity;if(isNaN(d)||-Infinity===d)return\"\";c=Math.round(c)-1;var e=Math.max(c,0);a=O(b,a);return Infinity==d?a.substring(e):a.substring(e,c+Math.round(d))},2,3);Q(\"substring-after\",3,!1,!1,function(a,b,c){b=O(b,a);a=O(c,a);c=b.indexOf(a);return-1==c?\"\":b.substring(c+a.length)},2);\nQ(\"substring-before\",3,!1,!1,function(a,b,c){b=O(b,a);a=O(c,a);a=b.indexOf(a);return-1==a?\"\":b.substring(0,a)},2);Q(\"sum\",1,!1,!1,function(a,b){a=H(b.a(a));b=0;for(var c=I(a);c;c=I(a))b+=+B(c);return b},1,1,!0);Q(\"translate\",3,!1,!1,function(a,b,c,d){b=O(b,a);c=O(c,a);var e=O(d,a);a={};for(d=0;d<c.length;d++){var f=c.charAt(d);f in a||(a[f]=e.charAt(d))}c=\"\";for(d=0;d<b.length;d++)f=b.charAt(d),c+=f in a?a[f]:f;return c},3);Q(\"true\",2,!1,!1,function(){return!0},0);function G(a,b){this.h=a;this.c=void 0!==b?b:null;this.b=null;switch(a){case \"comment\":this.b=8;break;case \"text\":this.b=3;break;case \"processing-instruction\":this.b=7;break;case \"node\":break;default:throw Error(\"Unexpected argument\");}}function Cb(a){return\"comment\"==a||\"text\"==a||\"processing-instruction\"==a||\"node\"==a}G.prototype.a=function(a){return null===this.b||this.b==a.nodeType};G.prototype.f=function(){return this.h};\nG.prototype.toString=function(){var a=\"Kind Test: \"+this.h;null===this.c||(a+=K(this.c));return a};function Db(a){J.call(this,3);this.c=a.substring(1,a.length-1)}l(Db,J);Db.prototype.a=function(){return this.c};Db.prototype.toString=function(){return\"Literal: \"+this.c};function F(a,b){this.j=a.toLowerCase();a=\"*\"==this.j?\"*\":\"http://www.w3.org/1999/xhtml\";this.c=b?b.toLowerCase():a}F.prototype.a=function(a){var b=a.nodeType;if(1!=b&&2!=b)return!1;b=void 0!==a.localName?a.localName:a.nodeName;return\"*\"!=this.j&&this.j!=b.toLowerCase()?!1:\"*\"==this.c?!0:this.c==(a.namespaceURI?a.namespaceURI.toLowerCase():\"http://www.w3.org/1999/xhtml\")};F.prototype.f=function(){return this.j};\nF.prototype.toString=function(){return\"Name Test: \"+(\"http://www.w3.org/1999/xhtml\"==this.c?\"\":this.c+\":\")+this.j};function Eb(a){J.call(this,1);this.c=a}l(Eb,J);Eb.prototype.a=function(){return this.c};Eb.prototype.toString=function(){return\"Number: \"+this.c};function Fb(a,b){J.call(this,a.i);this.h=a;this.c=b;this.g=a.g;this.b=a.b;1==this.c.length&&(a=this.c[0],a.A||a.c!=Gb||(a=a.o,\"*\"!=a.f()&&(this.f={name:a.f(),u:null})))}l(Fb,J);function Hb(){J.call(this,4)}l(Hb,J);Hb.prototype.a=function(a){var b=new E;a=a.a;9==a.nodeType?b.add(a):b.add(a.ownerDocument);return b};Hb.prototype.toString=function(){return\"Root Helper Expression\"};function Ib(){J.call(this,4)}l(Ib,J);Ib.prototype.a=function(a){var b=new E;b.add(a.a);return b};Ib.prototype.toString=function(){return\"Context Helper Expression\"};\nfunction Jb(a){return\"/\"==a||\"//\"==a}Fb.prototype.a=function(a){var b=this.h.a(a);if(!(b instanceof E))throw Error(\"Filter expression must evaluate to nodeset.\");a=this.c;for(var c=0,d=a.length;c<d&&b.l;c++){var e=a[c],f=H(b,e.c.s);if(e.g||e.c!=Kb)if(e.g||e.c!=Lb){var g=I(f);for(b=e.a(new ia(g));null!=(g=I(f));)g=e.a(new ia(g)),b=kb(b,g)}else g=I(f),b=e.a(new ia(g));else{for(g=I(f);(b=I(f))&&(!g.contains||g.contains(b))&&b.compareDocumentPosition(g)&8;g=b);b=e.a(new ia(g))}}return b};\nFb.prototype.toString=function(){var a=\"Path Expression:\"+K(this.h);if(this.c.length){var b=la(this.c,function(c,d){return c+K(d)},\"Steps:\");a+=K(b)}return a};function Mb(a,b){this.a=a;this.s=!!b}\nfunction yb(a,b,c){for(c=c||0;c<a.a.length;c++)for(var d=a.a[c],e=H(b),f=b.l,g,h=0;g=I(e);h++){var m=a.s?f-h:h+1;g=d.a(new ia(g,m,f));if(\"number\"==typeof g)m=m==g;else if(\"string\"==typeof g||\"boolean\"==typeof g)m=!!g;else if(g instanceof E)m=0<g.l;else throw Error(\"Predicate.evaluate returned an unexpected type.\");if(!m){m=e;g=m.f;var w=m.a;if(!w)throw Error(\"Next must be called at least once before remove.\");var r=w.b;w=w.a;r?r.a=w:g.a=w;w?w.b=r:g.b=r;g.l--;m.a=null}}return b}\nMb.prototype.toString=function(){return la(this.a,function(a,b){return a+K(b)},\"Predicates:\")};function R(a,b,c,d){J.call(this,4);this.c=a;this.o=b;this.h=c||new Mb([]);this.A=!!d;b=this.h;b=0<b.a.length?b.a[0].f:null;a.J&&b&&(a=b.name,a=x?a.toLowerCase():a,this.f={name:a,u:b.u});a:{a=this.h;for(b=0;b<a.a.length;b++)if(c=a.a[b],c.g||1==c.i||0==c.i){a=!0;break a}a=!1}this.g=a}l(R,J);\nR.prototype.a=function(a){var b=a.a,c=this.f,d=null,e=null,f=0;c&&(d=c.name,e=c.u?O(c.u,a):null,f=1);if(this.A)if(this.g||this.c!=Nb)if(b=H((new R(Ob,new G(\"node\"))).a(a)),c=I(b))for(a=this.m(c,d,e,f);null!=(c=I(b));)a=kb(a,this.m(c,d,e,f));else a=new E;else a=bb(this.o,b,d,e),a=yb(this.h,a,f);else a=this.m(a.a,d,e,f);return a};R.prototype.m=function(a,b,c,d){a=this.c.v(this.o,a,b,c);return a=yb(this.h,a,d)};\nR.prototype.toString=function(){var a=\"Step:\"+K(\"Operator: \"+(this.A?\"//\":\"/\"));this.c.j&&(a+=K(\"Axis: \"+this.c));a+=K(this.o);if(this.h.a.length){var b=la(this.h.a,function(c,d){return c+K(d)},\"Predicates:\");a+=K(b)}return a};function Pb(a,b,c,d){this.j=a;this.v=b;this.s=c;this.J=d}Pb.prototype.toString=function(){return this.j};var Qb={};function S(a,b,c,d){if(Qb.hasOwnProperty(a))throw Error(\"Axis already created: \"+a);b=new Pb(a,b,c,!!d);return Qb[a]=b}\nS(\"ancestor\",function(a,b){for(var c=new E;b=b.parentNode;)a.a(b)&&lb(c,b);return c},!0);S(\"ancestor-or-self\",function(a,b){var c=new E;do a.a(b)&&lb(c,b);while(b=b.parentNode);return c},!0);\nvar Gb=S(\"attribute\",function(a,b){var c=new E,d=a.f();if(\"style\"==d&&x&&b.style)return c.add(new Na(b.style,b,\"style\",b.style.cssText)),c;var e=b.attributes;if(e)if(a instanceof G&&null===a.b||\"*\"==d)for(a=0;d=e[a];a++)x?d.nodeValue&&c.add(Oa(b,d)):c.add(d);else(d=e.getNamedItem(d))&&(x?d.nodeValue&&c.add(Oa(b,d)):c.add(d));return c},!1),Nb=S(\"child\",function(a,b,c,d,e){return(x?hb:ib).call(null,a,b,aa(c)?c:null,aa(d)?d:null,e||new E)},!1,!0);S(\"descendant\",bb,!1,!0);\nvar Ob=S(\"descendant-or-self\",function(a,b,c,d){var e=new E;C(b,c,d)&&a.a(b)&&e.add(b);return bb(a,b,c,d,e)},!1,!0),Kb=S(\"following\",function(a,b,c,d){var e=new E;do for(var f=b;f=f.nextSibling;)C(f,c,d)&&a.a(f)&&e.add(f),e=bb(a,f,c,d,e);while(b=b.parentNode);return e},!1,!0);S(\"following-sibling\",function(a,b){for(var c=new E;b=b.nextSibling;)a.a(b)&&c.add(b);return c},!1);S(\"namespace\",function(){return new E},!1);\nvar Rb=S(\"parent\",function(a,b){var c=new E;if(9==b.nodeType)return c;if(2==b.nodeType)return c.add(b.ownerElement),c;b=b.parentNode;a.a(b)&&c.add(b);return c},!1),Lb=S(\"preceding\",function(a,b,c,d){var e=new E,f=[];do f.unshift(b);while(b=b.parentNode);for(var g=1,h=f.length;g<h;g++){var m=[];for(b=f[g];b=b.previousSibling;)m.unshift(b);for(var w=0,r=m.length;w<r;w++)b=m[w],C(b,c,d)&&a.a(b)&&e.add(b),e=bb(a,b,c,d,e)}return e},!0,!0);\nS(\"preceding-sibling\",function(a,b){for(var c=new E;b=b.previousSibling;)a.a(b)&&lb(c,b);return c},!0);var Sb=S(\"self\",function(a,b){var c=new E;a.a(b)&&c.add(b);return c},!1);function Tb(a){J.call(this,1);this.c=a;this.g=a.g;this.b=a.b}l(Tb,J);Tb.prototype.a=function(a){return-N(this.c,a)};Tb.prototype.toString=function(){return\"Unary Expression: -\"+K(this.c)};function Ub(a){J.call(this,4);this.c=a;pb(this,ma(this.c,function(b){return b.g}));qb(this,ma(this.c,function(b){return b.b}))}l(Ub,J);Ub.prototype.a=function(a){var b=new E;n(this.c,function(c){c=c.a(a);if(!(c instanceof E))throw Error(\"Path expression must evaluate to NodeSet.\");b=kb(b,c)});return b};Ub.prototype.toString=function(){return la(this.c,function(a,b){return a+K(b)},\"Union Expression:\")};function Vb(a,b){this.a=a;this.b=b}function Yb(a){for(var b,c=[];;){T(a,\"Missing right hand side of binary expression.\");b=Zb(a);var d=z(a.a);if(!d)break;var e=(d=wb[d]||null)&&d.D;if(!e){a.a.a--;break}for(;c.length&&e<=c[c.length-1].D;)b=new sb(c.pop(),c.pop(),b);c.push(b,d)}for(;c.length;)b=new sb(c.pop(),c.pop(),b);return b}function T(a,b){if(Ta(a.a))throw Error(b);}function $b(a,b){a=z(a.a);if(a!=b)throw Error(\"Bad token, expected: \"+b+\" got: \"+a);}\nfunction ac(a){a=z(a.a);if(\")\"!=a)throw Error(\"Bad token: \"+a);}function bc(a){a=z(a.a);if(2>a.length)throw Error(\"Unclosed literal string\");return new Db(a)}\nfunction cc(a){var b=[];if(Jb(y(a.a))){var c=z(a.a);var d=y(a.a);if(\"/\"==c&&(Ta(a.a)||\".\"!=d&&\"..\"!=d&&\"@\"!=d&&\"*\"!=d&&!/(?![0-9])[\\w]/.test(d)))return new Hb;d=new Hb;T(a,\"Missing next location step.\");c=dc(a,c);b.push(c)}else{a:{c=y(a.a);d=c.charAt(0);switch(d){case \"$\":throw Error(\"Variable reference not allowed in HTML XPath\");case \"(\":z(a.a);c=Yb(a);T(a,'unclosed \"(\"');$b(a,\")\");break;case '\"':case \"'\":c=bc(a);break;default:if(isNaN(+c))if(!Cb(c)&&/(?![0-9])[\\w]/.test(d)&&\"(\"==y(a.a,1)){c=z(a.a);\nc=Bb[c]||null;z(a.a);for(d=[];\")\"!=y(a.a);){T(a,\"Missing function argument list.\");d.push(Yb(a));if(\",\"!=y(a.a))break;z(a.a)}T(a,\"Unclosed function argument list.\");ac(a);c=new zb(c,d)}else{c=null;break a}else c=new Eb(+z(a.a))}\"[\"==y(a.a)&&(d=new Mb(ec(a)),c=new xb(c,d))}if(c)if(Jb(y(a.a)))d=c;else return c;else c=dc(a,\"/\"),d=new Ib,b.push(c)}for(;Jb(y(a.a));)c=z(a.a),T(a,\"Missing next location step.\"),c=dc(a,c),b.push(c);return new Fb(d,b)}\nfunction dc(a,b){if(\"/\"!=b&&\"//\"!=b)throw Error('Step op should be \"/\" or \"//\"');if(\".\"==y(a.a)){var c=new R(Sb,new G(\"node\"));z(a.a);return c}if(\"..\"==y(a.a))return c=new R(Rb,new G(\"node\")),z(a.a),c;if(\"@\"==y(a.a)){var d=Gb;z(a.a);T(a,\"Missing attribute name\")}else if(\"::\"==y(a.a,1)){if(!/(?![0-9])[\\w]/.test(y(a.a).charAt(0)))throw Error(\"Bad token: \"+z(a.a));var e=z(a.a);d=Qb[e]||null;if(!d)throw Error(\"No axis with name: \"+e);z(a.a);T(a,\"Missing node name\")}else d=Nb;e=y(a.a);if(/(?![0-9])[\\w\\*]/.test(e.charAt(0)))if(\"(\"==\ny(a.a,1)){if(!Cb(e))throw Error(\"Invalid node type: \"+e);e=z(a.a);if(!Cb(e))throw Error(\"Invalid type name: \"+e);$b(a,\"(\");T(a,\"Bad nodetype\");var f=y(a.a).charAt(0),g=null;if('\"'==f||\"'\"==f)g=bc(a);T(a,\"Bad nodetype\");ac(a);e=new G(e,g)}else if(e=z(a.a),f=e.indexOf(\":\"),-1==f)e=new F(e);else{g=e.substring(0,f);if(\"*\"==g)var h=\"*\";else if(h=a.b(g),!h)throw Error(\"Namespace prefix not declared: \"+g);e=e.substr(f+1);e=new F(e,h)}else throw Error(\"Bad token: \"+z(a.a));a=new Mb(ec(a),d.s);return c||new R(d,\ne,a,\"//\"==b)}function ec(a){for(var b=[];\"[\"==y(a.a);){z(a.a);T(a,\"Missing predicate expression.\");var c=Yb(a);b.push(c);T(a,\"Unclosed predicate expression.\");$b(a,\"]\")}return b}function Zb(a){if(\"-\"==y(a.a))return z(a.a),new Tb(Zb(a));var b=cc(a);if(\"|\"!=y(a.a))a=b;else{for(b=[b];\"|\"==z(a.a);)T(a,\"Missing next union location path.\"),b.push(cc(a));a.a.a--;a=new Ub(b)}return a};function fc(a){switch(a.nodeType){case 1:return ha(gc,a);case 9:return fc(a.documentElement);case 11:case 10:case 6:case 12:return hc;default:return a.parentNode?fc(a.parentNode):hc}}function hc(){return null}function gc(a,b){if(a.prefix==b)return a.namespaceURI||\"http://www.w3.org/1999/xhtml\";var c=a.getAttributeNode(\"xmlns:\"+b);return c&&c.specified?c.value||null:a.parentNode&&9!=a.parentNode.nodeType?gc(a.parentNode,b):null};function ic(a,b){if(!a.length)throw Error(\"Empty XPath expression.\");a=Qa(a);if(Ta(a))throw Error(\"Invalid XPath expression.\");b?\"function\"==ca(b)||(b=fa(b.lookupNamespaceURI,b)):b=function(){return null};var c=Yb(new Vb(a,b));if(!Ta(a))throw Error(\"Bad token: \"+z(a));this.evaluate=function(d,e){d=c.a(new ia(d));return new U(d,e)}}\nfunction U(a,b){if(0==b)if(a instanceof E)b=4;else if(\"string\"==typeof a)b=2;else if(\"number\"==typeof a)b=1;else if(\"boolean\"==typeof a)b=3;else throw Error(\"Unexpected evaluation result.\");if(2!=b&&1!=b&&3!=b&&!(a instanceof E))throw Error(\"value could not be converted to the specified type\");this.resultType=b;switch(b){case 2:this.stringValue=a instanceof E?nb(a):\"\"+a;break;case 1:this.numberValue=a instanceof E?+nb(a):+a;break;case 3:this.booleanValue=a instanceof E?0<a.l:!!a;break;case 4:case 5:case 6:case 7:var c=\nH(a);var d=[];for(var e=I(c);e;e=I(c))d.push(e instanceof Na?e.a:e);this.snapshotLength=a.l;this.invalidIteratorState=!1;break;case 8:case 9:a=mb(a);this.singleNodeValue=a instanceof Na?a.a:a;break;default:throw Error(\"Unknown XPathResult type.\");}var f=0;this.iterateNext=function(){if(4!=b&&5!=b)throw Error(\"iterateNext called with wrong result type\");return f>=d.length?null:d[f++]};this.snapshotItem=function(g){if(6!=b&&7!=b)throw Error(\"snapshotItem called with wrong result type\");return g>=d.length||\n0>g?null:d[g]}}U.ANY_TYPE=0;U.NUMBER_TYPE=1;U.STRING_TYPE=2;U.BOOLEAN_TYPE=3;U.UNORDERED_NODE_ITERATOR_TYPE=4;U.ORDERED_NODE_ITERATOR_TYPE=5;U.UNORDERED_NODE_SNAPSHOT_TYPE=6;U.ORDERED_NODE_SNAPSHOT_TYPE=7;U.ANY_UNORDERED_NODE_TYPE=8;U.FIRST_ORDERED_NODE_TYPE=9;function jc(a){this.lookupNamespaceURI=fc(a)}\nfunction kc(a,b){a=a||k;var c=a.Document&&a.Document.prototype||a.document;if(!c.evaluate||b)a.XPathResult=U,c.evaluate=function(d,e,f,g){return(new ic(d,f)).evaluate(e,g)},c.createExpression=function(d,e){return new ic(d,e)},c.createNSResolver=function(d){return new jc(d)}}ba(\"wgxpath.install\",kc);ba(\"wgxpath.install\",kc);var lc={aliceblue:\"#f0f8ff\",antiquewhite:\"#faebd7\",aqua:\"#00ffff\",aquamarine:\"#7fffd4\",azure:\"#f0ffff\",beige:\"#f5f5dc\",bisque:\"#ffe4c4\",black:\"#000000\",blanchedalmond:\"#ffebcd\",blue:\"#0000ff\",blueviolet:\"#8a2be2\",brown:\"#a52a2a\",burlywood:\"#deb887\",cadetblue:\"#5f9ea0\",chartreuse:\"#7fff00\",chocolate:\"#d2691e\",coral:\"#ff7f50\",cornflowerblue:\"#6495ed\",cornsilk:\"#fff8dc\",crimson:\"#dc143c\",cyan:\"#00ffff\",darkblue:\"#00008b\",darkcyan:\"#008b8b\",darkgoldenrod:\"#b8860b\",darkgray:\"#a9a9a9\",darkgreen:\"#006400\",\ndarkgrey:\"#a9a9a9\",darkkhaki:\"#bdb76b\",darkmagenta:\"#8b008b\",darkolivegreen:\"#556b2f\",darkorange:\"#ff8c00\",darkorchid:\"#9932cc\",darkred:\"#8b0000\",darksalmon:\"#e9967a\",darkseagreen:\"#8fbc8f\",darkslateblue:\"#483d8b\",darkslategray:\"#2f4f4f\",darkslategrey:\"#2f4f4f\",darkturquoise:\"#00ced1\",darkviolet:\"#9400d3\",deeppink:\"#ff1493\",deepskyblue:\"#00bfff\",dimgray:\"#696969\",dimgrey:\"#696969\",dodgerblue:\"#1e90ff\",firebrick:\"#b22222\",floralwhite:\"#fffaf0\",forestgreen:\"#228b22\",fuchsia:\"#ff00ff\",gainsboro:\"#dcdcdc\",\nghostwhite:\"#f8f8ff\",gold:\"#ffd700\",goldenrod:\"#daa520\",gray:\"#808080\",green:\"#008000\",greenyellow:\"#adff2f\",grey:\"#808080\",honeydew:\"#f0fff0\",hotpink:\"#ff69b4\",indianred:\"#cd5c5c\",indigo:\"#4b0082\",ivory:\"#fffff0\",khaki:\"#f0e68c\",lavender:\"#e6e6fa\",lavenderblush:\"#fff0f5\",lawngreen:\"#7cfc00\",lemonchiffon:\"#fffacd\",lightblue:\"#add8e6\",lightcoral:\"#f08080\",lightcyan:\"#e0ffff\",lightgoldenrodyellow:\"#fafad2\",lightgray:\"#d3d3d3\",lightgreen:\"#90ee90\",lightgrey:\"#d3d3d3\",lightpink:\"#ffb6c1\",lightsalmon:\"#ffa07a\",\nlightseagreen:\"#20b2aa\",lightskyblue:\"#87cefa\",lightslategray:\"#778899\",lightslategrey:\"#778899\",lightsteelblue:\"#b0c4de\",lightyellow:\"#ffffe0\",lime:\"#00ff00\",limegreen:\"#32cd32\",linen:\"#faf0e6\",magenta:\"#ff00ff\",maroon:\"#800000\",mediumaquamarine:\"#66cdaa\",mediumblue:\"#0000cd\",mediumorchid:\"#ba55d3\",mediumpurple:\"#9370db\",mediumseagreen:\"#3cb371\",mediumslateblue:\"#7b68ee\",mediumspringgreen:\"#00fa9a\",mediumturquoise:\"#48d1cc\",mediumvioletred:\"#c71585\",midnightblue:\"#191970\",mintcream:\"#f5fffa\",mistyrose:\"#ffe4e1\",\nmoccasin:\"#ffe4b5\",navajowhite:\"#ffdead\",navy:\"#000080\",oldlace:\"#fdf5e6\",olive:\"#808000\",olivedrab:\"#6b8e23\",orange:\"#ffa500\",orangered:\"#ff4500\",orchid:\"#da70d6\",palegoldenrod:\"#eee8aa\",palegreen:\"#98fb98\",paleturquoise:\"#afeeee\",palevioletred:\"#db7093\",papayawhip:\"#ffefd5\",peachpuff:\"#ffdab9\",peru:\"#cd853f\",pink:\"#ffc0cb\",plum:\"#dda0dd\",powderblue:\"#b0e0e6\",purple:\"#800080\",red:\"#ff0000\",rosybrown:\"#bc8f8f\",royalblue:\"#4169e1\",saddlebrown:\"#8b4513\",salmon:\"#fa8072\",sandybrown:\"#f4a460\",seagreen:\"#2e8b57\",\nseashell:\"#fff5ee\",sienna:\"#a0522d\",silver:\"#c0c0c0\",skyblue:\"#87ceeb\",slateblue:\"#6a5acd\",slategray:\"#708090\",slategrey:\"#708090\",snow:\"#fffafa\",springgreen:\"#00ff7f\",steelblue:\"#4682b4\",tan:\"#d2b48c\",teal:\"#008080\",thistle:\"#d8bfd8\",tomato:\"#ff6347\",turquoise:\"#40e0d0\",violet:\"#ee82ee\",wheat:\"#f5deb3\",white:\"#ffffff\",whitesmoke:\"#f5f5f5\",yellow:\"#ffff00\",yellowgreen:\"#9acd32\"};var mc=\"backgroundColor borderTopColor borderRightColor borderBottomColor borderLeftColor color outlineColor\".split(\" \"),nc=/#([0-9a-fA-F])([0-9a-fA-F])([0-9a-fA-F])/,oc=/^#(?:[0-9a-f]{3}){1,2}$/i,pc=/^(?:rgba)?\\((\\d{1,3}),\\s?(\\d{1,3}),\\s?(\\d{1,3}),\\s?(0|1|0\\.\\d*)\\)$/i,qc=/^(?:rgb)?\\((0|[1-9]\\d{0,2}),\\s?(0|[1-9]\\d{0,2}),\\s?(0|[1-9]\\d{0,2})\\)$/i;function rc(a,b){this.code=a;this.a=V[a]||sc;this.message=b||\"\";a=this.a.replace(/((?:^|\\s+)[a-z])/g,function(c){return c.toUpperCase().replace(/^[\\s\\xa0]+/g,\"\")});b=a.length-5;if(0>b||a.indexOf(\"Error\",b)!=b)a+=\"Error\";this.name=a;a=Error(this.message);a.name=this.name;this.stack=a.stack||\"\"}l(rc,Error);var sc=\"unknown error\",V={15:\"element not selectable\",11:\"element not visible\"};V[31]=sc;V[30]=sc;V[24]=\"invalid cookie domain\";V[29]=\"invalid element coordinates\";V[12]=\"invalid element state\";\nV[32]=\"invalid selector\";V[51]=\"invalid selector\";V[52]=\"invalid selector\";V[17]=\"javascript error\";V[405]=\"unsupported operation\";V[34]=\"move target out of bounds\";V[27]=\"no such alert\";V[7]=\"no such element\";V[8]=\"no such frame\";V[23]=\"no such window\";V[28]=\"script timeout\";V[33]=\"session not created\";V[10]=\"stale element reference\";V[21]=\"timeout\";V[25]=\"unable to set cookie\";V[26]=\"unexpected alert open\";V[13]=sc;V[9]=\"unknown command\";var tc=va(),uc=ya()||u(\"iPod\"),vc=u(\"iPad\"),wc=u(\"Android\")&&!(wa()||va()||u(\"Opera\")||u(\"Silk\")),xc=wa(),yc=u(\"Safari\")&&!(wa()||u(\"Coast\")||u(\"Opera\")||u(\"Edge\")||u(\"Edg/\")||u(\"OPR\")||va()||u(\"Silk\")||u(\"Android\"))&&!(ya()||u(\"iPad\")||u(\"iPod\"));function zc(a){return(a=a.exec(t))?a[1]:\"\"}(function(){if(tc)return zc(/Firefox\\/([0-9.]+)/);if(v||Ca||Ba)return Ga;if(xc)return ya()||u(\"iPad\")||u(\"iPod\")?zc(/CriOS\\/([0-9.]+)/):zc(/Chrome\\/([0-9.]+)/);if(yc&&!(ya()||u(\"iPad\")||u(\"iPod\")))return zc(/Version\\/([0-9.]+)/);if(uc||vc){var a=/Version\\/(\\S+).*Mobile\\/(\\S+)/.exec(t);if(a)return a[1]+\".\"+a[2]}else if(wc)return(a=zc(/Android\\s+([0-9.]+)/))?a:zc(/Version\\/([0-9.]+)/);return\"\"})();var Ac=v&&!(9<=Number(La));function W(a,b){b&&\"string\"!==typeof b&&(b=b.toString());return!!a&&1==a.nodeType&&(!b||a.tagName.toUpperCase()==b)};var Bc=function(){var a={K:\"http://www.w3.org/2000/svg\"};return function(b){return a[b]||null}}();\nfunction Cc(a,b){var c=A(a);if(!c.documentElement)return null;(v||wc)&&kc(c?c.parentWindow||c.defaultView:window);try{var d=c.createNSResolver?c.createNSResolver(c.documentElement):Bc;if(v&&!Ka(7))return c.evaluate.call(c,b,a,d,9,null);if(!v||9<=Number(La)){for(var e={},f=c.getElementsByTagName(\"*\"),g=0;g<f.length;++g){var h=f[g],m=h.namespaceURI;if(m&&!e[m]){var w=h.lookupPrefix(m);if(!w){var r=m.match(\".*/(\\\\w+)/?$\");w=r?r[1]:\"xhtml\"}e[m]=w}}var D={},L;for(L in e)D[e[L]]=L;d=function(M){return D[M]||\nnull}}try{return c.evaluate(b,a,d,9,null)}catch(M){if(\"TypeError\"===M.name)return d=c.createNSResolver?c.createNSResolver(c.documentElement):Bc,c.evaluate(b,a,d,9,null);throw M;}}catch(M){if(!Da||\"NS_ERROR_ILLEGAL_VALUE\"!=M.name)throw new rc(32,\"Unable to locate an element with the xpath expression \"+b+\" because of the following error:\\n\"+M);}}\nfunction Dc(a,b){var c=function(){var d=Cc(b,a);return d?d.singleNodeValue||null:b.selectSingleNode?(d=A(b),d.setProperty&&d.setProperty(\"SelectionLanguage\",\"XPath\"),b.selectSingleNode(a)):null}();if(null!==c&&(!c||1!=c.nodeType))throw new rc(32,'The result of the xpath expression \"'+a+'\" is: '+c+\". It should be an element.\");return c};function Ec(a,b,c,d){this.c=a;this.a=b;this.b=c;this.f=d}Ec.prototype.ceil=function(){this.c=Math.ceil(this.c);this.a=Math.ceil(this.a);this.b=Math.ceil(this.b);this.f=Math.ceil(this.f);return this};Ec.prototype.floor=function(){this.c=Math.floor(this.c);this.a=Math.floor(this.a);this.b=Math.floor(this.b);this.f=Math.floor(this.f);return this};Ec.prototype.round=function(){this.c=Math.round(this.c);this.a=Math.round(this.a);this.b=Math.round(this.b);this.f=Math.round(this.f);return this};function X(a,b,c,d){this.a=a;this.b=b;this.width=c;this.height=d}X.prototype.ceil=function(){this.a=Math.ceil(this.a);this.b=Math.ceil(this.b);this.width=Math.ceil(this.width);this.height=Math.ceil(this.height);return this};X.prototype.floor=function(){this.a=Math.floor(this.a);this.b=Math.floor(this.b);this.width=Math.floor(this.width);this.height=Math.floor(this.height);return this};\nX.prototype.round=function(){this.a=Math.round(this.a);this.b=Math.round(this.b);this.width=Math.round(this.width);this.height=Math.round(this.height);return this};var Fc=\"function\"===typeof ShadowRoot;function Gc(a){for(a=a.parentNode;a&&1!=a.nodeType&&9!=a.nodeType&&11!=a.nodeType;)a=a.parentNode;return W(a)?a:null}\nfunction Y(a,b){b=xa(b);if(\"float\"==b||\"cssFloat\"==b||\"styleFloat\"==b)b=Ac?\"styleFloat\":\"cssFloat\";a:{var c=b;var d=A(a);if(d.defaultView&&d.defaultView.getComputedStyle&&(d=d.defaultView.getComputedStyle(a,null))){c=d[c]||d.getPropertyValue(c)||\"\";break a}c=\"\"}a=c||Hc(a,b);if(null===a)a=null;else if(0<=ja(mc,b)){b:{var e=a.match(pc);if(e&&(b=Number(e[1]),c=Number(e[2]),d=Number(e[3]),e=Number(e[4]),0<=b&&255>=b&&0<=c&&255>=c&&0<=d&&255>=d&&0<=e&&1>=e)){b=[b,c,d,e];break b}b=null}if(!b)b:{if(d=a.match(qc))if(b=\nNumber(d[1]),c=Number(d[2]),d=Number(d[3]),0<=b&&255>=b&&0<=c&&255>=c&&0<=d&&255>=d){b=[b,c,d,1];break b}b=null}if(!b)b:{b=a.toLowerCase();c=lc[b.toLowerCase()];if(!c&&(c=\"#\"==b.charAt(0)?b:\"#\"+b,4==c.length&&(c=c.replace(nc,\"#$1$1$2$2$3$3\")),!oc.test(c))){b=null;break b}b=[parseInt(c.substr(1,2),16),parseInt(c.substr(3,2),16),parseInt(c.substr(5,2),16),1]}a=b?\"rgba(\"+b.join(\", \")+\")\":a}return a}\nfunction Hc(a,b){var c=a.currentStyle||a.style,d=c[b];void 0===d&&\"function\"==ca(c.getPropertyValue)&&(d=c.getPropertyValue(b));return\"inherit\"!=d?void 0!==d?d:null:(a=Gc(a))?Hc(a,b):null}\nfunction Ic(a,b,c){function d(g){var h=Jc(g);return 0<h.height&&0<h.width?!0:W(g,\"PATH\")&&(0<h.height||0<h.width)?(g=Y(g,\"stroke-width\"),!!g&&0<parseInt(g,10)):\"hidden\"!=Y(g,\"overflow\")&&ma(g.childNodes,function(m){return 3==m.nodeType||W(m)&&d(m)})}function e(g){return Kc(g)==Z&&na(g.childNodes,function(h){return!W(h)||e(h)||!d(h)})}if(!W(a))throw Error(\"Argument to isShown must be of type Element\");if(W(a,\"BODY\"))return!0;if(W(a,\"OPTION\")||W(a,\"OPTGROUP\"))return a=$a(a,function(g){return W(g,\"SELECT\")}),\n!!a&&Ic(a,!0,c);var f=Lc(a);if(f)return!!f.image&&0<f.rect.width&&0<f.rect.height&&Ic(f.image,b,c);if(W(a,\"INPUT\")&&\"hidden\"==a.type.toLowerCase()||W(a,\"NOSCRIPT\"))return!1;f=Y(a,\"visibility\");return\"collapse\"!=f&&\"hidden\"!=f&&c(a)&&(b||0!=Mc(a))&&d(a)?!e(a):!1}var Z=\"hidden\";\nfunction Kc(a){function b(p){function q(fb){if(fb==g)return!0;var Wb=Y(fb,\"display\");return 0==Wb.lastIndexOf(\"inline\",0)||\"contents\"==Wb||\"absolute\"==Xb&&\"static\"==Y(fb,\"position\")?!1:!0}var Xb=Y(p,\"position\");if(\"fixed\"==Xb)return w=!0,p==g?null:g;for(p=Gc(p);p&&!q(p);)p=Gc(p);return p}function c(p){var q=p;if(\"visible\"==m)if(p==g&&h)q=h;else if(p==h)return{x:\"visible\",y:\"visible\"};q={x:Y(q,\"overflow-x\"),y:Y(q,\"overflow-y\")};p==g&&(q.x=\"visible\"==q.x?\"auto\":q.x,q.y=\"visible\"==q.y?\"auto\":q.y);return q}\nfunction d(p){if(p==g){var q=(new ab(f)).a;p=q.scrollingElement?q.scrollingElement:Ea||\"CSS1Compat\"!=q.compatMode?q.body||q.documentElement:q.documentElement;q=q.parentWindow||q.defaultView;p=v&&Ka(\"10\")&&q.pageYOffset!=p.scrollTop?new Ua(p.scrollLeft,p.scrollTop):new Ua(q.pageXOffset||p.scrollLeft,q.pageYOffset||p.scrollTop)}else p=new Ua(p.scrollLeft,p.scrollTop);return p}var e=Nc(a),f=A(a),g=f.documentElement,h=f.body,m=Y(g,\"overflow\"),w;for(a=b(a);a;a=b(a)){var r=c(a);if(\"visible\"!=r.x||\"visible\"!=\nr.y){var D=Jc(a);if(0==D.width||0==D.height)return Z;var L=e.a<D.a,M=e.b<D.b;if(L&&\"hidden\"==r.x||M&&\"hidden\"==r.y)return Z;if(L&&\"visible\"!=r.x||M&&\"visible\"!=r.y){L=d(a);M=e.b<D.b-L.y;if(e.a<D.a-L.x&&\"visible\"!=r.x||M&&\"visible\"!=r.x)return Z;e=Kc(a);return e==Z?Z:\"scroll\"}L=e.f>=D.a+D.width;D=e.c>=D.b+D.height;if(L&&\"hidden\"==r.x||D&&\"hidden\"==r.y)return Z;if(L&&\"visible\"!=r.x||D&&\"visible\"!=r.y){if(w&&(r=d(a),e.f>=g.scrollWidth-r.x||e.a>=g.scrollHeight-r.y))return Z;e=Kc(a);return e==Z?Z:\"scroll\"}}}return\"none\"}\nfunction Jc(a){var b=Lc(a);if(b)return b.rect;if(W(a,\"HTML\"))return a=A(a),a=((a?a.parentWindow||a.defaultView:window)||window).document,a=\"CSS1Compat\"==a.compatMode?a.documentElement:a.body,a=new Va(a.clientWidth,a.clientHeight),new X(0,0,a.width,a.height);try{var c=a.getBoundingClientRect()}catch(d){return new X(0,0,0,0)}b=new X(c.left,c.top,c.right-c.left,c.bottom-c.top);v&&a.ownerDocument.body&&(a=A(a),b.a-=a.documentElement.clientLeft+a.body.clientLeft,b.b-=a.documentElement.clientTop+a.body.clientTop);\nreturn b}function Lc(a){var b=W(a,\"MAP\");if(!b&&!W(a,\"AREA\"))return null;var c=b?a:W(a.parentNode,\"MAP\")?a.parentNode:null,d=null,e=null;c&&c.name&&(d=Dc('/descendant::*[@usemap = \"#'+c.name+'\"]',A(c)))&&(e=Jc(d),b||\"default\"==a.shape.toLowerCase()||(a=Oc(a),b=Math.min(Math.max(a.a,0),e.width),c=Math.min(Math.max(a.b,0),e.height),e=new X(b+e.a,c+e.b,Math.min(a.width,e.width-b),Math.min(a.height,e.height-c))));return{image:d,rect:e||new X(0,0,0,0)}}\nfunction Oc(a){var b=a.shape.toLowerCase();a=a.coords.split(\",\");if(\"rect\"==b&&4==a.length){b=a[0];var c=a[1];return new X(b,c,a[2]-b,a[3]-c)}if(\"circle\"==b&&3==a.length)return b=a[2],new X(a[0]-b,a[1]-b,2*b,2*b);if(\"poly\"==b&&2<a.length){b=a[0];c=a[1];for(var d=b,e=c,f=2;f+1<a.length;f+=2)b=Math.min(b,a[f]),d=Math.max(d,a[f]),c=Math.min(c,a[f+1]),e=Math.max(e,a[f+1]);return new X(b,c,d-b,e-c)}return new X(0,0,0,0)}function Nc(a){a=Jc(a);return new Ec(a.b,a.a+a.width,a.b+a.height,a.a)}\nfunction Mc(a){if(Ac){if(\"relative\"==Y(a,\"position\"))return 1;a=Y(a,\"filter\");return(a=a.match(/^alpha\\(opacity=(\\d*)\\)/)||a.match(/^progid:DXImageTransform.Microsoft.Alpha\\(Opacity=(\\d*)\\)/))?Number(a[1])/100:1}return Pc(a)}function Pc(a){var b=1,c=Y(a,\"opacity\");c&&(b=Number(c));(a=Gc(a))&&(b*=Pc(a));return b};ba(\"_\",function(a,b){function c(d){if(W(d)&&\"none\"==Y(d,\"display\"))return!1;var e;if((e=d.parentNode)&&e.shadowRoot&&void 0!==d.assignedSlot)e=d.assignedSlot?d.assignedSlot.parentNode:null;else if(d.getDestinationInsertionPoints){var f=d.getDestinationInsertionPoints();0<f.length&&(e=f[f.length-1])}if(Fc&&e instanceof ShadowRoot){if(e.host.shadowRoot!==e)return!1;e=e.host}return!e||9!=e.nodeType&&11!=e.nodeType?e&&W(e,\"DETAILS\")&&!e.open&&!W(d,\"SUMMARY\")?!1:!!e&&c(e):!0}return Ic(a,!!b,c)});; return this._.apply(null,arguments);}).apply({navigator:typeof window!='undefined'?window.navigator:null,document:typeof window!='undefined'?window.document:null}, arguments);}\n).apply(null, arguments);", "args": [{"element-6066-11e4-a52e-4f735466cecf": "f.0188C052A461367D6D7471FED799024B.d.97DC2A952723C99F512DD17C318286F6.e.46"}]}
DEBUG    urllib3.connectionpool:connectionpool.py:544 http://selenium-hub:4444 "POST /wd/hub/session/cf4952d15d838f19f95718295e201dd4/execute/sync HTTP/1.1" 200 0
DEBUG    selenium.webdriver.remote.remote_connection:remote_connection.py:329 Remote response: status=200 | data={"value":true} | headers=HTTPHeaderDict({'content-length': '14', 'content-type': 'application/json; charset=utf-8', 'cache-control': 'no-cache'})
DEBUG    selenium.webdriver.remote.remote_connection:remote_connection.py:356 Finished Request
DEBUG    selenium.webdriver.remote.remote_connection:remote_connection.py:313 POST http://selenium-hub:4444/wd/hub/session/cf4952d15d838f19f95718295e201dd4/element/f.0188C052A461367D6D7471FED799024B.d.97DC2A952723C99F512DD17C318286F6.e.46/clear {}
DEBUG    urllib3.connectionpool:connectionpool.py:544 http://selenium-hub:4444 "POST /wd/hub/session/cf4952d15d838f19f95718295e201dd4/element/f.0188C052A461367D6D7471FED799024B.d.97DC2A952723C99F512DD17C318286F6.e.46/clear HTTP/1.1" 200 0
DEBUG    selenium.webdriver.remote.remote_connection:remote_connection.py:329 Remote response: status=200 | data={"value":null} | headers=HTTPHeaderDict({'content-length': '14', 'content-type': 'application/json; charset=utf-8', 'cache-control': 'no-cache'})
DEBUG    selenium.webdriver.remote.remote_connection:remote_connection.py:356 Finished Request
DEBUG    selenium.webdriver.remote.remote_connection:remote_connection.py:313 POST http://selenium-hub:4444/wd/hub/session/cf4952d15d838f19f95718295e201dd4/element/f.0188C052A461367D6D7471FED799024B.d.97DC2A952723C99F512DD17C318286F6.e.46/value {"text": "awantikakagdelwar@gmail.com", "value": ["a", "w", "a", "n", "t", "i", "k", "a", "k", "a", "g", "d", "e", "l", "w", "a", "r", "@", "g", "m", "a", "i", "l", ".", "c", "o", "m"]}
DEBUG    urllib3.connectionpool:connectionpool.py:544 http://selenium-hub:4444 "POST /wd/hub/session/cf4952d15d838f19f95718295e201dd4/element/f.0188C052A461367D6D7471FED799024B.d.97DC2A952723C99F512DD17C318286F6.e.46/value HTTP/1.1" 200 0
DEBUG    selenium.webdriver.remote.remote_connection:remote_connection.py:329 Remote response: status=200 | data={"value":null} | headers=HTTPHeaderDict({'content-length': '14', 'content-type': 'application/json; charset=utf-8', 'cache-control': 'no-cache'})
DEBUG    selenium.webdriver.remote.remote_connection:remote_connection.py:356 Finished Request
DEBUG    selenium.webdriver.remote.remote_connection:remote_connection.py:313 POST http://selenium-hub:4444/wd/hub/session/cf4952d15d838f19f95718295e201dd4/element {"using": "css selector", "value": "[data-testid='login-password']"}
DEBUG    urllib3.connectionpool:connectionpool.py:544 http://selenium-hub:4444 "POST /wd/hub/session/cf4952d15d838f19f95718295e201dd4/element HTTP/1.1" 200 0
DEBUG    selenium.webdriver.remote.remote_connection:remote_connection.py:329 Remote response: status=200 | data={"value":{"element-6066-11e4-a52e-4f735466cecf":"f.0188C052A461367D6D7471FED799024B.d.97DC2A952723C99F512DD17C318286F6.e.47"}} | headers=HTTPHeaderDict({'content-length': '126', 'content-type': 'application/json; charset=utf-8', 'cache-control': 'no-cache'})
DEBUG    selenium.webdriver.remote.remote_connection:remote_connection.py:356 Finished Request
DEBUG    selenium.webdriver.remote.remote_connection:remote_connection.py:313 POST http://selenium-hub:4444/wd/hub/session/cf4952d15d838f19f95718295e201dd4/execute/sync {"script": "/* isDisplayed */return (function(){return (function(){var k=this||self;function aa(a){return\"string\"==typeof a}function ba(a,b){a=a.split(\".\");var c=k;a[0]in c||\"undefined\"==typeof c.execScript||c.execScript(\"var \"+a[0]);for(var d;a.length&&(d=a.shift());)a.length||void 0===b?c[d]&&c[d]!==Object.prototype[d]?c=c[d]:c=c[d]={}:c[d]=b}\nfunction ca(a){var b=typeof a;if(\"object\"==b)if(a){if(a instanceof Array)return\"array\";if(a instanceof Object)return b;var c=Object.prototype.toString.call(a);if(\"[object Window]\"==c)return\"object\";if(\"[object Array]\"==c||\"number\"==typeof a.length&&\"undefined\"!=typeof a.splice&&\"undefined\"!=typeof a.propertyIsEnumerable&&!a.propertyIsEnumerable(\"splice\"))return\"array\";if(\"[object Function]\"==c||\"undefined\"!=typeof a.call&&\"undefined\"!=typeof a.propertyIsEnumerable&&!a.propertyIsEnumerable(\"call\"))return\"function\"}else return\"null\";\nelse if(\"function\"==b&&\"undefined\"==typeof a.call)return\"object\";return b}function da(a,b,c){return a.call.apply(a.bind,arguments)}function ea(a,b,c){if(!a)throw Error();if(2<arguments.length){var d=Array.prototype.slice.call(arguments,2);return function(){var e=Array.prototype.slice.call(arguments);Array.prototype.unshift.apply(e,d);return a.apply(b,e)}}return function(){return a.apply(b,arguments)}}\nfunction fa(a,b,c){Function.prototype.bind&&-1!=Function.prototype.bind.toString().indexOf(\"native code\")?fa=da:fa=ea;return fa.apply(null,arguments)}function ha(a,b){var c=Array.prototype.slice.call(arguments,1);return function(){var d=c.slice();d.push.apply(d,arguments);return a.apply(this,d)}}function l(a,b){function c(){}c.prototype=b.prototype;a.prototype=new c;a.prototype.constructor=a};/*\n\n The MIT License\n\n Copyright (c) 2007 Cybozu Labs, Inc.\n Copyright (c) 2012 Google Inc.\n\n Permission is hereby granted, free of charge, to any person obtaining a copy\n of this software and associated documentation files (the \"Software\"), to\n deal in the Software without restriction, including without limitation the\n rights to use, copy, modify, merge, publish, distribute, sublicense, and/or\n sell copies of the Software, and to permit persons to whom the Software is\n furnished to do so, subject to the following conditions:\n\n The above copyright notice and this permission notice shall be included in\n all copies or substantial portions of the Software.\n\n THE SOFTWARE IS PROVIDED \"AS IS\", WITHOUT WARRANTY OF ANY KIND, EXPRESS OR\n IMPLIED, INCLUDING BUT NOT LIMITED TO THE WARRANTIES OF MERCHANTABILITY,\n FITNESS FOR A PARTICULAR PURPOSE AND NONINFRINGEMENT. IN NO EVENT SHALL THE\n AUTHORS OR COPYRIGHT HOLDERS BE LIABLE FOR ANY CLAIM, DAMAGES OR OTHER\n LIABILITY, WHETHER IN AN ACTION OF CONTRACT, TORT OR OTHERWISE, ARISING\n FROM, OUT OF OR IN CONNECTION WITH THE SOFTWARE OR THE USE OR OTHER DEALINGS\n IN THE SOFTWARE.\n*/\nfunction ia(a,b,c){this.a=a;this.b=b||1;this.f=c||1};var ja=Array.prototype.indexOf?function(a,b){return Array.prototype.indexOf.call(a,b,void 0)}:function(a,b){if(\"string\"===typeof a)return\"string\"!==typeof b||1!=b.length?-1:a.indexOf(b,0);for(var c=0;c<a.length;c++)if(c in a&&a[c]===b)return c;return-1},n=Array.prototype.forEach?function(a,b){Array.prototype.forEach.call(a,b,void 0)}:function(a,b){for(var c=a.length,d=\"string\"===typeof a?a.split(\"\"):a,e=0;e<c;e++)e in d&&b.call(void 0,d[e],e,a)},ka=Array.prototype.filter?function(a,b){return Array.prototype.filter.call(a,\nb,void 0)}:function(a,b){for(var c=a.length,d=[],e=0,f=\"string\"===typeof a?a.split(\"\"):a,g=0;g<c;g++)if(g in f){var h=f[g];b.call(void 0,h,g,a)&&(d[e++]=h)}return d},la=Array.prototype.reduce?function(a,b,c){return Array.prototype.reduce.call(a,b,c)}:function(a,b,c){var d=c;n(a,function(e,f){d=b.call(void 0,d,e,f,a)});return d},ma=Array.prototype.some?function(a,b){return Array.prototype.some.call(a,b,void 0)}:function(a,b){for(var c=a.length,d=\"string\"===typeof a?a.split(\"\"):a,e=0;e<c;e++)if(e in\nd&&b.call(void 0,d[e],e,a))return!0;return!1},na=Array.prototype.every?function(a,b){return Array.prototype.every.call(a,b,void 0)}:function(a,b){for(var c=a.length,d=\"string\"===typeof a?a.split(\"\"):a,e=0;e<c;e++)if(e in d&&!b.call(void 0,d[e],e,a))return!1;return!0};function oa(a,b){a:{for(var c=a.length,d=\"string\"===typeof a?a.split(\"\"):a,e=0;e<c;e++)if(e in d&&b.call(void 0,d[e],e,a)){b=e;break a}b=-1}return 0>b?null:\"string\"===typeof a?a.charAt(b):a[b]}\nfunction pa(a){return Array.prototype.concat.apply([],arguments)}function qa(a,b,c){return 2>=arguments.length?Array.prototype.slice.call(a,b):Array.prototype.slice.call(a,b,c)};var ra=String.prototype.trim?function(a){return a.trim()}:function(a){return/^[\\s\\xa0]*([\\s\\S]*?)[\\s\\xa0]*$/.exec(a)[1]};function sa(a,b){return a<b?-1:a>b?1:0};var t;a:{var ta=k.navigator;if(ta){var ua=ta.userAgent;if(ua){t=ua;break a}}t=\"\"}function u(a){return-1!=t.indexOf(a)};function va(){return u(\"Firefox\")||u(\"FxiOS\")}function wa(){return(u(\"Chrome\")||u(\"CriOS\"))&&!u(\"Edge\")};function xa(a){return String(a).replace(/\\-([a-z])/g,function(b,c){return c.toUpperCase()})};function ya(){return u(\"iPhone\")&&!u(\"iPod\")&&!u(\"iPad\")};function za(a,b){var c=Aa;return Object.prototype.hasOwnProperty.call(c,a)?c[a]:c[a]=b(a)};var Ba=u(\"Opera\"),v=u(\"Trident\")||u(\"MSIE\"),Ca=u(\"Edge\"),Da=u(\"Gecko\")&&!(-1!=t.toLowerCase().indexOf(\"webkit\")&&!u(\"Edge\"))&&!(u(\"Trident\")||u(\"MSIE\"))&&!u(\"Edge\"),Ea=-1!=t.toLowerCase().indexOf(\"webkit\")&&!u(\"Edge\");function Fa(){var a=k.document;return a?a.documentMode:void 0}var Ga;\na:{var Ha=\"\",Ia=function(){var a=t;if(Da)return/rv:([^\\);]+)(\\)|;)/.exec(a);if(Ca)return/Edge\\/([\\d\\.]+)/.exec(a);if(v)return/\\b(?:MSIE|rv)[: ]([^\\);]+)(\\)|;)/.exec(a);if(Ea)return/WebKit\\/(\\S+)/.exec(a);if(Ba)return/(?:Version)[ \\/]?(\\S+)/.exec(a)}();Ia&&(Ha=Ia?Ia[1]:\"\");if(v){var Ja=Fa();if(null!=Ja&&Ja>parseFloat(Ha)){Ga=String(Ja);break a}}Ga=Ha}var Aa={};\nfunction Ka(a){return za(a,function(){for(var b=0,c=ra(String(Ga)).split(\".\"),d=ra(String(a)).split(\".\"),e=Math.max(c.length,d.length),f=0;0==b&&f<e;f++){var g=c[f]||\"\",h=d[f]||\"\";do{g=/(\\d*)(\\D*)(.*)/.exec(g)||[\"\",\"\",\"\",\"\"];h=/(\\d*)(\\D*)(.*)/.exec(h)||[\"\",\"\",\"\",\"\"];if(0==g[0].length&&0==h[0].length)break;b=sa(0==g[1].length?0:parseInt(g[1],10),0==h[1].length?0:parseInt(h[1],10))||sa(0==g[2].length,0==h[2].length)||sa(g[2],h[2]);g=g[3];h=h[3]}while(0==b)}return 0<=b})}var La;\nLa=k.document&&v?Fa():void 0;var x=v&&!(9<=Number(La)),Ma=v&&!(8<=Number(La));function Na(a,b,c,d){this.a=a;this.nodeName=c;this.nodeValue=d;this.nodeType=2;this.parentNode=this.ownerElement=b}function Oa(a,b){var c=Ma&&\"href\"==b.nodeName?a.getAttribute(b.nodeName,2):b.nodeValue;return new Na(b,a,b.nodeName,c)};function Pa(a){this.b=a;this.a=0}function Qa(a){a=a.match(Ra);for(var b=0;b<a.length;b++)Sa.test(a[b])&&a.splice(b,1);return new Pa(a)}var Ra=/\\$?(?:(?![0-9-\\.])(?:\\*|[\\w-\\.]+):)?(?![0-9-\\.])(?:\\*|[\\w-\\.]+)|\\/\\/|\\.\\.|::|\\d+(?:\\.\\d*)?|\\.\\d+|\"[^\"]*\"|'[^']*'|[!<>]=|\\s+|./g,Sa=/^\\s/;function y(a,b){return a.b[a.a+(b||0)]}function z(a){return a.b[a.a++]}function Ta(a){return a.b.length<=a.a};function Ua(a,b){this.x=void 0!==a?a:0;this.y=void 0!==b?b:0}Ua.prototype.ceil=function(){this.x=Math.ceil(this.x);this.y=Math.ceil(this.y);return this};Ua.prototype.floor=function(){this.x=Math.floor(this.x);this.y=Math.floor(this.y);return this};Ua.prototype.round=function(){this.x=Math.round(this.x);this.y=Math.round(this.y);return this};function Va(a,b){this.width=a;this.height=b}Va.prototype.aspectRatio=function(){return this.width/this.height};Va.prototype.ceil=function(){this.width=Math.ceil(this.width);this.height=Math.ceil(this.height);return this};Va.prototype.floor=function(){this.width=Math.floor(this.width);this.height=Math.floor(this.height);return this};Va.prototype.round=function(){this.width=Math.round(this.width);this.height=Math.round(this.height);return this};function Wa(a,b){if(!a||!b)return!1;if(a.contains&&1==b.nodeType)return a==b||a.contains(b);if(\"undefined\"!=typeof a.compareDocumentPosition)return a==b||!!(a.compareDocumentPosition(b)&16);for(;b&&a!=b;)b=b.parentNode;return b==a}\nfunction Xa(a,b){if(a==b)return 0;if(a.compareDocumentPosition)return a.compareDocumentPosition(b)&2?1:-1;if(v&&!(9<=Number(La))){if(9==a.nodeType)return-1;if(9==b.nodeType)return 1}if(\"sourceIndex\"in a||a.parentNode&&\"sourceIndex\"in a.parentNode){var c=1==a.nodeType,d=1==b.nodeType;if(c&&d)return a.sourceIndex-b.sourceIndex;var e=a.parentNode,f=b.parentNode;return e==f?Ya(a,b):!c&&Wa(e,b)?-1*Za(a,b):!d&&Wa(f,a)?Za(b,a):(c?a.sourceIndex:e.sourceIndex)-(d?b.sourceIndex:f.sourceIndex)}d=A(a);c=d.createRange();\nc.selectNode(a);c.collapse(!0);a=d.createRange();a.selectNode(b);a.collapse(!0);return c.compareBoundaryPoints(k.Range.START_TO_END,a)}function Za(a,b){var c=a.parentNode;if(c==b)return-1;for(;b.parentNode!=c;)b=b.parentNode;return Ya(b,a)}function Ya(a,b){for(;b=b.previousSibling;)if(b==a)return-1;return 1}function A(a){return 9==a.nodeType?a:a.ownerDocument||a.document}function $a(a,b){a&&(a=a.parentNode);for(var c=0;a;){if(b(a))return a;a=a.parentNode;c++}return null}\nfunction ab(a){this.a=a||k.document||document}ab.prototype.getElementsByTagName=function(a,b){return(b||this.a).getElementsByTagName(String(a))};function B(a){var b=null,c=a.nodeType;1==c&&(b=a.textContent,b=void 0==b||null==b?a.innerText:b,b=void 0==b||null==b?\"\":b);if(\"string\"!=typeof b)if(x&&\"title\"==a.nodeName.toLowerCase()&&1==c)b=a.text;else if(9==c||1==c){a=9==c?a.documentElement:a.firstChild;c=0;var d=[];for(b=\"\";a;){do 1!=a.nodeType&&(b+=a.nodeValue),x&&\"title\"==a.nodeName.toLowerCase()&&(b+=a.text),d[c++]=a;while(a=a.firstChild);for(;c&&!(a=d[--c].nextSibling););}}else b=a.nodeValue;return b}\nfunction C(a,b,c){if(null===b)return!0;try{if(!a.getAttribute)return!1}catch(d){return!1}Ma&&\"class\"==b&&(b=\"className\");return null==c?!!a.getAttribute(b):a.getAttribute(b,2)==c}function bb(a,b,c,d,e){return(x?cb:db).call(null,a,b,aa(c)?c:null,aa(d)?d:null,e||new E)}\nfunction cb(a,b,c,d,e){if(a instanceof F||8==a.b||c&&null===a.b){var f=b.all;if(!f)return e;a=eb(a);if(\"*\"!=a&&(f=b.getElementsByTagName(a),!f))return e;if(c){for(var g=[],h=0;b=f[h++];)C(b,c,d)&&g.push(b);f=g}for(h=0;b=f[h++];)\"*\"==a&&\"!\"==b.tagName||e.add(b);return e}gb(a,b,c,d,e);return e}\nfunction db(a,b,c,d,e){b.getElementsByName&&d&&\"name\"==c&&!v?(b=b.getElementsByName(d),n(b,function(f){a.a(f)&&e.add(f)})):b.getElementsByClassName&&d&&\"class\"==c?(b=b.getElementsByClassName(d),n(b,function(f){f.className==d&&a.a(f)&&e.add(f)})):a instanceof G?gb(a,b,c,d,e):b.getElementsByTagName&&(b=b.getElementsByTagName(a.f()),n(b,function(f){C(f,c,d)&&e.add(f)}));return e}\nfunction hb(a,b,c,d,e){var f;if((a instanceof F||8==a.b||c&&null===a.b)&&(f=b.childNodes)){var g=eb(a);if(\"*\"!=g&&(f=ka(f,function(h){return h.tagName&&h.tagName.toLowerCase()==g}),!f))return e;c&&(f=ka(f,function(h){return C(h,c,d)}));n(f,function(h){\"*\"==g&&(\"!\"==h.tagName||\"*\"==g&&1!=h.nodeType)||e.add(h)});return e}return ib(a,b,c,d,e)}function ib(a,b,c,d,e){for(b=b.firstChild;b;b=b.nextSibling)C(b,c,d)&&a.a(b)&&e.add(b);return e}\nfunction gb(a,b,c,d,e){for(b=b.firstChild;b;b=b.nextSibling)C(b,c,d)&&a.a(b)&&e.add(b),gb(a,b,c,d,e)}function eb(a){if(a instanceof G){if(8==a.b)return\"!\";if(null===a.b)return\"*\"}return a.f()};function E(){this.b=this.a=null;this.l=0}function jb(a){this.f=a;this.a=this.b=null}function kb(a,b){if(!a.a)return b;if(!b.a)return a;var c=a.a;b=b.a;for(var d=null,e,f=0;c&&b;){e=c.f;var g=b.f;e==g||e instanceof Na&&g instanceof Na&&e.a==g.a?(e=c,c=c.a,b=b.a):0<Xa(c.f,b.f)?(e=b,b=b.a):(e=c,c=c.a);(e.b=d)?d.a=e:a.a=e;d=e;f++}for(e=c||b;e;)e.b=d,d=d.a=e,f++,e=e.a;a.b=d;a.l=f;return a}function lb(a,b){b=new jb(b);b.a=a.a;a.b?a.a.b=b:a.a=a.b=b;a.a=b;a.l++}\nE.prototype.add=function(a){a=new jb(a);a.b=this.b;this.a?this.b.a=a:this.a=this.b=a;this.b=a;this.l++};function mb(a){return(a=a.a)?a.f:null}function nb(a){return(a=mb(a))?B(a):\"\"}function H(a,b){return new ob(a,!!b)}function ob(a,b){this.f=a;this.b=(this.s=b)?a.b:a.a;this.a=null}function I(a){var b=a.b;if(null==b)return null;var c=a.a=b;a.b=a.s?b.b:b.a;return c.f};function J(a){this.i=a;this.b=this.g=!1;this.f=null}function K(a){return\"\\n  \"+a.toString().split(\"\\n\").join(\"\\n  \")}function pb(a,b){a.g=b}function qb(a,b){a.b=b}function N(a,b){a=a.a(b);return a instanceof E?+nb(a):+a}function O(a,b){a=a.a(b);return a instanceof E?nb(a):\"\"+a}function rb(a,b){a=a.a(b);return a instanceof E?!!a.l:!!a};function sb(a,b,c){J.call(this,a.i);this.c=a;this.h=b;this.o=c;this.g=b.g||c.g;this.b=b.b||c.b;this.c==tb&&(c.b||c.g||4==c.i||0==c.i||!b.f?b.b||b.g||4==b.i||0==b.i||!c.f||(this.f={name:c.f.name,u:b}):this.f={name:b.f.name,u:c})}l(sb,J);\nfunction ub(a,b,c,d,e){b=b.a(d);c=c.a(d);var f;if(b instanceof E&&c instanceof E){b=H(b);for(d=I(b);d;d=I(b))for(e=H(c),f=I(e);f;f=I(e))if(a(B(d),B(f)))return!0;return!1}if(b instanceof E||c instanceof E){b instanceof E?(e=b,d=c):(e=c,d=b);f=H(e);for(var g=typeof d,h=I(f);h;h=I(f)){switch(g){case \"number\":h=+B(h);break;case \"boolean\":h=!!B(h);break;case \"string\":h=B(h);break;default:throw Error(\"Illegal primitive type for comparison.\");}if(e==b&&a(h,d)||e==c&&a(d,h))return!0}return!1}return e?\"boolean\"==\ntypeof b||\"boolean\"==typeof c?a(!!b,!!c):\"number\"==typeof b||\"number\"==typeof c?a(+b,+c):a(b,c):a(+b,+c)}sb.prototype.a=function(a){return this.c.m(this.h,this.o,a)};sb.prototype.toString=function(){var a=\"Binary Expression: \"+this.c;a+=K(this.h);return a+=K(this.o)};function vb(a,b,c,d){this.I=a;this.D=b;this.i=c;this.m=d}vb.prototype.toString=function(){return this.I};var wb={};\nfunction P(a,b,c,d){if(wb.hasOwnProperty(a))throw Error(\"Binary operator already created: \"+a);a=new vb(a,b,c,d);return wb[a.toString()]=a}P(\"div\",6,1,function(a,b,c){return N(a,c)/N(b,c)});P(\"mod\",6,1,function(a,b,c){return N(a,c)%N(b,c)});P(\"*\",6,1,function(a,b,c){return N(a,c)*N(b,c)});P(\"+\",5,1,function(a,b,c){return N(a,c)+N(b,c)});P(\"-\",5,1,function(a,b,c){return N(a,c)-N(b,c)});P(\"<\",4,2,function(a,b,c){return ub(function(d,e){return d<e},a,b,c)});\nP(\">\",4,2,function(a,b,c){return ub(function(d,e){return d>e},a,b,c)});P(\"<=\",4,2,function(a,b,c){return ub(function(d,e){return d<=e},a,b,c)});P(\">=\",4,2,function(a,b,c){return ub(function(d,e){return d>=e},a,b,c)});var tb=P(\"=\",3,2,function(a,b,c){return ub(function(d,e){return d==e},a,b,c,!0)});P(\"!=\",3,2,function(a,b,c){return ub(function(d,e){return d!=e},a,b,c,!0)});P(\"and\",2,2,function(a,b,c){return rb(a,c)&&rb(b,c)});P(\"or\",1,2,function(a,b,c){return rb(a,c)||rb(b,c)});function xb(a,b){if(b.a.length&&4!=a.i)throw Error(\"Primary expression must evaluate to nodeset if filter has predicate(s).\");J.call(this,a.i);this.c=a;this.h=b;this.g=a.g;this.b=a.b}l(xb,J);xb.prototype.a=function(a){a=this.c.a(a);return yb(this.h,a)};xb.prototype.toString=function(){var a=\"Filter:\"+K(this.c);return a+=K(this.h)};function zb(a,b){if(b.length<a.C)throw Error(\"Function \"+a.j+\" expects at least\"+a.C+\" arguments, \"+b.length+\" given\");if(null!==a.B&&b.length>a.B)throw Error(\"Function \"+a.j+\" expects at most \"+a.B+\" arguments, \"+b.length+\" given\");a.H&&n(b,function(c,d){if(4!=c.i)throw Error(\"Argument \"+d+\" to function \"+a.j+\" is not of type Nodeset: \"+c);});J.call(this,a.i);this.v=a;this.c=b;pb(this,a.g||ma(b,function(c){return c.g}));qb(this,a.G&&!b.length||a.F&&!!b.length||ma(b,function(c){return c.b}))}\nl(zb,J);zb.prototype.a=function(a){return this.v.m.apply(null,pa(a,this.c))};zb.prototype.toString=function(){var a=\"Function: \"+this.v;if(this.c.length){var b=la(this.c,function(c,d){return c+K(d)},\"Arguments:\");a+=K(b)}return a};function Ab(a,b,c,d,e,f,g,h){this.j=a;this.i=b;this.g=c;this.G=d;this.F=!1;this.m=e;this.C=f;this.B=void 0!==g?g:f;this.H=!!h}Ab.prototype.toString=function(){return this.j};var Bb={};\nfunction Q(a,b,c,d,e,f,g,h){if(Bb.hasOwnProperty(a))throw Error(\"Function already created: \"+a+\".\");Bb[a]=new Ab(a,b,c,d,e,f,g,h)}Q(\"boolean\",2,!1,!1,function(a,b){return rb(b,a)},1);Q(\"ceiling\",1,!1,!1,function(a,b){return Math.ceil(N(b,a))},1);Q(\"concat\",3,!1,!1,function(a,b){return la(qa(arguments,1),function(c,d){return c+O(d,a)},\"\")},2,null);Q(\"contains\",2,!1,!1,function(a,b,c){b=O(b,a);a=O(c,a);return-1!=b.indexOf(a)},2);Q(\"count\",1,!1,!1,function(a,b){return b.a(a).l},1,1,!0);\nQ(\"false\",2,!1,!1,function(){return!1},0);Q(\"floor\",1,!1,!1,function(a,b){return Math.floor(N(b,a))},1);Q(\"id\",4,!1,!1,function(a,b){function c(h){if(x){var m=e.all[h];if(m){if(m.nodeType&&h==m.id)return m;if(m.length)return oa(m,function(w){return h==w.id})}return null}return e.getElementById(h)}var d=a.a,e=9==d.nodeType?d:d.ownerDocument;a=O(b,a).split(/\\s+/);var f=[];n(a,function(h){h=c(h);!h||0<=ja(f,h)||f.push(h)});f.sort(Xa);var g=new E;n(f,function(h){g.add(h)});return g},1);\nQ(\"lang\",2,!1,!1,function(){return!1},1);Q(\"last\",1,!0,!1,function(a){if(1!=arguments.length)throw Error(\"Function last expects ()\");return a.f},0);Q(\"local-name\",3,!1,!0,function(a,b){return(a=b?mb(b.a(a)):a.a)?a.localName||a.nodeName.toLowerCase():\"\"},0,1,!0);Q(\"name\",3,!1,!0,function(a,b){return(a=b?mb(b.a(a)):a.a)?a.nodeName.toLowerCase():\"\"},0,1,!0);Q(\"namespace-uri\",3,!0,!1,function(){return\"\"},0,1,!0);\nQ(\"normalize-space\",3,!1,!0,function(a,b){return(b?O(b,a):B(a.a)).replace(/[\\s\\xa0]+/g,\" \").replace(/^\\s+|\\s+$/g,\"\")},0,1);Q(\"not\",2,!1,!1,function(a,b){return!rb(b,a)},1);Q(\"number\",1,!1,!0,function(a,b){return b?N(b,a):+B(a.a)},0,1);Q(\"position\",1,!0,!1,function(a){return a.b},0);Q(\"round\",1,!1,!1,function(a,b){return Math.round(N(b,a))},1);Q(\"starts-with\",2,!1,!1,function(a,b,c){b=O(b,a);a=O(c,a);return 0==b.lastIndexOf(a,0)},2);Q(\"string\",3,!1,!0,function(a,b){return b?O(b,a):B(a.a)},0,1);\nQ(\"string-length\",1,!1,!0,function(a,b){return(b?O(b,a):B(a.a)).length},0,1);Q(\"substring\",3,!1,!1,function(a,b,c,d){c=N(c,a);if(isNaN(c)||Infinity==c||-Infinity==c)return\"\";d=d?N(d,a):Infinity;if(isNaN(d)||-Infinity===d)return\"\";c=Math.round(c)-1;var e=Math.max(c,0);a=O(b,a);return Infinity==d?a.substring(e):a.substring(e,c+Math.round(d))},2,3);Q(\"substring-after\",3,!1,!1,function(a,b,c){b=O(b,a);a=O(c,a);c=b.indexOf(a);return-1==c?\"\":b.substring(c+a.length)},2);\nQ(\"substring-before\",3,!1,!1,function(a,b,c){b=O(b,a);a=O(c,a);a=b.indexOf(a);return-1==a?\"\":b.substring(0,a)},2);Q(\"sum\",1,!1,!1,function(a,b){a=H(b.a(a));b=0;for(var c=I(a);c;c=I(a))b+=+B(c);return b},1,1,!0);Q(\"translate\",3,!1,!1,function(a,b,c,d){b=O(b,a);c=O(c,a);var e=O(d,a);a={};for(d=0;d<c.length;d++){var f=c.charAt(d);f in a||(a[f]=e.charAt(d))}c=\"\";for(d=0;d<b.length;d++)f=b.charAt(d),c+=f in a?a[f]:f;return c},3);Q(\"true\",2,!1,!1,function(){return!0},0);function G(a,b){this.h=a;this.c=void 0!==b?b:null;this.b=null;switch(a){case \"comment\":this.b=8;break;case \"text\":this.b=3;break;case \"processing-instruction\":this.b=7;break;case \"node\":break;default:throw Error(\"Unexpected argument\");}}function Cb(a){return\"comment\"==a||\"text\"==a||\"processing-instruction\"==a||\"node\"==a}G.prototype.a=function(a){return null===this.b||this.b==a.nodeType};G.prototype.f=function(){return this.h};\nG.prototype.toString=function(){var a=\"Kind Test: \"+this.h;null===this.c||(a+=K(this.c));return a};function Db(a){J.call(this,3);this.c=a.substring(1,a.length-1)}l(Db,J);Db.prototype.a=function(){return this.c};Db.prototype.toString=function(){return\"Literal: \"+this.c};function F(a,b){this.j=a.toLowerCase();a=\"*\"==this.j?\"*\":\"http://www.w3.org/1999/xhtml\";this.c=b?b.toLowerCase():a}F.prototype.a=function(a){var b=a.nodeType;if(1!=b&&2!=b)return!1;b=void 0!==a.localName?a.localName:a.nodeName;return\"*\"!=this.j&&this.j!=b.toLowerCase()?!1:\"*\"==this.c?!0:this.c==(a.namespaceURI?a.namespaceURI.toLowerCase():\"http://www.w3.org/1999/xhtml\")};F.prototype.f=function(){return this.j};\nF.prototype.toString=function(){return\"Name Test: \"+(\"http://www.w3.org/1999/xhtml\"==this.c?\"\":this.c+\":\")+this.j};function Eb(a){J.call(this,1);this.c=a}l(Eb,J);Eb.prototype.a=function(){return this.c};Eb.prototype.toString=function(){return\"Number: \"+this.c};function Fb(a,b){J.call(this,a.i);this.h=a;this.c=b;this.g=a.g;this.b=a.b;1==this.c.length&&(a=this.c[0],a.A||a.c!=Gb||(a=a.o,\"*\"!=a.f()&&(this.f={name:a.f(),u:null})))}l(Fb,J);function Hb(){J.call(this,4)}l(Hb,J);Hb.prototype.a=function(a){var b=new E;a=a.a;9==a.nodeType?b.add(a):b.add(a.ownerDocument);return b};Hb.prototype.toString=function(){return\"Root Helper Expression\"};function Ib(){J.call(this,4)}l(Ib,J);Ib.prototype.a=function(a){var b=new E;b.add(a.a);return b};Ib.prototype.toString=function(){return\"Context Helper Expression\"};\nfunction Jb(a){return\"/\"==a||\"//\"==a}Fb.prototype.a=function(a){var b=this.h.a(a);if(!(b instanceof E))throw Error(\"Filter expression must evaluate to nodeset.\");a=this.c;for(var c=0,d=a.length;c<d&&b.l;c++){var e=a[c],f=H(b,e.c.s);if(e.g||e.c!=Kb)if(e.g||e.c!=Lb){var g=I(f);for(b=e.a(new ia(g));null!=(g=I(f));)g=e.a(new ia(g)),b=kb(b,g)}else g=I(f),b=e.a(new ia(g));else{for(g=I(f);(b=I(f))&&(!g.contains||g.contains(b))&&b.compareDocumentPosition(g)&8;g=b);b=e.a(new ia(g))}}return b};\nFb.prototype.toString=function(){var a=\"Path Expression:\"+K(this.h);if(this.c.length){var b=la(this.c,function(c,d){return c+K(d)},\"Steps:\");a+=K(b)}return a};function Mb(a,b){this.a=a;this.s=!!b}\nfunction yb(a,b,c){for(c=c||0;c<a.a.length;c++)for(var d=a.a[c],e=H(b),f=b.l,g,h=0;g=I(e);h++){var m=a.s?f-h:h+1;g=d.a(new ia(g,m,f));if(\"number\"==typeof g)m=m==g;else if(\"string\"==typeof g||\"boolean\"==typeof g)m=!!g;else if(g instanceof E)m=0<g.l;else throw Error(\"Predicate.evaluate returned an unexpected type.\");if(!m){m=e;g=m.f;var w=m.a;if(!w)throw Error(\"Next must be called at least once before remove.\");var r=w.b;w=w.a;r?r.a=w:g.a=w;w?w.b=r:g.b=r;g.l--;m.a=null}}return b}\nMb.prototype.toString=function(){return la(this.a,function(a,b){return a+K(b)},\"Predicates:\")};function R(a,b,c,d){J.call(this,4);this.c=a;this.o=b;this.h=c||new Mb([]);this.A=!!d;b=this.h;b=0<b.a.length?b.a[0].f:null;a.J&&b&&(a=b.name,a=x?a.toLowerCase():a,this.f={name:a,u:b.u});a:{a=this.h;for(b=0;b<a.a.length;b++)if(c=a.a[b],c.g||1==c.i||0==c.i){a=!0;break a}a=!1}this.g=a}l(R,J);\nR.prototype.a=function(a){var b=a.a,c=this.f,d=null,e=null,f=0;c&&(d=c.name,e=c.u?O(c.u,a):null,f=1);if(this.A)if(this.g||this.c!=Nb)if(b=H((new R(Ob,new G(\"node\"))).a(a)),c=I(b))for(a=this.m(c,d,e,f);null!=(c=I(b));)a=kb(a,this.m(c,d,e,f));else a=new E;else a=bb(this.o,b,d,e),a=yb(this.h,a,f);else a=this.m(a.a,d,e,f);return a};R.prototype.m=function(a,b,c,d){a=this.c.v(this.o,a,b,c);return a=yb(this.h,a,d)};\nR.prototype.toString=function(){var a=\"Step:\"+K(\"Operator: \"+(this.A?\"//\":\"/\"));this.c.j&&(a+=K(\"Axis: \"+this.c));a+=K(this.o);if(this.h.a.length){var b=la(this.h.a,function(c,d){return c+K(d)},\"Predicates:\");a+=K(b)}return a};function Pb(a,b,c,d){this.j=a;this.v=b;this.s=c;this.J=d}Pb.prototype.toString=function(){return this.j};var Qb={};function S(a,b,c,d){if(Qb.hasOwnProperty(a))throw Error(\"Axis already created: \"+a);b=new Pb(a,b,c,!!d);return Qb[a]=b}\nS(\"ancestor\",function(a,b){for(var c=new E;b=b.parentNode;)a.a(b)&&lb(c,b);return c},!0);S(\"ancestor-or-self\",function(a,b){var c=new E;do a.a(b)&&lb(c,b);while(b=b.parentNode);return c},!0);\nvar Gb=S(\"attribute\",function(a,b){var c=new E,d=a.f();if(\"style\"==d&&x&&b.style)return c.add(new Na(b.style,b,\"style\",b.style.cssText)),c;var e=b.attributes;if(e)if(a instanceof G&&null===a.b||\"*\"==d)for(a=0;d=e[a];a++)x?d.nodeValue&&c.add(Oa(b,d)):c.add(d);else(d=e.getNamedItem(d))&&(x?d.nodeValue&&c.add(Oa(b,d)):c.add(d));return c},!1),Nb=S(\"child\",function(a,b,c,d,e){return(x?hb:ib).call(null,a,b,aa(c)?c:null,aa(d)?d:null,e||new E)},!1,!0);S(\"descendant\",bb,!1,!0);\nvar Ob=S(\"descendant-or-self\",function(a,b,c,d){var e=new E;C(b,c,d)&&a.a(b)&&e.add(b);return bb(a,b,c,d,e)},!1,!0),Kb=S(\"following\",function(a,b,c,d){var e=new E;do for(var f=b;f=f.nextSibling;)C(f,c,d)&&a.a(f)&&e.add(f),e=bb(a,f,c,d,e);while(b=b.parentNode);return e},!1,!0);S(\"following-sibling\",function(a,b){for(var c=new E;b=b.nextSibling;)a.a(b)&&c.add(b);return c},!1);S(\"namespace\",function(){return new E},!1);\nvar Rb=S(\"parent\",function(a,b){var c=new E;if(9==b.nodeType)return c;if(2==b.nodeType)return c.add(b.ownerElement),c;b=b.parentNode;a.a(b)&&c.add(b);return c},!1),Lb=S(\"preceding\",function(a,b,c,d){var e=new E,f=[];do f.unshift(b);while(b=b.parentNode);for(var g=1,h=f.length;g<h;g++){var m=[];for(b=f[g];b=b.previousSibling;)m.unshift(b);for(var w=0,r=m.length;w<r;w++)b=m[w],C(b,c,d)&&a.a(b)&&e.add(b),e=bb(a,b,c,d,e)}return e},!0,!0);\nS(\"preceding-sibling\",function(a,b){for(var c=new E;b=b.previousSibling;)a.a(b)&&lb(c,b);return c},!0);var Sb=S(\"self\",function(a,b){var c=new E;a.a(b)&&c.add(b);return c},!1);function Tb(a){J.call(this,1);this.c=a;this.g=a.g;this.b=a.b}l(Tb,J);Tb.prototype.a=function(a){return-N(this.c,a)};Tb.prototype.toString=function(){return\"Unary Expression: -\"+K(this.c)};function Ub(a){J.call(this,4);this.c=a;pb(this,ma(this.c,function(b){return b.g}));qb(this,ma(this.c,function(b){return b.b}))}l(Ub,J);Ub.prototype.a=function(a){var b=new E;n(this.c,function(c){c=c.a(a);if(!(c instanceof E))throw Error(\"Path expression must evaluate to NodeSet.\");b=kb(b,c)});return b};Ub.prototype.toString=function(){return la(this.c,function(a,b){return a+K(b)},\"Union Expression:\")};function Vb(a,b){this.a=a;this.b=b}function Yb(a){for(var b,c=[];;){T(a,\"Missing right hand side of binary expression.\");b=Zb(a);var d=z(a.a);if(!d)break;var e=(d=wb[d]||null)&&d.D;if(!e){a.a.a--;break}for(;c.length&&e<=c[c.length-1].D;)b=new sb(c.pop(),c.pop(),b);c.push(b,d)}for(;c.length;)b=new sb(c.pop(),c.pop(),b);return b}function T(a,b){if(Ta(a.a))throw Error(b);}function $b(a,b){a=z(a.a);if(a!=b)throw Error(\"Bad token, expected: \"+b+\" got: \"+a);}\nfunction ac(a){a=z(a.a);if(\")\"!=a)throw Error(\"Bad token: \"+a);}function bc(a){a=z(a.a);if(2>a.length)throw Error(\"Unclosed literal string\");return new Db(a)}\nfunction cc(a){var b=[];if(Jb(y(a.a))){var c=z(a.a);var d=y(a.a);if(\"/\"==c&&(Ta(a.a)||\".\"!=d&&\"..\"!=d&&\"@\"!=d&&\"*\"!=d&&!/(?![0-9])[\\w]/.test(d)))return new Hb;d=new Hb;T(a,\"Missing next location step.\");c=dc(a,c);b.push(c)}else{a:{c=y(a.a);d=c.charAt(0);switch(d){case \"$\":throw Error(\"Variable reference not allowed in HTML XPath\");case \"(\":z(a.a);c=Yb(a);T(a,'unclosed \"(\"');$b(a,\")\");break;case '\"':case \"'\":c=bc(a);break;default:if(isNaN(+c))if(!Cb(c)&&/(?![0-9])[\\w]/.test(d)&&\"(\"==y(a.a,1)){c=z(a.a);\nc=Bb[c]||null;z(a.a);for(d=[];\")\"!=y(a.a);){T(a,\"Missing function argument list.\");d.push(Yb(a));if(\",\"!=y(a.a))break;z(a.a)}T(a,\"Unclosed function argument list.\");ac(a);c=new zb(c,d)}else{c=null;break a}else c=new Eb(+z(a.a))}\"[\"==y(a.a)&&(d=new Mb(ec(a)),c=new xb(c,d))}if(c)if(Jb(y(a.a)))d=c;else return c;else c=dc(a,\"/\"),d=new Ib,b.push(c)}for(;Jb(y(a.a));)c=z(a.a),T(a,\"Missing next location step.\"),c=dc(a,c),b.push(c);return new Fb(d,b)}\nfunction dc(a,b){if(\"/\"!=b&&\"//\"!=b)throw Error('Step op should be \"/\" or \"//\"');if(\".\"==y(a.a)){var c=new R(Sb,new G(\"node\"));z(a.a);return c}if(\"..\"==y(a.a))return c=new R(Rb,new G(\"node\")),z(a.a),c;if(\"@\"==y(a.a)){var d=Gb;z(a.a);T(a,\"Missing attribute name\")}else if(\"::\"==y(a.a,1)){if(!/(?![0-9])[\\w]/.test(y(a.a).charAt(0)))throw Error(\"Bad token: \"+z(a.a));var e=z(a.a);d=Qb[e]||null;if(!d)throw Error(\"No axis with name: \"+e);z(a.a);T(a,\"Missing node name\")}else d=Nb;e=y(a.a);if(/(?![0-9])[\\w\\*]/.test(e.charAt(0)))if(\"(\"==\ny(a.a,1)){if(!Cb(e))throw Error(\"Invalid node type: \"+e);e=z(a.a);if(!Cb(e))throw Error(\"Invalid type name: \"+e);$b(a,\"(\");T(a,\"Bad nodetype\");var f=y(a.a).charAt(0),g=null;if('\"'==f||\"'\"==f)g=bc(a);T(a,\"Bad nodetype\");ac(a);e=new G(e,g)}else if(e=z(a.a),f=e.indexOf(\":\"),-1==f)e=new F(e);else{g=e.substring(0,f);if(\"*\"==g)var h=\"*\";else if(h=a.b(g),!h)throw Error(\"Namespace prefix not declared: \"+g);e=e.substr(f+1);e=new F(e,h)}else throw Error(\"Bad token: \"+z(a.a));a=new Mb(ec(a),d.s);return c||new R(d,\ne,a,\"//\"==b)}function ec(a){for(var b=[];\"[\"==y(a.a);){z(a.a);T(a,\"Missing predicate expression.\");var c=Yb(a);b.push(c);T(a,\"Unclosed predicate expression.\");$b(a,\"]\")}return b}function Zb(a){if(\"-\"==y(a.a))return z(a.a),new Tb(Zb(a));var b=cc(a);if(\"|\"!=y(a.a))a=b;else{for(b=[b];\"|\"==z(a.a);)T(a,\"Missing next union location path.\"),b.push(cc(a));a.a.a--;a=new Ub(b)}return a};function fc(a){switch(a.nodeType){case 1:return ha(gc,a);case 9:return fc(a.documentElement);case 11:case 10:case 6:case 12:return hc;default:return a.parentNode?fc(a.parentNode):hc}}function hc(){return null}function gc(a,b){if(a.prefix==b)return a.namespaceURI||\"http://www.w3.org/1999/xhtml\";var c=a.getAttributeNode(\"xmlns:\"+b);return c&&c.specified?c.value||null:a.parentNode&&9!=a.parentNode.nodeType?gc(a.parentNode,b):null};function ic(a,b){if(!a.length)throw Error(\"Empty XPath expression.\");a=Qa(a);if(Ta(a))throw Error(\"Invalid XPath expression.\");b?\"function\"==ca(b)||(b=fa(b.lookupNamespaceURI,b)):b=function(){return null};var c=Yb(new Vb(a,b));if(!Ta(a))throw Error(\"Bad token: \"+z(a));this.evaluate=function(d,e){d=c.a(new ia(d));return new U(d,e)}}\nfunction U(a,b){if(0==b)if(a instanceof E)b=4;else if(\"string\"==typeof a)b=2;else if(\"number\"==typeof a)b=1;else if(\"boolean\"==typeof a)b=3;else throw Error(\"Unexpected evaluation result.\");if(2!=b&&1!=b&&3!=b&&!(a instanceof E))throw Error(\"value could not be converted to the specified type\");this.resultType=b;switch(b){case 2:this.stringValue=a instanceof E?nb(a):\"\"+a;break;case 1:this.numberValue=a instanceof E?+nb(a):+a;break;case 3:this.booleanValue=a instanceof E?0<a.l:!!a;break;case 4:case 5:case 6:case 7:var c=\nH(a);var d=[];for(var e=I(c);e;e=I(c))d.push(e instanceof Na?e.a:e);this.snapshotLength=a.l;this.invalidIteratorState=!1;break;case 8:case 9:a=mb(a);this.singleNodeValue=a instanceof Na?a.a:a;break;default:throw Error(\"Unknown XPathResult type.\");}var f=0;this.iterateNext=function(){if(4!=b&&5!=b)throw Error(\"iterateNext called with wrong result type\");return f>=d.length?null:d[f++]};this.snapshotItem=function(g){if(6!=b&&7!=b)throw Error(\"snapshotItem called with wrong result type\");return g>=d.length||\n0>g?null:d[g]}}U.ANY_TYPE=0;U.NUMBER_TYPE=1;U.STRING_TYPE=2;U.BOOLEAN_TYPE=3;U.UNORDERED_NODE_ITERATOR_TYPE=4;U.ORDERED_NODE_ITERATOR_TYPE=5;U.UNORDERED_NODE_SNAPSHOT_TYPE=6;U.ORDERED_NODE_SNAPSHOT_TYPE=7;U.ANY_UNORDERED_NODE_TYPE=8;U.FIRST_ORDERED_NODE_TYPE=9;function jc(a){this.lookupNamespaceURI=fc(a)}\nfunction kc(a,b){a=a||k;var c=a.Document&&a.Document.prototype||a.document;if(!c.evaluate||b)a.XPathResult=U,c.evaluate=function(d,e,f,g){return(new ic(d,f)).evaluate(e,g)},c.createExpression=function(d,e){return new ic(d,e)},c.createNSResolver=function(d){return new jc(d)}}ba(\"wgxpath.install\",kc);ba(\"wgxpath.install\",kc);var lc={aliceblue:\"#f0f8ff\",antiquewhite:\"#faebd7\",aqua:\"#00ffff\",aquamarine:\"#7fffd4\",azure:\"#f0ffff\",beige:\"#f5f5dc\",bisque:\"#ffe4c4\",black:\"#000000\",blanchedalmond:\"#ffebcd\",blue:\"#0000ff\",blueviolet:\"#8a2be2\",brown:\"#a52a2a\",burlywood:\"#deb887\",cadetblue:\"#5f9ea0\",chartreuse:\"#7fff00\",chocolate:\"#d2691e\",coral:\"#ff7f50\",cornflowerblue:\"#6495ed\",cornsilk:\"#fff8dc\",crimson:\"#dc143c\",cyan:\"#00ffff\",darkblue:\"#00008b\",darkcyan:\"#008b8b\",darkgoldenrod:\"#b8860b\",darkgray:\"#a9a9a9\",darkgreen:\"#006400\",\ndarkgrey:\"#a9a9a9\",darkkhaki:\"#bdb76b\",darkmagenta:\"#8b008b\",darkolivegreen:\"#556b2f\",darkorange:\"#ff8c00\",darkorchid:\"#9932cc\",darkred:\"#8b0000\",darksalmon:\"#e9967a\",darkseagreen:\"#8fbc8f\",darkslateblue:\"#483d8b\",darkslategray:\"#2f4f4f\",darkslategrey:\"#2f4f4f\",darkturquoise:\"#00ced1\",darkviolet:\"#9400d3\",deeppink:\"#ff1493\",deepskyblue:\"#00bfff\",dimgray:\"#696969\",dimgrey:\"#696969\",dodgerblue:\"#1e90ff\",firebrick:\"#b22222\",floralwhite:\"#fffaf0\",forestgreen:\"#228b22\",fuchsia:\"#ff00ff\",gainsboro:\"#dcdcdc\",\nghostwhite:\"#f8f8ff\",gold:\"#ffd700\",goldenrod:\"#daa520\",gray:\"#808080\",green:\"#008000\",greenyellow:\"#adff2f\",grey:\"#808080\",honeydew:\"#f0fff0\",hotpink:\"#ff69b4\",indianred:\"#cd5c5c\",indigo:\"#4b0082\",ivory:\"#fffff0\",khaki:\"#f0e68c\",lavender:\"#e6e6fa\",lavenderblush:\"#fff0f5\",lawngreen:\"#7cfc00\",lemonchiffon:\"#fffacd\",lightblue:\"#add8e6\",lightcoral:\"#f08080\",lightcyan:\"#e0ffff\",lightgoldenrodyellow:\"#fafad2\",lightgray:\"#d3d3d3\",lightgreen:\"#90ee90\",lightgrey:\"#d3d3d3\",lightpink:\"#ffb6c1\",lightsalmon:\"#ffa07a\",\nlightseagreen:\"#20b2aa\",lightskyblue:\"#87cefa\",lightslategray:\"#778899\",lightslategrey:\"#778899\",lightsteelblue:\"#b0c4de\",lightyellow:\"#ffffe0\",lime:\"#00ff00\",limegreen:\"#32cd32\",linen:\"#faf0e6\",magenta:\"#ff00ff\",maroon:\"#800000\",mediumaquamarine:\"#66cdaa\",mediumblue:\"#0000cd\",mediumorchid:\"#ba55d3\",mediumpurple:\"#9370db\",mediumseagreen:\"#3cb371\",mediumslateblue:\"#7b68ee\",mediumspringgreen:\"#00fa9a\",mediumturquoise:\"#48d1cc\",mediumvioletred:\"#c71585\",midnightblue:\"#191970\",mintcream:\"#f5fffa\",mistyrose:\"#ffe4e1\",\nmoccasin:\"#ffe4b5\",navajowhite:\"#ffdead\",navy:\"#000080\",oldlace:\"#fdf5e6\",olive:\"#808000\",olivedrab:\"#6b8e23\",orange:\"#ffa500\",orangered:\"#ff4500\",orchid:\"#da70d6\",palegoldenrod:\"#eee8aa\",palegreen:\"#98fb98\",paleturquoise:\"#afeeee\",palevioletred:\"#db7093\",papayawhip:\"#ffefd5\",peachpuff:\"#ffdab9\",peru:\"#cd853f\",pink:\"#ffc0cb\",plum:\"#dda0dd\",powderblue:\"#b0e0e6\",purple:\"#800080\",red:\"#ff0000\",rosybrown:\"#bc8f8f\",royalblue:\"#4169e1\",saddlebrown:\"#8b4513\",salmon:\"#fa8072\",sandybrown:\"#f4a460\",seagreen:\"#2e8b57\",\nseashell:\"#fff5ee\",sienna:\"#a0522d\",silver:\"#c0c0c0\",skyblue:\"#87ceeb\",slateblue:\"#6a5acd\",slategray:\"#708090\",slategrey:\"#708090\",snow:\"#fffafa\",springgreen:\"#00ff7f\",steelblue:\"#4682b4\",tan:\"#d2b48c\",teal:\"#008080\",thistle:\"#d8bfd8\",tomato:\"#ff6347\",turquoise:\"#40e0d0\",violet:\"#ee82ee\",wheat:\"#f5deb3\",white:\"#ffffff\",whitesmoke:\"#f5f5f5\",yellow:\"#ffff00\",yellowgreen:\"#9acd32\"};var mc=\"backgroundColor borderTopColor borderRightColor borderBottomColor borderLeftColor color outlineColor\".split(\" \"),nc=/#([0-9a-fA-F])([0-9a-fA-F])([0-9a-fA-F])/,oc=/^#(?:[0-9a-f]{3}){1,2}$/i,pc=/^(?:rgba)?\\((\\d{1,3}),\\s?(\\d{1,3}),\\s?(\\d{1,3}),\\s?(0|1|0\\.\\d*)\\)$/i,qc=/^(?:rgb)?\\((0|[1-9]\\d{0,2}),\\s?(0|[1-9]\\d{0,2}),\\s?(0|[1-9]\\d{0,2})\\)$/i;function rc(a,b){this.code=a;this.a=V[a]||sc;this.message=b||\"\";a=this.a.replace(/((?:^|\\s+)[a-z])/g,function(c){return c.toUpperCase().replace(/^[\\s\\xa0]+/g,\"\")});b=a.length-5;if(0>b||a.indexOf(\"Error\",b)!=b)a+=\"Error\";this.name=a;a=Error(this.message);a.name=this.name;this.stack=a.stack||\"\"}l(rc,Error);var sc=\"unknown error\",V={15:\"element not selectable\",11:\"element not visible\"};V[31]=sc;V[30]=sc;V[24]=\"invalid cookie domain\";V[29]=\"invalid element coordinates\";V[12]=\"invalid element state\";\nV[32]=\"invalid selector\";V[51]=\"invalid selector\";V[52]=\"invalid selector\";V[17]=\"javascript error\";V[405]=\"unsupported operation\";V[34]=\"move target out of bounds\";V[27]=\"no such alert\";V[7]=\"no such element\";V[8]=\"no such frame\";V[23]=\"no such window\";V[28]=\"script timeout\";V[33]=\"session not created\";V[10]=\"stale element reference\";V[21]=\"timeout\";V[25]=\"unable to set cookie\";V[26]=\"unexpected alert open\";V[13]=sc;V[9]=\"unknown command\";var tc=va(),uc=ya()||u(\"iPod\"),vc=u(\"iPad\"),wc=u(\"Android\")&&!(wa()||va()||u(\"Opera\")||u(\"Silk\")),xc=wa(),yc=u(\"Safari\")&&!(wa()||u(\"Coast\")||u(\"Opera\")||u(\"Edge\")||u(\"Edg/\")||u(\"OPR\")||va()||u(\"Silk\")||u(\"Android\"))&&!(ya()||u(\"iPad\")||u(\"iPod\"));function zc(a){return(a=a.exec(t))?a[1]:\"\"}(function(){if(tc)return zc(/Firefox\\/([0-9.]+)/);if(v||Ca||Ba)return Ga;if(xc)return ya()||u(\"iPad\")||u(\"iPod\")?zc(/CriOS\\/([0-9.]+)/):zc(/Chrome\\/([0-9.]+)/);if(yc&&!(ya()||u(\"iPad\")||u(\"iPod\")))return zc(/Version\\/([0-9.]+)/);if(uc||vc){var a=/Version\\/(\\S+).*Mobile\\/(\\S+)/.exec(t);if(a)return a[1]+\".\"+a[2]}else if(wc)return(a=zc(/Android\\s+([0-9.]+)/))?a:zc(/Version\\/([0-9.]+)/);return\"\"})();var Ac=v&&!(9<=Number(La));function W(a,b){b&&\"string\"!==typeof b&&(b=b.toString());return!!a&&1==a.nodeType&&(!b||a.tagName.toUpperCase()==b)};var Bc=function(){var a={K:\"http://www.w3.org/2000/svg\"};return function(b){return a[b]||null}}();\nfunction Cc(a,b){var c=A(a);if(!c.documentElement)return null;(v||wc)&&kc(c?c.parentWindow||c.defaultView:window);try{var d=c.createNSResolver?c.createNSResolver(c.documentElement):Bc;if(v&&!Ka(7))return c.evaluate.call(c,b,a,d,9,null);if(!v||9<=Number(La)){for(var e={},f=c.getElementsByTagName(\"*\"),g=0;g<f.length;++g){var h=f[g],m=h.namespaceURI;if(m&&!e[m]){var w=h.lookupPrefix(m);if(!w){var r=m.match(\".*/(\\\\w+)/?$\");w=r?r[1]:\"xhtml\"}e[m]=w}}var D={},L;for(L in e)D[e[L]]=L;d=function(M){return D[M]||\nnull}}try{return c.evaluate(b,a,d,9,null)}catch(M){if(\"TypeError\"===M.name)return d=c.createNSResolver?c.createNSResolver(c.documentElement):Bc,c.evaluate(b,a,d,9,null);throw M;}}catch(M){if(!Da||\"NS_ERROR_ILLEGAL_VALUE\"!=M.name)throw new rc(32,\"Unable to locate an element with the xpath expression \"+b+\" because of the following error:\\n\"+M);}}\nfunction Dc(a,b){var c=function(){var d=Cc(b,a);return d?d.singleNodeValue||null:b.selectSingleNode?(d=A(b),d.setProperty&&d.setProperty(\"SelectionLanguage\",\"XPath\"),b.selectSingleNode(a)):null}();if(null!==c&&(!c||1!=c.nodeType))throw new rc(32,'The result of the xpath expression \"'+a+'\" is: '+c+\". It should be an element.\");return c};function Ec(a,b,c,d){this.c=a;this.a=b;this.b=c;this.f=d}Ec.prototype.ceil=function(){this.c=Math.ceil(this.c);this.a=Math.ceil(this.a);this.b=Math.ceil(this.b);this.f=Math.ceil(this.f);return this};Ec.prototype.floor=function(){this.c=Math.floor(this.c);this.a=Math.floor(this.a);this.b=Math.floor(this.b);this.f=Math.floor(this.f);return this};Ec.prototype.round=function(){this.c=Math.round(this.c);this.a=Math.round(this.a);this.b=Math.round(this.b);this.f=Math.round(this.f);return this};function X(a,b,c,d){this.a=a;this.b=b;this.width=c;this.height=d}X.prototype.ceil=function(){this.a=Math.ceil(this.a);this.b=Math.ceil(this.b);this.width=Math.ceil(this.width);this.height=Math.ceil(this.height);return this};X.prototype.floor=function(){this.a=Math.floor(this.a);this.b=Math.floor(this.b);this.width=Math.floor(this.width);this.height=Math.floor(this.height);return this};\nX.prototype.round=function(){this.a=Math.round(this.a);this.b=Math.round(this.b);this.width=Math.round(this.width);this.height=Math.round(this.height);return this};var Fc=\"function\"===typeof ShadowRoot;function Gc(a){for(a=a.parentNode;a&&1!=a.nodeType&&9!=a.nodeType&&11!=a.nodeType;)a=a.parentNode;return W(a)?a:null}\nfunction Y(a,b){b=xa(b);if(\"float\"==b||\"cssFloat\"==b||\"styleFloat\"==b)b=Ac?\"styleFloat\":\"cssFloat\";a:{var c=b;var d=A(a);if(d.defaultView&&d.defaultView.getComputedStyle&&(d=d.defaultView.getComputedStyle(a,null))){c=d[c]||d.getPropertyValue(c)||\"\";break a}c=\"\"}a=c||Hc(a,b);if(null===a)a=null;else if(0<=ja(mc,b)){b:{var e=a.match(pc);if(e&&(b=Number(e[1]),c=Number(e[2]),d=Number(e[3]),e=Number(e[4]),0<=b&&255>=b&&0<=c&&255>=c&&0<=d&&255>=d&&0<=e&&1>=e)){b=[b,c,d,e];break b}b=null}if(!b)b:{if(d=a.match(qc))if(b=\nNumber(d[1]),c=Number(d[2]),d=Number(d[3]),0<=b&&255>=b&&0<=c&&255>=c&&0<=d&&255>=d){b=[b,c,d,1];break b}b=null}if(!b)b:{b=a.toLowerCase();c=lc[b.toLowerCase()];if(!c&&(c=\"#\"==b.charAt(0)?b:\"#\"+b,4==c.length&&(c=c.replace(nc,\"#$1$1$2$2$3$3\")),!oc.test(c))){b=null;break b}b=[parseInt(c.substr(1,2),16),parseInt(c.substr(3,2),16),parseInt(c.substr(5,2),16),1]}a=b?\"rgba(\"+b.join(\", \")+\")\":a}return a}\nfunction Hc(a,b){var c=a.currentStyle||a.style,d=c[b];void 0===d&&\"function\"==ca(c.getPropertyValue)&&(d=c.getPropertyValue(b));return\"inherit\"!=d?void 0!==d?d:null:(a=Gc(a))?Hc(a,b):null}\nfunction Ic(a,b,c){function d(g){var h=Jc(g);return 0<h.height&&0<h.width?!0:W(g,\"PATH\")&&(0<h.height||0<h.width)?(g=Y(g,\"stroke-width\"),!!g&&0<parseInt(g,10)):\"hidden\"!=Y(g,\"overflow\")&&ma(g.childNodes,function(m){return 3==m.nodeType||W(m)&&d(m)})}function e(g){return Kc(g)==Z&&na(g.childNodes,function(h){return!W(h)||e(h)||!d(h)})}if(!W(a))throw Error(\"Argument to isShown must be of type Element\");if(W(a,\"BODY\"))return!0;if(W(a,\"OPTION\")||W(a,\"OPTGROUP\"))return a=$a(a,function(g){return W(g,\"SELECT\")}),\n!!a&&Ic(a,!0,c);var f=Lc(a);if(f)return!!f.image&&0<f.rect.width&&0<f.rect.height&&Ic(f.image,b,c);if(W(a,\"INPUT\")&&\"hidden\"==a.type.toLowerCase()||W(a,\"NOSCRIPT\"))return!1;f=Y(a,\"visibility\");return\"collapse\"!=f&&\"hidden\"!=f&&c(a)&&(b||0!=Mc(a))&&d(a)?!e(a):!1}var Z=\"hidden\";\nfunction Kc(a){function b(p){function q(fb){if(fb==g)return!0;var Wb=Y(fb,\"display\");return 0==Wb.lastIndexOf(\"inline\",0)||\"contents\"==Wb||\"absolute\"==Xb&&\"static\"==Y(fb,\"position\")?!1:!0}var Xb=Y(p,\"position\");if(\"fixed\"==Xb)return w=!0,p==g?null:g;for(p=Gc(p);p&&!q(p);)p=Gc(p);return p}function c(p){var q=p;if(\"visible\"==m)if(p==g&&h)q=h;else if(p==h)return{x:\"visible\",y:\"visible\"};q={x:Y(q,\"overflow-x\"),y:Y(q,\"overflow-y\")};p==g&&(q.x=\"visible\"==q.x?\"auto\":q.x,q.y=\"visible\"==q.y?\"auto\":q.y);return q}\nfunction d(p){if(p==g){var q=(new ab(f)).a;p=q.scrollingElement?q.scrollingElement:Ea||\"CSS1Compat\"!=q.compatMode?q.body||q.documentElement:q.documentElement;q=q.parentWindow||q.defaultView;p=v&&Ka(\"10\")&&q.pageYOffset!=p.scrollTop?new Ua(p.scrollLeft,p.scrollTop):new Ua(q.pageXOffset||p.scrollLeft,q.pageYOffset||p.scrollTop)}else p=new Ua(p.scrollLeft,p.scrollTop);return p}var e=Nc(a),f=A(a),g=f.documentElement,h=f.body,m=Y(g,\"overflow\"),w;for(a=b(a);a;a=b(a)){var r=c(a);if(\"visible\"!=r.x||\"visible\"!=\nr.y){var D=Jc(a);if(0==D.width||0==D.height)return Z;var L=e.a<D.a,M=e.b<D.b;if(L&&\"hidden\"==r.x||M&&\"hidden\"==r.y)return Z;if(L&&\"visible\"!=r.x||M&&\"visible\"!=r.y){L=d(a);M=e.b<D.b-L.y;if(e.a<D.a-L.x&&\"visible\"!=r.x||M&&\"visible\"!=r.x)return Z;e=Kc(a);return e==Z?Z:\"scroll\"}L=e.f>=D.a+D.width;D=e.c>=D.b+D.height;if(L&&\"hidden\"==r.x||D&&\"hidden\"==r.y)return Z;if(L&&\"visible\"!=r.x||D&&\"visible\"!=r.y){if(w&&(r=d(a),e.f>=g.scrollWidth-r.x||e.a>=g.scrollHeight-r.y))return Z;e=Kc(a);return e==Z?Z:\"scroll\"}}}return\"none\"}\nfunction Jc(a){var b=Lc(a);if(b)return b.rect;if(W(a,\"HTML\"))return a=A(a),a=((a?a.parentWindow||a.defaultView:window)||window).document,a=\"CSS1Compat\"==a.compatMode?a.documentElement:a.body,a=new Va(a.clientWidth,a.clientHeight),new X(0,0,a.width,a.height);try{var c=a.getBoundingClientRect()}catch(d){return new X(0,0,0,0)}b=new X(c.left,c.top,c.right-c.left,c.bottom-c.top);v&&a.ownerDocument.body&&(a=A(a),b.a-=a.documentElement.clientLeft+a.body.clientLeft,b.b-=a.documentElement.clientTop+a.body.clientTop);\nreturn b}function Lc(a){var b=W(a,\"MAP\");if(!b&&!W(a,\"AREA\"))return null;var c=b?a:W(a.parentNode,\"MAP\")?a.parentNode:null,d=null,e=null;c&&c.name&&(d=Dc('/descendant::*[@usemap = \"#'+c.name+'\"]',A(c)))&&(e=Jc(d),b||\"default\"==a.shape.toLowerCase()||(a=Oc(a),b=Math.min(Math.max(a.a,0),e.width),c=Math.min(Math.max(a.b,0),e.height),e=new X(b+e.a,c+e.b,Math.min(a.width,e.width-b),Math.min(a.height,e.height-c))));return{image:d,rect:e||new X(0,0,0,0)}}\nfunction Oc(a){var b=a.shape.toLowerCase();a=a.coords.split(\",\");if(\"rect\"==b&&4==a.length){b=a[0];var c=a[1];return new X(b,c,a[2]-b,a[3]-c)}if(\"circle\"==b&&3==a.length)return b=a[2],new X(a[0]-b,a[1]-b,2*b,2*b);if(\"poly\"==b&&2<a.length){b=a[0];c=a[1];for(var d=b,e=c,f=2;f+1<a.length;f+=2)b=Math.min(b,a[f]),d=Math.max(d,a[f]),c=Math.min(c,a[f+1]),e=Math.max(e,a[f+1]);return new X(b,c,d-b,e-c)}return new X(0,0,0,0)}function Nc(a){a=Jc(a);return new Ec(a.b,a.a+a.width,a.b+a.height,a.a)}\nfunction Mc(a){if(Ac){if(\"relative\"==Y(a,\"position\"))return 1;a=Y(a,\"filter\");return(a=a.match(/^alpha\\(opacity=(\\d*)\\)/)||a.match(/^progid:DXImageTransform.Microsoft.Alpha\\(Opacity=(\\d*)\\)/))?Number(a[1])/100:1}return Pc(a)}function Pc(a){var b=1,c=Y(a,\"opacity\");c&&(b=Number(c));(a=Gc(a))&&(b*=Pc(a));return b};ba(\"_\",function(a,b){function c(d){if(W(d)&&\"none\"==Y(d,\"display\"))return!1;var e;if((e=d.parentNode)&&e.shadowRoot&&void 0!==d.assignedSlot)e=d.assignedSlot?d.assignedSlot.parentNode:null;else if(d.getDestinationInsertionPoints){var f=d.getDestinationInsertionPoints();0<f.length&&(e=f[f.length-1])}if(Fc&&e instanceof ShadowRoot){if(e.host.shadowRoot!==e)return!1;e=e.host}return!e||9!=e.nodeType&&11!=e.nodeType?e&&W(e,\"DETAILS\")&&!e.open&&!W(d,\"SUMMARY\")?!1:!!e&&c(e):!0}return Ic(a,!!b,c)});; return this._.apply(null,arguments);}).apply({navigator:typeof window!='undefined'?window.navigator:null,document:typeof window!='undefined'?window.document:null}, arguments);}\n).apply(null, arguments);", "args": [{"element-6066-11e4-a52e-4f735466cecf": "f.0188C052A461367D6D7471FED799024B.d.97DC2A952723C99F512DD17C318286F6.e.47"}]}
DEBUG    urllib3.connectionpool:connectionpool.py:544 http://selenium-hub:4444 "POST /wd/hub/session/cf4952d15d838f19f95718295e201dd4/execute/sync HTTP/1.1" 200 0
DEBUG    selenium.webdriver.remote.remote_connection:remote_connection.py:329 Remote response: status=200 | data={"value":true} | headers=HTTPHeaderDict({'content-length': '14', 'content-type': 'application/json; charset=utf-8', 'cache-control': 'no-cache'})
DEBUG    selenium.webdriver.remote.remote_connection:remote_connection.py:356 Finished Request
DEBUG    selenium.webdriver.remote.remote_connection:remote_connection.py:313 POST http://selenium-hub:4444/wd/hub/session/cf4952d15d838f19f95718295e201dd4/element/f.0188C052A461367D6D7471FED799024B.d.97DC2A952723C99F512DD17C318286F6.e.47/clear {}
DEBUG    urllib3.connectionpool:connectionpool.py:544 http://selenium-hub:4444 "POST /wd/hub/session/cf4952d15d838f19f95718295e201dd4/element/f.0188C052A461367D6D7471FED799024B.d.97DC2A952723C99F512DD17C318286F6.e.47/clear HTTP/1.1" 200 0
DEBUG    selenium.webdriver.remote.remote_connection:remote_connection.py:329 Remote response: status=200 | data={"value":null} | headers=HTTPHeaderDict({'content-length': '14', 'content-type': 'application/json; charset=utf-8', 'cache-control': 'no-cache'})
DEBUG    selenium.webdriver.remote.remote_connection:remote_connection.py:356 Finished Request
DEBUG    selenium.webdriver.remote.remote_connection:remote_connection.py:313 POST http://selenium-hub:4444/wd/hub/session/cf4952d15d838f19f95718295e201dd4/element/f.0188C052A461367D6D7471FED799024B.d.97DC2A952723C99F512DD17C318286F6.e.47/value {"text": "Test@1234", "value": ["T", "e", "s", "t", "@", "1", "2", "3", "4"]}
DEBUG    urllib3.connectionpool:connectionpool.py:544 http://selenium-hub:4444 "POST /wd/hub/session/cf4952d15d838f19f95718295e201dd4/element/f.0188C052A461367D6D7471FED799024B.d.97DC2A952723C99F512DD17C318286F6.e.47/value HTTP/1.1" 200 0
DEBUG    selenium.webdriver.remote.remote_connection:remote_connection.py:329 Remote response: status=200 | data={"value":null} | headers=HTTPHeaderDict({'content-length': '14', 'content-type': 'application/json; charset=utf-8', 'cache-control': 'no-cache'})
DEBUG    selenium.webdriver.remote.remote_connection:remote_connection.py:356 Finished Request
DEBUG    selenium.webdriver.remote.remote_connection:remote_connection.py:313 POST http://selenium-hub:4444/wd/hub/session/cf4952d15d838f19f95718295e201dd4/element {"using": "css selector", "value": "[data-testid='login-submit']"}
DEBUG    urllib3.connectionpool:connectionpool.py:544 http://selenium-hub:4444 "POST /wd/hub/session/cf4952d15d838f19f95718295e201dd4/element HTTP/1.1" 200 0
DEBUG    selenium.webdriver.remote.remote_connection:remote_connection.py:329 Remote response: status=200 | data={"value":{"element-6066-11e4-a52e-4f735466cecf":"f.0188C052A461367D6D7471FED799024B.d.97DC2A952723C99F512DD17C318286F6.e.48"}} | headers=HTTPHeaderDict({'content-length': '126', 'content-type': 'application/json; charset=utf-8', 'cache-control': 'no-cache'})
DEBUG    selenium.webdriver.remote.remote_connection:remote_connection.py:356 Finished Request
DEBUG    selenium.webdriver.remote.remote_connection:remote_connection.py:313 POST http://selenium-hub:4444/wd/hub/session/cf4952d15d838f19f95718295e201dd4/execute/sync {"script": "/* isDisplayed */return (function(){return (function(){var k=this||self;function aa(a){return\"string\"==typeof a}function ba(a,b){a=a.split(\".\");var c=k;a[0]in c||\"undefined\"==typeof c.execScript||c.execScript(\"var \"+a[0]);for(var d;a.length&&(d=a.shift());)a.length||void 0===b?c[d]&&c[d]!==Object.prototype[d]?c=c[d]:c=c[d]={}:c[d]=b}\nfunction ca(a){var b=typeof a;if(\"object\"==b)if(a){if(a instanceof Array)return\"array\";if(a instanceof Object)return b;var c=Object.prototype.toString.call(a);if(\"[object Window]\"==c)return\"object\";if(\"[object Array]\"==c||\"number\"==typeof a.length&&\"undefined\"!=typeof a.splice&&\"undefined\"!=typeof a.propertyIsEnumerable&&!a.propertyIsEnumerable(\"splice\"))return\"array\";if(\"[object Function]\"==c||\"undefined\"!=typeof a.call&&\"undefined\"!=typeof a.propertyIsEnumerable&&!a.propertyIsEnumerable(\"call\"))return\"function\"}else return\"null\";\nelse if(\"function\"==b&&\"undefined\"==typeof a.call)return\"object\";return b}function da(a,b,c){return a.call.apply(a.bind,arguments)}function ea(a,b,c){if(!a)throw Error();if(2<arguments.length){var d=Array.prototype.slice.call(arguments,2);return function(){var e=Array.prototype.slice.call(arguments);Array.prototype.unshift.apply(e,d);return a.apply(b,e)}}return function(){return a.apply(b,arguments)}}\nfunction fa(a,b,c){Function.prototype.bind&&-1!=Function.prototype.bind.toString().indexOf(\"native code\")?fa=da:fa=ea;return fa.apply(null,arguments)}function ha(a,b){var c=Array.prototype.slice.call(arguments,1);return function(){var d=c.slice();d.push.apply(d,arguments);return a.apply(this,d)}}function l(a,b){function c(){}c.prototype=b.prototype;a.prototype=new c;a.prototype.constructor=a};/*\n\n The MIT License\n\n Copyright (c) 2007 Cybozu Labs, Inc.\n Copyright (c) 2012 Google Inc.\n\n Permission is hereby granted, free of charge, to any person obtaining a copy\n of this software and associated documentation files (the \"Software\"), to\n deal in the Software without restriction, including without limitation the\n rights to use, copy, modify, merge, publish, distribute, sublicense, and/or\n sell copies of the Software, and to permit persons to whom the Software is\n furnished to do so, subject to the following conditions:\n\n The above copyright notice and this permission notice shall be included in\n all copies or substantial portions of the Software.\n\n THE SOFTWARE IS PROVIDED \"AS IS\", WITHOUT WARRANTY OF ANY KIND, EXPRESS OR\n IMPLIED, INCLUDING BUT NOT LIMITED TO THE WARRANTIES OF MERCHANTABILITY,\n FITNESS FOR A PARTICULAR PURPOSE AND NONINFRINGEMENT. IN NO EVENT SHALL THE\n AUTHORS OR COPYRIGHT HOLDERS BE LIABLE FOR ANY CLAIM, DAMAGES OR OTHER\n LIABILITY, WHETHER IN AN ACTION OF CONTRACT, TORT OR OTHERWISE, ARISING\n FROM, OUT OF OR IN CONNECTION WITH THE SOFTWARE OR THE USE OR OTHER DEALINGS\n IN THE SOFTWARE.\n*/\nfunction ia(a,b,c){this.a=a;this.b=b||1;this.f=c||1};var ja=Array.prototype.indexOf?function(a,b){return Array.prototype.indexOf.call(a,b,void 0)}:function(a,b){if(\"string\"===typeof a)return\"string\"!==typeof b||1!=b.length?-1:a.indexOf(b,0);for(var c=0;c<a.length;c++)if(c in a&&a[c]===b)return c;return-1},n=Array.prototype.forEach?function(a,b){Array.prototype.forEach.call(a,b,void 0)}:function(a,b){for(var c=a.length,d=\"string\"===typeof a?a.split(\"\"):a,e=0;e<c;e++)e in d&&b.call(void 0,d[e],e,a)},ka=Array.prototype.filter?function(a,b){return Array.prototype.filter.call(a,\nb,void 0)}:function(a,b){for(var c=a.length,d=[],e=0,f=\"string\"===typeof a?a.split(\"\"):a,g=0;g<c;g++)if(g in f){var h=f[g];b.call(void 0,h,g,a)&&(d[e++]=h)}return d},la=Array.prototype.reduce?function(a,b,c){return Array.prototype.reduce.call(a,b,c)}:function(a,b,c){var d=c;n(a,function(e,f){d=b.call(void 0,d,e,f,a)});return d},ma=Array.prototype.some?function(a,b){return Array.prototype.some.call(a,b,void 0)}:function(a,b){for(var c=a.length,d=\"string\"===typeof a?a.split(\"\"):a,e=0;e<c;e++)if(e in\nd&&b.call(void 0,d[e],e,a))return!0;return!1},na=Array.prototype.every?function(a,b){return Array.prototype.every.call(a,b,void 0)}:function(a,b){for(var c=a.length,d=\"string\"===typeof a?a.split(\"\"):a,e=0;e<c;e++)if(e in d&&!b.call(void 0,d[e],e,a))return!1;return!0};function oa(a,b){a:{for(var c=a.length,d=\"string\"===typeof a?a.split(\"\"):a,e=0;e<c;e++)if(e in d&&b.call(void 0,d[e],e,a)){b=e;break a}b=-1}return 0>b?null:\"string\"===typeof a?a.charAt(b):a[b]}\nfunction pa(a){return Array.prototype.concat.apply([],arguments)}function qa(a,b,c){return 2>=arguments.length?Array.prototype.slice.call(a,b):Array.prototype.slice.call(a,b,c)};var ra=String.prototype.trim?function(a){return a.trim()}:function(a){return/^[\\s\\xa0]*([\\s\\S]*?)[\\s\\xa0]*$/.exec(a)[1]};function sa(a,b){return a<b?-1:a>b?1:0};var t;a:{var ta=k.navigator;if(ta){var ua=ta.userAgent;if(ua){t=ua;break a}}t=\"\"}function u(a){return-1!=t.indexOf(a)};function va(){return u(\"Firefox\")||u(\"FxiOS\")}function wa(){return(u(\"Chrome\")||u(\"CriOS\"))&&!u(\"Edge\")};function xa(a){return String(a).replace(/\\-([a-z])/g,function(b,c){return c.toUpperCase()})};function ya(){return u(\"iPhone\")&&!u(\"iPod\")&&!u(\"iPad\")};function za(a,b){var c=Aa;return Object.prototype.hasOwnProperty.call(c,a)?c[a]:c[a]=b(a)};var Ba=u(\"Opera\"),v=u(\"Trident\")||u(\"MSIE\"),Ca=u(\"Edge\"),Da=u(\"Gecko\")&&!(-1!=t.toLowerCase().indexOf(\"webkit\")&&!u(\"Edge\"))&&!(u(\"Trident\")||u(\"MSIE\"))&&!u(\"Edge\"),Ea=-1!=t.toLowerCase().indexOf(\"webkit\")&&!u(\"Edge\");function Fa(){var a=k.document;return a?a.documentMode:void 0}var Ga;\na:{var Ha=\"\",Ia=function(){var a=t;if(Da)return/rv:([^\\);]+)(\\)|;)/.exec(a);if(Ca)return/Edge\\/([\\d\\.]+)/.exec(a);if(v)return/\\b(?:MSIE|rv)[: ]([^\\);]+)(\\)|;)/.exec(a);if(Ea)return/WebKit\\/(\\S+)/.exec(a);if(Ba)return/(?:Version)[ \\/]?(\\S+)/.exec(a)}();Ia&&(Ha=Ia?Ia[1]:\"\");if(v){var Ja=Fa();if(null!=Ja&&Ja>parseFloat(Ha)){Ga=String(Ja);break a}}Ga=Ha}var Aa={};\nfunction Ka(a){return za(a,function(){for(var b=0,c=ra(String(Ga)).split(\".\"),d=ra(String(a)).split(\".\"),e=Math.max(c.length,d.length),f=0;0==b&&f<e;f++){var g=c[f]||\"\",h=d[f]||\"\";do{g=/(\\d*)(\\D*)(.*)/.exec(g)||[\"\",\"\",\"\",\"\"];h=/(\\d*)(\\D*)(.*)/.exec(h)||[\"\",\"\",\"\",\"\"];if(0==g[0].length&&0==h[0].length)break;b=sa(0==g[1].length?0:parseInt(g[1],10),0==h[1].length?0:parseInt(h[1],10))||sa(0==g[2].length,0==h[2].length)||sa(g[2],h[2]);g=g[3];h=h[3]}while(0==b)}return 0<=b})}var La;\nLa=k.document&&v?Fa():void 0;var x=v&&!(9<=Number(La)),Ma=v&&!(8<=Number(La));function Na(a,b,c,d){this.a=a;this.nodeName=c;this.nodeValue=d;this.nodeType=2;this.parentNode=this.ownerElement=b}function Oa(a,b){var c=Ma&&\"href\"==b.nodeName?a.getAttribute(b.nodeName,2):b.nodeValue;return new Na(b,a,b.nodeName,c)};function Pa(a){this.b=a;this.a=0}function Qa(a){a=a.match(Ra);for(var b=0;b<a.length;b++)Sa.test(a[b])&&a.splice(b,1);return new Pa(a)}var Ra=/\\$?(?:(?![0-9-\\.])(?:\\*|[\\w-\\.]+):)?(?![0-9-\\.])(?:\\*|[\\w-\\.]+)|\\/\\/|\\.\\.|::|\\d+(?:\\.\\d*)?|\\.\\d+|\"[^\"]*\"|'[^']*'|[!<>]=|\\s+|./g,Sa=/^\\s/;function y(a,b){return a.b[a.a+(b||0)]}function z(a){return a.b[a.a++]}function Ta(a){return a.b.length<=a.a};function Ua(a,b){this.x=void 0!==a?a:0;this.y=void 0!==b?b:0}Ua.prototype.ceil=function(){this.x=Math.ceil(this.x);this.y=Math.ceil(this.y);return this};Ua.prototype.floor=function(){this.x=Math.floor(this.x);this.y=Math.floor(this.y);return this};Ua.prototype.round=function(){this.x=Math.round(this.x);this.y=Math.round(this.y);return this};function Va(a,b){this.width=a;this.height=b}Va.prototype.aspectRatio=function(){return this.width/this.height};Va.prototype.ceil=function(){this.width=Math.ceil(this.width);this.height=Math.ceil(this.height);return this};Va.prototype.floor=function(){this.width=Math.floor(this.width);this.height=Math.floor(this.height);return this};Va.prototype.round=function(){this.width=Math.round(this.width);this.height=Math.round(this.height);return this};function Wa(a,b){if(!a||!b)return!1;if(a.contains&&1==b.nodeType)return a==b||a.contains(b);if(\"undefined\"!=typeof a.compareDocumentPosition)return a==b||!!(a.compareDocumentPosition(b)&16);for(;b&&a!=b;)b=b.parentNode;return b==a}\nfunction Xa(a,b){if(a==b)return 0;if(a.compareDocumentPosition)return a.compareDocumentPosition(b)&2?1:-1;if(v&&!(9<=Number(La))){if(9==a.nodeType)return-1;if(9==b.nodeType)return 1}if(\"sourceIndex\"in a||a.parentNode&&\"sourceIndex\"in a.parentNode){var c=1==a.nodeType,d=1==b.nodeType;if(c&&d)return a.sourceIndex-b.sourceIndex;var e=a.parentNode,f=b.parentNode;return e==f?Ya(a,b):!c&&Wa(e,b)?-1*Za(a,b):!d&&Wa(f,a)?Za(b,a):(c?a.sourceIndex:e.sourceIndex)-(d?b.sourceIndex:f.sourceIndex)}d=A(a);c=d.createRange();\nc.selectNode(a);c.collapse(!0);a=d.createRange();a.selectNode(b);a.collapse(!0);return c.compareBoundaryPoints(k.Range.START_TO_END,a)}function Za(a,b){var c=a.parentNode;if(c==b)return-1;for(;b.parentNode!=c;)b=b.parentNode;return Ya(b,a)}function Ya(a,b){for(;b=b.previousSibling;)if(b==a)return-1;return 1}function A(a){return 9==a.nodeType?a:a.ownerDocument||a.document}function $a(a,b){a&&(a=a.parentNode);for(var c=0;a;){if(b(a))return a;a=a.parentNode;c++}return null}\nfunction ab(a){this.a=a||k.document||document}ab.prototype.getElementsByTagName=function(a,b){return(b||this.a).getElementsByTagName(String(a))};function B(a){var b=null,c=a.nodeType;1==c&&(b=a.textContent,b=void 0==b||null==b?a.innerText:b,b=void 0==b||null==b?\"\":b);if(\"string\"!=typeof b)if(x&&\"title\"==a.nodeName.toLowerCase()&&1==c)b=a.text;else if(9==c||1==c){a=9==c?a.documentElement:a.firstChild;c=0;var d=[];for(b=\"\";a;){do 1!=a.nodeType&&(b+=a.nodeValue),x&&\"title\"==a.nodeName.toLowerCase()&&(b+=a.text),d[c++]=a;while(a=a.firstChild);for(;c&&!(a=d[--c].nextSibling););}}else b=a.nodeValue;return b}\nfunction C(a,b,c){if(null===b)return!0;try{if(!a.getAttribute)return!1}catch(d){return!1}Ma&&\"class\"==b&&(b=\"className\");return null==c?!!a.getAttribute(b):a.getAttribute(b,2)==c}function bb(a,b,c,d,e){return(x?cb:db).call(null,a,b,aa(c)?c:null,aa(d)?d:null,e||new E)}\nfunction cb(a,b,c,d,e){if(a instanceof F||8==a.b||c&&null===a.b){var f=b.all;if(!f)return e;a=eb(a);if(\"*\"!=a&&(f=b.getElementsByTagName(a),!f))return e;if(c){for(var g=[],h=0;b=f[h++];)C(b,c,d)&&g.push(b);f=g}for(h=0;b=f[h++];)\"*\"==a&&\"!\"==b.tagName||e.add(b);return e}gb(a,b,c,d,e);return e}\nfunction db(a,b,c,d,e){b.getElementsByName&&d&&\"name\"==c&&!v?(b=b.getElementsByName(d),n(b,function(f){a.a(f)&&e.add(f)})):b.getElementsByClassName&&d&&\"class\"==c?(b=b.getElementsByClassName(d),n(b,function(f){f.className==d&&a.a(f)&&e.add(f)})):a instanceof G?gb(a,b,c,d,e):b.getElementsByTagName&&(b=b.getElementsByTagName(a.f()),n(b,function(f){C(f,c,d)&&e.add(f)}));return e}\nfunction hb(a,b,c,d,e){var f;if((a instanceof F||8==a.b||c&&null===a.b)&&(f=b.childNodes)){var g=eb(a);if(\"*\"!=g&&(f=ka(f,function(h){return h.tagName&&h.tagName.toLowerCase()==g}),!f))return e;c&&(f=ka(f,function(h){return C(h,c,d)}));n(f,function(h){\"*\"==g&&(\"!\"==h.tagName||\"*\"==g&&1!=h.nodeType)||e.add(h)});return e}return ib(a,b,c,d,e)}function ib(a,b,c,d,e){for(b=b.firstChild;b;b=b.nextSibling)C(b,c,d)&&a.a(b)&&e.add(b);return e}\nfunction gb(a,b,c,d,e){for(b=b.firstChild;b;b=b.nextSibling)C(b,c,d)&&a.a(b)&&e.add(b),gb(a,b,c,d,e)}function eb(a){if(a instanceof G){if(8==a.b)return\"!\";if(null===a.b)return\"*\"}return a.f()};function E(){this.b=this.a=null;this.l=0}function jb(a){this.f=a;this.a=this.b=null}function kb(a,b){if(!a.a)return b;if(!b.a)return a;var c=a.a;b=b.a;for(var d=null,e,f=0;c&&b;){e=c.f;var g=b.f;e==g||e instanceof Na&&g instanceof Na&&e.a==g.a?(e=c,c=c.a,b=b.a):0<Xa(c.f,b.f)?(e=b,b=b.a):(e=c,c=c.a);(e.b=d)?d.a=e:a.a=e;d=e;f++}for(e=c||b;e;)e.b=d,d=d.a=e,f++,e=e.a;a.b=d;a.l=f;return a}function lb(a,b){b=new jb(b);b.a=a.a;a.b?a.a.b=b:a.a=a.b=b;a.a=b;a.l++}\nE.prototype.add=function(a){a=new jb(a);a.b=this.b;this.a?this.b.a=a:this.a=this.b=a;this.b=a;this.l++};function mb(a){return(a=a.a)?a.f:null}function nb(a){return(a=mb(a))?B(a):\"\"}function H(a,b){return new ob(a,!!b)}function ob(a,b){this.f=a;this.b=(this.s=b)?a.b:a.a;this.a=null}function I(a){var b=a.b;if(null==b)return null;var c=a.a=b;a.b=a.s?b.b:b.a;return c.f};function J(a){this.i=a;this.b=this.g=!1;this.f=null}function K(a){return\"\\n  \"+a.toString().split(\"\\n\").join(\"\\n  \")}function pb(a,b){a.g=b}function qb(a,b){a.b=b}function N(a,b){a=a.a(b);return a instanceof E?+nb(a):+a}function O(a,b){a=a.a(b);return a instanceof E?nb(a):\"\"+a}function rb(a,b){a=a.a(b);return a instanceof E?!!a.l:!!a};function sb(a,b,c){J.call(this,a.i);this.c=a;this.h=b;this.o=c;this.g=b.g||c.g;this.b=b.b||c.b;this.c==tb&&(c.b||c.g||4==c.i||0==c.i||!b.f?b.b||b.g||4==b.i||0==b.i||!c.f||(this.f={name:c.f.name,u:b}):this.f={name:b.f.name,u:c})}l(sb,J);\nfunction ub(a,b,c,d,e){b=b.a(d);c=c.a(d);var f;if(b instanceof E&&c instanceof E){b=H(b);for(d=I(b);d;d=I(b))for(e=H(c),f=I(e);f;f=I(e))if(a(B(d),B(f)))return!0;return!1}if(b instanceof E||c instanceof E){b instanceof E?(e=b,d=c):(e=c,d=b);f=H(e);for(var g=typeof d,h=I(f);h;h=I(f)){switch(g){case \"number\":h=+B(h);break;case \"boolean\":h=!!B(h);break;case \"string\":h=B(h);break;default:throw Error(\"Illegal primitive type for comparison.\");}if(e==b&&a(h,d)||e==c&&a(d,h))return!0}return!1}return e?\"boolean\"==\ntypeof b||\"boolean\"==typeof c?a(!!b,!!c):\"number\"==typeof b||\"number\"==typeof c?a(+b,+c):a(b,c):a(+b,+c)}sb.prototype.a=function(a){return this.c.m(this.h,this.o,a)};sb.prototype.toString=function(){var a=\"Binary Expression: \"+this.c;a+=K(this.h);return a+=K(this.o)};function vb(a,b,c,d){this.I=a;this.D=b;this.i=c;this.m=d}vb.prototype.toString=function(){return this.I};var wb={};\nfunction P(a,b,c,d){if(wb.hasOwnProperty(a))throw Error(\"Binary operator already created: \"+a);a=new vb(a,b,c,d);return wb[a.toString()]=a}P(\"div\",6,1,function(a,b,c){return N(a,c)/N(b,c)});P(\"mod\",6,1,function(a,b,c){return N(a,c)%N(b,c)});P(\"*\",6,1,function(a,b,c){return N(a,c)*N(b,c)});P(\"+\",5,1,function(a,b,c){return N(a,c)+N(b,c)});P(\"-\",5,1,function(a,b,c){return N(a,c)-N(b,c)});P(\"<\",4,2,function(a,b,c){return ub(function(d,e){return d<e},a,b,c)});\nP(\">\",4,2,function(a,b,c){return ub(function(d,e){return d>e},a,b,c)});P(\"<=\",4,2,function(a,b,c){return ub(function(d,e){return d<=e},a,b,c)});P(\">=\",4,2,function(a,b,c){return ub(function(d,e){return d>=e},a,b,c)});var tb=P(\"=\",3,2,function(a,b,c){return ub(function(d,e){return d==e},a,b,c,!0)});P(\"!=\",3,2,function(a,b,c){return ub(function(d,e){return d!=e},a,b,c,!0)});P(\"and\",2,2,function(a,b,c){return rb(a,c)&&rb(b,c)});P(\"or\",1,2,function(a,b,c){return rb(a,c)||rb(b,c)});function xb(a,b){if(b.a.length&&4!=a.i)throw Error(\"Primary expression must evaluate to nodeset if filter has predicate(s).\");J.call(this,a.i);this.c=a;this.h=b;this.g=a.g;this.b=a.b}l(xb,J);xb.prototype.a=function(a){a=this.c.a(a);return yb(this.h,a)};xb.prototype.toString=function(){var a=\"Filter:\"+K(this.c);return a+=K(this.h)};function zb(a,b){if(b.length<a.C)throw Error(\"Function \"+a.j+\" expects at least\"+a.C+\" arguments, \"+b.length+\" given\");if(null!==a.B&&b.length>a.B)throw Error(\"Function \"+a.j+\" expects at most \"+a.B+\" arguments, \"+b.length+\" given\");a.H&&n(b,function(c,d){if(4!=c.i)throw Error(\"Argument \"+d+\" to function \"+a.j+\" is not of type Nodeset: \"+c);});J.call(this,a.i);this.v=a;this.c=b;pb(this,a.g||ma(b,function(c){return c.g}));qb(this,a.G&&!b.length||a.F&&!!b.length||ma(b,function(c){return c.b}))}\nl(zb,J);zb.prototype.a=function(a){return this.v.m.apply(null,pa(a,this.c))};zb.prototype.toString=function(){var a=\"Function: \"+this.v;if(this.c.length){var b=la(this.c,function(c,d){return c+K(d)},\"Arguments:\");a+=K(b)}return a};function Ab(a,b,c,d,e,f,g,h){this.j=a;this.i=b;this.g=c;this.G=d;this.F=!1;this.m=e;this.C=f;this.B=void 0!==g?g:f;this.H=!!h}Ab.prototype.toString=function(){return this.j};var Bb={};\nfunction Q(a,b,c,d,e,f,g,h){if(Bb.hasOwnProperty(a))throw Error(\"Function already created: \"+a+\".\");Bb[a]=new Ab(a,b,c,d,e,f,g,h)}Q(\"boolean\",2,!1,!1,function(a,b){return rb(b,a)},1);Q(\"ceiling\",1,!1,!1,function(a,b){return Math.ceil(N(b,a))},1);Q(\"concat\",3,!1,!1,function(a,b){return la(qa(arguments,1),function(c,d){return c+O(d,a)},\"\")},2,null);Q(\"contains\",2,!1,!1,function(a,b,c){b=O(b,a);a=O(c,a);return-1!=b.indexOf(a)},2);Q(\"count\",1,!1,!1,function(a,b){return b.a(a).l},1,1,!0);\nQ(\"false\",2,!1,!1,function(){return!1},0);Q(\"floor\",1,!1,!1,function(a,b){return Math.floor(N(b,a))},1);Q(\"id\",4,!1,!1,function(a,b){function c(h){if(x){var m=e.all[h];if(m){if(m.nodeType&&h==m.id)return m;if(m.length)return oa(m,function(w){return h==w.id})}return null}return e.getElementById(h)}var d=a.a,e=9==d.nodeType?d:d.ownerDocument;a=O(b,a).split(/\\s+/);var f=[];n(a,function(h){h=c(h);!h||0<=ja(f,h)||f.push(h)});f.sort(Xa);var g=new E;n(f,function(h){g.add(h)});return g},1);\nQ(\"lang\",2,!1,!1,function(){return!1},1);Q(\"last\",1,!0,!1,function(a){if(1!=arguments.length)throw Error(\"Function last expects ()\");return a.f},0);Q(\"local-name\",3,!1,!0,function(a,b){return(a=b?mb(b.a(a)):a.a)?a.localName||a.nodeName.toLowerCase():\"\"},0,1,!0);Q(\"name\",3,!1,!0,function(a,b){return(a=b?mb(b.a(a)):a.a)?a.nodeName.toLowerCase():\"\"},0,1,!0);Q(\"namespace-uri\",3,!0,!1,function(){return\"\"},0,1,!0);\nQ(\"normalize-space\",3,!1,!0,function(a,b){return(b?O(b,a):B(a.a)).replace(/[\\s\\xa0]+/g,\" \").replace(/^\\s+|\\s+$/g,\"\")},0,1);Q(\"not\",2,!1,!1,function(a,b){return!rb(b,a)},1);Q(\"number\",1,!1,!0,function(a,b){return b?N(b,a):+B(a.a)},0,1);Q(\"position\",1,!0,!1,function(a){return a.b},0);Q(\"round\",1,!1,!1,function(a,b){return Math.round(N(b,a))},1);Q(\"starts-with\",2,!1,!1,function(a,b,c){b=O(b,a);a=O(c,a);return 0==b.lastIndexOf(a,0)},2);Q(\"string\",3,!1,!0,function(a,b){return b?O(b,a):B(a.a)},0,1);\nQ(\"string-length\",1,!1,!0,function(a,b){return(b?O(b,a):B(a.a)).length},0,1);Q(\"substring\",3,!1,!1,function(a,b,c,d){c=N(c,a);if(isNaN(c)||Infinity==c||-Infinity==c)return\"\";d=d?N(d,a):Infinity;if(isNaN(d)||-Infinity===d)return\"\";c=Math.round(c)-1;var e=Math.max(c,0);a=O(b,a);return Infinity==d?a.substring(e):a.substring(e,c+Math.round(d))},2,3);Q(\"substring-after\",3,!1,!1,function(a,b,c){b=O(b,a);a=O(c,a);c=b.indexOf(a);return-1==c?\"\":b.substring(c+a.length)},2);\nQ(\"substring-before\",3,!1,!1,function(a,b,c){b=O(b,a);a=O(c,a);a=b.indexOf(a);return-1==a?\"\":b.substring(0,a)},2);Q(\"sum\",1,!1,!1,function(a,b){a=H(b.a(a));b=0;for(var c=I(a);c;c=I(a))b+=+B(c);return b},1,1,!0);Q(\"translate\",3,!1,!1,function(a,b,c,d){b=O(b,a);c=O(c,a);var e=O(d,a);a={};for(d=0;d<c.length;d++){var f=c.charAt(d);f in a||(a[f]=e.charAt(d))}c=\"\";for(d=0;d<b.length;d++)f=b.charAt(d),c+=f in a?a[f]:f;return c},3);Q(\"true\",2,!1,!1,function(){return!0},0);function G(a,b){this.h=a;this.c=void 0!==b?b:null;this.b=null;switch(a){case \"comment\":this.b=8;break;case \"text\":this.b=3;break;case \"processing-instruction\":this.b=7;break;case \"node\":break;default:throw Error(\"Unexpected argument\");}}function Cb(a){return\"comment\"==a||\"text\"==a||\"processing-instruction\"==a||\"node\"==a}G.prototype.a=function(a){return null===this.b||this.b==a.nodeType};G.prototype.f=function(){return this.h};\nG.prototype.toString=function(){var a=\"Kind Test: \"+this.h;null===this.c||(a+=K(this.c));return a};function Db(a){J.call(this,3);this.c=a.substring(1,a.length-1)}l(Db,J);Db.prototype.a=function(){return this.c};Db.prototype.toString=function(){return\"Literal: \"+this.c};function F(a,b){this.j=a.toLowerCase();a=\"*\"==this.j?\"*\":\"http://www.w3.org/1999/xhtml\";this.c=b?b.toLowerCase():a}F.prototype.a=function(a){var b=a.nodeType;if(1!=b&&2!=b)return!1;b=void 0!==a.localName?a.localName:a.nodeName;return\"*\"!=this.j&&this.j!=b.toLowerCase()?!1:\"*\"==this.c?!0:this.c==(a.namespaceURI?a.namespaceURI.toLowerCase():\"http://www.w3.org/1999/xhtml\")};F.prototype.f=function(){return this.j};\nF.prototype.toString=function(){return\"Name Test: \"+(\"http://www.w3.org/1999/xhtml\"==this.c?\"\":this.c+\":\")+this.j};function Eb(a){J.call(this,1);this.c=a}l(Eb,J);Eb.prototype.a=function(){return this.c};Eb.prototype.toString=function(){return\"Number: \"+this.c};function Fb(a,b){J.call(this,a.i);this.h=a;this.c=b;this.g=a.g;this.b=a.b;1==this.c.length&&(a=this.c[0],a.A||a.c!=Gb||(a=a.o,\"*\"!=a.f()&&(this.f={name:a.f(),u:null})))}l(Fb,J);function Hb(){J.call(this,4)}l(Hb,J);Hb.prototype.a=function(a){var b=new E;a=a.a;9==a.nodeType?b.add(a):b.add(a.ownerDocument);return b};Hb.prototype.toString=function(){return\"Root Helper Expression\"};function Ib(){J.call(this,4)}l(Ib,J);Ib.prototype.a=function(a){var b=new E;b.add(a.a);return b};Ib.prototype.toString=function(){return\"Context Helper Expression\"};\nfunction Jb(a){return\"/\"==a||\"//\"==a}Fb.prototype.a=function(a){var b=this.h.a(a);if(!(b instanceof E))throw Error(\"Filter expression must evaluate to nodeset.\");a=this.c;for(var c=0,d=a.length;c<d&&b.l;c++){var e=a[c],f=H(b,e.c.s);if(e.g||e.c!=Kb)if(e.g||e.c!=Lb){var g=I(f);for(b=e.a(new ia(g));null!=(g=I(f));)g=e.a(new ia(g)),b=kb(b,g)}else g=I(f),b=e.a(new ia(g));else{for(g=I(f);(b=I(f))&&(!g.contains||g.contains(b))&&b.compareDocumentPosition(g)&8;g=b);b=e.a(new ia(g))}}return b};\nFb.prototype.toString=function(){var a=\"Path Expression:\"+K(this.h);if(this.c.length){var b=la(this.c,function(c,d){return c+K(d)},\"Steps:\");a+=K(b)}return a};function Mb(a,b){this.a=a;this.s=!!b}\nfunction yb(a,b,c){for(c=c||0;c<a.a.length;c++)for(var d=a.a[c],e=H(b),f=b.l,g,h=0;g=I(e);h++){var m=a.s?f-h:h+1;g=d.a(new ia(g,m,f));if(\"number\"==typeof g)m=m==g;else if(\"string\"==typeof g||\"boolean\"==typeof g)m=!!g;else if(g instanceof E)m=0<g.l;else throw Error(\"Predicate.evaluate returned an unexpected type.\");if(!m){m=e;g=m.f;var w=m.a;if(!w)throw Error(\"Next must be called at least once before remove.\");var r=w.b;w=w.a;r?r.a=w:g.a=w;w?w.b=r:g.b=r;g.l--;m.a=null}}return b}\nMb.prototype.toString=function(){return la(this.a,function(a,b){return a+K(b)},\"Predicates:\")};function R(a,b,c,d){J.call(this,4);this.c=a;this.o=b;this.h=c||new Mb([]);this.A=!!d;b=this.h;b=0<b.a.length?b.a[0].f:null;a.J&&b&&(a=b.name,a=x?a.toLowerCase():a,this.f={name:a,u:b.u});a:{a=this.h;for(b=0;b<a.a.length;b++)if(c=a.a[b],c.g||1==c.i||0==c.i){a=!0;break a}a=!1}this.g=a}l(R,J);\nR.prototype.a=function(a){var b=a.a,c=this.f,d=null,e=null,f=0;c&&(d=c.name,e=c.u?O(c.u,a):null,f=1);if(this.A)if(this.g||this.c!=Nb)if(b=H((new R(Ob,new G(\"node\"))).a(a)),c=I(b))for(a=this.m(c,d,e,f);null!=(c=I(b));)a=kb(a,this.m(c,d,e,f));else a=new E;else a=bb(this.o,b,d,e),a=yb(this.h,a,f);else a=this.m(a.a,d,e,f);return a};R.prototype.m=function(a,b,c,d){a=this.c.v(this.o,a,b,c);return a=yb(this.h,a,d)};\nR.prototype.toString=function(){var a=\"Step:\"+K(\"Operator: \"+(this.A?\"//\":\"/\"));this.c.j&&(a+=K(\"Axis: \"+this.c));a+=K(this.o);if(this.h.a.length){var b=la(this.h.a,function(c,d){return c+K(d)},\"Predicates:\");a+=K(b)}return a};function Pb(a,b,c,d){this.j=a;this.v=b;this.s=c;this.J=d}Pb.prototype.toString=function(){return this.j};var Qb={};function S(a,b,c,d){if(Qb.hasOwnProperty(a))throw Error(\"Axis already created: \"+a);b=new Pb(a,b,c,!!d);return Qb[a]=b}\nS(\"ancestor\",function(a,b){for(var c=new E;b=b.parentNode;)a.a(b)&&lb(c,b);return c},!0);S(\"ancestor-or-self\",function(a,b){var c=new E;do a.a(b)&&lb(c,b);while(b=b.parentNode);return c},!0);\nvar Gb=S(\"attribute\",function(a,b){var c=new E,d=a.f();if(\"style\"==d&&x&&b.style)return c.add(new Na(b.style,b,\"style\",b.style.cssText)),c;var e=b.attributes;if(e)if(a instanceof G&&null===a.b||\"*\"==d)for(a=0;d=e[a];a++)x?d.nodeValue&&c.add(Oa(b,d)):c.add(d);else(d=e.getNamedItem(d))&&(x?d.nodeValue&&c.add(Oa(b,d)):c.add(d));return c},!1),Nb=S(\"child\",function(a,b,c,d,e){return(x?hb:ib).call(null,a,b,aa(c)?c:null,aa(d)?d:null,e||new E)},!1,!0);S(\"descendant\",bb,!1,!0);\nvar Ob=S(\"descendant-or-self\",function(a,b,c,d){var e=new E;C(b,c,d)&&a.a(b)&&e.add(b);return bb(a,b,c,d,e)},!1,!0),Kb=S(\"following\",function(a,b,c,d){var e=new E;do for(var f=b;f=f.nextSibling;)C(f,c,d)&&a.a(f)&&e.add(f),e=bb(a,f,c,d,e);while(b=b.parentNode);return e},!1,!0);S(\"following-sibling\",function(a,b){for(var c=new E;b=b.nextSibling;)a.a(b)&&c.add(b);return c},!1);S(\"namespace\",function(){return new E},!1);\nvar Rb=S(\"parent\",function(a,b){var c=new E;if(9==b.nodeType)return c;if(2==b.nodeType)return c.add(b.ownerElement),c;b=b.parentNode;a.a(b)&&c.add(b);return c},!1),Lb=S(\"preceding\",function(a,b,c,d){var e=new E,f=[];do f.unshift(b);while(b=b.parentNode);for(var g=1,h=f.length;g<h;g++){var m=[];for(b=f[g];b=b.previousSibling;)m.unshift(b);for(var w=0,r=m.length;w<r;w++)b=m[w],C(b,c,d)&&a.a(b)&&e.add(b),e=bb(a,b,c,d,e)}return e},!0,!0);\nS(\"preceding-sibling\",function(a,b){for(var c=new E;b=b.previousSibling;)a.a(b)&&lb(c,b);return c},!0);var Sb=S(\"self\",function(a,b){var c=new E;a.a(b)&&c.add(b);return c},!1);function Tb(a){J.call(this,1);this.c=a;this.g=a.g;this.b=a.b}l(Tb,J);Tb.prototype.a=function(a){return-N(this.c,a)};Tb.prototype.toString=function(){return\"Unary Expression: -\"+K(this.c)};function Ub(a){J.call(this,4);this.c=a;pb(this,ma(this.c,function(b){return b.g}));qb(this,ma(this.c,function(b){return b.b}))}l(Ub,J);Ub.prototype.a=function(a){var b=new E;n(this.c,function(c){c=c.a(a);if(!(c instanceof E))throw Error(\"Path expression must evaluate to NodeSet.\");b=kb(b,c)});return b};Ub.prototype.toString=function(){return la(this.c,function(a,b){return a+K(b)},\"Union Expression:\")};function Vb(a,b){this.a=a;this.b=b}function Yb(a){for(var b,c=[];;){T(a,\"Missing right hand side of binary expression.\");b=Zb(a);var d=z(a.a);if(!d)break;var e=(d=wb[d]||null)&&d.D;if(!e){a.a.a--;break}for(;c.length&&e<=c[c.length-1].D;)b=new sb(c.pop(),c.pop(),b);c.push(b,d)}for(;c.length;)b=new sb(c.pop(),c.pop(),b);return b}function T(a,b){if(Ta(a.a))throw Error(b);}function $b(a,b){a=z(a.a);if(a!=b)throw Error(\"Bad token, expected: \"+b+\" got: \"+a);}\nfunction ac(a){a=z(a.a);if(\")\"!=a)throw Error(\"Bad token: \"+a);}function bc(a){a=z(a.a);if(2>a.length)throw Error(\"Unclosed literal string\");return new Db(a)}\nfunction cc(a){var b=[];if(Jb(y(a.a))){var c=z(a.a);var d=y(a.a);if(\"/\"==c&&(Ta(a.a)||\".\"!=d&&\"..\"!=d&&\"@\"!=d&&\"*\"!=d&&!/(?![0-9])[\\w]/.test(d)))return new Hb;d=new Hb;T(a,\"Missing next location step.\");c=dc(a,c);b.push(c)}else{a:{c=y(a.a);d=c.charAt(0);switch(d){case \"$\":throw Error(\"Variable reference not allowed in HTML XPath\");case \"(\":z(a.a);c=Yb(a);T(a,'unclosed \"(\"');$b(a,\")\");break;case '\"':case \"'\":c=bc(a);break;default:if(isNaN(+c))if(!Cb(c)&&/(?![0-9])[\\w]/.test(d)&&\"(\"==y(a.a,1)){c=z(a.a);\nc=Bb[c]||null;z(a.a);for(d=[];\")\"!=y(a.a);){T(a,\"Missing function argument list.\");d.push(Yb(a));if(\",\"!=y(a.a))break;z(a.a)}T(a,\"Unclosed function argument list.\");ac(a);c=new zb(c,d)}else{c=null;break a}else c=new Eb(+z(a.a))}\"[\"==y(a.a)&&(d=new Mb(ec(a)),c=new xb(c,d))}if(c)if(Jb(y(a.a)))d=c;else return c;else c=dc(a,\"/\"),d=new Ib,b.push(c)}for(;Jb(y(a.a));)c=z(a.a),T(a,\"Missing next location step.\"),c=dc(a,c),b.push(c);return new Fb(d,b)}\nfunction dc(a,b){if(\"/\"!=b&&\"//\"!=b)throw Error('Step op should be \"/\" or \"//\"');if(\".\"==y(a.a)){var c=new R(Sb,new G(\"node\"));z(a.a);return c}if(\"..\"==y(a.a))return c=new R(Rb,new G(\"node\")),z(a.a),c;if(\"@\"==y(a.a)){var d=Gb;z(a.a);T(a,\"Missing attribute name\")}else if(\"::\"==y(a.a,1)){if(!/(?![0-9])[\\w]/.test(y(a.a).charAt(0)))throw Error(\"Bad token: \"+z(a.a));var e=z(a.a);d=Qb[e]||null;if(!d)throw Error(\"No axis with name: \"+e);z(a.a);T(a,\"Missing node name\")}else d=Nb;e=y(a.a);if(/(?![0-9])[\\w\\*]/.test(e.charAt(0)))if(\"(\"==\ny(a.a,1)){if(!Cb(e))throw Error(\"Invalid node type: \"+e);e=z(a.a);if(!Cb(e))throw Error(\"Invalid type name: \"+e);$b(a,\"(\");T(a,\"Bad nodetype\");var f=y(a.a).charAt(0),g=null;if('\"'==f||\"'\"==f)g=bc(a);T(a,\"Bad nodetype\");ac(a);e=new G(e,g)}else if(e=z(a.a),f=e.indexOf(\":\"),-1==f)e=new F(e);else{g=e.substring(0,f);if(\"*\"==g)var h=\"*\";else if(h=a.b(g),!h)throw Error(\"Namespace prefix not declared: \"+g);e=e.substr(f+1);e=new F(e,h)}else throw Error(\"Bad token: \"+z(a.a));a=new Mb(ec(a),d.s);return c||new R(d,\ne,a,\"//\"==b)}function ec(a){for(var b=[];\"[\"==y(a.a);){z(a.a);T(a,\"Missing predicate expression.\");var c=Yb(a);b.push(c);T(a,\"Unclosed predicate expression.\");$b(a,\"]\")}return b}function Zb(a){if(\"-\"==y(a.a))return z(a.a),new Tb(Zb(a));var b=cc(a);if(\"|\"!=y(a.a))a=b;else{for(b=[b];\"|\"==z(a.a);)T(a,\"Missing next union location path.\"),b.push(cc(a));a.a.a--;a=new Ub(b)}return a};function fc(a){switch(a.nodeType){case 1:return ha(gc,a);case 9:return fc(a.documentElement);case 11:case 10:case 6:case 12:return hc;default:return a.parentNode?fc(a.parentNode):hc}}function hc(){return null}function gc(a,b){if(a.prefix==b)return a.namespaceURI||\"http://www.w3.org/1999/xhtml\";var c=a.getAttributeNode(\"xmlns:\"+b);return c&&c.specified?c.value||null:a.parentNode&&9!=a.parentNode.nodeType?gc(a.parentNode,b):null};function ic(a,b){if(!a.length)throw Error(\"Empty XPath expression.\");a=Qa(a);if(Ta(a))throw Error(\"Invalid XPath expression.\");b?\"function\"==ca(b)||(b=fa(b.lookupNamespaceURI,b)):b=function(){return null};var c=Yb(new Vb(a,b));if(!Ta(a))throw Error(\"Bad token: \"+z(a));this.evaluate=function(d,e){d=c.a(new ia(d));return new U(d,e)}}\nfunction U(a,b){if(0==b)if(a instanceof E)b=4;else if(\"string\"==typeof a)b=2;else if(\"number\"==typeof a)b=1;else if(\"boolean\"==typeof a)b=3;else throw Error(\"Unexpected evaluation result.\");if(2!=b&&1!=b&&3!=b&&!(a instanceof E))throw Error(\"value could not be converted to the specified type\");this.resultType=b;switch(b){case 2:this.stringValue=a instanceof E?nb(a):\"\"+a;break;case 1:this.numberValue=a instanceof E?+nb(a):+a;break;case 3:this.booleanValue=a instanceof E?0<a.l:!!a;break;case 4:case 5:case 6:case 7:var c=\nH(a);var d=[];for(var e=I(c);e;e=I(c))d.push(e instanceof Na?e.a:e);this.snapshotLength=a.l;this.invalidIteratorState=!1;break;case 8:case 9:a=mb(a);this.singleNodeValue=a instanceof Na?a.a:a;break;default:throw Error(\"Unknown XPathResult type.\");}var f=0;this.iterateNext=function(){if(4!=b&&5!=b)throw Error(\"iterateNext called with wrong result type\");return f>=d.length?null:d[f++]};this.snapshotItem=function(g){if(6!=b&&7!=b)throw Error(\"snapshotItem called with wrong result type\");return g>=d.length||\n0>g?null:d[g]}}U.ANY_TYPE=0;U.NUMBER_TYPE=1;U.STRING_TYPE=2;U.BOOLEAN_TYPE=3;U.UNORDERED_NODE_ITERATOR_TYPE=4;U.ORDERED_NODE_ITERATOR_TYPE=5;U.UNORDERED_NODE_SNAPSHOT_TYPE=6;U.ORDERED_NODE_SNAPSHOT_TYPE=7;U.ANY_UNORDERED_NODE_TYPE=8;U.FIRST_ORDERED_NODE_TYPE=9;function jc(a){this.lookupNamespaceURI=fc(a)}\nfunction kc(a,b){a=a||k;var c=a.Document&&a.Document.prototype||a.document;if(!c.evaluate||b)a.XPathResult=U,c.evaluate=function(d,e,f,g){return(new ic(d,f)).evaluate(e,g)},c.createExpression=function(d,e){return new ic(d,e)},c.createNSResolver=function(d){return new jc(d)}}ba(\"wgxpath.install\",kc);ba(\"wgxpath.install\",kc);var lc={aliceblue:\"#f0f8ff\",antiquewhite:\"#faebd7\",aqua:\"#00ffff\",aquamarine:\"#7fffd4\",azure:\"#f0ffff\",beige:\"#f5f5dc\",bisque:\"#ffe4c4\",black:\"#000000\",blanchedalmond:\"#ffebcd\",blue:\"#0000ff\",blueviolet:\"#8a2be2\",brown:\"#a52a2a\",burlywood:\"#deb887\",cadetblue:\"#5f9ea0\",chartreuse:\"#7fff00\",chocolate:\"#d2691e\",coral:\"#ff7f50\",cornflowerblue:\"#6495ed\",cornsilk:\"#fff8dc\",crimson:\"#dc143c\",cyan:\"#00ffff\",darkblue:\"#00008b\",darkcyan:\"#008b8b\",darkgoldenrod:\"#b8860b\",darkgray:\"#a9a9a9\",darkgreen:\"#006400\",\ndarkgrey:\"#a9a9a9\",darkkhaki:\"#bdb76b\",darkmagenta:\"#8b008b\",darkolivegreen:\"#556b2f\",darkorange:\"#ff8c00\",darkorchid:\"#9932cc\",darkred:\"#8b0000\",darksalmon:\"#e9967a\",darkseagreen:\"#8fbc8f\",darkslateblue:\"#483d8b\",darkslategray:\"#2f4f4f\",darkslategrey:\"#2f4f4f\",darkturquoise:\"#00ced1\",darkviolet:\"#9400d3\",deeppink:\"#ff1493\",deepskyblue:\"#00bfff\",dimgray:\"#696969\",dimgrey:\"#696969\",dodgerblue:\"#1e90ff\",firebrick:\"#b22222\",floralwhite:\"#fffaf0\",forestgreen:\"#228b22\",fuchsia:\"#ff00ff\",gainsboro:\"#dcdcdc\",\nghostwhite:\"#f8f8ff\",gold:\"#ffd700\",goldenrod:\"#daa520\",gray:\"#808080\",green:\"#008000\",greenyellow:\"#adff2f\",grey:\"#808080\",honeydew:\"#f0fff0\",hotpink:\"#ff69b4\",indianred:\"#cd5c5c\",indigo:\"#4b0082\",ivory:\"#fffff0\",khaki:\"#f0e68c\",lavender:\"#e6e6fa\",lavenderblush:\"#fff0f5\",lawngreen:\"#7cfc00\",lemonchiffon:\"#fffacd\",lightblue:\"#add8e6\",lightcoral:\"#f08080\",lightcyan:\"#e0ffff\",lightgoldenrodyellow:\"#fafad2\",lightgray:\"#d3d3d3\",lightgreen:\"#90ee90\",lightgrey:\"#d3d3d3\",lightpink:\"#ffb6c1\",lightsalmon:\"#ffa07a\",\nlightseagreen:\"#20b2aa\",lightskyblue:\"#87cefa\",lightslategray:\"#778899\",lightslategrey:\"#778899\",lightsteelblue:\"#b0c4de\",lightyellow:\"#ffffe0\",lime:\"#00ff00\",limegreen:\"#32cd32\",linen:\"#faf0e6\",magenta:\"#ff00ff\",maroon:\"#800000\",mediumaquamarine:\"#66cdaa\",mediumblue:\"#0000cd\",mediumorchid:\"#ba55d3\",mediumpurple:\"#9370db\",mediumseagreen:\"#3cb371\",mediumslateblue:\"#7b68ee\",mediumspringgreen:\"#00fa9a\",mediumturquoise:\"#48d1cc\",mediumvioletred:\"#c71585\",midnightblue:\"#191970\",mintcream:\"#f5fffa\",mistyrose:\"#ffe4e1\",\nmoccasin:\"#ffe4b5\",navajowhite:\"#ffdead\",navy:\"#000080\",oldlace:\"#fdf5e6\",olive:\"#808000\",olivedrab:\"#6b8e23\",orange:\"#ffa500\",orangered:\"#ff4500\",orchid:\"#da70d6\",palegoldenrod:\"#eee8aa\",palegreen:\"#98fb98\",paleturquoise:\"#afeeee\",palevioletred:\"#db7093\",papayawhip:\"#ffefd5\",peachpuff:\"#ffdab9\",peru:\"#cd853f\",pink:\"#ffc0cb\",plum:\"#dda0dd\",powderblue:\"#b0e0e6\",purple:\"#800080\",red:\"#ff0000\",rosybrown:\"#bc8f8f\",royalblue:\"#4169e1\",saddlebrown:\"#8b4513\",salmon:\"#fa8072\",sandybrown:\"#f4a460\",seagreen:\"#2e8b57\",\nseashell:\"#fff5ee\",sienna:\"#a0522d\",silver:\"#c0c0c0\",skyblue:\"#87ceeb\",slateblue:\"#6a5acd\",slategray:\"#708090\",slategrey:\"#708090\",snow:\"#fffafa\",springgreen:\"#00ff7f\",steelblue:\"#4682b4\",tan:\"#d2b48c\",teal:\"#008080\",thistle:\"#d8bfd8\",tomato:\"#ff6347\",turquoise:\"#40e0d0\",violet:\"#ee82ee\",wheat:\"#f5deb3\",white:\"#ffffff\",whitesmoke:\"#f5f5f5\",yellow:\"#ffff00\",yellowgreen:\"#9acd32\"};var mc=\"backgroundColor borderTopColor borderRightColor borderBottomColor borderLeftColor color outlineColor\".split(\" \"),nc=/#([0-9a-fA-F])([0-9a-fA-F])([0-9a-fA-F])/,oc=/^#(?:[0-9a-f]{3}){1,2}$/i,pc=/^(?:rgba)?\\((\\d{1,3}),\\s?(\\d{1,3}),\\s?(\\d{1,3}),\\s?(0|1|0\\.\\d*)\\)$/i,qc=/^(?:rgb)?\\((0|[1-9]\\d{0,2}),\\s?(0|[1-9]\\d{0,2}),\\s?(0|[1-9]\\d{0,2})\\)$/i;function rc(a,b){this.code=a;this.a=V[a]||sc;this.message=b||\"\";a=this.a.replace(/((?:^|\\s+)[a-z])/g,function(c){return c.toUpperCase().replace(/^[\\s\\xa0]+/g,\"\")});b=a.length-5;if(0>b||a.indexOf(\"Error\",b)!=b)a+=\"Error\";this.name=a;a=Error(this.message);a.name=this.name;this.stack=a.stack||\"\"}l(rc,Error);var sc=\"unknown error\",V={15:\"element not selectable\",11:\"element not visible\"};V[31]=sc;V[30]=sc;V[24]=\"invalid cookie domain\";V[29]=\"invalid element coordinates\";V[12]=\"invalid element state\";\nV[32]=\"invalid selector\";V[51]=\"invalid selector\";V[52]=\"invalid selector\";V[17]=\"javascript error\";V[405]=\"unsupported operation\";V[34]=\"move target out of bounds\";V[27]=\"no such alert\";V[7]=\"no such element\";V[8]=\"no such frame\";V[23]=\"no such window\";V[28]=\"script timeout\";V[33]=\"session not created\";V[10]=\"stale element reference\";V[21]=\"timeout\";V[25]=\"unable to set cookie\";V[26]=\"unexpected alert open\";V[13]=sc;V[9]=\"unknown command\";var tc=va(),uc=ya()||u(\"iPod\"),vc=u(\"iPad\"),wc=u(\"Android\")&&!(wa()||va()||u(\"Opera\")||u(\"Silk\")),xc=wa(),yc=u(\"Safari\")&&!(wa()||u(\"Coast\")||u(\"Opera\")||u(\"Edge\")||u(\"Edg/\")||u(\"OPR\")||va()||u(\"Silk\")||u(\"Android\"))&&!(ya()||u(\"iPad\")||u(\"iPod\"));function zc(a){return(a=a.exec(t))?a[1]:\"\"}(function(){if(tc)return zc(/Firefox\\/([0-9.]+)/);if(v||Ca||Ba)return Ga;if(xc)return ya()||u(\"iPad\")||u(\"iPod\")?zc(/CriOS\\/([0-9.]+)/):zc(/Chrome\\/([0-9.]+)/);if(yc&&!(ya()||u(\"iPad\")||u(\"iPod\")))return zc(/Version\\/([0-9.]+)/);if(uc||vc){var a=/Version\\/(\\S+).*Mobile\\/(\\S+)/.exec(t);if(a)return a[1]+\".\"+a[2]}else if(wc)return(a=zc(/Android\\s+([0-9.]+)/))?a:zc(/Version\\/([0-9.]+)/);return\"\"})();var Ac=v&&!(9<=Number(La));function W(a,b){b&&\"string\"!==typeof b&&(b=b.toString());return!!a&&1==a.nodeType&&(!b||a.tagName.toUpperCase()==b)};var Bc=function(){var a={K:\"http://www.w3.org/2000/svg\"};return function(b){return a[b]||null}}();\nfunction Cc(a,b){var c=A(a);if(!c.documentElement)return null;(v||wc)&&kc(c?c.parentWindow||c.defaultView:window);try{var d=c.createNSResolver?c.createNSResolver(c.documentElement):Bc;if(v&&!Ka(7))return c.evaluate.call(c,b,a,d,9,null);if(!v||9<=Number(La)){for(var e={},f=c.getElementsByTagName(\"*\"),g=0;g<f.length;++g){var h=f[g],m=h.namespaceURI;if(m&&!e[m]){var w=h.lookupPrefix(m);if(!w){var r=m.match(\".*/(\\\\w+)/?$\");w=r?r[1]:\"xhtml\"}e[m]=w}}var D={},L;for(L in e)D[e[L]]=L;d=function(M){return D[M]||\nnull}}try{return c.evaluate(b,a,d,9,null)}catch(M){if(\"TypeError\"===M.name)return d=c.createNSResolver?c.createNSResolver(c.documentElement):Bc,c.evaluate(b,a,d,9,null);throw M;}}catch(M){if(!Da||\"NS_ERROR_ILLEGAL_VALUE\"!=M.name)throw new rc(32,\"Unable to locate an element with the xpath expression \"+b+\" because of the following error:\\n\"+M);}}\nfunction Dc(a,b){var c=function(){var d=Cc(b,a);return d?d.singleNodeValue||null:b.selectSingleNode?(d=A(b),d.setProperty&&d.setProperty(\"SelectionLanguage\",\"XPath\"),b.selectSingleNode(a)):null}();if(null!==c&&(!c||1!=c.nodeType))throw new rc(32,'The result of the xpath expression \"'+a+'\" is: '+c+\". It should be an element.\");return c};function Ec(a,b,c,d){this.c=a;this.a=b;this.b=c;this.f=d}Ec.prototype.ceil=function(){this.c=Math.ceil(this.c);this.a=Math.ceil(this.a);this.b=Math.ceil(this.b);this.f=Math.ceil(this.f);return this};Ec.prototype.floor=function(){this.c=Math.floor(this.c);this.a=Math.floor(this.a);this.b=Math.floor(this.b);this.f=Math.floor(this.f);return this};Ec.prototype.round=function(){this.c=Math.round(this.c);this.a=Math.round(this.a);this.b=Math.round(this.b);this.f=Math.round(this.f);return this};function X(a,b,c,d){this.a=a;this.b=b;this.width=c;this.height=d}X.prototype.ceil=function(){this.a=Math.ceil(this.a);this.b=Math.ceil(this.b);this.width=Math.ceil(this.width);this.height=Math.ceil(this.height);return this};X.prototype.floor=function(){this.a=Math.floor(this.a);this.b=Math.floor(this.b);this.width=Math.floor(this.width);this.height=Math.floor(this.height);return this};\nX.prototype.round=function(){this.a=Math.round(this.a);this.b=Math.round(this.b);this.width=Math.round(this.width);this.height=Math.round(this.height);return this};var Fc=\"function\"===typeof ShadowRoot;function Gc(a){for(a=a.parentNode;a&&1!=a.nodeType&&9!=a.nodeType&&11!=a.nodeType;)a=a.parentNode;return W(a)?a:null}\nfunction Y(a,b){b=xa(b);if(\"float\"==b||\"cssFloat\"==b||\"styleFloat\"==b)b=Ac?\"styleFloat\":\"cssFloat\";a:{var c=b;var d=A(a);if(d.defaultView&&d.defaultView.getComputedStyle&&(d=d.defaultView.getComputedStyle(a,null))){c=d[c]||d.getPropertyValue(c)||\"\";break a}c=\"\"}a=c||Hc(a,b);if(null===a)a=null;else if(0<=ja(mc,b)){b:{var e=a.match(pc);if(e&&(b=Number(e[1]),c=Number(e[2]),d=Number(e[3]),e=Number(e[4]),0<=b&&255>=b&&0<=c&&255>=c&&0<=d&&255>=d&&0<=e&&1>=e)){b=[b,c,d,e];break b}b=null}if(!b)b:{if(d=a.match(qc))if(b=\nNumber(d[1]),c=Number(d[2]),d=Number(d[3]),0<=b&&255>=b&&0<=c&&255>=c&&0<=d&&255>=d){b=[b,c,d,1];break b}b=null}if(!b)b:{b=a.toLowerCase();c=lc[b.toLowerCase()];if(!c&&(c=\"#\"==b.charAt(0)?b:\"#\"+b,4==c.length&&(c=c.replace(nc,\"#$1$1$2$2$3$3\")),!oc.test(c))){b=null;break b}b=[parseInt(c.substr(1,2),16),parseInt(c.substr(3,2),16),parseInt(c.substr(5,2),16),1]}a=b?\"rgba(\"+b.join(\", \")+\")\":a}return a}\nfunction Hc(a,b){var c=a.currentStyle||a.style,d=c[b];void 0===d&&\"function\"==ca(c.getPropertyValue)&&(d=c.getPropertyValue(b));return\"inherit\"!=d?void 0!==d?d:null:(a=Gc(a))?Hc(a,b):null}\nfunction Ic(a,b,c){function d(g){var h=Jc(g);return 0<h.height&&0<h.width?!0:W(g,\"PATH\")&&(0<h.height||0<h.width)?(g=Y(g,\"stroke-width\"),!!g&&0<parseInt(g,10)):\"hidden\"!=Y(g,\"overflow\")&&ma(g.childNodes,function(m){return 3==m.nodeType||W(m)&&d(m)})}function e(g){return Kc(g)==Z&&na(g.childNodes,function(h){return!W(h)||e(h)||!d(h)})}if(!W(a))throw Error(\"Argument to isShown must be of type Element\");if(W(a,\"BODY\"))return!0;if(W(a,\"OPTION\")||W(a,\"OPTGROUP\"))return a=$a(a,function(g){return W(g,\"SELECT\")}),\n!!a&&Ic(a,!0,c);var f=Lc(a);if(f)return!!f.image&&0<f.rect.width&&0<f.rect.height&&Ic(f.image,b,c);if(W(a,\"INPUT\")&&\"hidden\"==a.type.toLowerCase()||W(a,\"NOSCRIPT\"))return!1;f=Y(a,\"visibility\");return\"collapse\"!=f&&\"hidden\"!=f&&c(a)&&(b||0!=Mc(a))&&d(a)?!e(a):!1}var Z=\"hidden\";\nfunction Kc(a){function b(p){function q(fb){if(fb==g)return!0;var Wb=Y(fb,\"display\");return 0==Wb.lastIndexOf(\"inline\",0)||\"contents\"==Wb||\"absolute\"==Xb&&\"static\"==Y(fb,\"position\")?!1:!0}var Xb=Y(p,\"position\");if(\"fixed\"==Xb)return w=!0,p==g?null:g;for(p=Gc(p);p&&!q(p);)p=Gc(p);return p}function c(p){var q=p;if(\"visible\"==m)if(p==g&&h)q=h;else if(p==h)return{x:\"visible\",y:\"visible\"};q={x:Y(q,\"overflow-x\"),y:Y(q,\"overflow-y\")};p==g&&(q.x=\"visible\"==q.x?\"auto\":q.x,q.y=\"visible\"==q.y?\"auto\":q.y);return q}\nfunction d(p){if(p==g){var q=(new ab(f)).a;p=q.scrollingElement?q.scrollingElement:Ea||\"CSS1Compat\"!=q.compatMode?q.body||q.documentElement:q.documentElement;q=q.parentWindow||q.defaultView;p=v&&Ka(\"10\")&&q.pageYOffset!=p.scrollTop?new Ua(p.scrollLeft,p.scrollTop):new Ua(q.pageXOffset||p.scrollLeft,q.pageYOffset||p.scrollTop)}else p=new Ua(p.scrollLeft,p.scrollTop);return p}var e=Nc(a),f=A(a),g=f.documentElement,h=f.body,m=Y(g,\"overflow\"),w;for(a=b(a);a;a=b(a)){var r=c(a);if(\"visible\"!=r.x||\"visible\"!=\nr.y){var D=Jc(a);if(0==D.width||0==D.height)return Z;var L=e.a<D.a,M=e.b<D.b;if(L&&\"hidden\"==r.x||M&&\"hidden\"==r.y)return Z;if(L&&\"visible\"!=r.x||M&&\"visible\"!=r.y){L=d(a);M=e.b<D.b-L.y;if(e.a<D.a-L.x&&\"visible\"!=r.x||M&&\"visible\"!=r.x)return Z;e=Kc(a);return e==Z?Z:\"scroll\"}L=e.f>=D.a+D.width;D=e.c>=D.b+D.height;if(L&&\"hidden\"==r.x||D&&\"hidden\"==r.y)return Z;if(L&&\"visible\"!=r.x||D&&\"visible\"!=r.y){if(w&&(r=d(a),e.f>=g.scrollWidth-r.x||e.a>=g.scrollHeight-r.y))return Z;e=Kc(a);return e==Z?Z:\"scroll\"}}}return\"none\"}\nfunction Jc(a){var b=Lc(a);if(b)return b.rect;if(W(a,\"HTML\"))return a=A(a),a=((a?a.parentWindow||a.defaultView:window)||window).document,a=\"CSS1Compat\"==a.compatMode?a.documentElement:a.body,a=new Va(a.clientWidth,a.clientHeight),new X(0,0,a.width,a.height);try{var c=a.getBoundingClientRect()}catch(d){return new X(0,0,0,0)}b=new X(c.left,c.top,c.right-c.left,c.bottom-c.top);v&&a.ownerDocument.body&&(a=A(a),b.a-=a.documentElement.clientLeft+a.body.clientLeft,b.b-=a.documentElement.clientTop+a.body.clientTop);\nreturn b}function Lc(a){var b=W(a,\"MAP\");if(!b&&!W(a,\"AREA\"))return null;var c=b?a:W(a.parentNode,\"MAP\")?a.parentNode:null,d=null,e=null;c&&c.name&&(d=Dc('/descendant::*[@usemap = \"#'+c.name+'\"]',A(c)))&&(e=Jc(d),b||\"default\"==a.shape.toLowerCase()||(a=Oc(a),b=Math.min(Math.max(a.a,0),e.width),c=Math.min(Math.max(a.b,0),e.height),e=new X(b+e.a,c+e.b,Math.min(a.width,e.width-b),Math.min(a.height,e.height-c))));return{image:d,rect:e||new X(0,0,0,0)}}\nfunction Oc(a){var b=a.shape.toLowerCase();a=a.coords.split(\",\");if(\"rect\"==b&&4==a.length){b=a[0];var c=a[1];return new X(b,c,a[2]-b,a[3]-c)}if(\"circle\"==b&&3==a.length)return b=a[2],new X(a[0]-b,a[1]-b,2*b,2*b);if(\"poly\"==b&&2<a.length){b=a[0];c=a[1];for(var d=b,e=c,f=2;f+1<a.length;f+=2)b=Math.min(b,a[f]),d=Math.max(d,a[f]),c=Math.min(c,a[f+1]),e=Math.max(e,a[f+1]);return new X(b,c,d-b,e-c)}return new X(0,0,0,0)}function Nc(a){a=Jc(a);return new Ec(a.b,a.a+a.width,a.b+a.height,a.a)}\nfunction Mc(a){if(Ac){if(\"relative\"==Y(a,\"position\"))return 1;a=Y(a,\"filter\");return(a=a.match(/^alpha\\(opacity=(\\d*)\\)/)||a.match(/^progid:DXImageTransform.Microsoft.Alpha\\(Opacity=(\\d*)\\)/))?Number(a[1])/100:1}return Pc(a)}function Pc(a){var b=1,c=Y(a,\"opacity\");c&&(b=Number(c));(a=Gc(a))&&(b*=Pc(a));return b};ba(\"_\",function(a,b){function c(d){if(W(d)&&\"none\"==Y(d,\"display\"))return!1;var e;if((e=d.parentNode)&&e.shadowRoot&&void 0!==d.assignedSlot)e=d.assignedSlot?d.assignedSlot.parentNode:null;else if(d.getDestinationInsertionPoints){var f=d.getDestinationInsertionPoints();0<f.length&&(e=f[f.length-1])}if(Fc&&e instanceof ShadowRoot){if(e.host.shadowRoot!==e)return!1;e=e.host}return!e||9!=e.nodeType&&11!=e.nodeType?e&&W(e,\"DETAILS\")&&!e.open&&!W(d,\"SUMMARY\")?!1:!!e&&c(e):!0}return Ic(a,!!b,c)});; return this._.apply(null,arguments);}).apply({navigator:typeof window!='undefined'?window.navigator:null,document:typeof window!='undefined'?window.document:null}, arguments);}\n).apply(null, arguments);", "args": [{"element-6066-11e4-a52e-4f735466cecf": "f.0188C052A461367D6D7471FED799024B.d.97DC2A952723C99F512DD17C318286F6.e.48"}]}
DEBUG    urllib3.connectionpool:connectionpool.py:544 http://selenium-hub:4444 "POST /wd/hub/session/cf4952d15d838f19f95718295e201dd4/execute/sync HTTP/1.1" 200 0
DEBUG    selenium.webdriver.remote.remote_connection:remote_connection.py:329 Remote response: status=200 | data={"value":true} | headers=HTTPHeaderDict({'content-length': '14', 'content-type': 'application/json; charset=utf-8', 'cache-control': 'no-cache'})
DEBUG    selenium.webdriver.remote.remote_connection:remote_connection.py:356 Finished Request
DEBUG    selenium.webdriver.remote.remote_connection:remote_connection.py:313 GET http://selenium-hub:4444/wd/hub/session/cf4952d15d838f19f95718295e201dd4/element/f.0188C052A461367D6D7471FED799024B.d.97DC2A952723C99F512DD17C318286F6.e.48/enabled {}
DEBUG    urllib3.connectionpool:connectionpool.py:544 http://selenium-hub:4444 "GET /wd/hub/session/cf4952d15d838f19f95718295e201dd4/element/f.0188C052A461367D6D7471FED799024B.d.97DC2A952723C99F512DD17C318286F6.e.48/enabled HTTP/1.1" 200 0
DEBUG    selenium.webdriver.remote.remote_connection:remote_connection.py:329 Remote response: status=200 | data={"value":true} | headers=HTTPHeaderDict({'content-length': '14', 'content-type': 'application/json; charset=utf-8', 'cache-control': 'no-cache'})
DEBUG    selenium.webdriver.remote.remote_connection:remote_connection.py:356 Finished Request
DEBUG    selenium.webdriver.remote.remote_connection:remote_connection.py:313 POST http://selenium-hub:4444/wd/hub/session/cf4952d15d838f19f95718295e201dd4/execute/sync {"script": "arguments[0].scrollIntoView(true);", "args": [{"element-6066-11e4-a52e-4f735466cecf": "f.0188C052A461367D6D7471FED799024B.d.97DC2A952723C99F512DD17C318286F6.e.48"}]}
DEBUG    urllib3.connectionpool:connectionpool.py:544 http://selenium-hub:4444 "POST /wd/hub/session/cf4952d15d838f19f95718295e201dd4/execute/sync HTTP/1.1" 200 0
DEBUG    selenium.webdriver.remote.remote_connection:remote_connection.py:329 Remote response: status=200 | data={"value":null} | headers=HTTPHeaderDict({'content-length': '14', 'content-type': 'application/json; charset=utf-8', 'cache-control': 'no-cache'})
DEBUG    selenium.webdriver.remote.remote_connection:remote_connection.py:356 Finished Request
DEBUG    selenium.webdriver.remote.remote_connection:remote_connection.py:313 POST http://selenium-hub:4444/wd/hub/session/cf4952d15d838f19f95718295e201dd4/element/f.0188C052A461367D6D7471FED799024B.d.97DC2A952723C99F512DD17C318286F6.e.48/click {}
DEBUG    urllib3.connectionpool:connectionpool.py:544 http://selenium-hub:4444 "POST /wd/hub/session/cf4952d15d838f19f95718295e201dd4/element/f.0188C052A461367D6D7471FED799024B.d.97DC2A952723C99F512DD17C318286F6.e.48/click HTTP/1.1" 200 0
DEBUG    selenium.webdriver.remote.remote_connection:remote_connection.py:329 Remote response: status=200 | data={"value":null} | headers=HTTPHeaderDict({'content-length': '14', 'content-type': 'application/json; charset=utf-8', 'cache-control': 'no-cache'})
DEBUG    selenium.webdriver.remote.remote_connection:remote_connection.py:356 Finished Request
DEBUG    selenium.webdriver.remote.remote_connection:remote_connection.py:313 POST http://selenium-hub:4444/wd/hub/session/cf4952d15d838f19f95718295e201dd4/element {"using": "xpath", "value": "//button[text()='Logout']"}
DEBUG    urllib3.connectionpool:connectionpool.py:544 http://selenium-hub:4444 "POST /wd/hub/session/cf4952d15d838f19f95718295e201dd4/element HTTP/1.1" 200 0
DEBUG    selenium.webdriver.remote.remote_connection:remote_connection.py:329 Remote response: status=200 | data={"value":{"element-6066-11e4-a52e-4f735466cecf":"f.0188C052A461367D6D7471FED799024B.d.97DC2A952723C99F512DD17C318286F6.e.251"}} | headers=HTTPHeaderDict({'content-length': '127', 'content-type': 'application/json; charset=utf-8', 'cache-control': 'no-cache'})
DEBUG    selenium.webdriver.remote.remote_connection:remote_connection.py:356 Finished Request
DEBUG    selenium.webdriver.remote.remote_connection:remote_connection.py:313 POST http://selenium-hub:4444/wd/hub/session/cf4952d15d838f19f95718295e201dd4/execute/sync {"script": "/* isDisplayed */return (function(){return (function(){var k=this||self;function aa(a){return\"string\"==typeof a}function ba(a,b){a=a.split(\".\");var c=k;a[0]in c||\"undefined\"==typeof c.execScript||c.execScript(\"var \"+a[0]);for(var d;a.length&&(d=a.shift());)a.length||void 0===b?c[d]&&c[d]!==Object.prototype[d]?c=c[d]:c=c[d]={}:c[d]=b}\nfunction ca(a){var b=typeof a;if(\"object\"==b)if(a){if(a instanceof Array)return\"array\";if(a instanceof Object)return b;var c=Object.prototype.toString.call(a);if(\"[object Window]\"==c)return\"object\";if(\"[object Array]\"==c||\"number\"==typeof a.length&&\"undefined\"!=typeof a.splice&&\"undefined\"!=typeof a.propertyIsEnumerable&&!a.propertyIsEnumerable(\"splice\"))return\"array\";if(\"[object Function]\"==c||\"undefined\"!=typeof a.call&&\"undefined\"!=typeof a.propertyIsEnumerable&&!a.propertyIsEnumerable(\"call\"))return\"function\"}else return\"null\";\nelse if(\"function\"==b&&\"undefined\"==typeof a.call)return\"object\";return b}function da(a,b,c){return a.call.apply(a.bind,arguments)}function ea(a,b,c){if(!a)throw Error();if(2<arguments.length){var d=Array.prototype.slice.call(arguments,2);return function(){var e=Array.prototype.slice.call(arguments);Array.prototype.unshift.apply(e,d);return a.apply(b,e)}}return function(){return a.apply(b,arguments)}}\nfunction fa(a,b,c){Function.prototype.bind&&-1!=Function.prototype.bind.toString().indexOf(\"native code\")?fa=da:fa=ea;return fa.apply(null,arguments)}function ha(a,b){var c=Array.prototype.slice.call(arguments,1);return function(){var d=c.slice();d.push.apply(d,arguments);return a.apply(this,d)}}function l(a,b){function c(){}c.prototype=b.prototype;a.prototype=new c;a.prototype.constructor=a};/*\n\n The MIT License\n\n Copyright (c) 2007 Cybozu Labs, Inc.\n Copyright (c) 2012 Google Inc.\n\n Permission is hereby granted, free of charge, to any person obtaining a copy\n of this software and associated documentation files (the \"Software\"), to\n deal in the Software without restriction, including without limitation the\n rights to use, copy, modify, merge, publish, distribute, sublicense, and/or\n sell copies of the Software, and to permit persons to whom the Software is\n furnished to do so, subject to the following conditions:\n\n The above copyright notice and this permission notice shall be included in\n all copies or substantial portions of the Software.\n\n THE SOFTWARE IS PROVIDED \"AS IS\", WITHOUT WARRANTY OF ANY KIND, EXPRESS OR\n IMPLIED, INCLUDING BUT NOT LIMITED TO THE WARRANTIES OF MERCHANTABILITY,\n FITNESS FOR A PARTICULAR PURPOSE AND NONINFRINGEMENT. IN NO EVENT SHALL THE\n AUTHORS OR COPYRIGHT HOLDERS BE LIABLE FOR ANY CLAIM, DAMAGES OR OTHER\n LIABILITY, WHETHER IN AN ACTION OF CONTRACT, TORT OR OTHERWISE, ARISING\n FROM, OUT OF OR IN CONNECTION WITH THE SOFTWARE OR THE USE OR OTHER DEALINGS\n IN THE SOFTWARE.\n*/\nfunction ia(a,b,c){this.a=a;this.b=b||1;this.f=c||1};var ja=Array.prototype.indexOf?function(a,b){return Array.prototype.indexOf.call(a,b,void 0)}:function(a,b){if(\"string\"===typeof a)return\"string\"!==typeof b||1!=b.length?-1:a.indexOf(b,0);for(var c=0;c<a.length;c++)if(c in a&&a[c]===b)return c;return-1},n=Array.prototype.forEach?function(a,b){Array.prototype.forEach.call(a,b,void 0)}:function(a,b){for(var c=a.length,d=\"string\"===typeof a?a.split(\"\"):a,e=0;e<c;e++)e in d&&b.call(void 0,d[e],e,a)},ka=Array.prototype.filter?function(a,b){return Array.prototype.filter.call(a,\nb,void 0)}:function(a,b){for(var c=a.length,d=[],e=0,f=\"string\"===typeof a?a.split(\"\"):a,g=0;g<c;g++)if(g in f){var h=f[g];b.call(void 0,h,g,a)&&(d[e++]=h)}return d},la=Array.prototype.reduce?function(a,b,c){return Array.prototype.reduce.call(a,b,c)}:function(a,b,c){var d=c;n(a,function(e,f){d=b.call(void 0,d,e,f,a)});return d},ma=Array.prototype.some?function(a,b){return Array.prototype.some.call(a,b,void 0)}:function(a,b){for(var c=a.length,d=\"string\"===typeof a?a.split(\"\"):a,e=0;e<c;e++)if(e in\nd&&b.call(void 0,d[e],e,a))return!0;return!1},na=Array.prototype.every?function(a,b){return Array.prototype.every.call(a,b,void 0)}:function(a,b){for(var c=a.length,d=\"string\"===typeof a?a.split(\"\"):a,e=0;e<c;e++)if(e in d&&!b.call(void 0,d[e],e,a))return!1;return!0};function oa(a,b){a:{for(var c=a.length,d=\"string\"===typeof a?a.split(\"\"):a,e=0;e<c;e++)if(e in d&&b.call(void 0,d[e],e,a)){b=e;break a}b=-1}return 0>b?null:\"string\"===typeof a?a.charAt(b):a[b]}\nfunction pa(a){return Array.prototype.concat.apply([],arguments)}function qa(a,b,c){return 2>=arguments.length?Array.prototype.slice.call(a,b):Array.prototype.slice.call(a,b,c)};var ra=String.prototype.trim?function(a){return a.trim()}:function(a){return/^[\\s\\xa0]*([\\s\\S]*?)[\\s\\xa0]*$/.exec(a)[1]};function sa(a,b){return a<b?-1:a>b?1:0};var t;a:{var ta=k.navigator;if(ta){var ua=ta.userAgent;if(ua){t=ua;break a}}t=\"\"}function u(a){return-1!=t.indexOf(a)};function va(){return u(\"Firefox\")||u(\"FxiOS\")}function wa(){return(u(\"Chrome\")||u(\"CriOS\"))&&!u(\"Edge\")};function xa(a){return String(a).replace(/\\-([a-z])/g,function(b,c){return c.toUpperCase()})};function ya(){return u(\"iPhone\")&&!u(\"iPod\")&&!u(\"iPad\")};function za(a,b){var c=Aa;return Object.prototype.hasOwnProperty.call(c,a)?c[a]:c[a]=b(a)};var Ba=u(\"Opera\"),v=u(\"Trident\")||u(\"MSIE\"),Ca=u(\"Edge\"),Da=u(\"Gecko\")&&!(-1!=t.toLowerCase().indexOf(\"webkit\")&&!u(\"Edge\"))&&!(u(\"Trident\")||u(\"MSIE\"))&&!u(\"Edge\"),Ea=-1!=t.toLowerCase().indexOf(\"webkit\")&&!u(\"Edge\");function Fa(){var a=k.document;return a?a.documentMode:void 0}var Ga;\na:{var Ha=\"\",Ia=function(){var a=t;if(Da)return/rv:([^\\);]+)(\\)|;)/.exec(a);if(Ca)return/Edge\\/([\\d\\.]+)/.exec(a);if(v)return/\\b(?:MSIE|rv)[: ]([^\\);]+)(\\)|;)/.exec(a);if(Ea)return/WebKit\\/(\\S+)/.exec(a);if(Ba)return/(?:Version)[ \\/]?(\\S+)/.exec(a)}();Ia&&(Ha=Ia?Ia[1]:\"\");if(v){var Ja=Fa();if(null!=Ja&&Ja>parseFloat(Ha)){Ga=String(Ja);break a}}Ga=Ha}var Aa={};\nfunction Ka(a){return za(a,function(){for(var b=0,c=ra(String(Ga)).split(\".\"),d=ra(String(a)).split(\".\"),e=Math.max(c.length,d.length),f=0;0==b&&f<e;f++){var g=c[f]||\"\",h=d[f]||\"\";do{g=/(\\d*)(\\D*)(.*)/.exec(g)||[\"\",\"\",\"\",\"\"];h=/(\\d*)(\\D*)(.*)/.exec(h)||[\"\",\"\",\"\",\"\"];if(0==g[0].length&&0==h[0].length)break;b=sa(0==g[1].length?0:parseInt(g[1],10),0==h[1].length?0:parseInt(h[1],10))||sa(0==g[2].length,0==h[2].length)||sa(g[2],h[2]);g=g[3];h=h[3]}while(0==b)}return 0<=b})}var La;\nLa=k.document&&v?Fa():void 0;var x=v&&!(9<=Number(La)),Ma=v&&!(8<=Number(La));function Na(a,b,c,d){this.a=a;this.nodeName=c;this.nodeValue=d;this.nodeType=2;this.parentNode=this.ownerElement=b}function Oa(a,b){var c=Ma&&\"href\"==b.nodeName?a.getAttribute(b.nodeName,2):b.nodeValue;return new Na(b,a,b.nodeName,c)};function Pa(a){this.b=a;this.a=0}function Qa(a){a=a.match(Ra);for(var b=0;b<a.length;b++)Sa.test(a[b])&&a.splice(b,1);return new Pa(a)}var Ra=/\\$?(?:(?![0-9-\\.])(?:\\*|[\\w-\\.]+):)?(?![0-9-\\.])(?:\\*|[\\w-\\.]+)|\\/\\/|\\.\\.|::|\\d+(?:\\.\\d*)?|\\.\\d+|\"[^\"]*\"|'[^']*'|[!<>]=|\\s+|./g,Sa=/^\\s/;function y(a,b){return a.b[a.a+(b||0)]}function z(a){return a.b[a.a++]}function Ta(a){return a.b.length<=a.a};function Ua(a,b){this.x=void 0!==a?a:0;this.y=void 0!==b?b:0}Ua.prototype.ceil=function(){this.x=Math.ceil(this.x);this.y=Math.ceil(this.y);return this};Ua.prototype.floor=function(){this.x=Math.floor(this.x);this.y=Math.floor(this.y);return this};Ua.prototype.round=function(){this.x=Math.round(this.x);this.y=Math.round(this.y);return this};function Va(a,b){this.width=a;this.height=b}Va.prototype.aspectRatio=function(){return this.width/this.height};Va.prototype.ceil=function(){this.width=Math.ceil(this.width);this.height=Math.ceil(this.height);return this};Va.prototype.floor=function(){this.width=Math.floor(this.width);this.height=Math.floor(this.height);return this};Va.prototype.round=function(){this.width=Math.round(this.width);this.height=Math.round(this.height);return this};function Wa(a,b){if(!a||!b)return!1;if(a.contains&&1==b.nodeType)return a==b||a.contains(b);if(\"undefined\"!=typeof a.compareDocumentPosition)return a==b||!!(a.compareDocumentPosition(b)&16);for(;b&&a!=b;)b=b.parentNode;return b==a}\nfunction Xa(a,b){if(a==b)return 0;if(a.compareDocumentPosition)return a.compareDocumentPosition(b)&2?1:-1;if(v&&!(9<=Number(La))){if(9==a.nodeType)return-1;if(9==b.nodeType)return 1}if(\"sourceIndex\"in a||a.parentNode&&\"sourceIndex\"in a.parentNode){var c=1==a.nodeType,d=1==b.nodeType;if(c&&d)return a.sourceIndex-b.sourceIndex;var e=a.parentNode,f=b.parentNode;return e==f?Ya(a,b):!c&&Wa(e,b)?-1*Za(a,b):!d&&Wa(f,a)?Za(b,a):(c?a.sourceIndex:e.sourceIndex)-(d?b.sourceIndex:f.sourceIndex)}d=A(a);c=d.createRange();\nc.selectNode(a);c.collapse(!0);a=d.createRange();a.selectNode(b);a.collapse(!0);return c.compareBoundaryPoints(k.Range.START_TO_END,a)}function Za(a,b){var c=a.parentNode;if(c==b)return-1;for(;b.parentNode!=c;)b=b.parentNode;return Ya(b,a)}function Ya(a,b){for(;b=b.previousSibling;)if(b==a)return-1;return 1}function A(a){return 9==a.nodeType?a:a.ownerDocument||a.document}function $a(a,b){a&&(a=a.parentNode);for(var c=0;a;){if(b(a))return a;a=a.parentNode;c++}return null}\nfunction ab(a){this.a=a||k.document||document}ab.prototype.getElementsByTagName=function(a,b){return(b||this.a).getElementsByTagName(String(a))};function B(a){var b=null,c=a.nodeType;1==c&&(b=a.textContent,b=void 0==b||null==b?a.innerText:b,b=void 0==b||null==b?\"\":b);if(\"string\"!=typeof b)if(x&&\"title\"==a.nodeName.toLowerCase()&&1==c)b=a.text;else if(9==c||1==c){a=9==c?a.documentElement:a.firstChild;c=0;var d=[];for(b=\"\";a;){do 1!=a.nodeType&&(b+=a.nodeValue),x&&\"title\"==a.nodeName.toLowerCase()&&(b+=a.text),d[c++]=a;while(a=a.firstChild);for(;c&&!(a=d[--c].nextSibling););}}else b=a.nodeValue;return b}\nfunction C(a,b,c){if(null===b)return!0;try{if(!a.getAttribute)return!1}catch(d){return!1}Ma&&\"class\"==b&&(b=\"className\");return null==c?!!a.getAttribute(b):a.getAttribute(b,2)==c}function bb(a,b,c,d,e){return(x?cb:db).call(null,a,b,aa(c)?c:null,aa(d)?d:null,e||new E)}\nfunction cb(a,b,c,d,e){if(a instanceof F||8==a.b||c&&null===a.b){var f=b.all;if(!f)return e;a=eb(a);if(\"*\"!=a&&(f=b.getElementsByTagName(a),!f))return e;if(c){for(var g=[],h=0;b=f[h++];)C(b,c,d)&&g.push(b);f=g}for(h=0;b=f[h++];)\"*\"==a&&\"!\"==b.tagName||e.add(b);return e}gb(a,b,c,d,e);return e}\nfunction db(a,b,c,d,e){b.getElementsByName&&d&&\"name\"==c&&!v?(b=b.getElementsByName(d),n(b,function(f){a.a(f)&&e.add(f)})):b.getElementsByClassName&&d&&\"class\"==c?(b=b.getElementsByClassName(d),n(b,function(f){f.className==d&&a.a(f)&&e.add(f)})):a instanceof G?gb(a,b,c,d,e):b.getElementsByTagName&&(b=b.getElementsByTagName(a.f()),n(b,function(f){C(f,c,d)&&e.add(f)}));return e}\nfunction hb(a,b,c,d,e){var f;if((a instanceof F||8==a.b||c&&null===a.b)&&(f=b.childNodes)){var g=eb(a);if(\"*\"!=g&&(f=ka(f,function(h){return h.tagName&&h.tagName.toLowerCase()==g}),!f))return e;c&&(f=ka(f,function(h){return C(h,c,d)}));n(f,function(h){\"*\"==g&&(\"!\"==h.tagName||\"*\"==g&&1!=h.nodeType)||e.add(h)});return e}return ib(a,b,c,d,e)}function ib(a,b,c,d,e){for(b=b.firstChild;b;b=b.nextSibling)C(b,c,d)&&a.a(b)&&e.add(b);return e}\nfunction gb(a,b,c,d,e){for(b=b.firstChild;b;b=b.nextSibling)C(b,c,d)&&a.a(b)&&e.add(b),gb(a,b,c,d,e)}function eb(a){if(a instanceof G){if(8==a.b)return\"!\";if(null===a.b)return\"*\"}return a.f()};function E(){this.b=this.a=null;this.l=0}function jb(a){this.f=a;this.a=this.b=null}function kb(a,b){if(!a.a)return b;if(!b.a)return a;var c=a.a;b=b.a;for(var d=null,e,f=0;c&&b;){e=c.f;var g=b.f;e==g||e instanceof Na&&g instanceof Na&&e.a==g.a?(e=c,c=c.a,b=b.a):0<Xa(c.f,b.f)?(e=b,b=b.a):(e=c,c=c.a);(e.b=d)?d.a=e:a.a=e;d=e;f++}for(e=c||b;e;)e.b=d,d=d.a=e,f++,e=e.a;a.b=d;a.l=f;return a}function lb(a,b){b=new jb(b);b.a=a.a;a.b?a.a.b=b:a.a=a.b=b;a.a=b;a.l++}\nE.prototype.add=function(a){a=new jb(a);a.b=this.b;this.a?this.b.a=a:this.a=this.b=a;this.b=a;this.l++};function mb(a){return(a=a.a)?a.f:null}function nb(a){return(a=mb(a))?B(a):\"\"}function H(a,b){return new ob(a,!!b)}function ob(a,b){this.f=a;this.b=(this.s=b)?a.b:a.a;this.a=null}function I(a){var b=a.b;if(null==b)return null;var c=a.a=b;a.b=a.s?b.b:b.a;return c.f};function J(a){this.i=a;this.b=this.g=!1;this.f=null}function K(a){return\"\\n  \"+a.toString().split(\"\\n\").join(\"\\n  \")}function pb(a,b){a.g=b}function qb(a,b){a.b=b}function N(a,b){a=a.a(b);return a instanceof E?+nb(a):+a}function O(a,b){a=a.a(b);return a instanceof E?nb(a):\"\"+a}function rb(a,b){a=a.a(b);return a instanceof E?!!a.l:!!a};function sb(a,b,c){J.call(this,a.i);this.c=a;this.h=b;this.o=c;this.g=b.g||c.g;this.b=b.b||c.b;this.c==tb&&(c.b||c.g||4==c.i||0==c.i||!b.f?b.b||b.g||4==b.i||0==b.i||!c.f||(this.f={name:c.f.name,u:b}):this.f={name:b.f.name,u:c})}l(sb,J);\nfunction ub(a,b,c,d,e){b=b.a(d);c=c.a(d);var f;if(b instanceof E&&c instanceof E){b=H(b);for(d=I(b);d;d=I(b))for(e=H(c),f=I(e);f;f=I(e))if(a(B(d),B(f)))return!0;return!1}if(b instanceof E||c instanceof E){b instanceof E?(e=b,d=c):(e=c,d=b);f=H(e);for(var g=typeof d,h=I(f);h;h=I(f)){switch(g){case \"number\":h=+B(h);break;case \"boolean\":h=!!B(h);break;case \"string\":h=B(h);break;default:throw Error(\"Illegal primitive type for comparison.\");}if(e==b&&a(h,d)||e==c&&a(d,h))return!0}return!1}return e?\"boolean\"==\ntypeof b||\"boolean\"==typeof c?a(!!b,!!c):\"number\"==typeof b||\"number\"==typeof c?a(+b,+c):a(b,c):a(+b,+c)}sb.prototype.a=function(a){return this.c.m(this.h,this.o,a)};sb.prototype.toString=function(){var a=\"Binary Expression: \"+this.c;a+=K(this.h);return a+=K(this.o)};function vb(a,b,c,d){this.I=a;this.D=b;this.i=c;this.m=d}vb.prototype.toString=function(){return this.I};var wb={};\nfunction P(a,b,c,d){if(wb.hasOwnProperty(a))throw Error(\"Binary operator already created: \"+a);a=new vb(a,b,c,d);return wb[a.toString()]=a}P(\"div\",6,1,function(a,b,c){return N(a,c)/N(b,c)});P(\"mod\",6,1,function(a,b,c){return N(a,c)%N(b,c)});P(\"*\",6,1,function(a,b,c){return N(a,c)*N(b,c)});P(\"+\",5,1,function(a,b,c){return N(a,c)+N(b,c)});P(\"-\",5,1,function(a,b,c){return N(a,c)-N(b,c)});P(\"<\",4,2,function(a,b,c){return ub(function(d,e){return d<e},a,b,c)});\nP(\">\",4,2,function(a,b,c){return ub(function(d,e){return d>e},a,b,c)});P(\"<=\",4,2,function(a,b,c){return ub(function(d,e){return d<=e},a,b,c)});P(\">=\",4,2,function(a,b,c){return ub(function(d,e){return d>=e},a,b,c)});var tb=P(\"=\",3,2,function(a,b,c){return ub(function(d,e){return d==e},a,b,c,!0)});P(\"!=\",3,2,function(a,b,c){return ub(function(d,e){return d!=e},a,b,c,!0)});P(\"and\",2,2,function(a,b,c){return rb(a,c)&&rb(b,c)});P(\"or\",1,2,function(a,b,c){return rb(a,c)||rb(b,c)});function xb(a,b){if(b.a.length&&4!=a.i)throw Error(\"Primary expression must evaluate to nodeset if filter has predicate(s).\");J.call(this,a.i);this.c=a;this.h=b;this.g=a.g;this.b=a.b}l(xb,J);xb.prototype.a=function(a){a=this.c.a(a);return yb(this.h,a)};xb.prototype.toString=function(){var a=\"Filter:\"+K(this.c);return a+=K(this.h)};function zb(a,b){if(b.length<a.C)throw Error(\"Function \"+a.j+\" expects at least\"+a.C+\" arguments, \"+b.length+\" given\");if(null!==a.B&&b.length>a.B)throw Error(\"Function \"+a.j+\" expects at most \"+a.B+\" arguments, \"+b.length+\" given\");a.H&&n(b,function(c,d){if(4!=c.i)throw Error(\"Argument \"+d+\" to function \"+a.j+\" is not of type Nodeset: \"+c);});J.call(this,a.i);this.v=a;this.c=b;pb(this,a.g||ma(b,function(c){return c.g}));qb(this,a.G&&!b.length||a.F&&!!b.length||ma(b,function(c){return c.b}))}\nl(zb,J);zb.prototype.a=function(a){return this.v.m.apply(null,pa(a,this.c))};zb.prototype.toString=function(){var a=\"Function: \"+this.v;if(this.c.length){var b=la(this.c,function(c,d){return c+K(d)},\"Arguments:\");a+=K(b)}return a};function Ab(a,b,c,d,e,f,g,h){this.j=a;this.i=b;this.g=c;this.G=d;this.F=!1;this.m=e;this.C=f;this.B=void 0!==g?g:f;this.H=!!h}Ab.prototype.toString=function(){return this.j};var Bb={};\nfunction Q(a,b,c,d,e,f,g,h){if(Bb.hasOwnProperty(a))throw Error(\"Function already created: \"+a+\".\");Bb[a]=new Ab(a,b,c,d,e,f,g,h)}Q(\"boolean\",2,!1,!1,function(a,b){return rb(b,a)},1);Q(\"ceiling\",1,!1,!1,function(a,b){return Math.ceil(N(b,a))},1);Q(\"concat\",3,!1,!1,function(a,b){return la(qa(arguments,1),function(c,d){return c+O(d,a)},\"\")},2,null);Q(\"contains\",2,!1,!1,function(a,b,c){b=O(b,a);a=O(c,a);return-1!=b.indexOf(a)},2);Q(\"count\",1,!1,!1,function(a,b){return b.a(a).l},1,1,!0);\nQ(\"false\",2,!1,!1,function(){return!1},0);Q(\"floor\",1,!1,!1,function(a,b){return Math.floor(N(b,a))},1);Q(\"id\",4,!1,!1,function(a,b){function c(h){if(x){var m=e.all[h];if(m){if(m.nodeType&&h==m.id)return m;if(m.length)return oa(m,function(w){return h==w.id})}return null}return e.getElementById(h)}var d=a.a,e=9==d.nodeType?d:d.ownerDocument;a=O(b,a).split(/\\s+/);var f=[];n(a,function(h){h=c(h);!h||0<=ja(f,h)||f.push(h)});f.sort(Xa);var g=new E;n(f,function(h){g.add(h)});return g},1);\nQ(\"lang\",2,!1,!1,function(){return!1},1);Q(\"last\",1,!0,!1,function(a){if(1!=arguments.length)throw Error(\"Function last expects ()\");return a.f},0);Q(\"local-name\",3,!1,!0,function(a,b){return(a=b?mb(b.a(a)):a.a)?a.localName||a.nodeName.toLowerCase():\"\"},0,1,!0);Q(\"name\",3,!1,!0,function(a,b){return(a=b?mb(b.a(a)):a.a)?a.nodeName.toLowerCase():\"\"},0,1,!0);Q(\"namespace-uri\",3,!0,!1,function(){return\"\"},0,1,!0);\nQ(\"normalize-space\",3,!1,!0,function(a,b){return(b?O(b,a):B(a.a)).replace(/[\\s\\xa0]+/g,\" \").replace(/^\\s+|\\s+$/g,\"\")},0,1);Q(\"not\",2,!1,!1,function(a,b){return!rb(b,a)},1);Q(\"number\",1,!1,!0,function(a,b){return b?N(b,a):+B(a.a)},0,1);Q(\"position\",1,!0,!1,function(a){return a.b},0);Q(\"round\",1,!1,!1,function(a,b){return Math.round(N(b,a))},1);Q(\"starts-with\",2,!1,!1,function(a,b,c){b=O(b,a);a=O(c,a);return 0==b.lastIndexOf(a,0)},2);Q(\"string\",3,!1,!0,function(a,b){return b?O(b,a):B(a.a)},0,1);\nQ(\"string-length\",1,!1,!0,function(a,b){return(b?O(b,a):B(a.a)).length},0,1);Q(\"substring\",3,!1,!1,function(a,b,c,d){c=N(c,a);if(isNaN(c)||Infinity==c||-Infinity==c)return\"\";d=d?N(d,a):Infinity;if(isNaN(d)||-Infinity===d)return\"\";c=Math.round(c)-1;var e=Math.max(c,0);a=O(b,a);return Infinity==d?a.substring(e):a.substring(e,c+Math.round(d))},2,3);Q(\"substring-after\",3,!1,!1,function(a,b,c){b=O(b,a);a=O(c,a);c=b.indexOf(a);return-1==c?\"\":b.substring(c+a.length)},2);\nQ(\"substring-before\",3,!1,!1,function(a,b,c){b=O(b,a);a=O(c,a);a=b.indexOf(a);return-1==a?\"\":b.substring(0,a)},2);Q(\"sum\",1,!1,!1,function(a,b){a=H(b.a(a));b=0;for(var c=I(a);c;c=I(a))b+=+B(c);return b},1,1,!0);Q(\"translate\",3,!1,!1,function(a,b,c,d){b=O(b,a);c=O(c,a);var e=O(d,a);a={};for(d=0;d<c.length;d++){var f=c.charAt(d);f in a||(a[f]=e.charAt(d))}c=\"\";for(d=0;d<b.length;d++)f=b.charAt(d),c+=f in a?a[f]:f;return c},3);Q(\"true\",2,!1,!1,function(){return!0},0);function G(a,b){this.h=a;this.c=void 0!==b?b:null;this.b=null;switch(a){case \"comment\":this.b=8;break;case \"text\":this.b=3;break;case \"processing-instruction\":this.b=7;break;case \"node\":break;default:throw Error(\"Unexpected argument\");}}function Cb(a){return\"comment\"==a||\"text\"==a||\"processing-instruction\"==a||\"node\"==a}G.prototype.a=function(a){return null===this.b||this.b==a.nodeType};G.prototype.f=function(){return this.h};\nG.prototype.toString=function(){var a=\"Kind Test: \"+this.h;null===this.c||(a+=K(this.c));return a};function Db(a){J.call(this,3);this.c=a.substring(1,a.length-1)}l(Db,J);Db.prototype.a=function(){return this.c};Db.prototype.toString=function(){return\"Literal: \"+this.c};function F(a,b){this.j=a.toLowerCase();a=\"*\"==this.j?\"*\":\"http://www.w3.org/1999/xhtml\";this.c=b?b.toLowerCase():a}F.prototype.a=function(a){var b=a.nodeType;if(1!=b&&2!=b)return!1;b=void 0!==a.localName?a.localName:a.nodeName;return\"*\"!=this.j&&this.j!=b.toLowerCase()?!1:\"*\"==this.c?!0:this.c==(a.namespaceURI?a.namespaceURI.toLowerCase():\"http://www.w3.org/1999/xhtml\")};F.prototype.f=function(){return this.j};\nF.prototype.toString=function(){return\"Name Test: \"+(\"http://www.w3.org/1999/xhtml\"==this.c?\"\":this.c+\":\")+this.j};function Eb(a){J.call(this,1);this.c=a}l(Eb,J);Eb.prototype.a=function(){return this.c};Eb.prototype.toString=function(){return\"Number: \"+this.c};function Fb(a,b){J.call(this,a.i);this.h=a;this.c=b;this.g=a.g;this.b=a.b;1==this.c.length&&(a=this.c[0],a.A||a.c!=Gb||(a=a.o,\"*\"!=a.f()&&(this.f={name:a.f(),u:null})))}l(Fb,J);function Hb(){J.call(this,4)}l(Hb,J);Hb.prototype.a=function(a){var b=new E;a=a.a;9==a.nodeType?b.add(a):b.add(a.ownerDocument);return b};Hb.prototype.toString=function(){return\"Root Helper Expression\"};function Ib(){J.call(this,4)}l(Ib,J);Ib.prototype.a=function(a){var b=new E;b.add(a.a);return b};Ib.prototype.toString=function(){return\"Context Helper Expression\"};\nfunction Jb(a){return\"/\"==a||\"//\"==a}Fb.prototype.a=function(a){var b=this.h.a(a);if(!(b instanceof E))throw Error(\"Filter expression must evaluate to nodeset.\");a=this.c;for(var c=0,d=a.length;c<d&&b.l;c++){var e=a[c],f=H(b,e.c.s);if(e.g||e.c!=Kb)if(e.g||e.c!=Lb){var g=I(f);for(b=e.a(new ia(g));null!=(g=I(f));)g=e.a(new ia(g)),b=kb(b,g)}else g=I(f),b=e.a(new ia(g));else{for(g=I(f);(b=I(f))&&(!g.contains||g.contains(b))&&b.compareDocumentPosition(g)&8;g=b);b=e.a(new ia(g))}}return b};\nFb.prototype.toString=function(){var a=\"Path Expression:\"+K(this.h);if(this.c.length){var b=la(this.c,function(c,d){return c+K(d)},\"Steps:\");a+=K(b)}return a};function Mb(a,b){this.a=a;this.s=!!b}\nfunction yb(a,b,c){for(c=c||0;c<a.a.length;c++)for(var d=a.a[c],e=H(b),f=b.l,g,h=0;g=I(e);h++){var m=a.s?f-h:h+1;g=d.a(new ia(g,m,f));if(\"number\"==typeof g)m=m==g;else if(\"string\"==typeof g||\"boolean\"==typeof g)m=!!g;else if(g instanceof E)m=0<g.l;else throw Error(\"Predicate.evaluate returned an unexpected type.\");if(!m){m=e;g=m.f;var w=m.a;if(!w)throw Error(\"Next must be called at least once before remove.\");var r=w.b;w=w.a;r?r.a=w:g.a=w;w?w.b=r:g.b=r;g.l--;m.a=null}}return b}\nMb.prototype.toString=function(){return la(this.a,function(a,b){return a+K(b)},\"Predicates:\")};function R(a,b,c,d){J.call(this,4);this.c=a;this.o=b;this.h=c||new Mb([]);this.A=!!d;b=this.h;b=0<b.a.length?b.a[0].f:null;a.J&&b&&(a=b.name,a=x?a.toLowerCase():a,this.f={name:a,u:b.u});a:{a=this.h;for(b=0;b<a.a.length;b++)if(c=a.a[b],c.g||1==c.i||0==c.i){a=!0;break a}a=!1}this.g=a}l(R,J);\nR.prototype.a=function(a){var b=a.a,c=this.f,d=null,e=null,f=0;c&&(d=c.name,e=c.u?O(c.u,a):null,f=1);if(this.A)if(this.g||this.c!=Nb)if(b=H((new R(Ob,new G(\"node\"))).a(a)),c=I(b))for(a=this.m(c,d,e,f);null!=(c=I(b));)a=kb(a,this.m(c,d,e,f));else a=new E;else a=bb(this.o,b,d,e),a=yb(this.h,a,f);else a=this.m(a.a,d,e,f);return a};R.prototype.m=function(a,b,c,d){a=this.c.v(this.o,a,b,c);return a=yb(this.h,a,d)};\nR.prototype.toString=function(){var a=\"Step:\"+K(\"Operator: \"+(this.A?\"//\":\"/\"));this.c.j&&(a+=K(\"Axis: \"+this.c));a+=K(this.o);if(this.h.a.length){var b=la(this.h.a,function(c,d){return c+K(d)},\"Predicates:\");a+=K(b)}return a};function Pb(a,b,c,d){this.j=a;this.v=b;this.s=c;this.J=d}Pb.prototype.toString=function(){return this.j};var Qb={};function S(a,b,c,d){if(Qb.hasOwnProperty(a))throw Error(\"Axis already created: \"+a);b=new Pb(a,b,c,!!d);return Qb[a]=b}\nS(\"ancestor\",function(a,b){for(var c=new E;b=b.parentNode;)a.a(b)&&lb(c,b);return c},!0);S(\"ancestor-or-self\",function(a,b){var c=new E;do a.a(b)&&lb(c,b);while(b=b.parentNode);return c},!0);\nvar Gb=S(\"attribute\",function(a,b){var c=new E,d=a.f();if(\"style\"==d&&x&&b.style)return c.add(new Na(b.style,b,\"style\",b.style.cssText)),c;var e=b.attributes;if(e)if(a instanceof G&&null===a.b||\"*\"==d)for(a=0;d=e[a];a++)x?d.nodeValue&&c.add(Oa(b,d)):c.add(d);else(d=e.getNamedItem(d))&&(x?d.nodeValue&&c.add(Oa(b,d)):c.add(d));return c},!1),Nb=S(\"child\",function(a,b,c,d,e){return(x?hb:ib).call(null,a,b,aa(c)?c:null,aa(d)?d:null,e||new E)},!1,!0);S(\"descendant\",bb,!1,!0);\nvar Ob=S(\"descendant-or-self\",function(a,b,c,d){var e=new E;C(b,c,d)&&a.a(b)&&e.add(b);return bb(a,b,c,d,e)},!1,!0),Kb=S(\"following\",function(a,b,c,d){var e=new E;do for(var f=b;f=f.nextSibling;)C(f,c,d)&&a.a(f)&&e.add(f),e=bb(a,f,c,d,e);while(b=b.parentNode);return e},!1,!0);S(\"following-sibling\",function(a,b){for(var c=new E;b=b.nextSibling;)a.a(b)&&c.add(b);return c},!1);S(\"namespace\",function(){return new E},!1);\nvar Rb=S(\"parent\",function(a,b){var c=new E;if(9==b.nodeType)return c;if(2==b.nodeType)return c.add(b.ownerElement),c;b=b.parentNode;a.a(b)&&c.add(b);return c},!1),Lb=S(\"preceding\",function(a,b,c,d){var e=new E,f=[];do f.unshift(b);while(b=b.parentNode);for(var g=1,h=f.length;g<h;g++){var m=[];for(b=f[g];b=b.previousSibling;)m.unshift(b);for(var w=0,r=m.length;w<r;w++)b=m[w],C(b,c,d)&&a.a(b)&&e.add(b),e=bb(a,b,c,d,e)}return e},!0,!0);\nS(\"preceding-sibling\",function(a,b){for(var c=new E;b=b.previousSibling;)a.a(b)&&lb(c,b);return c},!0);var Sb=S(\"self\",function(a,b){var c=new E;a.a(b)&&c.add(b);return c},!1);function Tb(a){J.call(this,1);this.c=a;this.g=a.g;this.b=a.b}l(Tb,J);Tb.prototype.a=function(a){return-N(this.c,a)};Tb.prototype.toString=function(){return\"Unary Expression: -\"+K(this.c)};function Ub(a){J.call(this,4);this.c=a;pb(this,ma(this.c,function(b){return b.g}));qb(this,ma(this.c,function(b){return b.b}))}l(Ub,J);Ub.prototype.a=function(a){var b=new E;n(this.c,function(c){c=c.a(a);if(!(c instanceof E))throw Error(\"Path expression must evaluate to NodeSet.\");b=kb(b,c)});return b};Ub.prototype.toString=function(){return la(this.c,function(a,b){return a+K(b)},\"Union Expression:\")};function Vb(a,b){this.a=a;this.b=b}function Yb(a){for(var b,c=[];;){T(a,\"Missing right hand side of binary expression.\");b=Zb(a);var d=z(a.a);if(!d)break;var e=(d=wb[d]||null)&&d.D;if(!e){a.a.a--;break}for(;c.length&&e<=c[c.length-1].D;)b=new sb(c.pop(),c.pop(),b);c.push(b,d)}for(;c.length;)b=new sb(c.pop(),c.pop(),b);return b}function T(a,b){if(Ta(a.a))throw Error(b);}function $b(a,b){a=z(a.a);if(a!=b)throw Error(\"Bad token, expected: \"+b+\" got: \"+a);}\nfunction ac(a){a=z(a.a);if(\")\"!=a)throw Error(\"Bad token: \"+a);}function bc(a){a=z(a.a);if(2>a.length)throw Error(\"Unclosed literal string\");return new Db(a)}\nfunction cc(a){var b=[];if(Jb(y(a.a))){var c=z(a.a);var d=y(a.a);if(\"/\"==c&&(Ta(a.a)||\".\"!=d&&\"..\"!=d&&\"@\"!=d&&\"*\"!=d&&!/(?![0-9])[\\w]/.test(d)))return new Hb;d=new Hb;T(a,\"Missing next location step.\");c=dc(a,c);b.push(c)}else{a:{c=y(a.a);d=c.charAt(0);switch(d){case \"$\":throw Error(\"Variable reference not allowed in HTML XPath\");case \"(\":z(a.a);c=Yb(a);T(a,'unclosed \"(\"');$b(a,\")\");break;case '\"':case \"'\":c=bc(a);break;default:if(isNaN(+c))if(!Cb(c)&&/(?![0-9])[\\w]/.test(d)&&\"(\"==y(a.a,1)){c=z(a.a);\nc=Bb[c]||null;z(a.a);for(d=[];\")\"!=y(a.a);){T(a,\"Missing function argument list.\");d.push(Yb(a));if(\",\"!=y(a.a))break;z(a.a)}T(a,\"Unclosed function argument list.\");ac(a);c=new zb(c,d)}else{c=null;break a}else c=new Eb(+z(a.a))}\"[\"==y(a.a)&&(d=new Mb(ec(a)),c=new xb(c,d))}if(c)if(Jb(y(a.a)))d=c;else return c;else c=dc(a,\"/\"),d=new Ib,b.push(c)}for(;Jb(y(a.a));)c=z(a.a),T(a,\"Missing next location step.\"),c=dc(a,c),b.push(c);return new Fb(d,b)}\nfunction dc(a,b){if(\"/\"!=b&&\"//\"!=b)throw Error('Step op should be \"/\" or \"//\"');if(\".\"==y(a.a)){var c=new R(Sb,new G(\"node\"));z(a.a);return c}if(\"..\"==y(a.a))return c=new R(Rb,new G(\"node\")),z(a.a),c;if(\"@\"==y(a.a)){var d=Gb;z(a.a);T(a,\"Missing attribute name\")}else if(\"::\"==y(a.a,1)){if(!/(?![0-9])[\\w]/.test(y(a.a).charAt(0)))throw Error(\"Bad token: \"+z(a.a));var e=z(a.a);d=Qb[e]||null;if(!d)throw Error(\"No axis with name: \"+e);z(a.a);T(a,\"Missing node name\")}else d=Nb;e=y(a.a);if(/(?![0-9])[\\w\\*]/.test(e.charAt(0)))if(\"(\"==\ny(a.a,1)){if(!Cb(e))throw Error(\"Invalid node type: \"+e);e=z(a.a);if(!Cb(e))throw Error(\"Invalid type name: \"+e);$b(a,\"(\");T(a,\"Bad nodetype\");var f=y(a.a).charAt(0),g=null;if('\"'==f||\"'\"==f)g=bc(a);T(a,\"Bad nodetype\");ac(a);e=new G(e,g)}else if(e=z(a.a),f=e.indexOf(\":\"),-1==f)e=new F(e);else{g=e.substring(0,f);if(\"*\"==g)var h=\"*\";else if(h=a.b(g),!h)throw Error(\"Namespace prefix not declared: \"+g);e=e.substr(f+1);e=new F(e,h)}else throw Error(\"Bad token: \"+z(a.a));a=new Mb(ec(a),d.s);return c||new R(d,\ne,a,\"//\"==b)}function ec(a){for(var b=[];\"[\"==y(a.a);){z(a.a);T(a,\"Missing predicate expression.\");var c=Yb(a);b.push(c);T(a,\"Unclosed predicate expression.\");$b(a,\"]\")}return b}function Zb(a){if(\"-\"==y(a.a))return z(a.a),new Tb(Zb(a));var b=cc(a);if(\"|\"!=y(a.a))a=b;else{for(b=[b];\"|\"==z(a.a);)T(a,\"Missing next union location path.\"),b.push(cc(a));a.a.a--;a=new Ub(b)}return a};function fc(a){switch(a.nodeType){case 1:return ha(gc,a);case 9:return fc(a.documentElement);case 11:case 10:case 6:case 12:return hc;default:return a.parentNode?fc(a.parentNode):hc}}function hc(){return null}function gc(a,b){if(a.prefix==b)return a.namespaceURI||\"http://www.w3.org/1999/xhtml\";var c=a.getAttributeNode(\"xmlns:\"+b);return c&&c.specified?c.value||null:a.parentNode&&9!=a.parentNode.nodeType?gc(a.parentNode,b):null};function ic(a,b){if(!a.length)throw Error(\"Empty XPath expression.\");a=Qa(a);if(Ta(a))throw Error(\"Invalid XPath expression.\");b?\"function\"==ca(b)||(b=fa(b.lookupNamespaceURI,b)):b=function(){return null};var c=Yb(new Vb(a,b));if(!Ta(a))throw Error(\"Bad token: \"+z(a));this.evaluate=function(d,e){d=c.a(new ia(d));return new U(d,e)}}\nfunction U(a,b){if(0==b)if(a instanceof E)b=4;else if(\"string\"==typeof a)b=2;else if(\"number\"==typeof a)b=1;else if(\"boolean\"==typeof a)b=3;else throw Error(\"Unexpected evaluation result.\");if(2!=b&&1!=b&&3!=b&&!(a instanceof E))throw Error(\"value could not be converted to the specified type\");this.resultType=b;switch(b){case 2:this.stringValue=a instanceof E?nb(a):\"\"+a;break;case 1:this.numberValue=a instanceof E?+nb(a):+a;break;case 3:this.booleanValue=a instanceof E?0<a.l:!!a;break;case 4:case 5:case 6:case 7:var c=\nH(a);var d=[];for(var e=I(c);e;e=I(c))d.push(e instanceof Na?e.a:e);this.snapshotLength=a.l;this.invalidIteratorState=!1;break;case 8:case 9:a=mb(a);this.singleNodeValue=a instanceof Na?a.a:a;break;default:throw Error(\"Unknown XPathResult type.\");}var f=0;this.iterateNext=function(){if(4!=b&&5!=b)throw Error(\"iterateNext called with wrong result type\");return f>=d.length?null:d[f++]};this.snapshotItem=function(g){if(6!=b&&7!=b)throw Error(\"snapshotItem called with wrong result type\");return g>=d.length||\n0>g?null:d[g]}}U.ANY_TYPE=0;U.NUMBER_TYPE=1;U.STRING_TYPE=2;U.BOOLEAN_TYPE=3;U.UNORDERED_NODE_ITERATOR_TYPE=4;U.ORDERED_NODE_ITERATOR_TYPE=5;U.UNORDERED_NODE_SNAPSHOT_TYPE=6;U.ORDERED_NODE_SNAPSHOT_TYPE=7;U.ANY_UNORDERED_NODE_TYPE=8;U.FIRST_ORDERED_NODE_TYPE=9;function jc(a){this.lookupNamespaceURI=fc(a)}\nfunction kc(a,b){a=a||k;var c=a.Document&&a.Document.prototype||a.document;if(!c.evaluate||b)a.XPathResult=U,c.evaluate=function(d,e,f,g){return(new ic(d,f)).evaluate(e,g)},c.createExpression=function(d,e){return new ic(d,e)},c.createNSResolver=function(d){return new jc(d)}}ba(\"wgxpath.install\",kc);ba(\"wgxpath.install\",kc);var lc={aliceblue:\"#f0f8ff\",antiquewhite:\"#faebd7\",aqua:\"#00ffff\",aquamarine:\"#7fffd4\",azure:\"#f0ffff\",beige:\"#f5f5dc\",bisque:\"#ffe4c4\",black:\"#000000\",blanchedalmond:\"#ffebcd\",blue:\"#0000ff\",blueviolet:\"#8a2be2\",brown:\"#a52a2a\",burlywood:\"#deb887\",cadetblue:\"#5f9ea0\",chartreuse:\"#7fff00\",chocolate:\"#d2691e\",coral:\"#ff7f50\",cornflowerblue:\"#6495ed\",cornsilk:\"#fff8dc\",crimson:\"#dc143c\",cyan:\"#00ffff\",darkblue:\"#00008b\",darkcyan:\"#008b8b\",darkgoldenrod:\"#b8860b\",darkgray:\"#a9a9a9\",darkgreen:\"#006400\",\ndarkgrey:\"#a9a9a9\",darkkhaki:\"#bdb76b\",darkmagenta:\"#8b008b\",darkolivegreen:\"#556b2f\",darkorange:\"#ff8c00\",darkorchid:\"#9932cc\",darkred:\"#8b0000\",darksalmon:\"#e9967a\",darkseagreen:\"#8fbc8f\",darkslateblue:\"#483d8b\",darkslategray:\"#2f4f4f\",darkslategrey:\"#2f4f4f\",darkturquoise:\"#00ced1\",darkviolet:\"#9400d3\",deeppink:\"#ff1493\",deepskyblue:\"#00bfff\",dimgray:\"#696969\",dimgrey:\"#696969\",dodgerblue:\"#1e90ff\",firebrick:\"#b22222\",floralwhite:\"#fffaf0\",forestgreen:\"#228b22\",fuchsia:\"#ff00ff\",gainsboro:\"#dcdcdc\",\nghostwhite:\"#f8f8ff\",gold:\"#ffd700\",goldenrod:\"#daa520\",gray:\"#808080\",green:\"#008000\",greenyellow:\"#adff2f\",grey:\"#808080\",honeydew:\"#f0fff0\",hotpink:\"#ff69b4\",indianred:\"#cd5c5c\",indigo:\"#4b0082\",ivory:\"#fffff0\",khaki:\"#f0e68c\",lavender:\"#e6e6fa\",lavenderblush:\"#fff0f5\",lawngreen:\"#7cfc00\",lemonchiffon:\"#fffacd\",lightblue:\"#add8e6\",lightcoral:\"#f08080\",lightcyan:\"#e0ffff\",lightgoldenrodyellow:\"#fafad2\",lightgray:\"#d3d3d3\",lightgreen:\"#90ee90\",lightgrey:\"#d3d3d3\",lightpink:\"#ffb6c1\",lightsalmon:\"#ffa07a\",\nlightseagreen:\"#20b2aa\",lightskyblue:\"#87cefa\",lightslategray:\"#778899\",lightslategrey:\"#778899\",lightsteelblue:\"#b0c4de\",lightyellow:\"#ffffe0\",lime:\"#00ff00\",limegreen:\"#32cd32\",linen:\"#faf0e6\",magenta:\"#ff00ff\",maroon:\"#800000\",mediumaquamarine:\"#66cdaa\",mediumblue:\"#0000cd\",mediumorchid:\"#ba55d3\",mediumpurple:\"#9370db\",mediumseagreen:\"#3cb371\",mediumslateblue:\"#7b68ee\",mediumspringgreen:\"#00fa9a\",mediumturquoise:\"#48d1cc\",mediumvioletred:\"#c71585\",midnightblue:\"#191970\",mintcream:\"#f5fffa\",mistyrose:\"#ffe4e1\",\nmoccasin:\"#ffe4b5\",navajowhite:\"#ffdead\",navy:\"#000080\",oldlace:\"#fdf5e6\",olive:\"#808000\",olivedrab:\"#6b8e23\",orange:\"#ffa500\",orangered:\"#ff4500\",orchid:\"#da70d6\",palegoldenrod:\"#eee8aa\",palegreen:\"#98fb98\",paleturquoise:\"#afeeee\",palevioletred:\"#db7093\",papayawhip:\"#ffefd5\",peachpuff:\"#ffdab9\",peru:\"#cd853f\",pink:\"#ffc0cb\",plum:\"#dda0dd\",powderblue:\"#b0e0e6\",purple:\"#800080\",red:\"#ff0000\",rosybrown:\"#bc8f8f\",royalblue:\"#4169e1\",saddlebrown:\"#8b4513\",salmon:\"#fa8072\",sandybrown:\"#f4a460\",seagreen:\"#2e8b57\",\nseashell:\"#fff5ee\",sienna:\"#a0522d\",silver:\"#c0c0c0\",skyblue:\"#87ceeb\",slateblue:\"#6a5acd\",slategray:\"#708090\",slategrey:\"#708090\",snow:\"#fffafa\",springgreen:\"#00ff7f\",steelblue:\"#4682b4\",tan:\"#d2b48c\",teal:\"#008080\",thistle:\"#d8bfd8\",tomato:\"#ff6347\",turquoise:\"#40e0d0\",violet:\"#ee82ee\",wheat:\"#f5deb3\",white:\"#ffffff\",whitesmoke:\"#f5f5f5\",yellow:\"#ffff00\",yellowgreen:\"#9acd32\"};var mc=\"backgroundColor borderTopColor borderRightColor borderBottomColor borderLeftColor color outlineColor\".split(\" \"),nc=/#([0-9a-fA-F])([0-9a-fA-F])([0-9a-fA-F])/,oc=/^#(?:[0-9a-f]{3}){1,2}$/i,pc=/^(?:rgba)?\\((\\d{1,3}),\\s?(\\d{1,3}),\\s?(\\d{1,3}),\\s?(0|1|0\\.\\d*)\\)$/i,qc=/^(?:rgb)?\\((0|[1-9]\\d{0,2}),\\s?(0|[1-9]\\d{0,2}),\\s?(0|[1-9]\\d{0,2})\\)$/i;function rc(a,b){this.code=a;this.a=V[a]||sc;this.message=b||\"\";a=this.a.replace(/((?:^|\\s+)[a-z])/g,function(c){return c.toUpperCase().replace(/^[\\s\\xa0]+/g,\"\")});b=a.length-5;if(0>b||a.indexOf(\"Error\",b)!=b)a+=\"Error\";this.name=a;a=Error(this.message);a.name=this.name;this.stack=a.stack||\"\"}l(rc,Error);var sc=\"unknown error\",V={15:\"element not selectable\",11:\"element not visible\"};V[31]=sc;V[30]=sc;V[24]=\"invalid cookie domain\";V[29]=\"invalid element coordinates\";V[12]=\"invalid element state\";\nV[32]=\"invalid selector\";V[51]=\"invalid selector\";V[52]=\"invalid selector\";V[17]=\"javascript error\";V[405]=\"unsupported operation\";V[34]=\"move target out of bounds\";V[27]=\"no such alert\";V[7]=\"no such element\";V[8]=\"no such frame\";V[23]=\"no such window\";V[28]=\"script timeout\";V[33]=\"session not created\";V[10]=\"stale element reference\";V[21]=\"timeout\";V[25]=\"unable to set cookie\";V[26]=\"unexpected alert open\";V[13]=sc;V[9]=\"unknown command\";var tc=va(),uc=ya()||u(\"iPod\"),vc=u(\"iPad\"),wc=u(\"Android\")&&!(wa()||va()||u(\"Opera\")||u(\"Silk\")),xc=wa(),yc=u(\"Safari\")&&!(wa()||u(\"Coast\")||u(\"Opera\")||u(\"Edge\")||u(\"Edg/\")||u(\"OPR\")||va()||u(\"Silk\")||u(\"Android\"))&&!(ya()||u(\"iPad\")||u(\"iPod\"));function zc(a){return(a=a.exec(t))?a[1]:\"\"}(function(){if(tc)return zc(/Firefox\\/([0-9.]+)/);if(v||Ca||Ba)return Ga;if(xc)return ya()||u(\"iPad\")||u(\"iPod\")?zc(/CriOS\\/([0-9.]+)/):zc(/Chrome\\/([0-9.]+)/);if(yc&&!(ya()||u(\"iPad\")||u(\"iPod\")))return zc(/Version\\/([0-9.]+)/);if(uc||vc){var a=/Version\\/(\\S+).*Mobile\\/(\\S+)/.exec(t);if(a)return a[1]+\".\"+a[2]}else if(wc)return(a=zc(/Android\\s+([0-9.]+)/))?a:zc(/Version\\/([0-9.]+)/);return\"\"})();var Ac=v&&!(9<=Number(La));function W(a,b){b&&\"string\"!==typeof b&&(b=b.toString());return!!a&&1==a.nodeType&&(!b||a.tagName.toUpperCase()==b)};var Bc=function(){var a={K:\"http://www.w3.org/2000/svg\"};return function(b){return a[b]||null}}();\nfunction Cc(a,b){var c=A(a);if(!c.documentElement)return null;(v||wc)&&kc(c?c.parentWindow||c.defaultView:window);try{var d=c.createNSResolver?c.createNSResolver(c.documentElement):Bc;if(v&&!Ka(7))return c.evaluate.call(c,b,a,d,9,null);if(!v||9<=Number(La)){for(var e={},f=c.getElementsByTagName(\"*\"),g=0;g<f.length;++g){var h=f[g],m=h.namespaceURI;if(m&&!e[m]){var w=h.lookupPrefix(m);if(!w){var r=m.match(\".*/(\\\\w+)/?$\");w=r?r[1]:\"xhtml\"}e[m]=w}}var D={},L;for(L in e)D[e[L]]=L;d=function(M){return D[M]||\nnull}}try{return c.evaluate(b,a,d,9,null)}catch(M){if(\"TypeError\"===M.name)return d=c.createNSResolver?c.createNSResolver(c.documentElement):Bc,c.evaluate(b,a,d,9,null);throw M;}}catch(M){if(!Da||\"NS_ERROR_ILLEGAL_VALUE\"!=M.name)throw new rc(32,\"Unable to locate an element with the xpath expression \"+b+\" because of the following error:\\n\"+M);}}\nfunction Dc(a,b){var c=function(){var d=Cc(b,a);return d?d.singleNodeValue||null:b.selectSingleNode?(d=A(b),d.setProperty&&d.setProperty(\"SelectionLanguage\",\"XPath\"),b.selectSingleNode(a)):null}();if(null!==c&&(!c||1!=c.nodeType))throw new rc(32,'The result of the xpath expression \"'+a+'\" is: '+c+\". It should be an element.\");return c};function Ec(a,b,c,d){this.c=a;this.a=b;this.b=c;this.f=d}Ec.prototype.ceil=function(){this.c=Math.ceil(this.c);this.a=Math.ceil(this.a);this.b=Math.ceil(this.b);this.f=Math.ceil(this.f);return this};Ec.prototype.floor=function(){this.c=Math.floor(this.c);this.a=Math.floor(this.a);this.b=Math.floor(this.b);this.f=Math.floor(this.f);return this};Ec.prototype.round=function(){this.c=Math.round(this.c);this.a=Math.round(this.a);this.b=Math.round(this.b);this.f=Math.round(this.f);return this};function X(a,b,c,d){this.a=a;this.b=b;this.width=c;this.height=d}X.prototype.ceil=function(){this.a=Math.ceil(this.a);this.b=Math.ceil(this.b);this.width=Math.ceil(this.width);this.height=Math.ceil(this.height);return this};X.prototype.floor=function(){this.a=Math.floor(this.a);this.b=Math.floor(this.b);this.width=Math.floor(this.width);this.height=Math.floor(this.height);return this};\nX.prototype.round=function(){this.a=Math.round(this.a);this.b=Math.round(this.b);this.width=Math.round(this.width);this.height=Math.round(this.height);return this};var Fc=\"function\"===typeof ShadowRoot;function Gc(a){for(a=a.parentNode;a&&1!=a.nodeType&&9!=a.nodeType&&11!=a.nodeType;)a=a.parentNode;return W(a)?a:null}\nfunction Y(a,b){b=xa(b);if(\"float\"==b||\"cssFloat\"==b||\"styleFloat\"==b)b=Ac?\"styleFloat\":\"cssFloat\";a:{var c=b;var d=A(a);if(d.defaultView&&d.defaultView.getComputedStyle&&(d=d.defaultView.getComputedStyle(a,null))){c=d[c]||d.getPropertyValue(c)||\"\";break a}c=\"\"}a=c||Hc(a,b);if(null===a)a=null;else if(0<=ja(mc,b)){b:{var e=a.match(pc);if(e&&(b=Number(e[1]),c=Number(e[2]),d=Number(e[3]),e=Number(e[4]),0<=b&&255>=b&&0<=c&&255>=c&&0<=d&&255>=d&&0<=e&&1>=e)){b=[b,c,d,e];break b}b=null}if(!b)b:{if(d=a.match(qc))if(b=\nNumber(d[1]),c=Number(d[2]),d=Number(d[3]),0<=b&&255>=b&&0<=c&&255>=c&&0<=d&&255>=d){b=[b,c,d,1];break b}b=null}if(!b)b:{b=a.toLowerCase();c=lc[b.toLowerCase()];if(!c&&(c=\"#\"==b.charAt(0)?b:\"#\"+b,4==c.length&&(c=c.replace(nc,\"#$1$1$2$2$3$3\")),!oc.test(c))){b=null;break b}b=[parseInt(c.substr(1,2),16),parseInt(c.substr(3,2),16),parseInt(c.substr(5,2),16),1]}a=b?\"rgba(\"+b.join(\", \")+\")\":a}return a}\nfunction Hc(a,b){var c=a.currentStyle||a.style,d=c[b];void 0===d&&\"function\"==ca(c.getPropertyValue)&&(d=c.getPropertyValue(b));return\"inherit\"!=d?void 0!==d?d:null:(a=Gc(a))?Hc(a,b):null}\nfunction Ic(a,b,c){function d(g){var h=Jc(g);return 0<h.height&&0<h.width?!0:W(g,\"PATH\")&&(0<h.height||0<h.width)?(g=Y(g,\"stroke-width\"),!!g&&0<parseInt(g,10)):\"hidden\"!=Y(g,\"overflow\")&&ma(g.childNodes,function(m){return 3==m.nodeType||W(m)&&d(m)})}function e(g){return Kc(g)==Z&&na(g.childNodes,function(h){return!W(h)||e(h)||!d(h)})}if(!W(a))throw Error(\"Argument to isShown must be of type Element\");if(W(a,\"BODY\"))return!0;if(W(a,\"OPTION\")||W(a,\"OPTGROUP\"))return a=$a(a,function(g){return W(g,\"SELECT\")}),\n!!a&&Ic(a,!0,c);var f=Lc(a);if(f)return!!f.image&&0<f.rect.width&&0<f.rect.height&&Ic(f.image,b,c);if(W(a,\"INPUT\")&&\"hidden\"==a.type.toLowerCase()||W(a,\"NOSCRIPT\"))return!1;f=Y(a,\"visibility\");return\"collapse\"!=f&&\"hidden\"!=f&&c(a)&&(b||0!=Mc(a))&&d(a)?!e(a):!1}var Z=\"hidden\";\nfunction Kc(a){function b(p){function q(fb){if(fb==g)return!0;var Wb=Y(fb,\"display\");return 0==Wb.lastIndexOf(\"inline\",0)||\"contents\"==Wb||\"absolute\"==Xb&&\"static\"==Y(fb,\"position\")?!1:!0}var Xb=Y(p,\"position\");if(\"fixed\"==Xb)return w=!0,p==g?null:g;for(p=Gc(p);p&&!q(p);)p=Gc(p);return p}function c(p){var q=p;if(\"visible\"==m)if(p==g&&h)q=h;else if(p==h)return{x:\"visible\",y:\"visible\"};q={x:Y(q,\"overflow-x\"),y:Y(q,\"overflow-y\")};p==g&&(q.x=\"visible\"==q.x?\"auto\":q.x,q.y=\"visible\"==q.y?\"auto\":q.y);return q}\nfunction d(p){if(p==g){var q=(new ab(f)).a;p=q.scrollingElement?q.scrollingElement:Ea||\"CSS1Compat\"!=q.compatMode?q.body||q.documentElement:q.documentElement;q=q.parentWindow||q.defaultView;p=v&&Ka(\"10\")&&q.pageYOffset!=p.scrollTop?new Ua(p.scrollLeft,p.scrollTop):new Ua(q.pageXOffset||p.scrollLeft,q.pageYOffset||p.scrollTop)}else p=new Ua(p.scrollLeft,p.scrollTop);return p}var e=Nc(a),f=A(a),g=f.documentElement,h=f.body,m=Y(g,\"overflow\"),w;for(a=b(a);a;a=b(a)){var r=c(a);if(\"visible\"!=r.x||\"visible\"!=\nr.y){var D=Jc(a);if(0==D.width||0==D.height)return Z;var L=e.a<D.a,M=e.b<D.b;if(L&&\"hidden\"==r.x||M&&\"hidden\"==r.y)return Z;if(L&&\"visible\"!=r.x||M&&\"visible\"!=r.y){L=d(a);M=e.b<D.b-L.y;if(e.a<D.a-L.x&&\"visible\"!=r.x||M&&\"visible\"!=r.x)return Z;e=Kc(a);return e==Z?Z:\"scroll\"}L=e.f>=D.a+D.width;D=e.c>=D.b+D.height;if(L&&\"hidden\"==r.x||D&&\"hidden\"==r.y)return Z;if(L&&\"visible\"!=r.x||D&&\"visible\"!=r.y){if(w&&(r=d(a),e.f>=g.scrollWidth-r.x||e.a>=g.scrollHeight-r.y))return Z;e=Kc(a);return e==Z?Z:\"scroll\"}}}return\"none\"}\nfunction Jc(a){var b=Lc(a);if(b)return b.rect;if(W(a,\"HTML\"))return a=A(a),a=((a?a.parentWindow||a.defaultView:window)||window).document,a=\"CSS1Compat\"==a.compatMode?a.documentElement:a.body,a=new Va(a.clientWidth,a.clientHeight),new X(0,0,a.width,a.height);try{var c=a.getBoundingClientRect()}catch(d){return new X(0,0,0,0)}b=new X(c.left,c.top,c.right-c.left,c.bottom-c.top);v&&a.ownerDocument.body&&(a=A(a),b.a-=a.documentElement.clientLeft+a.body.clientLeft,b.b-=a.documentElement.clientTop+a.body.clientTop);\nreturn b}function Lc(a){var b=W(a,\"MAP\");if(!b&&!W(a,\"AREA\"))return null;var c=b?a:W(a.parentNode,\"MAP\")?a.parentNode:null,d=null,e=null;c&&c.name&&(d=Dc('/descendant::*[@usemap = \"#'+c.name+'\"]',A(c)))&&(e=Jc(d),b||\"default\"==a.shape.toLowerCase()||(a=Oc(a),b=Math.min(Math.max(a.a,0),e.width),c=Math.min(Math.max(a.b,0),e.height),e=new X(b+e.a,c+e.b,Math.min(a.width,e.width-b),Math.min(a.height,e.height-c))));return{image:d,rect:e||new X(0,0,0,0)}}\nfunction Oc(a){var b=a.shape.toLowerCase();a=a.coords.split(\",\");if(\"rect\"==b&&4==a.length){b=a[0];var c=a[1];return new X(b,c,a[2]-b,a[3]-c)}if(\"circle\"==b&&3==a.length)return b=a[2],new X(a[0]-b,a[1]-b,2*b,2*b);if(\"poly\"==b&&2<a.length){b=a[0];c=a[1];for(var d=b,e=c,f=2;f+1<a.length;f+=2)b=Math.min(b,a[f]),d=Math.max(d,a[f]),c=Math.min(c,a[f+1]),e=Math.max(e,a[f+1]);return new X(b,c,d-b,e-c)}return new X(0,0,0,0)}function Nc(a){a=Jc(a);return new Ec(a.b,a.a+a.width,a.b+a.height,a.a)}\nfunction Mc(a){if(Ac){if(\"relative\"==Y(a,\"position\"))return 1;a=Y(a,\"filter\");return(a=a.match(/^alpha\\(opacity=(\\d*)\\)/)||a.match(/^progid:DXImageTransform.Microsoft.Alpha\\(Opacity=(\\d*)\\)/))?Number(a[1])/100:1}return Pc(a)}function Pc(a){var b=1,c=Y(a,\"opacity\");c&&(b=Number(c));(a=Gc(a))&&(b*=Pc(a));return b};ba(\"_\",function(a,b){function c(d){if(W(d)&&\"none\"==Y(d,\"display\"))return!1;var e;if((e=d.parentNode)&&e.shadowRoot&&void 0!==d.assignedSlot)e=d.assignedSlot?d.assignedSlot.parentNode:null;else if(d.getDestinationInsertionPoints){var f=d.getDestinationInsertionPoints();0<f.length&&(e=f[f.length-1])}if(Fc&&e instanceof ShadowRoot){if(e.host.shadowRoot!==e)return!1;e=e.host}return!e||9!=e.nodeType&&11!=e.nodeType?e&&W(e,\"DETAILS\")&&!e.open&&!W(d,\"SUMMARY\")?!1:!!e&&c(e):!0}return Ic(a,!!b,c)});; return this._.apply(null,arguments);}).apply({navigator:typeof window!='undefined'?window.navigator:null,document:typeof window!='undefined'?window.document:null}, arguments);}\n).apply(null, arguments);", "args": [{"element-6066-11e4-a52e-4f735466cecf": "f.0188C052A461367D6D7471FED799024B.d.97DC2A952723C99F512DD17C318286F6.e.251"}]}
DEBUG    urllib3.connectionpool:connectionpool.py:544 http://selenium-hub:4444 "POST /wd/hub/session/cf4952d15d838f19f95718295e201dd4/execute/sync HTTP/1.1" 200 0
DEBUG    selenium.webdriver.remote.remote_connection:remote_connection.py:329 Remote response: status=200 | data={"value":true} | headers=HTTPHeaderDict({'content-length': '14', 'content-type': 'application/json; charset=utf-8', 'cache-control': 'no-cache'})
DEBUG    selenium.webdriver.remote.remote_connection:remote_connection.py:356 Finished Request
DEBUG    selenium.webdriver.remote.remote_connection:remote_connection.py:313 POST http://selenium-hub:4444/wd/hub/session/cf4952d15d838f19f95718295e201dd4/execute/sync {"script": "/* isDisplayed */return (function(){return (function(){var k=this||self;function aa(a){return\"string\"==typeof a}function ba(a,b){a=a.split(\".\");var c=k;a[0]in c||\"undefined\"==typeof c.execScript||c.execScript(\"var \"+a[0]);for(var d;a.length&&(d=a.shift());)a.length||void 0===b?c[d]&&c[d]!==Object.prototype[d]?c=c[d]:c=c[d]={}:c[d]=b}\nfunction ca(a){var b=typeof a;if(\"object\"==b)if(a){if(a instanceof Array)return\"array\";if(a instanceof Object)return b;var c=Object.prototype.toString.call(a);if(\"[object Window]\"==c)return\"object\";if(\"[object Array]\"==c||\"number\"==typeof a.length&&\"undefined\"!=typeof a.splice&&\"undefined\"!=typeof a.propertyIsEnumerable&&!a.propertyIsEnumerable(\"splice\"))return\"array\";if(\"[object Function]\"==c||\"undefined\"!=typeof a.call&&\"undefined\"!=typeof a.propertyIsEnumerable&&!a.propertyIsEnumerable(\"call\"))return\"function\"}else return\"null\";\nelse if(\"function\"==b&&\"undefined\"==typeof a.call)return\"object\";return b}function da(a,b,c){return a.call.apply(a.bind,arguments)}function ea(a,b,c){if(!a)throw Error();if(2<arguments.length){var d=Array.prototype.slice.call(arguments,2);return function(){var e=Array.prototype.slice.call(arguments);Array.prototype.unshift.apply(e,d);return a.apply(b,e)}}return function(){return a.apply(b,arguments)}}\nfunction fa(a,b,c){Function.prototype.bind&&-1!=Function.prototype.bind.toString().indexOf(\"native code\")?fa=da:fa=ea;return fa.apply(null,arguments)}function ha(a,b){var c=Array.prototype.slice.call(arguments,1);return function(){var d=c.slice();d.push.apply(d,arguments);return a.apply(this,d)}}function l(a,b){function c(){}c.prototype=b.prototype;a.prototype=new c;a.prototype.constructor=a};/*\n\n The MIT License\n\n Copyright (c) 2007 Cybozu Labs, Inc.\n Copyright (c) 2012 Google Inc.\n\n Permission is hereby granted, free of charge, to any person obtaining a copy\n of this software and associated documentation files (the \"Software\"), to\n deal in the Software without restriction, including without limitation the\n rights to use, copy, modify, merge, publish, distribute, sublicense, and/or\n sell copies of the Software, and to permit persons to whom the Software is\n furnished to do so, subject to the following conditions:\n\n The above copyright notice and this permission notice shall be included in\n all copies or substantial portions of the Software.\n\n THE SOFTWARE IS PROVIDED \"AS IS\", WITHOUT WARRANTY OF ANY KIND, EXPRESS OR\n IMPLIED, INCLUDING BUT NOT LIMITED TO THE WARRANTIES OF MERCHANTABILITY,\n FITNESS FOR A PARTICULAR PURPOSE AND NONINFRINGEMENT. IN NO EVENT SHALL THE\n AUTHORS OR COPYRIGHT HOLDERS BE LIABLE FOR ANY CLAIM, DAMAGES OR OTHER\n LIABILITY, WHETHER IN AN ACTION OF CONTRACT, TORT OR OTHERWISE, ARISING\n FROM, OUT OF OR IN CONNECTION WITH THE SOFTWARE OR THE USE OR OTHER DEALINGS\n IN THE SOFTWARE.\n*/\nfunction ia(a,b,c){this.a=a;this.b=b||1;this.f=c||1};var ja=Array.prototype.indexOf?function(a,b){return Array.prototype.indexOf.call(a,b,void 0)}:function(a,b){if(\"string\"===typeof a)return\"string\"!==typeof b||1!=b.length?-1:a.indexOf(b,0);for(var c=0;c<a.length;c++)if(c in a&&a[c]===b)return c;return-1},n=Array.prototype.forEach?function(a,b){Array.prototype.forEach.call(a,b,void 0)}:function(a,b){for(var c=a.length,d=\"string\"===typeof a?a.split(\"\"):a,e=0;e<c;e++)e in d&&b.call(void 0,d[e],e,a)},ka=Array.prototype.filter?function(a,b){return Array.prototype.filter.call(a,\nb,void 0)}:function(a,b){for(var c=a.length,d=[],e=0,f=\"string\"===typeof a?a.split(\"\"):a,g=0;g<c;g++)if(g in f){var h=f[g];b.call(void 0,h,g,a)&&(d[e++]=h)}return d},la=Array.prototype.reduce?function(a,b,c){return Array.prototype.reduce.call(a,b,c)}:function(a,b,c){var d=c;n(a,function(e,f){d=b.call(void 0,d,e,f,a)});return d},ma=Array.prototype.some?function(a,b){return Array.prototype.some.call(a,b,void 0)}:function(a,b){for(var c=a.length,d=\"string\"===typeof a?a.split(\"\"):a,e=0;e<c;e++)if(e in\nd&&b.call(void 0,d[e],e,a))return!0;return!1},na=Array.prototype.every?function(a,b){return Array.prototype.every.call(a,b,void 0)}:function(a,b){for(var c=a.length,d=\"string\"===typeof a?a.split(\"\"):a,e=0;e<c;e++)if(e in d&&!b.call(void 0,d[e],e,a))return!1;return!0};function oa(a,b){a:{for(var c=a.length,d=\"string\"===typeof a?a.split(\"\"):a,e=0;e<c;e++)if(e in d&&b.call(void 0,d[e],e,a)){b=e;break a}b=-1}return 0>b?null:\"string\"===typeof a?a.charAt(b):a[b]}\nfunction pa(a){return Array.prototype.concat.apply([],arguments)}function qa(a,b,c){return 2>=arguments.length?Array.prototype.slice.call(a,b):Array.prototype.slice.call(a,b,c)};var ra=String.prototype.trim?function(a){return a.trim()}:function(a){return/^[\\s\\xa0]*([\\s\\S]*?)[\\s\\xa0]*$/.exec(a)[1]};function sa(a,b){return a<b?-1:a>b?1:0};var t;a:{var ta=k.navigator;if(ta){var ua=ta.userAgent;if(ua){t=ua;break a}}t=\"\"}function u(a){return-1!=t.indexOf(a)};function va(){return u(\"Firefox\")||u(\"FxiOS\")}function wa(){return(u(\"Chrome\")||u(\"CriOS\"))&&!u(\"Edge\")};function xa(a){return String(a).replace(/\\-([a-z])/g,function(b,c){return c.toUpperCase()})};function ya(){return u(\"iPhone\")&&!u(\"iPod\")&&!u(\"iPad\")};function za(a,b){var c=Aa;return Object.prototype.hasOwnProperty.call(c,a)?c[a]:c[a]=b(a)};var Ba=u(\"Opera\"),v=u(\"Trident\")||u(\"MSIE\"),Ca=u(\"Edge\"),Da=u(\"Gecko\")&&!(-1!=t.toLowerCase().indexOf(\"webkit\")&&!u(\"Edge\"))&&!(u(\"Trident\")||u(\"MSIE\"))&&!u(\"Edge\"),Ea=-1!=t.toLowerCase().indexOf(\"webkit\")&&!u(\"Edge\");function Fa(){var a=k.document;return a?a.documentMode:void 0}var Ga;\na:{var Ha=\"\",Ia=function(){var a=t;if(Da)return/rv:([^\\);]+)(\\)|;)/.exec(a);if(Ca)return/Edge\\/([\\d\\.]+)/.exec(a);if(v)return/\\b(?:MSIE|rv)[: ]([^\\);]+)(\\)|;)/.exec(a);if(Ea)return/WebKit\\/(\\S+)/.exec(a);if(Ba)return/(?:Version)[ \\/]?(\\S+)/.exec(a)}();Ia&&(Ha=Ia?Ia[1]:\"\");if(v){var Ja=Fa();if(null!=Ja&&Ja>parseFloat(Ha)){Ga=String(Ja);break a}}Ga=Ha}var Aa={};\nfunction Ka(a){return za(a,function(){for(var b=0,c=ra(String(Ga)).split(\".\"),d=ra(String(a)).split(\".\"),e=Math.max(c.length,d.length),f=0;0==b&&f<e;f++){var g=c[f]||\"\",h=d[f]||\"\";do{g=/(\\d*)(\\D*)(.*)/.exec(g)||[\"\",\"\",\"\",\"\"];h=/(\\d*)(\\D*)(.*)/.exec(h)||[\"\",\"\",\"\",\"\"];if(0==g[0].length&&0==h[0].length)break;b=sa(0==g[1].length?0:parseInt(g[1],10),0==h[1].length?0:parseInt(h[1],10))||sa(0==g[2].length,0==h[2].length)||sa(g[2],h[2]);g=g[3];h=h[3]}while(0==b)}return 0<=b})}var La;\nLa=k.document&&v?Fa():void 0;var x=v&&!(9<=Number(La)),Ma=v&&!(8<=Number(La));function Na(a,b,c,d){this.a=a;this.nodeName=c;this.nodeValue=d;this.nodeType=2;this.parentNode=this.ownerElement=b}function Oa(a,b){var c=Ma&&\"href\"==b.nodeName?a.getAttribute(b.nodeName,2):b.nodeValue;return new Na(b,a,b.nodeName,c)};function Pa(a){this.b=a;this.a=0}function Qa(a){a=a.match(Ra);for(var b=0;b<a.length;b++)Sa.test(a[b])&&a.splice(b,1);return new Pa(a)}var Ra=/\\$?(?:(?![0-9-\\.])(?:\\*|[\\w-\\.]+):)?(?![0-9-\\.])(?:\\*|[\\w-\\.]+)|\\/\\/|\\.\\.|::|\\d+(?:\\.\\d*)?|\\.\\d+|\"[^\"]*\"|'[^']*'|[!<>]=|\\s+|./g,Sa=/^\\s/;function y(a,b){return a.b[a.a+(b||0)]}function z(a){return a.b[a.a++]}function Ta(a){return a.b.length<=a.a};function Ua(a,b){this.x=void 0!==a?a:0;this.y=void 0!==b?b:0}Ua.prototype.ceil=function(){this.x=Math.ceil(this.x);this.y=Math.ceil(this.y);return this};Ua.prototype.floor=function(){this.x=Math.floor(this.x);this.y=Math.floor(this.y);return this};Ua.prototype.round=function(){this.x=Math.round(this.x);this.y=Math.round(this.y);return this};function Va(a,b){this.width=a;this.height=b}Va.prototype.aspectRatio=function(){return this.width/this.height};Va.prototype.ceil=function(){this.width=Math.ceil(this.width);this.height=Math.ceil(this.height);return this};Va.prototype.floor=function(){this.width=Math.floor(this.width);this.height=Math.floor(this.height);return this};Va.prototype.round=function(){this.width=Math.round(this.width);this.height=Math.round(this.height);return this};function Wa(a,b){if(!a||!b)return!1;if(a.contains&&1==b.nodeType)return a==b||a.contains(b);if(\"undefined\"!=typeof a.compareDocumentPosition)return a==b||!!(a.compareDocumentPosition(b)&16);for(;b&&a!=b;)b=b.parentNode;return b==a}\nfunction Xa(a,b){if(a==b)return 0;if(a.compareDocumentPosition)return a.compareDocumentPosition(b)&2?1:-1;if(v&&!(9<=Number(La))){if(9==a.nodeType)return-1;if(9==b.nodeType)return 1}if(\"sourceIndex\"in a||a.parentNode&&\"sourceIndex\"in a.parentNode){var c=1==a.nodeType,d=1==b.nodeType;if(c&&d)return a.sourceIndex-b.sourceIndex;var e=a.parentNode,f=b.parentNode;return e==f?Ya(a,b):!c&&Wa(e,b)?-1*Za(a,b):!d&&Wa(f,a)?Za(b,a):(c?a.sourceIndex:e.sourceIndex)-(d?b.sourceIndex:f.sourceIndex)}d=A(a);c=d.createRange();\nc.selectNode(a);c.collapse(!0);a=d.createRange();a.selectNode(b);a.collapse(!0);return c.compareBoundaryPoints(k.Range.START_TO_END,a)}function Za(a,b){var c=a.parentNode;if(c==b)return-1;for(;b.parentNode!=c;)b=b.parentNode;return Ya(b,a)}function Ya(a,b){for(;b=b.previousSibling;)if(b==a)return-1;return 1}function A(a){return 9==a.nodeType?a:a.ownerDocument||a.document}function $a(a,b){a&&(a=a.parentNode);for(var c=0;a;){if(b(a))return a;a=a.parentNode;c++}return null}\nfunction ab(a){this.a=a||k.document||document}ab.prototype.getElementsByTagName=function(a,b){return(b||this.a).getElementsByTagName(String(a))};function B(a){var b=null,c=a.nodeType;1==c&&(b=a.textContent,b=void 0==b||null==b?a.innerText:b,b=void 0==b||null==b?\"\":b);if(\"string\"!=typeof b)if(x&&\"title\"==a.nodeName.toLowerCase()&&1==c)b=a.text;else if(9==c||1==c){a=9==c?a.documentElement:a.firstChild;c=0;var d=[];for(b=\"\";a;){do 1!=a.nodeType&&(b+=a.nodeValue),x&&\"title\"==a.nodeName.toLowerCase()&&(b+=a.text),d[c++]=a;while(a=a.firstChild);for(;c&&!(a=d[--c].nextSibling););}}else b=a.nodeValue;return b}\nfunction C(a,b,c){if(null===b)return!0;try{if(!a.getAttribute)return!1}catch(d){return!1}Ma&&\"class\"==b&&(b=\"className\");return null==c?!!a.getAttribute(b):a.getAttribute(b,2)==c}function bb(a,b,c,d,e){return(x?cb:db).call(null,a,b,aa(c)?c:null,aa(d)?d:null,e||new E)}\nfunction cb(a,b,c,d,e){if(a instanceof F||8==a.b||c&&null===a.b){var f=b.all;if(!f)return e;a=eb(a);if(\"*\"!=a&&(f=b.getElementsByTagName(a),!f))return e;if(c){for(var g=[],h=0;b=f[h++];)C(b,c,d)&&g.push(b);f=g}for(h=0;b=f[h++];)\"*\"==a&&\"!\"==b.tagName||e.add(b);return e}gb(a,b,c,d,e);return e}\nfunction db(a,b,c,d,e){b.getElementsByName&&d&&\"name\"==c&&!v?(b=b.getElementsByName(d),n(b,function(f){a.a(f)&&e.add(f)})):b.getElementsByClassName&&d&&\"class\"==c?(b=b.getElementsByClassName(d),n(b,function(f){f.className==d&&a.a(f)&&e.add(f)})):a instanceof G?gb(a,b,c,d,e):b.getElementsByTagName&&(b=b.getElementsByTagName(a.f()),n(b,function(f){C(f,c,d)&&e.add(f)}));return e}\nfunction hb(a,b,c,d,e){var f;if((a instanceof F||8==a.b||c&&null===a.b)&&(f=b.childNodes)){var g=eb(a);if(\"*\"!=g&&(f=ka(f,function(h){return h.tagName&&h.tagName.toLowerCase()==g}),!f))return e;c&&(f=ka(f,function(h){return C(h,c,d)}));n(f,function(h){\"*\"==g&&(\"!\"==h.tagName||\"*\"==g&&1!=h.nodeType)||e.add(h)});return e}return ib(a,b,c,d,e)}function ib(a,b,c,d,e){for(b=b.firstChild;b;b=b.nextSibling)C(b,c,d)&&a.a(b)&&e.add(b);return e}\nfunction gb(a,b,c,d,e){for(b=b.firstChild;b;b=b.nextSibling)C(b,c,d)&&a.a(b)&&e.add(b),gb(a,b,c,d,e)}function eb(a){if(a instanceof G){if(8==a.b)return\"!\";if(null===a.b)return\"*\"}return a.f()};function E(){this.b=this.a=null;this.l=0}function jb(a){this.f=a;this.a=this.b=null}function kb(a,b){if(!a.a)return b;if(!b.a)return a;var c=a.a;b=b.a;for(var d=null,e,f=0;c&&b;){e=c.f;var g=b.f;e==g||e instanceof Na&&g instanceof Na&&e.a==g.a?(e=c,c=c.a,b=b.a):0<Xa(c.f,b.f)?(e=b,b=b.a):(e=c,c=c.a);(e.b=d)?d.a=e:a.a=e;d=e;f++}for(e=c||b;e;)e.b=d,d=d.a=e,f++,e=e.a;a.b=d;a.l=f;return a}function lb(a,b){b=new jb(b);b.a=a.a;a.b?a.a.b=b:a.a=a.b=b;a.a=b;a.l++}\nE.prototype.add=function(a){a=new jb(a);a.b=this.b;this.a?this.b.a=a:this.a=this.b=a;this.b=a;this.l++};function mb(a){return(a=a.a)?a.f:null}function nb(a){return(a=mb(a))?B(a):\"\"}function H(a,b){return new ob(a,!!b)}function ob(a,b){this.f=a;this.b=(this.s=b)?a.b:a.a;this.a=null}function I(a){var b=a.b;if(null==b)return null;var c=a.a=b;a.b=a.s?b.b:b.a;return c.f};function J(a){this.i=a;this.b=this.g=!1;this.f=null}function K(a){return\"\\n  \"+a.toString().split(\"\\n\").join(\"\\n  \")}function pb(a,b){a.g=b}function qb(a,b){a.b=b}function N(a,b){a=a.a(b);return a instanceof E?+nb(a):+a}function O(a,b){a=a.a(b);return a instanceof E?nb(a):\"\"+a}function rb(a,b){a=a.a(b);return a instanceof E?!!a.l:!!a};function sb(a,b,c){J.call(this,a.i);this.c=a;this.h=b;this.o=c;this.g=b.g||c.g;this.b=b.b||c.b;this.c==tb&&(c.b||c.g||4==c.i||0==c.i||!b.f?b.b||b.g||4==b.i||0==b.i||!c.f||(this.f={name:c.f.name,u:b}):this.f={name:b.f.name,u:c})}l(sb,J);\nfunction ub(a,b,c,d,e){b=b.a(d);c=c.a(d);var f;if(b instanceof E&&c instanceof E){b=H(b);for(d=I(b);d;d=I(b))for(e=H(c),f=I(e);f;f=I(e))if(a(B(d),B(f)))return!0;return!1}if(b instanceof E||c instanceof E){b instanceof E?(e=b,d=c):(e=c,d=b);f=H(e);for(var g=typeof d,h=I(f);h;h=I(f)){switch(g){case \"number\":h=+B(h);break;case \"boolean\":h=!!B(h);break;case \"string\":h=B(h);break;default:throw Error(\"Illegal primitive type for comparison.\");}if(e==b&&a(h,d)||e==c&&a(d,h))return!0}return!1}return e?\"boolean\"==\ntypeof b||\"boolean\"==typeof c?a(!!b,!!c):\"number\"==typeof b||\"number\"==typeof c?a(+b,+c):a(b,c):a(+b,+c)}sb.prototype.a=function(a){return this.c.m(this.h,this.o,a)};sb.prototype.toString=function(){var a=\"Binary Expression: \"+this.c;a+=K(this.h);return a+=K(this.o)};function vb(a,b,c,d){this.I=a;this.D=b;this.i=c;this.m=d}vb.prototype.toString=function(){return this.I};var wb={};\nfunction P(a,b,c,d){if(wb.hasOwnProperty(a))throw Error(\"Binary operator already created: \"+a);a=new vb(a,b,c,d);return wb[a.toString()]=a}P(\"div\",6,1,function(a,b,c){return N(a,c)/N(b,c)});P(\"mod\",6,1,function(a,b,c){return N(a,c)%N(b,c)});P(\"*\",6,1,function(a,b,c){return N(a,c)*N(b,c)});P(\"+\",5,1,function(a,b,c){return N(a,c)+N(b,c)});P(\"-\",5,1,function(a,b,c){return N(a,c)-N(b,c)});P(\"<\",4,2,function(a,b,c){return ub(function(d,e){return d<e},a,b,c)});\nP(\">\",4,2,function(a,b,c){return ub(function(d,e){return d>e},a,b,c)});P(\"<=\",4,2,function(a,b,c){return ub(function(d,e){return d<=e},a,b,c)});P(\">=\",4,2,function(a,b,c){return ub(function(d,e){return d>=e},a,b,c)});var tb=P(\"=\",3,2,function(a,b,c){return ub(function(d,e){return d==e},a,b,c,!0)});P(\"!=\",3,2,function(a,b,c){return ub(function(d,e){return d!=e},a,b,c,!0)});P(\"and\",2,2,function(a,b,c){return rb(a,c)&&rb(b,c)});P(\"or\",1,2,function(a,b,c){return rb(a,c)||rb(b,c)});function xb(a,b){if(b.a.length&&4!=a.i)throw Error(\"Primary expression must evaluate to nodeset if filter has predicate(s).\");J.call(this,a.i);this.c=a;this.h=b;this.g=a.g;this.b=a.b}l(xb,J);xb.prototype.a=function(a){a=this.c.a(a);return yb(this.h,a)};xb.prototype.toString=function(){var a=\"Filter:\"+K(this.c);return a+=K(this.h)};function zb(a,b){if(b.length<a.C)throw Error(\"Function \"+a.j+\" expects at least\"+a.C+\" arguments, \"+b.length+\" given\");if(null!==a.B&&b.length>a.B)throw Error(\"Function \"+a.j+\" expects at most \"+a.B+\" arguments, \"+b.length+\" given\");a.H&&n(b,function(c,d){if(4!=c.i)throw Error(\"Argument \"+d+\" to function \"+a.j+\" is not of type Nodeset: \"+c);});J.call(this,a.i);this.v=a;this.c=b;pb(this,a.g||ma(b,function(c){return c.g}));qb(this,a.G&&!b.length||a.F&&!!b.length||ma(b,function(c){return c.b}))}\nl(zb,J);zb.prototype.a=function(a){return this.v.m.apply(null,pa(a,this.c))};zb.prototype.toString=function(){var a=\"Function: \"+this.v;if(this.c.length){var b=la(this.c,function(c,d){return c+K(d)},\"Arguments:\");a+=K(b)}return a};function Ab(a,b,c,d,e,f,g,h){this.j=a;this.i=b;this.g=c;this.G=d;this.F=!1;this.m=e;this.C=f;this.B=void 0!==g?g:f;this.H=!!h}Ab.prototype.toString=function(){return this.j};var Bb={};\nfunction Q(a,b,c,d,e,f,g,h){if(Bb.hasOwnProperty(a))throw Error(\"Function already created: \"+a+\".\");Bb[a]=new Ab(a,b,c,d,e,f,g,h)}Q(\"boolean\",2,!1,!1,function(a,b){return rb(b,a)},1);Q(\"ceiling\",1,!1,!1,function(a,b){return Math.ceil(N(b,a))},1);Q(\"concat\",3,!1,!1,function(a,b){return la(qa(arguments,1),function(c,d){return c+O(d,a)},\"\")},2,null);Q(\"contains\",2,!1,!1,function(a,b,c){b=O(b,a);a=O(c,a);return-1!=b.indexOf(a)},2);Q(\"count\",1,!1,!1,function(a,b){return b.a(a).l},1,1,!0);\nQ(\"false\",2,!1,!1,function(){return!1},0);Q(\"floor\",1,!1,!1,function(a,b){return Math.floor(N(b,a))},1);Q(\"id\",4,!1,!1,function(a,b){function c(h){if(x){var m=e.all[h];if(m){if(m.nodeType&&h==m.id)return m;if(m.length)return oa(m,function(w){return h==w.id})}return null}return e.getElementById(h)}var d=a.a,e=9==d.nodeType?d:d.ownerDocument;a=O(b,a).split(/\\s+/);var f=[];n(a,function(h){h=c(h);!h||0<=ja(f,h)||f.push(h)});f.sort(Xa);var g=new E;n(f,function(h){g.add(h)});return g},1);\nQ(\"lang\",2,!1,!1,function(){return!1},1);Q(\"last\",1,!0,!1,function(a){if(1!=arguments.length)throw Error(\"Function last expects ()\");return a.f},0);Q(\"local-name\",3,!1,!0,function(a,b){return(a=b?mb(b.a(a)):a.a)?a.localName||a.nodeName.toLowerCase():\"\"},0,1,!0);Q(\"name\",3,!1,!0,function(a,b){return(a=b?mb(b.a(a)):a.a)?a.nodeName.toLowerCase():\"\"},0,1,!0);Q(\"namespace-uri\",3,!0,!1,function(){return\"\"},0,1,!0);\nQ(\"normalize-space\",3,!1,!0,function(a,b){return(b?O(b,a):B(a.a)).replace(/[\\s\\xa0]+/g,\" \").replace(/^\\s+|\\s+$/g,\"\")},0,1);Q(\"not\",2,!1,!1,function(a,b){return!rb(b,a)},1);Q(\"number\",1,!1,!0,function(a,b){return b?N(b,a):+B(a.a)},0,1);Q(\"position\",1,!0,!1,function(a){return a.b},0);Q(\"round\",1,!1,!1,function(a,b){return Math.round(N(b,a))},1);Q(\"starts-with\",2,!1,!1,function(a,b,c){b=O(b,a);a=O(c,a);return 0==b.lastIndexOf(a,0)},2);Q(\"string\",3,!1,!0,function(a,b){return b?O(b,a):B(a.a)},0,1);\nQ(\"string-length\",1,!1,!0,function(a,b){return(b?O(b,a):B(a.a)).length},0,1);Q(\"substring\",3,!1,!1,function(a,b,c,d){c=N(c,a);if(isNaN(c)||Infinity==c||-Infinity==c)return\"\";d=d?N(d,a):Infinity;if(isNaN(d)||-Infinity===d)return\"\";c=Math.round(c)-1;var e=Math.max(c,0);a=O(b,a);return Infinity==d?a.substring(e):a.substring(e,c+Math.round(d))},2,3);Q(\"substring-after\",3,!1,!1,function(a,b,c){b=O(b,a);a=O(c,a);c=b.indexOf(a);return-1==c?\"\":b.substring(c+a.length)},2);\nQ(\"substring-before\",3,!1,!1,function(a,b,c){b=O(b,a);a=O(c,a);a=b.indexOf(a);return-1==a?\"\":b.substring(0,a)},2);Q(\"sum\",1,!1,!1,function(a,b){a=H(b.a(a));b=0;for(var c=I(a);c;c=I(a))b+=+B(c);return b},1,1,!0);Q(\"translate\",3,!1,!1,function(a,b,c,d){b=O(b,a);c=O(c,a);var e=O(d,a);a={};for(d=0;d<c.length;d++){var f=c.charAt(d);f in a||(a[f]=e.charAt(d))}c=\"\";for(d=0;d<b.length;d++)f=b.charAt(d),c+=f in a?a[f]:f;return c},3);Q(\"true\",2,!1,!1,function(){return!0},0);function G(a,b){this.h=a;this.c=void 0!==b?b:null;this.b=null;switch(a){case \"comment\":this.b=8;break;case \"text\":this.b=3;break;case \"processing-instruction\":this.b=7;break;case \"node\":break;default:throw Error(\"Unexpected argument\");}}function Cb(a){return\"comment\"==a||\"text\"==a||\"processing-instruction\"==a||\"node\"==a}G.prototype.a=function(a){return null===this.b||this.b==a.nodeType};G.prototype.f=function(){return this.h};\nG.prototype.toString=function(){var a=\"Kind Test: \"+this.h;null===this.c||(a+=K(this.c));return a};function Db(a){J.call(this,3);this.c=a.substring(1,a.length-1)}l(Db,J);Db.prototype.a=function(){return this.c};Db.prototype.toString=function(){return\"Literal: \"+this.c};function F(a,b){this.j=a.toLowerCase();a=\"*\"==this.j?\"*\":\"http://www.w3.org/1999/xhtml\";this.c=b?b.toLowerCase():a}F.prototype.a=function(a){var b=a.nodeType;if(1!=b&&2!=b)return!1;b=void 0!==a.localName?a.localName:a.nodeName;return\"*\"!=this.j&&this.j!=b.toLowerCase()?!1:\"*\"==this.c?!0:this.c==(a.namespaceURI?a.namespaceURI.toLowerCase():\"http://www.w3.org/1999/xhtml\")};F.prototype.f=function(){return this.j};\nF.prototype.toString=function(){return\"Name Test: \"+(\"http://www.w3.org/1999/xhtml\"==this.c?\"\":this.c+\":\")+this.j};function Eb(a){J.call(this,1);this.c=a}l(Eb,J);Eb.prototype.a=function(){return this.c};Eb.prototype.toString=function(){return\"Number: \"+this.c};function Fb(a,b){J.call(this,a.i);this.h=a;this.c=b;this.g=a.g;this.b=a.b;1==this.c.length&&(a=this.c[0],a.A||a.c!=Gb||(a=a.o,\"*\"!=a.f()&&(this.f={name:a.f(),u:null})))}l(Fb,J);function Hb(){J.call(this,4)}l(Hb,J);Hb.prototype.a=function(a){var b=new E;a=a.a;9==a.nodeType?b.add(a):b.add(a.ownerDocument);return b};Hb.prototype.toString=function(){return\"Root Helper Expression\"};function Ib(){J.call(this,4)}l(Ib,J);Ib.prototype.a=function(a){var b=new E;b.add(a.a);return b};Ib.prototype.toString=function(){return\"Context Helper Expression\"};\nfunction Jb(a){return\"/\"==a||\"//\"==a}Fb.prototype.a=function(a){var b=this.h.a(a);if(!(b instanceof E))throw Error(\"Filter expression must evaluate to nodeset.\");a=this.c;for(var c=0,d=a.length;c<d&&b.l;c++){var e=a[c],f=H(b,e.c.s);if(e.g||e.c!=Kb)if(e.g||e.c!=Lb){var g=I(f);for(b=e.a(new ia(g));null!=(g=I(f));)g=e.a(new ia(g)),b=kb(b,g)}else g=I(f),b=e.a(new ia(g));else{for(g=I(f);(b=I(f))&&(!g.contains||g.contains(b))&&b.compareDocumentPosition(g)&8;g=b);b=e.a(new ia(g))}}return b};\nFb.prototype.toString=function(){var a=\"Path Expression:\"+K(this.h);if(this.c.length){var b=la(this.c,function(c,d){return c+K(d)},\"Steps:\");a+=K(b)}return a};function Mb(a,b){this.a=a;this.s=!!b}\nfunction yb(a,b,c){for(c=c||0;c<a.a.length;c++)for(var d=a.a[c],e=H(b),f=b.l,g,h=0;g=I(e);h++){var m=a.s?f-h:h+1;g=d.a(new ia(g,m,f));if(\"number\"==typeof g)m=m==g;else if(\"string\"==typeof g||\"boolean\"==typeof g)m=!!g;else if(g instanceof E)m=0<g.l;else throw Error(\"Predicate.evaluate returned an unexpected type.\");if(!m){m=e;g=m.f;var w=m.a;if(!w)throw Error(\"Next must be called at least once before remove.\");var r=w.b;w=w.a;r?r.a=w:g.a=w;w?w.b=r:g.b=r;g.l--;m.a=null}}return b}\nMb.prototype.toString=function(){return la(this.a,function(a,b){return a+K(b)},\"Predicates:\")};function R(a,b,c,d){J.call(this,4);this.c=a;this.o=b;this.h=c||new Mb([]);this.A=!!d;b=this.h;b=0<b.a.length?b.a[0].f:null;a.J&&b&&(a=b.name,a=x?a.toLowerCase():a,this.f={name:a,u:b.u});a:{a=this.h;for(b=0;b<a.a.length;b++)if(c=a.a[b],c.g||1==c.i||0==c.i){a=!0;break a}a=!1}this.g=a}l(R,J);\nR.prototype.a=function(a){var b=a.a,c=this.f,d=null,e=null,f=0;c&&(d=c.name,e=c.u?O(c.u,a):null,f=1);if(this.A)if(this.g||this.c!=Nb)if(b=H((new R(Ob,new G(\"node\"))).a(a)),c=I(b))for(a=this.m(c,d,e,f);null!=(c=I(b));)a=kb(a,this.m(c,d,e,f));else a=new E;else a=bb(this.o,b,d,e),a=yb(this.h,a,f);else a=this.m(a.a,d,e,f);return a};R.prototype.m=function(a,b,c,d){a=this.c.v(this.o,a,b,c);return a=yb(this.h,a,d)};\nR.prototype.toString=function(){var a=\"Step:\"+K(\"Operator: \"+(this.A?\"//\":\"/\"));this.c.j&&(a+=K(\"Axis: \"+this.c));a+=K(this.o);if(this.h.a.length){var b=la(this.h.a,function(c,d){return c+K(d)},\"Predicates:\");a+=K(b)}return a};function Pb(a,b,c,d){this.j=a;this.v=b;this.s=c;this.J=d}Pb.prototype.toString=function(){return this.j};var Qb={};function S(a,b,c,d){if(Qb.hasOwnProperty(a))throw Error(\"Axis already created: \"+a);b=new Pb(a,b,c,!!d);return Qb[a]=b}\nS(\"ancestor\",function(a,b){for(var c=new E;b=b.parentNode;)a.a(b)&&lb(c,b);return c},!0);S(\"ancestor-or-self\",function(a,b){var c=new E;do a.a(b)&&lb(c,b);while(b=b.parentNode);return c},!0);\nvar Gb=S(\"attribute\",function(a,b){var c=new E,d=a.f();if(\"style\"==d&&x&&b.style)return c.add(new Na(b.style,b,\"style\",b.style.cssText)),c;var e=b.attributes;if(e)if(a instanceof G&&null===a.b||\"*\"==d)for(a=0;d=e[a];a++)x?d.nodeValue&&c.add(Oa(b,d)):c.add(d);else(d=e.getNamedItem(d))&&(x?d.nodeValue&&c.add(Oa(b,d)):c.add(d));return c},!1),Nb=S(\"child\",function(a,b,c,d,e){return(x?hb:ib).call(null,a,b,aa(c)?c:null,aa(d)?d:null,e||new E)},!1,!0);S(\"descendant\",bb,!1,!0);\nvar Ob=S(\"descendant-or-self\",function(a,b,c,d){var e=new E;C(b,c,d)&&a.a(b)&&e.add(b);return bb(a,b,c,d,e)},!1,!0),Kb=S(\"following\",function(a,b,c,d){var e=new E;do for(var f=b;f=f.nextSibling;)C(f,c,d)&&a.a(f)&&e.add(f),e=bb(a,f,c,d,e);while(b=b.parentNode);return e},!1,!0);S(\"following-sibling\",function(a,b){for(var c=new E;b=b.nextSibling;)a.a(b)&&c.add(b);return c},!1);S(\"namespace\",function(){return new E},!1);\nvar Rb=S(\"parent\",function(a,b){var c=new E;if(9==b.nodeType)return c;if(2==b.nodeType)return c.add(b.ownerElement),c;b=b.parentNode;a.a(b)&&c.add(b);return c},!1),Lb=S(\"preceding\",function(a,b,c,d){var e=new E,f=[];do f.unshift(b);while(b=b.parentNode);for(var g=1,h=f.length;g<h;g++){var m=[];for(b=f[g];b=b.previousSibling;)m.unshift(b);for(var w=0,r=m.length;w<r;w++)b=m[w],C(b,c,d)&&a.a(b)&&e.add(b),e=bb(a,b,c,d,e)}return e},!0,!0);\nS(\"preceding-sibling\",function(a,b){for(var c=new E;b=b.previousSibling;)a.a(b)&&lb(c,b);return c},!0);var Sb=S(\"self\",function(a,b){var c=new E;a.a(b)&&c.add(b);return c},!1);function Tb(a){J.call(this,1);this.c=a;this.g=a.g;this.b=a.b}l(Tb,J);Tb.prototype.a=function(a){return-N(this.c,a)};Tb.prototype.toString=function(){return\"Unary Expression: -\"+K(this.c)};function Ub(a){J.call(this,4);this.c=a;pb(this,ma(this.c,function(b){return b.g}));qb(this,ma(this.c,function(b){return b.b}))}l(Ub,J);Ub.prototype.a=function(a){var b=new E;n(this.c,function(c){c=c.a(a);if(!(c instanceof E))throw Error(\"Path expression must evaluate to NodeSet.\");b=kb(b,c)});return b};Ub.prototype.toString=function(){return la(this.c,function(a,b){return a+K(b)},\"Union Expression:\")};function Vb(a,b){this.a=a;this.b=b}function Yb(a){for(var b,c=[];;){T(a,\"Missing right hand side of binary expression.\");b=Zb(a);var d=z(a.a);if(!d)break;var e=(d=wb[d]||null)&&d.D;if(!e){a.a.a--;break}for(;c.length&&e<=c[c.length-1].D;)b=new sb(c.pop(),c.pop(),b);c.push(b,d)}for(;c.length;)b=new sb(c.pop(),c.pop(),b);return b}function T(a,b){if(Ta(a.a))throw Error(b);}function $b(a,b){a=z(a.a);if(a!=b)throw Error(\"Bad token, expected: \"+b+\" got: \"+a);}\nfunction ac(a){a=z(a.a);if(\")\"!=a)throw Error(\"Bad token: \"+a);}function bc(a){a=z(a.a);if(2>a.length)throw Error(\"Unclosed literal string\");return new Db(a)}\nfunction cc(a){var b=[];if(Jb(y(a.a))){var c=z(a.a);var d=y(a.a);if(\"/\"==c&&(Ta(a.a)||\".\"!=d&&\"..\"!=d&&\"@\"!=d&&\"*\"!=d&&!/(?![0-9])[\\w]/.test(d)))return new Hb;d=new Hb;T(a,\"Missing next location step.\");c=dc(a,c);b.push(c)}else{a:{c=y(a.a);d=c.charAt(0);switch(d){case \"$\":throw Error(\"Variable reference not allowed in HTML XPath\");case \"(\":z(a.a);c=Yb(a);T(a,'unclosed \"(\"');$b(a,\")\");break;case '\"':case \"'\":c=bc(a);break;default:if(isNaN(+c))if(!Cb(c)&&/(?![0-9])[\\w]/.test(d)&&\"(\"==y(a.a,1)){c=z(a.a);\nc=Bb[c]||null;z(a.a);for(d=[];\")\"!=y(a.a);){T(a,\"Missing function argument list.\");d.push(Yb(a));if(\",\"!=y(a.a))break;z(a.a)}T(a,\"Unclosed function argument list.\");ac(a);c=new zb(c,d)}else{c=null;break a}else c=new Eb(+z(a.a))}\"[\"==y(a.a)&&(d=new Mb(ec(a)),c=new xb(c,d))}if(c)if(Jb(y(a.a)))d=c;else return c;else c=dc(a,\"/\"),d=new Ib,b.push(c)}for(;Jb(y(a.a));)c=z(a.a),T(a,\"Missing next location step.\"),c=dc(a,c),b.push(c);return new Fb(d,b)}\nfunction dc(a,b){if(\"/\"!=b&&\"//\"!=b)throw Error('Step op should be \"/\" or \"//\"');if(\".\"==y(a.a)){var c=new R(Sb,new G(\"node\"));z(a.a);return c}if(\"..\"==y(a.a))return c=new R(Rb,new G(\"node\")),z(a.a),c;if(\"@\"==y(a.a)){var d=Gb;z(a.a);T(a,\"Missing attribute name\")}else if(\"::\"==y(a.a,1)){if(!/(?![0-9])[\\w]/.test(y(a.a).charAt(0)))throw Error(\"Bad token: \"+z(a.a));var e=z(a.a);d=Qb[e]||null;if(!d)throw Error(\"No axis with name: \"+e);z(a.a);T(a,\"Missing node name\")}else d=Nb;e=y(a.a);if(/(?![0-9])[\\w\\*]/.test(e.charAt(0)))if(\"(\"==\ny(a.a,1)){if(!Cb(e))throw Error(\"Invalid node type: \"+e);e=z(a.a);if(!Cb(e))throw Error(\"Invalid type name: \"+e);$b(a,\"(\");T(a,\"Bad nodetype\");var f=y(a.a).charAt(0),g=null;if('\"'==f||\"'\"==f)g=bc(a);T(a,\"Bad nodetype\");ac(a);e=new G(e,g)}else if(e=z(a.a),f=e.indexOf(\":\"),-1==f)e=new F(e);else{g=e.substring(0,f);if(\"*\"==g)var h=\"*\";else if(h=a.b(g),!h)throw Error(\"Namespace prefix not declared: \"+g);e=e.substr(f+1);e=new F(e,h)}else throw Error(\"Bad token: \"+z(a.a));a=new Mb(ec(a),d.s);return c||new R(d,\ne,a,\"//\"==b)}function ec(a){for(var b=[];\"[\"==y(a.a);){z(a.a);T(a,\"Missing predicate expression.\");var c=Yb(a);b.push(c);T(a,\"Unclosed predicate expression.\");$b(a,\"]\")}return b}function Zb(a){if(\"-\"==y(a.a))return z(a.a),new Tb(Zb(a));var b=cc(a);if(\"|\"!=y(a.a))a=b;else{for(b=[b];\"|\"==z(a.a);)T(a,\"Missing next union location path.\"),b.push(cc(a));a.a.a--;a=new Ub(b)}return a};function fc(a){switch(a.nodeType){case 1:return ha(gc,a);case 9:return fc(a.documentElement);case 11:case 10:case 6:case 12:return hc;default:return a.parentNode?fc(a.parentNode):hc}}function hc(){return null}function gc(a,b){if(a.prefix==b)return a.namespaceURI||\"http://www.w3.org/1999/xhtml\";var c=a.getAttributeNode(\"xmlns:\"+b);return c&&c.specified?c.value||null:a.parentNode&&9!=a.parentNode.nodeType?gc(a.parentNode,b):null};function ic(a,b){if(!a.length)throw Error(\"Empty XPath expression.\");a=Qa(a);if(Ta(a))throw Error(\"Invalid XPath expression.\");b?\"function\"==ca(b)||(b=fa(b.lookupNamespaceURI,b)):b=function(){return null};var c=Yb(new Vb(a,b));if(!Ta(a))throw Error(\"Bad token: \"+z(a));this.evaluate=function(d,e){d=c.a(new ia(d));return new U(d,e)}}\nfunction U(a,b){if(0==b)if(a instanceof E)b=4;else if(\"string\"==typeof a)b=2;else if(\"number\"==typeof a)b=1;else if(\"boolean\"==typeof a)b=3;else throw Error(\"Unexpected evaluation result.\");if(2!=b&&1!=b&&3!=b&&!(a instanceof E))throw Error(\"value could not be converted to the specified type\");this.resultType=b;switch(b){case 2:this.stringValue=a instanceof E?nb(a):\"\"+a;break;case 1:this.numberValue=a instanceof E?+nb(a):+a;break;case 3:this.booleanValue=a instanceof E?0<a.l:!!a;break;case 4:case 5:case 6:case 7:var c=\nH(a);var d=[];for(var e=I(c);e;e=I(c))d.push(e instanceof Na?e.a:e);this.snapshotLength=a.l;this.invalidIteratorState=!1;break;case 8:case 9:a=mb(a);this.singleNodeValue=a instanceof Na?a.a:a;break;default:throw Error(\"Unknown XPathResult type.\");}var f=0;this.iterateNext=function(){if(4!=b&&5!=b)throw Error(\"iterateNext called with wrong result type\");return f>=d.length?null:d[f++]};this.snapshotItem=function(g){if(6!=b&&7!=b)throw Error(\"snapshotItem called with wrong result type\");return g>=d.length||\n0>g?null:d[g]}}U.ANY_TYPE=0;U.NUMBER_TYPE=1;U.STRING_TYPE=2;U.BOOLEAN_TYPE=3;U.UNORDERED_NODE_ITERATOR_TYPE=4;U.ORDERED_NODE_ITERATOR_TYPE=5;U.UNORDERED_NODE_SNAPSHOT_TYPE=6;U.ORDERED_NODE_SNAPSHOT_TYPE=7;U.ANY_UNORDERED_NODE_TYPE=8;U.FIRST_ORDERED_NODE_TYPE=9;function jc(a){this.lookupNamespaceURI=fc(a)}\nfunction kc(a,b){a=a||k;var c=a.Document&&a.Document.prototype||a.document;if(!c.evaluate||b)a.XPathResult=U,c.evaluate=function(d,e,f,g){return(new ic(d,f)).evaluate(e,g)},c.createExpression=function(d,e){return new ic(d,e)},c.createNSResolver=function(d){return new jc(d)}}ba(\"wgxpath.install\",kc);ba(\"wgxpath.install\",kc);var lc={aliceblue:\"#f0f8ff\",antiquewhite:\"#faebd7\",aqua:\"#00ffff\",aquamarine:\"#7fffd4\",azure:\"#f0ffff\",beige:\"#f5f5dc\",bisque:\"#ffe4c4\",black:\"#000000\",blanchedalmond:\"#ffebcd\",blue:\"#0000ff\",blueviolet:\"#8a2be2\",brown:\"#a52a2a\",burlywood:\"#deb887\",cadetblue:\"#5f9ea0\",chartreuse:\"#7fff00\",chocolate:\"#d2691e\",coral:\"#ff7f50\",cornflowerblue:\"#6495ed\",cornsilk:\"#fff8dc\",crimson:\"#dc143c\",cyan:\"#00ffff\",darkblue:\"#00008b\",darkcyan:\"#008b8b\",darkgoldenrod:\"#b8860b\",darkgray:\"#a9a9a9\",darkgreen:\"#006400\",\ndarkgrey:\"#a9a9a9\",darkkhaki:\"#bdb76b\",darkmagenta:\"#8b008b\",darkolivegreen:\"#556b2f\",darkorange:\"#ff8c00\",darkorchid:\"#9932cc\",darkred:\"#8b0000\",darksalmon:\"#e9967a\",darkseagreen:\"#8fbc8f\",darkslateblue:\"#483d8b\",darkslategray:\"#2f4f4f\",darkslategrey:\"#2f4f4f\",darkturquoise:\"#00ced1\",darkviolet:\"#9400d3\",deeppink:\"#ff1493\",deepskyblue:\"#00bfff\",dimgray:\"#696969\",dimgrey:\"#696969\",dodgerblue:\"#1e90ff\",firebrick:\"#b22222\",floralwhite:\"#fffaf0\",forestgreen:\"#228b22\",fuchsia:\"#ff00ff\",gainsboro:\"#dcdcdc\",\nghostwhite:\"#f8f8ff\",gold:\"#ffd700\",goldenrod:\"#daa520\",gray:\"#808080\",green:\"#008000\",greenyellow:\"#adff2f\",grey:\"#808080\",honeydew:\"#f0fff0\",hotpink:\"#ff69b4\",indianred:\"#cd5c5c\",indigo:\"#4b0082\",ivory:\"#fffff0\",khaki:\"#f0e68c\",lavender:\"#e6e6fa\",lavenderblush:\"#fff0f5\",lawngreen:\"#7cfc00\",lemonchiffon:\"#fffacd\",lightblue:\"#add8e6\",lightcoral:\"#f08080\",lightcyan:\"#e0ffff\",lightgoldenrodyellow:\"#fafad2\",lightgray:\"#d3d3d3\",lightgreen:\"#90ee90\",lightgrey:\"#d3d3d3\",lightpink:\"#ffb6c1\",lightsalmon:\"#ffa07a\",\nlightseagreen:\"#20b2aa\",lightskyblue:\"#87cefa\",lightslategray:\"#778899\",lightslategrey:\"#778899\",lightsteelblue:\"#b0c4de\",lightyellow:\"#ffffe0\",lime:\"#00ff00\",limegreen:\"#32cd32\",linen:\"#faf0e6\",magenta:\"#ff00ff\",maroon:\"#800000\",mediumaquamarine:\"#66cdaa\",mediumblue:\"#0000cd\",mediumorchid:\"#ba55d3\",mediumpurple:\"#9370db\",mediumseagreen:\"#3cb371\",mediumslateblue:\"#7b68ee\",mediumspringgreen:\"#00fa9a\",mediumturquoise:\"#48d1cc\",mediumvioletred:\"#c71585\",midnightblue:\"#191970\",mintcream:\"#f5fffa\",mistyrose:\"#ffe4e1\",\nmoccasin:\"#ffe4b5\",navajowhite:\"#ffdead\",navy:\"#000080\",oldlace:\"#fdf5e6\",olive:\"#808000\",olivedrab:\"#6b8e23\",orange:\"#ffa500\",orangered:\"#ff4500\",orchid:\"#da70d6\",palegoldenrod:\"#eee8aa\",palegreen:\"#98fb98\",paleturquoise:\"#afeeee\",palevioletred:\"#db7093\",papayawhip:\"#ffefd5\",peachpuff:\"#ffdab9\",peru:\"#cd853f\",pink:\"#ffc0cb\",plum:\"#dda0dd\",powderblue:\"#b0e0e6\",purple:\"#800080\",red:\"#ff0000\",rosybrown:\"#bc8f8f\",royalblue:\"#4169e1\",saddlebrown:\"#8b4513\",salmon:\"#fa8072\",sandybrown:\"#f4a460\",seagreen:\"#2e8b57\",\nseashell:\"#fff5ee\",sienna:\"#a0522d\",silver:\"#c0c0c0\",skyblue:\"#87ceeb\",slateblue:\"#6a5acd\",slategray:\"#708090\",slategrey:\"#708090\",snow:\"#fffafa\",springgreen:\"#00ff7f\",steelblue:\"#4682b4\",tan:\"#d2b48c\",teal:\"#008080\",thistle:\"#d8bfd8\",tomato:\"#ff6347\",turquoise:\"#40e0d0\",violet:\"#ee82ee\",wheat:\"#f5deb3\",white:\"#ffffff\",whitesmoke:\"#f5f5f5\",yellow:\"#ffff00\",yellowgreen:\"#9acd32\"};var mc=\"backgroundColor borderTopColor borderRightColor borderBottomColor borderLeftColor color outlineColor\".split(\" \"),nc=/#([0-9a-fA-F])([0-9a-fA-F])([0-9a-fA-F])/,oc=/^#(?:[0-9a-f]{3}){1,2}$/i,pc=/^(?:rgba)?\\((\\d{1,3}),\\s?(\\d{1,3}),\\s?(\\d{1,3}),\\s?(0|1|0\\.\\d*)\\)$/i,qc=/^(?:rgb)?\\((0|[1-9]\\d{0,2}),\\s?(0|[1-9]\\d{0,2}),\\s?(0|[1-9]\\d{0,2})\\)$/i;function rc(a,b){this.code=a;this.a=V[a]||sc;this.message=b||\"\";a=this.a.replace(/((?:^|\\s+)[a-z])/g,function(c){return c.toUpperCase().replace(/^[\\s\\xa0]+/g,\"\")});b=a.length-5;if(0>b||a.indexOf(\"Error\",b)!=b)a+=\"Error\";this.name=a;a=Error(this.message);a.name=this.name;this.stack=a.stack||\"\"}l(rc,Error);var sc=\"unknown error\",V={15:\"element not selectable\",11:\"element not visible\"};V[31]=sc;V[30]=sc;V[24]=\"invalid cookie domain\";V[29]=\"invalid element coordinates\";V[12]=\"invalid element state\";\nV[32]=\"invalid selector\";V[51]=\"invalid selector\";V[52]=\"invalid selector\";V[17]=\"javascript error\";V[405]=\"unsupported operation\";V[34]=\"move target out of bounds\";V[27]=\"no such alert\";V[7]=\"no such element\";V[8]=\"no such frame\";V[23]=\"no such window\";V[28]=\"script timeout\";V[33]=\"session not created\";V[10]=\"stale element reference\";V[21]=\"timeout\";V[25]=\"unable to set cookie\";V[26]=\"unexpected alert open\";V[13]=sc;V[9]=\"unknown command\";var tc=va(),uc=ya()||u(\"iPod\"),vc=u(\"iPad\"),wc=u(\"Android\")&&!(wa()||va()||u(\"Opera\")||u(\"Silk\")),xc=wa(),yc=u(\"Safari\")&&!(wa()||u(\"Coast\")||u(\"Opera\")||u(\"Edge\")||u(\"Edg/\")||u(\"OPR\")||va()||u(\"Silk\")||u(\"Android\"))&&!(ya()||u(\"iPad\")||u(\"iPod\"));function zc(a){return(a=a.exec(t))?a[1]:\"\"}(function(){if(tc)return zc(/Firefox\\/([0-9.]+)/);if(v||Ca||Ba)return Ga;if(xc)return ya()||u(\"iPad\")||u(\"iPod\")?zc(/CriOS\\/([0-9.]+)/):zc(/Chrome\\/([0-9.]+)/);if(yc&&!(ya()||u(\"iPad\")||u(\"iPod\")))return zc(/Version\\/([0-9.]+)/);if(uc||vc){var a=/Version\\/(\\S+).*Mobile\\/(\\S+)/.exec(t);if(a)return a[1]+\".\"+a[2]}else if(wc)return(a=zc(/Android\\s+([0-9.]+)/))?a:zc(/Version\\/([0-9.]+)/);return\"\"})();var Ac=v&&!(9<=Number(La));function W(a,b){b&&\"string\"!==typeof b&&(b=b.toString());return!!a&&1==a.nodeType&&(!b||a.tagName.toUpperCase()==b)};var Bc=function(){var a={K:\"http://www.w3.org/2000/svg\"};return function(b){return a[b]||null}}();\nfunction Cc(a,b){var c=A(a);if(!c.documentElement)return null;(v||wc)&&kc(c?c.parentWindow||c.defaultView:window);try{var d=c.createNSResolver?c.createNSResolver(c.documentElement):Bc;if(v&&!Ka(7))return c.evaluate.call(c,b,a,d,9,null);if(!v||9<=Number(La)){for(var e={},f=c.getElementsByTagName(\"*\"),g=0;g<f.length;++g){var h=f[g],m=h.namespaceURI;if(m&&!e[m]){var w=h.lookupPrefix(m);if(!w){var r=m.match(\".*/(\\\\w+)/?$\");w=r?r[1]:\"xhtml\"}e[m]=w}}var D={},L;for(L in e)D[e[L]]=L;d=function(M){return D[M]||\nnull}}try{return c.evaluate(b,a,d,9,null)}catch(M){if(\"TypeError\"===M.name)return d=c.createNSResolver?c.createNSResolver(c.documentElement):Bc,c.evaluate(b,a,d,9,null);throw M;}}catch(M){if(!Da||\"NS_ERROR_ILLEGAL_VALUE\"!=M.name)throw new rc(32,\"Unable to locate an element with the xpath expression \"+b+\" because of the following error:\\n\"+M);}}\nfunction Dc(a,b){var c=function(){var d=Cc(b,a);return d?d.singleNodeValue||null:b.selectSingleNode?(d=A(b),d.setProperty&&d.setProperty(\"SelectionLanguage\",\"XPath\"),b.selectSingleNode(a)):null}();if(null!==c&&(!c||1!=c.nodeType))throw new rc(32,'The result of the xpath expression \"'+a+'\" is: '+c+\". It should be an element.\");return c};function Ec(a,b,c,d){this.c=a;this.a=b;this.b=c;this.f=d}Ec.prototype.ceil=function(){this.c=Math.ceil(this.c);this.a=Math.ceil(this.a);this.b=Math.ceil(this.b);this.f=Math.ceil(this.f);return this};Ec.prototype.floor=function(){this.c=Math.floor(this.c);this.a=Math.floor(this.a);this.b=Math.floor(this.b);this.f=Math.floor(this.f);return this};Ec.prototype.round=function(){this.c=Math.round(this.c);this.a=Math.round(this.a);this.b=Math.round(this.b);this.f=Math.round(this.f);return this};function X(a,b,c,d){this.a=a;this.b=b;this.width=c;this.height=d}X.prototype.ceil=function(){this.a=Math.ceil(this.a);this.b=Math.ceil(this.b);this.width=Math.ceil(this.width);this.height=Math.ceil(this.height);return this};X.prototype.floor=function(){this.a=Math.floor(this.a);this.b=Math.floor(this.b);this.width=Math.floor(this.width);this.height=Math.floor(this.height);return this};\nX.prototype.round=function(){this.a=Math.round(this.a);this.b=Math.round(this.b);this.width=Math.round(this.width);this.height=Math.round(this.height);return this};var Fc=\"function\"===typeof ShadowRoot;function Gc(a){for(a=a.parentNode;a&&1!=a.nodeType&&9!=a.nodeType&&11!=a.nodeType;)a=a.parentNode;return W(a)?a:null}\nfunction Y(a,b){b=xa(b);if(\"float\"==b||\"cssFloat\"==b||\"styleFloat\"==b)b=Ac?\"styleFloat\":\"cssFloat\";a:{var c=b;var d=A(a);if(d.defaultView&&d.defaultView.getComputedStyle&&(d=d.defaultView.getComputedStyle(a,null))){c=d[c]||d.getPropertyValue(c)||\"\";break a}c=\"\"}a=c||Hc(a,b);if(null===a)a=null;else if(0<=ja(mc,b)){b:{var e=a.match(pc);if(e&&(b=Number(e[1]),c=Number(e[2]),d=Number(e[3]),e=Number(e[4]),0<=b&&255>=b&&0<=c&&255>=c&&0<=d&&255>=d&&0<=e&&1>=e)){b=[b,c,d,e];break b}b=null}if(!b)b:{if(d=a.match(qc))if(b=\nNumber(d[1]),c=Number(d[2]),d=Number(d[3]),0<=b&&255>=b&&0<=c&&255>=c&&0<=d&&255>=d){b=[b,c,d,1];break b}b=null}if(!b)b:{b=a.toLowerCase();c=lc[b.toLowerCase()];if(!c&&(c=\"#\"==b.charAt(0)?b:\"#\"+b,4==c.length&&(c=c.replace(nc,\"#$1$1$2$2$3$3\")),!oc.test(c))){b=null;break b}b=[parseInt(c.substr(1,2),16),parseInt(c.substr(3,2),16),parseInt(c.substr(5,2),16),1]}a=b?\"rgba(\"+b.join(\", \")+\")\":a}return a}\nfunction Hc(a,b){var c=a.currentStyle||a.style,d=c[b];void 0===d&&\"function\"==ca(c.getPropertyValue)&&(d=c.getPropertyValue(b));return\"inherit\"!=d?void 0!==d?d:null:(a=Gc(a))?Hc(a,b):null}\nfunction Ic(a,b,c){function d(g){var h=Jc(g);return 0<h.height&&0<h.width?!0:W(g,\"PATH\")&&(0<h.height||0<h.width)?(g=Y(g,\"stroke-width\"),!!g&&0<parseInt(g,10)):\"hidden\"!=Y(g,\"overflow\")&&ma(g.childNodes,function(m){return 3==m.nodeType||W(m)&&d(m)})}function e(g){return Kc(g)==Z&&na(g.childNodes,function(h){return!W(h)||e(h)||!d(h)})}if(!W(a))throw Error(\"Argument to isShown must be of type Element\");if(W(a,\"BODY\"))return!0;if(W(a,\"OPTION\")||W(a,\"OPTGROUP\"))return a=$a(a,function(g){return W(g,\"SELECT\")}),\n!!a&&Ic(a,!0,c);var f=Lc(a);if(f)return!!f.image&&0<f.rect.width&&0<f.rect.height&&Ic(f.image,b,c);if(W(a,\"INPUT\")&&\"hidden\"==a.type.toLowerCase()||W(a,\"NOSCRIPT\"))return!1;f=Y(a,\"visibility\");return\"collapse\"!=f&&\"hidden\"!=f&&c(a)&&(b||0!=Mc(a))&&d(a)?!e(a):!1}var Z=\"hidden\";\nfunction Kc(a){function b(p){function q(fb){if(fb==g)return!0;var Wb=Y(fb,\"display\");return 0==Wb.lastIndexOf(\"inline\",0)||\"contents\"==Wb||\"absolute\"==Xb&&\"static\"==Y(fb,\"position\")?!1:!0}var Xb=Y(p,\"position\");if(\"fixed\"==Xb)return w=!0,p==g?null:g;for(p=Gc(p);p&&!q(p);)p=Gc(p);return p}function c(p){var q=p;if(\"visible\"==m)if(p==g&&h)q=h;else if(p==h)return{x:\"visible\",y:\"visible\"};q={x:Y(q,\"overflow-x\"),y:Y(q,\"overflow-y\")};p==g&&(q.x=\"visible\"==q.x?\"auto\":q.x,q.y=\"visible\"==q.y?\"auto\":q.y);return q}\nfunction d(p){if(p==g){var q=(new ab(f)).a;p=q.scrollingElement?q.scrollingElement:Ea||\"CSS1Compat\"!=q.compatMode?q.body||q.documentElement:q.documentElement;q=q.parentWindow||q.defaultView;p=v&&Ka(\"10\")&&q.pageYOffset!=p.scrollTop?new Ua(p.scrollLeft,p.scrollTop):new Ua(q.pageXOffset||p.scrollLeft,q.pageYOffset||p.scrollTop)}else p=new Ua(p.scrollLeft,p.scrollTop);return p}var e=Nc(a),f=A(a),g=f.documentElement,h=f.body,m=Y(g,\"overflow\"),w;for(a=b(a);a;a=b(a)){var r=c(a);if(\"visible\"!=r.x||\"visible\"!=\nr.y){var D=Jc(a);if(0==D.width||0==D.height)return Z;var L=e.a<D.a,M=e.b<D.b;if(L&&\"hidden\"==r.x||M&&\"hidden\"==r.y)return Z;if(L&&\"visible\"!=r.x||M&&\"visible\"!=r.y){L=d(a);M=e.b<D.b-L.y;if(e.a<D.a-L.x&&\"visible\"!=r.x||M&&\"visible\"!=r.x)return Z;e=Kc(a);return e==Z?Z:\"scroll\"}L=e.f>=D.a+D.width;D=e.c>=D.b+D.height;if(L&&\"hidden\"==r.x||D&&\"hidden\"==r.y)return Z;if(L&&\"visible\"!=r.x||D&&\"visible\"!=r.y){if(w&&(r=d(a),e.f>=g.scrollWidth-r.x||e.a>=g.scrollHeight-r.y))return Z;e=Kc(a);return e==Z?Z:\"scroll\"}}}return\"none\"}\nfunction Jc(a){var b=Lc(a);if(b)return b.rect;if(W(a,\"HTML\"))return a=A(a),a=((a?a.parentWindow||a.defaultView:window)||window).document,a=\"CSS1Compat\"==a.compatMode?a.documentElement:a.body,a=new Va(a.clientWidth,a.clientHeight),new X(0,0,a.width,a.height);try{var c=a.getBoundingClientRect()}catch(d){return new X(0,0,0,0)}b=new X(c.left,c.top,c.right-c.left,c.bottom-c.top);v&&a.ownerDocument.body&&(a=A(a),b.a-=a.documentElement.clientLeft+a.body.clientLeft,b.b-=a.documentElement.clientTop+a.body.clientTop);\nreturn b}function Lc(a){var b=W(a,\"MAP\");if(!b&&!W(a,\"AREA\"))return null;var c=b?a:W(a.parentNode,\"MAP\")?a.parentNode:null,d=null,e=null;c&&c.name&&(d=Dc('/descendant::*[@usemap = \"#'+c.name+'\"]',A(c)))&&(e=Jc(d),b||\"default\"==a.shape.toLowerCase()||(a=Oc(a),b=Math.min(Math.max(a.a,0),e.width),c=Math.min(Math.max(a.b,0),e.height),e=new X(b+e.a,c+e.b,Math.min(a.width,e.width-b),Math.min(a.height,e.height-c))));return{image:d,rect:e||new X(0,0,0,0)}}\nfunction Oc(a){var b=a.shape.toLowerCase();a=a.coords.split(\",\");if(\"rect\"==b&&4==a.length){b=a[0];var c=a[1];return new X(b,c,a[2]-b,a[3]-c)}if(\"circle\"==b&&3==a.length)return b=a[2],new X(a[0]-b,a[1]-b,2*b,2*b);if(\"poly\"==b&&2<a.length){b=a[0];c=a[1];for(var d=b,e=c,f=2;f+1<a.length;f+=2)b=Math.min(b,a[f]),d=Math.max(d,a[f]),c=Math.min(c,a[f+1]),e=Math.max(e,a[f+1]);return new X(b,c,d-b,e-c)}return new X(0,0,0,0)}function Nc(a){a=Jc(a);return new Ec(a.b,a.a+a.width,a.b+a.height,a.a)}\nfunction Mc(a){if(Ac){if(\"relative\"==Y(a,\"position\"))return 1;a=Y(a,\"filter\");return(a=a.match(/^alpha\\(opacity=(\\d*)\\)/)||a.match(/^progid:DXImageTransform.Microsoft.Alpha\\(Opacity=(\\d*)\\)/))?Number(a[1])/100:1}return Pc(a)}function Pc(a){var b=1,c=Y(a,\"opacity\");c&&(b=Number(c));(a=Gc(a))&&(b*=Pc(a));return b};ba(\"_\",function(a,b){function c(d){if(W(d)&&\"none\"==Y(d,\"display\"))return!1;var e;if((e=d.parentNode)&&e.shadowRoot&&void 0!==d.assignedSlot)e=d.assignedSlot?d.assignedSlot.parentNode:null;else if(d.getDestinationInsertionPoints){var f=d.getDestinationInsertionPoints();0<f.length&&(e=f[f.length-1])}if(Fc&&e instanceof ShadowRoot){if(e.host.shadowRoot!==e)return!1;e=e.host}return!e||9!=e.nodeType&&11!=e.nodeType?e&&W(e,\"DETAILS\")&&!e.open&&!W(d,\"SUMMARY\")?!1:!!e&&c(e):!0}return Ic(a,!!b,c)});; return this._.apply(null,arguments);}).apply({navigator:typeof window!='undefined'?window.navigator:null,document:typeof window!='undefined'?window.document:null}, arguments);}\n).apply(null, arguments);", "args": [{"element-6066-11e4-a52e-4f735466cecf": "f.0188C052A461367D6D7471FED799024B.d.97DC2A952723C99F512DD17C318286F6.e.251"}]}
DEBUG    urllib3.connectionpool:connectionpool.py:544 http://selenium-hub:4444 "POST /wd/hub/session/cf4952d15d838f19f95718295e201dd4/execute/sync HTTP/1.1" 200 0
DEBUG    selenium.webdriver.remote.remote_connection:remote_connection.py:329 Remote response: status=200 | data={"value":true} | headers=HTTPHeaderDict({'content-length': '14', 'content-type': 'application/json; charset=utf-8', 'cache-control': 'no-cache'})
DEBUG    selenium.webdriver.remote.remote_connection:remote_connection.py:356 Finished Request
DEBUG    selenium.webdriver.remote.remote_connection:remote_connection.py:313 DELETE http://selenium-hub:4444/wd/hub/session/cf4952d15d838f19f95718295e201dd4 {}
DEBUG    urllib3.connectionpool:connectionpool.py:544 http://selenium-hub:4444 "DELETE /wd/hub/session/cf4952d15d838f19f95718295e201dd4 HTTP/1.1" 200 0
DEBUG    selenium.webdriver.remote.remote_connection:remote_connection.py:329 Remote response: status=200 | data={"value":null} | headers=HTTPHeaderDict({'content-length': '14', 'content-type': 'application/json; charset=utf-8', 'cache-control': 'no-cache'})
DEBUG    selenium.webdriver.remote.remote_connection:remote_connection.py:356 Finished Request
),!f))return e;if(c){for(var g=[],h=0;b=f[h++];)C(b,c,d)&&g.push(b);f=g}for(h=0;b=f[h++];)\"*\"==a&&\"!\"==b.tagName||e.add(b);return e}gb(a,b,c,d,e);return e}\nfunction db(a,b,c,d,e){b.getElementsByName&&d&&\"name\"==c&&!v?(b=b.getElementsByName(d),n(b,function(f){a.a(f)&&e.add(f)})):b.getElementsByClassName&&d&&\"class\"==c?(b=b.getElementsByClassName(d),n(b,function(f){f.className==d&&a.a(f)&&e.add(f)})):a instanceof G?gb(a,b,c,d,e):b.getElementsByTagName&&(b=b.getElementsByTagName(a.f()),n(b,function(f){C(f,c,d)&&e.add(f)}));return e}\nfunction hb(a,b,c,d,e){var f;if((a instanceof F||8==a.b||c&&null===a.b)&&(f=b.childNodes)){var g=eb(a);if(\"*\"!=g&&(f=ka(f,function(h){return h.tagName&&h.tagName.toLowerCase()==g}),!f))return e;c&&(f=ka(f,function(h){return C(h,c,d)}));n(f,function(h){\"*\"==g&&(\"!\"==h.tagName||\"*\"==g&&1!=h.nodeType)||e.add(h)});return e}return ib(a,b,c,d,e)}function ib(a,b,c,d,e){for(b=b.firstChild;b;b=b.nextSibling)C(b,c,d)&&a.a(b)&&e.add(b);return e}\nfunction gb(a,b,c,d,e){for(b=b.firstChild;b;b=b.nextSibling)C(b,c,d)&&a.a(b)&&e.add(b),gb(a,b,c,d,e)}function eb(a){if(a instanceof G){if(8==a.b)return\"!\";if(null===a.b)return\"*\"}return a.f()};function E(){this.b=this.a=null;this.l=0}function jb(a){this.f=a;this.a=this.b=null}function kb(a,b){if(!a.a)return b;if(!b.a)return a;var c=a.a;b=b.a;for(var d=null,e,f=0;c&&b;){e=c.f;var g=b.f;e==g||e instanceof Na&&g instanceof Na&&e.a==g.a?(e=c,c=c.a,b=b.a):0<Xa(c.f,b.f)?(e=b,b=b.a):(e=c,c=c.a);(e.b=d)?d.a=e:a.a=e;d=e;f++}for(e=c||b;e;)e.b=d,d=d.a=e,f++,e=e.a;a.b=d;a.l=f;return a}function lb(a,b){b=new jb(b);b.a=a.a;a.b?a.a.b=b:a.a=a.b=b;a.a=b;a.l++}\nE.prototype.add=function(a){a=new jb(a);a.b=this.b;this.a?this.b.a=a:this.a=this.b=a;this.b=a;this.l++};function mb(a){return(a=a.a)?a.f:null}function nb(a){return(a=mb(a))?B(a):\"\"}function H(a,b){return new ob(a,!!b)}function ob(a,b){this.f=a;this.b=(this.s=b)?a.b:a.a;this.a=null}function I(a){var b=a.b;if(null==b)return null;var c=a.a=b;a.b=a.s?b.b:b.a;return c.f};function J(a){this.i=a;this.b=this.g=!1;this.f=null}function K(a){return\"\\n  \"+a.toString().split(\"\\n\").join(\"\\n  \")}function pb(a,b){a.g=b}function qb(a,b){a.b=b}function N(a,b){a=a.a(b);return a instanceof E?+nb(a):+a}function O(a,b){a=a.a(b);return a instanceof E?nb(a):\"\"+a}function rb(a,b){a=a.a(b);return a instanceof E?!!a.l:!!a};function sb(a,b,c){J.call(this,a.i);this.c=a;this.h=b;this.o=c;this.g=b.g||c.g;this.b=b.b||c.b;this.c==tb&&(c.b||c.g||4==c.i||0==c.i||!b.f?b.b||b.g||4==b.i||0==b.i||!c.f||(this.f={name:c.f.name,u:b}):this.f={name:b.f.name,u:c})}l(sb,J);\nfunction ub(a,b,c,d,e){b=b.a(d);c=c.a(d);var f;if(b instanceof E&&c instanceof E){b=H(b);for(d=I(b);d;d=I(b))for(e=H(c),f=I(e);f;f=I(e))if(a(B(d),B(f)))return!0;return!1}if(b instanceof E||c instanceof E){b instanceof E?(e=b,d=c):(e=c,d=b);f=H(e);for(var g=typeof d,h=I(f);h;h=I(f)){switch(g){case \"number\":h=+B(h);break;case \"boolean\":h=!!B(h);break;case \"string\":h=B(h);break;default:throw Error(\"Illegal primitive type for comparison.\");}if(e==b&&a(h,d)||e==c&&a(d,h))return!0}return!1}return e?\"boolean\"==\ntypeof b||\"boolean\"==typeof c?a(!!b,!!c):\"number\"==typeof b||\"number\"==typeof c?a(+b,+c):a(b,c):a(+b,+c)}sb.prototype.a=function(a){return this.c.m(this.h,this.o,a)};sb.prototype.toString=function(){var a=\"Binary Expression: \"+this.c;a+=K(this.h);return a+=K(this.o)};function vb(a,b,c,d){this.I=a;this.D=b;this.i=c;this.m=d}vb.prototype.toString=function(){return this.I};var wb={};\nfunction P(a,b,c,d){if(wb.hasOwnProperty(a))throw Error(\"Binary operator already created: \"+a);a=new vb(a,b,c,d);return wb[a.toString()]=a}P(\"div\",6,1,function(a,b,c){return N(a,c)/N(b,c)});P(\"mod\",6,1,function(a,b,c){return N(a,c)%N(b,c)});P(\"*\",6,1,function(a,b,c){return N(a,c)*N(b,c)});P(\"+\",5,1,function(a,b,c){return N(a,c)+N(b,c)});P(\"-\",5,1,function(a,b,c){return N(a,c)-N(b,c)});P(\"<\",4,2,function(a,b,c){return ub(function(d,e){return d<e},a,b,c)});\nP(\">\",4,2,function(a,b,c){return ub(function(d,e){return d>e},a,b,c)});P(\"<=\",4,2,function(a,b,c){return ub(function(d,e){return d<=e},a,b,c)});P(\">=\",4,2,function(a,b,c){return ub(function(d,e){return d>=e},a,b,c)});var tb=P(\"=\",3,2,function(a,b,c){return ub(function(d,e){return d==e},a,b,c,!0)});P(\"!=\",3,2,function(a,b,c){return ub(function(d,e){return d!=e},a,b,c,!0)});P(\"and\",2,2,function(a,b,c){return rb(a,c)&&rb(b,c)});P(\"or\",1,2,function(a,b,c){return rb(a,c)||rb(b,c)});function xb(a,b){if(b.a.length&&4!=a.i)throw Error(\"Primary expression must evaluate to nodeset if filter has predicate(s).\");J.call(this,a.i);this.c=a;this.h=b;this.g=a.g;this.b=a.b}l(xb,J);xb.prototype.a=function(a){a=this.c.a(a);return yb(this.h,a)};xb.prototype.toString=function(){var a=\"Filter:\"+K(this.c);return a+=K(this.h)};function zb(a,b){if(b.length<a.C)throw Error(\"Function \"+a.j+\" expects at least\"+a.C+\" arguments, \"+b.length+\" given\");if(null!==a.B&&b.length>a.B)throw Error(\"Function \"+a.j+\" expects at most \"+a.B+\" arguments, \"+b.length+\" given\");a.H&&n(b,function(c,d){if(4!=c.i)throw Error(\"Argument \"+d+\" to function \"+a.j+\" is not of type Nodeset: \"+c);});J.call(this,a.i);this.v=a;this.c=b;pb(this,a.g||ma(b,function(c){return c.g}));qb(this,a.G&&!b.length||a.F&&!!b.length||ma(b,function(c){return c.b}))}\nl(zb,J);zb.prototype.a=function(a){return this.v.m.apply(null,pa(a,this.c))};zb.prototype.toString=function(){var a=\"Function: \"+this.v;if(this.c.length){var b=la(this.c,function(c,d){return c+K(d)},\"Arguments:\");a+=K(b)}return a};function Ab(a,b,c,d,e,f,g,h){this.j=a;this.i=b;this.g=c;this.G=d;this.F=!1;this.m=e;this.C=f;this.B=void 0!==g?g:f;this.H=!!h}Ab.prototype.toString=function(){return this.j};var Bb={};\nfunction Q(a,b,c,d,e,f,g,h){if(Bb.hasOwnProperty(a))throw Error(\"Function already created: \"+a+\".\");Bb[a]=new Ab(a,b,c,d,e,f,g,h)}Q(\"boolean\",2,!1,!1,function(a,b){return rb(b,a)},1);Q(\"ceiling\",1,!1,!1,function(a,b){return Math.ceil(N(b,a))},1);Q(\"concat\",3,!1,!1,function(a,b){return la(qa(arguments,1),function(c,d){return c+O(d,a)},\"\")},2,null);Q(\"contains\",2,!1,!1,function(a,b,c){b=O(b,a);a=O(c,a);return-1!=b.indexOf(a)},2);Q(\"count\",1,!1,!1,function(a,b){return b.a(a).l},1,1,!0);\nQ(\"false\",2,!1,!1,function(){return!1},0);Q(\"floor\",1,!1,!1,function(a,b){return Math.floor(N(b,a))},1);Q(\"id\",4,!1,!1,function(a,b){function c(h){if(x){var m=e.all[h];if(m){if(m.nodeType&&h==m.id)return m;if(m.length)return oa(m,function(w){return h==w.id})}return null}return e.getElementById(h)}var d=a.a,e=9==d.nodeType?d:d.ownerDocument;a=O(b,a).split(/\\s+/);var f=[];n(a,function(h){h=c(h);!h||0<=ja(f,h)||f.push(h)});f.sort(Xa);var g=new E;n(f,function(h){g.add(h)});return g},1);\nQ(\"lang\",2,!1,!1,function(){return!1},1);Q(\"last\",1,!0,!1,function(a){if(1!=arguments.length)throw Error(\"Function last expects ()\");return a.f},0);Q(\"local-name\",3,!1,!0,function(a,b){return(a=b?mb(b.a(a)):a.a)?a.localName||a.nodeName.toLowerCase():\"\"},0,1,!0);Q(\"name\",3,!1,!0,function(a,b){return(a=b?mb(b.a(a)):a.a)?a.nodeName.toLowerCase():\"\"},0,1,!0);Q(\"namespace-uri\",3,!0,!1,function(){return\"\"},0,1,!0);\nQ(\"normalize-space\",3,!1,!0,function(a,b){return(b?O(b,a):B(a.a)).replace(/[\\s\\xa0]+/g,\" \").replace(/^\\s+|\\s+$/g,\"\")},0,1);Q(\"not\",2,!1,!1,function(a,b){return!rb(b,a)},1);Q(\"number\",1,!1,!0,function(a,b){return b?N(b,a):+B(a.a)},0,1);Q(\"position\",1,!0,!1,function(a){return a.b},0);Q(\"round\",1,!1,!1,function(a,b){return Math.round(N(b,a))},1);Q(\"starts-with\",2,!1,!1,function(a,b,c){b=O(b,a);a=O(c,a);return 0==b.lastIndexOf(a,0)},2);Q(\"string\",3,!1,!0,function(a,b){return b?O(b,a):B(a.a)},0,1);\nQ(\"string-length\",1,!1,!0,function(a,b){return(b?O(b,a):B(a.a)).length},0,1);Q(\"substring\",3,!1,!1,function(a,b,c,d){c=N(c,a);if(isNaN(c)||Infinity==c||-Infinity==c)return\"\";d=d?N(d,a):Infinity;if(isNaN(d)||-Infinity===d)return\"\";c=Math.round(c)-1;var e=Math.max(c,0);a=O(b,a);return Infinity==d?a.substring(e):a.substring(e,c+Math.round(d))},2,3);Q(\"substring-after\",3,!1,!1,function(a,b,c){b=O(b,a);a=O(c,a);c=b.indexOf(a);return-1==c?\"\":b.substring(c+a.length)},2);\nQ(\"substring-before\",3,!1,!1,function(a,b,c){b=O(b,a);a=O(c,a);a=b.indexOf(a);return-1==a?\"\":b.substring(0,a)},2);Q(\"sum\",1,!1,!1,function(a,b){a=H(b.a(a));b=0;for(var c=I(a);c;c=I(a))b+=+B(c);return b},1,1,!0);Q(\"translate\",3,!1,!1,function(a,b,c,d){b=O(b,a);c=O(c,a);var e=O(d,a);a={};for(d=0;d<c.length;d++){var f=c.charAt(d);f in a||(a[f]=e.charAt(d))}c=\"\";for(d=0;d<b.length;d++)f=b.charAt(d),c+=f in a?a[f]:f;return c},3);Q(\"true\",2,!1,!1,function(){return!0},0);function G(a,b){this.h=a;this.c=void 0!==b?b:null;this.b=null;switch(a){case \"comment\":this.b=8;break;case \"text\":this.b=3;break;case \"processing-instruction\":this.b=7;break;case \"node\":break;default:throw Error(\"Unexpected argument\");}}function Cb(a){return\"comment\"==a||\"text\"==a||\"processing-instruction\"==a||\"node\"==a}G.prototype.a=function(a){return null===this.b||this.b==a.nodeType};G.prototype.f=function(){return this.h};\nG.prototype.toString=function(){var a=\"Kind Test: \"+this.h;null===this.c||(a+=K(this.c));return a};function Db(a){J.call(this,3);this.c=a.substring(1,a.length-1)}l(Db,J);Db.prototype.a=function(){return this.c};Db.prototype.toString=function(){return\"Literal: \"+this.c};function F(a,b){this.j=a.toLowerCase();a=\"*\"==this.j?\"*\":\"http://www.w3.org/1999/xhtml\";this.c=b?b.toLowerCase():a}F.prototype.a=function(a){var b=a.nodeType;if(1!=b&&2!=b)return!1;b=void 0!==a.localName?a.localName:a.nodeName;return\"*\"!=this.j&&this.j!=b.toLowerCase()?!1:\"*\"==this.c?!0:this.c==(a.namespaceURI?a.namespaceURI.toLowerCase():\"http://www.w3.org/1999/xhtml\")};F.prototype.f=function(){return this.j};\nF.prototype.toString=function(){return\"Name Test: \"+(\"http://www.w3.org/1999/xhtml\"==this.c?\"\":this.c+\":\")+this.j};function Eb(a){J.call(this,1);this.c=a}l(Eb,J);Eb.prototype.a=function(){return this.c};Eb.prototype.toString=function(){return\"Number: \"+this.c};function Fb(a,b){J.call(this,a.i);this.h=a;this.c=b;this.g=a.g;this.b=a.b;1==this.c.length&&(a=this.c[0],a.A||a.c!=Gb||(a=a.o,\"*\"!=a.f()&&(this.f={name:a.f(),u:null})))}l(Fb,J);function Hb(){J.call(this,4)}l(Hb,J);Hb.prototype.a=function(a){var b=new E;a=a.a;9==a.nodeType?b.add(a):b.add(a.ownerDocument);return b};Hb.prototype.toString=function(){return\"Root Helper Expression\"};function Ib(){J.call(this,4)}l(Ib,J);Ib.prototype.a=function(a){var b=new E;b.add(a.a);return b};Ib.prototype.toString=function(){return\"Context Helper Expression\"};\nfunction Jb(a){return\"/\"==a||\"//\"==a}Fb.prototype.a=function(a){var b=this.h.a(a);if(!(b instanceof E))throw Error(\"Filter expression must evaluate to nodeset.\");a=this.c;for(var c=0,d=a.length;c<d&&b.l;c++){var e=a[c],f=H(b,e.c.s);if(e.g||e.c!=Kb)if(e.g||e.c!=Lb){var g=I(f);for(b=e.a(new ia(g));null!=(g=I(f));)g=e.a(new ia(g)),b=kb(b,g)}else g=I(f),b=e.a(new ia(g));else{for(g=I(f);(b=I(f))&&(!g.contains||g.contains(b))&&b.compareDocumentPosition(g)&8;g=b);b=e.a(new ia(g))}}return b};\nFb.prototype.toString=function(){var a=\"Path Expression:\"+K(this.h);if(this.c.length){var b=la(this.c,function(c,d){return c+K(d)},\"Steps:\");a+=K(b)}return a};function Mb(a,b){this.a=a;this.s=!!b}\nfunction yb(a,b,c){for(c=c||0;c<a.a.length;c++)for(var d=a.a[c],e=H(b),f=b.l,g,h=0;g=I(e);h++){var m=a.s?f-h:h+1;g=d.a(new ia(g,m,f));if(\"number\"==typeof g)m=m==g;else if(\"string\"==typeof g||\"boolean\"==typeof g)m=!!g;else if(g instanceof E)m=0<g.l;else throw Error(\"Predicate.evaluate returned an unexpected type.\");if(!m){m=e;g=m.f;var w=m.a;if(!w)throw Error(\"Next must be called at least once before remove.\");var r=w.b;w=w.a;r?r.a=w:g.a=w;w?w.b=r:g.b=r;g.l--;m.a=null}}return b}\nMb.prototype.toString=function(){return la(this.a,function(a,b){return a+K(b)},\"Predicates:\")};function R(a,b,c,d){J.call(this,4);this.c=a;this.o=b;this.h=c||new Mb([]);this.A=!!d;b=this.h;b=0<b.a.length?b.a[0].f:null;a.J&&b&&(a=b.name,a=x?a.toLowerCase():a,this.f={name:a,u:b.u});a:{a=this.h;for(b=0;b<a.a.length;b++)if(c=a.a[b],c.g||1==c.i||0==c.i){a=!0;break a}a=!1}this.g=a}l(R,J);\nR.prototype.a=function(a){var b=a.a,c=this.f,d=null,e=null,f=0;c&&(d=c.name,e=c.u?O(c.u,a):null,f=1);if(this.A)if(this.g||this.c!=Nb)if(b=H((new R(Ob,new G(\"node\"))).a(a)),c=I(b))for(a=this.m(c,d,e,f);null!=(c=I(b));)a=kb(a,this.m(c,d,e,f));else a=new E;else a=bb(this.o,b,d,e),a=yb(this.h,a,f);else a=this.m(a.a,d,e,f);return a};R.prototype.m=function(a,b,c,d){a=this.c.v(this.o,a,b,c);return a=yb(this.h,a,d)};\nR.prototype.toString=function(){var a=\"Step:\"+K(\"Operator: \"+(this.A?\"//\":\"/\"));this.c.j&&(a+=K(\"Axis: \"+this.c));a+=K(this.o);if(this.h.a.length){var b=la(this.h.a,function(c,d){return c+K(d)},\"Predicates:\");a+=K(b)}return a};function Pb(a,b,c,d){this.j=a;this.v=b;this.s=c;this.J=d}Pb.prototype.toString=function(){return this.j};var Qb={};function S(a,b,c,d){if(Qb.hasOwnProperty(a))throw Error(\"Axis already created: \"+a);b=new Pb(a,b,c,!!d);return Qb[a]=b}\nS(\"ancestor\",function(a,b){for(var c=new E;b=b.parentNode;)a.a(b)&&lb(c,b);return c},!0);S(\"ancestor-or-self\",function(a,b){var c=new E;do a.a(b)&&lb(c,b);while(b=b.parentNode);return c},!0);\nvar Gb=S(\"attribute\",function(a,b){var c=new E,d=a.f();if(\"style\"==d&&x&&b.style)return c.add(new Na(b.style,b,\"style\",b.style.cssText)),c;var e=b.attributes;if(e)if(a instanceof G&&null===a.b||\"*\"==d)for(a=0;d=e[a];a++)x?d.nodeValue&&c.add(Oa(b,d)):c.add(d);else(d=e.getNamedItem(d))&&(x?d.nodeValue&&c.add(Oa(b,d)):c.add(d));return c},!1),Nb=S(\"child\",function(a,b,c,d,e){return(x?hb:ib).call(null,a,b,aa(c)?c:null,aa(d)?d:null,e||new E)},!1,!0);S(\"descendant\",bb,!1,!0);\nvar Ob=S(\"descendant-or-self\",function(a,b,c,d){var e=new E;C(b,c,d)&&a.a(b)&&e.add(b);return bb(a,b,c,d,e)},!1,!0),Kb=S(\"following\",function(a,b,c,d){var e=new E;do for(var f=b;f=f.nextSibling;)C(f,c,d)&&a.a(f)&&e.add(f),e=bb(a,f,c,d,e);while(b=b.parentNode);return e},!1,!0);S(\"following-sibling\",function(a,b){for(var c=new E;b=b.nextSibling;)a.a(b)&&c.add(b);return c},!1);S(\"namespace\",function(){return new E},!1);\nvar Rb=S(\"parent\",function(a,b){var c=new E;if(9==b.nodeType)return c;if(2==b.nodeType)return c.add(b.ownerElement),c;b=b.parentNode;a.a(b)&&c.add(b);return c},!1),Lb=S(\"preceding\",function(a,b,c,d){var e=new E,f=[];do f.unshift(b);while(b=b.parentNode);for(var g=1,h=f.length;g<h;g++){var m=[];for(b=f[g];b=b.previousSibling;)m.unshift(b);for(var w=0,r=m.length;w<r;w++)b=m[w],C(b,c,d)&&a.a(b)&&e.add(b),e=bb(a,b,c,d,e)}return e},!0,!0);\nS(\"preceding-sibling\",function(a,b){for(var c=new E;b=b.previousSibling;)a.a(b)&&lb(c,b);return c},!0);var Sb=S(\"self\",function(a,b){var c=new E;a.a(b)&&c.add(b);return c},!1);function Tb(a){J.call(this,1);this.c=a;this.g=a.g;this.b=a.b}l(Tb,J);Tb.prototype.a=function(a){return-N(this.c,a)};Tb.prototype.toString=function(){return\"Unary Expression: -\"+K(this.c)};function Ub(a){J.call(this,4);this.c=a;pb(this,ma(this.c,function(b){return b.g}));qb(this,ma(this.c,function(b){return b.b}))}l(Ub,J);Ub.prototype.a=function(a){var b=new E;n(this.c,function(c){c=c.a(a);if(!(c instanceof E))throw Error(\"Path expression must evaluate to NodeSet.\");b=kb(b,c)});return b};Ub.prototype.toString=function(){return la(this.c,function(a,b){return a+K(b)},\"Union Expression:\")};function Vb(a,b){this.a=a;this.b=b}function Yb(a){for(var b,c=[];;){T(a,\"Missing right hand side of binary expression.\");b=Zb(a);var d=z(a.a);if(!d)break;var e=(d=wb[d]||null)&&d.D;if(!e){a.a.a--;break}for(;c.length&&e<=c[c.length-1].D;)b=new sb(c.pop(),c.pop(),b);c.push(b,d)}for(;c.length;)b=new sb(c.pop(),c.pop(),b);return b}function T(a,b){if(Ta(a.a))throw Error(b);}function $b(a,b){a=z(a.a);if(a!=b)throw Error(\"Bad token, expected: \"+b+\" got: \"+a);}\nfunction ac(a){a=z(a.a);if(\")\"!=a)throw Error(\"Bad token: \"+a);}function bc(a){a=z(a.a);if(2>a.length)throw Error(\"Unclosed literal string\");return new Db(a)}\nfunction cc(a){var b=[];if(Jb(y(a.a))){var c=z(a.a);var d=y(a.a);if(\"/\"==c&&(Ta(a.a)||\".\"!=d&&\"..\"!=d&&\"@\"!=d&&\"*\"!=d&&!/(?![0-9])[\\w]/.test(d)))return new Hb;d=new Hb;T(a,\"Missing next location step.\");c=dc(a,c);b.push(c)}else{a:{c=y(a.a);d=c.charAt(0);switch(d){case \"$\":throw Error(\"Variable reference not allowed in HTML XPath\");case \"(\":z(a.a);c=Yb(a);T(a,'unclosed \"(\"');$b(a,\")\");break;case '\"':case \"'\":c=bc(a);break;default:if(isNaN(+c))if(!Cb(c)&&/(?![0-9])[\\w]/.test(d)&&\"(\"==y(a.a,1)){c=z(a.a);\nc=Bb[c]||null;z(a.a);for(d=[];\")\"!=y(a.a);){T(a,\"Missing function argument list.\");d.push(Yb(a));if(\",\"!=y(a.a))break;z(a.a)}T(a,\"Unclosed function argument list.\");ac(a);c=new zb(c,d)}else{c=null;break a}else c=new Eb(+z(a.a))}\"[\"==y(a.a)&&(d=new Mb(ec(a)),c=new xb(c,d))}if(c)if(Jb(y(a.a)))d=c;else return c;else c=dc(a,\"/\"),d=new Ib,b.push(c)}for(;Jb(y(a.a));)c=z(a.a),T(a,\"Missing next location step.\"),c=dc(a,c),b.push(c);return new Fb(d,b)}\nfunction dc(a,b){if(\"/\"!=b&&\"//\"!=b)throw Error('Step op should be \"/\" or \"//\"');if(\".\"==y(a.a)){var c=new R(Sb,new G(\"node\"));z(a.a);return c}if(\"..\"==y(a.a))return c=new R(Rb,new G(\"node\")),z(a.a),c;if(\"@\"==y(a.a)){var d=Gb;z(a.a);T(a,\"Missing attribute name\")}else if(\"::\"==y(a.a,1)){if(!/(?![0-9])[\\w]/.test(y(a.a).charAt(0)))throw Error(\"Bad token: \"+z(a.a));var e=z(a.a);d=Qb[e]||null;if(!d)throw Error(\"No axis with name: \"+e);z(a.a);T(a,\"Missing node name\")}else d=Nb;e=y(a.a);if(/(?![0-9])[\\w\\*]/.test(e.charAt(0)))if(\"(\"==\ny(a.a,1)){if(!Cb(e))throw Error(\"Invalid node type: \"+e);e=z(a.a);if(!Cb(e))throw Error(\"Invalid type name: \"+e);$b(a,\"(\");T(a,\"Bad nodetype\");var f=y(a.a).charAt(0),g=null;if('\"'==f||\"'\"==f)g=bc(a);T(a,\"Bad nodetype\");ac(a);e=new G(e,g)}else if(e=z(a.a),f=e.indexOf(\":\"),-1==f)e=new F(e);else{g=e.substring(0,f);if(\"*\"==g)var h=\"*\";else if(h=a.b(g),!h)throw Error(\"Namespace prefix not declared: \"+g);e=e.substr(f+1);e=new F(e,h)}else throw Error(\"Bad token: \"+z(a.a));a=new Mb(ec(a),d.s);return c||new R(d,\ne,a,\"//\"==b)}function ec(a){for(var b=[];\"[\"==y(a.a);){z(a.a);T(a,\"Missing predicate expression.\");var c=Yb(a);b.push(c);T(a,\"Unclosed predicate expression.\");$b(a,\"]\")}return b}function Zb(a){if(\"-\"==y(a.a))return z(a.a),new Tb(Zb(a));var b=cc(a);if(\"|\"!=y(a.a))a=b;else{for(b=[b];\"|\"==z(a.a);)T(a,\"Missing next union location path.\"),b.push(cc(a));a.a.a--;a=new Ub(b)}return a};function fc(a){switch(a.nodeType){case 1:return ha(gc,a);case 9:return fc(a.documentElement);case 11:case 10:case 6:case 12:return hc;default:return a.parentNode?fc(a.parentNode):hc}}function hc(){return null}function gc(a,b){if(a.prefix==b)return a.namespaceURI||\"http://www.w3.org/1999/xhtml\";var c=a.getAttributeNode(\"xmlns:\"+b);return c&&c.specified?c.value||null:a.parentNode&&9!=a.parentNode.nodeType?gc(a.parentNode,b):null};function ic(a,b){if(!a.length)throw Error(\"Empty XPath expression.\");a=Qa(a);if(Ta(a))throw Error(\"Invalid XPath expression.\");b?\"function\"==ca(b)||(b=fa(b.lookupNamespaceURI,b)):b=function(){return null};var c=Yb(new Vb(a,b));if(!Ta(a))throw Error(\"Bad token: \"+z(a));this.evaluate=function(d,e){d=c.a(new ia(d));return new U(d,e)}}\nfunction U(a,b){if(0==b)if(a instanceof E)b=4;else if(\"string\"==typeof a)b=2;else if(\"number\"==typeof a)b=1;else if(\"boolean\"==typeof a)b=3;else throw Error(\"Unexpected evaluation result.\");if(2!=b&&1!=b&&3!=b&&!(a instanceof E))throw Error(\"value could not be converted to the specified type\");this.resultType=b;switch(b){case 2:this.stringValue=a instanceof E?nb(a):\"\"+a;break;case 1:this.numberValue=a instanceof E?+nb(a):+a;break;case 3:this.booleanValue=a instanceof E?0<a.l:!!a;break;case 4:case 5:case 6:case 7:var c=\nH(a);var d=[];for(var e=I(c);e;e=I(c))d.push(e instanceof Na?e.a:e);this.snapshotLength=a.l;this.invalidIteratorState=!1;break;case 8:case 9:a=mb(a);this.singleNodeValue=a instanceof Na?a.a:a;break;default:throw Error(\"Unknown XPathResult type.\");}var f=0;this.iterateNext=function(){if(4!=b&&5!=b)throw Error(\"iterateNext called with wrong result type\");return f>=d.length?null:d[f++]};this.snapshotItem=function(g){if(6!=b&&7!=b)throw Error(\"snapshotItem called with wrong result type\");return g>=d.length||\n0>g?null:d[g]}}U.ANY_TYPE=0;U.NUMBER_TYPE=1;U.STRING_TYPE=2;U.BOOLEAN_TYPE=3;U.UNORDERED_NODE_ITERATOR_TYPE=4;U.ORDERED_NODE_ITERATOR_TYPE=5;U.UNORDERED_NODE_SNAPSHOT_TYPE=6;U.ORDERED_NODE_SNAPSHOT_TYPE=7;U.ANY_UNORDERED_NODE_TYPE=8;U.FIRST_ORDERED_NODE_TYPE=9;function jc(a){this.lookupNamespaceURI=fc(a)}\nfunction kc(a,b){a=a||k;var c=a.Document&&a.Document.prototype||a.document;if(!c.evaluate||b)a.XPathResult=U,c.evaluate=function(d,e,f,g){return(new ic(d,f)).evaluate(e,g)},c.createExpression=function(d,e){return new ic(d,e)},c.createNSResolver=function(d){return new jc(d)}}ba(\"wgxpath.install\",kc);ba(\"wgxpath.install\",kc);var lc={aliceblue:\"#f0f8ff\",antiquewhite:\"#faebd7\",aqua:\"#00ffff\",aquamarine:\"#7fffd4\",azure:\"#f0ffff\",beige:\"#f5f5dc\",bisque:\"#ffe4c4\",black:\"#000000\",blanchedalmond:\"#ffebcd\",blue:\"#0000ff\",blueviolet:\"#8a2be2\",brown:\"#a52a2a\",burlywood:\"#deb887\",cadetblue:\"#5f9ea0\",chartreuse:\"#7fff00\",chocolate:\"#d2691e\",coral:\"#ff7f50\",cornflowerblue:\"#6495ed\",cornsilk:\"#fff8dc\",crimson:\"#dc143c\",cyan:\"#00ffff\",darkblue:\"#00008b\",darkcyan:\"#008b8b\",darkgoldenrod:\"#b8860b\",darkgray:\"#a9a9a9\",darkgreen:\"#006400\",\ndarkgrey:\"#a9a9a9\",darkkhaki:\"#bdb76b\",darkmagenta:\"#8b008b\",darkolivegreen:\"#556b2f\",darkorange:\"#ff8c00\",darkorchid:\"#9932cc\",darkred:\"#8b0000\",darksalmon:\"#e9967a\",darkseagreen:\"#8fbc8f\",darkslateblue:\"#483d8b\",darkslategray:\"#2f4f4f\",darkslategrey:\"#2f4f4f\",darkturquoise:\"#00ced1\",darkviolet:\"#9400d3\",deeppink:\"#ff1493\",deepskyblue:\"#00bfff\",dimgray:\"#696969\",dimgrey:\"#696969\",dodgerblue:\"#1e90ff\",firebrick:\"#b22222\",floralwhite:\"#fffaf0\",forestgreen:\"#228b22\",fuchsia:\"#ff00ff\",gainsboro:\"#dcdcdc\",\nghostwhite:\"#f8f8ff\",gold:\"#ffd700\",goldenrod:\"#daa520\",gray:\"#808080\",green:\"#008000\",greenyellow:\"#adff2f\",grey:\"#808080\",honeydew:\"#f0fff0\",hotpink:\"#ff69b4\",indianred:\"#cd5c5c\",indigo:\"#4b0082\",ivory:\"#fffff0\",khaki:\"#f0e68c\",lavender:\"#e6e6fa\",lavenderblush:\"#fff0f5\",lawngreen:\"#7cfc00\",lemonchiffon:\"#fffacd\",lightblue:\"#add8e6\",lightcoral:\"#f08080\",lightcyan:\"#e0ffff\",lightgoldenrodyellow:\"#fafad2\",lightgray:\"#d3d3d3\",lightgreen:\"#90ee90\",lightgrey:\"#d3d3d3\",lightpink:\"#ffb6c1\",lightsalmon:\"#ffa07a\",\nlightseagreen:\"#20b2aa\",lightskyblue:\"#87cefa\",lightslategray:\"#778899\",lightslategrey:\"#778899\",lightsteelblue:\"#b0c4de\",lightyellow:\"#ffffe0\",lime:\"#00ff00\",limegreen:\"#32cd32\",linen:\"#faf0e6\",magenta:\"#ff00ff\",maroon:\"#800000\",mediumaquamarine:\"#66cdaa\",mediumblue:\"#0000cd\",mediumorchid:\"#ba55d3\",mediumpurple:\"#9370db\",mediumseagreen:\"#3cb371\",mediumslateblue:\"#7b68ee\",mediumspringgreen:\"#00fa9a\",mediumturquoise:\"#48d1cc\",mediumvioletred:\"#c71585\",midnightblue:\"#191970\",mintcream:\"#f5fffa\",mistyrose:\"#ffe4e1\",\nmoccasin:\"#ffe4b5\",navajowhite:\"#ffdead\",navy:\"#000080\",oldlace:\"#fdf5e6\",olive:\"#808000\",olivedrab:\"#6b8e23\",orange:\"#ffa500\",orangered:\"#ff4500\",orchid:\"#da70d6\",palegoldenrod:\"#eee8aa\",palegreen:\"#98fb98\",paleturquoise:\"#afeeee\",palevioletred:\"#db7093\",papayawhip:\"#ffefd5\",peachpuff:\"#ffdab9\",peru:\"#cd853f\",pink:\"#ffc0cb\",plum:\"#dda0dd\",powderblue:\"#b0e0e6\",purple:\"#800080\",red:\"#ff0000\",rosybrown:\"#bc8f8f\",royalblue:\"#4169e1\",saddlebrown:\"#8b4513\",salmon:\"#fa8072\",sandybrown:\"#f4a460\",seagreen:\"#2e8b57\",\nseashell:\"#fff5ee\",sienna:\"#a0522d\",silver:\"#c0c0c0\",skyblue:\"#87ceeb\",slateblue:\"#6a5acd\",slategray:\"#708090\",slategrey:\"#708090\",snow:\"#fffafa\",springgreen:\"#00ff7f\",steelblue:\"#4682b4\",tan:\"#d2b48c\",teal:\"#008080\",thistle:\"#d8bfd8\",tomato:\"#ff6347\",turquoise:\"#40e0d0\",violet:\"#ee82ee\",wheat:\"#f5deb3\",white:\"#ffffff\",whitesmoke:\"#f5f5f5\",yellow:\"#ffff00\",yellowgreen:\"#9acd32\"};var mc=\"backgroundColor borderTopColor borderRightColor borderBottomColor borderLeftColor color outlineColor\".split(\" \"),nc=/#([0-9a-fA-F])([0-9a-fA-F])([0-9a-fA-F])/,oc=/^#(?:[0-9a-f]{3}){1,2}$/i,pc=/^(?:rgba)?\\((\\d{1,3}),\\s?(\\d{1,3}),\\s?(\\d{1,3}),\\s?(0|1|0\\.\\d*)\\)$/i,qc=/^(?:rgb)?\\((0|[1-9]\\d{0,2}),\\s?(0|[1-9]\\d{0,2}),\\s?(0|[1-9]\\d{0,2})\\)$/i;function rc(a,b){this.code=a;this.a=V[a]||sc;this.message=b||\"\";a=this.a.replace(/((?:^|\\s+)[a-z])/g,function(c){return c.toUpperCase().replace(/^[\\s\\xa0]+/g,\"\")});b=a.length-5;if(0>b||a.indexOf(\"Error\",b)!=b)a+=\"Error\";this.name=a;a=Error(this.message);a.name=this.name;this.stack=a.stack||\"\"}l(rc,Error);var sc=\"unknown error\",V={15:\"element not selectable\",11:\"element not visible\"};V[31]=sc;V[30]=sc;V[24]=\"invalid cookie domain\";V[29]=\"invalid element coordinates\";V[12]=\"invalid element state\";\nV[32]=\"invalid selector\";V[51]=\"invalid selector\";V[52]=\"invalid selector\";V[17]=\"javascript error\";V[405]=\"unsupported operation\";V[34]=\"move target out of bounds\";V[27]=\"no such alert\";V[7]=\"no such element\";V[8]=\"no such frame\";V[23]=\"no such window\";V[28]=\"script timeout\";V[33]=\"session not created\";V[10]=\"stale element reference\";V[21]=\"timeout\";V[25]=\"unable to set cookie\";V[26]=\"unexpected alert open\";V[13]=sc;V[9]=\"unknown command\";var tc=va(),uc=ya()||u(\"iPod\"),vc=u(\"iPad\"),wc=u(\"Android\")&&!(wa()||va()||u(\"Opera\")||u(\"Silk\")),xc=wa(),yc=u(\"Safari\")&&!(wa()||u(\"Coast\")||u(\"Opera\")||u(\"Edge\")||u(\"Edg/\")||u(\"OPR\")||va()||u(\"Silk\")||u(\"Android\"))&&!(ya()||u(\"iPad\")||u(\"iPod\"));function zc(a){return(a=a.exec(t))?a[1]:\"\"}(function(){if(tc)return zc(/Firefox\\/([0-9.]+)/);if(v||Ca||Ba)return Ga;if(xc)return ya()||u(\"iPad\")||u(\"iPod\")?zc(/CriOS\\/([0-9.]+)/):zc(/Chrome\\/([0-9.]+)/);if(yc&&!(ya()||u(\"iPad\")||u(\"iPod\")))return zc(/Version\\/([0-9.]+)/);if(uc||vc){var a=/Version\\/(\\S+).*Mobile\\/(\\S+)/.exec(t);if(a)return a[1]+\".\"+a[2]}else if(wc)return(a=zc(/Android\\s+([0-9.]+)/))?a:zc(/Version\\/([0-9.]+)/);return\"\"})();var Ac=v&&!(9<=Number(La));function W(a,b){b&&\"string\"!==typeof b&&(b=b.toString());return!!a&&1==a.nodeType&&(!b||a.tagName.toUpperCase()==b)};var Bc=function(){var a={K:\"http://www.w3.org/2000/svg\"};return function(b){return a[b]||null}}();\nfunction Cc(a,b){var c=A(a);if(!c.documentElement)return null;(v||wc)&&kc(c?c.parentWindow||c.defaultView:window);try{var d=c.createNSResolver?c.createNSResolver(c.documentElement):Bc;if(v&&!Ka(7))return c.evaluate.call(c,b,a,d,9,null);if(!v||9<=Number(La)){for(var e={},f=c.getElementsByTagName(\"*\"),g=0;g<f.length;++g){var h=f[g],m=h.namespaceURI;if(m&&!e[m]){var w=h.lookupPrefix(m);if(!w){var r=m.match(\".*/(\\\\w+)/?$\");w=r?r[1]:\"xhtml\"}e[m]=w}}var D={},L;for(L in e)D[e[L]]=L;d=function(M){return D[M]||\nnull}}try{return c.evaluate(b,a,d,9,null)}catch(M){if(\"TypeError\"===M.name)return d=c.createNSResolver?c.createNSResolver(c.documentElement):Bc,c.evaluate(b,a,d,9,null);throw M;}}catch(M){if(!Da||\"NS_ERROR_ILLEGAL_VALUE\"!=M.name)throw new rc(32,\"Unable to locate an element with the xpath expression \"+b+\" because of the following error:\\n\"+M);}}\nfunction Dc(a,b){var c=function(){var d=Cc(b,a);return d?d.singleNodeValue||null:b.selectSingleNode?(d=A(b),d.setProperty&&d.setProperty(\"SelectionLanguage\",\"XPath\"),b.selectSingleNode(a)):null}();if(null!==c&&(!c||1!=c.nodeType))throw new rc(32,'The result of the xpath expression \"'+a+'\" is: '+c+\". It should be an element.\");return c};function Ec(a,b,c,d){this.c=a;this.a=b;this.b=c;this.f=d}Ec.prototype.ceil=function(){this.c=Math.ceil(this.c);this.a=Math.ceil(this.a);this.b=Math.ceil(this.b);this.f=Math.ceil(this.f);return this};Ec.prototype.floor=function(){this.c=Math.floor(this.c);this.a=Math.floor(this.a);this.b=Math.floor(this.b);this.f=Math.floor(this.f);return this};Ec.prototype.round=function(){this.c=Math.round(this.c);this.a=Math.round(this.a);this.b=Math.round(this.b);this.f=Math.round(this.f);return this};function X(a,b,c,d){this.a=a;this.b=b;this.width=c;this.height=d}X.prototype.ceil=function(){this.a=Math.ceil(this.a);this.b=Math.ceil(this.b);this.width=Math.ceil(this.width);this.height=Math.ceil(this.height);return this};X.prototype.floor=function(){this.a=Math.floor(this.a);this.b=Math.floor(this.b);this.width=Math.floor(this.width);this.height=Math.floor(this.height);return this};\nX.prototype.round=function(){this.a=Math.round(this.a);this.b=Math.round(this.b);this.width=Math.round(this.width);this.height=Math.round(this.height);return this};var Fc=\"function\"===typeof ShadowRoot;function Gc(a){for(a=a.parentNode;a&&1!=a.nodeType&&9!=a.nodeType&&11!=a.nodeType;)a=a.parentNode;return W(a)?a:null}\nfunction Y(a,b){b=xa(b);if(\"float\"==b||\"cssFloat\"==b||\"styleFloat\"==b)b=Ac?\"styleFloat\":\"cssFloat\";a:{var c=b;var d=A(a);if(d.defaultView&&d.defaultView.getComputedStyle&&(d=d.defaultView.getComputedStyle(a,null))){c=d[c]||d.getPropertyValue(c)||\"\";break a}c=\"\"}a=c||Hc(a,b);if(null===a)a=null;else if(0<=ja(mc,b)){b:{var e=a.match(pc);if(e&&(b=Number(e[1]),c=Number(e[2]),d=Number(e[3]),e=Number(e[4]),0<=b&&255>=b&&0<=c&&255>=c&&0<=d&&255>=d&&0<=e&&1>=e)){b=[b,c,d,e];break b}b=null}if(!b)b:{if(d=a.match(qc))if(b=\nNumber(d[1]),c=Number(d[2]),d=Number(d[3]),0<=b&&255>=b&&0<=c&&255>=c&&0<=d&&255>=d){b=[b,c,d,1];break b}b=null}if(!b)b:{b=a.toLowerCase();c=lc[b.toLowerCase()];if(!c&&(c=\"#\"==b.charAt(0)?b:\"#\"+b,4==c.length&&(c=c.replace(nc,\"#$1$1$2$2$3$3\")),!oc.test(c))){b=null;break b}b=[parseInt(c.substr(1,2),16),parseInt(c.substr(3,2),16),parseInt(c.substr(5,2),16),1]}a=b?\"rgba(\"+b.join(\", \")+\")\":a}return a}\nfunction Hc(a,b){var c=a.currentStyle||a.style,d=c[b];void 0===d&&\"function\"==ca(c.getPropertyValue)&&(d=c.getPropertyValue(b));return\"inherit\"!=d?void 0!==d?d:null:(a=Gc(a))?Hc(a,b):null}\nfunction Ic(a,b,c){function d(g){var h=Jc(g);return 0<h.height&&0<h.width?!0:W(g,\"PATH\")&&(0<h.height||0<h.width)?(g=Y(g,\"stroke-width\"),!!g&&0<parseInt(g,10)):\"hidden\"!=Y(g,\"overflow\")&&ma(g.childNodes,function(m){return 3==m.nodeType||W(m)&&d(m)})}function e(g){return Kc(g)==Z&&na(g.childNodes,function(h){return!W(h)||e(h)||!d(h)})}if(!W(a))throw Error(\"Argument to isShown must be of type Element\");if(W(a,\"BODY\"))return!0;if(W(a,\"OPTION\")||W(a,\"OPTGROUP\"))return a=$a(a,function(g){return W(g,\"SELECT\")}),\n!!a&&Ic(a,!0,c);var f=Lc(a);if(f)return!!f.image&&0<f.rect.width&&0<f.rect.height&&Ic(f.image,b,c);if(W(a,\"INPUT\")&&\"hidden\"==a.type.toLowerCase()||W(a,\"NOSCRIPT\"))return!1;f=Y(a,\"visibility\");return\"collapse\"!=f&&\"hidden\"!=f&&c(a)&&(b||0!=Mc(a))&&d(a)?!e(a):!1}var Z=\"hidden\";\nfunction Kc(a){function b(p){function q(fb){if(fb==g)return!0;var Wb=Y(fb,\"display\");return 0==Wb.lastIndexOf(\"inline\",0)||\"contents\"==Wb||\"absolute\"==Xb&&\"static\"==Y(fb,\"position\")?!1:!0}var Xb=Y(p,\"position\");if(\"fixed\"==Xb)return w=!0,p==g?null:g;for(p=Gc(p);p&&!q(p);)p=Gc(p);return p}function c(p){var q=p;if(\"visible\"==m)if(p==g&&h)q=h;else if(p==h)return{x:\"visible\",y:\"visible\"};q={x:Y(q,\"overflow-x\"),y:Y(q,\"overflow-y\")};p==g&&(q.x=\"visible\"==q.x?\"auto\":q.x,q.y=\"visible\"==q.y?\"auto\":q.y);return q}\nfunction d(p){if(p==g){var q=(new ab(f)).a;p=q.scrollingElement?q.scrollingElement:Ea||\"CSS1Compat\"!=q.compatMode?q.body||q.documentElement:q.documentElement;q=q.parentWindow||q.defaultView;p=v&&Ka(\"10\")&&q.pageYOffset!=p.scrollTop?new Ua(p.scrollLeft,p.scrollTop):new Ua(q.pageXOffset||p.scrollLeft,q.pageYOffset||p.scrollTop)}else p=new Ua(p.scrollLeft,p.scrollTop);return p}var e=Nc(a),f=A(a),g=f.documentElement,h=f.body,m=Y(g,\"overflow\"),w;for(a=b(a);a;a=b(a)){var r=c(a);if(\"visible\"!=r.x||\"visible\"!=\nr.y){var D=Jc(a);if(0==D.width||0==D.height)return Z;var L=e.a<D.a,M=e.b<D.b;if(L&&\"hidden\"==r.x||M&&\"hidden\"==r.y)return Z;if(L&&\"visible\"!=r.x||M&&\"visible\"!=r.y){L=d(a);M=e.b<D.b-L.y;if(e.a<D.a-L.x&&\"visible\"!=r.x||M&&\"visible\"!=r.x)return Z;e=Kc(a);return e==Z?Z:\"scroll\"}L=e.f>=D.a+D.width;D=e.c>=D.b+D.height;if(L&&\"hidden\"==r.x||D&&\"hidden\"==r.y)return Z;if(L&&\"visible\"!=r.x||D&&\"visible\"!=r.y){if(w&&(r=d(a),e.f>=g.scrollWidth-r.x||e.a>=g.scrollHeight-r.y))return Z;e=Kc(a);return e==Z?Z:\"scroll\"}}}return\"none\"}\nfunction Jc(a){var b=Lc(a);if(b)return b.rect;if(W(a,\"HTML\"))return a=A(a),a=((a?a.parentWindow||a.defaultView:window)||window).document,a=\"CSS1Compat\"==a.compatMode?a.documentElement:a.body,a=new Va(a.clientWidth,a.clientHeight),new X(0,0,a.width,a.height);try{var c=a.getBoundingClientRect()}catch(d){return new X(0,0,0,0)}b=new X(c.left,c.top,c.right-c.left,c.bottom-c.top);v&&a.ownerDocument.body&&(a=A(a),b.a-=a.documentElement.clientLeft+a.body.clientLeft,b.b-=a.documentElement.clientTop+a.body.clientTop);\nreturn b}function Lc(a){var b=W(a,\"MAP\");if(!b&&!W(a,\"AREA\"))return null;var c=b?a:W(a.parentNode,\"MAP\")?a.parentNode:null,d=null,e=null;c&&c.name&&(d=Dc('/descendant::*[@usemap = \"#'+c.name+'\"]',A(c)))&&(e=Jc(d),b||\"default\"==a.shape.toLowerCase()||(a=Oc(a),b=Math.min(Math.max(a.a,0),e.width),c=Math.min(Math.max(a.b,0),e.height),e=new X(b+e.a,c+e.b,Math.min(a.width,e.width-b),Math.min(a.height,e.height-c))));return{image:d,rect:e||new X(0,0,0,0)}}\nfunction Oc(a){var b=a.shape.toLowerCase();a=a.coords.split(\",\");if(\"rect\"==b&&4==a.length){b=a[0];var c=a[1];return new X(b,c,a[2]-b,a[3]-c)}if(\"circle\"==b&&3==a.length)return b=a[2],new X(a[0]-b,a[1]-b,2*b,2*b);if(\"poly\"==b&&2<a.length){b=a[0];c=a[1];for(var d=b,e=c,f=2;f+1<a.length;f+=2)b=Math.min(b,a[f]),d=Math.max(d,a[f]),c=Math.min(c,a[f+1]),e=Math.max(e,a[f+1]);return new X(b,c,d-b,e-c)}return new X(0,0,0,0)}function Nc(a){a=Jc(a);return new Ec(a.b,a.a+a.width,a.b+a.height,a.a)}\nfunction Mc(a){if(Ac){if(\"relative\"==Y(a,\"position\"))return 1;a=Y(a,\"filter\");return(a=a.match(/^alpha\\(opacity=(\\d*)\\)/)||a.match(/^progid:DXImageTransform.Microsoft.Alpha\\(Opacity=(\\d*)\\)/))?Number(a[1])/100:1}return Pc(a)}function Pc(a){var b=1,c=Y(a,\"opacity\");c&&(b=Number(c));(a=Gc(a))&&(b*=Pc(a));return b};ba(\"_\",function(a,b){function c(d){if(W(d)&&\"none\"==Y(d,\"display\"))return!1;var e;if((e=d.parentNode)&&e.shadowRoot&&void 0!==d.assignedSlot)e=d.assignedSlot?d.assignedSlot.parentNode:null;else if(d.getDestinationInsertionPoints){var f=d.getDestinationInsertionPoints();0<f.length&&(e=f[f.length-1])}if(Fc&&e instanceof ShadowRoot){if(e.host.shadowRoot!==e)return!1;e=e.host}return!e||9!=e.nodeType&&11!=e.nodeType?e&&W(e,\"DETAILS\")&&!e.open&&!W(d,\"SUMMARY\")?!1:!!e&&c(e):!0}return Ic(a,!!b,c)});; return this._.apply(null,arguments);}).apply({navigator:typeof window!='undefined'?window.navigator:null,document:typeof window!='undefined'?window.document:null}, arguments);}\n).apply(null, arguments);", "args": [{"element-6066-11e4-a52e-4f735466cecf": "f.35537B2220C1DFCB807AA47ECC6E634D.d.82EF583F90F9A2466015091A79D5587D.e.447"}]}
DEBUG    urllib3.connectionpool:connectionpool.py:544 http://selenium-hub:4444 "POST /wd/hub/session/c6abdb9b0b74f8d3eac5f34042ce8c0f/execute/sync HTTP/1.1" 200 0
DEBUG    selenium.webdriver.remote.remote_connection:remote_connection.py:329 Remote response: status=200 | data={"value":true} | headers=HTTPHeaderDict({'content-length': '14', 'content-type': 'application/json; charset=utf-8', 'cache-control': 'no-cache'})
DEBUG    selenium.webdriver.remote.remote_connection:remote_connection.py:356 Finished Request
DEBUG    selenium.webdriver.remote.remote_connection:remote_connection.py:313 POST http://selenium-hub:4444/wd/hub/session/c6abdb9b0b74f8d3eac5f34042ce8c0f/execute/sync {"script": "/* isDisplayed */return (function(){return (function(){var k=this||self;function aa(a){return\"string\"==typeof a}function ba(a,b){a=a.split(\".\");var c=k;a[0]in c||\"undefined\"==typeof c.execScript||c.execScript(\"var \"+a[0]);for(var d;a.length&&(d=a.shift());)a.length||void 0===b?c[d]&&c[d]!==Object.prototype[d]?c=c[d]:c=c[d]={}:c[d]=b}\nfunction ca(a){var b=typeof a;if(\"object\"==b)if(a){if(a instanceof Array)return\"array\";if(a instanceof Object)return b;var c=Object.prototype.toString.call(a);if(\"[object Window]\"==c)return\"object\";if(\"[object Array]\"==c||\"number\"==typeof a.length&&\"undefined\"!=typeof a.splice&&\"undefined\"!=typeof a.propertyIsEnumerable&&!a.propertyIsEnumerable(\"splice\"))return\"array\";if(\"[object Function]\"==c||\"undefined\"!=typeof a.call&&\"undefined\"!=typeof a.propertyIsEnumerable&&!a.propertyIsEnumerable(\"call\"))return\"function\"}else return\"null\";\nelse if(\"function\"==b&&\"undefined\"==typeof a.call)return\"object\";return b}function da(a,b,c){return a.call.apply(a.bind,arguments)}function ea(a,b,c){if(!a)throw Error();if(2<arguments.length){var d=Array.prototype.slice.call(arguments,2);return function(){var e=Array.prototype.slice.call(arguments);Array.prototype.unshift.apply(e,d);return a.apply(b,e)}}return function(){return a.apply(b,arguments)}}\nfunction fa(a,b,c){Function.prototype.bind&&-1!=Function.prototype.bind.toString().indexOf(\"native code\")?fa=da:fa=ea;return fa.apply(null,arguments)}function ha(a,b){var c=Array.prototype.slice.call(arguments,1);return function(){var d=c.slice();d.push.apply(d,arguments);return a.apply(this,d)}}function l(a,b){function c(){}c.prototype=b.prototype;a.prototype=new c;a.prototype.constructor=a};/*\n\n The MIT License\n\n Copyright (c) 2007 Cybozu Labs, Inc.\n Copyright (c) 2012 Google Inc.\n\n Permission is hereby granted, free of charge, to any person obtaining a copy\n of this software and associated documentation files (the \"Software\"), to\n deal in the Software without restriction, including without limitation the\n rights to use, copy, modify, merge, publish, distribute, sublicense, and/or\n sell copies of the Software, and to permit persons to whom the Software is\n furnished to do so, subject to the following conditions:\n\n The above copyright notice and this permission notice shall be included in\n all copies or substantial portions of the Software.\n\n THE SOFTWARE IS PROVIDED \"AS IS\", WITHOUT WARRANTY OF ANY KIND, EXPRESS OR\n IMPLIED, INCLUDING BUT NOT LIMITED TO THE WARRANTIES OF MERCHANTABILITY,\n FITNESS FOR A PARTICULAR PURPOSE AND NONINFRINGEMENT. IN NO EVENT SHALL THE\n AUTHORS OR COPYRIGHT HOLDERS BE LIABLE FOR ANY CLAIM, DAMAGES OR OTHER\n LIABILITY, WHETHER IN AN ACTION OF CONTRACT, TORT OR OTHERWISE, ARISING\n FROM, OUT OF OR IN CONNECTION WITH THE SOFTWARE OR THE USE OR OTHER DEALINGS\n IN THE SOFTWARE.\n*/\nfunction ia(a,b,c){this.a=a;this.b=b||1;this.f=c||1};var ja=Array.prototype.indexOf?function(a,b){return Array.prototype.indexOf.call(a,b,void 0)}:function(a,b){if(\"string\"===typeof a)return\"string\"!==typeof b||1!=b.length?-1:a.indexOf(b,0);for(var c=0;c<a.length;c++)if(c in a&&a[c]===b)return c;return-1},n=Array.prototype.forEach?function(a,b){Array.prototype.forEach.call(a,b,void 0)}:function(a,b){for(var c=a.length,d=\"string\"===typeof a?a.split(\"\"):a,e=0;e<c;e++)e in d&&b.call(void 0,d[e],e,a)},ka=Array.prototype.filter?function(a,b){return Array.prototype.filter.call(a,\nb,void 0)}:function(a,b){for(var c=a.length,d=[],e=0,f=\"string\"===typeof a?a.split(\"\"):a,g=0;g<c;g++)if(g in f){var h=f[g];b.call(void 0,h,g,a)&&(d[e++]=h)}return d},la=Array.prototype.reduce?function(a,b,c){return Array.prototype.reduce.call(a,b,c)}:function(a,b,c){var d=c;n(a,function(e,f){d=b.call(void 0,d,e,f,a)});return d},ma=Array.prototype.some?function(a,b){return Array.prototype.some.call(a,b,void 0)}:function(a,b){for(var c=a.length,d=\"string\"===typeof a?a.split(\"\"):a,e=0;e<c;e++)if(e in\nd&&b.call(void 0,d[e],e,a))return!0;return!1},na=Array.prototype.every?function(a,b){return Array.prototype.every.call(a,b,void 0)}:function(a,b){for(var c=a.length,d=\"string\"===typeof a?a.split(\"\"):a,e=0;e<c;e++)if(e in d&&!b.call(void 0,d[e],e,a))return!1;return!0};function oa(a,b){a:{for(var c=a.length,d=\"string\"===typeof a?a.split(\"\"):a,e=0;e<c;e++)if(e in d&&b.call(void 0,d[e],e,a)){b=e;break a}b=-1}return 0>b?null:\"string\"===typeof a?a.charAt(b):a[b]}\nfunction pa(a){return Array.prototype.concat.apply([],arguments)}function qa(a,b,c){return 2>=arguments.length?Array.prototype.slice.call(a,b):Array.prototype.slice.call(a,b,c)};var ra=String.prototype.trim?function(a){return a.trim()}:function(a){return/^[\\s\\xa0]*([\\s\\S]*?)[\\s\\xa0]*$/.exec(a)[1]};function sa(a,b){return a<b?-1:a>b?1:0};var t;a:{var ta=k.navigator;if(ta){var ua=ta.userAgent;if(ua){t=ua;break a}}t=\"\"}function u(a){return-1!=t.indexOf(a)};function va(){return u(\"Firefox\")||u(\"FxiOS\")}function wa(){return(u(\"Chrome\")||u(\"CriOS\"))&&!u(\"Edge\")};function xa(a){return String(a).replace(/\\-([a-z])/g,function(b,c){return c.toUpperCase()})};function ya(){return u(\"iPhone\")&&!u(\"iPod\")&&!u(\"iPad\")};function za(a,b){var c=Aa;return Object.prototype.hasOwnProperty.call(c,a)?c[a]:c[a]=b(a)};var Ba=u(\"Opera\"),v=u(\"Trident\")||u(\"MSIE\"),Ca=u(\"Edge\"),Da=u(\"Gecko\")&&!(-1!=t.toLowerCase().indexOf(\"webkit\")&&!u(\"Edge\"))&&!(u(\"Trident\")||u(\"MSIE\"))&&!u(\"Edge\"),Ea=-1!=t.toLowerCase().indexOf(\"webkit\")&&!u(\"Edge\");function Fa(){var a=k.document;return a?a.documentMode:void 0}var Ga;\na:{var Ha=\"\",Ia=function(){var a=t;if(Da)return/rv:([^\\);]+)(\\)|;)/.exec(a);if(Ca)return/Edge\\/([\\d\\.]+)/.exec(a);if(v)return/\\b(?:MSIE|rv)[: ]([^\\);]+)(\\)|;)/.exec(a);if(Ea)return/WebKit\\/(\\S+)/.exec(a);if(Ba)return/(?:Version)[ \\/]?(\\S+)/.exec(a)}();Ia&&(Ha=Ia?Ia[1]:\"\");if(v){var Ja=Fa();if(null!=Ja&&Ja>parseFloat(Ha)){Ga=String(Ja);break a}}Ga=Ha}var Aa={};\nfunction Ka(a){return za(a,function(){for(var b=0,c=ra(String(Ga)).split(\".\"),d=ra(String(a)).split(\".\"),e=Math.max(c.length,d.length),f=0;0==b&&f<e;f++){var g=c[f]||\"\",h=d[f]||\"\";do{g=/(\\d*)(\\D*)(.*)/.exec(g)||[\"\",\"\",\"\",\"\"];h=/(\\d*)(\\D*)(.*)/.exec(h)||[\"\",\"\",\"\",\"\"];if(0==g[0].length&&0==h[0].length)break;b=sa(0==g[1].length?0:parseInt(g[1],10),0==h[1].length?0:parseInt(h[1],10))||sa(0==g[2].length,0==h[2].length)||sa(g[2],h[2]);g=g[3];h=h[3]}while(0==b)}return 0<=b})}var La;\nLa=k.document&&v?Fa():void 0;var x=v&&!(9<=Number(La)),Ma=v&&!(8<=Number(La));function Na(a,b,c,d){this.a=a;this.nodeName=c;this.nodeValue=d;this.nodeType=2;this.parentNode=this.ownerElement=b}function Oa(a,b){var c=Ma&&\"href\"==b.nodeName?a.getAttribute(b.nodeName,2):b.nodeValue;return new Na(b,a,b.nodeName,c)};function Pa(a){this.b=a;this.a=0}function Qa(a){a=a.match(Ra);for(var b=0;b<a.length;b++)Sa.test(a[b])&&a.splice(b,1);return new Pa(a)}var Ra=/\\$?(?:(?![0-9-\\.])(?:\\*|[\\w-\\.]+):)?(?![0-9-\\.])(?:\\*|[\\w-\\.]+)|\\/\\/|\\.\\.|::|\\d+(?:\\.\\d*)?|\\.\\d+|\"[^\"]*\"|'[^']*'|[!<>]=|\\s+|./g,Sa=/^\\s/;function y(a,b){return a.b[a.a+(b||0)]}function z(a){return a.b[a.a++]}function Ta(a){return a.b.length<=a.a};function Ua(a,b){this.x=void 0!==a?a:0;this.y=void 0!==b?b:0}Ua.prototype.ceil=function(){this.x=Math.ceil(this.x);this.y=Math.ceil(this.y);return this};Ua.prototype.floor=function(){this.x=Math.floor(this.x);this.y=Math.floor(this.y);return this};Ua.prototype.round=function(){this.x=Math.round(this.x);this.y=Math.round(this.y);return this};function Va(a,b){this.width=a;this.height=b}Va.prototype.aspectRatio=function(){return this.width/this.height};Va.prototype.ceil=function(){this.width=Math.ceil(this.width);this.height=Math.ceil(this.height);return this};Va.prototype.floor=function(){this.width=Math.floor(this.width);this.height=Math.floor(this.height);return this};Va.prototype.round=function(){this.width=Math.round(this.width);this.height=Math.round(this.height);return this};function Wa(a,b){if(!a||!b)return!1;if(a.contains&&1==b.nodeType)return a==b||a.contains(b);if(\"undefined\"!=typeof a.compareDocumentPosition)return a==b||!!(a.compareDocumentPosition(b)&16);for(;b&&a!=b;)b=b.parentNode;return b==a}\nfunction Xa(a,b){if(a==b)return 0;if(a.compareDocumentPosition)return a.compareDocumentPosition(b)&2?1:-1;if(v&&!(9<=Number(La))){if(9==a.nodeType)return-1;if(9==b.nodeType)return 1}if(\"sourceIndex\"in a||a.parentNode&&\"sourceIndex\"in a.parentNode){var c=1==a.nodeType,d=1==b.nodeType;if(c&&d)return a.sourceIndex-b.sourceIndex;var e=a.parentNode,f=b.parentNode;return e==f?Ya(a,b):!c&&Wa(e,b)?-1*Za(a,b):!d&&Wa(f,a)?Za(b,a):(c?a.sourceIndex:e.sourceIndex)-(d?b.sourceIndex:f.sourceIndex)}d=A(a);c=d.createRange();\nc.selectNode(a);c.collapse(!0);a=d.createRange();a.selectNode(b);a.collapse(!0);return c.compareBoundaryPoints(k.Range.START_TO_END,a)}function Za(a,b){var c=a.parentNode;if(c==b)return-1;for(;b.parentNode!=c;)b=b.parentNode;return Ya(b,a)}function Ya(a,b){for(;b=b.previousSibling;)if(b==a)return-1;return 1}function A(a){return 9==a.nodeType?a:a.ownerDocument||a.document}function $a(a,b){a&&(a=a.parentNode);for(var c=0;a;){if(b(a))return a;a=a.parentNode;c++}return null}\nfunction ab(a){this.a=a||k.document||document}ab.prototype.getElementsByTagName=function(a,b){return(b||this.a).getElementsByTagName(String(a))};function B(a){var b=null,c=a.nodeType;1==c&&(b=a.textContent,b=void 0==b||null==b?a.innerText:b,b=void 0==b||null==b?\"\":b);if(\"string\"!=typeof b)if(x&&\"title\"==a.nodeName.toLowerCase()&&1==c)b=a.text;else if(9==c||1==c){a=9==c?a.documentElement:a.firstChild;c=0;var d=[];for(b=\"\";a;){do 1!=a.nodeType&&(b+=a.nodeValue),x&&\"title\"==a.nodeName.toLowerCase()&&(b+=a.text),d[c++]=a;while(a=a.firstChild);for(;c&&!(a=d[--c].nextSibling););}}else b=a.nodeValue;return b}\nfunction C(a,b,c){if(null===b)return!0;try{if(!a.getAttribute)return!1}catch(d){return!1}Ma&&\"class\"==b&&(b=\"className\");return null==c?!!a.getAttribute(b):a.getAttribute(b,2)==c}function bb(a,b,c,d,e){return(x?cb:db).call(null,a,b,aa(c)?c:null,aa(d)?d:null,e||new E)}\nfunction cb(a,b,c,d,e){if(a instanceof F||8==a.b||c&&null===a.b){var f=b.all;if(!f)return e;a=eb(a);if(\"*\"!=a&&(f=b.getElementsByTagName(a),!f))return e;if(c){for(var g=[],h=0;b=f[h++];)C(b,c,d)&&g.push(b);f=g}for(h=0;b=f[h++];)\"*\"==a&&\"!\"==b.tagName||e.add(b);return e}gb(a,b,c,d,e);return e}\nfunction db(a,b,c,d,e){b.getElementsByName&&d&&\"name\"==c&&!v?(b=b.getElementsByName(d),n(b,function(f){a.a(f)&&e.add(f)})):b.getElementsByClassName&&d&&\"class\"==c?(b=b.getElementsByClassName(d),n(b,function(f){f.className==d&&a.a(f)&&e.add(f)})):a instanceof G?gb(a,b,c,d,e):b.getElementsByTagName&&(b=b.getElementsByTagName(a.f()),n(b,function(f){C(f,c,d)&&e.add(f)}));return e}\nfunction hb(a,b,c,d,e){var f;if((a instanceof F||8==a.b||c&&null===a.b)&&(f=b.childNodes)){var g=eb(a);if(\"*\"!=g&&(f=ka(f,function(h){return h.tagName&&h.tagName.toLowerCase()==g}),!f))return e;c&&(f=ka(f,function(h){return C(h,c,d)}));n(f,function(h){\"*\"==g&&(\"!\"==h.tagName||\"*\"==g&&1!=h.nodeType)||e.add(h)});return e}return ib(a,b,c,d,e)}function ib(a,b,c,d,e){for(b=b.firstChild;b;b=b.nextSibling)C(b,c,d)&&a.a(b)&&e.add(b);return e}\nfunction gb(a,b,c,d,e){for(b=b.firstChild;b;b=b.nextSibling)C(b,c,d)&&a.a(b)&&e.add(b),gb(a,b,c,d,e)}function eb(a){if(a instanceof G){if(8==a.b)return\"!\";if(null===a.b)return\"*\"}return a.f()};function E(){this.b=this.a=null;this.l=0}function jb(a){this.f=a;this.a=this.b=null}function kb(a,b){if(!a.a)return b;if(!b.a)return a;var c=a.a;b=b.a;for(var d=null,e,f=0;c&&b;){e=c.f;var g=b.f;e==g||e instanceof Na&&g instanceof Na&&e.a==g.a?(e=c,c=c.a,b=b.a):0<Xa(c.f,b.f)?(e=b,b=b.a):(e=c,c=c.a);(e.b=d)?d.a=e:a.a=e;d=e;f++}for(e=c||b;e;)e.b=d,d=d.a=e,f++,e=e.a;a.b=d;a.l=f;return a}function lb(a,b){b=new jb(b);b.a=a.a;a.b?a.a.b=b:a.a=a.b=b;a.a=b;a.l++}\nE.prototype.add=function(a){a=new jb(a);a.b=this.b;this.a?this.b.a=a:this.a=this.b=a;this.b=a;this.l++};function mb(a){return(a=a.a)?a.f:null}function nb(a){return(a=mb(a))?B(a):\"\"}function H(a,b){return new ob(a,!!b)}function ob(a,b){this.f=a;this.b=(this.s=b)?a.b:a.a;this.a=null}function I(a){var b=a.b;if(null==b)return null;var c=a.a=b;a.b=a.s?b.b:b.a;return c.f};function J(a){this.i=a;this.b=this.g=!1;this.f=null}function K(a){return\"\\n  \"+a.toString().split(\"\\n\").join(\"\\n  \")}function pb(a,b){a.g=b}function qb(a,b){a.b=b}function N(a,b){a=a.a(b);return a instanceof E?+nb(a):+a}function O(a,b){a=a.a(b);return a instanceof E?nb(a):\"\"+a}function rb(a,b){a=a.a(b);return a instanceof E?!!a.l:!!a};function sb(a,b,c){J.call(this,a.i);this.c=a;this.h=b;this.o=c;this.g=b.g||c.g;this.b=b.b||c.b;this.c==tb&&(c.b||c.g||4==c.i||0==c.i||!b.f?b.b||b.g||4==b.i||0==b.i||!c.f||(this.f={name:c.f.name,u:b}):this.f={name:b.f.name,u:c})}l(sb,J);\nfunction ub(a,b,c,d,e){b=b.a(d);c=c.a(d);var f;if(b instanceof E&&c instanceof E){b=H(b);for(d=I(b);d;d=I(b))for(e=H(c),f=I(e);f;f=I(e))if(a(B(d),B(f)))return!0;return!1}if(b instanceof E||c instanceof E){b instanceof E?(e=b,d=c):(e=c,d=b);f=H(e);for(var g=typeof d,h=I(f);h;h=I(f)){switch(g){case \"number\":h=+B(h);break;case \"boolean\":h=!!B(h);break;case \"string\":h=B(h);break;default:throw Error(\"Illegal primitive type for comparison.\");}if(e==b&&a(h,d)||e==c&&a(d,h))return!0}return!1}return e?\"boolean\"==\ntypeof b||\"boolean\"==typeof c?a(!!b,!!c):\"number\"==typeof b||\"number\"==typeof c?a(+b,+c):a(b,c):a(+b,+c)}sb.prototype.a=function(a){return this.c.m(this.h,this.o,a)};sb.prototype.toString=function(){var a=\"Binary Expression: \"+this.c;a+=K(this.h);return a+=K(this.o)};function vb(a,b,c,d){this.I=a;this.D=b;this.i=c;this.m=d}vb.prototype.toString=function(){return this.I};var wb={};\nfunction P(a,b,c,d){if(wb.hasOwnProperty(a))throw Error(\"Binary operator already created: \"+a);a=new vb(a,b,c,d);return wb[a.toString()]=a}P(\"div\",6,1,function(a,b,c){return N(a,c)/N(b,c)});P(\"mod\",6,1,function(a,b,c){return N(a,c)%N(b,c)});P(\"*\",6,1,function(a,b,c){return N(a,c)*N(b,c)});P(\"+\",5,1,function(a,b,c){return N(a,c)+N(b,c)});P(\"-\",5,1,function(a,b,c){return N(a,c)-N(b,c)});P(\"<\",4,2,function(a,b,c){return ub(function(d,e){return d<e},a,b,c)});\nP(\">\",4,2,function(a,b,c){return ub(function(d,e){return d>e},a,b,c)});P(\"<=\",4,2,function(a,b,c){return ub(function(d,e){return d<=e},a,b,c)});P(\">=\",4,2,function(a,b,c){return ub(function(d,e){return d>=e},a,b,c)});var tb=P(\"=\",3,2,function(a,b,c){return ub(function(d,e){return d==e},a,b,c,!0)});P(\"!=\",3,2,function(a,b,c){return ub(function(d,e){return d!=e},a,b,c,!0)});P(\"and\",2,2,function(a,b,c){return rb(a,c)&&rb(b,c)});P(\"or\",1,2,function(a,b,c){return rb(a,c)||rb(b,c)});function xb(a,b){if(b.a.length&&4!=a.i)throw Error(\"Primary expression must evaluate to nodeset if filter has predicate(s).\");J.call(this,a.i);this.c=a;this.h=b;this.g=a.g;this.b=a.b}l(xb,J);xb.prototype.a=function(a){a=this.c.a(a);return yb(this.h,a)};xb.prototype.toString=function(){var a=\"Filter:\"+K(this.c);return a+=K(this.h)};function zb(a,b){if(b.length<a.C)throw Error(\"Function \"+a.j+\" expects at least\"+a.C+\" arguments, \"+b.length+\" given\");if(null!==a.B&&b.length>a.B)throw Error(\"Function \"+a.j+\" expects at most \"+a.B+\" arguments, \"+b.length+\" given\");a.H&&n(b,function(c,d){if(4!=c.i)throw Error(\"Argument \"+d+\" to function \"+a.j+\" is not of type Nodeset: \"+c);});J.call(this,a.i);this.v=a;this.c=b;pb(this,a.g||ma(b,function(c){return c.g}));qb(this,a.G&&!b.length||a.F&&!!b.length||ma(b,function(c){return c.b}))}\nl(zb,J);zb.prototype.a=function(a){return this.v.m.apply(null,pa(a,this.c))};zb.prototype.toString=function(){var a=\"Function: \"+this.v;if(this.c.length){var b=la(this.c,function(c,d){return c+K(d)},\"Arguments:\");a+=K(b)}return a};function Ab(a,b,c,d,e,f,g,h){this.j=a;this.i=b;this.g=c;this.G=d;this.F=!1;this.m=e;this.C=f;this.B=void 0!==g?g:f;this.H=!!h}Ab.prototype.toString=function(){return this.j};var Bb={};\nfunction Q(a,b,c,d,e,f,g,h){if(Bb.hasOwnProperty(a))throw Error(\"Function already created: \"+a+\".\");Bb[a]=new Ab(a,b,c,d,e,f,g,h)}Q(\"boolean\",2,!1,!1,function(a,b){return rb(b,a)},1);Q(\"ceiling\",1,!1,!1,function(a,b){return Math.ceil(N(b,a))},1);Q(\"concat\",3,!1,!1,function(a,b){return la(qa(arguments,1),function(c,d){return c+O(d,a)},\"\")},2,null);Q(\"contains\",2,!1,!1,function(a,b,c){b=O(b,a);a=O(c,a);return-1!=b.indexOf(a)},2);Q(\"count\",1,!1,!1,function(a,b){return b.a(a).l},1,1,!0);\nQ(\"false\",2,!1,!1,function(){return!1},0);Q(\"floor\",1,!1,!1,function(a,b){return Math.floor(N(b,a))},1);Q(\"id\",4,!1,!1,function(a,b){function c(h){if(x){var m=e.all[h];if(m){if(m.nodeType&&h==m.id)return m;if(m.length)return oa(m,function(w){return h==w.id})}return null}return e.getElementById(h)}var d=a.a,e=9==d.nodeType?d:d.ownerDocument;a=O(b,a).split(/\\s+/);var f=[];n(a,function(h){h=c(h);!h||0<=ja(f,h)||f.push(h)});f.sort(Xa);var g=new E;n(f,function(h){g.add(h)});return g},1);\nQ(\"lang\",2,!1,!1,function(){return!1},1);Q(\"last\",1,!0,!1,function(a){if(1!=arguments.length)throw Error(\"Function last expects ()\");return a.f},0);Q(\"local-name\",3,!1,!0,function(a,b){return(a=b?mb(b.a(a)):a.a)?a.localName||a.nodeName.toLowerCase():\"\"},0,1,!0);Q(\"name\",3,!1,!0,function(a,b){return(a=b?mb(b.a(a)):a.a)?a.nodeName.toLowerCase():\"\"},0,1,!0);Q(\"namespace-uri\",3,!0,!1,function(){return\"\"},0,1,!0);\nQ(\"normalize-space\",3,!1,!0,function(a,b){return(b?O(b,a):B(a.a)).replace(/[\\s\\xa0]+/g,\" \").replace(/^\\s+|\\s+$/g,\"\")},0,1);Q(\"not\",2,!1,!1,function(a,b){return!rb(b,a)},1);Q(\"number\",1,!1,!0,function(a,b){return b?N(b,a):+B(a.a)},0,1);Q(\"position\",1,!0,!1,function(a){return a.b},0);Q(\"round\",1,!1,!1,function(a,b){return Math.round(N(b,a))},1);Q(\"starts-with\",2,!1,!1,function(a,b,c){b=O(b,a);a=O(c,a);return 0==b.lastIndexOf(a,0)},2);Q(\"string\",3,!1,!0,function(a,b){return b?O(b,a):B(a.a)},0,1);\nQ(\"string-length\",1,!1,!0,function(a,b){return(b?O(b,a):B(a.a)).length},0,1);Q(\"substring\",3,!1,!1,function(a,b,c,d){c=N(c,a);if(isNaN(c)||Infinity==c||-Infinity==c)return\"\";d=d?N(d,a):Infinity;if(isNaN(d)||-Infinity===d)return\"\";c=Math.round(c)-1;var e=Math.max(c,0);a=O(b,a);return Infinity==d?a.substring(e):a.substring(e,c+Math.round(d))},2,3);Q(\"substring-after\",3,!1,!1,function(a,b,c){b=O(b,a);a=O(c,a);c=b.indexOf(a);return-1==c?\"\":b.substring(c+a.length)},2);\nQ(\"substring-before\",3,!1,!1,function(a,b,c){b=O(b,a);a=O(c,a);a=b.indexOf(a);return-1==a?\"\":b.substring(0,a)},2);Q(\"sum\",1,!1,!1,function(a,b){a=H(b.a(a));b=0;for(var c=I(a);c;c=I(a))b+=+B(c);return b},1,1,!0);Q(\"translate\",3,!1,!1,function(a,b,c,d){b=O(b,a);c=O(c,a);var e=O(d,a);a={};for(d=0;d<c.length;d++){var f=c.charAt(d);f in a||(a[f]=e.charAt(d))}c=\"\";for(d=0;d<b.length;d++)f=b.charAt(d),c+=f in a?a[f]:f;return c},3);Q(\"true\",2,!1,!1,function(){return!0},0);function G(a,b){this.h=a;this.c=void 0!==b?b:null;this.b=null;switch(a){case \"comment\":this.b=8;break;case \"text\":this.b=3;break;case \"processing-instruction\":this.b=7;break;case \"node\":break;default:throw Error(\"Unexpected argument\");}}function Cb(a){return\"comment\"==a||\"text\"==a||\"processing-instruction\"==a||\"node\"==a}G.prototype.a=function(a){return null===this.b||this.b==a.nodeType};G.prototype.f=function(){return this.h};\nG.prototype.toString=function(){var a=\"Kind Test: \"+this.h;null===this.c||(a+=K(this.c));return a};function Db(a){J.call(this,3);this.c=a.substring(1,a.length-1)}l(Db,J);Db.prototype.a=function(){return this.c};Db.prototype.toString=function(){return\"Literal: \"+this.c};function F(a,b){this.j=a.toLowerCase();a=\"*\"==this.j?\"*\":\"http://www.w3.org/1999/xhtml\";this.c=b?b.toLowerCase():a}F.prototype.a=function(a){var b=a.nodeType;if(1!=b&&2!=b)return!1;b=void 0!==a.localName?a.localName:a.nodeName;return\"*\"!=this.j&&this.j!=b.toLowerCase()?!1:\"*\"==this.c?!0:this.c==(a.namespaceURI?a.namespaceURI.toLowerCase():\"http://www.w3.org/1999/xhtml\")};F.prototype.f=function(){return this.j};\nF.prototype.toString=function(){return\"Name Test: \"+(\"http://www.w3.org/1999/xhtml\"==this.c?\"\":this.c+\":\")+this.j};function Eb(a){J.call(this,1);this.c=a}l(Eb,J);Eb.prototype.a=function(){return this.c};Eb.prototype.toString=function(){return\"Number: \"+this.c};function Fb(a,b){J.call(this,a.i);this.h=a;this.c=b;this.g=a.g;this.b=a.b;1==this.c.length&&(a=this.c[0],a.A||a.c!=Gb||(a=a.o,\"*\"!=a.f()&&(this.f={name:a.f(),u:null})))}l(Fb,J);function Hb(){J.call(this,4)}l(Hb,J);Hb.prototype.a=function(a){var b=new E;a=a.a;9==a.nodeType?b.add(a):b.add(a.ownerDocument);return b};Hb.prototype.toString=function(){return\"Root Helper Expression\"};function Ib(){J.call(this,4)}l(Ib,J);Ib.prototype.a=function(a){var b=new E;b.add(a.a);return b};Ib.prototype.toString=function(){return\"Context Helper Expression\"};\nfunction Jb(a){return\"/\"==a||\"//\"==a}Fb.prototype.a=function(a){var b=this.h.a(a);if(!(b instanceof E))throw Error(\"Filter expression must evaluate to nodeset.\");a=this.c;for(var c=0,d=a.length;c<d&&b.l;c++){var e=a[c],f=H(b,e.c.s);if(e.g||e.c!=Kb)if(e.g||e.c!=Lb){var g=I(f);for(b=e.a(new ia(g));null!=(g=I(f));)g=e.a(new ia(g)),b=kb(b,g)}else g=I(f),b=e.a(new ia(g));else{for(g=I(f);(b=I(f))&&(!g.contains||g.contains(b))&&b.compareDocumentPosition(g)&8;g=b);b=e.a(new ia(g))}}return b};\nFb.prototype.toString=function(){var a=\"Path Expression:\"+K(this.h);if(this.c.length){var b=la(this.c,function(c,d){return c+K(d)},\"Steps:\");a+=K(b)}return a};function Mb(a,b){this.a=a;this.s=!!b}\nfunction yb(a,b,c){for(c=c||0;c<a.a.length;c++)for(var d=a.a[c],e=H(b),f=b.l,g,h=0;g=I(e);h++){var m=a.s?f-h:h+1;g=d.a(new ia(g,m,f));if(\"number\"==typeof g)m=m==g;else if(\"string\"==typeof g||\"boolean\"==typeof g)m=!!g;else if(g instanceof E)m=0<g.l;else throw Error(\"Predicate.evaluate returned an unexpected type.\");if(!m){m=e;g=m.f;var w=m.a;if(!w)throw Error(\"Next must be called at least once before remove.\");var r=w.b;w=w.a;r?r.a=w:g.a=w;w?w.b=r:g.b=r;g.l--;m.a=null}}return b}\nMb.prototype.toString=function(){return la(this.a,function(a,b){return a+K(b)},\"Predicates:\")};function R(a,b,c,d){J.call(this,4);this.c=a;this.o=b;this.h=c||new Mb([]);this.A=!!d;b=this.h;b=0<b.a.length?b.a[0].f:null;a.J&&b&&(a=b.name,a=x?a.toLowerCase():a,this.f={name:a,u:b.u});a:{a=this.h;for(b=0;b<a.a.length;b++)if(c=a.a[b],c.g||1==c.i||0==c.i){a=!0;break a}a=!1}this.g=a}l(R,J);\nR.prototype.a=function(a){var b=a.a,c=this.f,d=null,e=null,f=0;c&&(d=c.name,e=c.u?O(c.u,a):null,f=1);if(this.A)if(this.g||this.c!=Nb)if(b=H((new R(Ob,new G(\"node\"))).a(a)),c=I(b))for(a=this.m(c,d,e,f);null!=(c=I(b));)a=kb(a,this.m(c,d,e,f));else a=new E;else a=bb(this.o,b,d,e),a=yb(this.h,a,f);else a=this.m(a.a,d,e,f);return a};R.prototype.m=function(a,b,c,d){a=this.c.v(this.o,a,b,c);return a=yb(this.h,a,d)};\nR.prototype.toString=function(){var a=\"Step:\"+K(\"Operator: \"+(this.A?\"//\":\"/\"));this.c.j&&(a+=K(\"Axis: \"+this.c));a+=K(this.o);if(this.h.a.length){var b=la(this.h.a,function(c,d){return c+K(d)},\"Predicates:\");a+=K(b)}return a};function Pb(a,b,c,d){this.j=a;this.v=b;this.s=c;this.J=d}Pb.prototype.toString=function(){return this.j};var Qb={};function S(a,b,c,d){if(Qb.hasOwnProperty(a))throw Error(\"Axis already created: \"+a);b=new Pb(a,b,c,!!d);return Qb[a]=b}\nS(\"ancestor\",function(a,b){for(var c=new E;b=b.parentNode;)a.a(b)&&lb(c,b);return c},!0);S(\"ancestor-or-self\",function(a,b){var c=new E;do a.a(b)&&lb(c,b);while(b=b.parentNode);return c},!0);\nvar Gb=S(\"attribute\",function(a,b){var c=new E,d=a.f();if(\"style\"==d&&x&&b.style)return c.add(new Na(b.style,b,\"style\",b.style.cssText)),c;var e=b.attributes;if(e)if(a instanceof G&&null===a.b||\"*\"==d)for(a=0;d=e[a];a++)x?d.nodeValue&&c.add(Oa(b,d)):c.add(d);else(d=e.getNamedItem(d))&&(x?d.nodeValue&&c.add(Oa(b,d)):c.add(d));return c},!1),Nb=S(\"child\",function(a,b,c,d,e){return(x?hb:ib).call(null,a,b,aa(c)?c:null,aa(d)?d:null,e||new E)},!1,!0);S(\"descendant\",bb,!1,!0);\nvar Ob=S(\"descendant-or-self\",function(a,b,c,d){var e=new E;C(b,c,d)&&a.a(b)&&e.add(b);return bb(a,b,c,d,e)},!1,!0),Kb=S(\"following\",function(a,b,c,d){var e=new E;do for(var f=b;f=f.nextSibling;)C(f,c,d)&&a.a(f)&&e.add(f),e=bb(a,f,c,d,e);while(b=b.parentNode);return e},!1,!0);S(\"following-sibling\",function(a,b){for(var c=new E;b=b.nextSibling;)a.a(b)&&c.add(b);return c},!1);S(\"namespace\",function(){return new E},!1);\nvar Rb=S(\"parent\",function(a,b){var c=new E;if(9==b.nodeType)return c;if(2==b.nodeType)return c.add(b.ownerElement),c;b=b.parentNode;a.a(b)&&c.add(b);return c},!1),Lb=S(\"preceding\",function(a,b,c,d){var e=new E,f=[];do f.unshift(b);while(b=b.parentNode);for(var g=1,h=f.length;g<h;g++){var m=[];for(b=f[g];b=b.previousSibling;)m.unshift(b);for(var w=0,r=m.length;w<r;w++)b=m[w],C(b,c,d)&&a.a(b)&&e.add(b),e=bb(a,b,c,d,e)}return e},!0,!0);\nS(\"preceding-sibling\",function(a,b){for(var c=new E;b=b.previousSibling;)a.a(b)&&lb(c,b);return c},!0);var Sb=S(\"self\",function(a,b){var c=new E;a.a(b)&&c.add(b);return c},!1);function Tb(a){J.call(this,1);this.c=a;this.g=a.g;this.b=a.b}l(Tb,J);Tb.prototype.a=function(a){return-N(this.c,a)};Tb.prototype.toString=function(){return\"Unary Expression: -\"+K(this.c)};function Ub(a){J.call(this,4);this.c=a;pb(this,ma(this.c,function(b){return b.g}));qb(this,ma(this.c,function(b){return b.b}))}l(Ub,J);Ub.prototype.a=function(a){var b=new E;n(this.c,function(c){c=c.a(a);if(!(c instanceof E))throw Error(\"Path expression must evaluate to NodeSet.\");b=kb(b,c)});return b};Ub.prototype.toString=function(){return la(this.c,function(a,b){return a+K(b)},\"Union Expression:\")};function Vb(a,b){this.a=a;this.b=b}function Yb(a){for(var b,c=[];;){T(a,\"Missing right hand side of binary expression.\");b=Zb(a);var d=z(a.a);if(!d)break;var e=(d=wb[d]||null)&&d.D;if(!e){a.a.a--;break}for(;c.length&&e<=c[c.length-1].D;)b=new sb(c.pop(),c.pop(),b);c.push(b,d)}for(;c.length;)b=new sb(c.pop(),c.pop(),b);return b}function T(a,b){if(Ta(a.a))throw Error(b);}function $b(a,b){a=z(a.a);if(a!=b)throw Error(\"Bad token, expected: \"+b+\" got: \"+a);}\nfunction ac(a){a=z(a.a);if(\")\"!=a)throw Error(\"Bad token: \"+a);}function bc(a){a=z(a.a);if(2>a.length)throw Error(\"Unclosed literal string\");return new Db(a)}\nfunction cc(a){var b=[];if(Jb(y(a.a))){var c=z(a.a);var d=y(a.a);if(\"/\"==c&&(Ta(a.a)||\".\"!=d&&\"..\"!=d&&\"@\"!=d&&\"*\"!=d&&!/(?![0-9])[\\w]/.test(d)))return new Hb;d=new Hb;T(a,\"Missing next location step.\");c=dc(a,c);b.push(c)}else{a:{c=y(a.a);d=c.charAt(0);switch(d){case \"$\":throw Error(\"Variable reference not allowed in HTML XPath\");case \"(\":z(a.a);c=Yb(a);T(a,'unclosed \"(\"');$b(a,\")\");break;case '\"':case \"'\":c=bc(a);break;default:if(isNaN(+c))if(!Cb(c)&&/(?![0-9])[\\w]/.test(d)&&\"(\"==y(a.a,1)){c=z(a.a);\nc=Bb[c]||null;z(a.a);for(d=[];\")\"!=y(a.a);){T(a,\"Missing function argument list.\");d.push(Yb(a));if(\",\"!=y(a.a))break;z(a.a)}T(a,\"Unclosed function argument list.\");ac(a);c=new zb(c,d)}else{c=null;break a}else c=new Eb(+z(a.a))}\"[\"==y(a.a)&&(d=new Mb(ec(a)),c=new xb(c,d))}if(c)if(Jb(y(a.a)))d=c;else return c;else c=dc(a,\"/\"),d=new Ib,b.push(c)}for(;Jb(y(a.a));)c=z(a.a),T(a,\"Missing next location step.\"),c=dc(a,c),b.push(c);return new Fb(d,b)}\nfunction dc(a,b){if(\"/\"!=b&&\"//\"!=b)throw Error('Step op should be \"/\" or \"//\"');if(\".\"==y(a.a)){var c=new R(Sb,new G(\"node\"));z(a.a);return c}if(\"..\"==y(a.a))return c=new R(Rb,new G(\"node\")),z(a.a),c;if(\"@\"==y(a.a)){var d=Gb;z(a.a);T(a,\"Missing attribute name\")}else if(\"::\"==y(a.a,1)){if(!/(?![0-9])[\\w]/.test(y(a.a).charAt(0)))throw Error(\"Bad token: \"+z(a.a));var e=z(a.a);d=Qb[e]||null;if(!d)throw Error(\"No axis with name: \"+e);z(a.a);T(a,\"Missing node name\")}else d=Nb;e=y(a.a);if(/(?![0-9])[\\w\\*]/.test(e.charAt(0)))if(\"(\"==\ny(a.a,1)){if(!Cb(e))throw Error(\"Invalid node type: \"+e);e=z(a.a);if(!Cb(e))throw Error(\"Invalid type name: \"+e);$b(a,\"(\");T(a,\"Bad nodetype\");var f=y(a.a).charAt(0),g=null;if('\"'==f||\"'\"==f)g=bc(a);T(a,\"Bad nodetype\");ac(a);e=new G(e,g)}else if(e=z(a.a),f=e.indexOf(\":\"),-1==f)e=new F(e);else{g=e.substring(0,f);if(\"*\"==g)var h=\"*\";else if(h=a.b(g),!h)throw Error(\"Namespace prefix not declared: \"+g);e=e.substr(f+1);e=new F(e,h)}else throw Error(\"Bad token: \"+z(a.a));a=new Mb(ec(a),d.s);return c||new R(d,\ne,a,\"//\"==b)}function ec(a){for(var b=[];\"[\"==y(a.a);){z(a.a);T(a,\"Missing predicate expression.\");var c=Yb(a);b.push(c);T(a,\"Unclosed predicate expression.\");$b(a,\"]\")}return b}function Zb(a){if(\"-\"==y(a.a))return z(a.a),new Tb(Zb(a));var b=cc(a);if(\"|\"!=y(a.a))a=b;else{for(b=[b];\"|\"==z(a.a);)T(a,\"Missing next union location path.\"),b.push(cc(a));a.a.a--;a=new Ub(b)}return a};function fc(a){switch(a.nodeType){case 1:return ha(gc,a);case 9:return fc(a.documentElement);case 11:case 10:case 6:case 12:return hc;default:return a.parentNode?fc(a.parentNode):hc}}function hc(){return null}function gc(a,b){if(a.prefix==b)return a.namespaceURI||\"http://www.w3.org/1999/xhtml\";var c=a.getAttributeNode(\"xmlns:\"+b);return c&&c.specified?c.value||null:a.parentNode&&9!=a.parentNode.nodeType?gc(a.parentNode,b):null};function ic(a,b){if(!a.length)throw Error(\"Empty XPath expression.\");a=Qa(a);if(Ta(a))throw Error(\"Invalid XPath expression.\");b?\"function\"==ca(b)||(b=fa(b.lookupNamespaceURI,b)):b=function(){return null};var c=Yb(new Vb(a,b));if(!Ta(a))throw Error(\"Bad token: \"+z(a));this.evaluate=function(d,e){d=c.a(new ia(d));return new U(d,e)}}\nfunction U(a,b){if(0==b)if(a instanceof E)b=4;else if(\"string\"==typeof a)b=2;else if(\"number\"==typeof a)b=1;else if(\"boolean\"==typeof a)b=3;else throw Error(\"Unexpected evaluation result.\");if(2!=b&&1!=b&&3!=b&&!(a instanceof E))throw Error(\"value could not be converted to the specified type\");this.resultType=b;switch(b){case 2:this.stringValue=a instanceof E?nb(a):\"\"+a;break;case 1:this.numberValue=a instanceof E?+nb(a):+a;break;case 3:this.booleanValue=a instanceof E?0<a.l:!!a;break;case 4:case 5:case 6:case 7:var c=\nH(a);var d=[];for(var e=I(c);e;e=I(c))d.push(e instanceof Na?e.a:e);this.snapshotLength=a.l;this.invalidIteratorState=!1;break;case 8:case 9:a=mb(a);this.singleNodeValue=a instanceof Na?a.a:a;break;default:throw Error(\"Unknown XPathResult type.\");}var f=0;this.iterateNext=function(){if(4!=b&&5!=b)throw Error(\"iterateNext called with wrong result type\");return f>=d.length?null:d[f++]};this.snapshotItem=function(g){if(6!=b&&7!=b)throw Error(\"snapshotItem called with wrong result type\");return g>=d.length||\n0>g?null:d[g]}}U.ANY_TYPE=0;U.NUMBER_TYPE=1;U.STRING_TYPE=2;U.BOOLEAN_TYPE=3;U.UNORDERED_NODE_ITERATOR_TYPE=4;U.ORDERED_NODE_ITERATOR_TYPE=5;U.UNORDERED_NODE_SNAPSHOT_TYPE=6;U.ORDERED_NODE_SNAPSHOT_TYPE=7;U.ANY_UNORDERED_NODE_TYPE=8;U.FIRST_ORDERED_NODE_TYPE=9;function jc(a){this.lookupNamespaceURI=fc(a)}\nfunction kc(a,b){a=a||k;var c=a.Document&&a.Document.prototype||a.document;if(!c.evaluate||b)a.XPathResult=U,c.evaluate=function(d,e,f,g){return(new ic(d,f)).evaluate(e,g)},c.createExpression=function(d,e){return new ic(d,e)},c.createNSResolver=function(d){return new jc(d)}}ba(\"wgxpath.install\",kc);ba(\"wgxpath.install\",kc);var lc={aliceblue:\"#f0f8ff\",antiquewhite:\"#faebd7\",aqua:\"#00ffff\",aquamarine:\"#7fffd4\",azure:\"#f0ffff\",beige:\"#f5f5dc\",bisque:\"#ffe4c4\",black:\"#000000\",blanchedalmond:\"#ffebcd\",blue:\"#0000ff\",blueviolet:\"#8a2be2\",brown:\"#a52a2a\",burlywood:\"#deb887\",cadetblue:\"#5f9ea0\",chartreuse:\"#7fff00\",chocolate:\"#d2691e\",coral:\"#ff7f50\",cornflowerblue:\"#6495ed\",cornsilk:\"#fff8dc\",crimson:\"#dc143c\",cyan:\"#00ffff\",darkblue:\"#00008b\",darkcyan:\"#008b8b\",darkgoldenrod:\"#b8860b\",darkgray:\"#a9a9a9\",darkgreen:\"#006400\",\ndarkgrey:\"#a9a9a9\",darkkhaki:\"#bdb76b\",darkmagenta:\"#8b008b\",darkolivegreen:\"#556b2f\",darkorange:\"#ff8c00\",darkorchid:\"#9932cc\",darkred:\"#8b0000\",darksalmon:\"#e9967a\",darkseagreen:\"#8fbc8f\",darkslateblue:\"#483d8b\",darkslategray:\"#2f4f4f\",darkslategrey:\"#2f4f4f\",darkturquoise:\"#00ced1\",darkviolet:\"#9400d3\",deeppink:\"#ff1493\",deepskyblue:\"#00bfff\",dimgray:\"#696969\",dimgrey:\"#696969\",dodgerblue:\"#1e90ff\",firebrick:\"#b22222\",floralwhite:\"#fffaf0\",forestgreen:\"#228b22\",fuchsia:\"#ff00ff\",gainsboro:\"#dcdcdc\",\nghostwhite:\"#f8f8ff\",gold:\"#ffd700\",goldenrod:\"#daa520\",gray:\"#808080\",green:\"#008000\",greenyellow:\"#adff2f\",grey:\"#808080\",honeydew:\"#f0fff0\",hotpink:\"#ff69b4\",indianred:\"#cd5c5c\",indigo:\"#4b0082\",ivory:\"#fffff0\",khaki:\"#f0e68c\",lavender:\"#e6e6fa\",lavenderblush:\"#fff0f5\",lawngreen:\"#7cfc00\",lemonchiffon:\"#fffacd\",lightblue:\"#add8e6\",lightcoral:\"#f08080\",lightcyan:\"#e0ffff\",lightgoldenrodyellow:\"#fafad2\",lightgray:\"#d3d3d3\",lightgreen:\"#90ee90\",lightgrey:\"#d3d3d3\",lightpink:\"#ffb6c1\",lightsalmon:\"#ffa07a\",\nlightseagreen:\"#20b2aa\",lightskyblue:\"#87cefa\",lightslategray:\"#778899\",lightslategrey:\"#778899\",lightsteelblue:\"#b0c4de\",lightyellow:\"#ffffe0\",lime:\"#00ff00\",limegreen:\"#32cd32\",linen:\"#faf0e6\",magenta:\"#ff00ff\",maroon:\"#800000\",mediumaquamarine:\"#66cdaa\",mediumblue:\"#0000cd\",mediumorchid:\"#ba55d3\",mediumpurple:\"#9370db\",mediumseagreen:\"#3cb371\",mediumslateblue:\"#7b68ee\",mediumspringgreen:\"#00fa9a\",mediumturquoise:\"#48d1cc\",mediumvioletred:\"#c71585\",midnightblue:\"#191970\",mintcream:\"#f5fffa\",mistyrose:\"#ffe4e1\",\nmoccasin:\"#ffe4b5\",navajowhite:\"#ffdead\",navy:\"#000080\",oldlace:\"#fdf5e6\",olive:\"#808000\",olivedrab:\"#6b8e23\",orange:\"#ffa500\",orangered:\"#ff4500\",orchid:\"#da70d6\",palegoldenrod:\"#eee8aa\",palegreen:\"#98fb98\",paleturquoise:\"#afeeee\",palevioletred:\"#db7093\",papayawhip:\"#ffefd5\",peachpuff:\"#ffdab9\",peru:\"#cd853f\",pink:\"#ffc0cb\",plum:\"#dda0dd\",powderblue:\"#b0e0e6\",purple:\"#800080\",red:\"#ff0000\",rosybrown:\"#bc8f8f\",royalblue:\"#4169e1\",saddlebrown:\"#8b4513\",salmon:\"#fa8072\",sandybrown:\"#f4a460\",seagreen:\"#2e8b57\",\nseashell:\"#fff5ee\",sienna:\"#a0522d\",silver:\"#c0c0c0\",skyblue:\"#87ceeb\",slateblue:\"#6a5acd\",slategray:\"#708090\",slategrey:\"#708090\",snow:\"#fffafa\",springgreen:\"#00ff7f\",steelblue:\"#4682b4\",tan:\"#d2b48c\",teal:\"#008080\",thistle:\"#d8bfd8\",tomato:\"#ff6347\",turquoise:\"#40e0d0\",violet:\"#ee82ee\",wheat:\"#f5deb3\",white:\"#ffffff\",whitesmoke:\"#f5f5f5\",yellow:\"#ffff00\",yellowgreen:\"#9acd32\"};var mc=\"backgroundColor borderTopColor borderRightColor borderBottomColor borderLeftColor color outlineColor\".split(\" \"),nc=/#([0-9a-fA-F])([0-9a-fA-F])([0-9a-fA-F])/,oc=/^#(?:[0-9a-f]{3}){1,2}$/i,pc=/^(?:rgba)?\\((\\d{1,3}),\\s?(\\d{1,3}),\\s?(\\d{1,3}),\\s?(0|1|0\\.\\d*)\\)$/i,qc=/^(?:rgb)?\\((0|[1-9]\\d{0,2}),\\s?(0|[1-9]\\d{0,2}),\\s?(0|[1-9]\\d{0,2})\\)$/i;function rc(a,b){this.code=a;this.a=V[a]||sc;this.message=b||\"\";a=this.a.replace(/((?:^|\\s+)[a-z])/g,function(c){return c.toUpperCase().replace(/^[\\s\\xa0]+/g,\"\")});b=a.length-5;if(0>b||a.indexOf(\"Error\",b)!=b)a+=\"Error\";this.name=a;a=Error(this.message);a.name=this.name;this.stack=a.stack||\"\"}l(rc,Error);var sc=\"unknown error\",V={15:\"element not selectable\",11:\"element not visible\"};V[31]=sc;V[30]=sc;V[24]=\"invalid cookie domain\";V[29]=\"invalid element coordinates\";V[12]=\"invalid element state\";\nV[32]=\"invalid selector\";V[51]=\"invalid selector\";V[52]=\"invalid selector\";V[17]=\"javascript error\";V[405]=\"unsupported operation\";V[34]=\"move target out of bounds\";V[27]=\"no such alert\";V[7]=\"no such element\";V[8]=\"no such frame\";V[23]=\"no such window\";V[28]=\"script timeout\";V[33]=\"session not created\";V[10]=\"stale element reference\";V[21]=\"timeout\";V[25]=\"unable to set cookie\";V[26]=\"unexpected alert open\";V[13]=sc;V[9]=\"unknown command\";var tc=va(),uc=ya()||u(\"iPod\"),vc=u(\"iPad\"),wc=u(\"Android\")&&!(wa()||va()||u(\"Opera\")||u(\"Silk\")),xc=wa(),yc=u(\"Safari\")&&!(wa()||u(\"Coast\")||u(\"Opera\")||u(\"Edge\")||u(\"Edg/\")||u(\"OPR\")||va()||u(\"Silk\")||u(\"Android\"))&&!(ya()||u(\"iPad\")||u(\"iPod\"));function zc(a){return(a=a.exec(t))?a[1]:\"\"}(function(){if(tc)return zc(/Firefox\\/([0-9.]+)/);if(v||Ca||Ba)return Ga;if(xc)return ya()||u(\"iPad\")||u(\"iPod\")?zc(/CriOS\\/([0-9.]+)/):zc(/Chrome\\/([0-9.]+)/);if(yc&&!(ya()||u(\"iPad\")||u(\"iPod\")))return zc(/Version\\/([0-9.]+)/);if(uc||vc){var a=/Version\\/(\\S+).*Mobile\\/(\\S+)/.exec(t);if(a)return a[1]+\".\"+a[2]}else if(wc)return(a=zc(/Android\\s+([0-9.]+)/))?a:zc(/Version\\/([0-9.]+)/);return\"\"})();var Ac=v&&!(9<=Number(La));function W(a,b){b&&\"string\"!==typeof b&&(b=b.toString());return!!a&&1==a.nodeType&&(!b||a.tagName.toUpperCase()==b)};var Bc=function(){var a={K:\"http://www.w3.org/2000/svg\"};return function(b){return a[b]||null}}();\nfunction Cc(a,b){var c=A(a);if(!c.documentElement)return null;(v||wc)&&kc(c?c.parentWindow||c.defaultView:window);try{var d=c.createNSResolver?c.createNSResolver(c.documentElement):Bc;if(v&&!Ka(7))return c.evaluate.call(c,b,a,d,9,null);if(!v||9<=Number(La)){for(var e={},f=c.getElementsByTagName(\"*\"),g=0;g<f.length;++g){var h=f[g],m=h.namespaceURI;if(m&&!e[m]){var w=h.lookupPrefix(m);if(!w){var r=m.match(\".*/(\\\\w+)/?$\");w=r?r[1]:\"xhtml\"}e[m]=w}}var D={},L;for(L in e)D[e[L]]=L;d=function(M){return D[M]||\nnull}}try{return c.evaluate(b,a,d,9,null)}catch(M){if(\"TypeError\"===M.name)return d=c.createNSResolver?c.createNSResolver(c.documentElement):Bc,c.evaluate(b,a,d,9,null);throw M;}}catch(M){if(!Da||\"NS_ERROR_ILLEGAL_VALUE\"!=M.name)throw new rc(32,\"Unable to locate an element with the xpath expression \"+b+\" because of the following error:\\n\"+M);}}\nfunction Dc(a,b){var c=function(){var d=Cc(b,a);return d?d.singleNodeValue||null:b.selectSingleNode?(d=A(b),d.setProperty&&d.setProperty(\"SelectionLanguage\",\"XPath\"),b.selectSingleNode(a)):null}();if(null!==c&&(!c||1!=c.nodeType))throw new rc(32,'The result of the xpath expression \"'+a+'\" is: '+c+\". It should be an element.\");return c};function Ec(a,b,c,d){this.c=a;this.a=b;this.b=c;this.f=d}Ec.prototype.ceil=function(){this.c=Math.ceil(this.c);this.a=Math.ceil(this.a);this.b=Math.ceil(this.b);this.f=Math.ceil(this.f);return this};Ec.prototype.floor=function(){this.c=Math.floor(this.c);this.a=Math.floor(this.a);this.b=Math.floor(this.b);this.f=Math.floor(this.f);return this};Ec.prototype.round=function(){this.c=Math.round(this.c);this.a=Math.round(this.a);this.b=Math.round(this.b);this.f=Math.round(this.f);return this};function X(a,b,c,d){this.a=a;this.b=b;this.width=c;this.height=d}X.prototype.ceil=function(){this.a=Math.ceil(this.a);this.b=Math.ceil(this.b);this.width=Math.ceil(this.width);this.height=Math.ceil(this.height);return this};X.prototype.floor=function(){this.a=Math.floor(this.a);this.b=Math.floor(this.b);this.width=Math.floor(this.width);this.height=Math.floor(this.height);return this};\nX.prototype.round=function(){this.a=Math.round(this.a);this.b=Math.round(this.b);this.width=Math.round(this.width);this.height=Math.round(this.height);return this};var Fc=\"function\"===typeof ShadowRoot;function Gc(a){for(a=a.parentNode;a&&1!=a.nodeType&&9!=a.nodeType&&11!=a.nodeType;)a=a.parentNode;return W(a)?a:null}\nfunction Y(a,b){b=xa(b);if(\"float\"==b||\"cssFloat\"==b||\"styleFloat\"==b)b=Ac?\"styleFloat\":\"cssFloat\";a:{var c=b;var d=A(a);if(d.defaultView&&d.defaultView.getComputedStyle&&(d=d.defaultView.getComputedStyle(a,null))){c=d[c]||d.getPropertyValue(c)||\"\";break a}c=\"\"}a=c||Hc(a,b);if(null===a)a=null;else if(0<=ja(mc,b)){b:{var e=a.match(pc);if(e&&(b=Number(e[1]),c=Number(e[2]),d=Number(e[3]),e=Number(e[4]),0<=b&&255>=b&&0<=c&&255>=c&&0<=d&&255>=d&&0<=e&&1>=e)){b=[b,c,d,e];break b}b=null}if(!b)b:{if(d=a.match(qc))if(b=\nNumber(d[1]),c=Number(d[2]),d=Number(d[3]),0<=b&&255>=b&&0<=c&&255>=c&&0<=d&&255>=d){b=[b,c,d,1];break b}b=null}if(!b)b:{b=a.toLowerCase();c=lc[b.toLowerCase()];if(!c&&(c=\"#\"==b.charAt(0)?b:\"#\"+b,4==c.length&&(c=c.replace(nc,\"#$1$1$2$2$3$3\")),!oc.test(c))){b=null;break b}b=[parseInt(c.substr(1,2),16),parseInt(c.substr(3,2),16),parseInt(c.substr(5,2),16),1]}a=b?\"rgba(\"+b.join(\", \")+\")\":a}return a}\nfunction Hc(a,b){var c=a.currentStyle||a.style,d=c[b];void 0===d&&\"function\"==ca(c.getPropertyValue)&&(d=c.getPropertyValue(b));return\"inherit\"!=d?void 0!==d?d:null:(a=Gc(a))?Hc(a,b):null}\nfunction Ic(a,b,c){function d(g){var h=Jc(g);return 0<h.height&&0<h.width?!0:W(g,\"PATH\")&&(0<h.height||0<h.width)?(g=Y(g,\"stroke-width\"),!!g&&0<parseInt(g,10)):\"hidden\"!=Y(g,\"overflow\")&&ma(g.childNodes,function(m){return 3==m.nodeType||W(m)&&d(m)})}function e(g){return Kc(g)==Z&&na(g.childNodes,function(h){return!W(h)||e(h)||!d(h)})}if(!W(a))throw Error(\"Argument to isShown must be of type Element\");if(W(a,\"BODY\"))return!0;if(W(a,\"OPTION\")||W(a,\"OPTGROUP\"))return a=$a(a,function(g){return W(g,\"SELECT\")}),\n!!a&&Ic(a,!0,c);var f=Lc(a);if(f)return!!f.image&&0<f.rect.width&&0<f.rect.height&&Ic(f.image,b,c);if(W(a,\"INPUT\")&&\"hidden\"==a.type.toLowerCase()||W(a,\"NOSCRIPT\"))return!1;f=Y(a,\"visibility\");return\"collapse\"!=f&&\"hidden\"!=f&&c(a)&&(b||0!=Mc(a))&&d(a)?!e(a):!1}var Z=\"hidden\";\nfunction Kc(a){function b(p){function q(fb){if(fb==g)return!0;var Wb=Y(fb,\"display\");return 0==Wb.lastIndexOf(\"inline\",0)||\"contents\"==Wb||\"absolute\"==Xb&&\"static\"==Y(fb,\"position\")?!1:!0}var Xb=Y(p,\"position\");if(\"fixed\"==Xb)return w=!0,p==g?null:g;for(p=Gc(p);p&&!q(p);)p=Gc(p);return p}function c(p){var q=p;if(\"visible\"==m)if(p==g&&h)q=h;else if(p==h)return{x:\"visible\",y:\"visible\"};q={x:Y(q,\"overflow-x\"),y:Y(q,\"overflow-y\")};p==g&&(q.x=\"visible\"==q.x?\"auto\":q.x,q.y=\"visible\"==q.y?\"auto\":q.y);return q}\nfunction d(p){if(p==g){var q=(new ab(f)).a;p=q.scrollingElement?q.scrollingElement:Ea||\"CSS1Compat\"!=q.compatMode?q.body||q.documentElement:q.documentElement;q=q.parentWindow||q.defaultView;p=v&&Ka(\"10\")&&q.pageYOffset!=p.scrollTop?new Ua(p.scrollLeft,p.scrollTop):new Ua(q.pageXOffset||p.scrollLeft,q.pageYOffset||p.scrollTop)}else p=new Ua(p.scrollLeft,p.scrollTop);return p}var e=Nc(a),f=A(a),g=f.documentElement,h=f.body,m=Y(g,\"overflow\"),w;for(a=b(a);a;a=b(a)){var r=c(a);if(\"visible\"!=r.x||\"visible\"!=\nr.y){var D=Jc(a);if(0==D.width||0==D.height)return Z;var L=e.a<D.a,M=e.b<D.b;if(L&&\"hidden\"==r.x||M&&\"hidden\"==r.y)return Z;if(L&&\"visible\"!=r.x||M&&\"visible\"!=r.y){L=d(a);M=e.b<D.b-L.y;if(e.a<D.a-L.x&&\"visible\"!=r.x||M&&\"visible\"!=r.x)return Z;e=Kc(a);return e==Z?Z:\"scroll\"}L=e.f>=D.a+D.width;D=e.c>=D.b+D.height;if(L&&\"hidden\"==r.x||D&&\"hidden\"==r.y)return Z;if(L&&\"visible\"!=r.x||D&&\"visible\"!=r.y){if(w&&(r=d(a),e.f>=g.scrollWidth-r.x||e.a>=g.scrollHeight-r.y))return Z;e=Kc(a);return e==Z?Z:\"scroll\"}}}return\"none\"}\nfunction Jc(a){var b=Lc(a);if(b)return b.rect;if(W(a,\"HTML\"))return a=A(a),a=((a?a.parentWindow||a.defaultView:window)||window).document,a=\"CSS1Compat\"==a.compatMode?a.documentElement:a.body,a=new Va(a.clientWidth,a.clientHeight),new X(0,0,a.width,a.height);try{var c=a.getBoundingClientRect()}catch(d){return new X(0,0,0,0)}b=new X(c.left,c.top,c.right-c.left,c.bottom-c.top);v&&a.ownerDocument.body&&(a=A(a),b.a-=a.documentElement.clientLeft+a.body.clientLeft,b.b-=a.documentElement.clientTop+a.body.clientTop);\nreturn b}function Lc(a){var b=W(a,\"MAP\");if(!b&&!W(a,\"AREA\"))return null;var c=b?a:W(a.parentNode,\"MAP\")?a.parentNode:null,d=null,e=null;c&&c.name&&(d=Dc('/descendant::*[@usemap = \"#'+c.name+'\"]',A(c)))&&(e=Jc(d),b||\"default\"==a.shape.toLowerCase()||(a=Oc(a),b=Math.min(Math.max(a.a,0),e.width),c=Math.min(Math.max(a.b,0),e.height),e=new X(b+e.a,c+e.b,Math.min(a.width,e.width-b),Math.min(a.height,e.height-c))));return{image:d,rect:e||new X(0,0,0,0)}}\nfunction Oc(a){var b=a.shape.toLowerCase();a=a.coords.split(\",\");if(\"rect\"==b&&4==a.length){b=a[0];var c=a[1];return new X(b,c,a[2]-b,a[3]-c)}if(\"circle\"==b&&3==a.length)return b=a[2],new X(a[0]-b,a[1]-b,2*b,2*b);if(\"poly\"==b&&2<a.length){b=a[0];c=a[1];for(var d=b,e=c,f=2;f+1<a.length;f+=2)b=Math.min(b,a[f]),d=Math.max(d,a[f]),c=Math.min(c,a[f+1]),e=Math.max(e,a[f+1]);return new X(b,c,d-b,e-c)}return new X(0,0,0,0)}function Nc(a){a=Jc(a);return new Ec(a.b,a.a+a.width,a.b+a.height,a.a)}\nfunction Mc(a){if(Ac){if(\"relative\"==Y(a,\"position\"))return 1;a=Y(a,\"filter\");return(a=a.match(/^alpha\\(opacity=(\\d*)\\)/)||a.match(/^progid:DXImageTransform.Microsoft.Alpha\\(Opacity=(\\d*)\\)/))?Number(a[1])/100:1}return Pc(a)}function Pc(a){var b=1,c=Y(a,\"opacity\");c&&(b=Number(c));(a=Gc(a))&&(b*=Pc(a));return b};ba(\"_\",function(a,b){function c(d){if(W(d)&&\"none\"==Y(d,\"display\"))return!1;var e;if((e=d.parentNode)&&e.shadowRoot&&void 0!==d.assignedSlot)e=d.assignedSlot?d.assignedSlot.parentNode:null;else if(d.getDestinationInsertionPoints){var f=d.getDestinationInsertionPoints();0<f.length&&(e=f[f.length-1])}if(Fc&&e instanceof ShadowRoot){if(e.host.shadowRoot!==e)return!1;e=e.host}return!e||9!=e.nodeType&&11!=e.nodeType?e&&W(e,\"DETAILS\")&&!e.open&&!W(d,\"SUMMARY\")?!1:!!e&&c(e):!0}return Ic(a,!!b,c)});; return this._.apply(null,arguments);}).apply({navigator:typeof window!='undefined'?window.navigator:null,document:typeof window!='undefined'?window.document:null}, arguments);}\n).apply(null, arguments);", "args": [{"element-6066-11e4-a52e-4f735466cecf": "f.35537B2220C1DFCB807AA47ECC6E634D.d.82EF583F90F9A2466015091A79D5587D.e.448"}]}
DEBUG    urllib3.connectionpool:connectionpool.py:544 http://selenium-hub:4444 "POST /wd/hub/session/c6abdb9b0b74f8d3eac5f34042ce8c0f/execute/sync HTTP/1.1" 200 0
DEBUG    selenium.webdriver.remote.remote_connection:remote_connection.py:329 Remote response: status=200 | data={"value":true} | headers=HTTPHeaderDict({'content-length': '14', 'content-type': 'application/json; charset=utf-8', 'cache-control': 'no-cache'})
DEBUG    selenium.webdriver.remote.remote_connection:remote_connection.py:356 Finished Request
DEBUG    selenium.webdriver.remote.remote_connection:remote_connection.py:313 POST http://selenium-hub:4444/wd/hub/session/c6abdb9b0b74f8d3eac5f34042ce8c0f/element {"using": "css selector", "value": "div[data-testid='note-card']"}
DEBUG    urllib3.connectionpool:connectionpool.py:544 http://selenium-hub:4444 "POST /wd/hub/session/c6abdb9b0b74f8d3eac5f34042ce8c0f/element HTTP/1.1" 200 0
DEBUG    selenium.webdriver.remote.remote_connection:remote_connection.py:329 Remote response: status=200 | data={"value":{"element-6066-11e4-a52e-4f735466cecf":"f.35537B2220C1DFCB807AA47ECC6E634D.d.82EF583F90F9A2466015091A79D5587D.e.84"}} | headers=HTTPHeaderDict({'content-length': '126', 'content-type': 'application/json; charset=utf-8', 'cache-control': 'no-cache'})
DEBUG    selenium.webdriver.remote.remote_connection:remote_connection.py:356 Finished Request
DEBUG    selenium.webdriver.remote.remote_connection:remote_connection.py:313 POST http://selenium-hub:4444/wd/hub/session/c6abdb9b0b74f8d3eac5f34042ce8c0f/elements {"using": "css selector", "value": "div[data-testid='note-card']"}
DEBUG    urllib3.connectionpool:connectionpool.py:544 http://selenium-hub:4444 "POST /wd/hub/session/c6abdb9b0b74f8d3eac5f34042ce8c0f/elements HTTP/1.1" 200 0
DEBUG    selenium.webdriver.remote.remote_connection:remote_connection.py:329 Remote response: status=200 | data={"value":[{"element-6066-11e4-a52e-4f735466cecf":"f.35537B2220C1DFCB807AA47ECC6E634D.d.82EF583F90F9A2466015091A79D5587D.e.84"},{"element-6066-11e4-a52e-4f735466cecf":"f.35537B2220C1DFCB807AA47ECC6E634D.d.82EF583F90F9A2466015091A79D5587D.e.85"},{"element-6066-11e4-a52e-4f735466cecf":"f.35537B2220C1DFCB807AA47ECC6E634D.d.82EF583F90F9A2466015091A79D5587D.e.86"},{"element-6066-11e4-a52e-4f735466cecf":"f.35537B2220C1DFCB807AA47ECC6E634D.d.82EF583F90F9A2466015091A79D5587D.e.87"},{"element-6066-11e4-a52e-4f735466cecf":"f.35537B2220C1DFCB807AA47ECC6E634D.d.82EF583F90F9A2466015091A79D5587D.e.88"},{"element-6066-11e4-a52e-4f735466cecf":"f.35537B2220C1DFCB807AA47ECC6E634D.d.82EF583F90F9A2466015091A79D5587D.e.89"},{"element-6066-11e4-a52e-4f735466cecf":"f.35537B2220C1DFCB807AA47ECC6E634D.d.82EF583F90F9A2466015091A79D5587D.e.264"},{"element-6066-11e4-a52e-4f735466cecf":"f.35537B2220C1DFCB807AA47ECC6E634D.d.82EF583F90F9A2466015091A79D5587D.e.265"},{"element-6066-11e4-a52e-4f735466cecf":"f.35537B2220C1DFCB807AA47ECC6E634D.d.82EF583F90F9A2466015091A79D5587D.e.266"},{"element-6066-11e4-a52e-4f735466cecf":"f.35537B2220C1DFCB807AA47ECC6E634D.d.82EF583F90F9A2466015091A79D5587D.e.267"},{"element-6066-11e4-a52e-4f735466cecf":"f.35537B2220C1DFCB807AA47ECC6E634D.d.82EF583F90F9A2466015091A79D5587D.e.268"},{"element-6066-11e4-a52e-4f735466cecf":"f.35537B2220C1DFCB807AA47ECC6E634D.d.82EF583F90F9A2466015091A79D5587D.e.269"},{"element-6066-11e4-a52e-4f735466cecf":"f.35537B2220C1DFCB807AA47ECC6E634D.d.82EF583F90F9A2466015091A79D5587D.e.270"},{"element-6066-11e4-a52e-4f735466cecf":"f.35537B2220C1DFCB807AA47ECC6E634D.d.82EF583F90F9A2466015091A79D5587D.e.271"},{"element-6066-11e4-a52e-4f735466cecf":"f.35537B2220C1DFCB807AA47ECC6E634D.d.82EF583F90F9A2466015091A79D5587D.e.272"},{"element-6066-11e4-a52e-4f735466cecf":"f.35537B2220C1DFCB807AA47ECC6E634D.d.82EF583F90F9A2466015091A79D5587D.e.273"},{"element-6066-11e4-a52e-4f735466cecf":"f.35537B2220C1DFCB807AA47ECC6E634D.d.82EF583F90F9A2466015091A79D5587D.e.274"},{"element-6066-11e4-a52e-4f735466cecf":"f.35537B2220C1DFCB807AA47ECC6E634D.d.82EF583F90F9A2466015091A79D5587D.e.275"},{"element-6066-11e4-a52e-4f735466cecf":"f.35537B2220C1DFCB807AA47ECC6E634D.d.82EF583F90F9A2466015091A79D5587D.e.276"},{"element-6066-11e4-a52e-4f735466cecf":"f.35537B2220C1DFCB807AA47ECC6E634D.d.82EF583F90F9A2466015091A79D5587D.e.277"},{"element-6066-11e4-a52e-4f735466cecf":"f.35537B2220C1DFCB807AA47ECC6E634D.d.82EF583F90F9A2466015091A79D5587D.e.278"},{"element-6066-11e4-a52e-4f735466cecf":"f.35537B2220C1DFCB807AA47ECC6E634D.d.82EF583F90F9A2466015091A79D5587D.e.279"},{"element-6066-11e4-a52e-4f735466cecf":"f.35537B2220C1DFCB807AA47ECC6E634D.d.82EF583F90F9A2466015091A79D5587D.e.280"},{"element-6066-11e4-a52e-4f735466cecf":"f.35537B2220C1DFCB807AA47ECC6E634D.d.82EF583F90F9A2466015091A79D5587D.e.281"},{"element-6066-11e4-a52e-4f735466cecf":"f.35537B2220C1DFCB807AA47ECC6E634D.d.82EF583F90F9A2466015091A79D5587D.e.282"},{"element-6066-11e4-a52e-4f735466cecf":"f.35537B2220C1DFCB807AA47ECC6E634D.d.82EF583F90F9A2466015091A79D5587D.e.283"},{"element-6066-11e4-a52e-4f735466cecf":"f.35537B2220C1DFCB807AA47ECC6E634D.d.82EF583F90F9A2466015091A79D5587D.e.284"},{"element-6066-11e4-a52e-4f735466cecf":"f.35537B2220C1DFCB807AA47ECC6E634D.d.82EF583F90F9A2466015091A79D5587D.e.285"},{"element-6066-11e4-a52e-4f735466cecf":"f.35537B2220C1DFCB807AA47ECC6E634D.d.82EF583F90F9A2466015091A79D5587D.e.286"},{"element-6066-11e4-a52e-4f735466cecf":"f.35537B2220C1DFCB807AA47ECC6E634D.d.82EF583F90F9A2466015091A79D5587D.e.287"},{"element-6066-11e4-a52e-4f735466cecf":"f.35537B2220C1DFCB807AA47ECC6E634D.d.82EF583F90F9A2466015091A79D5587D.e.288"},{"element-6066-11e4-a52e-4f735466cecf":"f.35537B2220C1DFCB807AA47ECC6E634D.d.82EF583F90F9A2466015091A79D5587D.e.289"},{"element-6066-11e4-a52e-4f735466cecf":"f.35537B2220C1DFCB807AA47ECC6E634D.d.82EF583F90F9A2466015091A79D5587D.e.290"},{"element-6066-11e4-a52e-4f735466cecf":"f.35537B2220C1DFCB807AA47ECC6E634D.d.82EF583F90F9A2466015091A79D5587D.e.291"},{"element-6066-11e4-a52e-4f735466cecf":"f.35537B2220C1DFCB807AA47ECC6E634D.d.82EF583F90F9A2466015091A79D5587D.e.292"},{"element-6066-11e4-a52e-4f735466cecf":"f.35537B2220C1DFCB807AA47ECC6E634D.d.82EF583F90F9A2466015091A79D5587D.e.293"},{"element-6066-11e4-a52e-4f735466cecf":"f.35537B2220C1DFCB807AA47ECC6E634D.d.82EF583F90F9A2466015091A79D5587D.e.294"},{"element-6066-11e4-a52e-4f735466cecf":"f.35537B2220C1DFCB807AA47ECC6E634D.d.82EF583F90F9A2466015091A79D5587D.e.295"},{"element-6066-11e4-a52e-4f735466cecf":"f.35537B2220C1DFCB807AA47ECC6E634D.d.82EF583F90F9A2466015091A79D5587D.e.296"},{"element-6066-11e4-a52e-4f735466cecf":"f.35537B2220C1DFCB807AA47ECC6E634D.d.82EF583F90F9A2466015091A79D5587D.e.297"},{"element-6066-11e4-a52e-4f735466cecf":"f.35537B2220C1DFCB807AA47ECC6E634D.d.82EF583F90F9A2466015091A79D5587D.e.298"},{"element-6066-11e4-a52e-4f735466cecf":"f.35537B2220C1DFCB807AA47ECC6E634D.d.82EF583F90F9A2466015091A79D5587D.e.299"},{"element-6066-11e4-a52e-4f735466cecf":"f.35537B2220C1DFCB807AA47ECC6E634D.d.82EF583F90F9A2466015091A79D5587D.e.300"},{"element-6066-11e4-a52e-4f735466cecf":"f.35537B2220C1DFCB807AA47ECC6E634D.d.82EF583F90F9A2466015091A79D5587D.e.301"},{"element-6066-11e4-a52e-4f735466cecf":"f.35537B2220C1DFCB807AA47ECC6E634D.d.82EF583F90F9A2466015091A79D5587D.e.302"},{"element-6066-11e4-a52e-4f735466cecf":"f.35537B2220C1DFCB807AA47ECC6E634D.d.82EF583F90F9A2466015091A79D5587D.e.303"},{"element-6066-11e4-a52e-4f735466cecf":"f.35537B2220C1DFCB807AA47ECC6E634D.d.82EF583F90F9A2466015091A79D5587D.e.304"},{"element-6066-11e4-a52e-4f735466cecf":"f.35537B2220C1DFCB807AA47ECC6E634D.d.82EF583F90F9A2466015091A79D5587D.e.305"},{"element-6066-11e4-a52e-4f735466cecf":"f.35537B2220C1DFCB807AA47ECC6E634D.d.82EF583F90F9A2466015091A79D5587D.e.306"},{"element-6066-11e4-a52e-4f735466cecf":"f.35537B2220C1DFCB807AA47ECC6E634D.d.82EF583F90F9A2466015091A79D5587D.e.307"},{"element-6066-11e4-a52e-4f735466cecf":"f.35537B2220C1DFCB807AA47ECC6E634D.d.82EF583F90F9A2466015091A79D5587D.e.308"},{"element-6066-11e4-a52e-4f735466cecf":"f.35537B2220C1DFCB807AA47ECC6E634D.d.82EF583F90F9A2466015091A79D5587D.e.309"},{"element-6066-11e4-a52e-4f735466cecf":"f.35537B2220C1DFCB807AA47ECC6E634D.d.82EF583F90F9A2466015091A79D5587D.e.310"},{"element-6066-11e4-a52e-4f735466cecf":"f.35537B2220C1DFCB807AA47ECC6E634D.d.82EF583F90F9A2466015091A79D5587D.e.311"},{"element-6066-11e4-a52e-4f735466cecf":"f.35537B2220C1DFCB807AA47ECC6E634D.d.82EF583F90F9A2466015091A79D5587D.e.312"},{"element-6066-11e4-a52e-4f735466cecf":"f.35537B2220C1DFCB807AA47ECC6E634D.d.82EF583F90F9A2466015091A79D5587D.e.313"},{"element-6066-11e4-a52e-4f735466cecf":"f.35537B2220C1DFCB807AA47ECC6E634D.d.82EF583F90F9A2466015091A79D5587D.e.314"},{"element-6066-11e4-a52e-4f735466cecf":"f.35537B2220C1DFCB807AA47ECC6E634D.d.82EF583F90F9A2466015091A79D5587D.e.315"},{"element-6066-11e4-a52e-4f735466cecf":"f.35537B2220C1DFCB807AA47ECC6E634D.d.82EF583F90F9A2466015091A79D5587D.e.316"},{"element-6066-11e4-a52e-4f735466cecf":"f.35537B2220C1DFCB807AA47ECC6E634D.d.82EF583F90F9A2466015091A79D5587D.e.317"},{"element-6066-11e4-a52e-4f735466cecf":"f.35537B2220C1DFCB807AA47ECC6E634D.d.82EF583F90F9A2466015091A79D5587D.e.318"},{"element-6066-11e4-a52e-4f735466cecf":"f.35537B2220C1DFCB807AA47ECC6E634D.d.82EF583F90F9A2466015091A79D5587D.e.319"},{"element-6066-11e4-a52e-4f735466cecf":"f.35537B2220C1DFCB807AA47ECC6E634D.d.82EF583F90F9A2466015091A79D5587D.e.320"},{"element-6066-11e4-a52e-4f735466cecf":"f.35537B2220C1DFCB807AA47ECC6E634D.d.82EF583F90F9A2466015091A79D5587D.e.321"},{"element-6066-11e4-a52e-4f735466cecf":"f.35537B2220C1DFCB807AA47ECC6E634D.d.82EF583F90F9A2466015091A79D5587D.e.322"},{"element-6066-11e4-a52e-4f735466cecf":"f.35537B2220C1DFCB807AA47ECC6E634D.d.82EF583F90F9A2466015091A79D5587D.e.323"},{"element-6066-11e4-a52e-4f735466cecf":"f.35537B2220C1DFCB807AA47ECC6E634D.d.82EF583F90F9A2466015091A79D5587D.e.324"},{"element-6066-11e4-a52e-4f735466cecf":"f.35537B2220C1DFCB807AA47ECC6E634D.d.82EF583F90F9A2466015091A79D5587D.e.325"},{"element-6066-11e4-a52e-4f735466cecf":"f.35537B2220C1DFCB807AA47ECC6E634D.d.82EF583F90F9A2466015091A79D5587D.e.326"},{"element-6066-11e4-a52e-4f735466cecf":"f.35537B2220C1DFCB807AA47ECC6E634D.d.82EF583F90F9A2466015091A79D5587D.e.327"},{"element-6066-11e4-a52e-4f735466cecf":"f.35537B2220C1DFCB807AA47ECC6E634D.d.82EF583F90F9A2466015091A79D5587D.e.328"},{"element-6066-11e4-a52e-4f735466cecf":"f.35537B2220C1DFCB807AA47ECC6E634D.d.82EF583F90F9A2466015091A79D5587D.e.329"},{"element-6066-11e4-a52e-4f735466cecf":"f.35537B2220C1DFCB807AA47ECC6E634D.d.82EF583F90F9A2466015091A79D5587D.e.330"},{"element-6066-11e4-a52e-4f735466cecf":"f.35537B2220C1DFCB807AA47ECC6E634D.d.82EF583F90F9A2466015091A79D5587D.e.331"},{"element-6066-11e4-a52e-4f735466cecf":"f.35537B2220C1DFCB807AA47ECC6E634D.d.82EF583F90F9A2466015091A79D5587D.e.332"},{"element-6066-11e4-a52e-4f735466cecf":"f.35537B2220C1DFCB807AA47ECC6E634D.d.82EF583F90F9A2466015091A79D5587D.e.333"},{"element-6066-11e4-a52e-4f735466cecf":"f.35537B2220C1DFCB807AA47ECC6E634D.d.82EF583F90F9A2466015091A79D5587D.e.334"},{"element-6066-11e4-a52e-4f735466cecf":"f.35537B2220C1DFCB807AA47ECC6E634D.d.82EF583F90F9A2466015091A79D5587D.e.335"},{"element-6066-11e4-a52e-4f735466cecf":"f.35537B2220C1DFCB807AA47ECC6E634D.d.82EF583F90F9A2466015091A79D5587D.e.336"},{"element-6066-11e4-a52e-4f735466cecf":"f.35537B2220C1DFCB807AA47ECC6E634D.d.82EF583F90F9A2466015091A79D5587D.e.337"},{"element-6066-11e4-a52e-4f735466cecf":"f.35537B2220C1DFCB807AA47ECC6E634D.d.82EF583F90F9A2466015091A79D5587D.e.338"},{"element-6066-11e4-a52e-4f735466cecf":"f.35537B2220C1DFCB807AA47ECC6E634D.d.82EF583F90F9A2466015091A79D5587D.e.339"},{"element-6066-11e4-a52e-4f735466cecf":"f.35537B2220C1DFCB807AA47ECC6E634D.d.82EF583F90F9A2466015091A79D5587D.e.340"},{"element-6066-11e4-a52e-4f735466cecf":"f.35537B2220C1DFCB807AA47ECC6E634D.d.82EF583F90F9A2466015091A79D5587D.e.341"},{"element-6066-11e4-a52e-4f735466cecf":"f.35537B2220C1DFCB807AA47ECC6E634D.d.82EF583F90F9A2466015091A79D5587D.e.342"},{"element-6066-11e4-a52e-4f735466cecf":"f.35537B2220C1DFCB807AA47ECC6E634D.d.82EF583F90F9A2466015091A79D5587D.e.343"},{"element-6066-11e4-a52e-4f735466cecf":"f.35537B2220C1DFCB807AA47ECC6E634D.d.82EF583F90F9A2466015091A79D5587D.e.344"},{"element-6066-11e4-a52e-4f735466cecf":"f.35537B2220C1DFCB807AA47ECC6E634D.d.82EF583F90F9A2466015091A79D5587D.e.345"},{"element-6066-11e4-a52e-4f735466cecf":"f.35537B2220C1DFCB807AA47ECC6E634D.d.82EF583F90F9A2466015091A79D5587D.e.346"},{"element-6066-11e4-a52e-4f735466cecf":"f.35537B2220C1DFCB807AA47ECC6E634D.d.82EF583F90F9A2466015091A79D5587D.e.347"},{"element-6066-11e4-a52e-4f735466cecf":"f.35537B2220C1DFCB807AA47ECC6E634D.d.82EF583F90F9A2466015091A79D5587D.e.348"},{"element-6066-11e4-a52e-4f735466cecf":"f.35537B2220C1DFCB807AA47ECC6E634D.d.82EF583F90F9A2466015091A79D5587D.e.349"},{"element-6066-11e4-a52e-4f735466cecf":"f.35537B2220C1DFCB807AA47ECC6E634D.d.82EF583F90F9A2466015091A79D5587D.e.350"},{"element-6066-11e4-a52e-4f735466cecf":"f.35537B2220C1DFCB807AA47ECC6E634D.d.82EF583F90F9A2466015091A79D5587D.e.351"},{"element-6066-11e4-a52e-4f735466cecf":"f.35537B2220C1DFCB807AA47ECC6E634D.d.82EF583F90F9A2466015091A79D5587D.e.352"},{"element-6066-11e4-a52e-4f735466cecf":"f.35537B2220C1DFCB807AA47ECC6E634D.d.82EF583F90F9A2466015091A79D5587D.e.353"},{"element-6066-11e4-a52e-4f735466cecf":"f.35537B2220C1DFCB807AA47ECC6E634D.d.82EF583F90F9A2466015091A79D5587D.e.354"},{"element-6066-11e4-a52e-4f735466cecf":"f.35537B2220C1DFCB807AA47ECC6E634D.d.82EF583F90F9A2466015091A79D5587D.e.355"},{"element-6066-11e4-a52e-4f735466cecf":"f.35537B2220C1DFCB807AA47ECC6E634D.d.82EF583F90F9A2466015091A79D5587D.e.356"},{"element-6066-11e4-a52e-4f735466cecf":"f.35537B2220C1DFCB807AA47ECC6E634D.d.82EF583F90F9A2466015091A79D5587D.e.357"},{"element-6066-11e4-a52e-4f735466cecf":"f.35537B2220C1DFCB807AA47ECC6E634D.d.82EF583F90F9A2466015091A79D5587D.e.358"},{"element-6066-11e4-a52e-4f735466cecf":"f.35537B2220C1DFCB807AA47ECC6E634D.d.82EF583F90F9A2466015091A79D5587D.e.359"},{"element-6066-11e4-a52e-4f735466cecf":"f.35537B2220C1DFCB807AA47ECC6E634D.d.82EF583F90F9A2466015091A79D5587D.e.360"},{"element-6066-11e4-a52e-4f735466cecf":"f.35537B2220C1DFCB807AA47ECC6E634D.d.82EF583F90F9A2466015091A79D5587D.e.361"},{"element-6066-11e4-a52e-4f735466cecf":"f.35537B2220C1DFCB807AA47ECC6E634D.d.82EF583F90F9A2466015091A79D5587D.e.362"},{"element-6066-11e4-a52e-4f735466cecf":"f.35537B2220C1DFCB807AA47ECC6E634D.d.82EF583F90F9A2466015091A79D5587D.e.363"},{"element-6066-11e4-a52e-4f735466cecf":"f.35537B2220C1DFCB807AA47ECC6E634D.d.82EF583F90F9A2466015091A79D5587D.e.364"},{"element-6066-11e4-a52e-4f735466cecf":"f.35537B2220C1DFCB807AA47ECC6E634D.d.82EF583F90F9A2466015091A79D5587D.e.365"},{"element-6066-11e4-a52e-4f735466cecf":"f.35537B2220C1DFCB807AA47ECC6E634D.d.82EF583F90F9A2466015091A79D5587D.e.366"},{"element-6066-11e4-a52e-4f735466cecf":"f.35537B2220C1DFCB807AA47ECC6E634D.d.82EF583F90F9A2466015091A79D5587D.e.367"},{"element-6066-11e4-a52e-4f735466cecf":"f.35537B2220C1DFCB807AA47ECC6E634D.d.82EF583F90F9A2466015091A79D5587D.e.368"},{"element-6066-11e4-a52e-4f735466cecf":"f.35537B2220C1DFCB807AA47ECC6E634D.d.82EF583F90F9A2466015091A79D5587D.e.369"},{"element-6066-11e4-a52e-4f735466cecf":"f.35537B2220C1DFCB807AA47ECC6E634D.d.82EF583F90F9A2466015091A79D5587D.e.370"},{"element-6066-11e4-a52e-4f735466cecf":"f.35537B2220C1DFCB807AA47ECC6E634D.d.82EF583F90F9A2466015091A79D5587D.e.371"},{"element-6066-11e4-a52e-4f735466cecf":"f.35537B2220C1DFCB807AA47ECC6E634D.d.82EF583F90F9A2466015091A79D5587D.e.372"},{"element-6066-11e4-a52e-4f735466cecf":"f.35537B2220C1DFCB807AA47ECC6E634D.d.82EF583F90F9A2466015091A79D5587D.e.373"},{"element-6066-11e4-a52e-4f735466cecf":"f.35537B2220C1DFCB807AA47ECC6E634D.d.82EF583F90F9A2466015091A79D5587D.e.374"},{"element-6066-11e4-a52e-4f735466cecf":"f.35537B2220C1DFCB807AA47ECC6E634D.d.82EF583F90F9A2466015091A79D5587D.e.375"},{"element-6066-11e4-a52e-4f735466cecf":"f.35537B2220C1DFCB807AA47ECC6E634D.d.82EF583F90F9A2466015091A79D5587D.e.376"},{"element-6066-11e4-a52e-4f735466cecf":"f.35537B2220C1DFCB807AA47ECC6E634D.d.82EF583F90F9A2466015091A79D5587D.e.377"},{"element-6066-11e4-a52e-4f735466cecf":"f.35537B2220C1DFCB807AA47ECC6E634D.d.82EF583F90F9A2466015091A79D5587D.e.378"},{"element-6066-11e4-a52e-4f735466cecf":"f.35537B2220C1DFCB807AA47ECC6E634D.d.82EF583F90F9A2466015091A79D5587D.e.379"},{"element-6066-11e4-a52e-4f735466cecf":"f.35537B2220C1DFCB807AA47ECC6E634D.d.82EF583F90F9A2466015091A79D5587D.e.380"},{"element-6066-11e4-a52e-4f735466cecf":"f.35537B2220C1DFCB807AA47ECC6E634D.d.82EF583F90F9A2466015091A79D5587D.e.381"},{"element-6066-11e4-a52e-4f735466cecf":"f.35537B2220C1DFCB807AA47ECC6E634D.d.82EF583F90F9A2466015091A79D5587D.e.382"},{"element-6066-11e4-a52e-4f735466cecf":"f.35537B2220C1DFCB807AA47ECC6E634D.d.82EF583F90F9A2466015091A79D5587D.e.383"},{"element-6066-11e4-a52e-4f735466cecf":"f.35537B2220C1DFCB807AA47ECC6E634D.d.82EF583F90F9A2466015091A79D5587D.e.384"},{"element-6066-11e4-a52e-4f735466cecf":"f.35537B2220C1DFCB807AA47ECC6E634D.d.82EF583F90F9A2466015091A79D5587D.e.385"},{"element-6066-11e4-a52e-4f735466cecf":"f.35537B2220C1DFCB807AA47ECC6E634D.d.82EF583F90F9A2466015091A79D5587D.e.386"},{"element-6066-11e4-a52e-4f735466cecf":"f.35537B2220C1DFCB807AA47ECC6E634D.d.82EF583F90F9A2466015091A79D5587D.e.387"},{"element-6066-11e4-a52e-4f735466cecf":"f.35537B2220C1DFCB807AA47ECC6E634D.d.82EF583F90F9A2466015091A79D5587D.e.388"},{"element-6066-11e4-a52e-4f735466cecf":"f.35537B2220C1DFCB807AA47ECC6E634D.d.82EF583F90F9A2466015091A79D5587D.e.389"},{"element-6066-11e4-a52e-4f735466cecf":"f.35537B2220C1DFCB807AA47ECC6E634D.d.82EF583F90F9A2466015091A79D5587D.e.390"},{"element-6066-11e4-a52e-4f735466cecf":"f.35537B2220C1DFCB807AA47ECC6E634D.d.82EF583F90F9A2466015091A79D5587D.e.391"},{"element-6066-11e4-a52e-4f735466cecf":"f.35537B2220C1DFCB807AA47ECC6E634D.d.82EF583F90F9A2466015091A79D5587D.e.392"},{"element-6066-11e4-a52e-4f735466cecf":"f.35537B2220C1DFCB807AA47ECC6E634D.d.82EF583F90F9A2466015091A79D5587D.e.393"},{"element-6066-11e4-a52e-4f735466cecf":"f.35537B2220C1DFCB807AA47ECC6E634D.d.82EF583F90F9A2466015091A79D5587D.e.394"},{"element-6066-11e4-a52e-4f735466cecf":"f.35537B2220C1DFCB807AA47ECC6E634D.d.82EF583F90F9A2466015091A79D5587D.e.395"},{"element-6066-11e4-a52e-4f735466cecf":"f.35537B2220C1DFCB807AA47ECC6E634D.d.82EF583F90F9A2466015091A79D5587D.e.396"},{"element-6066-11e4-a52e-4f735466cecf":"f.35537B2220C1DFCB807AA47ECC6E634D.d.82EF583F90F9A2466015091A79D5587D.e.397"},{"element-6066-11e4-a52e-4f735466cecf":"f.35537B2220C1DFCB807AA47ECC6E634D.d.82EF583F90F9A2466015091A79D5587D.e.398"},{"element-6066-11e4-a52e-4f735466cecf":"f.35537B2220C1DFCB807AA47ECC6E634D.d.82EF583F90F9A2466015091A79D5587D.e.399"},{"element-6066-11e4-a52e-4f735466cecf":"f.35537B2220C1DFCB807AA47ECC6E634D.d.82EF583F90F9A2466015091A79D5587D.e.400"},{"element-6066-11e4-a52e-4f735466cecf":"f.35537B2220C1DFCB807AA47ECC6E634D.d.82EF583F90F9A2466015091A79D5587D.e.401"},{"element-6066-11e4-a52e-4f735466cecf":"f.35537B2220C1DFCB807AA47ECC6E634D.d.82EF583F90F9A2466015091A79D5587D.e.402"},{"element-6066-11e4-a52e-4f735466cecf":"f.35537B2220C1DFCB807AA47ECC6E634D.d.82EF583F90F9A2466015091A79D5587D.e.403"},{"element-6066-11e4-a52e-4f735466cecf":"f.35537B2220C1DFCB807AA47ECC6E634D.d.82EF583F90F9A2466015091A79D5587D.e.404"},{"element-6066-11e4-a52e-4f735466cecf":"f.35537B2220C1DFCB807AA47ECC6E634D.d.82EF583F90F9A2466015091A79D5587D.e.405"},{"element-6066-11e4-a52e-4f735466cecf":"f.35537B2220C1DFCB807AA47ECC6E634D.d.82EF583F90F9A2466015091A79D5587D.e.406"},{"element-6066-11e4-a52e-4f735466cecf":"f.35537B2220C1DFCB807AA47ECC6E634D.d.82EF583F90F9A2466015091A79D5587D.e.407"},{"element-6066-11e4-a52e-4f735466cecf":"f.35537B2220C1DFCB807AA47ECC6E634D.d.82EF583F90F9A2466015091A79D5587D.e.408"},{"element-6066-11e4-a52e-4f735466cecf":"f.35537B2220C1DFCB807AA47ECC6E634D.d.82EF583F90F9A2466015091A79D5587D.e.409"},{"element-6066-11e4-a52e-4f735466cecf":"f.35537B2220C1DFCB807AA47ECC6E634D.d.82EF583F90F9A2466015091A79D5587D.e.410"},{"element-6066-11e4-a52e-4f735466cecf":"f.35537B2220C1DFCB807AA47ECC6E634D.d.82EF583F90F9A2466015091A79D5587D.e.411"},{"element-6066-11e4-a52e-4f735466cecf":"f.35537B2220C1DFCB807AA47ECC6E634D.d.82EF583F90F9A2466015091A79D5587D.e.412"},{"element-6066-11e4-a52e-4f735466cecf":"f.35537B2220C1DFCB807AA47ECC6E634D.d.82EF583F90F9A2466015091A79D5587D.e.413"},{"element-6066-11e4-a52e-4f735466cecf":"f.35537B2220C1DFCB807AA47ECC6E634D.d.82EF583F90F9A2466015091A79D5587D.e.414"},{"element-6066-11e4-a52e-4f735466cecf":"f.35537B2220C1DFCB807AA47ECC6E634D.d.82EF583F90F9A2466015091A79D5587D.e.415"},{"element-6066-11e4-a52e-4f735466cecf":"f.35537B2220C1DFCB807AA47ECC6E634D.d.82EF583F90F9A2466015091A79D5587D.e.416"},{"element-6066-11e4-a52e-4f735466cecf":"f.35537B2220C1DFCB807AA47ECC6E634D.d.82EF583F90F9A2466015091A79D5587D.e.417"},{"element-6066-11e4-a52e-4f735466cecf":"f.35537B2220C1DFCB807AA47ECC6E634D.d.82EF583F90F9A2466015091A79D5587D.e.418"},{"element-6066-11e4-a52e-4f735466cecf":"f.35537B2220C1DFCB807AA47ECC6E634D.d.82EF583F90F9A2466015091A79D5587D.e.419"},{"element-6066-11e4-a52e-4f735466cecf":"f.35537B2220C1DFCB807AA47ECC6E634D.d.82EF583F90F9A2466015091A79D5587D.e.420"},{"element-6066-11e4-a52e-4f735466cecf":"f.35537B2220C1DFCB807AA47ECC6E634D.d.82EF583F90F9A2466015091A79D5587D.e.421"},{"element-6066-11e4-a52e-4f735466cecf":"f.35537B2220C1DFCB807AA47ECC6E634D.d.82EF583F90F9A2466015091A79D5587D.e.422"},{"element-6066-11e4-a52e-4f735466cecf":"f.35537B2220C1DFCB807AA47ECC6E634D.d.82EF583F90F9A2466015091A79D5587D.e.423"},{"element-6066-11e4-a52e-4f735466cecf":"f.35537B2220C1DFCB807AA47ECC6E634D.d.82EF583F90F9A2466015091A79D5587D.e.424"},{"element-6066-11e4-a52e-4f735466cecf":"f.35537B2220C1DFCB807AA47ECC6E634D.d.82EF583F90F9A2466015091A79D5587D.e.425"},{"element-6066-11e4-a52e-4f735466cecf":"f.35537B2220C1DFCB807AA47ECC6E634D.d.82EF583F90F9A2466015091A79D5587D.e.426"},{"element-6066-11e4-a52e-4f735466cecf":"f.35537B2220C1DFCB807AA47ECC6E634D.d.82EF583F90F9A2466015091A79D5587D.e.427"},{"element-6066-11e4-a52e-4f735466cecf":"f.35537B2220C1DFCB807AA47ECC6E634D.d.82EF583F90F9A2466015091A79D5587D.e.428"},{"element-6066-11e4-a52e-4f735466cecf":"f.35537B2220C1DFCB807AA47ECC6E634D.d.82EF583F90F9A2466015091A79D5587D.e.429"},{"element-6066-11e4-a52e-4f735466cecf":"f.35537B2220C1DFCB807AA47ECC6E634D.d.82EF583F90F9A2466015091A79D5587D.e.430"}]} | headers=HTTPHeaderDict({'content-length': '20419', 'content-type': 'application/json; charset=utf-8', 'cache-control': 'no-cache'})
DEBUG    selenium.webdriver.remote.remote_connection:remote_connection.py:356 Finished Request
DEBUG    selenium.webdriver.remote.remote_connection:remote_connection.py:313 DELETE http://selenium-hub:4444/wd/hub/session/c6abdb9b0b74f8d3eac5f34042ce8c0f {}
DEBUG    urllib3.connectionpool:connectionpool.py:544 http://selenium-hub:4444 "DELETE /wd/hub/session/c6abdb9b0b74f8d3eac5f34042ce8c0f HTTP/1.1" 200 0
DEBUG    selenium.webdriver.remote.remote_connection:remote_connection.py:329 Remote response: status=200 | data={"value":null} | headers=HTTPHeaderDict({'content-length': '14', 'content-type': 'application/json; charset=utf-8', 'cache-control': 'no-cache'})
DEBUG    selenium.webdriver.remote.remote_connection:remote_connection.py:356 Finished Request
DEBUG    selenium.webdriver.remote.remote_connection:remote_connection.py:313 POST http://selenium-hub:4444/wd/hub/session {"capabilities": {"firstMatch": [{}], "alwaysMatch": {"browserName": "chrome", "pageLoadStrategy": "normal", "goog:chromeOptions": {"extensions": [], "args": ["--headless=new", "--no-sandbox", "--disable-dev-shm-usage", "--disable-gpu", "--window-size=1920,1080", "--disable-extensions", "--disable-infobars"]}}}}
DEBUG    urllib3.connectionpool:connectionpool.py:241 Starting new HTTP connection (1): selenium-hub:4444
DEBUG    urllib3.connectionpool:connectionpool.py:544 http://selenium-hub:4444 "POST /wd/hub/session HTTP/1.1" 200 0
DEBUG    selenium.webdriver.remote.remote_connection:remote_connection.py:329 Remote response: status=200 | data={
  "value": {
    "sessionId": "fcd0dd8d498ba139fab82ef28f7baf5a",
    "capabilities": {
      "acceptInsecureCerts": false,
      "browserName": "chrome",
      "browserVersion": "125.0.6422.76",
      "chrome": {
        "chromedriverVersion": "125.0.6422.76 (67dcf7562b8fb4ab0819135589e37a97bcc8942c-refs\u002fbranch-heads\u002f6422@{#1086})",
        "userDataDir": "\u002ftmp\u002f.org.chromium.Chromium.AvWxg9"
      },
      "fedcm:accounts": true,
      "goog:chromeOptions": {
        "debuggerAddress": "localhost:43317"
      },
      "networkConnectionEnabled": false,
      "pageLoadStrategy": "normal",
      "platformName": "linux",
      "proxy": {
      },
      "se:bidiEnabled": false,
      "se:cdp": "ws:\u002f\u002f172.18.0.6:4444\u002fsession\u002ffcd0dd8d498ba139fab82ef28f7baf5a\u002fse\u002fcdp",
      "se:cdpVersion": "125.0.6422.76",
      "se:vnc": "ws:\u002f\u002f172.18.0.6:4444\u002fsession\u002ffcd0dd8d498ba139fab82ef28f7baf5a\u002fse\u002fvnc",
      "se:vncEnabled": true,
      "se:vncLocalAddress": "ws:\u002f\u002f172.18.0.6:7900",
      "setWindowRect": true,
      "strictFileInteractability": false,
      "timeouts": {
        "implicit": 0,
        "pageLoad": 300000,
        "script": 30000
      },
      "unhandledPromptBehavior": "dismiss and notify",
      "webauthn:extension:credBlob": true,
      "webauthn:extension:largeBlob": true,
      "webauthn:extension:minPinLength": true,
      "webauthn:extension:prf": true,
      "webauthn:virtualAuthenticators": true
    }
  }
} | headers=HTTPHeaderDict({'content-length': '1531', 'Cache-Control': 'no-cache', 'Content-Type': 'application/json; charset=utf-8'})
DEBUG    selenium.webdriver.remote.remote_connection:remote_connection.py:356 Finished Request
DEBUG    selenium.webdriver.remote.remote_connection:remote_connection.py:313 POST http://selenium-hub:4444/wd/hub/session/fcd0dd8d498ba139fab82ef28f7baf5a/timeouts {"implicit": 10000}
DEBUG    urllib3.connectionpool:connectionpool.py:544 http://selenium-hub:4444 "POST /wd/hub/session/fcd0dd8d498ba139fab82ef28f7baf5a/timeouts HTTP/1.1" 200 0
DEBUG    selenium.webdriver.remote.remote_connection:remote_connection.py:329 Remote response: status=200 | data={"value":null} | headers=HTTPHeaderDict({'content-length': '14', 'content-type': 'application/json; charset=utf-8', 'cache-control': 'no-cache'})
DEBUG    selenium.webdriver.remote.remote_connection:remote_connection.py:356 Finished Request
DEBUG    selenium.webdriver.remote.remote_connection:remote_connection.py:313 POST http://selenium-hub:4444/wd/hub/session/fcd0dd8d498ba139fab82ef28f7baf5a/url {"url": "https://practice.expandtesting.com/notes/app"}
DEBUG    urllib3.connectionpool:connectionpool.py:544 http://selenium-hub:4444 "POST /wd/hub/session/fcd0dd8d498ba139fab82ef28f7baf5a/url HTTP/1.1" 200 0
DEBUG    selenium.webdriver.remote.remote_connection:remote_connection.py:329 Remote response: status=200 | data={"value":null} | headers=HTTPHeaderDict({'content-length': '14', 'content-type': 'application/json; charset=utf-8', 'cache-control': 'no-cache'})
DEBUG    selenium.webdriver.remote.remote_connection:remote_connection.py:356 Finished Request
DEBUG    selenium.webdriver.remote.remote_connection:remote_connection.py:313 GET http://selenium-hub:4444/wd/hub/session/fcd0dd8d498ba139fab82ef28f7baf5a/url {}
DEBUG    urllib3.connectionpool:connectionpool.py:544 http://selenium-hub:4444 "GET /wd/hub/session/fcd0dd8d498ba139fab82ef28f7baf5a/url HTTP/1.1" 200 0
DEBUG    selenium.webdriver.remote.remote_connection:remote_connection.py:329 Remote response: status=200 | data={"value":"https://practice.expandtesting.com/notes/app"} | headers=HTTPHeaderDict({'content-length': '56', 'content-type': 'application/json; charset=utf-8', 'cache-control': 'no-cache'})
DEBUG    selenium.webdriver.remote.remote_connection:remote_connection.py:356 Finished Request
DEBUG    selenium.webdriver.remote.remote_connection:remote_connection.py:313 GET http://selenium-hub:4444/wd/hub/session/fcd0dd8d498ba139fab82ef28f7baf5a/url {}
DEBUG    urllib3.connectionpool:connectionpool.py:544 http://selenium-hub:4444 "GET /wd/hub/session/fcd0dd8d498ba139fab82ef28f7baf5a/url HTTP/1.1" 200 0
DEBUG    selenium.webdriver.remote.remote_connection:remote_connection.py:329 Remote response: status=200 | data={"value":"https://practice.expandtesting.com/notes/app"} | headers=HTTPHeaderDict({'content-length': '56', 'content-type': 'application/json; charset=utf-8', 'cache-control': 'no-cache'})
DEBUG    selenium.webdriver.remote.remote_connection:remote_connection.py:356 Finished Request
DEBUG    selenium.webdriver.remote.remote_connection:remote_connection.py:313 POST http://selenium-hub:4444/wd/hub/session/fcd0dd8d498ba139fab82ef28f7baf5a/url {"url": "https://practice.expandtesting.com/notes/app/login"}
DEBUG    urllib3.connectionpool:connectionpool.py:544 http://selenium-hub:4444 "POST /wd/hub/session/fcd0dd8d498ba139fab82ef28f7baf5a/url HTTP/1.1" 200 0
DEBUG    selenium.webdriver.remote.remote_connection:remote_connection.py:329 Remote response: status=200 | data={"value":null} | headers=HTTPHeaderDict({'content-length': '14', 'content-type': 'application/json; charset=utf-8', 'cache-control': 'no-cache'})
DEBUG    selenium.webdriver.remote.remote_connection:remote_connection.py:356 Finished Request
DEBUG    selenium.webdriver.remote.remote_connection:remote_connection.py:313 POST http://selenium-hub:4444/wd/hub/session/fcd0dd8d498ba139fab82ef28f7baf5a/execute/sync {"script": "return document.readyState", "args": []}
DEBUG    urllib3.connectionpool:connectionpool.py:544 http://selenium-hub:4444 "POST /wd/hub/session/fcd0dd8d498ba139fab82ef28f7baf5a/execute/sync HTTP/1.1" 200 0
DEBUG    selenium.webdriver.remote.remote_connection:remote_connection.py:329 Remote response: status=200 | data={"value":"complete"} | headers=HTTPHeaderDict({'content-length': '20', 'content-type': 'application/json; charset=utf-8', 'cache-control': 'no-cache'})
DEBUG    selenium.webdriver.remote.remote_connection:remote_connection.py:356 Finished Request
DEBUG    selenium.webdriver.remote.remote_connection:remote_connection.py:313 POST http://selenium-hub:4444/wd/hub/session/fcd0dd8d498ba139fab82ef28f7baf5a/element {"using": "css selector", "value": "[data-testid='login-email']"}
DEBUG    urllib3.connectionpool:connectionpool.py:544 http://selenium-hub:4444 "POST /wd/hub/session/fcd0dd8d498ba139fab82ef28f7baf5a/element HTTP/1.1" 200 0
DEBUG    selenium.webdriver.remote.remote_connection:remote_connection.py:329 Remote response: status=200 | data={"value":{"element-6066-11e4-a52e-4f735466cecf":"f.71DB0DF9B840E708CAB28FC798045831.d.C558A7EE53FB6D46B4B9713CFE807C9E.e.44"}} | headers=HTTPHeaderDict({'content-length': '126', 'content-type': 'application/json; charset=utf-8', 'cache-control': 'no-cache'})
DEBUG    selenium.webdriver.remote.remote_connection:remote_connection.py:356 Finished Request
DEBUG    selenium.webdriver.remote.remote_connection:remote_connection.py:313 POST http://selenium-hub:4444/wd/hub/session/fcd0dd8d498ba139fab82ef28f7baf5a/execute/sync {"script": "/* isDisplayed */return (function(){return (function(){var k=this||self;function aa(a){return\"string\"==typeof a}function ba(a,b){a=a.split(\".\");var c=k;a[0]in c||\"undefined\"==typeof c.execScript||c.execScript(\"var \"+a[0]);for(var d;a.length&&(d=a.shift());)a.length||void 0===b?c[d]&&c[d]!==Object.prototype[d]?c=c[d]:c=c[d]={}:c[d]=b}\nfunction ca(a){var b=typeof a;if(\"object\"==b)if(a){if(a instanceof Array)return\"array\";if(a instanceof Object)return b;var c=Object.prototype.toString.call(a);if(\"[object Window]\"==c)return\"object\";if(\"[object Array]\"==c||\"number\"==typeof a.length&&\"undefined\"!=typeof a.splice&&\"undefined\"!=typeof a.propertyIsEnumerable&&!a.propertyIsEnumerable(\"splice\"))return\"array\";if(\"[object Function]\"==c||\"undefined\"!=typeof a.call&&\"undefined\"!=typeof a.propertyIsEnumerable&&!a.propertyIsEnumerable(\"call\"))return\"function\"}else return\"null\";\nelse if(\"function\"==b&&\"undefined\"==typeof a.call)return\"object\";return b}function da(a,b,c){return a.call.apply(a.bind,arguments)}function ea(a,b,c){if(!a)throw Error();if(2<arguments.length){var d=Array.prototype.slice.call(arguments,2);return function(){var e=Array.prototype.slice.call(arguments);Array.prototype.unshift.apply(e,d);return a.apply(b,e)}}return function(){return a.apply(b,arguments)}}\nfunction fa(a,b,c){Function.prototype.bind&&-1!=Function.prototype.bind.toString().indexOf(\"native code\")?fa=da:fa=ea;return fa.apply(null,arguments)}function ha(a,b){var c=Array.prototype.slice.call(arguments,1);return function(){var d=c.slice();d.push.apply(d,arguments);return a.apply(this,d)}}function l(a,b){function c(){}c.prototype=b.prototype;a.prototype=new c;a.prototype.constructor=a};/*\n\n The MIT License\n\n Copyright (c) 2007 Cybozu Labs, Inc.\n Copyright (c) 2012 Google Inc.\n\n Permission is hereby granted, free of charge, to any person obtaining a copy\n of this software and associated documentation files (the \"Software\"), to\n deal in the Software without restriction, including without limitation the\n rights to use, copy, modify, merge, publish, distribute, sublicense, and/or\n sell copies of the Software, and to permit persons to whom the Software is\n furnished to do so, subject to the following conditions:\n\n The above copyright notice and this permission notice shall be included in\n all copies or substantial portions of the Software.\n\n THE SOFTWARE IS PROVIDED \"AS IS\", WITHOUT WARRANTY OF ANY KIND, EXPRESS OR\n IMPLIED, INCLUDING BUT NOT LIMITED TO THE WARRANTIES OF MERCHANTABILITY,\n FITNESS FOR A PARTICULAR PURPOSE AND NONINFRINGEMENT. IN NO EVENT SHALL THE\n AUTHORS OR COPYRIGHT HOLDERS BE LIABLE FOR ANY CLAIM, DAMAGES OR OTHER\n LIABILITY, WHETHER IN AN ACTION OF CONTRACT, TORT OR OTHERWISE, ARISING\n FROM, OUT OF OR IN CONNECTION WITH THE SOFTWARE OR THE USE OR OTHER DEALINGS\n IN THE SOFTWARE.\n*/\nfunction ia(a,b,c){this.a=a;this.b=b||1;this.f=c||1};var ja=Array.prototype.indexOf?function(a,b){return Array.prototype.indexOf.call(a,b,void 0)}:function(a,b){if(\"string\"===typeof a)return\"string\"!==typeof b||1!=b.length?-1:a.indexOf(b,0);for(var c=0;c<a.length;c++)if(c in a&&a[c]===b)return c;return-1},n=Array.prototype.forEach?function(a,b){Array.prototype.forEach.call(a,b,void 0)}:function(a,b){for(var c=a.length,d=\"string\"===typeof a?a.split(\"\"):a,e=0;e<c;e++)e in d&&b.call(void 0,d[e],e,a)},ka=Array.prototype.filter?function(a,b){return Array.prototype.filter.call(a,\nb,void 0)}:function(a,b){for(var c=a.length,d=[],e=0,f=\"string\"===typeof a?a.split(\"\"):a,g=0;g<c;g++)if(g in f){var h=f[g];b.call(void 0,h,g,a)&&(d[e++]=h)}return d},la=Array.prototype.reduce?function(a,b,c){return Array.prototype.reduce.call(a,b,c)}:function(a,b,c){var d=c;n(a,function(e,f){d=b.call(void 0,d,e,f,a)});return d},ma=Array.prototype.some?function(a,b){return Array.prototype.some.call(a,b,void 0)}:function(a,b){for(var c=a.length,d=\"string\"===typeof a?a.split(\"\"):a,e=0;e<c;e++)if(e in\nd&&b.call(void 0,d[e],e,a))return!0;return!1},na=Array.prototype.every?function(a,b){return Array.prototype.every.call(a,b,void 0)}:function(a,b){for(var c=a.length,d=\"string\"===typeof a?a.split(\"\"):a,e=0;e<c;e++)if(e in d&&!b.call(void 0,d[e],e,a))return!1;return!0};function oa(a,b){a:{for(var c=a.length,d=\"string\"===typeof a?a.split(\"\"):a,e=0;e<c;e++)if(e in d&&b.call(void 0,d[e],e,a)){b=e;break a}b=-1}return 0>b?null:\"string\"===typeof a?a.charAt(b):a[b]}\nfunction pa(a){return Array.prototype.concat.apply([],arguments)}function qa(a,b,c){return 2>=arguments.length?Array.prototype.slice.call(a,b):Array.prototype.slice.call(a,b,c)};var ra=String.prototype.trim?function(a){return a.trim()}:function(a){return/^[\\s\\xa0]*([\\s\\S]*?)[\\s\\xa0]*$/.exec(a)[1]};function sa(a,b){return a<b?-1:a>b?1:0};var t;a:{var ta=k.navigator;if(ta){var ua=ta.userAgent;if(ua){t=ua;break a}}t=\"\"}function u(a){return-1!=t.indexOf(a)};function va(){return u(\"Firefox\")||u(\"FxiOS\")}function wa(){return(u(\"Chrome\")||u(\"CriOS\"))&&!u(\"Edge\")};function xa(a){return String(a).replace(/\\-([a-z])/g,function(b,c){return c.toUpperCase()})};function ya(){return u(\"iPhone\")&&!u(\"iPod\")&&!u(\"iPad\")};function za(a,b){var c=Aa;return Object.prototype.hasOwnProperty.call(c,a)?c[a]:c[a]=b(a)};var Ba=u(\"Opera\"),v=u(\"Trident\")||u(\"MSIE\"),Ca=u(\"Edge\"),Da=u(\"Gecko\")&&!(-1!=t.toLowerCase().indexOf(\"webkit\")&&!u(\"Edge\"))&&!(u(\"Trident\")||u(\"MSIE\"))&&!u(\"Edge\"),Ea=-1!=t.toLowerCase().indexOf(\"webkit\")&&!u(\"Edge\");function Fa(){var a=k.document;return a?a.documentMode:void 0}var Ga;\na:{var Ha=\"\",Ia=function(){var a=t;if(Da)return/rv:([^\\);]+)(\\)|;)/.exec(a);if(Ca)return/Edge\\/([\\d\\.]+)/.exec(a);if(v)return/\\b(?:MSIE|rv)[: ]([^\\);]+)(\\)|;)/.exec(a);if(Ea)return/WebKit\\/(\\S+)/.exec(a);if(Ba)return/(?:Version)[ \\/]?(\\S+)/.exec(a)}();Ia&&(Ha=Ia?Ia[1]:\"\");if(v){var Ja=Fa();if(null!=Ja&&Ja>parseFloat(Ha)){Ga=String(Ja);break a}}Ga=Ha}var Aa={};\nfunction Ka(a){return za(a,function(){for(var b=0,c=ra(String(Ga)).split(\".\"),d=ra(String(a)).split(\".\"),e=Math.max(c.length,d.length),f=0;0==b&&f<e;f++){var g=c[f]||\"\",h=d[f]||\"\";do{g=/(\\d*)(\\D*)(.*)/.exec(g)||[\"\",\"\",\"\",\"\"];h=/(\\d*)(\\D*)(.*)/.exec(h)||[\"\",\"\",\"\",\"\"];if(0==g[0].length&&0==h[0].length)break;b=sa(0==g[1].length?0:parseInt(g[1],10),0==h[1].length?0:parseInt(h[1],10))||sa(0==g[2].length,0==h[2].length)||sa(g[2],h[2]);g=g[3];h=h[3]}while(0==b)}return 0<=b})}var La;\nLa=k.document&&v?Fa():void 0;var x=v&&!(9<=Number(La)),Ma=v&&!(8<=Number(La));function Na(a,b,c,d){this.a=a;this.nodeName=c;this.nodeValue=d;this.nodeType=2;this.parentNode=this.ownerElement=b}function Oa(a,b){var c=Ma&&\"href\"==b.nodeName?a.getAttribute(b.nodeName,2):b.nodeValue;return new Na(b,a,b.nodeName,c)};function Pa(a){this.b=a;this.a=0}function Qa(a){a=a.match(Ra);for(var b=0;b<a.length;b++)Sa.test(a[b])&&a.splice(b,1);return new Pa(a)}var Ra=/\\$?(?:(?![0-9-\\.])(?:\\*|[\\w-\\.]+):)?(?![0-9-\\.])(?:\\*|[\\w-\\.]+)|\\/\\/|\\.\\.|::|\\d+(?:\\.\\d*)?|\\.\\d+|\"[^\"]*\"|'[^']*'|[!<>]=|\\s+|./g,Sa=/^\\s/;function y(a,b){return a.b[a.a+(b||0)]}function z(a){return a.b[a.a++]}function Ta(a){return a.b.length<=a.a};function Ua(a,b){this.x=void 0!==a?a:0;this.y=void 0!==b?b:0}Ua.prototype.ceil=function(){this.x=Math.ceil(this.x);this.y=Math.ceil(this.y);return this};Ua.prototype.floor=function(){this.x=Math.floor(this.x);this.y=Math.floor(this.y);return this};Ua.prototype.round=function(){this.x=Math.round(this.x);this.y=Math.round(this.y);return this};function Va(a,b){this.width=a;this.height=b}Va.prototype.aspectRatio=function(){return this.width/this.height};Va.prototype.ceil=function(){this.width=Math.ceil(this.width);this.height=Math.ceil(this.height);return this};Va.prototype.floor=function(){this.width=Math.floor(this.width);this.height=Math.floor(this.height);return this};Va.prototype.round=function(){this.width=Math.round(this.width);this.height=Math.round(this.height);return this};function Wa(a,b){if(!a||!b)return!1;if(a.contains&&1==b.nodeType)return a==b||a.contains(b);if(\"undefined\"!=typeof a.compareDocumentPosition)return a==b||!!(a.compareDocumentPosition(b)&16);for(;b&&a!=b;)b=b.parentNode;return b==a}\nfunction Xa(a,b){if(a==b)return 0;if(a.compareDocumentPosition)return a.compareDocumentPosition(b)&2?1:-1;if(v&&!(9<=Number(La))){if(9==a.nodeType)return-1;if(9==b.nodeType)return 1}if(\"sourceIndex\"in a||a.parentNode&&\"sourceIndex\"in a.parentNode){var c=1==a.nodeType,d=1==b.nodeType;if(c&&d)return a.sourceIndex-b.sourceIndex;var e=a.parentNode,f=b.parentNode;return e==f?Ya(a,b):!c&&Wa(e,b)?-1*Za(a,b):!d&&Wa(f,a)?Za(b,a):(c?a.sourceIndex:e.sourceIndex)-(d?b.sourceIndex:f.sourceIndex)}d=A(a);c=d.createRange();\nc.selectNode(a);c.collapse(!0);a=d.createRange();a.selectNode(b);a.collapse(!0);return c.compareBoundaryPoints(k.Range.START_TO_END,a)}function Za(a,b){var c=a.parentNode;if(c==b)return-1;for(;b.parentNode!=c;)b=b.parentNode;return Ya(b,a)}function Ya(a,b){for(;b=b.previousSibling;)if(b==a)return-1;return 1}function A(a){return 9==a.nodeType?a:a.ownerDocument||a.document}function $a(a,b){a&&(a=a.parentNode);for(var c=0;a;){if(b(a))return a;a=a.parentNode;c++}return null}\nfunction ab(a){this.a=a||k.document||document}ab.prototype.getElementsByTagName=function(a,b){return(b||this.a).getElementsByTagName(String(a))};function B(a){var b=null,c=a.nodeType;1==c&&(b=a.textContent,b=void 0==b||null==b?a.innerText:b,b=void 0==b||null==b?\"\":b);if(\"string\"!=typeof b)if(x&&\"title\"==a.nodeName.toLowerCase()&&1==c)b=a.text;else if(9==c||1==c){a=9==c?a.documentElement:a.firstChild;c=0;var d=[];for(b=\"\";a;){do 1!=a.nodeType&&(b+=a.nodeValue),x&&\"title\"==a.nodeName.toLowerCase()&&(b+=a.text),d[c++]=a;while(a=a.firstChild);for(;c&&!(a=d[--c].nextSibling););}}else b=a.nodeValue;return b}\nfunction C(a,b,c){if(null===b)return!0;try{if(!a.getAttribute)return!1}catch(d){return!1}Ma&&\"class\"==b&&(b=\"className\");return null==c?!!a.getAttribute(b):a.getAttribute(b,2)==c}function bb(a,b,c,d,e){return(x?cb:db).call(null,a,b,aa(c)?c:null,aa(d)?d:null,e||new E)}\nfunction cb(a,b,c,d,e){if(a instanceof F||8==a.b||c&&null===a.b){var f=b.all;if(!f)return e;a=eb(a);if(\"*\"!=a&&(f=b.getElementsByTagName(a),!f))return e;if(c){for(var g=[],h=0;b=f[h++];)C(b,c,d)&&g.push(b);f=g}for(h=0;b=f[h++];)\"*\"==a&&\"!\"==b.tagName||e.add(b);return e}gb(a,b,c,d,e);return e}\nfunction db(a,b,c,d,e){b.getElementsByName&&d&&\"name\"==c&&!v?(b=b.getElementsByName(d),n(b,function(f){a.a(f)&&e.add(f)})):b.getElementsByClassName&&d&&\"class\"==c?(b=b.getElementsByClassName(d),n(b,function(f){f.className==d&&a.a(f)&&e.add(f)})):a instanceof G?gb(a,b,c,d,e):b.getElementsByTagName&&(b=b.getElementsByTagName(a.f()),n(b,function(f){C(f,c,d)&&e.add(f)}));return e}\nfunction hb(a,b,c,d,e){var f;if((a instanceof F||8==a.b||c&&null===a.b)&&(f=b.childNodes)){var g=eb(a);if(\"*\"!=g&&(f=ka(f,function(h){return h.tagName&&h.tagName.toLowerCase()==g}),!f))return e;c&&(f=ka(f,function(h){return C(h,c,d)}));n(f,function(h){\"*\"==g&&(\"!\"==h.tagName||\"*\"==g&&1!=h.nodeType)||e.add(h)});return e}return ib(a,b,c,d,e)}function ib(a,b,c,d,e){for(b=b.firstChild;b;b=b.nextSibling)C(b,c,d)&&a.a(b)&&e.add(b);return e}\nfunction gb(a,b,c,d,e){for(b=b.firstChild;b;b=b.nextSibling)C(b,c,d)&&a.a(b)&&e.add(b),gb(a,b,c,d,e)}function eb(a){if(a instanceof G){if(8==a.b)return\"!\";if(null===a.b)return\"*\"}return a.f()};function E(){this.b=this.a=null;this.l=0}function jb(a){this.f=a;this.a=this.b=null}function kb(a,b){if(!a.a)return b;if(!b.a)return a;var c=a.a;b=b.a;for(var d=null,e,f=0;c&&b;){e=c.f;var g=b.f;e==g||e instanceof Na&&g instanceof Na&&e.a==g.a?(e=c,c=c.a,b=b.a):0<Xa(c.f,b.f)?(e=b,b=b.a):(e=c,c=c.a);(e.b=d)?d.a=e:a.a=e;d=e;f++}for(e=c||b;e;)e.b=d,d=d.a=e,f++,e=e.a;a.b=d;a.l=f;return a}function lb(a,b){b=new jb(b);b.a=a.a;a.b?a.a.b=b:a.a=a.b=b;a.a=b;a.l++}\nE.prototype.add=function(a){a=new jb(a);a.b=this.b;this.a?this.b.a=a:this.a=this.b=a;this.b=a;this.l++};function mb(a){return(a=a.a)?a.f:null}function nb(a){return(a=mb(a))?B(a):\"\"}function H(a,b){return new ob(a,!!b)}function ob(a,b){this.f=a;this.b=(this.s=b)?a.b:a.a;this.a=null}function I(a){var b=a.b;if(null==b)return null;var c=a.a=b;a.b=a.s?b.b:b.a;return c.f};function J(a){this.i=a;this.b=this.g=!1;this.f=null}function K(a){return\"\\n  \"+a.toString().split(\"\\n\").join(\"\\n  \")}function pb(a,b){a.g=b}function qb(a,b){a.b=b}function N(a,b){a=a.a(b);return a instanceof E?+nb(a):+a}function O(a,b){a=a.a(b);return a instanceof E?nb(a):\"\"+a}function rb(a,b){a=a.a(b);return a instanceof E?!!a.l:!!a};function sb(a,b,c){J.call(this,a.i);this.c=a;this.h=b;this.o=c;this.g=b.g||c.g;this.b=b.b||c.b;this.c==tb&&(c.b||c.g||4==c.i||0==c.i||!b.f?b.b||b.g||4==b.i||0==b.i||!c.f||(this.f={name:c.f.name,u:b}):this.f={name:b.f.name,u:c})}l(sb,J);\nfunction ub(a,b,c,d,e){b=b.a(d);c=c.a(d);var f;if(b instanceof E&&c instanceof E){b=H(b);for(d=I(b);d;d=I(b))for(e=H(c),f=I(e);f;f=I(e))if(a(B(d),B(f)))return!0;return!1}if(b instanceof E||c instanceof E){b instanceof E?(e=b,d=c):(e=c,d=b);f=H(e);for(var g=typeof d,h=I(f);h;h=I(f)){switch(g){case \"number\":h=+B(h);break;case \"boolean\":h=!!B(h);break;case \"string\":h=B(h);break;default:throw Error(\"Illegal primitive type for comparison.\");}if(e==b&&a(h,d)||e==c&&a(d,h))return!0}return!1}return e?\"boolean\"==\ntypeof b||\"boolean\"==typeof c?a(!!b,!!c):\"number\"==typeof b||\"number\"==typeof c?a(+b,+c):a(b,c):a(+b,+c)}sb.prototype.a=function(a){return this.c.m(this.h,this.o,a)};sb.prototype.toString=function(){var a=\"Binary Expression: \"+this.c;a+=K(this.h);return a+=K(this.o)};function vb(a,b,c,d){this.I=a;this.D=b;this.i=c;this.m=d}vb.prototype.toString=function(){return this.I};var wb={};\nfunction P(a,b,c,d){if(wb.hasOwnProperty(a))throw Error(\"Binary operator already created: \"+a);a=new vb(a,b,c,d);return wb[a.toString()]=a}P(\"div\",6,1,function(a,b,c){return N(a,c)/N(b,c)});P(\"mod\",6,1,function(a,b,c){return N(a,c)%N(b,c)});P(\"*\",6,1,function(a,b,c){return N(a,c)*N(b,c)});P(\"+\",5,1,function(a,b,c){return N(a,c)+N(b,c)});P(\"-\",5,1,function(a,b,c){return N(a,c)-N(b,c)});P(\"<\",4,2,function(a,b,c){return ub(function(d,e){return d<e},a,b,c)});\nP(\">\",4,2,function(a,b,c){return ub(function(d,e){return d>e},a,b,c)});P(\"<=\",4,2,function(a,b,c){return ub(function(d,e){return d<=e},a,b,c)});P(\">=\",4,2,function(a,b,c){return ub(function(d,e){return d>=e},a,b,c)});var tb=P(\"=\",3,2,function(a,b,c){return ub(function(d,e){return d==e},a,b,c,!0)});P(\"!=\",3,2,function(a,b,c){return ub(function(d,e){return d!=e},a,b,c,!0)});P(\"and\",2,2,function(a,b,c){return rb(a,c)&&rb(b,c)});P(\"or\",1,2,function(a,b,c){return rb(a,c)||rb(b,c)});function xb(a,b){if(b.a.length&&4!=a.i)throw Error(\"Primary expression must evaluate to nodeset if filter has predicate(s).\");J.call(this,a.i);this.c=a;this.h=b;this.g=a.g;this.b=a.b}l(xb,J);xb.prototype.a=function(a){a=this.c.a(a);return yb(this.h,a)};xb.prototype.toString=function(){var a=\"Filter:\"+K(this.c);return a+=K(this.h)};function zb(a,b){if(b.length<a.C)throw Error(\"Function \"+a.j+\" expects at least\"+a.C+\" arguments, \"+b.length+\" given\");if(null!==a.B&&b.length>a.B)throw Error(\"Function \"+a.j+\" expects at most \"+a.B+\" arguments, \"+b.length+\" given\");a.H&&n(b,function(c,d){if(4!=c.i)throw Error(\"Argument \"+d+\" to function \"+a.j+\" is not of type Nodeset: \"+c);});J.call(this,a.i);this.v=a;this.c=b;pb(this,a.g||ma(b,function(c){return c.g}));qb(this,a.G&&!b.length||a.F&&!!b.length||ma(b,function(c){return c.b}))}\nl(zb,J);zb.prototype.a=function(a){return this.v.m.apply(null,pa(a,this.c))};zb.prototype.toString=function(){var a=\"Function: \"+this.v;if(this.c.length){var b=la(this.c,function(c,d){return c+K(d)},\"Arguments:\");a+=K(b)}return a};function Ab(a,b,c,d,e,f,g,h){this.j=a;this.i=b;this.g=c;this.G=d;this.F=!1;this.m=e;this.C=f;this.B=void 0!==g?g:f;this.H=!!h}Ab.prototype.toString=function(){return this.j};var Bb={};\nfunction Q(a,b,c,d,e,f,g,h){if(Bb.hasOwnProperty(a))throw Error(\"Function already created: \"+a+\".\");Bb[a]=new Ab(a,b,c,d,e,f,g,h)}Q(\"boolean\",2,!1,!1,function(a,b){return rb(b,a)},1);Q(\"ceiling\",1,!1,!1,function(a,b){return Math.ceil(N(b,a))},1);Q(\"concat\",3,!1,!1,function(a,b){return la(qa(arguments,1),function(c,d){return c+O(d,a)},\"\")},2,null);Q(\"contains\",2,!1,!1,function(a,b,c){b=O(b,a);a=O(c,a);return-1!=b.indexOf(a)},2);Q(\"count\",1,!1,!1,function(a,b){return b.a(a).l},1,1,!0);\nQ(\"false\",2,!1,!1,function(){return!1},0);Q(\"floor\",1,!1,!1,function(a,b){return Math.floor(N(b,a))},1);Q(\"id\",4,!1,!1,function(a,b){function c(h){if(x){var m=e.all[h];if(m){if(m.nodeType&&h==m.id)return m;if(m.length)return oa(m,function(w){return h==w.id})}return null}return e.getElementById(h)}var d=a.a,e=9==d.nodeType?d:d.ownerDocument;a=O(b,a).split(/\\s+/);var f=[];n(a,function(h){h=c(h);!h||0<=ja(f,h)||f.push(h)});f.sort(Xa);var g=new E;n(f,function(h){g.add(h)});return g},1);\nQ(\"lang\",2,!1,!1,function(){return!1},1);Q(\"last\",1,!0,!1,function(a){if(1!=arguments.length)throw Error(\"Function last expects ()\");return a.f},0);Q(\"local-name\",3,!1,!0,function(a,b){return(a=b?mb(b.a(a)):a.a)?a.localName||a.nodeName.toLowerCase():\"\"},0,1,!0);Q(\"name\",3,!1,!0,function(a,b){return(a=b?mb(b.a(a)):a.a)?a.nodeName.toLowerCase():\"\"},0,1,!0);Q(\"namespace-uri\",3,!0,!1,function(){return\"\"},0,1,!0);\nQ(\"normalize-space\",3,!1,!0,function(a,b){return(b?O(b,a):B(a.a)).replace(/[\\s\\xa0]+/g,\" \").replace(/^\\s+|\\s+$/g,\"\")},0,1);Q(\"not\",2,!1,!1,function(a,b){return!rb(b,a)},1);Q(\"number\",1,!1,!0,function(a,b){return b?N(b,a):+B(a.a)},0,1);Q(\"position\",1,!0,!1,function(a){return a.b},0);Q(\"round\",1,!1,!1,function(a,b){return Math.round(N(b,a))},1);Q(\"starts-with\",2,!1,!1,function(a,b,c){b=O(b,a);a=O(c,a);return 0==b.lastIndexOf(a,0)},2);Q(\"string\",3,!1,!0,function(a,b){return b?O(b,a):B(a.a)},0,1);\nQ(\"string-length\",1,!1,!0,function(a,b){return(b?O(b,a):B(a.a)).length},0,1);Q(\"substring\",3,!1,!1,function(a,b,c,d){c=N(c,a);if(isNaN(c)||Infinity==c||-Infinity==c)return\"\";d=d?N(d,a):Infinity;if(isNaN(d)||-Infinity===d)return\"\";c=Math.round(c)-1;var e=Math.max(c,0);a=O(b,a);return Infinity==d?a.substring(e):a.substring(e,c+Math.round(d))},2,3);Q(\"substring-after\",3,!1,!1,function(a,b,c){b=O(b,a);a=O(c,a);c=b.indexOf(a);return-1==c?\"\":b.substring(c+a.length)},2);\nQ(\"substring-before\",3,!1,!1,function(a,b,c){b=O(b,a);a=O(c,a);a=b.indexOf(a);return-1==a?\"\":b.substring(0,a)},2);Q(\"sum\",1,!1,!1,function(a,b){a=H(b.a(a));b=0;for(var c=I(a);c;c=I(a))b+=+B(c);return b},1,1,!0);Q(\"translate\",3,!1,!1,function(a,b,c,d){b=O(b,a);c=O(c,a);var e=O(d,a);a={};for(d=0;d<c.length;d++){var f=c.charAt(d);f in a||(a[f]=e.charAt(d))}c=\"\";for(d=0;d<b.length;d++)f=b.charAt(d),c+=f in a?a[f]:f;return c},3);Q(\"true\",2,!1,!1,function(){return!0},0);function G(a,b){this.h=a;this.c=void 0!==b?b:null;this.b=null;switch(a){case \"comment\":this.b=8;break;case \"text\":this.b=3;break;case \"processing-instruction\":this.b=7;break;case \"node\":break;default:throw Error(\"Unexpected argument\");}}function Cb(a){return\"comment\"==a||\"text\"==a||\"processing-instruction\"==a||\"node\"==a}G.prototype.a=function(a){return null===this.b||this.b==a.nodeType};G.prototype.f=function(){return this.h};\nG.prototype.toString=function(){var a=\"Kind Test: \"+this.h;null===this.c||(a+=K(this.c));return a};function Db(a){J.call(this,3);this.c=a.substring(1,a.length-1)}l(Db,J);Db.prototype.a=function(){return this.c};Db.prototype.toString=function(){return\"Literal: \"+this.c};function F(a,b){this.j=a.toLowerCase();a=\"*\"==this.j?\"*\":\"http://www.w3.org/1999/xhtml\";this.c=b?b.toLowerCase():a}F.prototype.a=function(a){var b=a.nodeType;if(1!=b&&2!=b)return!1;b=void 0!==a.localName?a.localName:a.nodeName;return\"*\"!=this.j&&this.j!=b.toLowerCase()?!1:\"*\"==this.c?!0:this.c==(a.namespaceURI?a.namespaceURI.toLowerCase():\"http://www.w3.org/1999/xhtml\")};F.prototype.f=function(){return this.j};\nF.prototype.toString=function(){return\"Name Test: \"+(\"http://www.w3.org/1999/xhtml\"==this.c?\"\":this.c+\":\")+this.j};function Eb(a){J.call(this,1);this.c=a}l(Eb,J);Eb.prototype.a=function(){return this.c};Eb.prototype.toString=function(){return\"Number: \"+this.c};function Fb(a,b){J.call(this,a.i);this.h=a;this.c=b;this.g=a.g;this.b=a.b;1==this.c.length&&(a=this.c[0],a.A||a.c!=Gb||(a=a.o,\"*\"!=a.f()&&(this.f={name:a.f(),u:null})))}l(Fb,J);function Hb(){J.call(this,4)}l(Hb,J);Hb.prototype.a=function(a){var b=new E;a=a.a;9==a.nodeType?b.add(a):b.add(a.ownerDocument);return b};Hb.prototype.toString=function(){return\"Root Helper Expression\"};function Ib(){J.call(this,4)}l(Ib,J);Ib.prototype.a=function(a){var b=new E;b.add(a.a);return b};Ib.prototype.toString=function(){return\"Context Helper Expression\"};\nfunction Jb(a){return\"/\"==a||\"//\"==a}Fb.prototype.a=function(a){var b=this.h.a(a);if(!(b instanceof E))throw Error(\"Filter expression must evaluate to nodeset.\");a=this.c;for(var c=0,d=a.length;c<d&&b.l;c++){var e=a[c],f=H(b,e.c.s);if(e.g||e.c!=Kb)if(e.g||e.c!=Lb){var g=I(f);for(b=e.a(new ia(g));null!=(g=I(f));)g=e.a(new ia(g)),b=kb(b,g)}else g=I(f),b=e.a(new ia(g));else{for(g=I(f);(b=I(f))&&(!g.contains||g.contains(b))&&b.compareDocumentPosition(g)&8;g=b);b=e.a(new ia(g))}}return b};\nFb.prototype.toString=function(){var a=\"Path Expression:\"+K(this.h);if(this.c.length){var b=la(this.c,function(c,d){return c+K(d)},\"Steps:\");a+=K(b)}return a};function Mb(a,b){this.a=a;this.s=!!b}\nfunction yb(a,b,c){for(c=c||0;c<a.a.length;c++)for(var d=a.a[c],e=H(b),f=b.l,g,h=0;g=I(e);h++){var m=a.s?f-h:h+1;g=d.a(new ia(g,m,f));if(\"number\"==typeof g)m=m==g;else if(\"string\"==typeof g||\"boolean\"==typeof g)m=!!g;else if(g instanceof E)m=0<g.l;else throw Error(\"Predicate.evaluate returned an unexpected type.\");if(!m){m=e;g=m.f;var w=m.a;if(!w)throw Error(\"Next must be called at least once before remove.\");var r=w.b;w=w.a;r?r.a=w:g.a=w;w?w.b=r:g.b=r;g.l--;m.a=null}}return b}\nMb.prototype.toString=function(){return la(this.a,function(a,b){return a+K(b)},\"Predicates:\")};function R(a,b,c,d){J.call(this,4);this.c=a;this.o=b;this.h=c||new Mb([]);this.A=!!d;b=this.h;b=0<b.a.length?b.a[0].f:null;a.J&&b&&(a=b.name,a=x?a.toLowerCase():a,this.f={name:a,u:b.u});a:{a=this.h;for(b=0;b<a.a.length;b++)if(c=a.a[b],c.g||1==c.i||0==c.i){a=!0;break a}a=!1}this.g=a}l(R,J);\nR.prototype.a=function(a){var b=a.a,c=this.f,d=null,e=null,f=0;c&&(d=c.name,e=c.u?O(c.u,a):null,f=1);if(this.A)if(this.g||this.c!=Nb)if(b=H((new R(Ob,new G(\"node\"))).a(a)),c=I(b))for(a=this.m(c,d,e,f);null!=(c=I(b));)a=kb(a,this.m(c,d,e,f));else a=new E;else a=bb(this.o,b,d,e),a=yb(this.h,a,f);else a=this.m(a.a,d,e,f);return a};R.prototype.m=function(a,b,c,d){a=this.c.v(this.o,a,b,c);return a=yb(this.h,a,d)};\nR.prototype.toString=function(){var a=\"Step:\"+K(\"Operator: \"+(this.A?\"//\":\"/\"));this.c.j&&(a+=K(\"Axis: \"+this.c));a+=K(this.o);if(this.h.a.length){var b=la(this.h.a,function(c,d){return c+K(d)},\"Predicates:\");a+=K(b)}return a};function Pb(a,b,c,d){this.j=a;this.v=b;this.s=c;this.J=d}Pb.prototype.toString=function(){return this.j};var Qb={};function S(a,b,c,d){if(Qb.hasOwnProperty(a))throw Error(\"Axis already created: \"+a);b=new Pb(a,b,c,!!d);return Qb[a]=b}\nS(\"ancestor\",function(a,b){for(var c=new E;b=b.parentNode;)a.a(b)&&lb(c,b);return c},!0);S(\"ancestor-or-self\",function(a,b){var c=new E;do a.a(b)&&lb(c,b);while(b=b.parentNode);return c},!0);\nvar Gb=S(\"attribute\",function(a,b){var c=new E,d=a.f();if(\"style\"==d&&x&&b.style)return c.add(new Na(b.style,b,\"style\",b.style.cssText)),c;var e=b.attributes;if(e)if(a instanceof G&&null===a.b||\"*\"==d)for(a=0;d=e[a];a++)x?d.nodeValue&&c.add(Oa(b,d)):c.add(d);else(d=e.getNamedItem(d))&&(x?d.nodeValue&&c.add(Oa(b,d)):c.add(d));return c},!1),Nb=S(\"child\",function(a,b,c,d,e){return(x?hb:ib).call(null,a,b,aa(c)?c:null,aa(d)?d:null,e||new E)},!1,!0);S(\"descendant\",bb,!1,!0);\nvar Ob=S(\"descendant-or-self\",function(a,b,c,d){var e=new E;C(b,c,d)&&a.a(b)&&e.add(b);return bb(a,b,c,d,e)},!1,!0),Kb=S(\"following\",function(a,b,c,d){var e=new E;do for(var f=b;f=f.nextSibling;)C(f,c,d)&&a.a(f)&&e.add(f),e=bb(a,f,c,d,e);while(b=b.parentNode);return e},!1,!0);S(\"following-sibling\",function(a,b){for(var c=new E;b=b.nextSibling;)a.a(b)&&c.add(b);return c},!1);S(\"namespace\",function(){return new E},!1);\nvar Rb=S(\"parent\",function(a,b){var c=new E;if(9==b.nodeType)return c;if(2==b.nodeType)return c.add(b.ownerElement),c;b=b.parentNode;a.a(b)&&c.add(b);return c},!1),Lb=S(\"preceding\",function(a,b,c,d){var e=new E,f=[];do f.unshift(b);while(b=b.parentNode);for(var g=1,h=f.length;g<h;g++){var m=[];for(b=f[g];b=b.previousSibling;)m.unshift(b);for(var w=0,r=m.length;w<r;w++)b=m[w],C(b,c,d)&&a.a(b)&&e.add(b),e=bb(a,b,c,d,e)}return e},!0,!0);\nS(\"preceding-sibling\",function(a,b){for(var c=new E;b=b.previousSibling;)a.a(b)&&lb(c,b);return c},!0);var Sb=S(\"self\",function(a,b){var c=new E;a.a(b)&&c.add(b);return c},!1);function Tb(a){J.call(this,1);this.c=a;this.g=a.g;this.b=a.b}l(Tb,J);Tb.prototype.a=function(a){return-N(this.c,a)};Tb.prototype.toString=function(){return\"Unary Expression: -\"+K(this.c)};function Ub(a){J.call(this,4);this.c=a;pb(this,ma(this.c,function(b){return b.g}));qb(this,ma(this.c,function(b){return b.b}))}l(Ub,J);Ub.prototype.a=function(a){var b=new E;n(this.c,function(c){c=c.a(a);if(!(c instanceof E))throw Error(\"Path expression must evaluate to NodeSet.\");b=kb(b,c)});return b};Ub.prototype.toString=function(){return la(this.c,function(a,b){return a+K(b)},\"Union Expression:\")};function Vb(a,b){this.a=a;this.b=b}function Yb(a){for(var b,c=[];;){T(a,\"Missing right hand side of binary expression.\");b=Zb(a);var d=z(a.a);if(!d)break;var e=(d=wb[d]||null)&&d.D;if(!e){a.a.a--;break}for(;c.length&&e<=c[c.length-1].D;)b=new sb(c.pop(),c.pop(),b);c.push(b,d)}for(;c.length;)b=new sb(c.pop(),c.pop(),b);return b}function T(a,b){if(Ta(a.a))throw Error(b);}function $b(a,b){a=z(a.a);if(a!=b)throw Error(\"Bad token, expected: \"+b+\" got: \"+a);}\nfunction ac(a){a=z(a.a);if(\")\"!=a)throw Error(\"Bad token: \"+a);}function bc(a){a=z(a.a);if(2>a.length)throw Error(\"Unclosed literal string\");return new Db(a)}\nfunction cc(a){var b=[];if(Jb(y(a.a))){var c=z(a.a);var d=y(a.a);if(\"/\"==c&&(Ta(a.a)||\".\"!=d&&\"..\"!=d&&\"@\"!=d&&\"*\"!=d&&!/(?![0-9])[\\w]/.test(d)))return new Hb;d=new Hb;T(a,\"Missing next location step.\");c=dc(a,c);b.push(c)}else{a:{c=y(a.a);d=c.charAt(0);switch(d){case \"$\":throw Error(\"Variable reference not allowed in HTML XPath\");case \"(\":z(a.a);c=Yb(a);T(a,'unclosed \"(\"');$b(a,\")\");break;case '\"':case \"'\":c=bc(a);break;default:if(isNaN(+c))if(!Cb(c)&&/(?![0-9])[\\w]/.test(d)&&\"(\"==y(a.a,1)){c=z(a.a);\nc=Bb[c]||null;z(a.a);for(d=[];\")\"!=y(a.a);){T(a,\"Missing function argument list.\");d.push(Yb(a));if(\",\"!=y(a.a))break;z(a.a)}T(a,\"Unclosed function argument list.\");ac(a);c=new zb(c,d)}else{c=null;break a}else c=new Eb(+z(a.a))}\"[\"==y(a.a)&&(d=new Mb(ec(a)),c=new xb(c,d))}if(c)if(Jb(y(a.a)))d=c;else return c;else c=dc(a,\"/\"),d=new Ib,b.push(c)}for(;Jb(y(a.a));)c=z(a.a),T(a,\"Missing next location step.\"),c=dc(a,c),b.push(c);return new Fb(d,b)}\nfunction dc(a,b){if(\"/\"!=b&&\"//\"!=b)throw Error('Step op should be \"/\" or \"//\"');if(\".\"==y(a.a)){var c=new R(Sb,new G(\"node\"));z(a.a);return c}if(\"..\"==y(a.a))return c=new R(Rb,new G(\"node\")),z(a.a),c;if(\"@\"==y(a.a)){var d=Gb;z(a.a);T(a,\"Missing attribute name\")}else if(\"::\"==y(a.a,1)){if(!/(?![0-9])[\\w]/.test(y(a.a).charAt(0)))throw Error(\"Bad token: \"+z(a.a));var e=z(a.a);d=Qb[e]||null;if(!d)throw Error(\"No axis with name: \"+e);z(a.a);T(a,\"Missing node name\")}else d=Nb;e=y(a.a);if(/(?![0-9])[\\w\\*]/.test(e.charAt(0)))if(\"(\"==\ny(a.a,1)){if(!Cb(e))throw Error(\"Invalid node type: \"+e);e=z(a.a);if(!Cb(e))throw Error(\"Invalid type name: \"+e);$b(a,\"(\");T(a,\"Bad nodetype\");var f=y(a.a).charAt(0),g=null;if('\"'==f||\"'\"==f)g=bc(a);T(a,\"Bad nodetype\");ac(a);e=new G(e,g)}else if(e=z(a.a),f=e.indexOf(\":\"),-1==f)e=new F(e);else{g=e.substring(0,f);if(\"*\"==g)var h=\"*\";else if(h=a.b(g),!h)throw Error(\"Namespace prefix not declared: \"+g);e=e.substr(f+1);e=new F(e,h)}else throw Error(\"Bad token: \"+z(a.a));a=new Mb(ec(a),d.s);return c||new R(d,\ne,a,\"//\"==b)}function ec(a){for(var b=[];\"[\"==y(a.a);){z(a.a);T(a,\"Missing predicate expression.\");var c=Yb(a);b.push(c);T(a,\"Unclosed predicate expression.\");$b(a,\"]\")}return b}function Zb(a){if(\"-\"==y(a.a))return z(a.a),new Tb(Zb(a));var b=cc(a);if(\"|\"!=y(a.a))a=b;else{for(b=[b];\"|\"==z(a.a);)T(a,\"Missing next union location path.\"),b.push(cc(a));a.a.a--;a=new Ub(b)}return a};function fc(a){switch(a.nodeType){case 1:return ha(gc,a);case 9:return fc(a.documentElement);case 11:case 10:case 6:case 12:return hc;default:return a.parentNode?fc(a.parentNode):hc}}function hc(){return null}function gc(a,b){if(a.prefix==b)return a.namespaceURI||\"http://www.w3.org/1999/xhtml\";var c=a.getAttributeNode(\"xmlns:\"+b);return c&&c.specified?c.value||null:a.parentNode&&9!=a.parentNode.nodeType?gc(a.parentNode,b):null};function ic(a,b){if(!a.length)throw Error(\"Empty XPath expression.\");a=Qa(a);if(Ta(a))throw Error(\"Invalid XPath expression.\");b?\"function\"==ca(b)||(b=fa(b.lookupNamespaceURI,b)):b=function(){return null};var c=Yb(new Vb(a,b));if(!Ta(a))throw Error(\"Bad token: \"+z(a));this.evaluate=function(d,e){d=c.a(new ia(d));return new U(d,e)}}\nfunction U(a,b){if(0==b)if(a instanceof E)b=4;else if(\"string\"==typeof a)b=2;else if(\"number\"==typeof a)b=1;else if(\"boolean\"==typeof a)b=3;else throw Error(\"Unexpected evaluation result.\");if(2!=b&&1!=b&&3!=b&&!(a instanceof E))throw Error(\"value could not be converted to the specified type\");this.resultType=b;switch(b){case 2:this.stringValue=a instanceof E?nb(a):\"\"+a;break;case 1:this.numberValue=a instanceof E?+nb(a):+a;break;case 3:this.booleanValue=a instanceof E?0<a.l:!!a;break;case 4:case 5:case 6:case 7:var c=\nH(a);var d=[];for(var e=I(c);e;e=I(c))d.push(e instanceof Na?e.a:e);this.snapshotLength=a.l;this.invalidIteratorState=!1;break;case 8:case 9:a=mb(a);this.singleNodeValue=a instanceof Na?a.a:a;break;default:throw Error(\"Unknown XPathResult type.\");}var f=0;this.iterateNext=function(){if(4!=b&&5!=b)throw Error(\"iterateNext called with wrong result type\");return f>=d.length?null:d[f++]};this.snapshotItem=function(g){if(6!=b&&7!=b)throw Error(\"snapshotItem called with wrong result type\");return g>=d.length||\n0>g?null:d[g]}}U.ANY_TYPE=0;U.NUMBER_TYPE=1;U.STRING_TYPE=2;U.BOOLEAN_TYPE=3;U.UNORDERED_NODE_ITERATOR_TYPE=4;U.ORDERED_NODE_ITERATOR_TYPE=5;U.UNORDERED_NODE_SNAPSHOT_TYPE=6;U.ORDERED_NODE_SNAPSHOT_TYPE=7;U.ANY_UNORDERED_NODE_TYPE=8;U.FIRST_ORDERED_NODE_TYPE=9;function jc(a){this.lookupNamespaceURI=fc(a)}\nfunction kc(a,b){a=a||k;var c=a.Document&&a.Document.prototype||a.document;if(!c.evaluate||b)a.XPathResult=U,c.evaluate=function(d,e,f,g){return(new ic(d,f)).evaluate(e,g)},c.createExpression=function(d,e){return new ic(d,e)},c.createNSResolver=function(d){return new jc(d)}}ba(\"wgxpath.install\",kc);ba(\"wgxpath.install\",kc);var lc={aliceblue:\"#f0f8ff\",antiquewhite:\"#faebd7\",aqua:\"#00ffff\",aquamarine:\"#7fffd4\",azure:\"#f0ffff\",beige:\"#f5f5dc\",bisque:\"#ffe4c4\",black:\"#000000\",blanchedalmond:\"#ffebcd\",blue:\"#0000ff\",blueviolet:\"#8a2be2\",brown:\"#a52a2a\",burlywood:\"#deb887\",cadetblue:\"#5f9ea0\",chartreuse:\"#7fff00\",chocolate:\"#d2691e\",coral:\"#ff7f50\",cornflowerblue:\"#6495ed\",cornsilk:\"#fff8dc\",crimson:\"#dc143c\",cyan:\"#00ffff\",darkblue:\"#00008b\",darkcyan:\"#008b8b\",darkgoldenrod:\"#b8860b\",darkgray:\"#a9a9a9\",darkgreen:\"#006400\",\ndarkgrey:\"#a9a9a9\",darkkhaki:\"#bdb76b\",darkmagenta:\"#8b008b\",darkolivegreen:\"#556b2f\",darkorange:\"#ff8c00\",darkorchid:\"#9932cc\",darkred:\"#8b0000\",darksalmon:\"#e9967a\",darkseagreen:\"#8fbc8f\",darkslateblue:\"#483d8b\",darkslategray:\"#2f4f4f\",darkslategrey:\"#2f4f4f\",darkturquoise:\"#00ced1\",darkviolet:\"#9400d3\",deeppink:\"#ff1493\",deepskyblue:\"#00bfff\",dimgray:\"#696969\",dimgrey:\"#696969\",dodgerblue:\"#1e90ff\",firebrick:\"#b22222\",floralwhite:\"#fffaf0\",forestgreen:\"#228b22\",fuchsia:\"#ff00ff\",gainsboro:\"#dcdcdc\",\nghostwhite:\"#f8f8ff\",gold:\"#ffd700\",goldenrod:\"#daa520\",gray:\"#808080\",green:\"#008000\",greenyellow:\"#adff2f\",grey:\"#808080\",honeydew:\"#f0fff0\",hotpink:\"#ff69b4\",indianred:\"#cd5c5c\",indigo:\"#4b0082\",ivory:\"#fffff0\",khaki:\"#f0e68c\",lavender:\"#e6e6fa\",lavenderblush:\"#fff0f5\",lawngreen:\"#7cfc00\",lemonchiffon:\"#fffacd\",lightblue:\"#add8e6\",lightcoral:\"#f08080\",lightcyan:\"#e0ffff\",lightgoldenrodyellow:\"#fafad2\",lightgray:\"#d3d3d3\",lightgreen:\"#90ee90\",lightgrey:\"#d3d3d3\",lightpink:\"#ffb6c1\",lightsalmon:\"#ffa07a\",\nlightseagreen:\"#20b2aa\",lightskyblue:\"#87cefa\",lightslategray:\"#778899\",lightslategrey:\"#778899\",lightsteelblue:\"#b0c4de\",lightyellow:\"#ffffe0\",lime:\"#00ff00\",limegreen:\"#32cd32\",linen:\"#faf0e6\",magenta:\"#ff00ff\",maroon:\"#800000\",mediumaquamarine:\"#66cdaa\",mediumblue:\"#0000cd\",mediumorchid:\"#ba55d3\",mediumpurple:\"#9370db\",mediumseagreen:\"#3cb371\",mediumslateblue:\"#7b68ee\",mediumspringgreen:\"#00fa9a\",mediumturquoise:\"#48d1cc\",mediumvioletred:\"#c71585\",midnightblue:\"#191970\",mintcream:\"#f5fffa\",mistyrose:\"#ffe4e1\",\nmoccasin:\"#ffe4b5\",navajowhite:\"#ffdead\",navy:\"#000080\",oldlace:\"#fdf5e6\",olive:\"#808000\",olivedrab:\"#6b8e23\",orange:\"#ffa500\",orangered:\"#ff4500\",orchid:\"#da70d6\",palegoldenrod:\"#eee8aa\",palegreen:\"#98fb98\",paleturquoise:\"#afeeee\",palevioletred:\"#db7093\",papayawhip:\"#ffefd5\",peachpuff:\"#ffdab9\",peru:\"#cd853f\",pink:\"#ffc0cb\",plum:\"#dda0dd\",powderblue:\"#b0e0e6\",purple:\"#800080\",red:\"#ff0000\",rosybrown:\"#bc8f8f\",royalblue:\"#4169e1\",saddlebrown:\"#8b4513\",salmon:\"#fa8072\",sandybrown:\"#f4a460\",seagreen:\"#2e8b57\",\nseashell:\"#fff5ee\",sienna:\"#a0522d\",silver:\"#c0c0c0\",skyblue:\"#87ceeb\",slateblue:\"#6a5acd\",slategray:\"#708090\",slategrey:\"#708090\",snow:\"#fffafa\",springgreen:\"#00ff7f\",steelblue:\"#4682b4\",tan:\"#d2b48c\",teal:\"#008080\",thistle:\"#d8bfd8\",tomato:\"#ff6347\",turquoise:\"#40e0d0\",violet:\"#ee82ee\",wheat:\"#f5deb3\",white:\"#ffffff\",whitesmoke:\"#f5f5f5\",yellow:\"#ffff00\",yellowgreen:\"#9acd32\"};var mc=\"backgroundColor borderTopColor borderRightColor borderBottomColor borderLeftColor color outlineColor\".split(\" \"),nc=/#([0-9a-fA-F])([0-9a-fA-F])([0-9a-fA-F])/,oc=/^#(?:[0-9a-f]{3}){1,2}$/i,pc=/^(?:rgba)?\\((\\d{1,3}),\\s?(\\d{1,3}),\\s?(\\d{1,3}),\\s?(0|1|0\\.\\d*)\\)$/i,qc=/^(?:rgb)?\\((0|[1-9]\\d{0,2}),\\s?(0|[1-9]\\d{0,2}),\\s?(0|[1-9]\\d{0,2})\\)$/i;function rc(a,b){this.code=a;this.a=V[a]||sc;this.message=b||\"\";a=this.a.replace(/((?:^|\\s+)[a-z])/g,function(c){return c.toUpperCase().replace(/^[\\s\\xa0]+/g,\"\")});b=a.length-5;if(0>b||a.indexOf(\"Error\",b)!=b)a+=\"Error\";this.name=a;a=Error(this.message);a.name=this.name;this.stack=a.stack||\"\"}l(rc,Error);var sc=\"unknown error\",V={15:\"element not selectable\",11:\"element not visible\"};V[31]=sc;V[30]=sc;V[24]=\"invalid cookie domain\";V[29]=\"invalid element coordinates\";V[12]=\"invalid element state\";\nV[32]=\"invalid selector\";V[51]=\"invalid selector\";V[52]=\"invalid selector\";V[17]=\"javascript error\";V[405]=\"unsupported operation\";V[34]=\"move target out of bounds\";V[27]=\"no such alert\";V[7]=\"no such element\";V[8]=\"no such frame\";V[23]=\"no such window\";V[28]=\"script timeout\";V[33]=\"session not created\";V[10]=\"stale element reference\";V[21]=\"timeout\";V[25]=\"unable to set cookie\";V[26]=\"unexpected alert open\";V[13]=sc;V[9]=\"unknown command\";var tc=va(),uc=ya()||u(\"iPod\"),vc=u(\"iPad\"),wc=u(\"Android\")&&!(wa()||va()||u(\"Opera\")||u(\"Silk\")),xc=wa(),yc=u(\"Safari\")&&!(wa()||u(\"Coast\")||u(\"Opera\")||u(\"Edge\")||u(\"Edg/\")||u(\"OPR\")||va()||u(\"Silk\")||u(\"Android\"))&&!(ya()||u(\"iPad\")||u(\"iPod\"));function zc(a){return(a=a.exec(t))?a[1]:\"\"}(function(){if(tc)return zc(/Firefox\\/([0-9.]+)/);if(v||Ca||Ba)return Ga;if(xc)return ya()||u(\"iPad\")||u(\"iPod\")?zc(/CriOS\\/([0-9.]+)/):zc(/Chrome\\/([0-9.]+)/);if(yc&&!(ya()||u(\"iPad\")||u(\"iPod\")))return zc(/Version\\/([0-9.]+)/);if(uc||vc){var a=/Version\\/(\\S+).*Mobile\\/(\\S+)/.exec(t);if(a)return a[1]+\".\"+a[2]}else if(wc)return(a=zc(/Android\\s+([0-9.]+)/))?a:zc(/Version\\/([0-9.]+)/);return\"\"})();var Ac=v&&!(9<=Number(La));function W(a,b){b&&\"string\"!==typeof b&&(b=b.toString());return!!a&&1==a.nodeType&&(!b||a.tagName.toUpperCase()==b)};var Bc=function(){var a={K:\"http://www.w3.org/2000/svg\"};return function(b){return a[b]||null}}();\nfunction Cc(a,b){var c=A(a);if(!c.documentElement)return null;(v||wc)&&kc(c?c.parentWindow||c.defaultView:window);try{var d=c.createNSResolver?c.createNSResolver(c.documentElement):Bc;if(v&&!Ka(7))return c.evaluate.call(c,b,a,d,9,null);if(!v||9<=Number(La)){for(var e={},f=c.getElementsByTagName(\"*\"),g=0;g<f.length;++g){var h=f[g],m=h.namespaceURI;if(m&&!e[m]){var w=h.lookupPrefix(m);if(!w){var r=m.match(\".*/(\\\\w+)/?$\");w=r?r[1]:\"xhtml\"}e[m]=w}}var D={},L;for(L in e)D[e[L]]=L;d=function(M){return D[M]||\nnull}}try{return c.evaluate(b,a,d,9,null)}catch(M){if(\"TypeError\"===M.name)return d=c.createNSResolver?c.createNSResolver(c.documentElement):Bc,c.evaluate(b,a,d,9,null);throw M;}}catch(M){if(!Da||\"NS_ERROR_ILLEGAL_VALUE\"!=M.name)throw new rc(32,\"Unable to locate an element with the xpath expression \"+b+\" because of the following error:\\n\"+M);}}\nfunction Dc(a,b){var c=function(){var d=Cc(b,a);return d?d.singleNodeValue||null:b.selectSingleNode?(d=A(b),d.setProperty&&d.setProperty(\"SelectionLanguage\",\"XPath\"),b.selectSingleNode(a)):null}();if(null!==c&&(!c||1!=c.nodeType))throw new rc(32,'The result of the xpath expression \"'+a+'\" is: '+c+\". It should be an element.\");return c};function Ec(a,b,c,d){this.c=a;this.a=b;this.b=c;this.f=d}Ec.prototype.ceil=function(){this.c=Math.ceil(this.c);this.a=Math.ceil(this.a);this.b=Math.ceil(this.b);this.f=Math.ceil(this.f);return this};Ec.prototype.floor=function(){this.c=Math.floor(this.c);this.a=Math.floor(this.a);this.b=Math.floor(this.b);this.f=Math.floor(this.f);return this};Ec.prototype.round=function(){this.c=Math.round(this.c);this.a=Math.round(this.a);this.b=Math.round(this.b);this.f=Math.round(this.f);return this};function X(a,b,c,d){this.a=a;this.b=b;this.width=c;this.height=d}X.prototype.ceil=function(){this.a=Math.ceil(this.a);this.b=Math.ceil(this.b);this.width=Math.ceil(this.width);this.height=Math.ceil(this.height);return this};X.prototype.floor=function(){this.a=Math.floor(this.a);this.b=Math.floor(this.b);this.width=Math.floor(this.width);this.height=Math.floor(this.height);return this};\nX.prototype.round=function(){this.a=Math.round(this.a);this.b=Math.round(this.b);this.width=Math.round(this.width);this.height=Math.round(this.height);return this};var Fc=\"function\"===typeof ShadowRoot;function Gc(a){for(a=a.parentNode;a&&1!=a.nodeType&&9!=a.nodeType&&11!=a.nodeType;)a=a.parentNode;return W(a)?a:null}\nfunction Y(a,b){b=xa(b);if(\"float\"==b||\"cssFloat\"==b||\"styleFloat\"==b)b=Ac?\"styleFloat\":\"cssFloat\";a:{var c=b;var d=A(a);if(d.defaultView&&d.defaultView.getComputedStyle&&(d=d.defaultView.getComputedStyle(a,null))){c=d[c]||d.getPropertyValue(c)||\"\";break a}c=\"\"}a=c||Hc(a,b);if(null===a)a=null;else if(0<=ja(mc,b)){b:{var e=a.match(pc);if(e&&(b=Number(e[1]),c=Number(e[2]),d=Number(e[3]),e=Number(e[4]),0<=b&&255>=b&&0<=c&&255>=c&&0<=d&&255>=d&&0<=e&&1>=e)){b=[b,c,d,e];break b}b=null}if(!b)b:{if(d=a.match(qc))if(b=\nNumber(d[1]),c=Number(d[2]),d=Number(d[3]),0<=b&&255>=b&&0<=c&&255>=c&&0<=d&&255>=d){b=[b,c,d,1];break b}b=null}if(!b)b:{b=a.toLowerCase();c=lc[b.toLowerCase()];if(!c&&(c=\"#\"==b.charAt(0)?b:\"#\"+b,4==c.length&&(c=c.replace(nc,\"#$1$1$2$2$3$3\")),!oc.test(c))){b=null;break b}b=[parseInt(c.substr(1,2),16),parseInt(c.substr(3,2),16),parseInt(c.substr(5,2),16),1]}a=b?\"rgba(\"+b.join(\", \")+\")\":a}return a}\nfunction Hc(a,b){var c=a.currentStyle||a.style,d=c[b];void 0===d&&\"function\"==ca(c.getPropertyValue)&&(d=c.getPropertyValue(b));return\"inherit\"!=d?void 0!==d?d:null:(a=Gc(a))?Hc(a,b):null}\nfunction Ic(a,b,c){function d(g){var h=Jc(g);return 0<h.height&&0<h.width?!0:W(g,\"PATH\")&&(0<h.height||0<h.width)?(g=Y(g,\"stroke-width\"),!!g&&0<parseInt(g,10)):\"hidden\"!=Y(g,\"overflow\")&&ma(g.childNodes,function(m){return 3==m.nodeType||W(m)&&d(m)})}function e(g){return Kc(g)==Z&&na(g.childNodes,function(h){return!W(h)||e(h)||!d(h)})}if(!W(a))throw Error(\"Argument to isShown must be of type Element\");if(W(a,\"BODY\"))return!0;if(W(a,\"OPTION\")||W(a,\"OPTGROUP\"))return a=$a(a,function(g){return W(g,\"SELECT\")}),\n!!a&&Ic(a,!0,c);var f=Lc(a);if(f)return!!f.image&&0<f.rect.width&&0<f.rect.height&&Ic(f.image,b,c);if(W(a,\"INPUT\")&&\"hidden\"==a.type.toLowerCase()||W(a,\"NOSCRIPT\"))return!1;f=Y(a,\"visibility\");return\"collapse\"!=f&&\"hidden\"!=f&&c(a)&&(b||0!=Mc(a))&&d(a)?!e(a):!1}var Z=\"hidden\";\nfunction Kc(a){function b(p){function q(fb){if(fb==g)return!0;var Wb=Y(fb,\"display\");return 0==Wb.lastIndexOf(\"inline\",0)||\"contents\"==Wb||\"absolute\"==Xb&&\"static\"==Y(fb,\"position\")?!1:!0}var Xb=Y(p,\"position\");if(\"fixed\"==Xb)return w=!0,p==g?null:g;for(p=Gc(p);p&&!q(p);)p=Gc(p);return p}function c(p){var q=p;if(\"visible\"==m)if(p==g&&h)q=h;else if(p==h)return{x:\"visible\",y:\"visible\"};q={x:Y(q,\"overflow-x\"),y:Y(q,\"overflow-y\")};p==g&&(q.x=\"visible\"==q.x?\"auto\":q.x,q.y=\"visible\"==q.y?\"auto\":q.y);return q}\nfunction d(p){if(p==g){var q=(new ab(f)).a;p=q.scrollingElement?q.scrollingElement:Ea||\"CSS1Compat\"!=q.compatMode?q.body||q.documentElement:q.documentElement;q=q.parentWindow||q.defaultView;p=v&&Ka(\"10\")&&q.pageYOffset!=p.scrollTop?new Ua(p.scrollLeft,p.scrollTop):new Ua(q.pageXOffset||p.scrollLeft,q.pageYOffset||p.scrollTop)}else p=new Ua(p.scrollLeft,p.scrollTop);return p}var e=Nc(a),f=A(a),g=f.documentElement,h=f.body,m=Y(g,\"overflow\"),w;for(a=b(a);a;a=b(a)){var r=c(a);if(\"visible\"!=r.x||\"visible\"!=\nr.y){var D=Jc(a);if(0==D.width||0==D.height)return Z;var L=e.a<D.a,M=e.b<D.b;if(L&&\"hidden\"==r.x||M&&\"hidden\"==r.y)return Z;if(L&&\"visible\"!=r.x||M&&\"visible\"!=r.y){L=d(a);M=e.b<D.b-L.y;if(e.a<D.a-L.x&&\"visible\"!=r.x||M&&\"visible\"!=r.x)return Z;e=Kc(a);return e==Z?Z:\"scroll\"}L=e.f>=D.a+D.width;D=e.c>=D.b+D.height;if(L&&\"hidden\"==r.x||D&&\"hidden\"==r.y)return Z;if(L&&\"visible\"!=r.x||D&&\"visible\"!=r.y){if(w&&(r=d(a),e.f>=g.scrollWidth-r.x||e.a>=g.scrollHeight-r.y))return Z;e=Kc(a);return e==Z?Z:\"scroll\"}}}return\"none\"}\nfunction Jc(a){var b=Lc(a);if(b)return b.rect;if(W(a,\"HTML\"))return a=A(a),a=((a?a.parentWindow||a.defaultView:window)||window).document,a=\"CSS1Compat\"==a.compatMode?a.documentElement:a.body,a=new Va(a.clientWidth,a.clientHeight),new X(0,0,a.width,a.height);try{var c=a.getBoundingClientRect()}catch(d){return new X(0,0,0,0)}b=new X(c.left,c.top,c.right-c.left,c.bottom-c.top);v&&a.ownerDocument.body&&(a=A(a),b.a-=a.documentElement.clientLeft+a.body.clientLeft,b.b-=a.documentElement.clientTop+a.body.clientTop);\nreturn b}function Lc(a){var b=W(a,\"MAP\");if(!b&&!W(a,\"AREA\"))return null;var c=b?a:W(a.parentNode,\"MAP\")?a.parentNode:null,d=null,e=null;c&&c.name&&(d=Dc('/descendant::*[@usemap = \"#'+c.name+'\"]',A(c)))&&(e=Jc(d),b||\"default\"==a.shape.toLowerCase()||(a=Oc(a),b=Math.min(Math.max(a.a,0),e.width),c=Math.min(Math.max(a.b,0),e.height),e=new X(b+e.a,c+e.b,Math.min(a.width,e.width-b),Math.min(a.height,e.height-c))));return{image:d,rect:e||new X(0,0,0,0)}}\nfunction Oc(a){var b=a.shape.toLowerCase();a=a.coords.split(\",\");if(\"rect\"==b&&4==a.length){b=a[0];var c=a[1];return new X(b,c,a[2]-b,a[3]-c)}if(\"circle\"==b&&3==a.length)return b=a[2],new X(a[0]-b,a[1]-b,2*b,2*b);if(\"poly\"==b&&2<a.length){b=a[0];c=a[1];for(var d=b,e=c,f=2;f+1<a.length;f+=2)b=Math.min(b,a[f]),d=Math.max(d,a[f]),c=Math.min(c,a[f+1]),e=Math.max(e,a[f+1]);return new X(b,c,d-b,e-c)}return new X(0,0,0,0)}function Nc(a){a=Jc(a);return new Ec(a.b,a.a+a.width,a.b+a.height,a.a)}\nfunction Mc(a){if(Ac){if(\"relative\"==Y(a,\"position\"))return 1;a=Y(a,\"filter\");return(a=a.match(/^alpha\\(opacity=(\\d*)\\)/)||a.match(/^progid:DXImageTransform.Microsoft.Alpha\\(Opacity=(\\d*)\\)/))?Number(a[1])/100:1}return Pc(a)}function Pc(a){var b=1,c=Y(a,\"opacity\");c&&(b=Number(c));(a=Gc(a))&&(b*=Pc(a));return b};ba(\"_\",function(a,b){function c(d){if(W(d)&&\"none\"==Y(d,\"display\"))return!1;var e;if((e=d.parentNode)&&e.shadowRoot&&void 0!==d.assignedSlot)e=d.assignedSlot?d.assignedSlot.parentNode:null;else if(d.getDestinationInsertionPoints){var f=d.getDestinationInsertionPoints();0<f.length&&(e=f[f.length-1])}if(Fc&&e instanceof ShadowRoot){if(e.host.shadowRoot!==e)return!1;e=e.host}return!e||9!=e.nodeType&&11!=e.nodeType?e&&W(e,\"DETAILS\")&&!e.open&&!W(d,\"SUMMARY\")?!1:!!e&&c(e):!0}return Ic(a,!!b,c)});; return this._.apply(null,arguments);}).apply({navigator:typeof window!='undefined'?window.navigator:null,document:typeof window!='undefined'?window.document:null}, arguments);}\n).apply(null, arguments);", "args": [{"element-6066-11e4-a52e-4f735466cecf": "f.71DB0DF9B840E708CAB28FC798045831.d.C558A7EE53FB6D46B4B9713CFE807C9E.e.44"}]}
DEBUG    urllib3.connectionpool:connectionpool.py:544 http://selenium-hub:4444 "POST /wd/hub/session/fcd0dd8d498ba139fab82ef28f7baf5a/execute/sync HTTP/1.1" 200 0
DEBUG    selenium.webdriver.remote.remote_connection:remote_connection.py:329 Remote response: status=200 | data={"value":true} | headers=HTTPHeaderDict({'content-length': '14', 'content-type': 'application/json; charset=utf-8', 'cache-control': 'no-cache'})
DEBUG    selenium.webdriver.remote.remote_connection:remote_connection.py:356 Finished Request
DEBUG    selenium.webdriver.remote.remote_connection:remote_connection.py:313 POST http://selenium-hub:4444/wd/hub/session/fcd0dd8d498ba139fab82ef28f7baf5a/element/f.71DB0DF9B840E708CAB28FC798045831.d.C558A7EE53FB6D46B4B9713CFE807C9E.e.44/clear {}
DEBUG    urllib3.connectionpool:connectionpool.py:544 http://selenium-hub:4444 "POST /wd/hub/session/fcd0dd8d498ba139fab82ef28f7baf5a/element/f.71DB0DF9B840E708CAB28FC798045831.d.C558A7EE53FB6D46B4B9713CFE807C9E.e.44/clear HTTP/1.1" 200 0
DEBUG    selenium.webdriver.remote.remote_connection:remote_connection.py:329 Remote response: status=200 | data={"value":null} | headers=HTTPHeaderDict({'content-length': '14', 'content-type': 'application/json; charset=utf-8', 'cache-control': 'no-cache'})
DEBUG    selenium.webdriver.remote.remote_connection:remote_connection.py:356 Finished Request
DEBUG    selenium.webdriver.remote.remote_connection:remote_connection.py:313 POST http://selenium-hub:4444/wd/hub/session/fcd0dd8d498ba139fab82ef28f7baf5a/element/f.71DB0DF9B840E708CAB28FC798045831.d.C558A7EE53FB6D46B4B9713CFE807C9E.e.44/value {"text": "awantikakagdelwar@gmail.com", "value": ["a", "w", "a", "n", "t", "i", "k", "a", "k", "a", "g", "d", "e", "l", "w", "a", "r", "@", "g", "m", "a", "i", "l", ".", "c", "o", "m"]}
DEBUG    urllib3.connectionpool:connectionpool.py:544 http://selenium-hub:4444 "POST /wd/hub/session/fcd0dd8d498ba139fab82ef28f7baf5a/element/f.71DB0DF9B840E708CAB28FC798045831.d.C558A7EE53FB6D46B4B9713CFE807C9E.e.44/value HTTP/1.1" 200 0
DEBUG    selenium.webdriver.remote.remote_connection:remote_connection.py:329 Remote response: status=200 | data={"value":null} | headers=HTTPHeaderDict({'content-length': '14', 'content-type': 'application/json; charset=utf-8', 'cache-control': 'no-cache'})
DEBUG    selenium.webdriver.remote.remote_connection:remote_connection.py:356 Finished Request
DEBUG    selenium.webdriver.remote.remote_connection:remote_connection.py:313 POST http://selenium-hub:4444/wd/hub/session/fcd0dd8d498ba139fab82ef28f7baf5a/element {"using": "css selector", "value": "[data-testid='login-password']"}
DEBUG    urllib3.connectionpool:connectionpool.py:544 http://selenium-hub:4444 "POST /wd/hub/session/fcd0dd8d498ba139fab82ef28f7baf5a/element HTTP/1.1" 200 0
DEBUG    selenium.webdriver.remote.remote_connection:remote_connection.py:329 Remote response: status=200 | data={"value":{"element-6066-11e4-a52e-4f735466cecf":"f.71DB0DF9B840E708CAB28FC798045831.d.C558A7EE53FB6D46B4B9713CFE807C9E.e.45"}} | headers=HTTPHeaderDict({'content-length': '126', 'content-type': 'application/json; charset=utf-8', 'cache-control': 'no-cache'})
DEBUG    selenium.webdriver.remote.remote_connection:remote_connection.py:356 Finished Request
DEBUG    selenium.webdriver.remote.remote_connection:remote_connection.py:313 POST http://selenium-hub:4444/wd/hub/session/fcd0dd8d498ba139fab82ef28f7baf5a/execute/sync {"script": "/* isDisplayed */return (function(){return (function(){var k=this||self;function aa(a){return\"string\"==typeof a}function ba(a,b){a=a.split(\".\");var c=k;a[0]in c||\"undefined\"==typeof c.execScript||c.execScript(\"var \"+a[0]);for(var d;a.length&&(d=a.shift());)a.length||void 0===b?c[d]&&c[d]!==Object.prototype[d]?c=c[d]:c=c[d]={}:c[d]=b}\nfunction ca(a){var b=typeof a;if(\"object\"==b)if(a){if(a instanceof Array)return\"array\";if(a instanceof Object)return b;var c=Object.prototype.toString.call(a);if(\"[object Window]\"==c)return\"object\";if(\"[object Array]\"==c||\"number\"==typeof a.length&&\"undefined\"!=typeof a.splice&&\"undefined\"!=typeof a.propertyIsEnumerable&&!a.propertyIsEnumerable(\"splice\"))return\"array\";if(\"[object Function]\"==c||\"undefined\"!=typeof a.call&&\"undefined\"!=typeof a.propertyIsEnumerable&&!a.propertyIsEnumerable(\"call\"))return\"function\"}else return\"null\";\nelse if(\"function\"==b&&\"undefined\"==typeof a.call)return\"object\";return b}function da(a,b,c){return a.call.apply(a.bind,arguments)}function ea(a,b,c){if(!a)throw Error();if(2<arguments.length){var d=Array.prototype.slice.call(arguments,2);return function(){var e=Array.prototype.slice.call(arguments);Array.prototype.unshift.apply(e,d);return a.apply(b,e)}}return function(){return a.apply(b,arguments)}}\nfunction fa(a,b,c){Function.prototype.bind&&-1!=Function.prototype.bind.toString().indexOf(\"native code\")?fa=da:fa=ea;return fa.apply(null,arguments)}function ha(a,b){var c=Array.prototype.slice.call(arguments,1);return function(){var d=c.slice();d.push.apply(d,arguments);return a.apply(this,d)}}function l(a,b){function c(){}c.prototype=b.prototype;a.prototype=new c;a.prototype.constructor=a};/*\n\n The MIT License\n\n Copyright (c) 2007 Cybozu Labs, Inc.\n Copyright (c) 2012 Google Inc.\n\n Permission is hereby granted, free of charge, to any person obtaining a copy\n of this software and associated documentation files (the \"Software\"), to\n deal in the Software without restriction, including without limitation the\n rights to use, copy, modify, merge, publish, distribute, sublicense, and/or\n sell copies of the Software, and to permit persons to whom the Software is\n furnished to do so, subject to the following conditions:\n\n The above copyright notice and this permission notice shall be included in\n all copies or substantial portions of the Software.\n\n THE SOFTWARE IS PROVIDED \"AS IS\", WITHOUT WARRANTY OF ANY KIND, EXPRESS OR\n IMPLIED, INCLUDING BUT NOT LIMITED TO THE WARRANTIES OF MERCHANTABILITY,\n FITNESS FOR A PARTICULAR PURPOSE AND NONINFRINGEMENT. IN NO EVENT SHALL THE\n AUTHORS OR COPYRIGHT HOLDERS BE LIABLE FOR ANY CLAIM, DAMAGES OR OTHER\n LIABILITY, WHETHER IN AN ACTION OF CONTRACT, TORT OR OTHERWISE, ARISING\n FROM, OUT OF OR IN CONNECTION WITH THE SOFTWARE OR THE USE OR OTHER DEALINGS\n IN THE SOFTWARE.\n*/\nfunction ia(a,b,c){this.a=a;this.b=b||1;this.f=c||1};var ja=Array.prototype.indexOf?function(a,b){return Array.prototype.indexOf.call(a,b,void 0)}:function(a,b){if(\"string\"===typeof a)return\"string\"!==typeof b||1!=b.length?-1:a.indexOf(b,0);for(var c=0;c<a.length;c++)if(c in a&&a[c]===b)return c;return-1},n=Array.prototype.forEach?function(a,b){Array.prototype.forEach.call(a,b,void 0)}:function(a,b){for(var c=a.length,d=\"string\"===typeof a?a.split(\"\"):a,e=0;e<c;e++)e in d&&b.call(void 0,d[e],e,a)},ka=Array.prototype.filter?function(a,b){return Array.prototype.filter.call(a,\nb,void 0)}:function(a,b){for(var c=a.length,d=[],e=0,f=\"string\"===typeof a?a.split(\"\"):a,g=0;g<c;g++)if(g in f){var h=f[g];b.call(void 0,h,g,a)&&(d[e++]=h)}return d},la=Array.prototype.reduce?function(a,b,c){return Array.prototype.reduce.call(a,b,c)}:function(a,b,c){var d=c;n(a,function(e,f){d=b.call(void 0,d,e,f,a)});return d},ma=Array.prototype.some?function(a,b){return Array.prototype.some.call(a,b,void 0)}:function(a,b){for(var c=a.length,d=\"string\"===typeof a?a.split(\"\"):a,e=0;e<c;e++)if(e in\nd&&b.call(void 0,d[e],e,a))return!0;return!1},na=Array.prototype.every?function(a,b){return Array.prototype.every.call(a,b,void 0)}:function(a,b){for(var c=a.length,d=\"string\"===typeof a?a.split(\"\"):a,e=0;e<c;e++)if(e in d&&!b.call(void 0,d[e],e,a))return!1;return!0};function oa(a,b){a:{for(var c=a.length,d=\"string\"===typeof a?a.split(\"\"):a,e=0;e<c;e++)if(e in d&&b.call(void 0,d[e],e,a)){b=e;break a}b=-1}return 0>b?null:\"string\"===typeof a?a.charAt(b):a[b]}\nfunction pa(a){return Array.prototype.concat.apply([],arguments)}function qa(a,b,c){return 2>=arguments.length?Array.prototype.slice.call(a,b):Array.prototype.slice.call(a,b,c)};var ra=String.prototype.trim?function(a){return a.trim()}:function(a){return/^[\\s\\xa0]*([\\s\\S]*?)[\\s\\xa0]*$/.exec(a)[1]};function sa(a,b){return a<b?-1:a>b?1:0};var t;a:{var ta=k.navigator;if(ta){var ua=ta.userAgent;if(ua){t=ua;break a}}t=\"\"}function u(a){return-1!=t.indexOf(a)};function va(){return u(\"Firefox\")||u(\"FxiOS\")}function wa(){return(u(\"Chrome\")||u(\"CriOS\"))&&!u(\"Edge\")};function xa(a){return String(a).replace(/\\-([a-z])/g,function(b,c){return c.toUpperCase()})};function ya(){return u(\"iPhone\")&&!u(\"iPod\")&&!u(\"iPad\")};function za(a,b){var c=Aa;return Object.prototype.hasOwnProperty.call(c,a)?c[a]:c[a]=b(a)};var Ba=u(\"Opera\"),v=u(\"Trident\")||u(\"MSIE\"),Ca=u(\"Edge\"),Da=u(\"Gecko\")&&!(-1!=t.toLowerCase().indexOf(\"webkit\")&&!u(\"Edge\"))&&!(u(\"Trident\")||u(\"MSIE\"))&&!u(\"Edge\"),Ea=-1!=t.toLowerCase().indexOf(\"webkit\")&&!u(\"Edge\");function Fa(){var a=k.document;return a?a.documentMode:void 0}var Ga;\na:{var Ha=\"\",Ia=function(){var a=t;if(Da)return/rv:([^\\);]+)(\\)|;)/.exec(a);if(Ca)return/Edge\\/([\\d\\.]+)/.exec(a);if(v)return/\\b(?:MSIE|rv)[: ]([^\\);]+)(\\)|;)/.exec(a);if(Ea)return/WebKit\\/(\\S+)/.exec(a);if(Ba)return/(?:Version)[ \\/]?(\\S+)/.exec(a)}();Ia&&(Ha=Ia?Ia[1]:\"\");if(v){var Ja=Fa();if(null!=Ja&&Ja>parseFloat(Ha)){Ga=String(Ja);break a}}Ga=Ha}var Aa={};\nfunction Ka(a){return za(a,function(){for(var b=0,c=ra(String(Ga)).split(\".\"),d=ra(String(a)).split(\".\"),e=Math.max(c.length,d.length),f=0;0==b&&f<e;f++){var g=c[f]||\"\",h=d[f]||\"\";do{g=/(\\d*)(\\D*)(.*)/.exec(g)||[\"\",\"\",\"\",\"\"];h=/(\\d*)(\\D*)(.*)/.exec(h)||[\"\",\"\",\"\",\"\"];if(0==g[0].length&&0==h[0].length)break;b=sa(0==g[1].length?0:parseInt(g[1],10),0==h[1].length?0:parseInt(h[1],10))||sa(0==g[2].length,0==h[2].length)||sa(g[2],h[2]);g=g[3];h=h[3]}while(0==b)}return 0<=b})}var La;\nLa=k.document&&v?Fa():void 0;var x=v&&!(9<=Number(La)),Ma=v&&!(8<=Number(La));function Na(a,b,c,d){this.a=a;this.nodeName=c;this.nodeValue=d;this.nodeType=2;this.parentNode=this.ownerElement=b}function Oa(a,b){var c=Ma&&\"href\"==b.nodeName?a.getAttribute(b.nodeName,2):b.nodeValue;return new Na(b,a,b.nodeName,c)};function Pa(a){this.b=a;this.a=0}function Qa(a){a=a.match(Ra);for(var b=0;b<a.length;b++)Sa.test(a[b])&&a.splice(b,1);return new Pa(a)}var Ra=/\\$?(?:(?![0-9-\\.])(?:\\*|[\\w-\\.]+):)?(?![0-9-\\.])(?:\\*|[\\w-\\.]+)|\\/\\/|\\.\\.|::|\\d+(?:\\.\\d*)?|\\.\\d+|\"[^\"]*\"|'[^']*'|[!<>]=|\\s+|./g,Sa=/^\\s/;function y(a,b){return a.b[a.a+(b||0)]}function z(a){return a.b[a.a++]}function Ta(a){return a.b.length<=a.a};function Ua(a,b){this.x=void 0!==a?a:0;this.y=void 0!==b?b:0}Ua.prototype.ceil=function(){this.x=Math.ceil(this.x);this.y=Math.ceil(this.y);return this};Ua.prototype.floor=function(){this.x=Math.floor(this.x);this.y=Math.floor(this.y);return this};Ua.prototype.round=function(){this.x=Math.round(this.x);this.y=Math.round(this.y);return this};function Va(a,b){this.width=a;this.height=b}Va.prototype.aspectRatio=function(){return this.width/this.height};Va.prototype.ceil=function(){this.width=Math.ceil(this.width);this.height=Math.ceil(this.height);return this};Va.prototype.floor=function(){this.width=Math.floor(this.width);this.height=Math.floor(this.height);return this};Va.prototype.round=function(){this.width=Math.round(this.width);this.height=Math.round(this.height);return this};function Wa(a,b){if(!a||!b)return!1;if(a.contains&&1==b.nodeType)return a==b||a.contains(b);if(\"undefined\"!=typeof a.compareDocumentPosition)return a==b||!!(a.compareDocumentPosition(b)&16);for(;b&&a!=b;)b=b.parentNode;return b==a}\nfunction Xa(a,b){if(a==b)return 0;if(a.compareDocumentPosition)return a.compareDocumentPosition(b)&2?1:-1;if(v&&!(9<=Number(La))){if(9==a.nodeType)return-1;if(9==b.nodeType)return 1}if(\"sourceIndex\"in a||a.parentNode&&\"sourceIndex\"in a.parentNode){var c=1==a.nodeType,d=1==b.nodeType;if(c&&d)return a.sourceIndex-b.sourceIndex;var e=a.parentNode,f=b.parentNode;return e==f?Ya(a,b):!c&&Wa(e,b)?-1*Za(a,b):!d&&Wa(f,a)?Za(b,a):(c?a.sourceIndex:e.sourceIndex)-(d?b.sourceIndex:f.sourceIndex)}d=A(a);c=d.createRange();\nc.selectNode(a);c.collapse(!0);a=d.createRange();a.selectNode(b);a.collapse(!0);return c.compareBoundaryPoints(k.Range.START_TO_END,a)}function Za(a,b){var c=a.parentNode;if(c==b)return-1;for(;b.parentNode!=c;)b=b.parentNode;return Ya(b,a)}function Ya(a,b){for(;b=b.previousSibling;)if(b==a)return-1;return 1}function A(a){return 9==a.nodeType?a:a.ownerDocument||a.document}function $a(a,b){a&&(a=a.parentNode);for(var c=0;a;){if(b(a))return a;a=a.parentNode;c++}return null}\nfunction ab(a){this.a=a||k.document||document}ab.prototype.getElementsByTagName=function(a,b){return(b||this.a).getElementsByTagName(String(a))};function B(a){var b=null,c=a.nodeType;1==c&&(b=a.textContent,b=void 0==b||null==b?a.innerText:b,b=void 0==b||null==b?\"\":b);if(\"string\"!=typeof b)if(x&&\"title\"==a.nodeName.toLowerCase()&&1==c)b=a.text;else if(9==c||1==c){a=9==c?a.documentElement:a.firstChild;c=0;var d=[];for(b=\"\";a;){do 1!=a.nodeType&&(b+=a.nodeValue),x&&\"title\"==a.nodeName.toLowerCase()&&(b+=a.text),d[c++]=a;while(a=a.firstChild);for(;c&&!(a=d[--c].nextSibling););}}else b=a.nodeValue;return b}\nfunction C(a,b,c){if(null===b)return!0;try{if(!a.getAttribute)return!1}catch(d){return!1}Ma&&\"class\"==b&&(b=\"className\");return null==c?!!a.getAttribute(b):a.getAttribute(b,2)==c}function bb(a,b,c,d,e){return(x?cb:db).call(null,a,b,aa(c)?c:null,aa(d)?d:null,e||new E)}\nfunction cb(a,b,c,d,e){if(a instanceof F||8==a.b||c&&null===a.b){var f=b.all;if(!f)return e;a=eb(a);if(\"*\"!=a&&(f=b.getElementsByTagName(a),!f))return e;if(c){for(var g=[],h=0;b=f[h++];)C(b,c,d)&&g.push(b);f=g}for(h=0;b=f[h++];)\"*\"==a&&\"!\"==b.tagName||e.add(b);return e}gb(a,b,c,d,e);return e}\nfunction db(a,b,c,d,e){b.getElementsByName&&d&&\"name\"==c&&!v?(b=b.getElementsByName(d),n(b,function(f){a.a(f)&&e.add(f)})):b.getElementsByClassName&&d&&\"class\"==c?(b=b.getElementsByClassName(d),n(b,function(f){f.className==d&&a.a(f)&&e.add(f)})):a instanceof G?gb(a,b,c,d,e):b.getElementsByTagName&&(b=b.getElementsByTagName(a.f()),n(b,function(f){C(f,c,d)&&e.add(f)}));return e}\nfunction hb(a,b,c,d,e){var f;if((a instanceof F||8==a.b||c&&null===a.b)&&(f=b.childNodes)){var g=eb(a);if(\"*\"!=g&&(f=ka(f,function(h){return h.tagName&&h.tagName.toLowerCase()==g}),!f))return e;c&&(f=ka(f,function(h){return C(h,c,d)}));n(f,function(h){\"*\"==g&&(\"!\"==h.tagName||\"*\"==g&&1!=h.nodeType)||e.add(h)});return e}return ib(a,b,c,d,e)}function ib(a,b,c,d,e){for(b=b.firstChild;b;b=b.nextSibling)C(b,c,d)&&a.a(b)&&e.add(b);return e}\nfunction gb(a,b,c,d,e){for(b=b.firstChild;b;b=b.nextSibling)C(b,c,d)&&a.a(b)&&e.add(b),gb(a,b,c,d,e)}function eb(a){if(a instanceof G){if(8==a.b)return\"!\";if(null===a.b)return\"*\"}return a.f()};function E(){this.b=this.a=null;this.l=0}function jb(a){this.f=a;this.a=this.b=null}function kb(a,b){if(!a.a)return b;if(!b.a)return a;var c=a.a;b=b.a;for(var d=null,e,f=0;c&&b;){e=c.f;var g=b.f;e==g||e instanceof Na&&g instanceof Na&&e.a==g.a?(e=c,c=c.a,b=b.a):0<Xa(c.f,b.f)?(e=b,b=b.a):(e=c,c=c.a);(e.b=d)?d.a=e:a.a=e;d=e;f++}for(e=c||b;e;)e.b=d,d=d.a=e,f++,e=e.a;a.b=d;a.l=f;return a}function lb(a,b){b=new jb(b);b.a=a.a;a.b?a.a.b=b:a.a=a.b=b;a.a=b;a.l++}\nE.prototype.add=function(a){a=new jb(a);a.b=this.b;this.a?this.b.a=a:this.a=this.b=a;this.b=a;this.l++};function mb(a){return(a=a.a)?a.f:null}function nb(a){return(a=mb(a))?B(a):\"\"}function H(a,b){return new ob(a,!!b)}function ob(a,b){this.f=a;this.b=(this.s=b)?a.b:a.a;this.a=null}function I(a){var b=a.b;if(null==b)return null;var c=a.a=b;a.b=a.s?b.b:b.a;return c.f};function J(a){this.i=a;this.b=this.g=!1;this.f=null}function K(a){return\"\\n  \"+a.toString().split(\"\\n\").join(\"\\n  \")}function pb(a,b){a.g=b}function qb(a,b){a.b=b}function N(a,b){a=a.a(b);return a instanceof E?+nb(a):+a}function O(a,b){a=a.a(b);return a instanceof E?nb(a):\"\"+a}function rb(a,b){a=a.a(b);return a instanceof E?!!a.l:!!a};function sb(a,b,c){J.call(this,a.i);this.c=a;this.h=b;this.o=c;this.g=b.g||c.g;this.b=b.b||c.b;this.c==tb&&(c.b||c.g||4==c.i||0==c.i||!b.f?b.b||b.g||4==b.i||0==b.i||!c.f||(this.f={name:c.f.name,u:b}):this.f={name:b.f.name,u:c})}l(sb,J);\nfunction ub(a,b,c,d,e){b=b.a(d);c=c.a(d);var f;if(b instanceof E&&c instanceof E){b=H(b);for(d=I(b);d;d=I(b))for(e=H(c),f=I(e);f;f=I(e))if(a(B(d),B(f)))return!0;return!1}if(b instanceof E||c instanceof E){b instanceof E?(e=b,d=c):(e=c,d=b);f=H(e);for(var g=typeof d,h=I(f);h;h=I(f)){switch(g){case \"number\":h=+B(h);break;case \"boolean\":h=!!B(h);break;case \"string\":h=B(h);break;default:throw Error(\"Illegal primitive type for comparison.\");}if(e==b&&a(h,d)||e==c&&a(d,h))return!0}return!1}return e?\"boolean\"==\ntypeof b||\"boolean\"==typeof c?a(!!b,!!c):\"number\"==typeof b||\"number\"==typeof c?a(+b,+c):a(b,c):a(+b,+c)}sb.prototype.a=function(a){return this.c.m(this.h,this.o,a)};sb.prototype.toString=function(){var a=\"Binary Expression: \"+this.c;a+=K(this.h);return a+=K(this.o)};function vb(a,b,c,d){this.I=a;this.D=b;this.i=c;this.m=d}vb.prototype.toString=function(){return this.I};var wb={};\nfunction P(a,b,c,d){if(wb.hasOwnProperty(a))throw Error(\"Binary operator already created: \"+a);a=new vb(a,b,c,d);return wb[a.toString()]=a}P(\"div\",6,1,function(a,b,c){return N(a,c)/N(b,c)});P(\"mod\",6,1,function(a,b,c){return N(a,c)%N(b,c)});P(\"*\",6,1,function(a,b,c){return N(a,c)*N(b,c)});P(\"+\",5,1,function(a,b,c){return N(a,c)+N(b,c)});P(\"-\",5,1,function(a,b,c){return N(a,c)-N(b,c)});P(\"<\",4,2,function(a,b,c){return ub(function(d,e){return d<e},a,b,c)});\nP(\">\",4,2,function(a,b,c){return ub(function(d,e){return d>e},a,b,c)});P(\"<=\",4,2,function(a,b,c){return ub(function(d,e){return d<=e},a,b,c)});P(\">=\",4,2,function(a,b,c){return ub(function(d,e){return d>=e},a,b,c)});var tb=P(\"=\",3,2,function(a,b,c){return ub(function(d,e){return d==e},a,b,c,!0)});P(\"!=\",3,2,function(a,b,c){return ub(function(d,e){return d!=e},a,b,c,!0)});P(\"and\",2,2,function(a,b,c){return rb(a,c)&&rb(b,c)});P(\"or\",1,2,function(a,b,c){return rb(a,c)||rb(b,c)});function xb(a,b){if(b.a.length&&4!=a.i)throw Error(\"Primary expression must evaluate to nodeset if filter has predicate(s).\");J.call(this,a.i);this.c=a;this.h=b;this.g=a.g;this.b=a.b}l(xb,J);xb.prototype.a=function(a){a=this.c.a(a);return yb(this.h,a)};xb.prototype.toString=function(){var a=\"Filter:\"+K(this.c);return a+=K(this.h)};function zb(a,b){if(b.length<a.C)throw Error(\"Function \"+a.j+\" expects at least\"+a.C+\" arguments, \"+b.length+\" given\");if(null!==a.B&&b.length>a.B)throw Error(\"Function \"+a.j+\" expects at most \"+a.B+\" arguments, \"+b.length+\" given\");a.H&&n(b,function(c,d){if(4!=c.i)throw Error(\"Argument \"+d+\" to function \"+a.j+\" is not of type Nodeset: \"+c);});J.call(this,a.i);this.v=a;this.c=b;pb(this,a.g||ma(b,function(c){return c.g}));qb(this,a.G&&!b.length||a.F&&!!b.length||ma(b,function(c){return c.b}))}\nl(zb,J);zb.prototype.a=function(a){return this.v.m.apply(null,pa(a,this.c))};zb.prototype.toString=function(){var a=\"Function: \"+this.v;if(this.c.length){var b=la(this.c,function(c,d){return c+K(d)},\"Arguments:\");a+=K(b)}return a};function Ab(a,b,c,d,e,f,g,h){this.j=a;this.i=b;this.g=c;this.G=d;this.F=!1;this.m=e;this.C=f;this.B=void 0!==g?g:f;this.H=!!h}Ab.prototype.toString=function(){return this.j};var Bb={};\nfunction Q(a,b,c,d,e,f,g,h){if(Bb.hasOwnProperty(a))throw Error(\"Function already created: \"+a+\".\");Bb[a]=new Ab(a,b,c,d,e,f,g,h)}Q(\"boolean\",2,!1,!1,function(a,b){return rb(b,a)},1);Q(\"ceiling\",1,!1,!1,function(a,b){return Math.ceil(N(b,a))},1);Q(\"concat\",3,!1,!1,function(a,b){return la(qa(arguments,1),function(c,d){return c+O(d,a)},\"\")},2,null);Q(\"contains\",2,!1,!1,function(a,b,c){b=O(b,a);a=O(c,a);return-1!=b.indexOf(a)},2);Q(\"count\",1,!1,!1,function(a,b){return b.a(a).l},1,1,!0);\nQ(\"false\",2,!1,!1,function(){return!1},0);Q(\"floor\",1,!1,!1,function(a,b){return Math.floor(N(b,a))},1);Q(\"id\",4,!1,!1,function(a,b){function c(h){if(x){var m=e.all[h];if(m){if(m.nodeType&&h==m.id)return m;if(m.length)return oa(m,function(w){return h==w.id})}return null}return e.getElementById(h)}var d=a.a,e=9==d.nodeType?d:d.ownerDocument;a=O(b,a).split(/\\s+/);var f=[];n(a,function(h){h=c(h);!h||0<=ja(f,h)||f.push(h)});f.sort(Xa);var g=new E;n(f,function(h){g.add(h)});return g},1);\nQ(\"lang\",2,!1,!1,function(){return!1},1);Q(\"last\",1,!0,!1,function(a){if(1!=arguments.length)throw Error(\"Function last expects ()\");return a.f},0);Q(\"local-name\",3,!1,!0,function(a,b){return(a=b?mb(b.a(a)):a.a)?a.localName||a.nodeName.toLowerCase():\"\"},0,1,!0);Q(\"name\",3,!1,!0,function(a,b){return(a=b?mb(b.a(a)):a.a)?a.nodeName.toLowerCase():\"\"},0,1,!0);Q(\"namespace-uri\",3,!0,!1,function(){return\"\"},0,1,!0);\nQ(\"normalize-space\",3,!1,!0,function(a,b){return(b?O(b,a):B(a.a)).replace(/[\\s\\xa0]+/g,\" \").replace(/^\\s+|\\s+$/g,\"\")},0,1);Q(\"not\",2,!1,!1,function(a,b){return!rb(b,a)},1);Q(\"number\",1,!1,!0,function(a,b){return b?N(b,a):+B(a.a)},0,1);Q(\"position\",1,!0,!1,function(a){return a.b},0);Q(\"round\",1,!1,!1,function(a,b){return Math.round(N(b,a))},1);Q(\"starts-with\",2,!1,!1,function(a,b,c){b=O(b,a);a=O(c,a);return 0==b.lastIndexOf(a,0)},2);Q(\"string\",3,!1,!0,function(a,b){return b?O(b,a):B(a.a)},0,1);\nQ(\"string-length\",1,!1,!0,function(a,b){return(b?O(b,a):B(a.a)).length},0,1);Q(\"substring\",3,!1,!1,function(a,b,c,d){c=N(c,a);if(isNaN(c)||Infinity==c||-Infinity==c)return\"\";d=d?N(d,a):Infinity;if(isNaN(d)||-Infinity===d)return\"\";c=Math.round(c)-1;var e=Math.max(c,0);a=O(b,a);return Infinity==d?a.substring(e):a.substring(e,c+Math.round(d))},2,3);Q(\"substring-after\",3,!1,!1,function(a,b,c){b=O(b,a);a=O(c,a);c=b.indexOf(a);return-1==c?\"\":b.substring(c+a.length)},2);\nQ(\"substring-before\",3,!1,!1,function(a,b,c){b=O(b,a);a=O(c,a);a=b.indexOf(a);return-1==a?\"\":b.substring(0,a)},2);Q(\"sum\",1,!1,!1,function(a,b){a=H(b.a(a));b=0;for(var c=I(a);c;c=I(a))b+=+B(c);return b},1,1,!0);Q(\"translate\",3,!1,!1,function(a,b,c,d){b=O(b,a);c=O(c,a);var e=O(d,a);a={};for(d=0;d<c.length;d++){var f=c.charAt(d);f in a||(a[f]=e.charAt(d))}c=\"\";for(d=0;d<b.length;d++)f=b.charAt(d),c+=f in a?a[f]:f;return c},3);Q(\"true\",2,!1,!1,function(){return!0},0);function G(a,b){this.h=a;this.c=void 0!==b?b:null;this.b=null;switch(a){case \"comment\":this.b=8;break;case \"text\":this.b=3;break;case \"processing-instruction\":this.b=7;break;case \"node\":break;default:throw Error(\"Unexpected argument\");}}function Cb(a){return\"comment\"==a||\"text\"==a||\"processing-instruction\"==a||\"node\"==a}G.prototype.a=function(a){return null===this.b||this.b==a.nodeType};G.prototype.f=function(){return this.h};\nG.prototype.toString=function(){var a=\"Kind Test: \"+this.h;null===this.c||(a+=K(this.c));return a};function Db(a){J.call(this,3);this.c=a.substring(1,a.length-1)}l(Db,J);Db.prototype.a=function(){return this.c};Db.prototype.toString=function(){return\"Literal: \"+this.c};function F(a,b){this.j=a.toLowerCase();a=\"*\"==this.j?\"*\":\"http://www.w3.org/1999/xhtml\";this.c=b?b.toLowerCase():a}F.prototype.a=function(a){var b=a.nodeType;if(1!=b&&2!=b)return!1;b=void 0!==a.localName?a.localName:a.nodeName;return\"*\"!=this.j&&this.j!=b.toLowerCase()?!1:\"*\"==this.c?!0:this.c==(a.namespaceURI?a.namespaceURI.toLowerCase():\"http://www.w3.org/1999/xhtml\")};F.prototype.f=function(){return this.j};\nF.prototype.toString=function(){return\"Name Test: \"+(\"http://www.w3.org/1999/xhtml\"==this.c?\"\":this.c+\":\")+this.j};function Eb(a){J.call(this,1);this.c=a}l(Eb,J);Eb.prototype.a=function(){return this.c};Eb.prototype.toString=function(){return\"Number: \"+this.c};function Fb(a,b){J.call(this,a.i);this.h=a;this.c=b;this.g=a.g;this.b=a.b;1==this.c.length&&(a=this.c[0],a.A||a.c!=Gb||(a=a.o,\"*\"!=a.f()&&(this.f={name:a.f(),u:null})))}l(Fb,J);function Hb(){J.call(this,4)}l(Hb,J);Hb.prototype.a=function(a){var b=new E;a=a.a;9==a.nodeType?b.add(a):b.add(a.ownerDocument);return b};Hb.prototype.toString=function(){return\"Root Helper Expression\"};function Ib(){J.call(this,4)}l(Ib,J);Ib.prototype.a=function(a){var b=new E;b.add(a.a);return b};Ib.prototype.toString=function(){return\"Context Helper Expression\"};\nfunction Jb(a){return\"/\"==a||\"//\"==a}Fb.prototype.a=function(a){var b=this.h.a(a);if(!(b instanceof E))throw Error(\"Filter expression must evaluate to nodeset.\");a=this.c;for(var c=0,d=a.length;c<d&&b.l;c++){var e=a[c],f=H(b,e.c.s);if(e.g||e.c!=Kb)if(e.g||e.c!=Lb){var g=I(f);for(b=e.a(new ia(g));null!=(g=I(f));)g=e.a(new ia(g)),b=kb(b,g)}else g=I(f),b=e.a(new ia(g));else{for(g=I(f);(b=I(f))&&(!g.contains||g.contains(b))&&b.compareDocumentPosition(g)&8;g=b);b=e.a(new ia(g))}}return b};\nFb.prototype.toString=function(){var a=\"Path Expression:\"+K(this.h);if(this.c.length){var b=la(this.c,function(c,d){return c+K(d)},\"Steps:\");a+=K(b)}return a};function Mb(a,b){this.a=a;this.s=!!b}\nfunction yb(a,b,c){for(c=c||0;c<a.a.length;c++)for(var d=a.a[c],e=H(b),f=b.l,g,h=0;g=I(e);h++){var m=a.s?f-h:h+1;g=d.a(new ia(g,m,f));if(\"number\"==typeof g)m=m==g;else if(\"string\"==typeof g||\"boolean\"==typeof g)m=!!g;else if(g instanceof E)m=0<g.l;else throw Error(\"Predicate.evaluate returned an unexpected type.\");if(!m){m=e;g=m.f;var w=m.a;if(!w)throw Error(\"Next must be called at least once before remove.\");var r=w.b;w=w.a;r?r.a=w:g.a=w;w?w.b=r:g.b=r;g.l--;m.a=null}}return b}\nMb.prototype.toString=function(){return la(this.a,function(a,b){return a+K(b)},\"Predicates:\")};function R(a,b,c,d){J.call(this,4);this.c=a;this.o=b;this.h=c||new Mb([]);this.A=!!d;b=this.h;b=0<b.a.length?b.a[0].f:null;a.J&&b&&(a=b.name,a=x?a.toLowerCase():a,this.f={name:a,u:b.u});a:{a=this.h;for(b=0;b<a.a.length;b++)if(c=a.a[b],c.g||1==c.i||0==c.i){a=!0;break a}a=!1}this.g=a}l(R,J);\nR.prototype.a=function(a){var b=a.a,c=this.f,d=null,e=null,f=0;c&&(d=c.name,e=c.u?O(c.u,a):null,f=1);if(this.A)if(this.g||this.c!=Nb)if(b=H((new R(Ob,new G(\"node\"))).a(a)),c=I(b))for(a=this.m(c,d,e,f);null!=(c=I(b));)a=kb(a,this.m(c,d,e,f));else a=new E;else a=bb(this.o,b,d,e),a=yb(this.h,a,f);else a=this.m(a.a,d,e,f);return a};R.prototype.m=function(a,b,c,d){a=this.c.v(this.o,a,b,c);return a=yb(this.h,a,d)};\nR.prototype.toString=function(){var a=\"Step:\"+K(\"Operator: \"+(this.A?\"//\":\"/\"));this.c.j&&(a+=K(\"Axis: \"+this.c));a+=K(this.o);if(this.h.a.length){var b=la(this.h.a,function(c,d){return c+K(d)},\"Predicates:\");a+=K(b)}return a};function Pb(a,b,c,d){this.j=a;this.v=b;this.s=c;this.J=d}Pb.prototype.toString=function(){return this.j};var Qb={};function S(a,b,c,d){if(Qb.hasOwnProperty(a))throw Error(\"Axis already created: \"+a);b=new Pb(a,b,c,!!d);return Qb[a]=b}\nS(\"ancestor\",function(a,b){for(var c=new E;b=b.parentNode;)a.a(b)&&lb(c,b);return c},!0);S(\"ancestor-or-self\",function(a,b){var c=new E;do a.a(b)&&lb(c,b);while(b=b.parentNode);return c},!0);\nvar Gb=S(\"attribute\",function(a,b){var c=new E,d=a.f();if(\"style\"==d&&x&&b.style)return c.add(new Na(b.style,b,\"style\",b.style.cssText)),c;var e=b.attributes;if(e)if(a instanceof G&&null===a.b||\"*\"==d)for(a=0;d=e[a];a++)x?d.nodeValue&&c.add(Oa(b,d)):c.add(d);else(d=e.getNamedItem(d))&&(x?d.nodeValue&&c.add(Oa(b,d)):c.add(d));return c},!1),Nb=S(\"child\",function(a,b,c,d,e){return(x?hb:ib).call(null,a,b,aa(c)?c:null,aa(d)?d:null,e||new E)},!1,!0);S(\"descendant\",bb,!1,!0);\nvar Ob=S(\"descendant-or-self\",function(a,b,c,d){var e=new E;C(b,c,d)&&a.a(b)&&e.add(b);return bb(a,b,c,d,e)},!1,!0),Kb=S(\"following\",function(a,b,c,d){var e=new E;do for(var f=b;f=f.nextSibling;)C(f,c,d)&&a.a(f)&&e.add(f),e=bb(a,f,c,d,e);while(b=b.parentNode);return e},!1,!0);S(\"following-sibling\",function(a,b){for(var c=new E;b=b.nextSibling;)a.a(b)&&c.add(b);return c},!1);S(\"namespace\",function(){return new E},!1);\nvar Rb=S(\"parent\",function(a,b){var c=new E;if(9==b.nodeType)return c;if(2==b.nodeType)return c.add(b.ownerElement),c;b=b.parentNode;a.a(b)&&c.add(b);return c},!1),Lb=S(\"preceding\",function(a,b,c,d){var e=new E,f=[];do f.unshift(b);while(b=b.parentNode);for(var g=1,h=f.length;g<h;g++){var m=[];for(b=f[g];b=b.previousSibling;)m.unshift(b);for(var w=0,r=m.length;w<r;w++)b=m[w],C(b,c,d)&&a.a(b)&&e.add(b),e=bb(a,b,c,d,e)}return e},!0,!0);\nS(\"preceding-sibling\",function(a,b){for(var c=new E;b=b.previousSibling;)a.a(b)&&lb(c,b);return c},!0);var Sb=S(\"self\",function(a,b){var c=new E;a.a(b)&&c.add(b);return c},!1);function Tb(a){J.call(this,1);this.c=a;this.g=a.g;this.b=a.b}l(Tb,J);Tb.prototype.a=function(a){return-N(this.c,a)};Tb.prototype.toString=function(){return\"Unary Expression: -\"+K(this.c)};function Ub(a){J.call(this,4);this.c=a;pb(this,ma(this.c,function(b){return b.g}));qb(this,ma(this.c,function(b){return b.b}))}l(Ub,J);Ub.prototype.a=function(a){var b=new E;n(this.c,function(c){c=c.a(a);if(!(c instanceof E))throw Error(\"Path expression must evaluate to NodeSet.\");b=kb(b,c)});return b};Ub.prototype.toString=function(){return la(this.c,function(a,b){return a+K(b)},\"Union Expression:\")};function Vb(a,b){this.a=a;this.b=b}function Yb(a){for(var b,c=[];;){T(a,\"Missing right hand side of binary expression.\");b=Zb(a);var d=z(a.a);if(!d)break;var e=(d=wb[d]||null)&&d.D;if(!e){a.a.a--;break}for(;c.length&&e<=c[c.length-1].D;)b=new sb(c.pop(),c.pop(),b);c.push(b,d)}for(;c.length;)b=new sb(c.pop(),c.pop(),b);return b}function T(a,b){if(Ta(a.a))throw Error(b);}function $b(a,b){a=z(a.a);if(a!=b)throw Error(\"Bad token, expected: \"+b+\" got: \"+a);}\nfunction ac(a){a=z(a.a);if(\")\"!=a)throw Error(\"Bad token: \"+a);}function bc(a){a=z(a.a);if(2>a.length)throw Error(\"Unclosed literal string\");return new Db(a)}\nfunction cc(a){var b=[];if(Jb(y(a.a))){var c=z(a.a);var d=y(a.a);if(\"/\"==c&&(Ta(a.a)||\".\"!=d&&\"..\"!=d&&\"@\"!=d&&\"*\"!=d&&!/(?![0-9])[\\w]/.test(d)))return new Hb;d=new Hb;T(a,\"Missing next location step.\");c=dc(a,c);b.push(c)}else{a:{c=y(a.a);d=c.charAt(0);switch(d){case \"$\":throw Error(\"Variable reference not allowed in HTML XPath\");case \"(\":z(a.a);c=Yb(a);T(a,'unclosed \"(\"');$b(a,\")\");break;case '\"':case \"'\":c=bc(a);break;default:if(isNaN(+c))if(!Cb(c)&&/(?![0-9])[\\w]/.test(d)&&\"(\"==y(a.a,1)){c=z(a.a);\nc=Bb[c]||null;z(a.a);for(d=[];\")\"!=y(a.a);){T(a,\"Missing function argument list.\");d.push(Yb(a));if(\",\"!=y(a.a))break;z(a.a)}T(a,\"Unclosed function argument list.\");ac(a);c=new zb(c,d)}else{c=null;break a}else c=new Eb(+z(a.a))}\"[\"==y(a.a)&&(d=new Mb(ec(a)),c=new xb(c,d))}if(c)if(Jb(y(a.a)))d=c;else return c;else c=dc(a,\"/\"),d=new Ib,b.push(c)}for(;Jb(y(a.a));)c=z(a.a),T(a,\"Missing next location step.\"),c=dc(a,c),b.push(c);return new Fb(d,b)}\nfunction dc(a,b){if(\"/\"!=b&&\"//\"!=b)throw Error('Step op should be \"/\" or \"//\"');if(\".\"==y(a.a)){var c=new R(Sb,new G(\"node\"));z(a.a);return c}if(\"..\"==y(a.a))return c=new R(Rb,new G(\"node\")),z(a.a),c;if(\"@\"==y(a.a)){var d=Gb;z(a.a);T(a,\"Missing attribute name\")}else if(\"::\"==y(a.a,1)){if(!/(?![0-9])[\\w]/.test(y(a.a).charAt(0)))throw Error(\"Bad token: \"+z(a.a));var e=z(a.a);d=Qb[e]||null;if(!d)throw Error(\"No axis with name: \"+e);z(a.a);T(a,\"Missing node name\")}else d=Nb;e=y(a.a);if(/(?![0-9])[\\w\\*]/.test(e.charAt(0)))if(\"(\"==\ny(a.a,1)){if(!Cb(e))throw Error(\"Invalid node type: \"+e);e=z(a.a);if(!Cb(e))throw Error(\"Invalid type name: \"+e);$b(a,\"(\");T(a,\"Bad nodetype\");var f=y(a.a).charAt(0),g=null;if('\"'==f||\"'\"==f)g=bc(a);T(a,\"Bad nodetype\");ac(a);e=new G(e,g)}else if(e=z(a.a),f=e.indexOf(\":\"),-1==f)e=new F(e);else{g=e.substring(0,f);if(\"*\"==g)var h=\"*\";else if(h=a.b(g),!h)throw Error(\"Namespace prefix not declared: \"+g);e=e.substr(f+1);e=new F(e,h)}else throw Error(\"Bad token: \"+z(a.a));a=new Mb(ec(a),d.s);return c||new R(d,\ne,a,\"//\"==b)}function ec(a){for(var b=[];\"[\"==y(a.a);){z(a.a);T(a,\"Missing predicate expression.\");var c=Yb(a);b.push(c);T(a,\"Unclosed predicate expression.\");$b(a,\"]\")}return b}function Zb(a){if(\"-\"==y(a.a))return z(a.a),new Tb(Zb(a));var b=cc(a);if(\"|\"!=y(a.a))a=b;else{for(b=[b];\"|\"==z(a.a);)T(a,\"Missing next union location path.\"),b.push(cc(a));a.a.a--;a=new Ub(b)}return a};function fc(a){switch(a.nodeType){case 1:return ha(gc,a);case 9:return fc(a.documentElement);case 11:case 10:case 6:case 12:return hc;default:return a.parentNode?fc(a.parentNode):hc}}function hc(){return null}function gc(a,b){if(a.prefix==b)return a.namespaceURI||\"http://www.w3.org/1999/xhtml\";var c=a.getAttributeNode(\"xmlns:\"+b);return c&&c.specified?c.value||null:a.parentNode&&9!=a.parentNode.nodeType?gc(a.parentNode,b):null};function ic(a,b){if(!a.length)throw Error(\"Empty XPath expression.\");a=Qa(a);if(Ta(a))throw Error(\"Invalid XPath expression.\");b?\"function\"==ca(b)||(b=fa(b.lookupNamespaceURI,b)):b=function(){return null};var c=Yb(new Vb(a,b));if(!Ta(a))throw Error(\"Bad token: \"+z(a));this.evaluate=function(d,e){d=c.a(new ia(d));return new U(d,e)}}\nfunction U(a,b){if(0==b)if(a instanceof E)b=4;else if(\"string\"==typeof a)b=2;else if(\"number\"==typeof a)b=1;else if(\"boolean\"==typeof a)b=3;else throw Error(\"Unexpected evaluation result.\");if(2!=b&&1!=b&&3!=b&&!(a instanceof E))throw Error(\"value could not be converted to the specified type\");this.resultType=b;switch(b){case 2:this.stringValue=a instanceof E?nb(a):\"\"+a;break;case 1:this.numberValue=a instanceof E?+nb(a):+a;break;case 3:this.booleanValue=a instanceof E?0<a.l:!!a;break;case 4:case 5:case 6:case 7:var c=\nH(a);var d=[];for(var e=I(c);e;e=I(c))d.push(e instanceof Na?e.a:e);this.snapshotLength=a.l;this.invalidIteratorState=!1;break;case 8:case 9:a=mb(a);this.singleNodeValue=a instanceof Na?a.a:a;break;default:throw Error(\"Unknown XPathResult type.\");}var f=0;this.iterateNext=function(){if(4!=b&&5!=b)throw Error(\"iterateNext called with wrong result type\");return f>=d.length?null:d[f++]};this.snapshotItem=function(g){if(6!=b&&7!=b)throw Error(\"snapshotItem called with wrong result type\");return g>=d.length||\n0>g?null:d[g]}}U.ANY_TYPE=0;U.NUMBER_TYPE=1;U.STRING_TYPE=2;U.BOOLEAN_TYPE=3;U.UNORDERED_NODE_ITERATOR_TYPE=4;U.ORDERED_NODE_ITERATOR_TYPE=5;U.UNORDERED_NODE_SNAPSHOT_TYPE=6;U.ORDERED_NODE_SNAPSHOT_TYPE=7;U.ANY_UNORDERED_NODE_TYPE=8;U.FIRST_ORDERED_NODE_TYPE=9;function jc(a){this.lookupNamespaceURI=fc(a)}\nfunction kc(a,b){a=a||k;var c=a.Document&&a.Document.prototype||a.document;if(!c.evaluate||b)a.XPathResult=U,c.evaluate=function(d,e,f,g){return(new ic(d,f)).evaluate(e,g)},c.createExpression=function(d,e){return new ic(d,e)},c.createNSResolver=function(d){return new jc(d)}}ba(\"wgxpath.install\",kc);ba(\"wgxpath.install\",kc);var lc={aliceblue:\"#f0f8ff\",antiquewhite:\"#faebd7\",aqua:\"#00ffff\",aquamarine:\"#7fffd4\",azure:\"#f0ffff\",beige:\"#f5f5dc\",bisque:\"#ffe4c4\",black:\"#000000\",blanchedalmond:\"#ffebcd\",blue:\"#0000ff\",blueviolet:\"#8a2be2\",brown:\"#a52a2a\",burlywood:\"#deb887\",cadetblue:\"#5f9ea0\",chartreuse:\"#7fff00\",chocolate:\"#d2691e\",coral:\"#ff7f50\",cornflowerblue:\"#6495ed\",cornsilk:\"#fff8dc\",crimson:\"#dc143c\",cyan:\"#00ffff\",darkblue:\"#00008b\",darkcyan:\"#008b8b\",darkgoldenrod:\"#b8860b\",darkgray:\"#a9a9a9\",darkgreen:\"#006400\",\ndarkgrey:\"#a9a9a9\",darkkhaki:\"#bdb76b\",darkmagenta:\"#8b008b\",darkolivegreen:\"#556b2f\",darkorange:\"#ff8c00\",darkorchid:\"#9932cc\",darkred:\"#8b0000\",darksalmon:\"#e9967a\",darkseagreen:\"#8fbc8f\",darkslateblue:\"#483d8b\",darkslategray:\"#2f4f4f\",darkslategrey:\"#2f4f4f\",darkturquoise:\"#00ced1\",darkviolet:\"#9400d3\",deeppink:\"#ff1493\",deepskyblue:\"#00bfff\",dimgray:\"#696969\",dimgrey:\"#696969\",dodgerblue:\"#1e90ff\",firebrick:\"#b22222\",floralwhite:\"#fffaf0\",forestgreen:\"#228b22\",fuchsia:\"#ff00ff\",gainsboro:\"#dcdcdc\",\nghostwhite:\"#f8f8ff\",gold:\"#ffd700\",goldenrod:\"#daa520\",gray:\"#808080\",green:\"#008000\",greenyellow:\"#adff2f\",grey:\"#808080\",honeydew:\"#f0fff0\",hotpink:\"#ff69b4\",indianred:\"#cd5c5c\",indigo:\"#4b0082\",ivory:\"#fffff0\",khaki:\"#f0e68c\",lavender:\"#e6e6fa\",lavenderblush:\"#fff0f5\",lawngreen:\"#7cfc00\",lemonchiffon:\"#fffacd\",lightblue:\"#add8e6\",lightcoral:\"#f08080\",lightcyan:\"#e0ffff\",lightgoldenrodyellow:\"#fafad2\",lightgray:\"#d3d3d3\",lightgreen:\"#90ee90\",lightgrey:\"#d3d3d3\",lightpink:\"#ffb6c1\",lightsalmon:\"#ffa07a\",\nlightseagreen:\"#20b2aa\",lightskyblue:\"#87cefa\",lightslategray:\"#778899\",lightslategrey:\"#778899\",lightsteelblue:\"#b0c4de\",lightyellow:\"#ffffe0\",lime:\"#00ff00\",limegreen:\"#32cd32\",linen:\"#faf0e6\",magenta:\"#ff00ff\",maroon:\"#800000\",mediumaquamarine:\"#66cdaa\",mediumblue:\"#0000cd\",mediumorchid:\"#ba55d3\",mediumpurple:\"#9370db\",mediumseagreen:\"#3cb371\",mediumslateblue:\"#7b68ee\",mediumspringgreen:\"#00fa9a\",mediumturquoise:\"#48d1cc\",mediumvioletred:\"#c71585\",midnightblue:\"#191970\",mintcream:\"#f5fffa\",mistyrose:\"#ffe4e1\",\nmoccasin:\"#ffe4b5\",navajowhite:\"#ffdead\",navy:\"#000080\",oldlace:\"#fdf5e6\",olive:\"#808000\",olivedrab:\"#6b8e23\",orange:\"#ffa500\",orangered:\"#ff4500\",orchid:\"#da70d6\",palegoldenrod:\"#eee8aa\",palegreen:\"#98fb98\",paleturquoise:\"#afeeee\",palevioletred:\"#db7093\",papayawhip:\"#ffefd5\",peachpuff:\"#ffdab9\",peru:\"#cd853f\",pink:\"#ffc0cb\",plum:\"#dda0dd\",powderblue:\"#b0e0e6\",purple:\"#800080\",red:\"#ff0000\",rosybrown:\"#bc8f8f\",royalblue:\"#4169e1\",saddlebrown:\"#8b4513\",salmon:\"#fa8072\",sandybrown:\"#f4a460\",seagreen:\"#2e8b57\",\nseashell:\"#fff5ee\",sienna:\"#a0522d\",silver:\"#c0c0c0\",skyblue:\"#87ceeb\",slateblue:\"#6a5acd\",slategray:\"#708090\",slategrey:\"#708090\",snow:\"#fffafa\",springgreen:\"#00ff7f\",steelblue:\"#4682b4\",tan:\"#d2b48c\",teal:\"#008080\",thistle:\"#d8bfd8\",tomato:\"#ff6347\",turquoise:\"#40e0d0\",violet:\"#ee82ee\",wheat:\"#f5deb3\",white:\"#ffffff\",whitesmoke:\"#f5f5f5\",yellow:\"#ffff00\",yellowgreen:\"#9acd32\"};var mc=\"backgroundColor borderTopColor borderRightColor borderBottomColor borderLeftColor color outlineColor\".split(\" \"),nc=/#([0-9a-fA-F])([0-9a-fA-F])([0-9a-fA-F])/,oc=/^#(?:[0-9a-f]{3}){1,2}$/i,pc=/^(?:rgba)?\\((\\d{1,3}),\\s?(\\d{1,3}),\\s?(\\d{1,3}),\\s?(0|1|0\\.\\d*)\\)$/i,qc=/^(?:rgb)?\\((0|[1-9]\\d{0,2}),\\s?(0|[1-9]\\d{0,2}),\\s?(0|[1-9]\\d{0,2})\\)$/i;function rc(a,b){this.code=a;this.a=V[a]||sc;this.message=b||\"\";a=this.a.replace(/((?:^|\\s+)[a-z])/g,function(c){return c.toUpperCase().replace(/^[\\s\\xa0]+/g,\"\")});b=a.length-5;if(0>b||a.indexOf(\"Error\",b)!=b)a+=\"Error\";this.name=a;a=Error(this.message);a.name=this.name;this.stack=a.stack||\"\"}l(rc,Error);var sc=\"unknown error\",V={15:\"element not selectable\",11:\"element not visible\"};V[31]=sc;V[30]=sc;V[24]=\"invalid cookie domain\";V[29]=\"invalid element coordinates\";V[12]=\"invalid element state\";\nV[32]=\"invalid selector\";V[51]=\"invalid selector\";V[52]=\"invalid selector\";V[17]=\"javascript error\";V[405]=\"unsupported operation\";V[34]=\"move target out of bounds\";V[27]=\"no such alert\";V[7]=\"no such element\";V[8]=\"no such frame\";V[23]=\"no such window\";V[28]=\"script timeout\";V[33]=\"session not created\";V[10]=\"stale element reference\";V[21]=\"timeout\";V[25]=\"unable to set cookie\";V[26]=\"unexpected alert open\";V[13]=sc;V[9]=\"unknown command\";var tc=va(),uc=ya()||u(\"iPod\"),vc=u(\"iPad\"),wc=u(\"Android\")&&!(wa()||va()||u(\"Opera\")||u(\"Silk\")),xc=wa(),yc=u(\"Safari\")&&!(wa()||u(\"Coast\")||u(\"Opera\")||u(\"Edge\")||u(\"Edg/\")||u(\"OPR\")||va()||u(\"Silk\")||u(\"Android\"))&&!(ya()||u(\"iPad\")||u(\"iPod\"));function zc(a){return(a=a.exec(t))?a[1]:\"\"}(function(){if(tc)return zc(/Firefox\\/([0-9.]+)/);if(v||Ca||Ba)return Ga;if(xc)return ya()||u(\"iPad\")||u(\"iPod\")?zc(/CriOS\\/([0-9.]+)/):zc(/Chrome\\/([0-9.]+)/);if(yc&&!(ya()||u(\"iPad\")||u(\"iPod\")))return zc(/Version\\/([0-9.]+)/);if(uc||vc){var a=/Version\\/(\\S+).*Mobile\\/(\\S+)/.exec(t);if(a)return a[1]+\".\"+a[2]}else if(wc)return(a=zc(/Android\\s+([0-9.]+)/))?a:zc(/Version\\/([0-9.]+)/);return\"\"})();var Ac=v&&!(9<=Number(La));function W(a,b){b&&\"string\"!==typeof b&&(b=b.toString());return!!a&&1==a.nodeType&&(!b||a.tagName.toUpperCase()==b)};var Bc=function(){var a={K:\"http://www.w3.org/2000/svg\"};return function(b){return a[b]||null}}();\nfunction Cc(a,b){var c=A(a);if(!c.documentElement)return null;(v||wc)&&kc(c?c.parentWindow||c.defaultView:window);try{var d=c.createNSResolver?c.createNSResolver(c.documentElement):Bc;if(v&&!Ka(7))return c.evaluate.call(c,b,a,d,9,null);if(!v||9<=Number(La)){for(var e={},f=c.getElementsByTagName(\"*\"),g=0;g<f.length;++g){var h=f[g],m=h.namespaceURI;if(m&&!e[m]){var w=h.lookupPrefix(m);if(!w){var r=m.match(\".*/(\\\\w+)/?$\");w=r?r[1]:\"xhtml\"}e[m]=w}}var D={},L;for(L in e)D[e[L]]=L;d=function(M){return D[M]||\nnull}}try{return c.evaluate(b,a,d,9,null)}catch(M){if(\"TypeError\"===M.name)return d=c.createNSResolver?c.createNSResolver(c.documentElement):Bc,c.evaluate(b,a,d,9,null);throw M;}}catch(M){if(!Da||\"NS_ERROR_ILLEGAL_VALUE\"!=M.name)throw new rc(32,\"Unable to locate an element with the xpath expression \"+b+\" because of the following error:\\n\"+M);}}\nfunction Dc(a,b){var c=function(){var d=Cc(b,a);return d?d.singleNodeValue||null:b.selectSingleNode?(d=A(b),d.setProperty&&d.setProperty(\"SelectionLanguage\",\"XPath\"),b.selectSingleNode(a)):null}();if(null!==c&&(!c||1!=c.nodeType))throw new rc(32,'The result of the xpath expression \"'+a+'\" is: '+c+\". It should be an element.\");return c};function Ec(a,b,c,d){this.c=a;this.a=b;this.b=c;this.f=d}Ec.prototype.ceil=function(){this.c=Math.ceil(this.c);this.a=Math.ceil(this.a);this.b=Math.ceil(this.b);this.f=Math.ceil(this.f);return this};Ec.prototype.floor=function(){this.c=Math.floor(this.c);this.a=Math.floor(this.a);this.b=Math.floor(this.b);this.f=Math.floor(this.f);return this};Ec.prototype.round=function(){this.c=Math.round(this.c);this.a=Math.round(this.a);this.b=Math.round(this.b);this.f=Math.round(this.f);return this};function X(a,b,c,d){this.a=a;this.b=b;this.width=c;this.height=d}X.prototype.ceil=function(){this.a=Math.ceil(this.a);this.b=Math.ceil(this.b);this.width=Math.ceil(this.width);this.height=Math.ceil(this.height);return this};X.prototype.floor=function(){this.a=Math.floor(this.a);this.b=Math.floor(this.b);this.width=Math.floor(this.width);this.height=Math.floor(this.height);return this};\nX.prototype.round=function(){this.a=Math.round(this.a);this.b=Math.round(this.b);this.width=Math.round(this.width);this.height=Math.round(this.height);return this};var Fc=\"function\"===typeof ShadowRoot;function Gc(a){for(a=a.parentNode;a&&1!=a.nodeType&&9!=a.nodeType&&11!=a.nodeType;)a=a.parentNode;return W(a)?a:null}\nfunction Y(a,b){b=xa(b);if(\"float\"==b||\"cssFloat\"==b||\"styleFloat\"==b)b=Ac?\"styleFloat\":\"cssFloat\";a:{var c=b;var d=A(a);if(d.defaultView&&d.defaultView.getComputedStyle&&(d=d.defaultView.getComputedStyle(a,null))){c=d[c]||d.getPropertyValue(c)||\"\";break a}c=\"\"}a=c||Hc(a,b);if(null===a)a=null;else if(0<=ja(mc,b)){b:{var e=a.match(pc);if(e&&(b=Number(e[1]),c=Number(e[2]),d=Number(e[3]),e=Number(e[4]),0<=b&&255>=b&&0<=c&&255>=c&&0<=d&&255>=d&&0<=e&&1>=e)){b=[b,c,d,e];break b}b=null}if(!b)b:{if(d=a.match(qc))if(b=\nNumber(d[1]),c=Number(d[2]),d=Number(d[3]),0<=b&&255>=b&&0<=c&&255>=c&&0<=d&&255>=d){b=[b,c,d,1];break b}b=null}if(!b)b:{b=a.toLowerCase();c=lc[b.toLowerCase()];if(!c&&(c=\"#\"==b.charAt(0)?b:\"#\"+b,4==c.length&&(c=c.replace(nc,\"#$1$1$2$2$3$3\")),!oc.test(c))){b=null;break b}b=[parseInt(c.substr(1,2),16),parseInt(c.substr(3,2),16),parseInt(c.substr(5,2),16),1]}a=b?\"rgba(\"+b.join(\", \")+\")\":a}return a}\nfunction Hc(a,b){var c=a.currentStyle||a.style,d=c[b];void 0===d&&\"function\"==ca(c.getPropertyValue)&&(d=c.getPropertyValue(b));return\"inherit\"!=d?void 0!==d?d:null:(a=Gc(a))?Hc(a,b):null}\nfunction Ic(a,b,c){function d(g){var h=Jc(g);return 0<h.height&&0<h.width?!0:W(g,\"PATH\")&&(0<h.height||0<h.width)?(g=Y(g,\"stroke-width\"),!!g&&0<parseInt(g,10)):\"hidden\"!=Y(g,\"overflow\")&&ma(g.childNodes,function(m){return 3==m.nodeType||W(m)&&d(m)})}function e(g){return Kc(g)==Z&&na(g.childNodes,function(h){return!W(h)||e(h)||!d(h)})}if(!W(a))throw Error(\"Argument to isShown must be of type Element\");if(W(a,\"BODY\"))return!0;if(W(a,\"OPTION\")||W(a,\"OPTGROUP\"))return a=$a(a,function(g){return W(g,\"SELECT\")}),\n!!a&&Ic(a,!0,c);var f=Lc(a);if(f)return!!f.image&&0<f.rect.width&&0<f.rect.height&&Ic(f.image,b,c);if(W(a,\"INPUT\")&&\"hidden\"==a.type.toLowerCase()||W(a,\"NOSCRIPT\"))return!1;f=Y(a,\"visibility\");return\"collapse\"!=f&&\"hidden\"!=f&&c(a)&&(b||0!=Mc(a))&&d(a)?!e(a):!1}var Z=\"hidden\";\nfunction Kc(a){function b(p){function q(fb){if(fb==g)return!0;var Wb=Y(fb,\"display\");return 0==Wb.lastIndexOf(\"inline\",0)||\"contents\"==Wb||\"absolute\"==Xb&&\"static\"==Y(fb,\"position\")?!1:!0}var Xb=Y(p,\"position\");if(\"fixed\"==Xb)return w=!0,p==g?null:g;for(p=Gc(p);p&&!q(p);)p=Gc(p);return p}function c(p){var q=p;if(\"visible\"==m)if(p==g&&h)q=h;else if(p==h)return{x:\"visible\",y:\"visible\"};q={x:Y(q,\"overflow-x\"),y:Y(q,\"overflow-y\")};p==g&&(q.x=\"visible\"==q.x?\"auto\":q.x,q.y=\"visible\"==q.y?\"auto\":q.y);return q}\nfunction d(p){if(p==g){var q=(new ab(f)).a;p=q.scrollingElement?q.scrollingElement:Ea||\"CSS1Compat\"!=q.compatMode?q.body||q.documentElement:q.documentElement;q=q.parentWindow||q.defaultView;p=v&&Ka(\"10\")&&q.pageYOffset!=p.scrollTop?new Ua(p.scrollLeft,p.scrollTop):new Ua(q.pageXOffset||p.scrollLeft,q.pageYOffset||p.scrollTop)}else p=new Ua(p.scrollLeft,p.scrollTop);return p}var e=Nc(a),f=A(a),g=f.documentElement,h=f.body,m=Y(g,\"overflow\"),w;for(a=b(a);a;a=b(a)){var r=c(a);if(\"visible\"!=r.x||\"visible\"!=\nr.y){var D=Jc(a);if(0==D.width||0==D.height)return Z;var L=e.a<D.a,M=e.b<D.b;if(L&&\"hidden\"==r.x||M&&\"hidden\"==r.y)return Z;if(L&&\"visible\"!=r.x||M&&\"visible\"!=r.y){L=d(a);M=e.b<D.b-L.y;if(e.a<D.a-L.x&&\"visible\"!=r.x||M&&\"visible\"!=r.x)return Z;e=Kc(a);return e==Z?Z:\"scroll\"}L=e.f>=D.a+D.width;D=e.c>=D.b+D.height;if(L&&\"hidden\"==r.x||D&&\"hidden\"==r.y)return Z;if(L&&\"visible\"!=r.x||D&&\"visible\"!=r.y){if(w&&(r=d(a),e.f>=g.scrollWidth-r.x||e.a>=g.scrollHeight-r.y))return Z;e=Kc(a);return e==Z?Z:\"scroll\"}}}return\"none\"}\nfunction Jc(a){var b=Lc(a);if(b)return b.rect;if(W(a,\"HTML\"))return a=A(a),a=((a?a.parentWindow||a.defaultView:window)||window).document,a=\"CSS1Compat\"==a.compatMode?a.documentElement:a.body,a=new Va(a.clientWidth,a.clientHeight),new X(0,0,a.width,a.height);try{var c=a.getBoundingClientRect()}catch(d){return new X(0,0,0,0)}b=new X(c.left,c.top,c.right-c.left,c.bottom-c.top);v&&a.ownerDocument.body&&(a=A(a),b.a-=a.documentElement.clientLeft+a.body.clientLeft,b.b-=a.documentElement.clientTop+a.body.clientTop);\nreturn b}function Lc(a){var b=W(a,\"MAP\");if(!b&&!W(a,\"AREA\"))return null;var c=b?a:W(a.parentNode,\"MAP\")?a.parentNode:null,d=null,e=null;c&&c.name&&(d=Dc('/descendant::*[@usemap = \"#'+c.name+'\"]',A(c)))&&(e=Jc(d),b||\"default\"==a.shape.toLowerCase()||(a=Oc(a),b=Math.min(Math.max(a.a,0),e.width),c=Math.min(Math.max(a.b,0),e.height),e=new X(b+e.a,c+e.b,Math.min(a.width,e.width-b),Math.min(a.height,e.height-c))));return{image:d,rect:e||new X(0,0,0,0)}}\nfunction Oc(a){var b=a.shape.toLowerCase();a=a.coords.split(\",\");if(\"rect\"==b&&4==a.length){b=a[0];var c=a[1];return new X(b,c,a[2]-b,a[3]-c)}if(\"circle\"==b&&3==a.length)return b=a[2],new X(a[0]-b,a[1]-b,2*b,2*b);if(\"poly\"==b&&2<a.length){b=a[0];c=a[1];for(var d=b,e=c,f=2;f+1<a.length;f+=2)b=Math.min(b,a[f]),d=Math.max(d,a[f]),c=Math.min(c,a[f+1]),e=Math.max(e,a[f+1]);return new X(b,c,d-b,e-c)}return new X(0,0,0,0)}function Nc(a){a=Jc(a);return new Ec(a.b,a.a+a.width,a.b+a.height,a.a)}\nfunction Mc(a){if(Ac){if(\"relative\"==Y(a,\"position\"))return 1;a=Y(a,\"filter\");return(a=a.match(/^alpha\\(opacity=(\\d*)\\)/)||a.match(/^progid:DXImageTransform.Microsoft.Alpha\\(Opacity=(\\d*)\\)/))?Number(a[1])/100:1}return Pc(a)}function Pc(a){var b=1,c=Y(a,\"opacity\");c&&(b=Number(c));(a=Gc(a))&&(b*=Pc(a));return b};ba(\"_\",function(a,b){function c(d){if(W(d)&&\"none\"==Y(d,\"display\"))return!1;var e;if((e=d.parentNode)&&e.shadowRoot&&void 0!==d.assignedSlot)e=d.assignedSlot?d.assignedSlot.parentNode:null;else if(d.getDestinationInsertionPoints){var f=d.getDestinationInsertionPoints();0<f.length&&(e=f[f.length-1])}if(Fc&&e instanceof ShadowRoot){if(e.host.shadowRoot!==e)return!1;e=e.host}return!e||9!=e.nodeType&&11!=e.nodeType?e&&W(e,\"DETAILS\")&&!e.open&&!W(d,\"SUMMARY\")?!1:!!e&&c(e):!0}return Ic(a,!!b,c)});; return this._.apply(null,arguments);}).apply({navigator:typeof window!='undefined'?window.navigator:null,document:typeof window!='undefined'?window.document:null}, arguments);}\n).apply(null, arguments);", "args": [{"element-6066-11e4-a52e-4f735466cecf": "f.71DB0DF9B840E708CAB28FC798045831.d.C558A7EE53FB6D46B4B9713CFE807C9E.e.45"}]}
DEBUG    urllib3.connectionpool:connectionpool.py:544 http://selenium-hub:4444 "POST /wd/hub/session/fcd0dd8d498ba139fab82ef28f7baf5a/execute/sync HTTP/1.1" 200 0
DEBUG    selenium.webdriver.remote.remote_connection:remote_connection.py:329 Remote response: status=200 | data={"value":true} | headers=HTTPHeaderDict({'content-length': '14', 'content-type': 'application/json; charset=utf-8', 'cache-control': 'no-cache'})
DEBUG    selenium.webdriver.remote.remote_connection:remote_connection.py:356 Finished Request
DEBUG    selenium.webdriver.remote.remote_connection:remote_connection.py:313 POST http://selenium-hub:4444/wd/hub/session/fcd0dd8d498ba139fab82ef28f7baf5a/element/f.71DB0DF9B840E708CAB28FC798045831.d.C558A7EE53FB6D46B4B9713CFE807C9E.e.45/clear {}
DEBUG    urllib3.connectionpool:connectionpool.py:544 http://selenium-hub:4444 "POST /wd/hub/session/fcd0dd8d498ba139fab82ef28f7baf5a/element/f.71DB0DF9B840E708CAB28FC798045831.d.C558A7EE53FB6D46B4B9713CFE807C9E.e.45/clear HTTP/1.1" 200 0
DEBUG    selenium.webdriver.remote.remote_connection:remote_connection.py:329 Remote response: status=200 | data={"value":null} | headers=HTTPHeaderDict({'content-length': '14', 'content-type': 'application/json; charset=utf-8', 'cache-control': 'no-cache'})
DEBUG    selenium.webdriver.remote.remote_connection:remote_connection.py:356 Finished Request
DEBUG    selenium.webdriver.remote.remote_connection:remote_connection.py:313 POST http://selenium-hub:4444/wd/hub/session/fcd0dd8d498ba139fab82ef28f7baf5a/element/f.71DB0DF9B840E708CAB28FC798045831.d.C558A7EE53FB6D46B4B9713CFE807C9E.e.45/value {"text": "Test@1234", "value": ["T", "e", "s", "t", "@", "1", "2", "3", "4"]}
DEBUG    urllib3.connectionpool:connectionpool.py:544 http://selenium-hub:4444 "POST /wd/hub/session/fcd0dd8d498ba139fab82ef28f7baf5a/element/f.71DB0DF9B840E708CAB28FC798045831.d.C558A7EE53FB6D46B4B9713CFE807C9E.e.45/value HTTP/1.1" 200 0
DEBUG    selenium.webdriver.remote.remote_connection:remote_connection.py:329 Remote response: status=200 | data={"value":null} | headers=HTTPHeaderDict({'content-length': '14', 'content-type': 'application/json; charset=utf-8', 'cache-control': 'no-cache'})
DEBUG    selenium.webdriver.remote.remote_connection:remote_connection.py:356 Finished Request
DEBUG    selenium.webdriver.remote.remote_connection:remote_connection.py:313 POST http://selenium-hub:4444/wd/hub/session/fcd0dd8d498ba139fab82ef28f7baf5a/element {"using": "css selector", "value": "[data-testid='login-submit']"}
DEBUG    urllib3.connectionpool:connectionpool.py:544 http://selenium-hub:4444 "POST /wd/hub/session/fcd0dd8d498ba139fab82ef28f7baf5a/element HTTP/1.1" 200 0
DEBUG    selenium.webdriver.remote.remote_connection:remote_connection.py:329 Remote response: status=200 | data={"value":{"element-6066-11e4-a52e-4f735466cecf":"f.71DB0DF9B840E708CAB28FC798045831.d.C558A7EE53FB6D46B4B9713CFE807C9E.e.46"}} | headers=HTTPHeaderDict({'content-length': '126', 'content-type': 'application/json; charset=utf-8', 'cache-control': 'no-cache'})
DEBUG    selenium.webdriver.remote.remote_connection:remote_connection.py:356 Finished Request
DEBUG    selenium.webdriver.remote.remote_connection:remote_connection.py:313 POST http://selenium-hub:4444/wd/hub/session/fcd0dd8d498ba139fab82ef28f7baf5a/execute/sync {"script": "/* isDisplayed */return (function(){return (function(){var k=this||self;function aa(a){return\"string\"==typeof a}function ba(a,b){a=a.split(\".\");var c=k;a[0]in c||\"undefined\"==typeof c.execScript||c.execScript(\"var \"+a[0]);for(var d;a.length&&(d=a.shift());)a.length||void 0===b?c[d]&&c[d]!==Object.prototype[d]?c=c[d]:c=c[d]={}:c[d]=b}\nfunction ca(a){var b=typeof a;if(\"object\"==b)if(a){if(a instanceof Array)return\"array\";if(a instanceof Object)return b;var c=Object.prototype.toString.call(a);if(\"[object Window]\"==c)return\"object\";if(\"[object Array]\"==c||\"number\"==typeof a.length&&\"undefined\"!=typeof a.splice&&\"undefined\"!=typeof a.propertyIsEnumerable&&!a.propertyIsEnumerable(\"splice\"))return\"array\";if(\"[object Function]\"==c||\"undefined\"!=typeof a.call&&\"undefined\"!=typeof a.propertyIsEnumerable&&!a.propertyIsEnumerable(\"call\"))return\"function\"}else return\"null\";\nelse if(\"function\"==b&&\"undefined\"==typeof a.call)return\"object\";return b}function da(a,b,c){return a.call.apply(a.bind,arguments)}function ea(a,b,c){if(!a)throw Error();if(2<arguments.length){var d=Array.prototype.slice.call(arguments,2);return function(){var e=Array.prototype.slice.call(arguments);Array.prototype.unshift.apply(e,d);return a.apply(b,e)}}return function(){return a.apply(b,arguments)}}\nfunction fa(a,b,c){Function.prototype.bind&&-1!=Function.prototype.bind.toString().indexOf(\"native code\")?fa=da:fa=ea;return fa.apply(null,arguments)}function ha(a,b){var c=Array.prototype.slice.call(arguments,1);return function(){var d=c.slice();d.push.apply(d,arguments);return a.apply(this,d)}}function l(a,b){function c(){}c.prototype=b.prototype;a.prototype=new c;a.prototype.constructor=a};/*\n\n The MIT License\n\n Copyright (c) 2007 Cybozu Labs, Inc.\n Copyright (c) 2012 Google Inc.\n\n Permission is hereby granted, free of charge, to any person obtaining a copy\n of this software and associated documentation files (the \"Software\"), to\n deal in the Software without restriction, including without limitation the\n rights to use, copy, modify, merge, publish, distribute, sublicense, and/or\n sell copies of the Software, and to permit persons to whom the Software is\n furnished to do so, subject to the following conditions:\n\n The above copyright notice and this permission notice shall be included in\n all copies or substantial portions of the Software.\n\n THE SOFTWARE IS PROVIDED \"AS IS\", WITHOUT WARRANTY OF ANY KIND, EXPRESS OR\n IMPLIED, INCLUDING BUT NOT LIMITED TO THE WARRANTIES OF MERCHANTABILITY,\n FITNESS FOR A PARTICULAR PURPOSE AND NONINFRINGEMENT. IN NO EVENT SHALL THE\n AUTHORS OR COPYRIGHT HOLDERS BE LIABLE FOR ANY CLAIM, DAMAGES OR OTHER\n LIABILITY, WHETHER IN AN ACTION OF CONTRACT, TORT OR OTHERWISE, ARISING\n FROM, OUT OF OR IN CONNECTION WITH THE SOFTWARE OR THE USE OR OTHER DEALINGS\n IN THE SOFTWARE.\n*/\nfunction ia(a,b,c){this.a=a;this.b=b||1;this.f=c||1};var ja=Array.prototype.indexOf?function(a,b){return Array.prototype.indexOf.call(a,b,void 0)}:function(a,b){if(\"string\"===typeof a)return\"string\"!==typeof b||1!=b.length?-1:a.indexOf(b,0);for(var c=0;c<a.length;c++)if(c in a&&a[c]===b)return c;return-1},n=Array.prototype.forEach?function(a,b){Array.prototype.forEach.call(a,b,void 0)}:function(a,b){for(var c=a.length,d=\"string\"===typeof a?a.split(\"\"):a,e=0;e<c;e++)e in d&&b.call(void 0,d[e],e,a)},ka=Array.prototype.filter?function(a,b){return Array.prototype.filter.call(a,\nb,void 0)}:function(a,b){for(var c=a.length,d=[],e=0,f=\"string\"===typeof a?a.split(\"\"):a,g=0;g<c;g++)if(g in f){var h=f[g];b.call(void 0,h,g,a)&&(d[e++]=h)}return d},la=Array.prototype.reduce?function(a,b,c){return Array.prototype.reduce.call(a,b,c)}:function(a,b,c){var d=c;n(a,function(e,f){d=b.call(void 0,d,e,f,a)});return d},ma=Array.prototype.some?function(a,b){return Array.prototype.some.call(a,b,void 0)}:function(a,b){for(var c=a.length,d=\"string\"===typeof a?a.split(\"\"):a,e=0;e<c;e++)if(e in\nd&&b.call(void 0,d[e],e,a))return!0;return!1},na=Array.prototype.every?function(a,b){return Array.prototype.every.call(a,b,void 0)}:function(a,b){for(var c=a.length,d=\"string\"===typeof a?a.split(\"\"):a,e=0;e<c;e++)if(e in d&&!b.call(void 0,d[e],e,a))return!1;return!0};function oa(a,b){a:{for(var c=a.length,d=\"string\"===typeof a?a.split(\"\"):a,e=0;e<c;e++)if(e in d&&b.call(void 0,d[e],e,a)){b=e;break a}b=-1}return 0>b?null:\"string\"===typeof a?a.charAt(b):a[b]}\nfunction pa(a){return Array.prototype.concat.apply([],arguments)}function qa(a,b,c){return 2>=arguments.length?Array.prototype.slice.call(a,b):Array.prototype.slice.call(a,b,c)};var ra=String.prototype.trim?function(a){return a.trim()}:function(a){return/^[\\s\\xa0]*([\\s\\S]*?)[\\s\\xa0]*$/.exec(a)[1]};function sa(a,b){return a<b?-1:a>b?1:0};var t;a:{var ta=k.navigator;if(ta){var ua=ta.userAgent;if(ua){t=ua;break a}}t=\"\"}function u(a){return-1!=t.indexOf(a)};function va(){return u(\"Firefox\")||u(\"FxiOS\")}function wa(){return(u(\"Chrome\")||u(\"CriOS\"))&&!u(\"Edge\")};function xa(a){return String(a).replace(/\\-([a-z])/g,function(b,c){return c.toUpperCase()})};function ya(){return u(\"iPhone\")&&!u(\"iPod\")&&!u(\"iPad\")};function za(a,b){var c=Aa;return Object.prototype.hasOwnProperty.call(c,a)?c[a]:c[a]=b(a)};var Ba=u(\"Opera\"),v=u(\"Trident\")||u(\"MSIE\"),Ca=u(\"Edge\"),Da=u(\"Gecko\")&&!(-1!=t.toLowerCase().indexOf(\"webkit\")&&!u(\"Edge\"))&&!(u(\"Trident\")||u(\"MSIE\"))&&!u(\"Edge\"),Ea=-1!=t.toLowerCase().indexOf(\"webkit\")&&!u(\"Edge\");function Fa(){var a=k.document;return a?a.documentMode:void 0}var Ga;\na:{var Ha=\"\",Ia=function(){var a=t;if(Da)return/rv:([^\\);]+)(\\)|;)/.exec(a);if(Ca)return/Edge\\/([\\d\\.]+)/.exec(a);if(v)return/\\b(?:MSIE|rv)[: ]([^\\);]+)(\\)|;)/.exec(a);if(Ea)return/WebKit\\/(\\S+)/.exec(a);if(Ba)return/(?:Version)[ \\/]?(\\S+)/.exec(a)}();Ia&&(Ha=Ia?Ia[1]:\"\");if(v){var Ja=Fa();if(null!=Ja&&Ja>parseFloat(Ha)){Ga=String(Ja);break a}}Ga=Ha}var Aa={};\nfunction Ka(a){return za(a,function(){for(var b=0,c=ra(String(Ga)).split(\".\"),d=ra(String(a)).split(\".\"),e=Math.max(c.length,d.length),f=0;0==b&&f<e;f++){var g=c[f]||\"\",h=d[f]||\"\";do{g=/(\\d*)(\\D*)(.*)/.exec(g)||[\"\",\"\",\"\",\"\"];h=/(\\d*)(\\D*)(.*)/.exec(h)||[\"\",\"\",\"\",\"\"];if(0==g[0].length&&0==h[0].length)break;b=sa(0==g[1].length?0:parseInt(g[1],10),0==h[1].length?0:parseInt(h[1],10))||sa(0==g[2].length,0==h[2].length)||sa(g[2],h[2]);g=g[3];h=h[3]}while(0==b)}return 0<=b})}var La;\nLa=k.document&&v?Fa():void 0;var x=v&&!(9<=Number(La)),Ma=v&&!(8<=Number(La));function Na(a,b,c,d){this.a=a;this.nodeName=c;this.nodeValue=d;this.nodeType=2;this.parentNode=this.ownerElement=b}function Oa(a,b){var c=Ma&&\"href\"==b.nodeName?a.getAttribute(b.nodeName,2):b.nodeValue;return new Na(b,a,b.nodeName,c)};function Pa(a){this.b=a;this.a=0}function Qa(a){a=a.match(Ra);for(var b=0;b<a.length;b++)Sa.test(a[b])&&a.splice(b,1);return new Pa(a)}var Ra=/\\$?(?:(?![0-9-\\.])(?:\\*|[\\w-\\.]+):)?(?![0-9-\\.])(?:\\*|[\\w-\\.]+)|\\/\\/|\\.\\.|::|\\d+(?:\\.\\d*)?|\\.\\d+|\"[^\"]*\"|'[^']*'|[!<>]=|\\s+|./g,Sa=/^\\s/;function y(a,b){return a.b[a.a+(b||0)]}function z(a){return a.b[a.a++]}function Ta(a){return a.b.length<=a.a};function Ua(a,b){this.x=void 0!==a?a:0;this.y=void 0!==b?b:0}Ua.prototype.ceil=function(){this.x=Math.ceil(this.x);this.y=Math.ceil(this.y);return this};Ua.prototype.floor=function(){this.x=Math.floor(this.x);this.y=Math.floor(this.y);return this};Ua.prototype.round=function(){this.x=Math.round(this.x);this.y=Math.round(this.y);return this};function Va(a,b){this.width=a;this.height=b}Va.prototype.aspectRatio=function(){return this.width/this.height};Va.prototype.ceil=function(){this.width=Math.ceil(this.width);this.height=Math.ceil(this.height);return this};Va.prototype.floor=function(){this.width=Math.floor(this.width);this.height=Math.floor(this.height);return this};Va.prototype.round=function(){this.width=Math.round(this.width);this.height=Math.round(this.height);return this};function Wa(a,b){if(!a||!b)return!1;if(a.contains&&1==b.nodeType)return a==b||a.contains(b);if(\"undefined\"!=typeof a.compareDocumentPosition)return a==b||!!(a.compareDocumentPosition(b)&16);for(;b&&a!=b;)b=b.parentNode;return b==a}\nfunction Xa(a,b){if(a==b)return 0;if(a.compareDocumentPosition)return a.compareDocumentPosition(b)&2?1:-1;if(v&&!(9<=Number(La))){if(9==a.nodeType)return-1;if(9==b.nodeType)return 1}if(\"sourceIndex\"in a||a.parentNode&&\"sourceIndex\"in a.parentNode){var c=1==a.nodeType,d=1==b.nodeType;if(c&&d)return a.sourceIndex-b.sourceIndex;var e=a.parentNode,f=b.parentNode;return e==f?Ya(a,b):!c&&Wa(e,b)?-1*Za(a,b):!d&&Wa(f,a)?Za(b,a):(c?a.sourceIndex:e.sourceIndex)-(d?b.sourceIndex:f.sourceIndex)}d=A(a);c=d.createRange();\nc.selectNode(a);c.collapse(!0);a=d.createRange();a.selectNode(b);a.collapse(!0);return c.compareBoundaryPoints(k.Range.START_TO_END,a)}function Za(a,b){var c=a.parentNode;if(c==b)return-1;for(;b.parentNode!=c;)b=b.parentNode;return Ya(b,a)}function Ya(a,b){for(;b=b.previousSibling;)if(b==a)return-1;return 1}function A(a){return 9==a.nodeType?a:a.ownerDocument||a.document}function $a(a,b){a&&(a=a.parentNode);for(var c=0;a;){if(b(a))return a;a=a.parentNode;c++}return null}\nfunction ab(a){this.a=a||k.document||document}ab.prototype.getElementsByTagName=function(a,b){return(b||this.a).getElementsByTagName(String(a))};function B(a){var b=null,c=a.nodeType;1==c&&(b=a.textContent,b=void 0==b||null==b?a.innerText:b,b=void 0==b||null==b?\"\":b);if(\"string\"!=typeof b)if(x&&\"title\"==a.nodeName.toLowerCase()&&1==c)b=a.text;else if(9==c||1==c){a=9==c?a.documentElement:a.firstChild;c=0;var d=[];for(b=\"\";a;){do 1!=a.nodeType&&(b+=a.nodeValue),x&&\"title\"==a.nodeName.toLowerCase()&&(b+=a.text),d[c++]=a;while(a=a.firstChild);for(;c&&!(a=d[--c].nextSibling););}}else b=a.nodeValue;return b}\nfunction C(a,b,c){if(null===b)return!0;try{if(!a.getAttribute)return!1}catch(d){return!1}Ma&&\"class\"==b&&(b=\"className\");return null==c?!!a.getAttribute(b):a.getAttribute(b,2)==c}function bb(a,b,c,d,e){return(x?cb:db).call(null,a,b,aa(c)?c:null,aa(d)?d:null,e||new E)}\nfunction cb(a,b,c,d,e){if(a instanceof F||8==a.b||c&&null===a.b){var f=b.all;if(!f)return e;a=eb(a);if(\"*\"!=a&&(f=b.getElementsByTagName(a),!f))return e;if(c){for(var g=[],h=0;b=f[h++];)C(b,c,d)&&g.push(b);f=g}for(h=0;b=f[h++];)\"*\"==a&&\"!\"==b.tagName||e.add(b);return e}gb(a,b,c,d,e);return e}\nfunction db(a,b,c,d,e){b.getElementsByName&&d&&\"name\"==c&&!v?(b=b.getElementsByName(d),n(b,function(f){a.a(f)&&e.add(f)})):b.getElementsByClassName&&d&&\"class\"==c?(b=b.getElementsByClassName(d),n(b,function(f){f.className==d&&a.a(f)&&e.add(f)})):a instanceof G?gb(a,b,c,d,e):b.getElementsByTagName&&(b=b.getElementsByTagName(a.f()),n(b,function(f){C(f,c,d)&&e.add(f)}));return e}\nfunction hb(a,b,c,d,e){var f;if((a instanceof F||8==a.b||c&&null===a.b)&&(f=b.childNodes)){var g=eb(a);if(\"*\"!=g&&(f=ka(f,function(h){return h.tagName&&h.tagName.toLowerCase()==g}),!f))return e;c&&(f=ka(f,function(h){return C(h,c,d)}));n(f,function(h){\"*\"==g&&(\"!\"==h.tagName||\"*\"==g&&1!=h.nodeType)||e.add(h)});return e}return ib(a,b,c,d,e)}function ib(a,b,c,d,e){for(b=b.firstChild;b;b=b.nextSibling)C(b,c,d)&&a.a(b)&&e.add(b);return e}\nfunction gb(a,b,c,d,e){for(b=b.firstChild;b;b=b.nextSibling)C(b,c,d)&&a.a(b)&&e.add(b),gb(a,b,c,d,e)}function eb(a){if(a instanceof G){if(8==a.b)return\"!\";if(null===a.b)return\"*\"}return a.f()};function E(){this.b=this.a=null;this.l=0}function jb(a){this.f=a;this.a=this.b=null}function kb(a,b){if(!a.a)return b;if(!b.a)return a;var c=a.a;b=b.a;for(var d=null,e,f=0;c&&b;){e=c.f;var g=b.f;e==g||e instanceof Na&&g instanceof Na&&e.a==g.a?(e=c,c=c.a,b=b.a):0<Xa(c.f,b.f)?(e=b,b=b.a):(e=c,c=c.a);(e.b=d)?d.a=e:a.a=e;d=e;f++}for(e=c||b;e;)e.b=d,d=d.a=e,f++,e=e.a;a.b=d;a.l=f;return a}function lb(a,b){b=new jb(b);b.a=a.a;a.b?a.a.b=b:a.a=a.b=b;a.a=b;a.l++}\nE.prototype.add=function(a){a=new jb(a);a.b=this.b;this.a?this.b.a=a:this.a=this.b=a;this.b=a;this.l++};function mb(a){return(a=a.a)?a.f:null}function nb(a){return(a=mb(a))?B(a):\"\"}function H(a,b){return new ob(a,!!b)}function ob(a,b){this.f=a;this.b=(this.s=b)?a.b:a.a;this.a=null}function I(a){var b=a.b;if(null==b)return null;var c=a.a=b;a.b=a.s?b.b:b.a;return c.f};function J(a){this.i=a;this.b=this.g=!1;this.f=null}function K(a){return\"\\n  \"+a.toString().split(\"\\n\").join(\"\\n  \")}function pb(a,b){a.g=b}function qb(a,b){a.b=b}function N(a,b){a=a.a(b);return a instanceof E?+nb(a):+a}function O(a,b){a=a.a(b);return a instanceof E?nb(a):\"\"+a}function rb(a,b){a=a.a(b);return a instanceof E?!!a.l:!!a};function sb(a,b,c){J.call(this,a.i);this.c=a;this.h=b;this.o=c;this.g=b.g||c.g;this.b=b.b||c.b;this.c==tb&&(c.b||c.g||4==c.i||0==c.i||!b.f?b.b||b.g||4==b.i||0==b.i||!c.f||(this.f={name:c.f.name,u:b}):this.f={name:b.f.name,u:c})}l(sb,J);\nfunction ub(a,b,c,d,e){b=b.a(d);c=c.a(d);var f;if(b instanceof E&&c instanceof E){b=H(b);for(d=I(b);d;d=I(b))for(e=H(c),f=I(e);f;f=I(e))if(a(B(d),B(f)))return!0;return!1}if(b instanceof E||c instanceof E){b instanceof E?(e=b,d=c):(e=c,d=b);f=H(e);for(var g=typeof d,h=I(f);h;h=I(f)){switch(g){case \"number\":h=+B(h);break;case \"boolean\":h=!!B(h);break;case \"string\":h=B(h);break;default:throw Error(\"Illegal primitive type for comparison.\");}if(e==b&&a(h,d)||e==c&&a(d,h))return!0}return!1}return e?\"boolean\"==\ntypeof b||\"boolean\"==typeof c?a(!!b,!!c):\"number\"==typeof b||\"number\"==typeof c?a(+b,+c):a(b,c):a(+b,+c)}sb.prototype.a=function(a){return this.c.m(this.h,this.o,a)};sb.prototype.toString=function(){var a=\"Binary Expression: \"+this.c;a+=K(this.h);return a+=K(this.o)};function vb(a,b,c,d){this.I=a;this.D=b;this.i=c;this.m=d}vb.prototype.toString=function(){return this.I};var wb={};\nfunction P(a,b,c,d){if(wb.hasOwnProperty(a))throw Error(\"Binary operator already created: \"+a);a=new vb(a,b,c,d);return wb[a.toString()]=a}P(\"div\",6,1,function(a,b,c){return N(a,c)/N(b,c)});P(\"mod\",6,1,function(a,b,c){return N(a,c)%N(b,c)});P(\"*\",6,1,function(a,b,c){return N(a,c)*N(b,c)});P(\"+\",5,1,function(a,b,c){return N(a,c)+N(b,c)});P(\"-\",5,1,function(a,b,c){return N(a,c)-N(b,c)});P(\"<\",4,2,function(a,b,c){return ub(function(d,e){return d<e},a,b,c)});\nP(\">\",4,2,function(a,b,c){return ub(function(d,e){return d>e},a,b,c)});P(\"<=\",4,2,function(a,b,c){return ub(function(d,e){return d<=e},a,b,c)});P(\">=\",4,2,function(a,b,c){return ub(function(d,e){return d>=e},a,b,c)});var tb=P(\"=\",3,2,function(a,b,c){return ub(function(d,e){return d==e},a,b,c,!0)});P(\"!=\",3,2,function(a,b,c){return ub(function(d,e){return d!=e},a,b,c,!0)});P(\"and\",2,2,function(a,b,c){return rb(a,c)&&rb(b,c)});P(\"or\",1,2,function(a,b,c){return rb(a,c)||rb(b,c)});function xb(a,b){if(b.a.length&&4!=a.i)throw Error(\"Primary expression must evaluate to nodeset if filter has predicate(s).\");J.call(this,a.i);this.c=a;this.h=b;this.g=a.g;this.b=a.b}l(xb,J);xb.prototype.a=function(a){a=this.c.a(a);return yb(this.h,a)};xb.prototype.toString=function(){var a=\"Filter:\"+K(this.c);return a+=K(this.h)};function zb(a,b){if(b.length<a.C)throw Error(\"Function \"+a.j+\" expects at least\"+a.C+\" arguments, \"+b.length+\" given\");if(null!==a.B&&b.length>a.B)throw Error(\"Function \"+a.j+\" expects at most \"+a.B+\" arguments, \"+b.length+\" given\");a.H&&n(b,function(c,d){if(4!=c.i)throw Error(\"Argument \"+d+\" to function \"+a.j+\" is not of type Nodeset: \"+c);});J.call(this,a.i);this.v=a;this.c=b;pb(this,a.g||ma(b,function(c){return c.g}));qb(this,a.G&&!b.length||a.F&&!!b.length||ma(b,function(c){return c.b}))}\nl(zb,J);zb.prototype.a=function(a){return this.v.m.apply(null,pa(a,this.c))};zb.prototype.toString=function(){var a=\"Function: \"+this.v;if(this.c.length){var b=la(this.c,function(c,d){return c+K(d)},\"Arguments:\");a+=K(b)}return a};function Ab(a,b,c,d,e,f,g,h){this.j=a;this.i=b;this.g=c;this.G=d;this.F=!1;this.m=e;this.C=f;this.B=void 0!==g?g:f;this.H=!!h}Ab.prototype.toString=function(){return this.j};var Bb={};\nfunction Q(a,b,c,d,e,f,g,h){if(Bb.hasOwnProperty(a))throw Error(\"Function already created: \"+a+\".\");Bb[a]=new Ab(a,b,c,d,e,f,g,h)}Q(\"boolean\",2,!1,!1,function(a,b){return rb(b,a)},1);Q(\"ceiling\",1,!1,!1,function(a,b){return Math.ceil(N(b,a))},1);Q(\"concat\",3,!1,!1,function(a,b){return la(qa(arguments,1),function(c,d){return c+O(d,a)},\"\")},2,null);Q(\"contains\",2,!1,!1,function(a,b,c){b=O(b,a);a=O(c,a);return-1!=b.indexOf(a)},2);Q(\"count\",1,!1,!1,function(a,b){return b.a(a).l},1,1,!0);\nQ(\"false\",2,!1,!1,function(){return!1},0);Q(\"floor\",1,!1,!1,function(a,b){return Math.floor(N(b,a))},1);Q(\"id\",4,!1,!1,function(a,b){function c(h){if(x){var m=e.all[h];if(m){if(m.nodeType&&h==m.id)return m;if(m.length)return oa(m,function(w){return h==w.id})}return null}return e.getElementById(h)}var d=a.a,e=9==d.nodeType?d:d.ownerDocument;a=O(b,a).split(/\\s+/);var f=[];n(a,function(h){h=c(h);!h||0<=ja(f,h)||f.push(h)});f.sort(Xa);var g=new E;n(f,function(h){g.add(h)});return g},1);\nQ(\"lang\",2,!1,!1,function(){return!1},1);Q(\"last\",1,!0,!1,function(a){if(1!=arguments.length)throw Error(\"Function last expects ()\");return a.f},0);Q(\"local-name\",3,!1,!0,function(a,b){return(a=b?mb(b.a(a)):a.a)?a.localName||a.nodeName.toLowerCase():\"\"},0,1,!0);Q(\"name\",3,!1,!0,function(a,b){return(a=b?mb(b.a(a)):a.a)?a.nodeName.toLowerCase():\"\"},0,1,!0);Q(\"namespace-uri\",3,!0,!1,function(){return\"\"},0,1,!0);\nQ(\"normalize-space\",3,!1,!0,function(a,b){return(b?O(b,a):B(a.a)).replace(/[\\s\\xa0]+/g,\" \").replace(/^\\s+|\\s+$/g,\"\")},0,1);Q(\"not\",2,!1,!1,function(a,b){return!rb(b,a)},1);Q(\"number\",1,!1,!0,function(a,b){return b?N(b,a):+B(a.a)},0,1);Q(\"position\",1,!0,!1,function(a){return a.b},0);Q(\"round\",1,!1,!1,function(a,b){return Math.round(N(b,a))},1);Q(\"starts-with\",2,!1,!1,function(a,b,c){b=O(b,a);a=O(c,a);return 0==b.lastIndexOf(a,0)},2);Q(\"string\",3,!1,!0,function(a,b){return b?O(b,a):B(a.a)},0,1);\nQ(\"string-length\",1,!1,!0,function(a,b){return(b?O(b,a):B(a.a)).length},0,1);Q(\"substring\",3,!1,!1,function(a,b,c,d){c=N(c,a);if(isNaN(c)||Infinity==c||-Infinity==c)return\"\";d=d?N(d,a):Infinity;if(isNaN(d)||-Infinity===d)return\"\";c=Math.round(c)-1;var e=Math.max(c,0);a=O(b,a);return Infinity==d?a.substring(e):a.substring(e,c+Math.round(d))},2,3);Q(\"substring-after\",3,!1,!1,function(a,b,c){b=O(b,a);a=O(c,a);c=b.indexOf(a);return-1==c?\"\":b.substring(c+a.length)},2);\nQ(\"substring-before\",3,!1,!1,function(a,b,c){b=O(b,a);a=O(c,a);a=b.indexOf(a);return-1==a?\"\":b.substring(0,a)},2);Q(\"sum\",1,!1,!1,function(a,b){a=H(b.a(a));b=0;for(var c=I(a);c;c=I(a))b+=+B(c);return b},1,1,!0);Q(\"translate\",3,!1,!1,function(a,b,c,d){b=O(b,a);c=O(c,a);var e=O(d,a);a={};for(d=0;d<c.length;d++){var f=c.charAt(d);f in a||(a[f]=e.charAt(d))}c=\"\";for(d=0;d<b.length;d++)f=b.charAt(d),c+=f in a?a[f]:f;return c},3);Q(\"true\",2,!1,!1,function(){return!0},0);function G(a,b){this.h=a;this.c=void 0!==b?b:null;this.b=null;switch(a){case \"comment\":this.b=8;break;case \"text\":this.b=3;break;case \"processing-instruction\":this.b=7;break;case \"node\":break;default:throw Error(\"Unexpected argument\");}}function Cb(a){return\"comment\"==a||\"text\"==a||\"processing-instruction\"==a||\"node\"==a}G.prototype.a=function(a){return null===this.b||this.b==a.nodeType};G.prototype.f=function(){return this.h};\nG.prototype.toString=function(){var a=\"Kind Test: \"+this.h;null===this.c||(a+=K(this.c));return a};function Db(a){J.call(this,3);this.c=a.substring(1,a.length-1)}l(Db,J);Db.prototype.a=function(){return this.c};Db.prototype.toString=function(){return\"Literal: \"+this.c};function F(a,b){this.j=a.toLowerCase();a=\"*\"==this.j?\"*\":\"http://www.w3.org/1999/xhtml\";this.c=b?b.toLowerCase():a}F.prototype.a=function(a){var b=a.nodeType;if(1!=b&&2!=b)return!1;b=void 0!==a.localName?a.localName:a.nodeName;return\"*\"!=this.j&&this.j!=b.toLowerCase()?!1:\"*\"==this.c?!0:this.c==(a.namespaceURI?a.namespaceURI.toLowerCase():\"http://www.w3.org/1999/xhtml\")};F.prototype.f=function(){return this.j};\nF.prototype.toString=function(){return\"Name Test: \"+(\"http://www.w3.org/1999/xhtml\"==this.c?\"\":this.c+\":\")+this.j};function Eb(a){J.call(this,1);this.c=a}l(Eb,J);Eb.prototype.a=function(){return this.c};Eb.prototype.toString=function(){return\"Number: \"+this.c};function Fb(a,b){J.call(this,a.i);this.h=a;this.c=b;this.g=a.g;this.b=a.b;1==this.c.length&&(a=this.c[0],a.A||a.c!=Gb||(a=a.o,\"*\"!=a.f()&&(this.f={name:a.f(),u:null})))}l(Fb,J);function Hb(){J.call(this,4)}l(Hb,J);Hb.prototype.a=function(a){var b=new E;a=a.a;9==a.nodeType?b.add(a):b.add(a.ownerDocument);return b};Hb.prototype.toString=function(){return\"Root Helper Expression\"};function Ib(){J.call(this,4)}l(Ib,J);Ib.prototype.a=function(a){var b=new E;b.add(a.a);return b};Ib.prototype.toString=function(){return\"Context Helper Expression\"};\nfunction Jb(a){return\"/\"==a||\"//\"==a}Fb.prototype.a=function(a){var b=this.h.a(a);if(!(b instanceof E))throw Error(\"Filter expression must evaluate to nodeset.\");a=this.c;for(var c=0,d=a.length;c<d&&b.l;c++){var e=a[c],f=H(b,e.c.s);if(e.g||e.c!=Kb)if(e.g||e.c!=Lb){var g=I(f);for(b=e.a(new ia(g));null!=(g=I(f));)g=e.a(new ia(g)),b=kb(b,g)}else g=I(f),b=e.a(new ia(g));else{for(g=I(f);(b=I(f))&&(!g.contains||g.contains(b))&&b.compareDocumentPosition(g)&8;g=b);b=e.a(new ia(g))}}return b};\nFb.prototype.toString=function(){var a=\"Path Expression:\"+K(this.h);if(this.c.length){var b=la(this.c,function(c,d){return c+K(d)},\"Steps:\");a+=K(b)}return a};function Mb(a,b){this.a=a;this.s=!!b}\nfunction yb(a,b,c){for(c=c||0;c<a.a.length;c++)for(var d=a.a[c],e=H(b),f=b.l,g,h=0;g=I(e);h++){var m=a.s?f-h:h+1;g=d.a(new ia(g,m,f));if(\"number\"==typeof g)m=m==g;else if(\"string\"==typeof g||\"boolean\"==typeof g)m=!!g;else if(g instanceof E)m=0<g.l;else throw Error(\"Predicate.evaluate returned an unexpected type.\");if(!m){m=e;g=m.f;var w=m.a;if(!w)throw Error(\"Next must be called at least once before remove.\");var r=w.b;w=w.a;r?r.a=w:g.a=w;w?w.b=r:g.b=r;g.l--;m.a=null}}return b}\nMb.prototype.toString=function(){return la(this.a,function(a,b){return a+K(b)},\"Predicates:\")};function R(a,b,c,d){J.call(this,4);this.c=a;this.o=b;this.h=c||new Mb([]);this.A=!!d;b=this.h;b=0<b.a.length?b.a[0].f:null;a.J&&b&&(a=b.name,a=x?a.toLowerCase():a,this.f={name:a,u:b.u});a:{a=this.h;for(b=0;b<a.a.length;b++)if(c=a.a[b],c.g||1==c.i||0==c.i){a=!0;break a}a=!1}this.g=a}l(R,J);\nR.prototype.a=function(a){var b=a.a,c=this.f,d=null,e=null,f=0;c&&(d=c.name,e=c.u?O(c.u,a):null,f=1);if(this.A)if(this.g||this.c!=Nb)if(b=H((new R(Ob,new G(\"node\"))).a(a)),c=I(b))for(a=this.m(c,d,e,f);null!=(c=I(b));)a=kb(a,this.m(c,d,e,f));else a=new E;else a=bb(this.o,b,d,e),a=yb(this.h,a,f);else a=this.m(a.a,d,e,f);return a};R.prototype.m=function(a,b,c,d){a=this.c.v(this.o,a,b,c);return a=yb(this.h,a,d)};\nR.prototype.toString=function(){var a=\"Step:\"+K(\"Operator: \"+(this.A?\"//\":\"/\"));this.c.j&&(a+=K(\"Axis: \"+this.c));a+=K(this.o);if(this.h.a.length){var b=la(this.h.a,function(c,d){return c+K(d)},\"Predicates:\");a+=K(b)}return a};function Pb(a,b,c,d){this.j=a;this.v=b;this.s=c;this.J=d}Pb.prototype.toString=function(){return this.j};var Qb={};function S(a,b,c,d){if(Qb.hasOwnProperty(a))throw Error(\"Axis already created: \"+a);b=new Pb(a,b,c,!!d);return Qb[a]=b}\nS(\"ancestor\",function(a,b){for(var c=new E;b=b.parentNode;)a.a(b)&&lb(c,b);return c},!0);S(\"ancestor-or-self\",function(a,b){var c=new E;do a.a(b)&&lb(c,b);while(b=b.parentNode);return c},!0);\nvar Gb=S(\"attribute\",function(a,b){var c=new E,d=a.f();if(\"style\"==d&&x&&b.style)return c.add(new Na(b.style,b,\"style\",b.style.cssText)),c;var e=b.attributes;if(e)if(a instanceof G&&null===a.b||\"*\"==d)for(a=0;d=e[a];a++)x?d.nodeValue&&c.add(Oa(b,d)):c.add(d);else(d=e.getNamedItem(d))&&(x?d.nodeValue&&c.add(Oa(b,d)):c.add(d));return c},!1),Nb=S(\"child\",function(a,b,c,d,e){return(x?hb:ib).call(null,a,b,aa(c)?c:null,aa(d)?d:null,e||new E)},!1,!0);S(\"descendant\",bb,!1,!0);\nvar Ob=S(\"descendant-or-self\",function(a,b,c,d){var e=new E;C(b,c,d)&&a.a(b)&&e.add(b);return bb(a,b,c,d,e)},!1,!0),Kb=S(\"following\",function(a,b,c,d){var e=new E;do for(var f=b;f=f.nextSibling;)C(f,c,d)&&a.a(f)&&e.add(f),e=bb(a,f,c,d,e);while(b=b.parentNode);return e},!1,!0);S(\"following-sibling\",function(a,b){for(var c=new E;b=b.nextSibling;)a.a(b)&&c.add(b);return c},!1);S(\"namespace\",function(){return new E},!1);\nvar Rb=S(\"parent\",function(a,b){var c=new E;if(9==b.nodeType)return c;if(2==b.nodeType)return c.add(b.ownerElement),c;b=b.parentNode;a.a(b)&&c.add(b);return c},!1),Lb=S(\"preceding\",function(a,b,c,d){var e=new E,f=[];do f.unshift(b);while(b=b.parentNode);for(var g=1,h=f.length;g<h;g++){var m=[];for(b=f[g];b=b.previousSibling;)m.unshift(b);for(var w=0,r=m.length;w<r;w++)b=m[w],C(b,c,d)&&a.a(b)&&e.add(b),e=bb(a,b,c,d,e)}return e},!0,!0);\nS(\"preceding-sibling\",function(a,b){for(var c=new E;b=b.previousSibling;)a.a(b)&&lb(c,b);return c},!0);var Sb=S(\"self\",function(a,b){var c=new E;a.a(b)&&c.add(b);return c},!1);function Tb(a){J.call(this,1);this.c=a;this.g=a.g;this.b=a.b}l(Tb,J);Tb.prototype.a=function(a){return-N(this.c,a)};Tb.prototype.toString=function(){return\"Unary Expression: -\"+K(this.c)};function Ub(a){J.call(this,4);this.c=a;pb(this,ma(this.c,function(b){return b.g}));qb(this,ma(this.c,function(b){return b.b}))}l(Ub,J);Ub.prototype.a=function(a){var b=new E;n(this.c,function(c){c=c.a(a);if(!(c instanceof E))throw Error(\"Path expression must evaluate to NodeSet.\");b=kb(b,c)});return b};Ub.prototype.toString=function(){return la(this.c,function(a,b){return a+K(b)},\"Union Expression:\")};function Vb(a,b){this.a=a;this.b=b}function Yb(a){for(var b,c=[];;){T(a,\"Missing right hand side of binary expression.\");b=Zb(a);var d=z(a.a);if(!d)break;var e=(d=wb[d]||null)&&d.D;if(!e){a.a.a--;break}for(;c.length&&e<=c[c.length-1].D;)b=new sb(c.pop(),c.pop(),b);c.push(b,d)}for(;c.length;)b=new sb(c.pop(),c.pop(),b);return b}function T(a,b){if(Ta(a.a))throw Error(b);}function $b(a,b){a=z(a.a);if(a!=b)throw Error(\"Bad token, expected: \"+b+\" got: \"+a);}\nfunction ac(a){a=z(a.a);if(\")\"!=a)throw Error(\"Bad token: \"+a);}function bc(a){a=z(a.a);if(2>a.length)throw Error(\"Unclosed literal string\");return new Db(a)}\nfunction cc(a){var b=[];if(Jb(y(a.a))){var c=z(a.a);var d=y(a.a);if(\"/\"==c&&(Ta(a.a)||\".\"!=d&&\"..\"!=d&&\"@\"!=d&&\"*\"!=d&&!/(?![0-9])[\\w]/.test(d)))return new Hb;d=new Hb;T(a,\"Missing next location step.\");c=dc(a,c);b.push(c)}else{a:{c=y(a.a);d=c.charAt(0);switch(d){case \"$\":throw Error(\"Variable reference not allowed in HTML XPath\");case \"(\":z(a.a);c=Yb(a);T(a,'unclosed \"(\"');$b(a,\")\");break;case '\"':case \"'\":c=bc(a);break;default:if(isNaN(+c))if(!Cb(c)&&/(?![0-9])[\\w]/.test(d)&&\"(\"==y(a.a,1)){c=z(a.a);\nc=Bb[c]||null;z(a.a);for(d=[];\")\"!=y(a.a);){T(a,\"Missing function argument list.\");d.push(Yb(a));if(\",\"!=y(a.a))break;z(a.a)}T(a,\"Unclosed function argument list.\");ac(a);c=new zb(c,d)}else{c=null;break a}else c=new Eb(+z(a.a))}\"[\"==y(a.a)&&(d=new Mb(ec(a)),c=new xb(c,d))}if(c)if(Jb(y(a.a)))d=c;else return c;else c=dc(a,\"/\"),d=new Ib,b.push(c)}for(;Jb(y(a.a));)c=z(a.a),T(a,\"Missing next location step.\"),c=dc(a,c),b.push(c);return new Fb(d,b)}\nfunction dc(a,b){if(\"/\"!=b&&\"//\"!=b)throw Error('Step op should be \"/\" or \"//\"');if(\".\"==y(a.a)){var c=new R(Sb,new G(\"node\"));z(a.a);return c}if(\"..\"==y(a.a))return c=new R(Rb,new G(\"node\")),z(a.a),c;if(\"@\"==y(a.a)){var d=Gb;z(a.a);T(a,\"Missing attribute name\")}else if(\"::\"==y(a.a,1)){if(!/(?![0-9])[\\w]/.test(y(a.a).charAt(0)))throw Error(\"Bad token: \"+z(a.a));var e=z(a.a);d=Qb[e]||null;if(!d)throw Error(\"No axis with name: \"+e);z(a.a);T(a,\"Missing node name\")}else d=Nb;e=y(a.a);if(/(?![0-9])[\\w\\*]/.test(e.charAt(0)))if(\"(\"==\ny(a.a,1)){if(!Cb(e))throw Error(\"Invalid node type: \"+e);e=z(a.a);if(!Cb(e))throw Error(\"Invalid type name: \"+e);$b(a,\"(\");T(a,\"Bad nodetype\");var f=y(a.a).charAt(0),g=null;if('\"'==f||\"'\"==f)g=bc(a);T(a,\"Bad nodetype\");ac(a);e=new G(e,g)}else if(e=z(a.a),f=e.indexOf(\":\"),-1==f)e=new F(e);else{g=e.substring(0,f);if(\"*\"==g)var h=\"*\";else if(h=a.b(g),!h)throw Error(\"Namespace prefix not declared: \"+g);e=e.substr(f+1);e=new F(e,h)}else throw Error(\"Bad token: \"+z(a.a));a=new Mb(ec(a),d.s);return c||new R(d,\ne,a,\"//\"==b)}function ec(a){for(var b=[];\"[\"==y(a.a);){z(a.a);T(a,\"Missing predicate expression.\");var c=Yb(a);b.push(c);T(a,\"Unclosed predicate expression.\");$b(a,\"]\")}return b}function Zb(a){if(\"-\"==y(a.a))return z(a.a),new Tb(Zb(a));var b=cc(a);if(\"|\"!=y(a.a))a=b;else{for(b=[b];\"|\"==z(a.a);)T(a,\"Missing next union location path.\"),b.push(cc(a));a.a.a--;a=new Ub(b)}return a};function fc(a){switch(a.nodeType){case 1:return ha(gc,a);case 9:return fc(a.documentElement);case 11:case 10:case 6:case 12:return hc;default:return a.parentNode?fc(a.parentNode):hc}}function hc(){return null}function gc(a,b){if(a.prefix==b)return a.namespaceURI||\"http://www.w3.org/1999/xhtml\";var c=a.getAttributeNode(\"xmlns:\"+b);return c&&c.specified?c.value||null:a.parentNode&&9!=a.parentNode.nodeType?gc(a.parentNode,b):null};function ic(a,b){if(!a.length)throw Error(\"Empty XPath expression.\");a=Qa(a);if(Ta(a))throw Error(\"Invalid XPath expression.\");b?\"function\"==ca(b)||(b=fa(b.lookupNamespaceURI,b)):b=function(){return null};var c=Yb(new Vb(a,b));if(!Ta(a))throw Error(\"Bad token: \"+z(a));this.evaluate=function(d,e){d=c.a(new ia(d));return new U(d,e)}}\nfunction U(a,b){if(0==b)if(a instanceof E)b=4;else if(\"string\"==typeof a)b=2;else if(\"number\"==typeof a)b=1;else if(\"boolean\"==typeof a)b=3;else throw Error(\"Unexpected evaluation result.\");if(2!=b&&1!=b&&3!=b&&!(a instanceof E))throw Error(\"value could not be converted to the specified type\");this.resultType=b;switch(b){case 2:this.stringValue=a instanceof E?nb(a):\"\"+a;break;case 1:this.numberValue=a instanceof E?+nb(a):+a;break;case 3:this.booleanValue=a instanceof E?0<a.l:!!a;break;case 4:case 5:case 6:case 7:var c=\nH(a);var d=[];for(var e=I(c);e;e=I(c))d.push(e instanceof Na?e.a:e);this.snapshotLength=a.l;this.invalidIteratorState=!1;break;case 8:case 9:a=mb(a);this.singleNodeValue=a instanceof Na?a.a:a;break;default:throw Error(\"Unknown XPathResult type.\");}var f=0;this.iterateNext=function(){if(4!=b&&5!=b)throw Error(\"iterateNext called with wrong result type\");return f>=d.length?null:d[f++]};this.snapshotItem=function(g){if(6!=b&&7!=b)throw Error(\"snapshotItem called with wrong result type\");return g>=d.length||\n0>g?null:d[g]}}U.ANY_TYPE=0;U.NUMBER_TYPE=1;U.STRING_TYPE=2;U.BOOLEAN_TYPE=3;U.UNORDERED_NODE_ITERATOR_TYPE=4;U.ORDERED_NODE_ITERATOR_TYPE=5;U.UNORDERED_NODE_SNAPSHOT_TYPE=6;U.ORDERED_NODE_SNAPSHOT_TYPE=7;U.ANY_UNORDERED_NODE_TYPE=8;U.FIRST_ORDERED_NODE_TYPE=9;function jc(a){this.lookupNamespaceURI=fc(a)}\nfunction kc(a,b){a=a||k;var c=a.Document&&a.Document.prototype||a.document;if(!c.evaluate||b)a.XPathResult=U,c.evaluate=function(d,e,f,g){return(new ic(d,f)).evaluate(e,g)},c.createExpression=function(d,e){return new ic(d,e)},c.createNSResolver=function(d){return new jc(d)}}ba(\"wgxpath.install\",kc);ba(\"wgxpath.install\",kc);var lc={aliceblue:\"#f0f8ff\",antiquewhite:\"#faebd7\",aqua:\"#00ffff\",aquamarine:\"#7fffd4\",azure:\"#f0ffff\",beige:\"#f5f5dc\",bisque:\"#ffe4c4\",black:\"#000000\",blanchedalmond:\"#ffebcd\",blue:\"#0000ff\",blueviolet:\"#8a2be2\",brown:\"#a52a2a\",burlywood:\"#deb887\",cadetblue:\"#5f9ea0\",chartreuse:\"#7fff00\",chocolate:\"#d2691e\",coral:\"#ff7f50\",cornflowerblue:\"#6495ed\",cornsilk:\"#fff8dc\",crimson:\"#dc143c\",cyan:\"#00ffff\",darkblue:\"#00008b\",darkcyan:\"#008b8b\",darkgoldenrod:\"#b8860b\",darkgray:\"#a9a9a9\",darkgreen:\"#006400\",\ndarkgrey:\"#a9a9a9\",darkkhaki:\"#bdb76b\",darkmagenta:\"#8b008b\",darkolivegreen:\"#556b2f\",darkorange:\"#ff8c00\",darkorchid:\"#9932cc\",darkred:\"#8b0000\",darksalmon:\"#e9967a\",darkseagreen:\"#8fbc8f\",darkslateblue:\"#483d8b\",darkslategray:\"#2f4f4f\",darkslategrey:\"#2f4f4f\",darkturquoise:\"#00ced1\",darkviolet:\"#9400d3\",deeppink:\"#ff1493\",deepskyblue:\"#00bfff\",dimgray:\"#696969\",dimgrey:\"#696969\",dodgerblue:\"#1e90ff\",firebrick:\"#b22222\",floralwhite:\"#fffaf0\",forestgreen:\"#228b22\",fuchsia:\"#ff00ff\",gainsboro:\"#dcdcdc\",\nghostwhite:\"#f8f8ff\",gold:\"#ffd700\",goldenrod:\"#daa520\",gray:\"#808080\",green:\"#008000\",greenyellow:\"#adff2f\",grey:\"#808080\",honeydew:\"#f0fff0\",hotpink:\"#ff69b4\",indianred:\"#cd5c5c\",indigo:\"#4b0082\",ivory:\"#fffff0\",khaki:\"#f0e68c\",lavender:\"#e6e6fa\",lavenderblush:\"#fff0f5\",lawngreen:\"#7cfc00\",lemonchiffon:\"#fffacd\",lightblue:\"#add8e6\",lightcoral:\"#f08080\",lightcyan:\"#e0ffff\",lightgoldenrodyellow:\"#fafad2\",lightgray:\"#d3d3d3\",lightgreen:\"#90ee90\",lightgrey:\"#d3d3d3\",lightpink:\"#ffb6c1\",lightsalmon:\"#ffa07a\",\nlightseagreen:\"#20b2aa\",lightskyblue:\"#87cefa\",lightslategray:\"#778899\",lightslategrey:\"#778899\",lightsteelblue:\"#b0c4de\",lightyellow:\"#ffffe0\",lime:\"#00ff00\",limegreen:\"#32cd32\",linen:\"#faf0e6\",magenta:\"#ff00ff\",maroon:\"#800000\",mediumaquamarine:\"#66cdaa\",mediumblue:\"#0000cd\",mediumorchid:\"#ba55d3\",mediumpurple:\"#9370db\",mediumseagreen:\"#3cb371\",mediumslateblue:\"#7b68ee\",mediumspringgreen:\"#00fa9a\",mediumturquoise:\"#48d1cc\",mediumvioletred:\"#c71585\",midnightblue:\"#191970\",mintcream:\"#f5fffa\",mistyrose:\"#ffe4e1\",\nmoccasin:\"#ffe4b5\",navajowhite:\"#ffdead\",navy:\"#000080\",oldlace:\"#fdf5e6\",olive:\"#808000\",olivedrab:\"#6b8e23\",orange:\"#ffa500\",orangered:\"#ff4500\",orchid:\"#da70d6\",palegoldenrod:\"#eee8aa\",palegreen:\"#98fb98\",paleturquoise:\"#afeeee\",palevioletred:\"#db7093\",papayawhip:\"#ffefd5\",peachpuff:\"#ffdab9\",peru:\"#cd853f\",pink:\"#ffc0cb\",plum:\"#dda0dd\",powderblue:\"#b0e0e6\",purple:\"#800080\",red:\"#ff0000\",rosybrown:\"#bc8f8f\",royalblue:\"#4169e1\",saddlebrown:\"#8b4513\",salmon:\"#fa8072\",sandybrown:\"#f4a460\",seagreen:\"#2e8b57\",\nseashell:\"#fff5ee\",sienna:\"#a0522d\",silver:\"#c0c0c0\",skyblue:\"#87ceeb\",slateblue:\"#6a5acd\",slategray:\"#708090\",slategrey:\"#708090\",snow:\"#fffafa\",springgreen:\"#00ff7f\",steelblue:\"#4682b4\",tan:\"#d2b48c\",teal:\"#008080\",thistle:\"#d8bfd8\",tomato:\"#ff6347\",turquoise:\"#40e0d0\",violet:\"#ee82ee\",wheat:\"#f5deb3\",white:\"#ffffff\",whitesmoke:\"#f5f5f5\",yellow:\"#ffff00\",yellowgreen:\"#9acd32\"};var mc=\"backgroundColor borderTopColor borderRightColor borderBottomColor borderLeftColor color outlineColor\".split(\" \"),nc=/#([0-9a-fA-F])([0-9a-fA-F])([0-9a-fA-F])/,oc=/^#(?:[0-9a-f]{3}){1,2}$/i,pc=/^(?:rgba)?\\((\\d{1,3}),\\s?(\\d{1,3}),\\s?(\\d{1,3}),\\s?(0|1|0\\.\\d*)\\)$/i,qc=/^(?:rgb)?\\((0|[1-9]\\d{0,2}),\\s?(0|[1-9]\\d{0,2}),\\s?(0|[1-9]\\d{0,2})\\)$/i;function rc(a,b){this.code=a;this.a=V[a]||sc;this.message=b||\"\";a=this.a.replace(/((?:^|\\s+)[a-z])/g,function(c){return c.toUpperCase().replace(/^[\\s\\xa0]+/g,\"\")});b=a.length-5;if(0>b||a.indexOf(\"Error\",b)!=b)a+=\"Error\";this.name=a;a=Error(this.message);a.name=this.name;this.stack=a.stack||\"\"}l(rc,Error);var sc=\"unknown error\",V={15:\"element not selectable\",11:\"element not visible\"};V[31]=sc;V[30]=sc;V[24]=\"invalid cookie domain\";V[29]=\"invalid element coordinates\";V[12]=\"invalid element state\";\nV[32]=\"invalid selector\";V[51]=\"invalid selector\";V[52]=\"invalid selector\";V[17]=\"javascript error\";V[405]=\"unsupported operation\";V[34]=\"move target out of bounds\";V[27]=\"no such alert\";V[7]=\"no such element\";V[8]=\"no such frame\";V[23]=\"no such window\";V[28]=\"script timeout\";V[33]=\"session not created\";V[10]=\"stale element reference\";V[21]=\"timeout\";V[25]=\"unable to set cookie\";V[26]=\"unexpected alert open\";V[13]=sc;V[9]=\"unknown command\";var tc=va(),uc=ya()||u(\"iPod\"),vc=u(\"iPad\"),wc=u(\"Android\")&&!(wa()||va()||u(\"Opera\")||u(\"Silk\")),xc=wa(),yc=u(\"Safari\")&&!(wa()||u(\"Coast\")||u(\"Opera\")||u(\"Edge\")||u(\"Edg/\")||u(\"OPR\")||va()||u(\"Silk\")||u(\"Android\"))&&!(ya()||u(\"iPad\")||u(\"iPod\"));function zc(a){return(a=a.exec(t))?a[1]:\"\"}(function(){if(tc)return zc(/Firefox\\/([0-9.]+)/);if(v||Ca||Ba)return Ga;if(xc)return ya()||u(\"iPad\")||u(\"iPod\")?zc(/CriOS\\/([0-9.]+)/):zc(/Chrome\\/([0-9.]+)/);if(yc&&!(ya()||u(\"iPad\")||u(\"iPod\")))return zc(/Version\\/([0-9.]+)/);if(uc||vc){var a=/Version\\/(\\S+).*Mobile\\/(\\S+)/.exec(t);if(a)return a[1]+\".\"+a[2]}else if(wc)return(a=zc(/Android\\s+([0-9.]+)/))?a:zc(/Version\\/([0-9.]+)/);return\"\"})();var Ac=v&&!(9<=Number(La));function W(a,b){b&&\"string\"!==typeof b&&(b=b.toString());return!!a&&1==a.nodeType&&(!b||a.tagName.toUpperCase()==b)};var Bc=function(){var a={K:\"http://www.w3.org/2000/svg\"};return function(b){return a[b]||null}}();\nfunction Cc(a,b){var c=A(a);if(!c.documentElement)return null;(v||wc)&&kc(c?c.parentWindow||c.defaultView:window);try{var d=c.createNSResolver?c.createNSResolver(c.documentElement):Bc;if(v&&!Ka(7))return c.evaluate.call(c,b,a,d,9,null);if(!v||9<=Number(La)){for(var e={},f=c.getElementsByTagName(\"*\"),g=0;g<f.length;++g){var h=f[g],m=h.namespaceURI;if(m&&!e[m]){var w=h.lookupPrefix(m);if(!w){var r=m.match(\".*/(\\\\w+)/?$\");w=r?r[1]:\"xhtml\"}e[m]=w}}var D={},L;for(L in e)D[e[L]]=L;d=function(M){return D[M]||\nnull}}try{return c.evaluate(b,a,d,9,null)}catch(M){if(\"TypeError\"===M.name)return d=c.createNSResolver?c.createNSResolver(c.documentElement):Bc,c.evaluate(b,a,d,9,null);throw M;}}catch(M){if(!Da||\"NS_ERROR_ILLEGAL_VALUE\"!=M.name)throw new rc(32,\"Unable to locate an element with the xpath expression \"+b+\" because of the following error:\\n\"+M);}}\nfunction Dc(a,b){var c=function(){var d=Cc(b,a);return d?d.singleNodeValue||null:b.selectSingleNode?(d=A(b),d.setProperty&&d.setProperty(\"SelectionLanguage\",\"XPath\"),b.selectSingleNode(a)):null}();if(null!==c&&(!c||1!=c.nodeType))throw new rc(32,'The result of the xpath expression \"'+a+'\" is: '+c+\". It should be an element.\");return c};function Ec(a,b,c,d){this.c=a;this.a=b;this.b=c;this.f=d}Ec.prototype.ceil=function(){this.c=Math.ceil(this.c);this.a=Math.ceil(this.a);this.b=Math.ceil(this.b);this.f=Math.ceil(this.f);return this};Ec.prototype.floor=function(){this.c=Math.floor(this.c);this.a=Math.floor(this.a);this.b=Math.floor(this.b);this.f=Math.floor(this.f);return this};Ec.prototype.round=function(){this.c=Math.round(this.c);this.a=Math.round(this.a);this.b=Math.round(this.b);this.f=Math.round(this.f);return this};function X(a,b,c,d){this.a=a;this.b=b;this.width=c;this.height=d}X.prototype.ceil=function(){this.a=Math.ceil(this.a);this.b=Math.ceil(this.b);this.width=Math.ceil(this.width);this.height=Math.ceil(this.height);return this};X.prototype.floor=function(){this.a=Math.floor(this.a);this.b=Math.floor(this.b);this.width=Math.floor(this.width);this.height=Math.floor(this.height);return this};\nX.prototype.round=function(){this.a=Math.round(this.a);this.b=Math.round(this.b);this.width=Math.round(this.width);this.height=Math.round(this.height);return this};var Fc=\"function\"===typeof ShadowRoot;function Gc(a){for(a=a.parentNode;a&&1!=a.nodeType&&9!=a.nodeType&&11!=a.nodeType;)a=a.parentNode;return W(a)?a:null}\nfunction Y(a,b){b=xa(b);if(\"float\"==b||\"cssFloat\"==b||\"styleFloat\"==b)b=Ac?\"styleFloat\":\"cssFloat\";a:{var c=b;var d=A(a);if(d.defaultView&&d.defaultView.getComputedStyle&&(d=d.defaultView.getComputedStyle(a,null))){c=d[c]||d.getPropertyValue(c)||\"\";break a}c=\"\"}a=c||Hc(a,b);if(null===a)a=null;else if(0<=ja(mc,b)){b:{var e=a.match(pc);if(e&&(b=Number(e[1]),c=Number(e[2]),d=Number(e[3]),e=Number(e[4]),0<=b&&255>=b&&0<=c&&255>=c&&0<=d&&255>=d&&0<=e&&1>=e)){b=[b,c,d,e];break b}b=null}if(!b)b:{if(d=a.match(qc))if(b=\nNumber(d[1]),c=Number(d[2]),d=Number(d[3]),0<=b&&255>=b&&0<=c&&255>=c&&0<=d&&255>=d){b=[b,c,d,1];break b}b=null}if(!b)b:{b=a.toLowerCase();c=lc[b.toLowerCase()];if(!c&&(c=\"#\"==b.charAt(0)?b:\"#\"+b,4==c.length&&(c=c.replace(nc,\"#$1$1$2$2$3$3\")),!oc.test(c))){b=null;break b}b=[parseInt(c.substr(1,2),16),parseInt(c.substr(3,2),16),parseInt(c.substr(5,2),16),1]}a=b?\"rgba(\"+b.join(\", \")+\")\":a}return a}\nfunction Hc(a,b){var c=a.currentStyle||a.style,d=c[b];void 0===d&&\"function\"==ca(c.getPropertyValue)&&(d=c.getPropertyValue(b));return\"inherit\"!=d?void 0!==d?d:null:(a=Gc(a))?Hc(a,b):null}\nfunction Ic(a,b,c){function d(g){var h=Jc(g);return 0<h.height&&0<h.width?!0:W(g,\"PATH\")&&(0<h.height||0<h.width)?(g=Y(g,\"stroke-width\"),!!g&&0<parseInt(g,10)):\"hidden\"!=Y(g,\"overflow\")&&ma(g.childNodes,function(m){return 3==m.nodeType||W(m)&&d(m)})}function e(g){return Kc(g)==Z&&na(g.childNodes,function(h){return!W(h)||e(h)||!d(h)})}if(!W(a))throw Error(\"Argument to isShown must be of type Element\");if(W(a,\"BODY\"))return!0;if(W(a,\"OPTION\")||W(a,\"OPTGROUP\"))return a=$a(a,function(g){return W(g,\"SELECT\")}),\n!!a&&Ic(a,!0,c);var f=Lc(a);if(f)return!!f.image&&0<f.rect.width&&0<f.rect.height&&Ic(f.image,b,c);if(W(a,\"INPUT\")&&\"hidden\"==a.type.toLowerCase()||W(a,\"NOSCRIPT\"))return!1;f=Y(a,\"visibility\");return\"collapse\"!=f&&\"hidden\"!=f&&c(a)&&(b||0!=Mc(a))&&d(a)?!e(a):!1}var Z=\"hidden\";\nfunction Kc(a){function b(p){function q(fb){if(fb==g)return!0;var Wb=Y(fb,\"display\");return 0==Wb.lastIndexOf(\"inline\",0)||\"contents\"==Wb||\"absolute\"==Xb&&\"static\"==Y(fb,\"position\")?!1:!0}var Xb=Y(p,\"position\");if(\"fixed\"==Xb)return w=!0,p==g?null:g;for(p=Gc(p);p&&!q(p);)p=Gc(p);return p}function c(p){var q=p;if(\"visible\"==m)if(p==g&&h)q=h;else if(p==h)return{x:\"visible\",y:\"visible\"};q={x:Y(q,\"overflow-x\"),y:Y(q,\"overflow-y\")};p==g&&(q.x=\"visible\"==q.x?\"auto\":q.x,q.y=\"visible\"==q.y?\"auto\":q.y);return q}\nfunction d(p){if(p==g){var q=(new ab(f)).a;p=q.scrollingElement?q.scrollingElement:Ea||\"CSS1Compat\"!=q.compatMode?q.body||q.documentElement:q.documentElement;q=q.parentWindow||q.defaultView;p=v&&Ka(\"10\")&&q.pageYOffset!=p.scrollTop?new Ua(p.scrollLeft,p.scrollTop):new Ua(q.pageXOffset||p.scrollLeft,q.pageYOffset||p.scrollTop)}else p=new Ua(p.scrollLeft,p.scrollTop);return p}var e=Nc(a),f=A(a),g=f.documentElement,h=f.body,m=Y(g,\"overflow\"),w;for(a=b(a);a;a=b(a)){var r=c(a);if(\"visible\"!=r.x||\"visible\"!=\nr.y){var D=Jc(a);if(0==D.width||0==D.height)return Z;var L=e.a<D.a,M=e.b<D.b;if(L&&\"hidden\"==r.x||M&&\"hidden\"==r.y)return Z;if(L&&\"visible\"!=r.x||M&&\"visible\"!=r.y){L=d(a);M=e.b<D.b-L.y;if(e.a<D.a-L.x&&\"visible\"!=r.x||M&&\"visible\"!=r.x)return Z;e=Kc(a);return e==Z?Z:\"scroll\"}L=e.f>=D.a+D.width;D=e.c>=D.b+D.height;if(L&&\"hidden\"==r.x||D&&\"hidden\"==r.y)return Z;if(L&&\"visible\"!=r.x||D&&\"visible\"!=r.y){if(w&&(r=d(a),e.f>=g.scrollWidth-r.x||e.a>=g.scrollHeight-r.y))return Z;e=Kc(a);return e==Z?Z:\"scroll\"}}}return\"none\"}\nfunction Jc(a){var b=Lc(a);if(b)return b.rect;if(W(a,\"HTML\"))return a=A(a),a=((a?a.parentWindow||a.defaultView:window)||window).document,a=\"CSS1Compat\"==a.compatMode?a.documentElement:a.body,a=new Va(a.clientWidth,a.clientHeight),new X(0,0,a.width,a.height);try{var c=a.getBoundingClientRect()}catch(d){return new X(0,0,0,0)}b=new X(c.left,c.top,c.right-c.left,c.bottom-c.top);v&&a.ownerDocument.body&&(a=A(a),b.a-=a.documentElement.clientLeft+a.body.clientLeft,b.b-=a.documentElement.clientTop+a.body.clientTop);\nreturn b}function Lc(a){var b=W(a,\"MAP\");if(!b&&!W(a,\"AREA\"))return null;var c=b?a:W(a.parentNode,\"MAP\")?a.parentNode:null,d=null,e=null;c&&c.name&&(d=Dc('/descendant::*[@usemap = \"#'+c.name+'\"]',A(c)))&&(e=Jc(d),b||\"default\"==a.shape.toLowerCase()||(a=Oc(a),b=Math.min(Math.max(a.a,0),e.width),c=Math.min(Math.max(a.b,0),e.height),e=new X(b+e.a,c+e.b,Math.min(a.width,e.width-b),Math.min(a.height,e.height-c))));return{image:d,rect:e||new X(0,0,0,0)}}\nfunction Oc(a){var b=a.shape.toLowerCase();a=a.coords.split(\",\");if(\"rect\"==b&&4==a.length){b=a[0];var c=a[1];return new X(b,c,a[2]-b,a[3]-c)}if(\"circle\"==b&&3==a.length)return b=a[2],new X(a[0]-b,a[1]-b,2*b,2*b);if(\"poly\"==b&&2<a.length){b=a[0];c=a[1];for(var d=b,e=c,f=2;f+1<a.length;f+=2)b=Math.min(b,a[f]),d=Math.max(d,a[f]),c=Math.min(c,a[f+1]),e=Math.max(e,a[f+1]);return new X(b,c,d-b,e-c)}return new X(0,0,0,0)}function Nc(a){a=Jc(a);return new Ec(a.b,a.a+a.width,a.b+a.height,a.a)}\nfunction Mc(a){if(Ac){if(\"relative\"==Y(a,\"position\"))return 1;a=Y(a,\"filter\");return(a=a.match(/^alpha\\(opacity=(\\d*)\\)/)||a.match(/^progid:DXImageTransform.Microsoft.Alpha\\(Opacity=(\\d*)\\)/))?Number(a[1])/100:1}return Pc(a)}function Pc(a){var b=1,c=Y(a,\"opacity\");c&&(b=Number(c));(a=Gc(a))&&(b*=Pc(a));return b};ba(\"_\",function(a,b){function c(d){if(W(d)&&\"none\"==Y(d,\"display\"))return!1;var e;if((e=d.parentNode)&&e.shadowRoot&&void 0!==d.assignedSlot)e=d.assignedSlot?d.assignedSlot.parentNode:null;else if(d.getDestinationInsertionPoints){var f=d.getDestinationInsertionPoints();0<f.length&&(e=f[f.length-1])}if(Fc&&e instanceof ShadowRoot){if(e.host.shadowRoot!==e)return!1;e=e.host}return!e||9!=e.nodeType&&11!=e.nodeType?e&&W(e,\"DETAILS\")&&!e.open&&!W(d,\"SUMMARY\")?!1:!!e&&c(e):!0}return Ic(a,!!b,c)});; return this._.apply(null,arguments);}).apply({navigator:typeof window!='undefined'?window.navigator:null,document:typeof window!='undefined'?window.document:null}, arguments);}\n).apply(null, arguments);", "args": [{"element-6066-11e4-a52e-4f735466cecf": "f.71DB0DF9B840E708CAB28FC798045831.d.C558A7EE53FB6D46B4B9713CFE807C9E.e.46"}]}
DEBUG    urllib3.connectionpool:connectionpool.py:544 http://selenium-hub:4444 "POST /wd/hub/session/fcd0dd8d498ba139fab82ef28f7baf5a/execute/sync HTTP/1.1" 200 0
DEBUG    selenium.webdriver.remote.remote_connection:remote_connection.py:329 Remote response: status=200 | data={"value":true} | headers=HTTPHeaderDict({'content-length': '14', 'content-type': 'application/json; charset=utf-8', 'cache-control': 'no-cache'})
DEBUG    selenium.webdriver.remote.remote_connection:remote_connection.py:356 Finished Request
DEBUG    selenium.webdriver.remote.remote_connection:remote_connection.py:313 GET http://selenium-hub:4444/wd/hub/session/fcd0dd8d498ba139fab82ef28f7baf5a/element/f.71DB0DF9B840E708CAB28FC798045831.d.C558A7EE53FB6D46B4B9713CFE807C9E.e.46/enabled {}
DEBUG    urllib3.connectionpool:connectionpool.py:544 http://selenium-hub:4444 "GET /wd/hub/session/fcd0dd8d498ba139fab82ef28f7baf5a/element/f.71DB0DF9B840E708CAB28FC798045831.d.C558A7EE53FB6D46B4B9713CFE807C9E.e.46/enabled HTTP/1.1" 200 0
DEBUG    selenium.webdriver.remote.remote_connection:remote_connection.py:329 Remote response: status=200 | data={"value":true} | headers=HTTPHeaderDict({'content-length': '14', 'content-type': 'application/json; charset=utf-8', 'cache-control': 'no-cache'})
DEBUG    selenium.webdriver.remote.remote_connection:remote_connection.py:356 Finished Request
DEBUG    selenium.webdriver.remote.remote_connection:remote_connection.py:313 POST http://selenium-hub:4444/wd/hub/session/fcd0dd8d498ba139fab82ef28f7baf5a/execute/sync {"script": "arguments[0].scrollIntoView(true);", "args": [{"element-6066-11e4-a52e-4f735466cecf": "f.71DB0DF9B840E708CAB28FC798045831.d.C558A7EE53FB6D46B4B9713CFE807C9E.e.46"}]}
DEBUG    urllib3.connectionpool:connectionpool.py:544 http://selenium-hub:4444 "POST /wd/hub/session/fcd0dd8d498ba139fab82ef28f7baf5a/execute/sync HTTP/1.1" 200 0
DEBUG    selenium.webdriver.remote.remote_connection:remote_connection.py:329 Remote response: status=200 | data={"value":null} | headers=HTTPHeaderDict({'content-length': '14', 'content-type': 'application/json; charset=utf-8', 'cache-control': 'no-cache'})
DEBUG    selenium.webdriver.remote.remote_connection:remote_connection.py:356 Finished Request
DEBUG    selenium.webdriver.remote.remote_connection:remote_connection.py:313 POST http://selenium-hub:4444/wd/hub/session/fcd0dd8d498ba139fab82ef28f7baf5a/element/f.71DB0DF9B840E708CAB28FC798045831.d.C558A7EE53FB6D46B4B9713CFE807C9E.e.46/click {}
DEBUG    urllib3.connectionpool:connectionpool.py:544 http://selenium-hub:4444 "POST /wd/hub/session/fcd0dd8d498ba139fab82ef28f7baf5a/element/f.71DB0DF9B840E708CAB28FC798045831.d.C558A7EE53FB6D46B4B9713CFE807C9E.e.46/click HTTP/1.1" 200 0
DEBUG    selenium.webdriver.remote.remote_connection:remote_connection.py:329 Remote response: status=200 | data={"value":null} | headers=HTTPHeaderDict({'content-length': '14', 'content-type': 'application/json; charset=utf-8', 'cache-control': 'no-cache'})
DEBUG    selenium.webdriver.remote.remote_connection:remote_connection.py:356 Finished Request
DEBUG    selenium.webdriver.remote.remote_connection:remote_connection.py:313 POST http://selenium-hub:4444/wd/hub/session/fcd0dd8d498ba139fab82ef28f7baf5a/element {"using": "xpath", "value": "//button[text()='Logout']"}
DEBUG    urllib3.connectionpool:connectionpool.py:544 http://selenium-hub:4444 "POST /wd/hub/session/fcd0dd8d498ba139fab82ef28f7baf5a/element HTTP/1.1" 200 0
DEBUG    selenium.webdriver.remote.remote_connection:remote_connection.py:329 Remote response: status=200 | data={"value":{"element-6066-11e4-a52e-4f735466cecf":"f.71DB0DF9B840E708CAB28FC798045831.d.C558A7EE53FB6D46B4B9713CFE807C9E.e.260"}} | headers=HTTPHeaderDict({'content-length': '127', 'content-type': 'application/json; charset=utf-8', 'cache-control': 'no-cache'})
DEBUG    selenium.webdriver.remote.remote_connection:remote_connection.py:356 Finished Request
DEBUG    selenium.webdriver.remote.remote_connection:remote_connection.py:313 POST http://selenium-hub:4444/wd/hub/session/fcd0dd8d498ba139fab82ef28f7baf5a/execute/sync {"script": "/* isDisplayed */return (function(){return (function(){var k=this||self;function aa(a){return\"string\"==typeof a}function ba(a,b){a=a.split(\".\");var c=k;a[0]in c||\"undefined\"==typeof c.execScript||c.execScript(\"var \"+a[0]);for(var d;a.length&&(d=a.shift());)a.length||void 0===b?c[d]&&c[d]!==Object.prototype[d]?c=c[d]:c=c[d]={}:c[d]=b}\nfunction ca(a){var b=typeof a;if(\"object\"==b)if(a){if(a instanceof Array)return\"array\";if(a instanceof Object)return b;var c=Object.prototype.toString.call(a);if(\"[object Window]\"==c)return\"object\";if(\"[object Array]\"==c||\"number\"==typeof a.length&&\"undefined\"!=typeof a.splice&&\"undefined\"!=typeof a.propertyIsEnumerable&&!a.propertyIsEnumerable(\"splice\"))return\"array\";if(\"[object Function]\"==c||\"undefined\"!=typeof a.call&&\"undefined\"!=typeof a.propertyIsEnumerable&&!a.propertyIsEnumerable(\"call\"))return\"function\"}else return\"null\";\nelse if(\"function\"==b&&\"undefined\"==typeof a.call)return\"object\";return b}function da(a,b,c){return a.call.apply(a.bind,arguments)}function ea(a,b,c){if(!a)throw Error();if(2<arguments.length){var d=Array.prototype.slice.call(arguments,2);return function(){var e=Array.prototype.slice.call(arguments);Array.prototype.unshift.apply(e,d);return a.apply(b,e)}}return function(){return a.apply(b,arguments)}}\nfunction fa(a,b,c){Function.prototype.bind&&-1!=Function.prototype.bind.toString().indexOf(\"native code\")?fa=da:fa=ea;return fa.apply(null,arguments)}function ha(a,b){var c=Array.prototype.slice.call(arguments,1);return function(){var d=c.slice();d.push.apply(d,arguments);return a.apply(this,d)}}function l(a,b){function c(){}c.prototype=b.prototype;a.prototype=new c;a.prototype.constructor=a};/*\n\n The MIT License\n\n Copyright (c) 2007 Cybozu Labs, Inc.\n Copyright (c) 2012 Google Inc.\n\n Permission is hereby granted, free of charge, to any person obtaining a copy\n of this software and associated documentation files (the \"Software\"), to\n deal in the Software without restriction, including without limitation the\n rights to use, copy, modify, merge, publish, distribute, sublicense, and/or\n sell copies of the Software, and to permit persons to whom the Software is\n furnished to do so, subject to the following conditions:\n\n The above copyright notice and this permission notice shall be included in\n all copies or substantial portions of the Software.\n\n THE SOFTWARE IS PROVIDED \"AS IS\", WITHOUT WARRANTY OF ANY KIND, EXPRESS OR\n IMPLIED, INCLUDING BUT NOT LIMITED TO THE WARRANTIES OF MERCHANTABILITY,\n FITNESS FOR A PARTICULAR PURPOSE AND NONINFRINGEMENT. IN NO EVENT SHALL THE\n AUTHORS OR COPYRIGHT HOLDERS BE LIABLE FOR ANY CLAIM, DAMAGES OR OTHER\n LIABILITY, WHETHER IN AN ACTION OF CONTRACT, TORT OR OTHERWISE, ARISING\n FROM, OUT OF OR IN CONNECTION WITH THE SOFTWARE OR THE USE OR OTHER DEALINGS\n IN THE SOFTWARE.\n*/\nfunction ia(a,b,c){this.a=a;this.b=b||1;this.f=c||1};var ja=Array.prototype.indexOf?function(a,b){return Array.prototype.indexOf.call(a,b,void 0)}:function(a,b){if(\"string\"===typeof a)return\"string\"!==typeof b||1!=b.length?-1:a.indexOf(b,0);for(var c=0;c<a.length;c++)if(c in a&&a[c]===b)return c;return-1},n=Array.prototype.forEach?function(a,b){Array.prototype.forEach.call(a,b,void 0)}:function(a,b){for(var c=a.length,d=\"string\"===typeof a?a.split(\"\"):a,e=0;e<c;e++)e in d&&b.call(void 0,d[e],e,a)},ka=Array.prototype.filter?function(a,b){return Array.prototype.filter.call(a,\nb,void 0)}:function(a,b){for(var c=a.length,d=[],e=0,f=\"string\"===typeof a?a.split(\"\"):a,g=0;g<c;g++)if(g in f){var h=f[g];b.call(void 0,h,g,a)&&(d[e++]=h)}return d},la=Array.prototype.reduce?function(a,b,c){return Array.prototype.reduce.call(a,b,c)}:function(a,b,c){var d=c;n(a,function(e,f){d=b.call(void 0,d,e,f,a)});return d},ma=Array.prototype.some?function(a,b){return Array.prototype.some.call(a,b,void 0)}:function(a,b){for(var c=a.length,d=\"string\"===typeof a?a.split(\"\"):a,e=0;e<c;e++)if(e in\nd&&b.call(void 0,d[e],e,a))return!0;return!1},na=Array.prototype.every?function(a,b){return Array.prototype.every.call(a,b,void 0)}:function(a,b){for(var c=a.length,d=\"string\"===typeof a?a.split(\"\"):a,e=0;e<c;e++)if(e in d&&!b.call(void 0,d[e],e,a))return!1;return!0};function oa(a,b){a:{for(var c=a.length,d=\"string\"===typeof a?a.split(\"\"):a,e=0;e<c;e++)if(e in d&&b.call(void 0,d[e],e,a)){b=e;break a}b=-1}return 0>b?null:\"string\"===typeof a?a.charAt(b):a[b]}\nfunction pa(a){return Array.prototype.concat.apply([],arguments)}function qa(a,b,c){return 2>=arguments.length?Array.prototype.slice.call(a,b):Array.prototype.slice.call(a,b,c)};var ra=String.prototype.trim?function(a){return a.trim()}:function(a){return/^[\\s\\xa0]*([\\s\\S]*?)[\\s\\xa0]*$/.exec(a)[1]};function sa(a,b){return a<b?-1:a>b?1:0};var t;a:{var ta=k.navigator;if(ta){var ua=ta.userAgent;if(ua){t=ua;break a}}t=\"\"}function u(a){return-1!=t.indexOf(a)};function va(){return u(\"Firefox\")||u(\"FxiOS\")}function wa(){return(u(\"Chrome\")||u(\"CriOS\"))&&!u(\"Edge\")};function xa(a){return String(a).replace(/\\-([a-z])/g,function(b,c){return c.toUpperCase()})};function ya(){return u(\"iPhone\")&&!u(\"iPod\")&&!u(\"iPad\")};function za(a,b){var c=Aa;return Object.prototype.hasOwnProperty.call(c,a)?c[a]:c[a]=b(a)};var Ba=u(\"Opera\"),v=u(\"Trident\")||u(\"MSIE\"),Ca=u(\"Edge\"),Da=u(\"Gecko\")&&!(-1!=t.toLowerCase().indexOf(\"webkit\")&&!u(\"Edge\"))&&!(u(\"Trident\")||u(\"MSIE\"))&&!u(\"Edge\"),Ea=-1!=t.toLowerCase().indexOf(\"webkit\")&&!u(\"Edge\");function Fa(){var a=k.document;return a?a.documentMode:void 0}var Ga;\na:{var Ha=\"\",Ia=function(){var a=t;if(Da)return/rv:([^\\);]+)(\\)|;)/.exec(a);if(Ca)return/Edge\\/([\\d\\.]+)/.exec(a);if(v)return/\\b(?:MSIE|rv)[: ]([^\\);]+)(\\)|;)/.exec(a);if(Ea)return/WebKit\\/(\\S+)/.exec(a);if(Ba)return/(?:Version)[ \\/]?(\\S+)/.exec(a)}();Ia&&(Ha=Ia?Ia[1]:\"\");if(v){var Ja=Fa();if(null!=Ja&&Ja>parseFloat(Ha)){Ga=String(Ja);break a}}Ga=Ha}var Aa={};\nfunction Ka(a){return za(a,function(){for(var b=0,c=ra(String(Ga)).split(\".\"),d=ra(String(a)).split(\".\"),e=Math.max(c.length,d.length),f=0;0==b&&f<e;f++){var g=c[f]||\"\",h=d[f]||\"\";do{g=/(\\d*)(\\D*)(.*)/.exec(g)||[\"\",\"\",\"\",\"\"];h=/(\\d*)(\\D*)(.*)/.exec(h)||[\"\",\"\",\"\",\"\"];if(0==g[0].length&&0==h[0].length)break;b=sa(0==g[1].length?0:parseInt(g[1],10),0==h[1].length?0:parseInt(h[1],10))||sa(0==g[2].length,0==h[2].length)||sa(g[2],h[2]);g=g[3];h=h[3]}while(0==b)}return 0<=b})}var La;\nLa=k.document&&v?Fa():void 0;var x=v&&!(9<=Number(La)),Ma=v&&!(8<=Number(La));function Na(a,b,c,d){this.a=a;this.nodeName=c;this.nodeValue=d;this.nodeType=2;this.parentNode=this.ownerElement=b}function Oa(a,b){var c=Ma&&\"href\"==b.nodeName?a.getAttribute(b.nodeName,2):b.nodeValue;return new Na(b,a,b.nodeName,c)};function Pa(a){this.b=a;this.a=0}function Qa(a){a=a.match(Ra);for(var b=0;b<a.length;b++)Sa.test(a[b])&&a.splice(b,1);return new Pa(a)}var Ra=/\\$?(?:(?![0-9-\\.])(?:\\*|[\\w-\\.]+):)?(?![0-9-\\.])(?:\\*|[\\w-\\.]+)|\\/\\/|\\.\\.|::|\\d+(?:\\.\\d*)?|\\.\\d+|\"[^\"]*\"|'[^']*'|[!<>]=|\\s+|./g,Sa=/^\\s/;function y(a,b){return a.b[a.a+(b||0)]}function z(a){return a.b[a.a++]}function Ta(a){return a.b.length<=a.a};function Ua(a,b){this.x=void 0!==a?a:0;this.y=void 0!==b?b:0}Ua.prototype.ceil=function(){this.x=Math.ceil(this.x);this.y=Math.ceil(this.y);return this};Ua.prototype.floor=function(){this.x=Math.floor(this.x);this.y=Math.floor(this.y);return this};Ua.prototype.round=function(){this.x=Math.round(this.x);this.y=Math.round(this.y);return this};function Va(a,b){this.width=a;this.height=b}Va.prototype.aspectRatio=function(){return this.width/this.height};Va.prototype.ceil=function(){this.width=Math.ceil(this.width);this.height=Math.ceil(this.height);return this};Va.prototype.floor=function(){this.width=Math.floor(this.width);this.height=Math.floor(this.height);return this};Va.prototype.round=function(){this.width=Math.round(this.width);this.height=Math.round(this.height);return this};function Wa(a,b){if(!a||!b)return!1;if(a.contains&&1==b.nodeType)return a==b||a.contains(b);if(\"undefined\"!=typeof a.compareDocumentPosition)return a==b||!!(a.compareDocumentPosition(b)&16);for(;b&&a!=b;)b=b.parentNode;return b==a}\nfunction Xa(a,b){if(a==b)return 0;if(a.compareDocumentPosition)return a.compareDocumentPosition(b)&2?1:-1;if(v&&!(9<=Number(La))){if(9==a.nodeType)return-1;if(9==b.nodeType)return 1}if(\"sourceIndex\"in a||a.parentNode&&\"sourceIndex\"in a.parentNode){var c=1==a.nodeType,d=1==b.nodeType;if(c&&d)return a.sourceIndex-b.sourceIndex;var e=a.parentNode,f=b.parentNode;return e==f?Ya(a,b):!c&&Wa(e,b)?-1*Za(a,b):!d&&Wa(f,a)?Za(b,a):(c?a.sourceIndex:e.sourceIndex)-(d?b.sourceIndex:f.sourceIndex)}d=A(a);c=d.createRange();\nc.selectNode(a);c.collapse(!0);a=d.createRange();a.selectNode(b);a.collapse(!0);return c.compareBoundaryPoints(k.Range.START_TO_END,a)}function Za(a,b){var c=a.parentNode;if(c==b)return-1;for(;b.parentNode!=c;)b=b.parentNode;return Ya(b,a)}function Ya(a,b){for(;b=b.previousSibling;)if(b==a)return-1;return 1}function A(a){return 9==a.nodeType?a:a.ownerDocument||a.document}function $a(a,b){a&&(a=a.parentNode);for(var c=0;a;){if(b(a))return a;a=a.parentNode;c++}return null}\nfunction ab(a){this.a=a||k.document||document}ab.prototype.getElementsByTagName=function(a,b){return(b||this.a).getElementsByTagName(String(a))};function B(a){var b=null,c=a.nodeType;1==c&&(b=a.textContent,b=void 0==b||null==b?a.innerText:b,b=void 0==b||null==b?\"\":b);if(\"string\"!=typeof b)if(x&&\"title\"==a.nodeName.toLowerCase()&&1==c)b=a.text;else if(9==c||1==c){a=9==c?a.documentElement:a.firstChild;c=0;var d=[];for(b=\"\";a;){do 1!=a.nodeType&&(b+=a.nodeValue),x&&\"title\"==a.nodeName.toLowerCase()&&(b+=a.text),d[c++]=a;while(a=a.firstChild);for(;c&&!(a=d[--c].nextSibling););}}else b=a.nodeValue;return b}\nfunction C(a,b,c){if(null===b)return!0;try{if(!a.getAttribute)return!1}catch(d){return!1}Ma&&\"class\"==b&&(b=\"className\");return null==c?!!a.getAttribute(b):a.getAttribute(b,2)==c}function bb(a,b,c,d,e){return(x?cb:db).call(null,a,b,aa(c)?c:null,aa(d)?d:null,e||new E)}\nfunction cb(a,b,c,d,e){if(a instanceof F||8==a.b||c&&null===a.b){var f=b.all;if(!f)return e;a=eb(a);if(\"*\"!=a&&(f=b.getElementsByTagName(a),!f))return e;if(c){for(var g=[],h=0;b=f[h++];)C(b,c,d)&&g.push(b);f=g}for(h=0;b=f[h++];)\"*\"==a&&\"!\"==b.tagName||e.add(b);return e}gb(a,b,c,d,e);return e}\nfunction db(a,b,c,d,e){b.getElementsByName&&d&&\"name\"==c&&!v?(b=b.getElementsByName(d),n(b,function(f){a.a(f)&&e.add(f)})):b.getElementsByClassName&&d&&\"class\"==c?(b=b.getElementsByClassName(d),n(b,function(f){f.className==d&&a.a(f)&&e.add(f)})):a instanceof G?gb(a,b,c,d,e):b.getElementsByTagName&&(b=b.getElementsByTagName(a.f()),n(b,function(f){C(f,c,d)&&e.add(f)}));return e}\nfunction hb(a,b,c,d,e){var f;if((a instanceof F||8==a.b||c&&null===a.b)&&(f=b.childNodes)){var g=eb(a);if(\"*\"!=g&&(f=ka(f,function(h){return h.tagName&&h.tagName.toLowerCase()==g}),!f))return e;c&&(f=ka(f,function(h){return C(h,c,d)}));n(f,function(h){\"*\"==g&&(\"!\"==h.tagName||\"*\"==g&&1!=h.nodeType)||e.add(h)});return e}return ib(a,b,c,d,e)}function ib(a,b,c,d,e){for(b=b.firstChild;b;b=b.nextSibling)C(b,c,d)&&a.a(b)&&e.add(b);return e}\nfunction gb(a,b,c,d,e){for(b=b.firstChild;b;b=b.nextSibling)C(b,c,d)&&a.a(b)&&e.add(b),gb(a,b,c,d,e)}function eb(a){if(a instanceof G){if(8==a.b)return\"!\";if(null===a.b)return\"*\"}return a.f()};function E(){this.b=this.a=null;this.l=0}function jb(a){this.f=a;this.a=this.b=null}function kb(a,b){if(!a.a)return b;if(!b.a)return a;var c=a.a;b=b.a;for(var d=null,e,f=0;c&&b;){e=c.f;var g=b.f;e==g||e instanceof Na&&g instanceof Na&&e.a==g.a?(e=c,c=c.a,b=b.a):0<Xa(c.f,b.f)?(e=b,b=b.a):(e=c,c=c.a);(e.b=d)?d.a=e:a.a=e;d=e;f++}for(e=c||b;e;)e.b=d,d=d.a=e,f++,e=e.a;a.b=d;a.l=f;return a}function lb(a,b){b=new jb(b);b.a=a.a;a.b?a.a.b=b:a.a=a.b=b;a.a=b;a.l++}\nE.prototype.add=function(a){a=new jb(a);a.b=this.b;this.a?this.b.a=a:this.a=this.b=a;this.b=a;this.l++};function mb(a){return(a=a.a)?a.f:null}function nb(a){return(a=mb(a))?B(a):\"\"}function H(a,b){return new ob(a,!!b)}function ob(a,b){this.f=a;this.b=(this.s=b)?a.b:a.a;this.a=null}function I(a){var b=a.b;if(null==b)return null;var c=a.a=b;a.b=a.s?b.b:b.a;return c.f};function J(a){this.i=a;this.b=this.g=!1;this.f=null}function K(a){return\"\\n  \"+a.toString().split(\"\\n\").join(\"\\n  \")}function pb(a,b){a.g=b}function qb(a,b){a.b=b}function N(a,b){a=a.a(b);return a instanceof E?+nb(a):+a}function O(a,b){a=a.a(b);return a instanceof E?nb(a):\"\"+a}function rb(a,b){a=a.a(b);return a instanceof E?!!a.l:!!a};function sb(a,b,c){J.call(this,a.i);this.c=a;this.h=b;this.o=c;this.g=b.g||c.g;this.b=b.b||c.b;this.c==tb&&(c.b||c.g||4==c.i||0==c.i||!b.f?b.b||b.g||4==b.i||0==b.i||!c.f||(this.f={name:c.f.name,u:b}):this.f={name:b.f.name,u:c})}l(sb,J);\nfunction ub(a,b,c,d,e){b=b.a(d);c=c.a(d);var f;if(b instanceof E&&c instanceof E){b=H(b);for(d=I(b);d;d=I(b))for(e=H(c),f=I(e);f;f=I(e))if(a(B(d),B(f)))return!0;return!1}if(b instanceof E||c instanceof E){b instanceof E?(e=b,d=c):(e=c,d=b);f=H(e);for(var g=typeof d,h=I(f);h;h=I(f)){switch(g){case \"number\":h=+B(h);break;case \"boolean\":h=!!B(h);break;case \"string\":h=B(h);break;default:throw Error(\"Illegal primitive type for comparison.\");}if(e==b&&a(h,d)||e==c&&a(d,h))return!0}return!1}return e?\"boolean\"==\ntypeof b||\"boolean\"==typeof c?a(!!b,!!c):\"number\"==typeof b||\"number\"==typeof c?a(+b,+c):a(b,c):a(+b,+c)}sb.prototype.a=function(a){return this.c.m(this.h,this.o,a)};sb.prototype.toString=function(){var a=\"Binary Expression: \"+this.c;a+=K(this.h);return a+=K(this.o)};function vb(a,b,c,d){this.I=a;this.D=b;this.i=c;this.m=d}vb.prototype.toString=function(){return this.I};var wb={};\nfunction P(a,b,c,d){if(wb.hasOwnProperty(a))throw Error(\"Binary operator already created: \"+a);a=new vb(a,b,c,d);return wb[a.toString()]=a}P(\"div\",6,1,function(a,b,c){return N(a,c)/N(b,c)});P(\"mod\",6,1,function(a,b,c){return N(a,c)%N(b,c)});P(\"*\",6,1,function(a,b,c){return N(a,c)*N(b,c)});P(\"+\",5,1,function(a,b,c){return N(a,c)+N(b,c)});P(\"-\",5,1,function(a,b,c){return N(a,c)-N(b,c)});P(\"<\",4,2,function(a,b,c){return ub(function(d,e){return d<e},a,b,c)});\nP(\">\",4,2,function(a,b,c){return ub(function(d,e){return d>e},a,b,c)});P(\"<=\",4,2,function(a,b,c){return ub(function(d,e){return d<=e},a,b,c)});P(\">=\",4,2,function(a,b,c){return ub(function(d,e){return d>=e},a,b,c)});var tb=P(\"=\",3,2,function(a,b,c){return ub(function(d,e){return d==e},a,b,c,!0)});P(\"!=\",3,2,function(a,b,c){return ub(function(d,e){return d!=e},a,b,c,!0)});P(\"and\",2,2,function(a,b,c){return rb(a,c)&&rb(b,c)});P(\"or\",1,2,function(a,b,c){return rb(a,c)||rb(b,c)});function xb(a,b){if(b.a.length&&4!=a.i)throw Error(\"Primary expression must evaluate to nodeset if filter has predicate(s).\");J.call(this,a.i);this.c=a;this.h=b;this.g=a.g;this.b=a.b}l(xb,J);xb.prototype.a=function(a){a=this.c.a(a);return yb(this.h,a)};xb.prototype.toString=function(){var a=\"Filter:\"+K(this.c);return a+=K(this.h)};function zb(a,b){if(b.length<a.C)throw Error(\"Function \"+a.j+\" expects at least\"+a.C+\" arguments, \"+b.length+\" given\");if(null!==a.B&&b.length>a.B)throw Error(\"Function \"+a.j+\" expects at most \"+a.B+\" arguments, \"+b.length+\" given\");a.H&&n(b,function(c,d){if(4!=c.i)throw Error(\"Argument \"+d+\" to function \"+a.j+\" is not of type Nodeset: \"+c);});J.call(this,a.i);this.v=a;this.c=b;pb(this,a.g||ma(b,function(c){return c.g}));qb(this,a.G&&!b.length||a.F&&!!b.length||ma(b,function(c){return c.b}))}\nl(zb,J);zb.prototype.a=function(a){return this.v.m.apply(null,pa(a,this.c))};zb.prototype.toString=function(){var a=\"Function: \"+this.v;if(this.c.length){var b=la(this.c,function(c,d){return c+K(d)},\"Arguments:\");a+=K(b)}return a};function Ab(a,b,c,d,e,f,g,h){this.j=a;this.i=b;this.g=c;this.G=d;this.F=!1;this.m=e;this.C=f;this.B=void 0!==g?g:f;this.H=!!h}Ab.prototype.toString=function(){return this.j};var Bb={};\nfunction Q(a,b,c,d,e,f,g,h){if(Bb.hasOwnProperty(a))throw Error(\"Function already created: \"+a+\".\");Bb[a]=new Ab(a,b,c,d,e,f,g,h)}Q(\"boolean\",2,!1,!1,function(a,b){return rb(b,a)},1);Q(\"ceiling\",1,!1,!1,function(a,b){return Math.ceil(N(b,a))},1);Q(\"concat\",3,!1,!1,function(a,b){return la(qa(arguments,1),function(c,d){return c+O(d,a)},\"\")},2,null);Q(\"contains\",2,!1,!1,function(a,b,c){b=O(b,a);a=O(c,a);return-1!=b.indexOf(a)},2);Q(\"count\",1,!1,!1,function(a,b){return b.a(a).l},1,1,!0);\nQ(\"false\",2,!1,!1,function(){return!1},0);Q(\"floor\",1,!1,!1,function(a,b){return Math.floor(N(b,a))},1);Q(\"id\",4,!1,!1,function(a,b){function c(h){if(x){var m=e.all[h];if(m){if(m.nodeType&&h==m.id)return m;if(m.length)return oa(m,function(w){return h==w.id})}return null}return e.getElementById(h)}var d=a.a,e=9==d.nodeType?d:d.ownerDocument;a=O(b,a).split(/\\s+/);var f=[];n(a,function(h){h=c(h);!h||0<=ja(f,h)||f.push(h)});f.sort(Xa);var g=new E;n(f,function(h){g.add(h)});return g},1);\nQ(\"lang\",2,!1,!1,function(){return!1},1);Q(\"last\",1,!0,!1,function(a){if(1!=arguments.length)throw Error(\"Function last expects ()\");return a.f},0);Q(\"local-name\",3,!1,!0,function(a,b){return(a=b?mb(b.a(a)):a.a)?a.localName||a.nodeName.toLowerCase():\"\"},0,1,!0);Q(\"name\",3,!1,!0,function(a,b){return(a=b?mb(b.a(a)):a.a)?a.nodeName.toLowerCase():\"\"},0,1,!0);Q(\"namespace-uri\",3,!0,!1,function(){return\"\"},0,1,!0);\nQ(\"normalize-space\",3,!1,!0,function(a,b){return(b?O(b,a):B(a.a)).replace(/[\\s\\xa0]+/g,\" \").replace(/^\\s+|\\s+$/g,\"\")},0,1);Q(\"not\",2,!1,!1,function(a,b){return!rb(b,a)},1);Q(\"number\",1,!1,!0,function(a,b){return b?N(b,a):+B(a.a)},0,1);Q(\"position\",1,!0,!1,function(a){return a.b},0);Q(\"round\",1,!1,!1,function(a,b){return Math.round(N(b,a))},1);Q(\"starts-with\",2,!1,!1,function(a,b,c){b=O(b,a);a=O(c,a);return 0==b.lastIndexOf(a,0)},2);Q(\"string\",3,!1,!0,function(a,b){return b?O(b,a):B(a.a)},0,1);\nQ(\"string-length\",1,!1,!0,function(a,b){return(b?O(b,a):B(a.a)).length},0,1);Q(\"substring\",3,!1,!1,function(a,b,c,d){c=N(c,a);if(isNaN(c)||Infinity==c||-Infinity==c)return\"\";d=d?N(d,a):Infinity;if(isNaN(d)||-Infinity===d)return\"\";c=Math.round(c)-1;var e=Math.max(c,0);a=O(b,a);return Infinity==d?a.substring(e):a.substring(e,c+Math.round(d))},2,3);Q(\"substring-after\",3,!1,!1,function(a,b,c){b=O(b,a);a=O(c,a);c=b.indexOf(a);return-1==c?\"\":b.substring(c+a.length)},2);\nQ(\"substring-before\",3,!1,!1,function(a,b,c){b=O(b,a);a=O(c,a);a=b.indexOf(a);return-1==a?\"\":b.substring(0,a)},2);Q(\"sum\",1,!1,!1,function(a,b){a=H(b.a(a));b=0;for(var c=I(a);c;c=I(a))b+=+B(c);return b},1,1,!0);Q(\"translate\",3,!1,!1,function(a,b,c,d){b=O(b,a);c=O(c,a);var e=O(d,a);a={};for(d=0;d<c.length;d++){var f=c.charAt(d);f in a||(a[f]=e.charAt(d))}c=\"\";for(d=0;d<b.length;d++)f=b.charAt(d),c+=f in a?a[f]:f;return c},3);Q(\"true\",2,!1,!1,function(){return!0},0);function G(a,b){this.h=a;this.c=void 0!==b?b:null;this.b=null;switch(a){case \"comment\":this.b=8;break;case \"text\":this.b=3;break;case \"processing-instruction\":this.b=7;break;case \"node\":break;default:throw Error(\"Unexpected argument\");}}function Cb(a){return\"comment\"==a||\"text\"==a||\"processing-instruction\"==a||\"node\"==a}G.prototype.a=function(a){return null===this.b||this.b==a.nodeType};G.prototype.f=function(){return this.h};\nG.prototype.toString=function(){var a=\"Kind Test: \"+this.h;null===this.c||(a+=K(this.c));return a};function Db(a){J.call(this,3);this.c=a.substring(1,a.length-1)}l(Db,J);Db.prototype.a=function(){return this.c};Db.prototype.toString=function(){return\"Literal: \"+this.c};function F(a,b){this.j=a.toLowerCase();a=\"*\"==this.j?\"*\":\"http://www.w3.org/1999/xhtml\";this.c=b?b.toLowerCase():a}F.prototype.a=function(a){var b=a.nodeType;if(1!=b&&2!=b)return!1;b=void 0!==a.localName?a.localName:a.nodeName;return\"*\"!=this.j&&this.j!=b.toLowerCase()?!1:\"*\"==this.c?!0:this.c==(a.namespaceURI?a.namespaceURI.toLowerCase():\"http://www.w3.org/1999/xhtml\")};F.prototype.f=function(){return this.j};\nF.prototype.toString=function(){return\"Name Test: \"+(\"http://www.w3.org/1999/xhtml\"==this.c?\"\":this.c+\":\")+this.j};function Eb(a){J.call(this,1);this.c=a}l(Eb,J);Eb.prototype.a=function(){return this.c};Eb.prototype.toString=function(){return\"Number: \"+this.c};function Fb(a,b){J.call(this,a.i);this.h=a;this.c=b;this.g=a.g;this.b=a.b;1==this.c.length&&(a=this.c[0],a.A||a.c!=Gb||(a=a.o,\"*\"!=a.f()&&(this.f={name:a.f(),u:null})))}l(Fb,J);function Hb(){J.call(this,4)}l(Hb,J);Hb.prototype.a=function(a){var b=new E;a=a.a;9==a.nodeType?b.add(a):b.add(a.ownerDocument);return b};Hb.prototype.toString=function(){return\"Root Helper Expression\"};function Ib(){J.call(this,4)}l(Ib,J);Ib.prototype.a=function(a){var b=new E;b.add(a.a);return b};Ib.prototype.toString=function(){return\"Context Helper Expression\"};\nfunction Jb(a){return\"/\"==a||\"//\"==a}Fb.prototype.a=function(a){var b=this.h.a(a);if(!(b instanceof E))throw Error(\"Filter expression must evaluate to nodeset.\");a=this.c;for(var c=0,d=a.length;c<d&&b.l;c++){var e=a[c],f=H(b,e.c.s);if(e.g||e.c!=Kb)if(e.g||e.c!=Lb){var g=I(f);for(b=e.a(new ia(g));null!=(g=I(f));)g=e.a(new ia(g)),b=kb(b,g)}else g=I(f),b=e.a(new ia(g));else{for(g=I(f);(b=I(f))&&(!g.contains||g.contains(b))&&b.compareDocumentPosition(g)&8;g=b);b=e.a(new ia(g))}}return b};\nFb.prototype.toString=function(){var a=\"Path Expression:\"+K(this.h);if(this.c.length){var b=la(this.c,function(c,d){return c+K(d)},\"Steps:\");a+=K(b)}return a};function Mb(a,b){this.a=a;this.s=!!b}\nfunction yb(a,b,c){for(c=c||0;c<a.a.length;c++)for(var d=a.a[c],e=H(b),f=b.l,g,h=0;g=I(e);h++){var m=a.s?f-h:h+1;g=d.a(new ia(g,m,f));if(\"number\"==typeof g)m=m==g;else if(\"string\"==typeof g||\"boolean\"==typeof g)m=!!g;else if(g instanceof E)m=0<g.l;else throw Error(\"Predicate.evaluate returned an unexpected type.\");if(!m){m=e;g=m.f;var w=m.a;if(!w)throw Error(\"Next must be called at least once before remove.\");var r=w.b;w=w.a;r?r.a=w:g.a=w;w?w.b=r:g.b=r;g.l--;m.a=null}}return b}\nMb.prototype.toString=function(){return la(this.a,function(a,b){return a+K(b)},\"Predicates:\")};function R(a,b,c,d){J.call(this,4);this.c=a;this.o=b;this.h=c||new Mb([]);this.A=!!d;b=this.h;b=0<b.a.length?b.a[0].f:null;a.J&&b&&(a=b.name,a=x?a.toLowerCase():a,this.f={name:a,u:b.u});a:{a=this.h;for(b=0;b<a.a.length;b++)if(c=a.a[b],c.g||1==c.i||0==c.i){a=!0;break a}a=!1}this.g=a}l(R,J);\nR.prototype.a=function(a){var b=a.a,c=this.f,d=null,e=null,f=0;c&&(d=c.name,e=c.u?O(c.u,a):null,f=1);if(this.A)if(this.g||this.c!=Nb)if(b=H((new R(Ob,new G(\"node\"))).a(a)),c=I(b))for(a=this.m(c,d,e,f);null!=(c=I(b));)a=kb(a,this.m(c,d,e,f));else a=new E;else a=bb(this.o,b,d,e),a=yb(this.h,a,f);else a=this.m(a.a,d,e,f);return a};R.prototype.m=function(a,b,c,d){a=this.c.v(this.o,a,b,c);return a=yb(this.h,a,d)};\nR.prototype.toString=function(){var a=\"Step:\"+K(\"Operator: \"+(this.A?\"//\":\"/\"));this.c.j&&(a+=K(\"Axis: \"+this.c));a+=K(this.o);if(this.h.a.length){var b=la(this.h.a,function(c,d){return c+K(d)},\"Predicates:\");a+=K(b)}return a};function Pb(a,b,c,d){this.j=a;this.v=b;this.s=c;this.J=d}Pb.prototype.toString=function(){return this.j};var Qb={};function S(a,b,c,d){if(Qb.hasOwnProperty(a))throw Error(\"Axis already created: \"+a);b=new Pb(a,b,c,!!d);return Qb[a]=b}\nS(\"ancestor\",function(a,b){for(var c=new E;b=b.parentNode;)a.a(b)&&lb(c,b);return c},!0);S(\"ancestor-or-self\",function(a,b){var c=new E;do a.a(b)&&lb(c,b);while(b=b.parentNode);return c},!0);\nvar Gb=S(\"attribute\",function(a,b){var c=new E,d=a.f();if(\"style\"==d&&x&&b.style)return c.add(new Na(b.style,b,\"style\",b.style.cssText)),c;var e=b.attributes;if(e)if(a instanceof G&&null===a.b||\"*\"==d)for(a=0;d=e[a];a++)x?d.nodeValue&&c.add(Oa(b,d)):c.add(d);else(d=e.getNamedItem(d))&&(x?d.nodeValue&&c.add(Oa(b,d)):c.add(d));return c},!1),Nb=S(\"child\",function(a,b,c,d,e){return(x?hb:ib).call(null,a,b,aa(c)?c:null,aa(d)?d:null,e||new E)},!1,!0);S(\"descendant\",bb,!1,!0);\nvar Ob=S(\"descendant-or-self\",function(a,b,c,d){var e=new E;C(b,c,d)&&a.a(b)&&e.add(b);return bb(a,b,c,d,e)},!1,!0),Kb=S(\"following\",function(a,b,c,d){var e=new E;do for(var f=b;f=f.nextSibling;)C(f,c,d)&&a.a(f)&&e.add(f),e=bb(a,f,c,d,e);while(b=b.parentNode);return e},!1,!0);S(\"following-sibling\",function(a,b){for(var c=new E;b=b.nextSibling;)a.a(b)&&c.add(b);return c},!1);S(\"namespace\",function(){return new E},!1);\nvar Rb=S(\"parent\",function(a,b){var c=new E;if(9==b.nodeType)return c;if(2==b.nodeType)return c.add(b.ownerElement),c;b=b.parentNode;a.a(b)&&c.add(b);return c},!1),Lb=S(\"preceding\",function(a,b,c,d){var e=new E,f=[];do f.unshift(b);while(b=b.parentNode);for(var g=1,h=f.length;g<h;g++){var m=[];for(b=f[g];b=b.previousSibling;)m.unshift(b);for(var w=0,r=m.length;w<r;w++)b=m[w],C(b,c,d)&&a.a(b)&&e.add(b),e=bb(a,b,c,d,e)}return e},!0,!0);\nS(\"preceding-sibling\",function(a,b){for(var c=new E;b=b.previousSibling;)a.a(b)&&lb(c,b);return c},!0);var Sb=S(\"self\",function(a,b){var c=new E;a.a(b)&&c.add(b);return c},!1);function Tb(a){J.call(this,1);this.c=a;this.g=a.g;this.b=a.b}l(Tb,J);Tb.prototype.a=function(a){return-N(this.c,a)};Tb.prototype.toString=function(){return\"Unary Expression: -\"+K(this.c)};function Ub(a){J.call(this,4);this.c=a;pb(this,ma(this.c,function(b){return b.g}));qb(this,ma(this.c,function(b){return b.b}))}l(Ub,J);Ub.prototype.a=function(a){var b=new E;n(this.c,function(c){c=c.a(a);if(!(c instanceof E))throw Error(\"Path expression must evaluate to NodeSet.\");b=kb(b,c)});return b};Ub.prototype.toString=function(){return la(this.c,function(a,b){return a+K(b)},\"Union Expression:\")};function Vb(a,b){this.a=a;this.b=b}function Yb(a){for(var b,c=[];;){T(a,\"Missing right hand side of binary expression.\");b=Zb(a);var d=z(a.a);if(!d)break;var e=(d=wb[d]||null)&&d.D;if(!e){a.a.a--;break}for(;c.length&&e<=c[c.length-1].D;)b=new sb(c.pop(),c.pop(),b);c.push(b,d)}for(;c.length;)b=new sb(c.pop(),c.pop(),b);return b}function T(a,b){if(Ta(a.a))throw Error(b);}function $b(a,b){a=z(a.a);if(a!=b)throw Error(\"Bad token, expected: \"+b+\" got: \"+a);}\nfunction ac(a){a=z(a.a);if(\")\"!=a)throw Error(\"Bad token: \"+a);}function bc(a){a=z(a.a);if(2>a.length)throw Error(\"Unclosed literal string\");return new Db(a)}\nfunction cc(a){var b=[];if(Jb(y(a.a))){var c=z(a.a);var d=y(a.a);if(\"/\"==c&&(Ta(a.a)||\".\"!=d&&\"..\"!=d&&\"@\"!=d&&\"*\"!=d&&!/(?![0-9])[\\w]/.test(d)))return new Hb;d=new Hb;T(a,\"Missing next location step.\");c=dc(a,c);b.push(c)}else{a:{c=y(a.a);d=c.charAt(0);switch(d){case \"$\":throw Error(\"Variable reference not allowed in HTML XPath\");case \"(\":z(a.a);c=Yb(a);T(a,'unclosed \"(\"');$b(a,\")\");break;case '\"':case \"'\":c=bc(a);break;default:if(isNaN(+c))if(!Cb(c)&&/(?![0-9])[\\w]/.test(d)&&\"(\"==y(a.a,1)){c=z(a.a);\nc=Bb[c]||null;z(a.a);for(d=[];\")\"!=y(a.a);){T(a,\"Missing function argument list.\");d.push(Yb(a));if(\",\"!=y(a.a))break;z(a.a)}T(a,\"Unclosed function argument list.\");ac(a);c=new zb(c,d)}else{c=null;break a}else c=new Eb(+z(a.a))}\"[\"==y(a.a)&&(d=new Mb(ec(a)),c=new xb(c,d))}if(c)if(Jb(y(a.a)))d=c;else return c;else c=dc(a,\"/\"),d=new Ib,b.push(c)}for(;Jb(y(a.a));)c=z(a.a),T(a,\"Missing next location step.\"),c=dc(a,c),b.push(c);return new Fb(d,b)}\nfunction dc(a,b){if(\"/\"!=b&&\"//\"!=b)throw Error('Step op should be \"/\" or \"//\"');if(\".\"==y(a.a)){var c=new R(Sb,new G(\"node\"));z(a.a);return c}if(\"..\"==y(a.a))return c=new R(Rb,new G(\"node\")),z(a.a),c;if(\"@\"==y(a.a)){var d=Gb;z(a.a);T(a,\"Missing attribute name\")}else if(\"::\"==y(a.a,1)){if(!/(?![0-9])[\\w]/.test(y(a.a).charAt(0)))throw Error(\"Bad token: \"+z(a.a));var e=z(a.a);d=Qb[e]||null;if(!d)throw Error(\"No axis with name: \"+e);z(a.a);T(a,\"Missing node name\")}else d=Nb;e=y(a.a);if(/(?![0-9])[\\w\\*]/.test(e.charAt(0)))if(\"(\"==\ny(a.a,1)){if(!Cb(e))throw Error(\"Invalid node type: \"+e);e=z(a.a);if(!Cb(e))throw Error(\"Invalid type name: \"+e);$b(a,\"(\");T(a,\"Bad nodetype\");var f=y(a.a).charAt(0),g=null;if('\"'==f||\"'\"==f)g=bc(a);T(a,\"Bad nodetype\");ac(a);e=new G(e,g)}else if(e=z(a.a),f=e.indexOf(\":\"),-1==f)e=new F(e);else{g=e.substring(0,f);if(\"*\"==g)var h=\"*\";else if(h=a.b(g),!h)throw Error(\"Namespace prefix not declared: \"+g);e=e.substr(f+1);e=new F(e,h)}else throw Error(\"Bad token: \"+z(a.a));a=new Mb(ec(a),d.s);return c||new R(d,\ne,a,\"//\"==b)}function ec(a){for(var b=[];\"[\"==y(a.a);){z(a.a);T(a,\"Missing predicate expression.\");var c=Yb(a);b.push(c);T(a,\"Unclosed predicate expression.\");$b(a,\"]\")}return b}function Zb(a){if(\"-\"==y(a.a))return z(a.a),new Tb(Zb(a));var b=cc(a);if(\"|\"!=y(a.a))a=b;else{for(b=[b];\"|\"==z(a.a);)T(a,\"Missing next union location path.\"),b.push(cc(a));a.a.a--;a=new Ub(b)}return a};function fc(a){switch(a.nodeType){case 1:return ha(gc,a);case 9:return fc(a.documentElement);case 11:case 10:case 6:case 12:return hc;default:return a.parentNode?fc(a.parentNode):hc}}function hc(){return null}function gc(a,b){if(a.prefix==b)return a.namespaceURI||\"http://www.w3.org/1999/xhtml\";var c=a.getAttributeNode(\"xmlns:\"+b);return c&&c.specified?c.value||null:a.parentNode&&9!=a.parentNode.nodeType?gc(a.parentNode,b):null};function ic(a,b){if(!a.length)throw Error(\"Empty XPath expression.\");a=Qa(a);if(Ta(a))throw Error(\"Invalid XPath expression.\");b?\"function\"==ca(b)||(b=fa(b.lookupNamespaceURI,b)):b=function(){return null};var c=Yb(new Vb(a,b));if(!Ta(a))throw Error(\"Bad token: \"+z(a));this.evaluate=function(d,e){d=c.a(new ia(d));return new U(d,e)}}\nfunction U(a,b){if(0==b)if(a instanceof E)b=4;else if(\"string\"==typeof a)b=2;else if(\"number\"==typeof a)b=1;else if(\"boolean\"==typeof a)b=3;else throw Error(\"Unexpected evaluation result.\");if(2!=b&&1!=b&&3!=b&&!(a instanceof E))throw Error(\"value could not be converted to the specified type\");this.resultType=b;switch(b){case 2:this.stringValue=a instanceof E?nb(a):\"\"+a;break;case 1:this.numberValue=a instanceof E?+nb(a):+a;break;case 3:this.booleanValue=a instanceof E?0<a.l:!!a;break;case 4:case 5:case 6:case 7:var c=\nH(a);var d=[];for(var e=I(c);e;e=I(c))d.push(e instanceof Na?e.a:e);this.snapshotLength=a.l;this.invalidIteratorState=!1;break;case 8:case 9:a=mb(a);this.singleNodeValue=a instanceof Na?a.a:a;break;default:throw Error(\"Unknown XPathResult type.\");}var f=0;this.iterateNext=function(){if(4!=b&&5!=b)throw Error(\"iterateNext called with wrong result type\");return f>=d.length?null:d[f++]};this.snapshotItem=function(g){if(6!=b&&7!=b)throw Error(\"snapshotItem called with wrong result type\");return g>=d.length||\n0>g?null:d[g]}}U.ANY_TYPE=0;U.NUMBER_TYPE=1;U.STRING_TYPE=2;U.BOOLEAN_TYPE=3;U.UNORDERED_NODE_ITERATOR_TYPE=4;U.ORDERED_NODE_ITERATOR_TYPE=5;U.UNORDERED_NODE_SNAPSHOT_TYPE=6;U.ORDERED_NODE_SNAPSHOT_TYPE=7;U.ANY_UNORDERED_NODE_TYPE=8;U.FIRST_ORDERED_NODE_TYPE=9;function jc(a){this.lookupNamespaceURI=fc(a)}\nfunction kc(a,b){a=a||k;var c=a.Document&&a.Document.prototype||a.document;if(!c.evaluate||b)a.XPathResult=U,c.evaluate=function(d,e,f,g){return(new ic(d,f)).evaluate(e,g)},c.createExpression=function(d,e){return new ic(d,e)},c.createNSResolver=function(d){return new jc(d)}}ba(\"wgxpath.install\",kc);ba(\"wgxpath.install\",kc);var lc={aliceblue:\"#f0f8ff\",antiquewhite:\"#faebd7\",aqua:\"#00ffff\",aquamarine:\"#7fffd4\",azure:\"#f0ffff\",beige:\"#f5f5dc\",bisque:\"#ffe4c4\",black:\"#000000\",blanchedalmond:\"#ffebcd\",blue:\"#0000ff\",blueviolet:\"#8a2be2\",brown:\"#a52a2a\",burlywood:\"#deb887\",cadetblue:\"#5f9ea0\",chartreuse:\"#7fff00\",chocolate:\"#d2691e\",coral:\"#ff7f50\",cornflowerblue:\"#6495ed\",cornsilk:\"#fff8dc\",crimson:\"#dc143c\",cyan:\"#00ffff\",darkblue:\"#00008b\",darkcyan:\"#008b8b\",darkgoldenrod:\"#b8860b\",darkgray:\"#a9a9a9\",darkgreen:\"#006400\",\ndarkgrey:\"#a9a9a9\",darkkhaki:\"#bdb76b\",darkmagenta:\"#8b008b\",darkolivegreen:\"#556b2f\",darkorange:\"#ff8c00\",darkorchid:\"#9932cc\",darkred:\"#8b0000\",darksalmon:\"#e9967a\",darkseagreen:\"#8fbc8f\",darkslateblue:\"#483d8b\",darkslategray:\"#2f4f4f\",darkslategrey:\"#2f4f4f\",darkturquoise:\"#00ced1\",darkviolet:\"#9400d3\",deeppink:\"#ff1493\",deepskyblue:\"#00bfff\",dimgray:\"#696969\",dimgrey:\"#696969\",dodgerblue:\"#1e90ff\",firebrick:\"#b22222\",floralwhite:\"#fffaf0\",forestgreen:\"#228b22\",fuchsia:\"#ff00ff\",gainsboro:\"#dcdcdc\",\nghostwhite:\"#f8f8ff\",gold:\"#ffd700\",goldenrod:\"#daa520\",gray:\"#808080\",green:\"#008000\",greenyellow:\"#adff2f\",grey:\"#808080\",honeydew:\"#f0fff0\",hotpink:\"#ff69b4\",indianred:\"#cd5c5c\",indigo:\"#4b0082\",ivory:\"#fffff0\",khaki:\"#f0e68c\",lavender:\"#e6e6fa\",lavenderblush:\"#fff0f5\",lawngreen:\"#7cfc00\",lemonchiffon:\"#fffacd\",lightblue:\"#add8e6\",lightcoral:\"#f08080\",lightcyan:\"#e0ffff\",lightgoldenrodyellow:\"#fafad2\",lightgray:\"#d3d3d3\",lightgreen:\"#90ee90\",lightgrey:\"#d3d3d3\",lightpink:\"#ffb6c1\",lightsalmon:\"#ffa07a\",\nlightseagreen:\"#20b2aa\",lightskyblue:\"#87cefa\",lightslategray:\"#778899\",lightslategrey:\"#778899\",lightsteelblue:\"#b0c4de\",lightyellow:\"#ffffe0\",lime:\"#00ff00\",limegreen:\"#32cd32\",linen:\"#faf0e6\",magenta:\"#ff00ff\",maroon:\"#800000\",mediumaquamarine:\"#66cdaa\",mediumblue:\"#0000cd\",mediumorchid:\"#ba55d3\",mediumpurple:\"#9370db\",mediumseagreen:\"#3cb371\",mediumslateblue:\"#7b68ee\",mediumspringgreen:\"#00fa9a\",mediumturquoise:\"#48d1cc\",mediumvioletred:\"#c71585\",midnightblue:\"#191970\",mintcream:\"#f5fffa\",mistyrose:\"#ffe4e1\",\nmoccasin:\"#ffe4b5\",navajowhite:\"#ffdead\",navy:\"#000080\",oldlace:\"#fdf5e6\",olive:\"#808000\",olivedrab:\"#6b8e23\",orange:\"#ffa500\",orangered:\"#ff4500\",orchid:\"#da70d6\",palegoldenrod:\"#eee8aa\",palegreen:\"#98fb98\",paleturquoise:\"#afeeee\",palevioletred:\"#db7093\",papayawhip:\"#ffefd5\",peachpuff:\"#ffdab9\",peru:\"#cd853f\",pink:\"#ffc0cb\",plum:\"#dda0dd\",powderblue:\"#b0e0e6\",purple:\"#800080\",red:\"#ff0000\",rosybrown:\"#bc8f8f\",royalblue:\"#4169e1\",saddlebrown:\"#8b4513\",salmon:\"#fa8072\",sandybrown:\"#f4a460\",seagreen:\"#2e8b57\",\nseashell:\"#fff5ee\",sienna:\"#a0522d\",silver:\"#c0c0c0\",skyblue:\"#87ceeb\",slateblue:\"#6a5acd\",slategray:\"#708090\",slategrey:\"#708090\",snow:\"#fffafa\",springgreen:\"#00ff7f\",steelblue:\"#4682b4\",tan:\"#d2b48c\",teal:\"#008080\",thistle:\"#d8bfd8\",tomato:\"#ff6347\",turquoise:\"#40e0d0\",violet:\"#ee82ee\",wheat:\"#f5deb3\",white:\"#ffffff\",whitesmoke:\"#f5f5f5\",yellow:\"#ffff00\",yellowgreen:\"#9acd32\"};var mc=\"backgroundColor borderTopColor borderRightColor borderBottomColor borderLeftColor color outlineColor\".split(\" \"),nc=/#([0-9a-fA-F])([0-9a-fA-F])([0-9a-fA-F])/,oc=/^#(?:[0-9a-f]{3}){1,2}$/i,pc=/^(?:rgba)?\\((\\d{1,3}),\\s?(\\d{1,3}),\\s?(\\d{1,3}),\\s?(0|1|0\\.\\d*)\\)$/i,qc=/^(?:rgb)?\\((0|[1-9]\\d{0,2}),\\s?(0|[1-9]\\d{0,2}),\\s?(0|[1-9]\\d{0,2})\\)$/i;function rc(a,b){this.code=a;this.a=V[a]||sc;this.message=b||\"\";a=this.a.replace(/((?:^|\\s+)[a-z])/g,function(c){return c.toUpperCase().replace(/^[\\s\\xa0]+/g,\"\")});b=a.length-5;if(0>b||a.indexOf(\"Error\",b)!=b)a+=\"Error\";this.name=a;a=Error(this.message);a.name=this.name;this.stack=a.stack||\"\"}l(rc,Error);var sc=\"unknown error\",V={15:\"element not selectable\",11:\"element not visible\"};V[31]=sc;V[30]=sc;V[24]=\"invalid cookie domain\";V[29]=\"invalid element coordinates\";V[12]=\"invalid element state\";\nV[32]=\"invalid selector\";V[51]=\"invalid selector\";V[52]=\"invalid selector\";V[17]=\"javascript error\";V[405]=\"unsupported operation\";V[34]=\"move target out of bounds\";V[27]=\"no such alert\";V[7]=\"no such element\";V[8]=\"no such frame\";V[23]=\"no such window\";V[28]=\"script timeout\";V[33]=\"session not created\";V[10]=\"stale element reference\";V[21]=\"timeout\";V[25]=\"unable to set cookie\";V[26]=\"unexpected alert open\";V[13]=sc;V[9]=\"unknown command\";var tc=va(),uc=ya()||u(\"iPod\"),vc=u(\"iPad\"),wc=u(\"Android\")&&!(wa()||va()||u(\"Opera\")||u(\"Silk\")),xc=wa(),yc=u(\"Safari\")&&!(wa()||u(\"Coast\")||u(\"Opera\")||u(\"Edge\")||u(\"Edg/\")||u(\"OPR\")||va()||u(\"Silk\")||u(\"Android\"))&&!(ya()||u(\"iPad\")||u(\"iPod\"));function zc(a){return(a=a.exec(t))?a[1]:\"\"}(function(){if(tc)return zc(/Firefox\\/([0-9.]+)/);if(v||Ca||Ba)return Ga;if(xc)return ya()||u(\"iPad\")||u(\"iPod\")?zc(/CriOS\\/([0-9.]+)/):zc(/Chrome\\/([0-9.]+)/);if(yc&&!(ya()||u(\"iPad\")||u(\"iPod\")))return zc(/Version\\/([0-9.]+)/);if(uc||vc){var a=/Version\\/(\\S+).*Mobile\\/(\\S+)/.exec(t);if(a)return a[1]+\".\"+a[2]}else if(wc)return(a=zc(/Android\\s+([0-9.]+)/))?a:zc(/Version\\/([0-9.]+)/);return\"\"})();var Ac=v&&!(9<=Number(La));function W(a,b){b&&\"string\"!==typeof b&&(b=b.toString());return!!a&&1==a.nodeType&&(!b||a.tagName.toUpperCase()==b)};var Bc=function(){var a={K:\"http://www.w3.org/2000/svg\"};return function(b){return a[b]||null}}();\nfunction Cc(a,b){var c=A(a);if(!c.documentElement)return null;(v||wc)&&kc(c?c.parentWindow||c.defaultView:window);try{var d=c.createNSResolver?c.createNSResolver(c.documentElement):Bc;if(v&&!Ka(7))return c.evaluate.call(c,b,a,d,9,null);if(!v||9<=Number(La)){for(var e={},f=c.getElementsByTagName(\"*\"),g=0;g<f.length;++g){var h=f[g],m=h.namespaceURI;if(m&&!e[m]){var w=h.lookupPrefix(m);if(!w){var r=m.match(\".*/(\\\\w+)/?$\");w=r?r[1]:\"xhtml\"}e[m]=w}}var D={},L;for(L in e)D[e[L]]=L;d=function(M){return D[M]||\nnull}}try{return c.evaluate(b,a,d,9,null)}catch(M){if(\"TypeError\"===M.name)return d=c.createNSResolver?c.createNSResolver(c.documentElement):Bc,c.evaluate(b,a,d,9,null);throw M;}}catch(M){if(!Da||\"NS_ERROR_ILLEGAL_VALUE\"!=M.name)throw new rc(32,\"Unable to locate an element with the xpath expression \"+b+\" because of the following error:\\n\"+M);}}\nfunction Dc(a,b){var c=function(){var d=Cc(b,a);return d?d.singleNodeValue||null:b.selectSingleNode?(d=A(b),d.setProperty&&d.setProperty(\"SelectionLanguage\",\"XPath\"),b.selectSingleNode(a)):null}();if(null!==c&&(!c||1!=c.nodeType))throw new rc(32,'The result of the xpath expression \"'+a+'\" is: '+c+\". It should be an element.\");return c};function Ec(a,b,c,d){this.c=a;this.a=b;this.b=c;this.f=d}Ec.prototype.ceil=function(){this.c=Math.ceil(this.c);this.a=Math.ceil(this.a);this.b=Math.ceil(this.b);this.f=Math.ceil(this.f);return this};Ec.prototype.floor=function(){this.c=Math.floor(this.c);this.a=Math.floor(this.a);this.b=Math.floor(this.b);this.f=Math.floor(this.f);return this};Ec.prototype.round=function(){this.c=Math.round(this.c);this.a=Math.round(this.a);this.b=Math.round(this.b);this.f=Math.round(this.f);return this};function X(a,b,c,d){this.a=a;this.b=b;this.width=c;this.height=d}X.prototype.ceil=function(){this.a=Math.ceil(this.a);this.b=Math.ceil(this.b);this.width=Math.ceil(this.width);this.height=Math.ceil(this.height);return this};X.prototype.floor=function(){this.a=Math.floor(this.a);this.b=Math.floor(this.b);this.width=Math.floor(this.width);this.height=Math.floor(this.height);return this};\nX.prototype.round=function(){this.a=Math.round(this.a);this.b=Math.round(this.b);this.width=Math.round(this.width);this.height=Math.round(this.height);return this};var Fc=\"function\"===typeof ShadowRoot;function Gc(a){for(a=a.parentNode;a&&1!=a.nodeType&&9!=a.nodeType&&11!=a.nodeType;)a=a.parentNode;return W(a)?a:null}\nfunction Y(a,b){b=xa(b);if(\"float\"==b||\"cssFloat\"==b||\"styleFloat\"==b)b=Ac?\"styleFloat\":\"cssFloat\";a:{var c=b;var d=A(a);if(d.defaultView&&d.defaultView.getComputedStyle&&(d=d.defaultView.getComputedStyle(a,null))){c=d[c]||d.getPropertyValue(c)||\"\";break a}c=\"\"}a=c||Hc(a,b);if(null===a)a=null;else if(0<=ja(mc,b)){b:{var e=a.match(pc);if(e&&(b=Number(e[1]),c=Number(e[2]),d=Number(e[3]),e=Number(e[4]),0<=b&&255>=b&&0<=c&&255>=c&&0<=d&&255>=d&&0<=e&&1>=e)){b=[b,c,d,e];break b}b=null}if(!b)b:{if(d=a.match(qc))if(b=\nNumber(d[1]),c=Number(d[2]),d=Number(d[3]),0<=b&&255>=b&&0<=c&&255>=c&&0<=d&&255>=d){b=[b,c,d,1];break b}b=null}if(!b)b:{b=a.toLowerCase();c=lc[b.toLowerCase()];if(!c&&(c=\"#\"==b.charAt(0)?b:\"#\"+b,4==c.length&&(c=c.replace(nc,\"#$1$1$2$2$3$3\")),!oc.test(c))){b=null;break b}b=[parseInt(c.substr(1,2),16),parseInt(c.substr(3,2),16),parseInt(c.substr(5,2),16),1]}a=b?\"rgba(\"+b.join(\", \")+\")\":a}return a}\nfunction Hc(a,b){var c=a.currentStyle||a.style,d=c[b];void 0===d&&\"function\"==ca(c.getPropertyValue)&&(d=c.getPropertyValue(b));return\"inherit\"!=d?void 0!==d?d:null:(a=Gc(a))?Hc(a,b):null}\nfunction Ic(a,b,c){function d(g){var h=Jc(g);return 0<h.height&&0<h.width?!0:W(g,\"PATH\")&&(0<h.height||0<h.width)?(g=Y(g,\"stroke-width\"),!!g&&0<parseInt(g,10)):\"hidden\"!=Y(g,\"overflow\")&&ma(g.childNodes,function(m){return 3==m.nodeType||W(m)&&d(m)})}function e(g){return Kc(g)==Z&&na(g.childNodes,function(h){return!W(h)||e(h)||!d(h)})}if(!W(a))throw Error(\"Argument to isShown must be of type Element\");if(W(a,\"BODY\"))return!0;if(W(a,\"OPTION\")||W(a,\"OPTGROUP\"))return a=$a(a,function(g){return W(g,\"SELECT\")}),\n!!a&&Ic(a,!0,c);var f=Lc(a);if(f)return!!f.image&&0<f.rect.width&&0<f.rect.height&&Ic(f.image,b,c);if(W(a,\"INPUT\")&&\"hidden\"==a.type.toLowerCase()||W(a,\"NOSCRIPT\"))return!1;f=Y(a,\"visibility\");return\"collapse\"!=f&&\"hidden\"!=f&&c(a)&&(b||0!=Mc(a))&&d(a)?!e(a):!1}var Z=\"hidden\";\nfunction Kc(a){function b(p){function q(fb){if(fb==g)return!0;var Wb=Y(fb,\"display\");return 0==Wb.lastIndexOf(\"inline\",0)||\"contents\"==Wb||\"absolute\"==Xb&&\"static\"==Y(fb,\"position\")?!1:!0}var Xb=Y(p,\"position\");if(\"fixed\"==Xb)return w=!0,p==g?null:g;for(p=Gc(p);p&&!q(p);)p=Gc(p);return p}function c(p){var q=p;if(\"visible\"==m)if(p==g&&h)q=h;else if(p==h)return{x:\"visible\",y:\"visible\"};q={x:Y(q,\"overflow-x\"),y:Y(q,\"overflow-y\")};p==g&&(q.x=\"visible\"==q.x?\"auto\":q.x,q.y=\"visible\"==q.y?\"auto\":q.y);return q}\nfunction d(p){if(p==g){var q=(new ab(f)).a;p=q.scrollingElement?q.scrollingElement:Ea||\"CSS1Compat\"!=q.compatMode?q.body||q.documentElement:q.documentElement;q=q.parentWindow||q.defaultView;p=v&&Ka(\"10\")&&q.pageYOffset!=p.scrollTop?new Ua(p.scrollLeft,p.scrollTop):new Ua(q.pageXOffset||p.scrollLeft,q.pageYOffset||p.scrollTop)}else p=new Ua(p.scrollLeft,p.scrollTop);return p}var e=Nc(a),f=A(a),g=f.documentElement,h=f.body,m=Y(g,\"overflow\"),w;for(a=b(a);a;a=b(a)){var r=c(a);if(\"visible\"!=r.x||\"visible\"!=\nr.y){var D=Jc(a);if(0==D.width||0==D.height)return Z;var L=e.a<D.a,M=e.b<D.b;if(L&&\"hidden\"==r.x||M&&\"hidden\"==r.y)return Z;if(L&&\"visible\"!=r.x||M&&\"visible\"!=r.y){L=d(a);M=e.b<D.b-L.y;if(e.a<D.a-L.x&&\"visible\"!=r.x||M&&\"visible\"!=r.x)return Z;e=Kc(a);return e==Z?Z:\"scroll\"}L=e.f>=D.a+D.width;D=e.c>=D.b+D.height;if(L&&\"hidden\"==r.x||D&&\"hidden\"==r.y)return Z;if(L&&\"visible\"!=r.x||D&&\"visible\"!=r.y){if(w&&(r=d(a),e.f>=g.scrollWidth-r.x||e.a>=g.scrollHeight-r.y))return Z;e=Kc(a);return e==Z?Z:\"scroll\"}}}return\"none\"}\nfunction Jc(a){var b=Lc(a);if(b)return b.rect;if(W(a,\"HTML\"))return a=A(a),a=((a?a.parentWindow||a.defaultView:window)||window).document,a=\"CSS1Compat\"==a.compatMode?a.documentElement:a.body,a=new Va(a.clientWidth,a.clientHeight),new X(0,0,a.width,a.height);try{var c=a.getBoundingClientRect()}catch(d){return new X(0,0,0,0)}b=new X(c.left,c.top,c.right-c.left,c.bottom-c.top);v&&a.ownerDocument.body&&(a=A(a),b.a-=a.documentElement.clientLeft+a.body.clientLeft,b.b-=a.documentElement.clientTop+a.body.clientTop);\nreturn b}function Lc(a){var b=W(a,\"MAP\");if(!b&&!W(a,\"AREA\"))return null;var c=b?a:W(a.parentNode,\"MAP\")?a.parentNode:null,d=null,e=null;c&&c.name&&(d=Dc('/descendant::*[@usemap = \"#'+c.name+'\"]',A(c)))&&(e=Jc(d),b||\"default\"==a.shape.toLowerCase()||(a=Oc(a),b=Math.min(Math.max(a.a,0),e.width),c=Math.min(Math.max(a.b,0),e.height),e=new X(b+e.a,c+e.b,Math.min(a.width,e.width-b),Math.min(a.height,e.height-c))));return{image:d,rect:e||new X(0,0,0,0)}}\nfunction Oc(a){var b=a.shape.toLowerCase();a=a.coords.split(\",\");if(\"rect\"==b&&4==a.length){b=a[0];var c=a[1];return new X(b,c,a[2]-b,a[3]-c)}if(\"circle\"==b&&3==a.length)return b=a[2],new X(a[0]-b,a[1]-b,2*b,2*b);if(\"poly\"==b&&2<a.length){b=a[0];c=a[1];for(var d=b,e=c,f=2;f+1<a.length;f+=2)b=Math.min(b,a[f]),d=Math.max(d,a[f]),c=Math.min(c,a[f+1]),e=Math.max(e,a[f+1]);return new X(b,c,d-b,e-c)}return new X(0,0,0,0)}function Nc(a){a=Jc(a);return new Ec(a.b,a.a+a.width,a.b+a.height,a.a)}\nfunction Mc(a){if(Ac){if(\"relative\"==Y(a,\"position\"))return 1;a=Y(a,\"filter\");return(a=a.match(/^alpha\\(opacity=(\\d*)\\)/)||a.match(/^progid:DXImageTransform.Microsoft.Alpha\\(Opacity=(\\d*)\\)/))?Number(a[1])/100:1}return Pc(a)}function Pc(a){var b=1,c=Y(a,\"opacity\");c&&(b=Number(c));(a=Gc(a))&&(b*=Pc(a));return b};ba(\"_\",function(a,b){function c(d){if(W(d)&&\"none\"==Y(d,\"display\"))return!1;var e;if((e=d.parentNode)&&e.shadowRoot&&void 0!==d.assignedSlot)e=d.assignedSlot?d.assignedSlot.parentNode:null;else if(d.getDestinationInsertionPoints){var f=d.getDestinationInsertionPoints();0<f.length&&(e=f[f.length-1])}if(Fc&&e instanceof ShadowRoot){if(e.host.shadowRoot!==e)return!1;e=e.host}return!e||9!=e.nodeType&&11!=e.nodeType?e&&W(e,\"DETAILS\")&&!e.open&&!W(d,\"SUMMARY\")?!1:!!e&&c(e):!0}return Ic(a,!!b,c)});; return this._.apply(null,arguments);}).apply({navigator:typeof window!='undefined'?window.navigator:null,document:typeof window!='undefined'?window.document:null}, arguments);}\n).apply(null, arguments);", "args": [{"element-6066-11e4-a52e-4f735466cecf": "f.71DB0DF9B840E708CAB28FC798045831.d.C558A7EE53FB6D46B4B9713CFE807C9E.e.260"}]}
DEBUG    urllib3.connectionpool:connectionpool.py:544 http://selenium-hub:4444 "POST /wd/hub/session/fcd0dd8d498ba139fab82ef28f7baf5a/execute/sync HTTP/1.1" 200 0
DEBUG    selenium.webdriver.remote.remote_connection:remote_connection.py:329 Remote response: status=200 | data={"value":true} | headers=HTTPHeaderDict({'content-length': '14', 'content-type': 'application/json; charset=utf-8', 'cache-control': 'no-cache'})
DEBUG    selenium.webdriver.remote.remote_connection:remote_connection.py:356 Finished Request
DEBUG    selenium.webdriver.remote.remote_connection:remote_connection.py:313 POST http://selenium-hub:4444/wd/hub/session/fcd0dd8d498ba139fab82ef28f7baf5a/execute/sync {"script": "/* isDisplayed */return (function(){return (function(){var k=this||self;function aa(a){return\"string\"==typeof a}function ba(a,b){a=a.split(\".\");var c=k;a[0]in c||\"undefined\"==typeof c.execScript||c.execScript(\"var \"+a[0]);for(var d;a.length&&(d=a.shift());)a.length||void 0===b?c[d]&&c[d]!==Object.prototype[d]?c=c[d]:c=c[d]={}:c[d]=b}\nfunction ca(a){var b=typeof a;if(\"object\"==b)if(a){if(a instanceof Array)return\"array\";if(a instanceof Object)return b;var c=Object.prototype.toString.call(a);if(\"[object Window]\"==c)return\"object\";if(\"[object Array]\"==c||\"number\"==typeof a.length&&\"undefined\"!=typeof a.splice&&\"undefined\"!=typeof a.propertyIsEnumerable&&!a.propertyIsEnumerable(\"splice\"))return\"array\";if(\"[object Function]\"==c||\"undefined\"!=typeof a.call&&\"undefined\"!=typeof a.propertyIsEnumerable&&!a.propertyIsEnumerable(\"call\"))return\"function\"}else return\"null\";\nelse if(\"function\"==b&&\"undefined\"==typeof a.call)return\"object\";return b}function da(a,b,c){return a.call.apply(a.bind,arguments)}function ea(a,b,c){if(!a)throw Error();if(2<arguments.length){var d=Array.prototype.slice.call(arguments,2);return function(){var e=Array.prototype.slice.call(arguments);Array.prototype.unshift.apply(e,d);return a.apply(b,e)}}return function(){return a.apply(b,arguments)}}\nfunction fa(a,b,c){Function.prototype.bind&&-1!=Function.prototype.bind.toString().indexOf(\"native code\")?fa=da:fa=ea;return fa.apply(null,arguments)}function ha(a,b){var c=Array.prototype.slice.call(arguments,1);return function(){var d=c.slice();d.push.apply(d,arguments);return a.apply(this,d)}}function l(a,b){function c(){}c.prototype=b.prototype;a.prototype=new c;a.prototype.constructor=a};/*\n\n The MIT License\n\n Copyright (c) 2007 Cybozu Labs, Inc.\n Copyright (c) 2012 Google Inc.\n\n Permission is hereby granted, free of charge, to any person obtaining a copy\n of this software and associated documentation files (the \"Software\"), to\n deal in the Software without restriction, including without limitation the\n rights to use, copy, modify, merge, publish, distribute, sublicense, and/or\n sell copies of the Software, and to permit persons to whom the Software is\n furnished to do so, subject to the following conditions:\n\n The above copyright notice and this permission notice shall be included in\n all copies or substantial portions of the Software.\n\n THE SOFTWARE IS PROVIDED \"AS IS\", WITHOUT WARRANTY OF ANY KIND, EXPRESS OR\n IMPLIED, INCLUDING BUT NOT LIMITED TO THE WARRANTIES OF MERCHANTABILITY,\n FITNESS FOR A PARTICULAR PURPOSE AND NONINFRINGEMENT. IN NO EVENT SHALL THE\n AUTHORS OR COPYRIGHT HOLDERS BE LIABLE FOR ANY CLAIM, DAMAGES OR OTHER\n LIABILITY, WHETHER IN AN ACTION OF CONTRACT, TORT OR OTHERWISE, ARISING\n FROM, OUT OF OR IN CONNECTION WITH THE SOFTWARE OR THE USE OR OTHER DEALINGS\n IN THE SOFTWARE.\n*/\nfunction ia(a,b,c){this.a=a;this.b=b||1;this.f=c||1};var ja=Array.prototype.indexOf?function(a,b){return Array.prototype.indexOf.call(a,b,void 0)}:function(a,b){if(\"string\"===typeof a)return\"string\"!==typeof b||1!=b.length?-1:a.indexOf(b,0);for(var c=0;c<a.length;c++)if(c in a&&a[c]===b)return c;return-1},n=Array.prototype.forEach?function(a,b){Array.prototype.forEach.call(a,b,void 0)}:function(a,b){for(var c=a.length,d=\"string\"===typeof a?a.split(\"\"):a,e=0;e<c;e++)e in d&&b.call(void 0,d[e],e,a)},ka=Array.prototype.filter?function(a,b){return Array.prototype.filter.call(a,\nb,void 0)}:function(a,b){for(var c=a.length,d=[],e=0,f=\"string\"===typeof a?a.split(\"\"):a,g=0;g<c;g++)if(g in f){var h=f[g];b.call(void 0,h,g,a)&&(d[e++]=h)}return d},la=Array.prototype.reduce?function(a,b,c){return Array.prototype.reduce.call(a,b,c)}:function(a,b,c){var d=c;n(a,function(e,f){d=b.call(void 0,d,e,f,a)});return d},ma=Array.prototype.some?function(a,b){return Array.prototype.some.call(a,b,void 0)}:function(a,b){for(var c=a.length,d=\"string\"===typeof a?a.split(\"\"):a,e=0;e<c;e++)if(e in\nd&&b.call(void 0,d[e],e,a))return!0;return!1},na=Array.prototype.every?function(a,b){return Array.prototype.every.call(a,b,void 0)}:function(a,b){for(var c=a.length,d=\"string\"===typeof a?a.split(\"\"):a,e=0;e<c;e++)if(e in d&&!b.call(void 0,d[e],e,a))return!1;return!0};function oa(a,b){a:{for(var c=a.length,d=\"string\"===typeof a?a.split(\"\"):a,e=0;e<c;e++)if(e in d&&b.call(void 0,d[e],e,a)){b=e;break a}b=-1}return 0>b?null:\"string\"===typeof a?a.charAt(b):a[b]}\nfunction pa(a){return Array.prototype.concat.apply([],arguments)}function qa(a,b,c){return 2>=arguments.length?Array.prototype.slice.call(a,b):Array.prototype.slice.call(a,b,c)};var ra=String.prototype.trim?function(a){return a.trim()}:function(a){return/^[\\s\\xa0]*([\\s\\S]*?)[\\s\\xa0]*$/.exec(a)[1]};function sa(a,b){return a<b?-1:a>b?1:0};var t;a:{var ta=k.navigator;if(ta){var ua=ta.userAgent;if(ua){t=ua;break a}}t=\"\"}function u(a){return-1!=t.indexOf(a)};function va(){return u(\"Firefox\")||u(\"FxiOS\")}function wa(){return(u(\"Chrome\")||u(\"CriOS\"))&&!u(\"Edge\")};function xa(a){return String(a).replace(/\\-([a-z])/g,function(b,c){return c.toUpperCase()})};function ya(){return u(\"iPhone\")&&!u(\"iPod\")&&!u(\"iPad\")};function za(a,b){var c=Aa;return Object.prototype.hasOwnProperty.call(c,a)?c[a]:c[a]=b(a)};var Ba=u(\"Opera\"),v=u(\"Trident\")||u(\"MSIE\"),Ca=u(\"Edge\"),Da=u(\"Gecko\")&&!(-1!=t.toLowerCase().indexOf(\"webkit\")&&!u(\"Edge\"))&&!(u(\"Trident\")||u(\"MSIE\"))&&!u(\"Edge\"),Ea=-1!=t.toLowerCase().indexOf(\"webkit\")&&!u(\"Edge\");function Fa(){var a=k.document;return a?a.documentMode:void 0}var Ga;\na:{var Ha=\"\",Ia=function(){var a=t;if(Da)return/rv:([^\\);]+)(\\)|;)/.exec(a);if(Ca)return/Edge\\/([\\d\\.]+)/.exec(a);if(v)return/\\b(?:MSIE|rv)[: ]([^\\);]+)(\\)|;)/.exec(a);if(Ea)return/WebKit\\/(\\S+)/.exec(a);if(Ba)return/(?:Version)[ \\/]?(\\S+)/.exec(a)}();Ia&&(Ha=Ia?Ia[1]:\"\");if(v){var Ja=Fa();if(null!=Ja&&Ja>parseFloat(Ha)){Ga=String(Ja);break a}}Ga=Ha}var Aa={};\nfunction Ka(a){return za(a,function(){for(var b=0,c=ra(String(Ga)).split(\".\"),d=ra(String(a)).split(\".\"),e=Math.max(c.length,d.length),f=0;0==b&&f<e;f++){var g=c[f]||\"\",h=d[f]||\"\";do{g=/(\\d*)(\\D*)(.*)/.exec(g)||[\"\",\"\",\"\",\"\"];h=/(\\d*)(\\D*)(.*)/.exec(h)||[\"\",\"\",\"\",\"\"];if(0==g[0].length&&0==h[0].length)break;b=sa(0==g[1].length?0:parseInt(g[1],10),0==h[1].length?0:parseInt(h[1],10))||sa(0==g[2].length,0==h[2].length)||sa(g[2],h[2]);g=g[3];h=h[3]}while(0==b)}return 0<=b})}var La;\nLa=k.document&&v?Fa():void 0;var x=v&&!(9<=Number(La)),Ma=v&&!(8<=Number(La));function Na(a,b,c,d){this.a=a;this.nodeName=c;this.nodeValue=d;this.nodeType=2;this.parentNode=this.ownerElement=b}function Oa(a,b){var c=Ma&&\"href\"==b.nodeName?a.getAttribute(b.nodeName,2):b.nodeValue;return new Na(b,a,b.nodeName,c)};function Pa(a){this.b=a;this.a=0}function Qa(a){a=a.match(Ra);for(var b=0;b<a.length;b++)Sa.test(a[b])&&a.splice(b,1);return new Pa(a)}var Ra=/\\$?(?:(?![0-9-\\.])(?:\\*|[\\w-\\.]+):)?(?![0-9-\\.])(?:\\*|[\\w-\\.]+)|\\/\\/|\\.\\.|::|\\d+(?:\\.\\d*)?|\\.\\d+|\"[^\"]*\"|'[^']*'|[!<>]=|\\s+|./g,Sa=/^\\s/;function y(a,b){return a.b[a.a+(b||0)]}function z(a){return a.b[a.a++]}function Ta(a){return a.b.length<=a.a};function Ua(a,b){this.x=void 0!==a?a:0;this.y=void 0!==b?b:0}Ua.prototype.ceil=function(){this.x=Math.ceil(this.x);this.y=Math.ceil(this.y);return this};Ua.prototype.floor=function(){this.x=Math.floor(this.x);this.y=Math.floor(this.y);return this};Ua.prototype.round=function(){this.x=Math.round(this.x);this.y=Math.round(this.y);return this};function Va(a,b){this.width=a;this.height=b}Va.prototype.aspectRatio=function(){return this.width/this.height};Va.prototype.ceil=function(){this.width=Math.ceil(this.width);this.height=Math.ceil(this.height);return this};Va.prototype.floor=function(){this.width=Math.floor(this.width);this.height=Math.floor(this.height);return this};Va.prototype.round=function(){this.width=Math.round(this.width);this.height=Math.round(this.height);return this};function Wa(a,b){if(!a||!b)return!1;if(a.contains&&1==b.nodeType)return a==b||a.contains(b);if(\"undefined\"!=typeof a.compareDocumentPosition)return a==b||!!(a.compareDocumentPosition(b)&16);for(;b&&a!=b;)b=b.parentNode;return b==a}\nfunction Xa(a,b){if(a==b)return 0;if(a.compareDocumentPosition)return a.compareDocumentPosition(b)&2?1:-1;if(v&&!(9<=Number(La))){if(9==a.nodeType)return-1;if(9==b.nodeType)return 1}if(\"sourceIndex\"in a||a.parentNode&&\"sourceIndex\"in a.parentNode){var c=1==a.nodeType,d=1==b.nodeType;if(c&&d)return a.sourceIndex-b.sourceIndex;var e=a.parentNode,f=b.parentNode;return e==f?Ya(a,b):!c&&Wa(e,b)?-1*Za(a,b):!d&&Wa(f,a)?Za(b,a):(c?a.sourceIndex:e.sourceIndex)-(d?b.sourceIndex:f.sourceIndex)}d=A(a);c=d.createRange();\nc.selectNode(a);c.collapse(!0);a=d.createRange();a.selectNode(b);a.collapse(!0);return c.compareBoundaryPoints(k.Range.START_TO_END,a)}function Za(a,b){var c=a.parentNode;if(c==b)return-1;for(;b.parentNode!=c;)b=b.parentNode;return Ya(b,a)}function Ya(a,b){for(;b=b.previousSibling;)if(b==a)return-1;return 1}function A(a){return 9==a.nodeType?a:a.ownerDocument||a.document}function $a(a,b){a&&(a=a.parentNode);for(var c=0;a;){if(b(a))return a;a=a.parentNode;c++}return null}\nfunction ab(a){this.a=a||k.document||document}ab.prototype.getElementsByTagName=function(a,b){return(b||this.a).getElementsByTagName(String(a))};function B(a){var b=null,c=a.nodeType;1==c&&(b=a.textContent,b=void 0==b||null==b?a.innerText:b,b=void 0==b||null==b?\"\":b);if(\"string\"!=typeof b)if(x&&\"title\"==a.nodeName.toLowerCase()&&1==c)b=a.text;else if(9==c||1==c){a=9==c?a.documentElement:a.firstChild;c=0;var d=[];for(b=\"\";a;){do 1!=a.nodeType&&(b+=a.nodeValue),x&&\"title\"==a.nodeName.toLowerCase()&&(b+=a.text),d[c++]=a;while(a=a.firstChild);for(;c&&!(a=d[--c].nextSibling););}}else b=a.nodeValue;return b}\nfunction C(a,b,c){if(null===b)return!0;try{if(!a.getAttribute)return!1}catch(d){return!1}Ma&&\"class\"==b&&(b=\"className\");return null==c?!!a.getAttribute(b):a.getAttribute(b,2)==c}function bb(a,b,c,d,e){return(x?cb:db).call(null,a,b,aa(c)?c:null,aa(d)?d:null,e||new E)}\nfunction cb(a,b,c,d,e){if(a instanceof F||8==a.b||c&&null===a.b){var f=b.all;if(!f)return e;a=eb(a);if(\"*\"!=a&&(f=b.getElementsByTagName(a),!f))return e;if(c){for(var g=[],h=0;b=f[h++];)C(b,c,d)&&g.push(b);f=g}for(h=0;b=f[h++];)\"*\"==a&&\"!\"==b.tagName||e.add(b);return e}gb(a,b,c,d,e);return e}\nfunction db(a,b,c,d,e){b.getElementsByName&&d&&\"name\"==c&&!v?(b=b.getElementsByName(d),n(b,function(f){a.a(f)&&e.add(f)})):b.getElementsByClassName&&d&&\"class\"==c?(b=b.getElementsByClassName(d),n(b,function(f){f.className==d&&a.a(f)&&e.add(f)})):a instanceof G?gb(a,b,c,d,e):b.getElementsByTagName&&(b=b.getElementsByTagName(a.f()),n(b,function(f){C(f,c,d)&&e.add(f)}));return e}\nfunction hb(a,b,c,d,e){var f;if((a instanceof F||8==a.b||c&&null===a.b)&&(f=b.childNodes)){var g=eb(a);if(\"*\"!=g&&(f=ka(f,function(h){return h.tagName&&h.tagName.toLowerCase()==g}),!f))return e;c&&(f=ka(f,function(h){return C(h,c,d)}));n(f,function(h){\"*\"==g&&(\"!\"==h.tagName||\"*\"==g&&1!=h.nodeType)||e.add(h)});return e}return ib(a,b,c,d,e)}function ib(a,b,c,d,e){for(b=b.firstChild;b;b=b.nextSibling)C(b,c,d)&&a.a(b)&&e.add(b);return e}\nfunction gb(a,b,c,d,e){for(b=b.firstChild;b;b=b.nextSibling)C(b,c,d)&&a.a(b)&&e.add(b),gb(a,b,c,d,e)}function eb(a){if(a instanceof G){if(8==a.b)return\"!\";if(null===a.b)return\"*\"}return a.f()};function E(){this.b=this.a=null;this.l=0}function jb(a){this.f=a;this.a=this.b=null}function kb(a,b){if(!a.a)return b;if(!b.a)return a;var c=a.a;b=b.a;for(var d=null,e,f=0;c&&b;){e=c.f;var g=b.f;e==g||e instanceof Na&&g instanceof Na&&e.a==g.a?(e=c,c=c.a,b=b.a):0<Xa(c.f,b.f)?(e=b,b=b.a):(e=c,c=c.a);(e.b=d)?d.a=e:a.a=e;d=e;f++}for(e=c||b;e;)e.b=d,d=d.a=e,f++,e=e.a;a.b=d;a.l=f;return a}function lb(a,b){b=new jb(b);b.a=a.a;a.b?a.a.b=b:a.a=a.b=b;a.a=b;a.l++}\nE.prototype.add=function(a){a=new jb(a);a.b=this.b;this.a?this.b.a=a:this.a=this.b=a;this.b=a;this.l++};function mb(a){return(a=a.a)?a.f:null}function nb(a){return(a=mb(a))?B(a):\"\"}function H(a,b){return new ob(a,!!b)}function ob(a,b){this.f=a;this.b=(this.s=b)?a.b:a.a;this.a=null}function I(a){var b=a.b;if(null==b)return null;var c=a.a=b;a.b=a.s?b.b:b.a;return c.f};function J(a){this.i=a;this.b=this.g=!1;this.f=null}function K(a){return\"\\n  \"+a.toString().split(\"\\n\").join(\"\\n  \")}function pb(a,b){a.g=b}function qb(a,b){a.b=b}function N(a,b){a=a.a(b);return a instanceof E?+nb(a):+a}function O(a,b){a=a.a(b);return a instanceof E?nb(a):\"\"+a}function rb(a,b){a=a.a(b);return a instanceof E?!!a.l:!!a};function sb(a,b,c){J.call(this,a.i);this.c=a;this.h=b;this.o=c;this.g=b.g||c.g;this.b=b.b||c.b;this.c==tb&&(c.b||c.g||4==c.i||0==c.i||!b.f?b.b||b.g||4==b.i||0==b.i||!c.f||(this.f={name:c.f.name,u:b}):this.f={name:b.f.name,u:c})}l(sb,J);\nfunction ub(a,b,c,d,e){b=b.a(d);c=c.a(d);var f;if(b instanceof E&&c instanceof E){b=H(b);for(d=I(b);d;d=I(b))for(e=H(c),f=I(e);f;f=I(e))if(a(B(d),B(f)))return!0;return!1}if(b instanceof E||c instanceof E){b instanceof E?(e=b,d=c):(e=c,d=b);f=H(e);for(var g=typeof d,h=I(f);h;h=I(f)){switch(g){case \"number\":h=+B(h);break;case \"boolean\":h=!!B(h);break;case \"string\":h=B(h);break;default:throw Error(\"Illegal primitive type for comparison.\");}if(e==b&&a(h,d)||e==c&&a(d,h))return!0}return!1}return e?\"boolean\"==\ntypeof b||\"boolean\"==typeof c?a(!!b,!!c):\"number\"==typeof b||\"number\"==typeof c?a(+b,+c):a(b,c):a(+b,+c)}sb.prototype.a=function(a){return this.c.m(this.h,this.o,a)};sb.prototype.toString=function(){var a=\"Binary Expression: \"+this.c;a+=K(this.h);return a+=K(this.o)};function vb(a,b,c,d){this.I=a;this.D=b;this.i=c;this.m=d}vb.prototype.toString=function(){return this.I};var wb={};\nfunction P(a,b,c,d){if(wb.hasOwnProperty(a))throw Error(\"Binary operator already created: \"+a);a=new vb(a,b,c,d);return wb[a.toString()]=a}P(\"div\",6,1,function(a,b,c){return N(a,c)/N(b,c)});P(\"mod\",6,1,function(a,b,c){return N(a,c)%N(b,c)});P(\"*\",6,1,function(a,b,c){return N(a,c)*N(b,c)});P(\"+\",5,1,function(a,b,c){return N(a,c)+N(b,c)});P(\"-\",5,1,function(a,b,c){return N(a,c)-N(b,c)});P(\"<\",4,2,function(a,b,c){return ub(function(d,e){return d<e},a,b,c)});\nP(\">\",4,2,function(a,b,c){return ub(function(d,e){return d>e},a,b,c)});P(\"<=\",4,2,function(a,b,c){return ub(function(d,e){return d<=e},a,b,c)});P(\">=\",4,2,function(a,b,c){return ub(function(d,e){return d>=e},a,b,c)});var tb=P(\"=\",3,2,function(a,b,c){return ub(function(d,e){return d==e},a,b,c,!0)});P(\"!=\",3,2,function(a,b,c){return ub(function(d,e){return d!=e},a,b,c,!0)});P(\"and\",2,2,function(a,b,c){return rb(a,c)&&rb(b,c)});P(\"or\",1,2,function(a,b,c){return rb(a,c)||rb(b,c)});function xb(a,b){if(b.a.length&&4!=a.i)throw Error(\"Primary expression must evaluate to nodeset if filter has predicate(s).\");J.call(this,a.i);this.c=a;this.h=b;this.g=a.g;this.b=a.b}l(xb,J);xb.prototype.a=function(a){a=this.c.a(a);return yb(this.h,a)};xb.prototype.toString=function(){var a=\"Filter:\"+K(this.c);return a+=K(this.h)};function zb(a,b){if(b.length<a.C)throw Error(\"Function \"+a.j+\" expects at least\"+a.C+\" arguments, \"+b.length+\" given\");if(null!==a.B&&b.length>a.B)throw Error(\"Function \"+a.j+\" expects at most \"+a.B+\" arguments, \"+b.length+\" given\");a.H&&n(b,function(c,d){if(4!=c.i)throw Error(\"Argument \"+d+\" to function \"+a.j+\" is not of type Nodeset: \"+c);});J.call(this,a.i);this.v=a;this.c=b;pb(this,a.g||ma(b,function(c){return c.g}));qb(this,a.G&&!b.length||a.F&&!!b.length||ma(b,function(c){return c.b}))}\nl(zb,J);zb.prototype.a=function(a){return this.v.m.apply(null,pa(a,this.c))};zb.prototype.toString=function(){var a=\"Function: \"+this.v;if(this.c.length){var b=la(this.c,function(c,d){return c+K(d)},\"Arguments:\");a+=K(b)}return a};function Ab(a,b,c,d,e,f,g,h){this.j=a;this.i=b;this.g=c;this.G=d;this.F=!1;this.m=e;this.C=f;this.B=void 0!==g?g:f;this.H=!!h}Ab.prototype.toString=function(){return this.j};var Bb={};\nfunction Q(a,b,c,d,e,f,g,h){if(Bb.hasOwnProperty(a))throw Error(\"Function already created: \"+a+\".\");Bb[a]=new Ab(a,b,c,d,e,f,g,h)}Q(\"boolean\",2,!1,!1,function(a,b){return rb(b,a)},1);Q(\"ceiling\",1,!1,!1,function(a,b){return Math.ceil(N(b,a))},1);Q(\"concat\",3,!1,!1,function(a,b){return la(qa(arguments,1),function(c,d){return c+O(d,a)},\"\")},2,null);Q(\"contains\",2,!1,!1,function(a,b,c){b=O(b,a);a=O(c,a);return-1!=b.indexOf(a)},2);Q(\"count\",1,!1,!1,function(a,b){return b.a(a).l},1,1,!0);\nQ(\"false\",2,!1,!1,function(){return!1},0);Q(\"floor\",1,!1,!1,function(a,b){return Math.floor(N(b,a))},1);Q(\"id\",4,!1,!1,function(a,b){function c(h){if(x){var m=e.all[h];if(m){if(m.nodeType&&h==m.id)return m;if(m.length)return oa(m,function(w){return h==w.id})}return null}return e.getElementById(h)}var d=a.a,e=9==d.nodeType?d:d.ownerDocument;a=O(b,a).split(/\\s+/);var f=[];n(a,function(h){h=c(h);!h||0<=ja(f,h)||f.push(h)});f.sort(Xa);var g=new E;n(f,function(h){g.add(h)});return g},1);\nQ(\"lang\",2,!1,!1,function(){return!1},1);Q(\"last\",1,!0,!1,function(a){if(1!=arguments.length)throw Error(\"Function last expects ()\");return a.f},0);Q(\"local-name\",3,!1,!0,function(a,b){return(a=b?mb(b.a(a)):a.a)?a.localName||a.nodeName.toLowerCase():\"\"},0,1,!0);Q(\"name\",3,!1,!0,function(a,b){return(a=b?mb(b.a(a)):a.a)?a.nodeName.toLowerCase():\"\"},0,1,!0);Q(\"namespace-uri\",3,!0,!1,function(){return\"\"},0,1,!0);\nQ(\"normalize-space\",3,!1,!0,function(a,b){return(b?O(b,a):B(a.a)).replace(/[\\s\\xa0]+/g,\" \").replace(/^\\s+|\\s+$/g,\"\")},0,1);Q(\"not\",2,!1,!1,function(a,b){return!rb(b,a)},1);Q(\"number\",1,!1,!0,function(a,b){return b?N(b,a):+B(a.a)},0,1);Q(\"position\",1,!0,!1,function(a){return a.b},0);Q(\"round\",1,!1,!1,function(a,b){return Math.round(N(b,a))},1);Q(\"starts-with\",2,!1,!1,function(a,b,c){b=O(b,a);a=O(c,a);return 0==b.lastIndexOf(a,0)},2);Q(\"string\",3,!1,!0,function(a,b){return b?O(b,a):B(a.a)},0,1);\nQ(\"string-length\",1,!1,!0,function(a,b){return(b?O(b,a):B(a.a)).length},0,1);Q(\"substring\",3,!1,!1,function(a,b,c,d){c=N(c,a);if(isNaN(c)||Infinity==c||-Infinity==c)return\"\";d=d?N(d,a):Infinity;if(isNaN(d)||-Infinity===d)return\"\";c=Math.round(c)-1;var e=Math.max(c,0);a=O(b,a);return Infinity==d?a.substring(e):a.substring(e,c+Math.round(d))},2,3);Q(\"substring-after\",3,!1,!1,function(a,b,c){b=O(b,a);a=O(c,a);c=b.indexOf(a);return-1==c?\"\":b.substring(c+a.length)},2);\nQ(\"substring-before\",3,!1,!1,function(a,b,c){b=O(b,a);a=O(c,a);a=b.indexOf(a);return-1==a?\"\":b.substring(0,a)},2);Q(\"sum\",1,!1,!1,function(a,b){a=H(b.a(a));b=0;for(var c=I(a);c;c=I(a))b+=+B(c);return b},1,1,!0);Q(\"translate\",3,!1,!1,function(a,b,c,d){b=O(b,a);c=O(c,a);var e=O(d,a);a={};for(d=0;d<c.length;d++){var f=c.charAt(d);f in a||(a[f]=e.charAt(d))}c=\"\";for(d=0;d<b.length;d++)f=b.charAt(d),c+=f in a?a[f]:f;return c},3);Q(\"true\",2,!1,!1,function(){return!0},0);function G(a,b){this.h=a;this.c=void 0!==b?b:null;this.b=null;switch(a){case \"comment\":this.b=8;break;case \"text\":this.b=3;break;case \"processing-instruction\":this.b=7;break;case \"node\":break;default:throw Error(\"Unexpected argument\");}}function Cb(a){return\"comment\"==a||\"text\"==a||\"processing-instruction\"==a||\"node\"==a}G.prototype.a=function(a){return null===this.b||this.b==a.nodeType};G.prototype.f=function(){return this.h};\nG.prototype.toString=function(){var a=\"Kind Test: \"+this.h;null===this.c||(a+=K(this.c));return a};function Db(a){J.call(this,3);this.c=a.substring(1,a.length-1)}l(Db,J);Db.prototype.a=function(){return this.c};Db.prototype.toString=function(){return\"Literal: \"+this.c};function F(a,b){this.j=a.toLowerCase();a=\"*\"==this.j?\"*\":\"http://www.w3.org/1999/xhtml\";this.c=b?b.toLowerCase():a}F.prototype.a=function(a){var b=a.nodeType;if(1!=b&&2!=b)return!1;b=void 0!==a.localName?a.localName:a.nodeName;return\"*\"!=this.j&&this.j!=b.toLowerCase()?!1:\"*\"==this.c?!0:this.c==(a.namespaceURI?a.namespaceURI.toLowerCase():\"http://www.w3.org/1999/xhtml\")};F.prototype.f=function(){return this.j};\nF.prototype.toString=function(){return\"Name Test: \"+(\"http://www.w3.org/1999/xhtml\"==this.c?\"\":this.c+\":\")+this.j};function Eb(a){J.call(this,1);this.c=a}l(Eb,J);Eb.prototype.a=function(){return this.c};Eb.prototype.toString=function(){return\"Number: \"+this.c};function Fb(a,b){J.call(this,a.i);this.h=a;this.c=b;this.g=a.g;this.b=a.b;1==this.c.length&&(a=this.c[0],a.A||a.c!=Gb||(a=a.o,\"*\"!=a.f()&&(this.f={name:a.f(),u:null})))}l(Fb,J);function Hb(){J.call(this,4)}l(Hb,J);Hb.prototype.a=function(a){var b=new E;a=a.a;9==a.nodeType?b.add(a):b.add(a.ownerDocument);return b};Hb.prototype.toString=function(){return\"Root Helper Expression\"};function Ib(){J.call(this,4)}l(Ib,J);Ib.prototype.a=function(a){var b=new E;b.add(a.a);return b};Ib.prototype.toString=function(){return\"Context Helper Expression\"};\nfunction Jb(a){return\"/\"==a||\"//\"==a}Fb.prototype.a=function(a){var b=this.h.a(a);if(!(b instanceof E))throw Error(\"Filter expression must evaluate to nodeset.\");a=this.c;for(var c=0,d=a.length;c<d&&b.l;c++){var e=a[c],f=H(b,e.c.s);if(e.g||e.c!=Kb)if(e.g||e.c!=Lb){var g=I(f);for(b=e.a(new ia(g));null!=(g=I(f));)g=e.a(new ia(g)),b=kb(b,g)}else g=I(f),b=e.a(new ia(g));else{for(g=I(f);(b=I(f))&&(!g.contains||g.contains(b))&&b.compareDocumentPosition(g)&8;g=b);b=e.a(new ia(g))}}return b};\nFb.prototype.toString=function(){var a=\"Path Expression:\"+K(this.h);if(this.c.length){var b=la(this.c,function(c,d){return c+K(d)},\"Steps:\");a+=K(b)}return a};function Mb(a,b){this.a=a;this.s=!!b}\nfunction yb(a,b,c){for(c=c||0;c<a.a.length;c++)for(var d=a.a[c],e=H(b),f=b.l,g,h=0;g=I(e);h++){var m=a.s?f-h:h+1;g=d.a(new ia(g,m,f));if(\"number\"==typeof g)m=m==g;else if(\"string\"==typeof g||\"boolean\"==typeof g)m=!!g;else if(g instanceof E)m=0<g.l;else throw Error(\"Predicate.evaluate returned an unexpected type.\");if(!m){m=e;g=m.f;var w=m.a;if(!w)throw Error(\"Next must be called at least once before remove.\");var r=w.b;w=w.a;r?r.a=w:g.a=w;w?w.b=r:g.b=r;g.l--;m.a=null}}return b}\nMb.prototype.toString=function(){return la(this.a,function(a,b){return a+K(b)},\"Predicates:\")};function R(a,b,c,d){J.call(this,4);this.c=a;this.o=b;this.h=c||new Mb([]);this.A=!!d;b=this.h;b=0<b.a.length?b.a[0].f:null;a.J&&b&&(a=b.name,a=x?a.toLowerCase():a,this.f={name:a,u:b.u});a:{a=this.h;for(b=0;b<a.a.length;b++)if(c=a.a[b],c.g||1==c.i||0==c.i){a=!0;break a}a=!1}this.g=a}l(R,J);\nR.prototype.a=function(a){var b=a.a,c=this.f,d=null,e=null,f=0;c&&(d=c.name,e=c.u?O(c.u,a):null,f=1);if(this.A)if(this.g||this.c!=Nb)if(b=H((new R(Ob,new G(\"node\"))).a(a)),c=I(b))for(a=this.m(c,d,e,f);null!=(c=I(b));)a=kb(a,this.m(c,d,e,f));else a=new E;else a=bb(this.o,b,d,e),a=yb(this.h,a,f);else a=this.m(a.a,d,e,f);return a};R.prototype.m=function(a,b,c,d){a=this.c.v(this.o,a,b,c);return a=yb(this.h,a,d)};\nR.prototype.toString=function(){var a=\"Step:\"+K(\"Operator: \"+(this.A?\"//\":\"/\"));this.c.j&&(a+=K(\"Axis: \"+this.c));a+=K(this.o);if(this.h.a.length){var b=la(this.h.a,function(c,d){return c+K(d)},\"Predicates:\");a+=K(b)}return a};function Pb(a,b,c,d){this.j=a;this.v=b;this.s=c;this.J=d}Pb.prototype.toString=function(){return this.j};var Qb={};function S(a,b,c,d){if(Qb.hasOwnProperty(a))throw Error(\"Axis already created: \"+a);b=new Pb(a,b,c,!!d);return Qb[a]=b}\nS(\"ancestor\",function(a,b){for(var c=new E;b=b.parentNode;)a.a(b)&&lb(c,b);return c},!0);S(\"ancestor-or-self\",function(a,b){var c=new E;do a.a(b)&&lb(c,b);while(b=b.parentNode);return c},!0);\nvar Gb=S(\"attribute\",function(a,b){var c=new E,d=a.f();if(\"style\"==d&&x&&b.style)return c.add(new Na(b.style,b,\"style\",b.style.cssText)),c;var e=b.attributes;if(e)if(a instanceof G&&null===a.b||\"*\"==d)for(a=0;d=e[a];a++)x?d.nodeValue&&c.add(Oa(b,d)):c.add(d);else(d=e.getNamedItem(d))&&(x?d.nodeValue&&c.add(Oa(b,d)):c.add(d));return c},!1),Nb=S(\"child\",function(a,b,c,d,e){return(x?hb:ib).call(null,a,b,aa(c)?c:null,aa(d)?d:null,e||new E)},!1,!0);S(\"descendant\",bb,!1,!0);\nvar Ob=S(\"descendant-or-self\",function(a,b,c,d){var e=new E;C(b,c,d)&&a.a(b)&&e.add(b);return bb(a,b,c,d,e)},!1,!0),Kb=S(\"following\",function(a,b,c,d){var e=new E;do for(var f=b;f=f.nextSibling;)C(f,c,d)&&a.a(f)&&e.add(f),e=bb(a,f,c,d,e);while(b=b.parentNode);return e},!1,!0);S(\"following-sibling\",function(a,b){for(var c=new E;b=b.nextSibling;)a.a(b)&&c.add(b);return c},!1);S(\"namespace\",function(){return new E},!1);\nvar Rb=S(\"parent\",function(a,b){var c=new E;if(9==b.nodeType)return c;if(2==b.nodeType)return c.add(b.ownerElement),c;b=b.parentNode;a.a(b)&&c.add(b);return c},!1),Lb=S(\"preceding\",function(a,b,c,d){var e=new E,f=[];do f.unshift(b);while(b=b.parentNode);for(var g=1,h=f.length;g<h;g++){var m=[];for(b=f[g];b=b.previousSibling;)m.unshift(b);for(var w=0,r=m.length;w<r;w++)b=m[w],C(b,c,d)&&a.a(b)&&e.add(b),e=bb(a,b,c,d,e)}return e},!0,!0);\nS(\"preceding-sibling\",function(a,b){for(var c=new E;b=b.previousSibling;)a.a(b)&&lb(c,b);return c},!0);var Sb=S(\"self\",function(a,b){var c=new E;a.a(b)&&c.add(b);return c},!1);function Tb(a){J.call(this,1);this.c=a;this.g=a.g;this.b=a.b}l(Tb,J);Tb.prototype.a=function(a){return-N(this.c,a)};Tb.prototype.toString=function(){return\"Unary Expression: -\"+K(this.c)};function Ub(a){J.call(this,4);this.c=a;pb(this,ma(this.c,function(b){return b.g}));qb(this,ma(this.c,function(b){return b.b}))}l(Ub,J);Ub.prototype.a=function(a){var b=new E;n(this.c,function(c){c=c.a(a);if(!(c instanceof E))throw Error(\"Path expression must evaluate to NodeSet.\");b=kb(b,c)});return b};Ub.prototype.toString=function(){return la(this.c,function(a,b){return a+K(b)},\"Union Expression:\")};function Vb(a,b){this.a=a;this.b=b}function Yb(a){for(var b,c=[];;){T(a,\"Missing right hand side of binary expression.\");b=Zb(a);var d=z(a.a);if(!d)break;var e=(d=wb[d]||null)&&d.D;if(!e){a.a.a--;break}for(;c.length&&e<=c[c.length-1].D;)b=new sb(c.pop(),c.pop(),b);c.push(b,d)}for(;c.length;)b=new sb(c.pop(),c.pop(),b);return b}function T(a,b){if(Ta(a.a))throw Error(b);}function $b(a,b){a=z(a.a);if(a!=b)throw Error(\"Bad token, expected: \"+b+\" got: \"+a);}\nfunction ac(a){a=z(a.a);if(\")\"!=a)throw Error(\"Bad token: \"+a);}function bc(a){a=z(a.a);if(2>a.length)throw Error(\"Unclosed literal string\");return new Db(a)}\nfunction cc(a){var b=[];if(Jb(y(a.a))){var c=z(a.a);var d=y(a.a);if(\"/\"==c&&(Ta(a.a)||\".\"!=d&&\"..\"!=d&&\"@\"!=d&&\"*\"!=d&&!/(?![0-9])[\\w]/.test(d)))return new Hb;d=new Hb;T(a,\"Missing next location step.\");c=dc(a,c);b.push(c)}else{a:{c=y(a.a);d=c.charAt(0);switch(d){case \"$\":throw Error(\"Variable reference not allowed in HTML XPath\");case \"(\":z(a.a);c=Yb(a);T(a,'unclosed \"(\"');$b(a,\")\");break;case '\"':case \"'\":c=bc(a);break;default:if(isNaN(+c))if(!Cb(c)&&/(?![0-9])[\\w]/.test(d)&&\"(\"==y(a.a,1)){c=z(a.a);\nc=Bb[c]||null;z(a.a);for(d=[];\")\"!=y(a.a);){T(a,\"Missing function argument list.\");d.push(Yb(a));if(\",\"!=y(a.a))break;z(a.a)}T(a,\"Unclosed function argument list.\");ac(a);c=new zb(c,d)}else{c=null;break a}else c=new Eb(+z(a.a))}\"[\"==y(a.a)&&(d=new Mb(ec(a)),c=new xb(c,d))}if(c)if(Jb(y(a.a)))d=c;else return c;else c=dc(a,\"/\"),d=new Ib,b.push(c)}for(;Jb(y(a.a));)c=z(a.a),T(a,\"Missing next location step.\"),c=dc(a,c),b.push(c);return new Fb(d,b)}\nfunction dc(a,b){if(\"/\"!=b&&\"//\"!=b)throw Error('Step op should be \"/\" or \"//\"');if(\".\"==y(a.a)){var c=new R(Sb,new G(\"node\"));z(a.a);return c}if(\"..\"==y(a.a))return c=new R(Rb,new G(\"node\")),z(a.a),c;if(\"@\"==y(a.a)){var d=Gb;z(a.a);T(a,\"Missing attribute name\")}else if(\"::\"==y(a.a,1)){if(!/(?![0-9])[\\w]/.test(y(a.a).charAt(0)))throw Error(\"Bad token: \"+z(a.a));var e=z(a.a);d=Qb[e]||null;if(!d)throw Error(\"No axis with name: \"+e);z(a.a);T(a,\"Missing node name\")}else d=Nb;e=y(a.a);if(/(?![0-9])[\\w\\*]/.test(e.charAt(0)))if(\"(\"==\ny(a.a,1)){if(!Cb(e))throw Error(\"Invalid node type: \"+e);e=z(a.a);if(!Cb(e))throw Error(\"Invalid type name: \"+e);$b(a,\"(\");T(a,\"Bad nodetype\");var f=y(a.a).charAt(0),g=null;if('\"'==f||\"'\"==f)g=bc(a);T(a,\"Bad nodetype\");ac(a);e=new G(e,g)}else if(e=z(a.a),f=e.indexOf(\":\"),-1==f)e=new F(e);else{g=e.substring(0,f);if(\"*\"==g)var h=\"*\";else if(h=a.b(g),!h)throw Error(\"Namespace prefix not declared: \"+g);e=e.substr(f+1);e=new F(e,h)}else throw Error(\"Bad token: \"+z(a.a));a=new Mb(ec(a),d.s);return c||new R(d,\ne,a,\"//\"==b)}function ec(a){for(var b=[];\"[\"==y(a.a);){z(a.a);T(a,\"Missing predicate expression.\");var c=Yb(a);b.push(c);T(a,\"Unclosed predicate expression.\");$b(a,\"]\")}return b}function Zb(a){if(\"-\"==y(a.a))return z(a.a),new Tb(Zb(a));var b=cc(a);if(\"|\"!=y(a.a))a=b;else{for(b=[b];\"|\"==z(a.a);)T(a,\"Missing next union location path.\"),b.push(cc(a));a.a.a--;a=new Ub(b)}return a};function fc(a){switch(a.nodeType){case 1:return ha(gc,a);case 9:return fc(a.documentElement);case 11:case 10:case 6:case 12:return hc;default:return a.parentNode?fc(a.parentNode):hc}}function hc(){return null}function gc(a,b){if(a.prefix==b)return a.namespaceURI||\"http://www.w3.org/1999/xhtml\";var c=a.getAttributeNode(\"xmlns:\"+b);return c&&c.specified?c.value||null:a.parentNode&&9!=a.parentNode.nodeType?gc(a.parentNode,b):null};function ic(a,b){if(!a.length)throw Error(\"Empty XPath expression.\");a=Qa(a);if(Ta(a))throw Error(\"Invalid XPath expression.\");b?\"function\"==ca(b)||(b=fa(b.lookupNamespaceURI,b)):b=function(){return null};var c=Yb(new Vb(a,b));if(!Ta(a))throw Error(\"Bad token: \"+z(a));this.evaluate=function(d,e){d=c.a(new ia(d));return new U(d,e)}}\nfunction U(a,b){if(0==b)if(a instanceof E)b=4;else if(\"string\"==typeof a)b=2;else if(\"number\"==typeof a)b=1;else if(\"boolean\"==typeof a)b=3;else throw Error(\"Unexpected evaluation result.\");if(2!=b&&1!=b&&3!=b&&!(a instanceof E))throw Error(\"value could not be converted to the specified type\");this.resultType=b;switch(b){case 2:this.stringValue=a instanceof E?nb(a):\"\"+a;break;case 1:this.numberValue=a instanceof E?+nb(a):+a;break;case 3:this.booleanValue=a instanceof E?0<a.l:!!a;break;case 4:case 5:case 6:case 7:var c=\nH(a);var d=[];for(var e=I(c);e;e=I(c))d.push(e instanceof Na?e.a:e);this.snapshotLength=a.l;this.invalidIteratorState=!1;break;case 8:case 9:a=mb(a);this.singleNodeValue=a instanceof Na?a.a:a;break;default:throw Error(\"Unknown XPathResult type.\");}var f=0;this.iterateNext=function(){if(4!=b&&5!=b)throw Error(\"iterateNext called with wrong result type\");return f>=d.length?null:d[f++]};this.snapshotItem=function(g){if(6!=b&&7!=b)throw Error(\"snapshotItem called with wrong result type\");return g>=d.length||\n0>g?null:d[g]}}U.ANY_TYPE=0;U.NUMBER_TYPE=1;U.STRING_TYPE=2;U.BOOLEAN_TYPE=3;U.UNORDERED_NODE_ITERATOR_TYPE=4;U.ORDERED_NODE_ITERATOR_TYPE=5;U.UNORDERED_NODE_SNAPSHOT_TYPE=6;U.ORDERED_NODE_SNAPSHOT_TYPE=7;U.ANY_UNORDERED_NODE_TYPE=8;U.FIRST_ORDERED_NODE_TYPE=9;function jc(a){this.lookupNamespaceURI=fc(a)}\nfunction kc(a,b){a=a||k;var c=a.Document&&a.Document.prototype||a.document;if(!c.evaluate||b)a.XPathResult=U,c.evaluate=function(d,e,f,g){return(new ic(d,f)).evaluate(e,g)},c.createExpression=function(d,e){return new ic(d,e)},c.createNSResolver=function(d){return new jc(d)}}ba(\"wgxpath.install\",kc);ba(\"wgxpath.install\",kc);var lc={aliceblue:\"#f0f8ff\",antiquewhite:\"#faebd7\",aqua:\"#00ffff\",aquamarine:\"#7fffd4\",azure:\"#f0ffff\",beige:\"#f5f5dc\",bisque:\"#ffe4c4\",black:\"#000000\",blanchedalmond:\"#ffebcd\",blue:\"#0000ff\",blueviolet:\"#8a2be2\",brown:\"#a52a2a\",burlywood:\"#deb887\",cadetblue:\"#5f9ea0\",chartreuse:\"#7fff00\",chocolate:\"#d2691e\",coral:\"#ff7f50\",cornflowerblue:\"#6495ed\",cornsilk:\"#fff8dc\",crimson:\"#dc143c\",cyan:\"#00ffff\",darkblue:\"#00008b\",darkcyan:\"#008b8b\",darkgoldenrod:\"#b8860b\",darkgray:\"#a9a9a9\",darkgreen:\"#006400\",\ndarkgrey:\"#a9a9a9\",darkkhaki:\"#bdb76b\",darkmagenta:\"#8b008b\",darkolivegreen:\"#556b2f\",darkorange:\"#ff8c00\",darkorchid:\"#9932cc\",darkred:\"#8b0000\",darksalmon:\"#e9967a\",darkseagreen:\"#8fbc8f\",darkslateblue:\"#483d8b\",darkslategray:\"#2f4f4f\",darkslategrey:\"#2f4f4f\",darkturquoise:\"#00ced1\",darkviolet:\"#9400d3\",deeppink:\"#ff1493\",deepskyblue:\"#00bfff\",dimgray:\"#696969\",dimgrey:\"#696969\",dodgerblue:\"#1e90ff\",firebrick:\"#b22222\",floralwhite:\"#fffaf0\",forestgreen:\"#228b22\",fuchsia:\"#ff00ff\",gainsboro:\"#dcdcdc\",\nghostwhite:\"#f8f8ff\",gold:\"#ffd700\",goldenrod:\"#daa520\",gray:\"#808080\",green:\"#008000\",greenyellow:\"#adff2f\",grey:\"#808080\",honeydew:\"#f0fff0\",hotpink:\"#ff69b4\",indianred:\"#cd5c5c\",indigo:\"#4b0082\",ivory:\"#fffff0\",khaki:\"#f0e68c\",lavender:\"#e6e6fa\",lavenderblush:\"#fff0f5\",lawngreen:\"#7cfc00\",lemonchiffon:\"#fffacd\",lightblue:\"#add8e6\",lightcoral:\"#f08080\",lightcyan:\"#e0ffff\",lightgoldenrodyellow:\"#fafad2\",lightgray:\"#d3d3d3\",lightgreen:\"#90ee90\",lightgrey:\"#d3d3d3\",lightpink:\"#ffb6c1\",lightsalmon:\"#ffa07a\",\nlightseagreen:\"#20b2aa\",lightskyblue:\"#87cefa\",lightslategray:\"#778899\",lightslategrey:\"#778899\",lightsteelblue:\"#b0c4de\",lightyellow:\"#ffffe0\",lime:\"#00ff00\",limegreen:\"#32cd32\",linen:\"#faf0e6\",magenta:\"#ff00ff\",maroon:\"#800000\",mediumaquamarine:\"#66cdaa\",mediumblue:\"#0000cd\",mediumorchid:\"#ba55d3\",mediumpurple:\"#9370db\",mediumseagreen:\"#3cb371\",mediumslateblue:\"#7b68ee\",mediumspringgreen:\"#00fa9a\",mediumturquoise:\"#48d1cc\",mediumvioletred:\"#c71585\",midnightblue:\"#191970\",mintcream:\"#f5fffa\",mistyrose:\"#ffe4e1\",\nmoccasin:\"#ffe4b5\",navajowhite:\"#ffdead\",navy:\"#000080\",oldlace:\"#fdf5e6\",olive:\"#808000\",olivedrab:\"#6b8e23\",orange:\"#ffa500\",orangered:\"#ff4500\",orchid:\"#da70d6\",palegoldenrod:\"#eee8aa\",palegreen:\"#98fb98\",paleturquoise:\"#afeeee\",palevioletred:\"#db7093\",papayawhip:\"#ffefd5\",peachpuff:\"#ffdab9\",peru:\"#cd853f\",pink:\"#ffc0cb\",plum:\"#dda0dd\",powderblue:\"#b0e0e6\",purple:\"#800080\",red:\"#ff0000\",rosybrown:\"#bc8f8f\",royalblue:\"#4169e1\",saddlebrown:\"#8b4513\",salmon:\"#fa8072\",sandybrown:\"#f4a460\",seagreen:\"#2e8b57\",\nseashell:\"#fff5ee\",sienna:\"#a0522d\",silver:\"#c0c0c0\",skyblue:\"#87ceeb\",slateblue:\"#6a5acd\",slategray:\"#708090\",slategrey:\"#708090\",snow:\"#fffafa\",springgreen:\"#00ff7f\",steelblue:\"#4682b4\",tan:\"#d2b48c\",teal:\"#008080\",thistle:\"#d8bfd8\",tomato:\"#ff6347\",turquoise:\"#40e0d0\",violet:\"#ee82ee\",wheat:\"#f5deb3\",white:\"#ffffff\",whitesmoke:\"#f5f5f5\",yellow:\"#ffff00\",yellowgreen:\"#9acd32\"};var mc=\"backgroundColor borderTopColor borderRightColor borderBottomColor borderLeftColor color outlineColor\".split(\" \"),nc=/#([0-9a-fA-F])([0-9a-fA-F])([0-9a-fA-F])/,oc=/^#(?:[0-9a-f]{3}){1,2}$/i,pc=/^(?:rgba)?\\((\\d{1,3}),\\s?(\\d{1,3}),\\s?(\\d{1,3}),\\s?(0|1|0\\.\\d*)\\)$/i,qc=/^(?:rgb)?\\((0|[1-9]\\d{0,2}),\\s?(0|[1-9]\\d{0,2}),\\s?(0|[1-9]\\d{0,2})\\)$/i;function rc(a,b){this.code=a;this.a=V[a]||sc;this.message=b||\"\";a=this.a.replace(/((?:^|\\s+)[a-z])/g,function(c){return c.toUpperCase().replace(/^[\\s\\xa0]+/g,\"\")});b=a.length-5;if(0>b||a.indexOf(\"Error\",b)!=b)a+=\"Error\";this.name=a;a=Error(this.message);a.name=this.name;this.stack=a.stack||\"\"}l(rc,Error);var sc=\"unknown error\",V={15:\"element not selectable\",11:\"element not visible\"};V[31]=sc;V[30]=sc;V[24]=\"invalid cookie domain\";V[29]=\"invalid element coordinates\";V[12]=\"invalid element state\";\nV[32]=\"invalid selector\";V[51]=\"invalid selector\";V[52]=\"invalid selector\";V[17]=\"javascript error\";V[405]=\"unsupported operation\";V[34]=\"move target out of bounds\";V[27]=\"no such alert\";V[7]=\"no such element\";V[8]=\"no such frame\";V[23]=\"no such window\";V[28]=\"script timeout\";V[33]=\"session not created\";V[10]=\"stale element reference\";V[21]=\"timeout\";V[25]=\"unable to set cookie\";V[26]=\"unexpected alert open\";V[13]=sc;V[9]=\"unknown command\";var tc=va(),uc=ya()||u(\"iPod\"),vc=u(\"iPad\"),wc=u(\"Android\")&&!(wa()||va()||u(\"Opera\")||u(\"Silk\")),xc=wa(),yc=u(\"Safari\")&&!(wa()||u(\"Coast\")||u(\"Opera\")||u(\"Edge\")||u(\"Edg/\")||u(\"OPR\")||va()||u(\"Silk\")||u(\"Android\"))&&!(ya()||u(\"iPad\")||u(\"iPod\"));function zc(a){return(a=a.exec(t))?a[1]:\"\"}(function(){if(tc)return zc(/Firefox\\/([0-9.]+)/);if(v||Ca||Ba)return Ga;if(xc)return ya()||u(\"iPad\")||u(\"iPod\")?zc(/CriOS\\/([0-9.]+)/):zc(/Chrome\\/([0-9.]+)/);if(yc&&!(ya()||u(\"iPad\")||u(\"iPod\")))return zc(/Version\\/([0-9.]+)/);if(uc||vc){var a=/Version\\/(\\S+).*Mobile\\/(\\S+)/.exec(t);if(a)return a[1]+\".\"+a[2]}else if(wc)return(a=zc(/Android\\s+([0-9.]+)/))?a:zc(/Version\\/([0-9.]+)/);return\"\"})();var Ac=v&&!(9<=Number(La));function W(a,b){b&&\"string\"!==typeof b&&(b=b.toString());return!!a&&1==a.nodeType&&(!b||a.tagName.toUpperCase()==b)};var Bc=function(){var a={K:\"http://www.w3.org/2000/svg\"};return function(b){return a[b]||null}}();\nfunction Cc(a,b){var c=A(a);if(!c.documentElement)return null;(v||wc)&&kc(c?c.parentWindow||c.defaultView:window);try{var d=c.createNSResolver?c.createNSResolver(c.documentElement):Bc;if(v&&!Ka(7))return c.evaluate.call(c,b,a,d,9,null);if(!v||9<=Number(La)){for(var e={},f=c.getElementsByTagName(\"*\"),g=0;g<f.length;++g){var h=f[g],m=h.namespaceURI;if(m&&!e[m]){var w=h.lookupPrefix(m);if(!w){var r=m.match(\".*/(\\\\w+)/?$\");w=r?r[1]:\"xhtml\"}e[m]=w}}var D={},L;for(L in e)D[e[L]]=L;d=function(M){return D[M]||\nnull}}try{return c.evaluate(b,a,d,9,null)}catch(M){if(\"TypeError\"===M.name)return d=c.createNSResolver?c.createNSResolver(c.documentElement):Bc,c.evaluate(b,a,d,9,null);throw M;}}catch(M){if(!Da||\"NS_ERROR_ILLEGAL_VALUE\"!=M.name)throw new rc(32,\"Unable to locate an element with the xpath expression \"+b+\" because of the following error:\\n\"+M);}}\nfunction Dc(a,b){var c=function(){var d=Cc(b,a);return d?d.singleNodeValue||null:b.selectSingleNode?(d=A(b),d.setProperty&&d.setProperty(\"SelectionLanguage\",\"XPath\"),b.selectSingleNode(a)):null}();if(null!==c&&(!c||1!=c.nodeType))throw new rc(32,'The result of the xpath expression \"'+a+'\" is: '+c+\". It should be an element.\");return c};function Ec(a,b,c,d){this.c=a;this.a=b;this.b=c;this.f=d}Ec.prototype.ceil=function(){this.c=Math.ceil(this.c);this.a=Math.ceil(this.a);this.b=Math.ceil(this.b);this.f=Math.ceil(this.f);return this};Ec.prototype.floor=function(){this.c=Math.floor(this.c);this.a=Math.floor(this.a);this.b=Math.floor(this.b);this.f=Math.floor(this.f);return this};Ec.prototype.round=function(){this.c=Math.round(this.c);this.a=Math.round(this.a);this.b=Math.round(this.b);this.f=Math.round(this.f);return this};function X(a,b,c,d){this.a=a;this.b=b;this.width=c;this.height=d}X.prototype.ceil=function(){this.a=Math.ceil(this.a);this.b=Math.ceil(this.b);this.width=Math.ceil(this.width);this.height=Math.ceil(this.height);return this};X.prototype.floor=function(){this.a=Math.floor(this.a);this.b=Math.floor(this.b);this.width=Math.floor(this.width);this.height=Math.floor(this.height);return this};\nX.prototype.round=function(){this.a=Math.round(this.a);this.b=Math.round(this.b);this.width=Math.round(this.width);this.height=Math.round(this.height);return this};var Fc=\"function\"===typeof ShadowRoot;function Gc(a){for(a=a.parentNode;a&&1!=a.nodeType&&9!=a.nodeType&&11!=a.nodeType;)a=a.parentNode;return W(a)?a:null}\nfunction Y(a,b){b=xa(b);if(\"float\"==b||\"cssFloat\"==b||\"styleFloat\"==b)b=Ac?\"styleFloat\":\"cssFloat\";a:{var c=b;var d=A(a);if(d.defaultView&&d.defaultView.getComputedStyle&&(d=d.defaultView.getComputedStyle(a,null))){c=d[c]||d.getPropertyValue(c)||\"\";break a}c=\"\"}a=c||Hc(a,b);if(null===a)a=null;else if(0<=ja(mc,b)){b:{var e=a.match(pc);if(e&&(b=Number(e[1]),c=Number(e[2]),d=Number(e[3]),e=Number(e[4]),0<=b&&255>=b&&0<=c&&255>=c&&0<=d&&255>=d&&0<=e&&1>=e)){b=[b,c,d,e];break b}b=null}if(!b)b:{if(d=a.match(qc))if(b=\nNumber(d[1]),c=Number(d[2]),d=Number(d[3]),0<=b&&255>=b&&0<=c&&255>=c&&0<=d&&255>=d){b=[b,c,d,1];break b}b=null}if(!b)b:{b=a.toLowerCase();c=lc[b.toLowerCase()];if(!c&&(c=\"#\"==b.charAt(0)?b:\"#\"+b,4==c.length&&(c=c.replace(nc,\"#$1$1$2$2$3$3\")),!oc.test(c))){b=null;break b}b=[parseInt(c.substr(1,2),16),parseInt(c.substr(3,2),16),parseInt(c.substr(5,2),16),1]}a=b?\"rgba(\"+b.join(\", \")+\")\":a}return a}\nfunction Hc(a,b){var c=a.currentStyle||a.style,d=c[b];void 0===d&&\"function\"==ca(c.getPropertyValue)&&(d=c.getPropertyValue(b));return\"inherit\"!=d?void 0!==d?d:null:(a=Gc(a))?Hc(a,b):null}\nfunction Ic(a,b,c){function d(g){var h=Jc(g);return 0<h.height&&0<h.width?!0:W(g,\"PATH\")&&(0<h.height||0<h.width)?(g=Y(g,\"stroke-width\"),!!g&&0<parseInt(g,10)):\"hidden\"!=Y(g,\"overflow\")&&ma(g.childNodes,function(m){return 3==m.nodeType||W(m)&&d(m)})}function e(g){return Kc(g)==Z&&na(g.childNodes,function(h){return!W(h)||e(h)||!d(h)})}if(!W(a))throw Error(\"Argument to isShown must be of type Element\");if(W(a,\"BODY\"))return!0;if(W(a,\"OPTION\")||W(a,\"OPTGROUP\"))return a=$a(a,function(g){return W(g,\"SELECT\")}),\n!!a&&Ic(a,!0,c);var f=Lc(a);if(f)return!!f.image&&0<f.rect.width&&0<f.rect.height&&Ic(f.image,b,c);if(W(a,\"INPUT\")&&\"hidden\"==a.type.toLowerCase()||W(a,\"NOSCRIPT\"))return!1;f=Y(a,\"visibility\");return\"collapse\"!=f&&\"hidden\"!=f&&c(a)&&(b||0!=Mc(a))&&d(a)?!e(a):!1}var Z=\"hidden\";\nfunction Kc(a){function b(p){function q(fb){if(fb==g)return!0;var Wb=Y(fb,\"display\");return 0==Wb.lastIndexOf(\"inline\",0)||\"contents\"==Wb||\"absolute\"==Xb&&\"static\"==Y(fb,\"position\")?!1:!0}var Xb=Y(p,\"position\");if(\"fixed\"==Xb)return w=!0,p==g?null:g;for(p=Gc(p);p&&!q(p);)p=Gc(p);return p}function c(p){var q=p;if(\"visible\"==m)if(p==g&&h)q=h;else if(p==h)return{x:\"visible\",y:\"visible\"};q={x:Y(q,\"overflow-x\"),y:Y(q,\"overflow-y\")};p==g&&(q.x=\"visible\"==q.x?\"auto\":q.x,q.y=\"visible\"==q.y?\"auto\":q.y);return q}\nfunction d(p){if(p==g){var q=(new ab(f)).a;p=q.scrollingElement?q.scrollingElement:Ea||\"CSS1Compat\"!=q.compatMode?q.body||q.documentElement:q.documentElement;q=q.parentWindow||q.defaultView;p=v&&Ka(\"10\")&&q.pageYOffset!=p.scrollTop?new Ua(p.scrollLeft,p.scrollTop):new Ua(q.pageXOffset||p.scrollLeft,q.pageYOffset||p.scrollTop)}else p=new Ua(p.scrollLeft,p.scrollTop);return p}var e=Nc(a),f=A(a),g=f.documentElement,h=f.body,m=Y(g,\"overflow\"),w;for(a=b(a);a;a=b(a)){var r=c(a);if(\"visible\"!=r.x||\"visible\"!=\nr.y){var D=Jc(a);if(0==D.width||0==D.height)return Z;var L=e.a<D.a,M=e.b<D.b;if(L&&\"hidden\"==r.x||M&&\"hidden\"==r.y)return Z;if(L&&\"visible\"!=r.x||M&&\"visible\"!=r.y){L=d(a);M=e.b<D.b-L.y;if(e.a<D.a-L.x&&\"visible\"!=r.x||M&&\"visible\"!=r.x)return Z;e=Kc(a);return e==Z?Z:\"scroll\"}L=e.f>=D.a+D.width;D=e.c>=D.b+D.height;if(L&&\"hidden\"==r.x||D&&\"hidden\"==r.y)return Z;if(L&&\"visible\"!=r.x||D&&\"visible\"!=r.y){if(w&&(r=d(a),e.f>=g.scrollWidth-r.x||e.a>=g.scrollHeight-r.y))return Z;e=Kc(a);return e==Z?Z:\"scroll\"}}}return\"none\"}\nfunction Jc(a){var b=Lc(a);if(b)return b.rect;if(W(a,\"HTML\"))return a=A(a),a=((a?a.parentWindow||a.defaultView:window)||window).document,a=\"CSS1Compat\"==a.compatMode?a.documentElement:a.body,a=new Va(a.clientWidth,a.clientHeight),new X(0,0,a.width,a.height);try{var c=a.getBoundingClientRect()}catch(d){return new X(0,0,0,0)}b=new X(c.left,c.top,c.right-c.left,c.bottom-c.top);v&&a.ownerDocument.body&&(a=A(a),b.a-=a.documentElement.clientLeft+a.body.clientLeft,b.b-=a.documentElement.clientTop+a.body.clientTop);\nreturn b}function Lc(a){var b=W(a,\"MAP\");if(!b&&!W(a,\"AREA\"))return null;var c=b?a:W(a.parentNode,\"MAP\")?a.parentNode:null,d=null,e=null;c&&c.name&&(d=Dc('/descendant::*[@usemap = \"#'+c.name+'\"]',A(c)))&&(e=Jc(d),b||\"default\"==a.shape.toLowerCase()||(a=Oc(a),b=Math.min(Math.max(a.a,0),e.width),c=Math.min(Math.max(a.b,0),e.height),e=new X(b+e.a,c+e.b,Math.min(a.width,e.width-b),Math.min(a.height,e.height-c))));return{image:d,rect:e||new X(0,0,0,0)}}\nfunction Oc(a){var b=a.shape.toLowerCase();a=a.coords.split(\",\");if(\"rect\"==b&&4==a.length){b=a[0];var c=a[1];return new X(b,c,a[2]-b,a[3]-c)}if(\"circle\"==b&&3==a.length)return b=a[2],new X(a[0]-b,a[1]-b,2*b,2*b);if(\"poly\"==b&&2<a.length){b=a[0];c=a[1];for(var d=b,e=c,f=2;f+1<a.length;f+=2)b=Math.min(b,a[f]),d=Math.max(d,a[f]),c=Math.min(c,a[f+1]),e=Math.max(e,a[f+1]);return new X(b,c,d-b,e-c)}return new X(0,0,0,0)}function Nc(a){a=Jc(a);return new Ec(a.b,a.a+a.width,a.b+a.height,a.a)}\nfunction Mc(a){if(Ac){if(\"relative\"==Y(a,\"position\"))return 1;a=Y(a,\"filter\");return(a=a.match(/^alpha\\(opacity=(\\d*)\\)/)||a.match(/^progid:DXImageTransform.Microsoft.Alpha\\(Opacity=(\\d*)\\)/))?Number(a[1])/100:1}return Pc(a)}function Pc(a){var b=1,c=Y(a,\"opacity\");c&&(b=Number(c));(a=Gc(a))&&(b*=Pc(a));return b};ba(\"_\",function(a,b){function c(d){if(W(d)&&\"none\"==Y(d,\"display\"))return!1;var e;if((e=d.parentNode)&&e.shadowRoot&&void 0!==d.assignedSlot)e=d.assignedSlot?d.assignedSlot.parentNode:null;else if(d.getDestinationInsertionPoints){var f=d.getDestinationInsertionPoints();0<f.length&&(e=f[f.length-1])}if(Fc&&e instanceof ShadowRoot){if(e.host.shadowRoot!==e)return!1;e=e.host}return!e||9!=e.nodeType&&11!=e.nodeType?e&&W(e,\"DETAILS\")&&!e.open&&!W(d,\"SUMMARY\")?!1:!!e&&c(e):!0}return Ic(a,!!b,c)});; return this._.apply(null,arguments);}).apply({navigator:typeof window!='undefined'?window.navigator:null,document:typeof window!='undefined'?window.document:null}, arguments);}\n).apply(null, arguments);", "args": [{"element-6066-11e4-a52e-4f735466cecf": "f.71DB0DF9B840E708CAB28FC798045831.d.C558A7EE53FB6D46B4B9713CFE807C9E.e.260"}]}
DEBUG    urllib3.connectionpool:connectionpool.py:544 http://selenium-hub:4444 "POST /wd/hub/session/fcd0dd8d498ba139fab82ef28f7baf5a/execute/sync HTTP/1.1" 200 0
DEBUG    selenium.webdriver.remote.remote_connection:remote_connection.py:329 Remote response: status=200 | data={"value":true} | headers=HTTPHeaderDict({'content-length': '14', 'content-type': 'application/json; charset=utf-8', 'cache-control': 'no-cache'})
DEBUG    selenium.webdriver.remote.remote_connection:remote_connection.py:356 Finished Request
DEBUG    selenium.webdriver.remote.remote_connection:remote_connection.py:313 DELETE http://selenium-hub:4444/wd/hub/session/fcd0dd8d498ba139fab82ef28f7baf5a {}
DEBUG    urllib3.connectionpool:connectionpool.py:544 http://selenium-hub:4444 "DELETE /wd/hub/session/fcd0dd8d498ba139fab82ef28f7baf5a HTTP/1.1" 200 0
DEBUG    selenium.webdriver.remote.remote_connection:remote_connection.py:329 Remote response: status=200 | data={"value":null} | headers=HTTPHeaderDict({'content-length': '14', 'content-type': 'application/json; charset=utf-8', 'cache-control': 'no-cache'})
DEBUG    selenium.webdriver.remote.remote_connection:remote_connection.py:356 Finished Request
DEBUG    selenium.webdriver.remote.remote_connection:remote_connection.py:313 POST http://selenium-hub:4444/wd/hub/session {"capabilities": {"firstMatch": [{}], "alwaysMatch": {"browserName": "chrome", "pageLoadStrategy": "normal", "goog:chromeOptions": {"extensions": [], "args": ["--headless=new", "--no-sandbox", "--disable-dev-shm-usage", "--disable-gpu", "--window-size=1920,1080", "--disable-extensions", "--disable-infobars"]}}}}
DEBUG    urllib3.connectionpool:connectionpool.py:241 Starting new HTTP connection (1): selenium-hub:4444
DEBUG    urllib3.connectionpool:connectionpool.py:544 http://selenium-hub:4444 "POST /wd/hub/session HTTP/1.1" 200 0
DEBUG    selenium.webdriver.remote.remote_connection:remote_connection.py:329 Remote response: status=200 | data={
  "value": {
    "sessionId": "8dfb6f4bd79273fbcdac2178f2c1c748",
    "capabilities": {
      "acceptInsecureCerts": false,
      "browserName": "chrome",
      "browserVersion": "125.0.6422.76",
      "chrome": {
        "chromedriverVersion": "125.0.6422.76 (67dcf7562b8fb4ab0819135589e37a97bcc8942c-refs\u002fbranch-heads\u002f6422@{#1086})",
        "userDataDir": "\u002ftmp\u002f.org.chromium.Chromium.Q6wt7h"
      },
      "fedcm:accounts": true,
      "goog:chromeOptions": {
        "debuggerAddress": "localhost:34607"
      },
      "networkConnectionEnabled": false,
      "pageLoadStrategy": "normal",
      "platformName": "linux",
      "proxy": {
      },
      "se:bidiEnabled": false,
      "se:cdp": "ws:\u002f\u002f172.18.0.6:4444\u002fsession\u002f8dfb6f4bd79273fbcdac2178f2c1c748\u002fse\u002fcdp",
      "se:cdpVersion": "125.0.6422.76",
      "se:vnc": "ws:\u002f\u002f172.18.0.6:4444\u002fsession\u002f8dfb6f4bd79273fbcdac2178f2c1c748\u002fse\u002fvnc",
      "se:vncEnabled": true,
      "se:vncLocalAddress": "ws:\u002f\u002f172.18.0.6:7900",
      "setWindowRect": true,
      "strictFileInteractability": false,
      "timeouts": {
        "implicit": 0,
        "pageLoad": 300000,
        "script": 30000
      },
      "unhandledPromptBehavior": "dismiss and notify",
      "webauthn:extension:credBlob": true,
      "webauthn:extension:largeBlob": true,
      "webauthn:extension:minPinLength": true,
      "webauthn:extension:prf": true,
      "webauthn:virtualAuthenticators": true
    }
  }
} | headers=HTTPHeaderDict({'content-length': '1531', 'Cache-Control': 'no-cache', 'Content-Type': 'application/json; charset=utf-8'})
DEBUG    selenium.webdriver.remote.remote_connection:remote_connection.py:356 Finished Request
DEBUG    selenium.webdriver.remote.remote_connection:remote_connection.py:313 POST http://selenium-hub:4444/wd/hub/session/8dfb6f4bd79273fbcdac2178f2c1c748/timeouts {"implicit": 10000}
DEBUG    urllib3.connectionpool:connectionpool.py:544 http://selenium-hub:4444 "POST /wd/hub/session/8dfb6f4bd79273fbcdac2178f2c1c748/timeouts HTTP/1.1" 200 0
DEBUG    selenium.webdriver.remote.remote_connection:remote_connection.py:329 Remote response: status=200 | data={"value":null} | headers=HTTPHeaderDict({'content-length': '14', 'content-type': 'application/json; charset=utf-8', 'cache-control': 'no-cache'})
DEBUG    selenium.webdriver.remote.remote_connection:remote_connection.py:356 Finished Request
DEBUG    selenium.webdriver.remote.remote_connection:remote_connection.py:313 POST http://selenium-hub:4444/wd/hub/session/8dfb6f4bd79273fbcdac2178f2c1c748/url {"url": "https://practice.expandtesting.com/notes/app"}
DEBUG    urllib3.connectionpool:connectionpool.py:544 http://selenium-hub:4444 "POST /wd/hub/session/8dfb6f4bd79273fbcdac2178f2c1c748/url HTTP/1.1" 200 0
DEBUG    selenium.webdriver.remote.remote_connection:remote_connection.py:329 Remote response: status=200 | data={"value":null} | headers=HTTPHeaderDict({'content-length': '14', 'content-type': 'application/json; charset=utf-8', 'cache-control': 'no-cache'})
DEBUG    selenium.webdriver.remote.remote_connection:remote_connection.py:356 Finished Request
DEBUG    selenium.webdriver.remote.remote_connection:remote_connection.py:313 POST http://selenium-hub:4444/wd/hub/session/8dfb6f4bd79273fbcdac2178f2c1c748/execute/sync {"script": "return document.readyState", "args": []}
DEBUG    urllib3.connectionpool:connectionpool.py:544 http://selenium-hub:4444 "POST /wd/hub/session/8dfb6f4bd79273fbcdac2178f2c1c748/execute/sync HTTP/1.1" 200 0
DEBUG    selenium.webdriver.remote.remote_connection:remote_connection.py:329 Remote response: status=200 | data={"value":"complete"} | headers=HTTPHeaderDict({'content-length': '20', 'content-type': 'application/json; charset=utf-8', 'cache-control': 'no-cache'})
DEBUG    selenium.webdriver.remote.remote_connection:remote_connection.py:356 Finished Request
DEBUG    selenium.webdriver.remote.remote_connection:remote_connection.py:313 GET http://selenium-hub:4444/wd/hub/session/8dfb6f4bd79273fbcdac2178f2c1c748/url {}
DEBUG    urllib3.connectionpool:connectionpool.py:544 http://selenium-hub:4444 "GET /wd/hub/session/8dfb6f4bd79273fbcdac2178f2c1c748/url HTTP/1.1" 200 0
DEBUG    selenium.webdriver.remote.remote_connection:remote_connection.py:329 Remote response: status=200 | data={"value":"https://practice.expandtesting.com/notes/app"} | headers=HTTPHeaderDict({'content-length': '56', 'content-type': 'application/json; charset=utf-8', 'cache-control': 'no-cache'})
DEBUG    selenium.webdriver.remote.remote_connection:remote_connection.py:356 Finished Request
DEBUG    selenium.webdriver.remote.remote_connection:remote_connection.py:313 GET http://selenium-hub:4444/wd/hub/session/8dfb6f4bd79273fbcdac2178f2c1c748/url {}
DEBUG    urllib3.connectionpool:connectionpool.py:544 http://selenium-hub:4444 "GET /wd/hub/session/8dfb6f4bd79273fbcdac2178f2c1c748/url HTTP/1.1" 200 0
DEBUG    selenium.webdriver.remote.remote_connection:remote_connection.py:329 Remote response: status=200 | data={"value":"https://practice.expandtesting.com/notes/app"} | headers=HTTPHeaderDict({'content-length': '56', 'content-type': 'application/json; charset=utf-8', 'cache-control': 'no-cache'})
DEBUG    selenium.webdriver.remote.remote_connection:remote_connection.py:356 Finished Request
DEBUG    selenium.webdriver.remote.remote_connection:remote_connection.py:313 POST http://selenium-hub:4444/wd/hub/session/8dfb6f4bd79273fbcdac2178f2c1c748/url {"url": "https://practice.expandtesting.com/notes/app/login"}
DEBUG    urllib3.connectionpool:connectionpool.py:544 http://selenium-hub:4444 "POST /wd/hub/session/8dfb6f4bd79273fbcdac2178f2c1c748/url HTTP/1.1" 200 0
DEBUG    selenium.webdriver.remote.remote_connection:remote_connection.py:329 Remote response: status=200 | data={"value":null} | headers=HTTPHeaderDict({'content-length': '14', 'content-type': 'application/json; charset=utf-8', 'cache-control': 'no-cache'})
DEBUG    selenium.webdriver.remote.remote_connection:remote_connection.py:356 Finished Request
DEBUG    selenium.webdriver.remote.remote_connection:remote_connection.py:313 POST http://selenium-hub:4444/wd/hub/session/8dfb6f4bd79273fbcdac2178f2c1c748/execute/sync {"script": "return document.readyState", "args": []}
DEBUG    urllib3.connectionpool:connectionpool.py:544 http://selenium-hub:4444 "POST /wd/hub/session/8dfb6f4bd79273fbcdac2178f2c1c748/execute/sync HTTP/1.1" 200 0
DEBUG    selenium.webdriver.remote.remote_connection:remote_connection.py:329 Remote response: status=200 | data={"value":"complete"} | headers=HTTPHeaderDict({'content-length': '20', 'content-type': 'application/json; charset=utf-8', 'cache-control': 'no-cache'})
DEBUG    selenium.webdriver.remote.remote_connection:remote_connection.py:356 Finished Request
DEBUG    selenium.webdriver.remote.remote_connection:remote_connection.py:313 POST http://selenium-hub:4444/wd/hub/session/8dfb6f4bd79273fbcdac2178f2c1c748/element {"using": "css selector", "value": "[data-testid='login-email']"}
DEBUG    urllib3.connectionpool:connectionpool.py:544 http://selenium-hub:4444 "POST /wd/hub/session/8dfb6f4bd79273fbcdac2178f2c1c748/element HTTP/1.1" 200 0
DEBUG    selenium.webdriver.remote.remote_connection:remote_connection.py:329 Remote response: status=200 | data={"value":{"element-6066-11e4-a52e-4f735466cecf":"f.CFBC2EA626BB24417FB6E67B69DDE1F8.d.B3CB1F74AB3B75D5BDDD867E017B8E8B.e.47"}} | headers=HTTPHeaderDict({'content-length': '126', 'content-type': 'application/json; charset=utf-8', 'cache-control': 'no-cache'})
DEBUG    selenium.webdriver.remote.remote_connection:remote_connection.py:356 Finished Request
DEBUG    selenium.webdriver.remote.remote_connection:remote_connection.py:313 POST http://selenium-hub:4444/wd/hub/session/8dfb6f4bd79273fbcdac2178f2c1c748/execute/sync {"script": "/* isDisplayed */return (function(){return (function(){var k=this||self;function aa(a){return\"string\"==typeof a}function ba(a,b){a=a.split(\".\");var c=k;a[0]in c||\"undefined\"==typeof c.execScript||c.execScript(\"var \"+a[0]);for(var d;a.length&&(d=a.shift());)a.length||void 0===b?c[d]&&c[d]!==Object.prototype[d]?c=c[d]:c=c[d]={}:c[d]=b}\nfunction ca(a){var b=typeof a;if(\"object\"==b)if(a){if(a instanceof Array)return\"array\";if(a instanceof Object)return b;var c=Object.prototype.toString.call(a);if(\"[object Window]\"==c)return\"object\";if(\"[object Array]\"==c||\"number\"==typeof a.length&&\"undefined\"!=typeof a.splice&&\"undefined\"!=typeof a.propertyIsEnumerable&&!a.propertyIsEnumerable(\"splice\"))return\"array\";if(\"[object Function]\"==c||\"undefined\"!=typeof a.call&&\"undefined\"!=typeof a.propertyIsEnumerable&&!a.propertyIsEnumerable(\"call\"))return\"function\"}else return\"null\";\nelse if(\"function\"==b&&\"undefined\"==typeof a.call)return\"object\";return b}function da(a,b,c){return a.call.apply(a.bind,arguments)}function ea(a,b,c){if(!a)throw Error();if(2<arguments.length){var d=Array.prototype.slice.call(arguments,2);return function(){var e=Array.prototype.slice.call(arguments);Array.prototype.unshift.apply(e,d);return a.apply(b,e)}}return function(){return a.apply(b,arguments)}}\nfunction fa(a,b,c){Function.prototype.bind&&-1!=Function.prototype.bind.toString().indexOf(\"native code\")?fa=da:fa=ea;return fa.apply(null,arguments)}function ha(a,b){var c=Array.prototype.slice.call(arguments,1);return function(){var d=c.slice();d.push.apply(d,arguments);return a.apply(this,d)}}function l(a,b){function c(){}c.prototype=b.prototype;a.prototype=new c;a.prototype.constructor=a};/*\n\n The MIT License\n\n Copyright (c) 2007 Cybozu Labs, Inc.\n Copyright (c) 2012 Google Inc.\n\n Permission is hereby granted, free of charge, to any person obtaining a copy\n of this software and associated documentation files (the \"Software\"), to\n deal in the Software without restriction, including without limitation the\n rights to use, copy, modify, merge, publish, distribute, sublicense, and/or\n sell copies of the Software, and to permit persons to whom the Software is\n furnished to do so, subject to the following conditions:\n\n The above copyright notice and this permission notice shall be included in\n all copies or substantial portions of the Software.\n\n THE SOFTWARE IS PROVIDED \"AS IS\", WITHOUT WARRANTY OF ANY KIND, EXPRESS OR\n IMPLIED, INCLUDING BUT NOT LIMITED TO THE WARRANTIES OF MERCHANTABILITY,\n FITNESS FOR A PARTICULAR PURPOSE AND NONINFRINGEMENT. IN NO EVENT SHALL THE\n AUTHORS OR COPYRIGHT HOLDERS BE LIABLE FOR ANY CLAIM, DAMAGES OR OTHER\n LIABILITY, WHETHER IN AN ACTION OF CONTRACT, TORT OR OTHERWISE, ARISING\n FROM, OUT OF OR IN CONNECTION WITH THE SOFTWARE OR THE USE OR OTHER DEALINGS\n IN THE SOFTWARE.\n*/\nfunction ia(a,b,c){this.a=a;this.b=b||1;this.f=c||1};var ja=Array.prototype.indexOf?function(a,b){return Array.prototype.indexOf.call(a,b,void 0)}:function(a,b){if(\"string\"===typeof a)return\"string\"!==typeof b||1!=b.length?-1:a.indexOf(b,0);for(var c=0;c<a.length;c++)if(c in a&&a[c]===b)return c;return-1},n=Array.prototype.forEach?function(a,b){Array.prototype.forEach.call(a,b,void 0)}:function(a,b){for(var c=a.length,d=\"string\"===typeof a?a.split(\"\"):a,e=0;e<c;e++)e in d&&b.call(void 0,d[e],e,a)},ka=Array.prototype.filter?function(a,b){return Array.prototype.filter.call(a,\nb,void 0)}:function(a,b){for(var c=a.length,d=[],e=0,f=\"string\"===typeof a?a.split(\"\"):a,g=0;g<c;g++)if(g in f){var h=f[g];b.call(void 0,h,g,a)&&(d[e++]=h)}return d},la=Array.prototype.reduce?function(a,b,c){return Array.prototype.reduce.call(a,b,c)}:function(a,b,c){var d=c;n(a,function(e,f){d=b.call(void 0,d,e,f,a)});return d},ma=Array.prototype.some?function(a,b){return Array.prototype.some.call(a,b,void 0)}:function(a,b){for(var c=a.length,d=\"string\"===typeof a?a.split(\"\"):a,e=0;e<c;e++)if(e in\nd&&b.call(void 0,d[e],e,a))return!0;return!1},na=Array.prototype.every?function(a,b){return Array.prototype.every.call(a,b,void 0)}:function(a,b){for(var c=a.length,d=\"string\"===typeof a?a.split(\"\"):a,e=0;e<c;e++)if(e in d&&!b.call(void 0,d[e],e,a))return!1;return!0};function oa(a,b){a:{for(var c=a.length,d=\"string\"===typeof a?a.split(\"\"):a,e=0;e<c;e++)if(e in d&&b.call(void 0,d[e],e,a)){b=e;break a}b=-1}return 0>b?null:\"string\"===typeof a?a.charAt(b):a[b]}\nfunction pa(a){return Array.prototype.concat.apply([],arguments)}function qa(a,b,c){return 2>=arguments.length?Array.prototype.slice.call(a,b):Array.prototype.slice.call(a,b,c)};var ra=String.prototype.trim?function(a){return a.trim()}:function(a){return/^[\\s\\xa0]*([\\s\\S]*?)[\\s\\xa0]*$/.exec(a)[1]};function sa(a,b){return a<b?-1:a>b?1:0};var t;a:{var ta=k.navigator;if(ta){var ua=ta.userAgent;if(ua){t=ua;break a}}t=\"\"}function u(a){return-1!=t.indexOf(a)};function va(){return u(\"Firefox\")||u(\"FxiOS\")}function wa(){return(u(\"Chrome\")||u(\"CriOS\"))&&!u(\"Edge\")};function xa(a){return String(a).replace(/\\-([a-z])/g,function(b,c){return c.toUpperCase()})};function ya(){return u(\"iPhone\")&&!u(\"iPod\")&&!u(\"iPad\")};function za(a,b){var c=Aa;return Object.prototype.hasOwnProperty.call(c,a)?c[a]:c[a]=b(a)};var Ba=u(\"Opera\"),v=u(\"Trident\")||u(\"MSIE\"),Ca=u(\"Edge\"),Da=u(\"Gecko\")&&!(-1!=t.toLowerCase().indexOf(\"webkit\")&&!u(\"Edge\"))&&!(u(\"Trident\")||u(\"MSIE\"))&&!u(\"Edge\"),Ea=-1!=t.toLowerCase().indexOf(\"webkit\")&&!u(\"Edge\");function Fa(){var a=k.document;return a?a.documentMode:void 0}var Ga;\na:{var Ha=\"\",Ia=function(){var a=t;if(Da)return/rv:([^\\);]+)(\\)|;)/.exec(a);if(Ca)return/Edge\\/([\\d\\.]+)/.exec(a);if(v)return/\\b(?:MSIE|rv)[: ]([^\\);]+)(\\)|;)/.exec(a);if(Ea)return/WebKit\\/(\\S+)/.exec(a);if(Ba)return/(?:Version)[ \\/]?(\\S+)/.exec(a)}();Ia&&(Ha=Ia?Ia[1]:\"\");if(v){var Ja=Fa();if(null!=Ja&&Ja>parseFloat(Ha)){Ga=String(Ja);break a}}Ga=Ha}var Aa={};\nfunction Ka(a){return za(a,function(){for(var b=0,c=ra(String(Ga)).split(\".\"),d=ra(String(a)).split(\".\"),e=Math.max(c.length,d.length),f=0;0==b&&f<e;f++){var g=c[f]||\"\",h=d[f]||\"\";do{g=/(\\d*)(\\D*)(.*)/.exec(g)||[\"\",\"\",\"\",\"\"];h=/(\\d*)(\\D*)(.*)/.exec(h)||[\"\",\"\",\"\",\"\"];if(0==g[0].length&&0==h[0].length)break;b=sa(0==g[1].length?0:parseInt(g[1],10),0==h[1].length?0:parseInt(h[1],10))||sa(0==g[2].length,0==h[2].length)||sa(g[2],h[2]);g=g[3];h=h[3]}while(0==b)}return 0<=b})}var La;\nLa=k.document&&v?Fa():void 0;var x=v&&!(9<=Number(La)),Ma=v&&!(8<=Number(La));function Na(a,b,c,d){this.a=a;this.nodeName=c;this.nodeValue=d;this.nodeType=2;this.parentNode=this.ownerElement=b}function Oa(a,b){var c=Ma&&\"href\"==b.nodeName?a.getAttribute(b.nodeName,2):b.nodeValue;return new Na(b,a,b.nodeName,c)};function Pa(a){this.b=a;this.a=0}function Qa(a){a=a.match(Ra);for(var b=0;b<a.length;b++)Sa.test(a[b])&&a.splice(b,1);return new Pa(a)}var Ra=/\\$?(?:(?![0-9-\\.])(?:\\*|[\\w-\\.]+):)?(?![0-9-\\.])(?:\\*|[\\w-\\.]+)|\\/\\/|\\.\\.|::|\\d+(?:\\.\\d*)?|\\.\\d+|\"[^\"]*\"|'[^']*'|[!<>]=|\\s+|./g,Sa=/^\\s/;function y(a,b){return a.b[a.a+(b||0)]}function z(a){return a.b[a.a++]}function Ta(a){return a.b.length<=a.a};function Ua(a,b){this.x=void 0!==a?a:0;this.y=void 0!==b?b:0}Ua.prototype.ceil=function(){this.x=Math.ceil(this.x);this.y=Math.ceil(this.y);return this};Ua.prototype.floor=function(){this.x=Math.floor(this.x);this.y=Math.floor(this.y);return this};Ua.prototype.round=function(){this.x=Math.round(this.x);this.y=Math.round(this.y);return this};function Va(a,b){this.width=a;this.height=b}Va.prototype.aspectRatio=function(){return this.width/this.height};Va.prototype.ceil=function(){this.width=Math.ceil(this.width);this.height=Math.ceil(this.height);return this};Va.prototype.floor=function(){this.width=Math.floor(this.width);this.height=Math.floor(this.height);return this};Va.prototype.round=function(){this.width=Math.round(this.width);this.height=Math.round(this.height);return this};function Wa(a,b){if(!a||!b)return!1;if(a.contains&&1==b.nodeType)return a==b||a.contains(b);if(\"undefined\"!=typeof a.compareDocumentPosition)return a==b||!!(a.compareDocumentPosition(b)&16);for(;b&&a!=b;)b=b.parentNode;return b==a}\nfunction Xa(a,b){if(a==b)return 0;if(a.compareDocumentPosition)return a.compareDocumentPosition(b)&2?1:-1;if(v&&!(9<=Number(La))){if(9==a.nodeType)return-1;if(9==b.nodeType)return 1}if(\"sourceIndex\"in a||a.parentNode&&\"sourceIndex\"in a.parentNode){var c=1==a.nodeType,d=1==b.nodeType;if(c&&d)return a.sourceIndex-b.sourceIndex;var e=a.parentNode,f=b.parentNode;return e==f?Ya(a,b):!c&&Wa(e,b)?-1*Za(a,b):!d&&Wa(f,a)?Za(b,a):(c?a.sourceIndex:e.sourceIndex)-(d?b.sourceIndex:f.sourceIndex)}d=A(a);c=d.createRange();\nc.selectNode(a);c.collapse(!0);a=d.createRange();a.selectNode(b);a.collapse(!0);return c.compareBoundaryPoints(k.Range.START_TO_END,a)}function Za(a,b){var c=a.parentNode;if(c==b)return-1;for(;b.parentNode!=c;)b=b.parentNode;return Ya(b,a)}function Ya(a,b){for(;b=b.previousSibling;)if(b==a)return-1;return 1}function A(a){return 9==a.nodeType?a:a.ownerDocument||a.document}function $a(a,b){a&&(a=a.parentNode);for(var c=0;a;){if(b(a))return a;a=a.parentNode;c++}return null}\nfunction ab(a){this.a=a||k.document||document}ab.prototype.getElementsByTagName=function(a,b){return(b||this.a).getElementsByTagName(String(a))};function B(a){var b=null,c=a.nodeType;1==c&&(b=a.textContent,b=void 0==b||null==b?a.innerText:b,b=void 0==b||null==b?\"\":b);if(\"string\"!=typeof b)if(x&&\"title\"==a.nodeName.toLowerCase()&&1==c)b=a.text;else if(9==c||1==c){a=9==c?a.documentElement:a.firstChild;c=0;var d=[];for(b=\"\";a;){do 1!=a.nodeType&&(b+=a.nodeValue),x&&\"title\"==a.nodeName.toLowerCase()&&(b+=a.text),d[c++]=a;while(a=a.firstChild);for(;c&&!(a=d[--c].nextSibling););}}else b=a.nodeValue;return b}\nfunction C(a,b,c){if(null===b)return!0;try{if(!a.getAttribute)return!1}catch(d){return!1}Ma&&\"class\"==b&&(b=\"className\");return null==c?!!a.getAttribute(b):a.getAttribute(b,2)==c}function bb(a,b,c,d,e){return(x?cb:db).call(null,a,b,aa(c)?c:null,aa(d)?d:null,e||new E)}\nfunction cb(a,b,c,d,e){if(a instanceof F||8==a.b||c&&null===a.b){var f=b.all;if(!f)return e;a=eb(a);if(\"*\"!=a&&(f=b.getElementsByTagName(a),!f))return e;if(c){for(var g=[],h=0;b=f[h++];)C(b,c,d)&&g.push(b);f=g}for(h=0;b=f[h++];)\"*\"==a&&\"!\"==b.tagName||e.add(b);return e}gb(a,b,c,d,e);return e}\nfunction db(a,b,c,d,e){b.getElementsByName&&d&&\"name\"==c&&!v?(b=b.getElementsByName(d),n(b,function(f){a.a(f)&&e.add(f)})):b.getElementsByClassName&&d&&\"class\"==c?(b=b.getElementsByClassName(d),n(b,function(f){f.className==d&&a.a(f)&&e.add(f)})):a instanceof G?gb(a,b,c,d,e):b.getElementsByTagName&&(b=b.getElementsByTagName(a.f()),n(b,function(f){C(f,c,d)&&e.add(f)}));return e}\nfunction hb(a,b,c,d,e){var f;if((a instanceof F||8==a.b||c&&null===a.b)&&(f=b.childNodes)){var g=eb(a);if(\"*\"!=g&&(f=ka(f,function(h){return h.tagName&&h.tagName.toLowerCase()==g}),!f))return e;c&&(f=ka(f,function(h){return C(h,c,d)}));n(f,function(h){\"*\"==g&&(\"!\"==h.tagName||\"*\"==g&&1!=h.nodeType)||e.add(h)});return e}return ib(a,b,c,d,e)}function ib(a,b,c,d,e){for(b=b.firstChild;b;b=b.nextSibling)C(b,c,d)&&a.a(b)&&e.add(b);return e}\nfunction gb(a,b,c,d,e){for(b=b.firstChild;b;b=b.nextSibling)C(b,c,d)&&a.a(b)&&e.add(b),gb(a,b,c,d,e)}function eb(a){if(a instanceof G){if(8==a.b)return\"!\";if(null===a.b)return\"*\"}return a.f()};function E(){this.b=this.a=null;this.l=0}function jb(a){this.f=a;this.a=this.b=null}function kb(a,b){if(!a.a)return b;if(!b.a)return a;var c=a.a;b=b.a;for(var d=null,e,f=0;c&&b;){e=c.f;var g=b.f;e==g||e instanceof Na&&g instanceof Na&&e.a==g.a?(e=c,c=c.a,b=b.a):0<Xa(c.f,b.f)?(e=b,b=b.a):(e=c,c=c.a);(e.b=d)?d.a=e:a.a=e;d=e;f++}for(e=c||b;e;)e.b=d,d=d.a=e,f++,e=e.a;a.b=d;a.l=f;return a}function lb(a,b){b=new jb(b);b.a=a.a;a.b?a.a.b=b:a.a=a.b=b;a.a=b;a.l++}\nE.prototype.add=function(a){a=new jb(a);a.b=this.b;this.a?this.b.a=a:this.a=this.b=a;this.b=a;this.l++};function mb(a){return(a=a.a)?a.f:null}function nb(a){return(a=mb(a))?B(a):\"\"}function H(a,b){return new ob(a,!!b)}function ob(a,b){this.f=a;this.b=(this.s=b)?a.b:a.a;this.a=null}function I(a){var b=a.b;if(null==b)return null;var c=a.a=b;a.b=a.s?b.b:b.a;return c.f};function J(a){this.i=a;this.b=this.g=!1;this.f=null}function K(a){return\"\\n  \"+a.toString().split(\"\\n\").join(\"\\n  \")}function pb(a,b){a.g=b}function qb(a,b){a.b=b}function N(a,b){a=a.a(b);return a instanceof E?+nb(a):+a}function O(a,b){a=a.a(b);return a instanceof E?nb(a):\"\"+a}function rb(a,b){a=a.a(b);return a instanceof E?!!a.l:!!a};function sb(a,b,c){J.call(this,a.i);this.c=a;this.h=b;this.o=c;this.g=b.g||c.g;this.b=b.b||c.b;this.c==tb&&(c.b||c.g||4==c.i||0==c.i||!b.f?b.b||b.g||4==b.i||0==b.i||!c.f||(this.f={name:c.f.name,u:b}):this.f={name:b.f.name,u:c})}l(sb,J);\nfunction ub(a,b,c,d,e){b=b.a(d);c=c.a(d);var f;if(b instanceof E&&c instanceof E){b=H(b);for(d=I(b);d;d=I(b))for(e=H(c),f=I(e);f;f=I(e))if(a(B(d),B(f)))return!0;return!1}if(b instanceof E||c instanceof E){b instanceof E?(e=b,d=c):(e=c,d=b);f=H(e);for(var g=typeof d,h=I(f);h;h=I(f)){switch(g){case \"number\":h=+B(h);break;case \"boolean\":h=!!B(h);break;case \"string\":h=B(h);break;default:throw Error(\"Illegal primitive type for comparison.\");}if(e==b&&a(h,d)||e==c&&a(d,h))return!0}return!1}return e?\"boolean\"==\ntypeof b||\"boolean\"==typeof c?a(!!b,!!c):\"number\"==typeof b||\"number\"==typeof c?a(+b,+c):a(b,c):a(+b,+c)}sb.prototype.a=function(a){return this.c.m(this.h,this.o,a)};sb.prototype.toString=function(){var a=\"Binary Expression: \"+this.c;a+=K(this.h);return a+=K(this.o)};function vb(a,b,c,d){this.I=a;this.D=b;this.i=c;this.m=d}vb.prototype.toString=function(){return this.I};var wb={};\nfunction P(a,b,c,d){if(wb.hasOwnProperty(a))throw Error(\"Binary operator already created: \"+a);a=new vb(a,b,c,d);return wb[a.toString()]=a}P(\"div\",6,1,function(a,b,c){return N(a,c)/N(b,c)});P(\"mod\",6,1,function(a,b,c){return N(a,c)%N(b,c)});P(\"*\",6,1,function(a,b,c){return N(a,c)*N(b,c)});P(\"+\",5,1,function(a,b,c){return N(a,c)+N(b,c)});P(\"-\",5,1,function(a,b,c){return N(a,c)-N(b,c)});P(\"<\",4,2,function(a,b,c){return ub(function(d,e){return d<e},a,b,c)});\nP(\">\",4,2,function(a,b,c){return ub(function(d,e){return d>e},a,b,c)});P(\"<=\",4,2,function(a,b,c){return ub(function(d,e){return d<=e},a,b,c)});P(\">=\",4,2,function(a,b,c){return ub(function(d,e){return d>=e},a,b,c)});var tb=P(\"=\",3,2,function(a,b,c){return ub(function(d,e){return d==e},a,b,c,!0)});P(\"!=\",3,2,function(a,b,c){return ub(function(d,e){return d!=e},a,b,c,!0)});P(\"and\",2,2,function(a,b,c){return rb(a,c)&&rb(b,c)});P(\"or\",1,2,function(a,b,c){return rb(a,c)||rb(b,c)});function xb(a,b){if(b.a.length&&4!=a.i)throw Error(\"Primary expression must evaluate to nodeset if filter has predicate(s).\");J.call(this,a.i);this.c=a;this.h=b;this.g=a.g;this.b=a.b}l(xb,J);xb.prototype.a=function(a){a=this.c.a(a);return yb(this.h,a)};xb.prototype.toString=function(){var a=\"Filter:\"+K(this.c);return a+=K(this.h)};function zb(a,b){if(b.length<a.C)throw Error(\"Function \"+a.j+\" expects at least\"+a.C+\" arguments, \"+b.length+\" given\");if(null!==a.B&&b.length>a.B)throw Error(\"Function \"+a.j+\" expects at most \"+a.B+\" arguments, \"+b.length+\" given\");a.H&&n(b,function(c,d){if(4!=c.i)throw Error(\"Argument \"+d+\" to function \"+a.j+\" is not of type Nodeset: \"+c);});J.call(this,a.i);this.v=a;this.c=b;pb(this,a.g||ma(b,function(c){return c.g}));qb(this,a.G&&!b.length||a.F&&!!b.length||ma(b,function(c){return c.b}))}\nl(zb,J);zb.prototype.a=function(a){return this.v.m.apply(null,pa(a,this.c))};zb.prototype.toString=function(){var a=\"Function: \"+this.v;if(this.c.length){var b=la(this.c,function(c,d){return c+K(d)},\"Arguments:\");a+=K(b)}return a};function Ab(a,b,c,d,e,f,g,h){this.j=a;this.i=b;this.g=c;this.G=d;this.F=!1;this.m=e;this.C=f;this.B=void 0!==g?g:f;this.H=!!h}Ab.prototype.toString=function(){return this.j};var Bb={};\nfunction Q(a,b,c,d,e,f,g,h){if(Bb.hasOwnProperty(a))throw Error(\"Function already created: \"+a+\".\");Bb[a]=new Ab(a,b,c,d,e,f,g,h)}Q(\"boolean\",2,!1,!1,function(a,b){return rb(b,a)},1);Q(\"ceiling\",1,!1,!1,function(a,b){return Math.ceil(N(b,a))},1);Q(\"concat\",3,!1,!1,function(a,b){return la(qa(arguments,1),function(c,d){return c+O(d,a)},\"\")},2,null);Q(\"contains\",2,!1,!1,function(a,b,c){b=O(b,a);a=O(c,a);return-1!=b.indexOf(a)},2);Q(\"count\",1,!1,!1,function(a,b){return b.a(a).l},1,1,!0);\nQ(\"false\",2,!1,!1,function(){return!1},0);Q(\"floor\",1,!1,!1,function(a,b){return Math.floor(N(b,a))},1);Q(\"id\",4,!1,!1,function(a,b){function c(h){if(x){var m=e.all[h];if(m){if(m.nodeType&&h==m.id)return m;if(m.length)return oa(m,function(w){return h==w.id})}return null}return e.getElementById(h)}var d=a.a,e=9==d.nodeType?d:d.ownerDocument;a=O(b,a).split(/\\s+/);var f=[];n(a,function(h){h=c(h);!h||0<=ja(f,h)||f.push(h)});f.sort(Xa);var g=new E;n(f,function(h){g.add(h)});return g},1);\nQ(\"lang\",2,!1,!1,function(){return!1},1);Q(\"last\",1,!0,!1,function(a){if(1!=arguments.length)throw Error(\"Function last expects ()\");return a.f},0);Q(\"local-name\",3,!1,!0,function(a,b){return(a=b?mb(b.a(a)):a.a)?a.localName||a.nodeName.toLowerCase():\"\"},0,1,!0);Q(\"name\",3,!1,!0,function(a,b){return(a=b?mb(b.a(a)):a.a)?a.nodeName.toLowerCase():\"\"},0,1,!0);Q(\"namespace-uri\",3,!0,!1,function(){return\"\"},0,1,!0);\nQ(\"normalize-space\",3,!1,!0,function(a,b){return(b?O(b,a):B(a.a)).replace(/[\\s\\xa0]+/g,\" \").replace(/^\\s+|\\s+$/g,\"\")},0,1);Q(\"not\",2,!1,!1,function(a,b){return!rb(b,a)},1);Q(\"number\",1,!1,!0,function(a,b){return b?N(b,a):+B(a.a)},0,1);Q(\"position\",1,!0,!1,function(a){return a.b},0);Q(\"round\",1,!1,!1,function(a,b){return Math.round(N(b,a))},1);Q(\"starts-with\",2,!1,!1,function(a,b,c){b=O(b,a);a=O(c,a);return 0==b.lastIndexOf(a,0)},2);Q(\"string\",3,!1,!0,function(a,b){return b?O(b,a):B(a.a)},0,1);\nQ(\"string-length\",1,!1,!0,function(a,b){return(b?O(b,a):B(a.a)).length},0,1);Q(\"substring\",3,!1,!1,function(a,b,c,d){c=N(c,a);if(isNaN(c)||Infinity==c||-Infinity==c)return\"\";d=d?N(d,a):Infinity;if(isNaN(d)||-Infinity===d)return\"\";c=Math.round(c)-1;var e=Math.max(c,0);a=O(b,a);return Infinity==d?a.substring(e):a.substring(e,c+Math.round(d))},2,3);Q(\"substring-after\",3,!1,!1,function(a,b,c){b=O(b,a);a=O(c,a);c=b.indexOf(a);return-1==c?\"\":b.substring(c+a.length)},2);\nQ(\"substring-before\",3,!1,!1,function(a,b,c){b=O(b,a);a=O(c,a);a=b.indexOf(a);return-1==a?\"\":b.substring(0,a)},2);Q(\"sum\",1,!1,!1,function(a,b){a=H(b.a(a));b=0;for(var c=I(a);c;c=I(a))b+=+B(c);return b},1,1,!0);Q(\"translate\",3,!1,!1,function(a,b,c,d){b=O(b,a);c=O(c,a);var e=O(d,a);a={};for(d=0;d<c.length;d++){var f=c.charAt(d);f in a||(a[f]=e.charAt(d))}c=\"\";for(d=0;d<b.length;d++)f=b.charAt(d),c+=f in a?a[f]:f;return c},3);Q(\"true\",2,!1,!1,function(){return!0},0);function G(a,b){this.h=a;this.c=void 0!==b?b:null;this.b=null;switch(a){case \"comment\":this.b=8;break;case \"text\":this.b=3;break;case \"processing-instruction\":this.b=7;break;case \"node\":break;default:throw Error(\"Unexpected argument\");}}function Cb(a){return\"comment\"==a||\"text\"==a||\"processing-instruction\"==a||\"node\"==a}G.prototype.a=function(a){return null===this.b||this.b==a.nodeType};G.prototype.f=function(){return this.h};\nG.prototype.toString=function(){var a=\"Kind Test: \"+this.h;null===this.c||(a+=K(this.c));return a};function Db(a){J.call(this,3);this.c=a.substring(1,a.length-1)}l(Db,J);Db.prototype.a=function(){return this.c};Db.prototype.toString=function(){return\"Literal: \"+this.c};function F(a,b){this.j=a.toLowerCase();a=\"*\"==this.j?\"*\":\"http://www.w3.org/1999/xhtml\";this.c=b?b.toLowerCase():a}F.prototype.a=function(a){var b=a.nodeType;if(1!=b&&2!=b)return!1;b=void 0!==a.localName?a.localName:a.nodeName;return\"*\"!=this.j&&this.j!=b.toLowerCase()?!1:\"*\"==this.c?!0:this.c==(a.namespaceURI?a.namespaceURI.toLowerCase():\"http://www.w3.org/1999/xhtml\")};F.prototype.f=function(){return this.j};\nF.prototype.toString=function(){return\"Name Test: \"+(\"http://www.w3.org/1999/xhtml\"==this.c?\"\":this.c+\":\")+this.j};function Eb(a){J.call(this,1);this.c=a}l(Eb,J);Eb.prototype.a=function(){return this.c};Eb.prototype.toString=function(){return\"Number: \"+this.c};function Fb(a,b){J.call(this,a.i);this.h=a;this.c=b;this.g=a.g;this.b=a.b;1==this.c.length&&(a=this.c[0],a.A||a.c!=Gb||(a=a.o,\"*\"!=a.f()&&(this.f={name:a.f(),u:null})))}l(Fb,J);function Hb(){J.call(this,4)}l(Hb,J);Hb.prototype.a=function(a){var b=new E;a=a.a;9==a.nodeType?b.add(a):b.add(a.ownerDocument);return b};Hb.prototype.toString=function(){return\"Root Helper Expression\"};function Ib(){J.call(this,4)}l(Ib,J);Ib.prototype.a=function(a){var b=new E;b.add(a.a);return b};Ib.prototype.toString=function(){return\"Context Helper Expression\"};\nfunction Jb(a){return\"/\"==a||\"//\"==a}Fb.prototype.a=function(a){var b=this.h.a(a);if(!(b instanceof E))throw Error(\"Filter expression must evaluate to nodeset.\");a=this.c;for(var c=0,d=a.length;c<d&&b.l;c++){var e=a[c],f=H(b,e.c.s);if(e.g||e.c!=Kb)if(e.g||e.c!=Lb){var g=I(f);for(b=e.a(new ia(g));null!=(g=I(f));)g=e.a(new ia(g)),b=kb(b,g)}else g=I(f),b=e.a(new ia(g));else{for(g=I(f);(b=I(f))&&(!g.contains||g.contains(b))&&b.compareDocumentPosition(g)&8;g=b);b=e.a(new ia(g))}}return b};\nFb.prototype.toString=function(){var a=\"Path Expression:\"+K(this.h);if(this.c.length){var b=la(this.c,function(c,d){return c+K(d)},\"Steps:\");a+=K(b)}return a};function Mb(a,b){this.a=a;this.s=!!b}\nfunction yb(a,b,c){for(c=c||0;c<a.a.length;c++)for(var d=a.a[c],e=H(b),f=b.l,g,h=0;g=I(e);h++){var m=a.s?f-h:h+1;g=d.a(new ia(g,m,f));if(\"number\"==typeof g)m=m==g;else if(\"string\"==typeof g||\"boolean\"==typeof g)m=!!g;else if(g instanceof E)m=0<g.l;else throw Error(\"Predicate.evaluate returned an unexpected type.\");if(!m){m=e;g=m.f;var w=m.a;if(!w)throw Error(\"Next must be called at least once before remove.\");var r=w.b;w=w.a;r?r.a=w:g.a=w;w?w.b=r:g.b=r;g.l--;m.a=null}}return b}\nMb.prototype.toString=function(){return la(this.a,function(a,b){return a+K(b)},\"Predicates:\")};function R(a,b,c,d){J.call(this,4);this.c=a;this.o=b;this.h=c||new Mb([]);this.A=!!d;b=this.h;b=0<b.a.length?b.a[0].f:null;a.J&&b&&(a=b.name,a=x?a.toLowerCase():a,this.f={name:a,u:b.u});a:{a=this.h;for(b=0;b<a.a.length;b++)if(c=a.a[b],c.g||1==c.i||0==c.i){a=!0;break a}a=!1}this.g=a}l(R,J);\nR.prototype.a=function(a){var b=a.a,c=this.f,d=null,e=null,f=0;c&&(d=c.name,e=c.u?O(c.u,a):null,f=1);if(this.A)if(this.g||this.c!=Nb)if(b=H((new R(Ob,new G(\"node\"))).a(a)),c=I(b))for(a=this.m(c,d,e,f);null!=(c=I(b));)a=kb(a,this.m(c,d,e,f));else a=new E;else a=bb(this.o,b,d,e),a=yb(this.h,a,f);else a=this.m(a.a,d,e,f);return a};R.prototype.m=function(a,b,c,d){a=this.c.v(this.o,a,b,c);return a=yb(this.h,a,d)};\nR.prototype.toString=function(){var a=\"Step:\"+K(\"Operator: \"+(this.A?\"//\":\"/\"));this.c.j&&(a+=K(\"Axis: \"+this.c));a+=K(this.o);if(this.h.a.length){var b=la(this.h.a,function(c,d){return c+K(d)},\"Predicates:\");a+=K(b)}return a};function Pb(a,b,c,d){this.j=a;this.v=b;this.s=c;this.J=d}Pb.prototype.toString=function(){return this.j};var Qb={};function S(a,b,c,d){if(Qb.hasOwnProperty(a))throw Error(\"Axis already created: \"+a);b=new Pb(a,b,c,!!d);return Qb[a]=b}\nS(\"ancestor\",function(a,b){for(var c=new E;b=b.parentNode;)a.a(b)&&lb(c,b);return c},!0);S(\"ancestor-or-self\",function(a,b){var c=new E;do a.a(b)&&lb(c,b);while(b=b.parentNode);return c},!0);\nvar Gb=S(\"attribute\",function(a,b){var c=new E,d=a.f();if(\"style\"==d&&x&&b.style)return c.add(new Na(b.style,b,\"style\",b.style.cssText)),c;var e=b.attributes;if(e)if(a instanceof G&&null===a.b||\"*\"==d)for(a=0;d=e[a];a++)x?d.nodeValue&&c.add(Oa(b,d)):c.add(d);else(d=e.getNamedItem(d))&&(x?d.nodeValue&&c.add(Oa(b,d)):c.add(d));return c},!1),Nb=S(\"child\",function(a,b,c,d,e){return(x?hb:ib).call(null,a,b,aa(c)?c:null,aa(d)?d:null,e||new E)},!1,!0);S(\"descendant\",bb,!1,!0);\nvar Ob=S(\"descendant-or-self\",function(a,b,c,d){var e=new E;C(b,c,d)&&a.a(b)&&e.add(b);return bb(a,b,c,d,e)},!1,!0),Kb=S(\"following\",function(a,b,c,d){var e=new E;do for(var f=b;f=f.nextSibling;)C(f,c,d)&&a.a(f)&&e.add(f),e=bb(a,f,c,d,e);while(b=b.parentNode);return e},!1,!0);S(\"following-sibling\",function(a,b){for(var c=new E;b=b.nextSibling;)a.a(b)&&c.add(b);return c},!1);S(\"namespace\",function(){return new E},!1);\nvar Rb=S(\"parent\",function(a,b){var c=new E;if(9==b.nodeType)return c;if(2==b.nodeType)return c.add(b.ownerElement),c;b=b.parentNode;a.a(b)&&c.add(b);return c},!1),Lb=S(\"preceding\",function(a,b,c,d){var e=new E,f=[];do f.unshift(b);while(b=b.parentNode);for(var g=1,h=f.length;g<h;g++){var m=[];for(b=f[g];b=b.previousSibling;)m.unshift(b);for(var w=0,r=m.length;w<r;w++)b=m[w],C(b,c,d)&&a.a(b)&&e.add(b),e=bb(a,b,c,d,e)}return e},!0,!0);\nS(\"preceding-sibling\",function(a,b){for(var c=new E;b=b.previousSibling;)a.a(b)&&lb(c,b);return c},!0);var Sb=S(\"self\",function(a,b){var c=new E;a.a(b)&&c.add(b);return c},!1);function Tb(a){J.call(this,1);this.c=a;this.g=a.g;this.b=a.b}l(Tb,J);Tb.prototype.a=function(a){return-N(this.c,a)};Tb.prototype.toString=function(){return\"Unary Expression: -\"+K(this.c)};function Ub(a){J.call(this,4);this.c=a;pb(this,ma(this.c,function(b){return b.g}));qb(this,ma(this.c,function(b){return b.b}))}l(Ub,J);Ub.prototype.a=function(a){var b=new E;n(this.c,function(c){c=c.a(a);if(!(c instanceof E))throw Error(\"Path expression must evaluate to NodeSet.\");b=kb(b,c)});return b};Ub.prototype.toString=function(){return la(this.c,function(a,b){return a+K(b)},\"Union Expression:\")};function Vb(a,b){this.a=a;this.b=b}function Yb(a){for(var b,c=[];;){T(a,\"Missing right hand side of binary expression.\");b=Zb(a);var d=z(a.a);if(!d)break;var e=(d=wb[d]||null)&&d.D;if(!e){a.a.a--;break}for(;c.length&&e<=c[c.length-1].D;)b=new sb(c.pop(),c.pop(),b);c.push(b,d)}for(;c.length;)b=new sb(c.pop(),c.pop(),b);return b}function T(a,b){if(Ta(a.a))throw Error(b);}function $b(a,b){a=z(a.a);if(a!=b)throw Error(\"Bad token, expected: \"+b+\" got: \"+a);}\nfunction ac(a){a=z(a.a);if(\")\"!=a)throw Error(\"Bad token: \"+a);}function bc(a){a=z(a.a);if(2>a.length)throw Error(\"Unclosed literal string\");return new Db(a)}\nfunction cc(a){var b=[];if(Jb(y(a.a))){var c=z(a.a);var d=y(a.a);if(\"/\"==c&&(Ta(a.a)||\".\"!=d&&\"..\"!=d&&\"@\"!=d&&\"*\"!=d&&!/(?![0-9])[\\w]/.test(d)))return new Hb;d=new Hb;T(a,\"Missing next location step.\");c=dc(a,c);b.push(c)}else{a:{c=y(a.a);d=c.charAt(0);switch(d){case \"$\":throw Error(\"Variable reference not allowed in HTML XPath\");case \"(\":z(a.a);c=Yb(a);T(a,'unclosed \"(\"');$b(a,\")\");break;case '\"':case \"'\":c=bc(a);break;default:if(isNaN(+c))if(!Cb(c)&&/(?![0-9])[\\w]/.test(d)&&\"(\"==y(a.a,1)){c=z(a.a);\nc=Bb[c]||null;z(a.a);for(d=[];\")\"!=y(a.a);){T(a,\"Missing function argument list.\");d.push(Yb(a));if(\",\"!=y(a.a))break;z(a.a)}T(a,\"Unclosed function argument list.\");ac(a);c=new zb(c,d)}else{c=null;break a}else c=new Eb(+z(a.a))}\"[\"==y(a.a)&&(d=new Mb(ec(a)),c=new xb(c,d))}if(c)if(Jb(y(a.a)))d=c;else return c;else c=dc(a,\"/\"),d=new Ib,b.push(c)}for(;Jb(y(a.a));)c=z(a.a),T(a,\"Missing next location step.\"),c=dc(a,c),b.push(c);return new Fb(d,b)}\nfunction dc(a,b){if(\"/\"!=b&&\"//\"!=b)throw Error('Step op should be \"/\" or \"//\"');if(\".\"==y(a.a)){var c=new R(Sb,new G(\"node\"));z(a.a);return c}if(\"..\"==y(a.a))return c=new R(Rb,new G(\"node\")),z(a.a),c;if(\"@\"==y(a.a)){var d=Gb;z(a.a);T(a,\"Missing attribute name\")}else if(\"::\"==y(a.a,1)){if(!/(?![0-9])[\\w]/.test(y(a.a).charAt(0)))throw Error(\"Bad token: \"+z(a.a));var e=z(a.a);d=Qb[e]||null;if(!d)throw Error(\"No axis with name: \"+e);z(a.a);T(a,\"Missing node name\")}else d=Nb;e=y(a.a);if(/(?![0-9])[\\w\\*]/.test(e.charAt(0)))if(\"(\"==\ny(a.a,1)){if(!Cb(e))throw Error(\"Invalid node type: \"+e);e=z(a.a);if(!Cb(e))throw Error(\"Invalid type name: \"+e);$b(a,\"(\");T(a,\"Bad nodetype\");var f=y(a.a).charAt(0),g=null;if('\"'==f||\"'\"==f)g=bc(a);T(a,\"Bad nodetype\");ac(a);e=new G(e,g)}else if(e=z(a.a),f=e.indexOf(\":\"),-1==f)e=new F(e);else{g=e.substring(0,f);if(\"*\"==g)var h=\"*\";else if(h=a.b(g),!h)throw Error(\"Namespace prefix not declared: \"+g);e=e.substr(f+1);e=new F(e,h)}else throw Error(\"Bad token: \"+z(a.a));a=new Mb(ec(a),d.s);return c||new R(d,\ne,a,\"//\"==b)}function ec(a){for(var b=[];\"[\"==y(a.a);){z(a.a);T(a,\"Missing predicate expression.\");var c=Yb(a);b.push(c);T(a,\"Unclosed predicate expression.\");$b(a,\"]\")}return b}function Zb(a){if(\"-\"==y(a.a))return z(a.a),new Tb(Zb(a));var b=cc(a);if(\"|\"!=y(a.a))a=b;else{for(b=[b];\"|\"==z(a.a);)T(a,\"Missing next union location path.\"),b.push(cc(a));a.a.a--;a=new Ub(b)}return a};function fc(a){switch(a.nodeType){case 1:return ha(gc,a);case 9:return fc(a.documentElement);case 11:case 10:case 6:case 12:return hc;default:return a.parentNode?fc(a.parentNode):hc}}function hc(){return null}function gc(a,b){if(a.prefix==b)return a.namespaceURI||\"http://www.w3.org/1999/xhtml\";var c=a.getAttributeNode(\"xmlns:\"+b);return c&&c.specified?c.value||null:a.parentNode&&9!=a.parentNode.nodeType?gc(a.parentNode,b):null};function ic(a,b){if(!a.length)throw Error(\"Empty XPath expression.\");a=Qa(a);if(Ta(a))throw Error(\"Invalid XPath expression.\");b?\"function\"==ca(b)||(b=fa(b.lookupNamespaceURI,b)):b=function(){return null};var c=Yb(new Vb(a,b));if(!Ta(a))throw Error(\"Bad token: \"+z(a));this.evaluate=function(d,e){d=c.a(new ia(d));return new U(d,e)}}\nfunction U(a,b){if(0==b)if(a instanceof E)b=4;else if(\"string\"==typeof a)b=2;else if(\"number\"==typeof a)b=1;else if(\"boolean\"==typeof a)b=3;else throw Error(\"Unexpected evaluation result.\");if(2!=b&&1!=b&&3!=b&&!(a instanceof E))throw Error(\"value could not be converted to the specified type\");this.resultType=b;switch(b){case 2:this.stringValue=a instanceof E?nb(a):\"\"+a;break;case 1:this.numberValue=a instanceof E?+nb(a):+a;break;case 3:this.booleanValue=a instanceof E?0<a.l:!!a;break;case 4:case 5:case 6:case 7:var c=\nH(a);var d=[];for(var e=I(c);e;e=I(c))d.push(e instanceof Na?e.a:e);this.snapshotLength=a.l;this.invalidIteratorState=!1;break;case 8:case 9:a=mb(a);this.singleNodeValue=a instanceof Na?a.a:a;break;default:throw Error(\"Unknown XPathResult type.\");}var f=0;this.iterateNext=function(){if(4!=b&&5!=b)throw Error(\"iterateNext called with wrong result type\");return f>=d.length?null:d[f++]};this.snapshotItem=function(g){if(6!=b&&7!=b)throw Error(\"snapshotItem called with wrong result type\");return g>=d.length||\n0>g?null:d[g]}}U.ANY_TYPE=0;U.NUMBER_TYPE=1;U.STRING_TYPE=2;U.BOOLEAN_TYPE=3;U.UNORDERED_NODE_ITERATOR_TYPE=4;U.ORDERED_NODE_ITERATOR_TYPE=5;U.UNORDERED_NODE_SNAPSHOT_TYPE=6;U.ORDERED_NODE_SNAPSHOT_TYPE=7;U.ANY_UNORDERED_NODE_TYPE=8;U.FIRST_ORDERED_NODE_TYPE=9;function jc(a){this.lookupNamespaceURI=fc(a)}\nfunction kc(a,b){a=a||k;var c=a.Document&&a.Document.prototype||a.document;if(!c.evaluate||b)a.XPathResult=U,c.evaluate=function(d,e,f,g){return(new ic(d,f)).evaluate(e,g)},c.createExpression=function(d,e){return new ic(d,e)},c.createNSResolver=function(d){return new jc(d)}}ba(\"wgxpath.install\",kc);ba(\"wgxpath.install\",kc);var lc={aliceblue:\"#f0f8ff\",antiquewhite:\"#faebd7\",aqua:\"#00ffff\",aquamarine:\"#7fffd4\",azure:\"#f0ffff\",beige:\"#f5f5dc\",bisque:\"#ffe4c4\",black:\"#000000\",blanchedalmond:\"#ffebcd\",blue:\"#0000ff\",blueviolet:\"#8a2be2\",brown:\"#a52a2a\",burlywood:\"#deb887\",cadetblue:\"#5f9ea0\",chartreuse:\"#7fff00\",chocolate:\"#d2691e\",coral:\"#ff7f50\",cornflowerblue:\"#6495ed\",cornsilk:\"#fff8dc\",crimson:\"#dc143c\",cyan:\"#00ffff\",darkblue:\"#00008b\",darkcyan:\"#008b8b\",darkgoldenrod:\"#b8860b\",darkgray:\"#a9a9a9\",darkgreen:\"#006400\",\ndarkgrey:\"#a9a9a9\",darkkhaki:\"#bdb76b\",darkmagenta:\"#8b008b\",darkolivegreen:\"#556b2f\",darkorange:\"#ff8c00\",darkorchid:\"#9932cc\",darkred:\"#8b0000\",darksalmon:\"#e9967a\",darkseagreen:\"#8fbc8f\",darkslateblue:\"#483d8b\",darkslategray:\"#2f4f4f\",darkslategrey:\"#2f4f4f\",darkturquoise:\"#00ced1\",darkviolet:\"#9400d3\",deeppink:\"#ff1493\",deepskyblue:\"#00bfff\",dimgray:\"#696969\",dimgrey:\"#696969\",dodgerblue:\"#1e90ff\",firebrick:\"#b22222\",floralwhite:\"#fffaf0\",forestgreen:\"#228b22\",fuchsia:\"#ff00ff\",gainsboro:\"#dcdcdc\",\nghostwhite:\"#f8f8ff\",gold:\"#ffd700\",goldenrod:\"#daa520\",gray:\"#808080\",green:\"#008000\",greenyellow:\"#adff2f\",grey:\"#808080\",honeydew:\"#f0fff0\",hotpink:\"#ff69b4\",indianred:\"#cd5c5c\",indigo:\"#4b0082\",ivory:\"#fffff0\",khaki:\"#f0e68c\",lavender:\"#e6e6fa\",lavenderblush:\"#fff0f5\",lawngreen:\"#7cfc00\",lemonchiffon:\"#fffacd\",lightblue:\"#add8e6\",lightcoral:\"#f08080\",lightcyan:\"#e0ffff\",lightgoldenrodyellow:\"#fafad2\",lightgray:\"#d3d3d3\",lightgreen:\"#90ee90\",lightgrey:\"#d3d3d3\",lightpink:\"#ffb6c1\",lightsalmon:\"#ffa07a\",\nlightseagreen:\"#20b2aa\",lightskyblue:\"#87cefa\",lightslategray:\"#778899\",lightslategrey:\"#778899\",lightsteelblue:\"#b0c4de\",lightyellow:\"#ffffe0\",lime:\"#00ff00\",limegreen:\"#32cd32\",linen:\"#faf0e6\",magenta:\"#ff00ff\",maroon:\"#800000\",mediumaquamarine:\"#66cdaa\",mediumblue:\"#0000cd\",mediumorchid:\"#ba55d3\",mediumpurple:\"#9370db\",mediumseagreen:\"#3cb371\",mediumslateblue:\"#7b68ee\",mediumspringgreen:\"#00fa9a\",mediumturquoise:\"#48d1cc\",mediumvioletred:\"#c71585\",midnightblue:\"#191970\",mintcream:\"#f5fffa\",mistyrose:\"#ffe4e1\",\nmoccasin:\"#ffe4b5\",navajowhite:\"#ffdead\",navy:\"#000080\",oldlace:\"#fdf5e6\",olive:\"#808000\",olivedrab:\"#6b8e23\",orange:\"#ffa500\",orangered:\"#ff4500\",orchid:\"#da70d6\",palegoldenrod:\"#eee8aa\",palegreen:\"#98fb98\",paleturquoise:\"#afeeee\",palevioletred:\"#db7093\",papayawhip:\"#ffefd5\",peachpuff:\"#ffdab9\",peru:\"#cd853f\",pink:\"#ffc0cb\",plum:\"#dda0dd\",powderblue:\"#b0e0e6\",purple:\"#800080\",red:\"#ff0000\",rosybrown:\"#bc8f8f\",royalblue:\"#4169e1\",saddlebrown:\"#8b4513\",salmon:\"#fa8072\",sandybrown:\"#f4a460\",seagreen:\"#2e8b57\",\nseashell:\"#fff5ee\",sienna:\"#a0522d\",silver:\"#c0c0c0\",skyblue:\"#87ceeb\",slateblue:\"#6a5acd\",slategray:\"#708090\",slategrey:\"#708090\",snow:\"#fffafa\",springgreen:\"#00ff7f\",steelblue:\"#4682b4\",tan:\"#d2b48c\",teal:\"#008080\",thistle:\"#d8bfd8\",tomato:\"#ff6347\",turquoise:\"#40e0d0\",violet:\"#ee82ee\",wheat:\"#f5deb3\",white:\"#ffffff\",whitesmoke:\"#f5f5f5\",yellow:\"#ffff00\",yellowgreen:\"#9acd32\"};var mc=\"backgroundColor borderTopColor borderRightColor borderBottomColor borderLeftColor color outlineColor\".split(\" \"),nc=/#([0-9a-fA-F])([0-9a-fA-F])([0-9a-fA-F])/,oc=/^#(?:[0-9a-f]{3}){1,2}$/i,pc=/^(?:rgba)?\\((\\d{1,3}),\\s?(\\d{1,3}),\\s?(\\d{1,3}),\\s?(0|1|0\\.\\d*)\\)$/i,qc=/^(?:rgb)?\\((0|[1-9]\\d{0,2}),\\s?(0|[1-9]\\d{0,2}),\\s?(0|[1-9]\\d{0,2})\\)$/i;function rc(a,b){this.code=a;this.a=V[a]||sc;this.message=b||\"\";a=this.a.replace(/((?:^|\\s+)[a-z])/g,function(c){return c.toUpperCase().replace(/^[\\s\\xa0]+/g,\"\")});b=a.length-5;if(0>b||a.indexOf(\"Error\",b)!=b)a+=\"Error\";this.name=a;a=Error(this.message);a.name=this.name;this.stack=a.stack||\"\"}l(rc,Error);var sc=\"unknown error\",V={15:\"element not selectable\",11:\"element not visible\"};V[31]=sc;V[30]=sc;V[24]=\"invalid cookie domain\";V[29]=\"invalid element coordinates\";V[12]=\"invalid element state\";\nV[32]=\"invalid selector\";V[51]=\"invalid selector\";V[52]=\"invalid selector\";V[17]=\"javascript error\";V[405]=\"unsupported operation\";V[34]=\"move target out of bounds\";V[27]=\"no such alert\";V[7]=\"no such element\";V[8]=\"no such frame\";V[23]=\"no such window\";V[28]=\"script timeout\";V[33]=\"session not created\";V[10]=\"stale element reference\";V[21]=\"timeout\";V[25]=\"unable to set cookie\";V[26]=\"unexpected alert open\";V[13]=sc;V[9]=\"unknown command\";var tc=va(),uc=ya()||u(\"iPod\"),vc=u(\"iPad\"),wc=u(\"Android\")&&!(wa()||va()||u(\"Opera\")||u(\"Silk\")),xc=wa(),yc=u(\"Safari\")&&!(wa()||u(\"Coast\")||u(\"Opera\")||u(\"Edge\")||u(\"Edg/\")||u(\"OPR\")||va()||u(\"Silk\")||u(\"Android\"))&&!(ya()||u(\"iPad\")||u(\"iPod\"));function zc(a){return(a=a.exec(t))?a[1]:\"\"}(function(){if(tc)return zc(/Firefox\\/([0-9.]+)/);if(v||Ca||Ba)return Ga;if(xc)return ya()||u(\"iPad\")||u(\"iPod\")?zc(/CriOS\\/([0-9.]+)/):zc(/Chrome\\/([0-9.]+)/);if(yc&&!(ya()||u(\"iPad\")||u(\"iPod\")))return zc(/Version\\/([0-9.]+)/);if(uc||vc){var a=/Version\\/(\\S+).*Mobile\\/(\\S+)/.exec(t);if(a)return a[1]+\".\"+a[2]}else if(wc)return(a=zc(/Android\\s+([0-9.]+)/))?a:zc(/Version\\/([0-9.]+)/);return\"\"})();var Ac=v&&!(9<=Number(La));function W(a,b){b&&\"string\"!==typeof b&&(b=b.toString());return!!a&&1==a.nodeType&&(!b||a.tagName.toUpperCase()==b)};var Bc=function(){var a={K:\"http://www.w3.org/2000/svg\"};return function(b){return a[b]||null}}();\nfunction Cc(a,b){var c=A(a);if(!c.documentElement)return null;(v||wc)&&kc(c?c.parentWindow||c.defaultView:window);try{var d=c.createNSResolver?c.createNSResolver(c.documentElement):Bc;if(v&&!Ka(7))return c.evaluate.call(c,b,a,d,9,null);if(!v||9<=Number(La)){for(var e={},f=c.getElementsByTagName(\"*\"),g=0;g<f.length;++g){var h=f[g],m=h.namespaceURI;if(m&&!e[m]){var w=h.lookupPrefix(m);if(!w){var r=m.match(\".*/(\\\\w+)/?$\");w=r?r[1]:\"xhtml\"}e[m]=w}}var D={},L;for(L in e)D[e[L]]=L;d=function(M){return D[M]||\nnull}}try{return c.evaluate(b,a,d,9,null)}catch(M){if(\"TypeError\"===M.name)return d=c.createNSResolver?c.createNSResolver(c.documentElement):Bc,c.evaluate(b,a,d,9,null);throw M;}}catch(M){if(!Da||\"NS_ERROR_ILLEGAL_VALUE\"!=M.name)throw new rc(32,\"Unable to locate an element with the xpath expression \"+b+\" because of the following error:\\n\"+M);}}\nfunction Dc(a,b){var c=function(){var d=Cc(b,a);return d?d.singleNodeValue||null:b.selectSingleNode?(d=A(b),d.setProperty&&d.setProperty(\"SelectionLanguage\",\"XPath\"),b.selectSingleNode(a)):null}();if(null!==c&&(!c||1!=c.nodeType))throw new rc(32,'The result of the xpath expression \"'+a+'\" is: '+c+\". It should be an element.\");return c};function Ec(a,b,c,d){this.c=a;this.a=b;this.b=c;this.f=d}Ec.prototype.ceil=function(){this.c=Math.ceil(this.c);this.a=Math.ceil(this.a);this.b=Math.ceil(this.b);this.f=Math.ceil(this.f);return this};Ec.prototype.floor=function(){this.c=Math.floor(this.c);this.a=Math.floor(this.a);this.b=Math.floor(this.b);this.f=Math.floor(this.f);return this};Ec.prototype.round=function(){this.c=Math.round(this.c);this.a=Math.round(this.a);this.b=Math.round(this.b);this.f=Math.round(this.f);return this};function X(a,b,c,d){this.a=a;this.b=b;this.width=c;this.height=d}X.prototype.ceil=function(){this.a=Math.ceil(this.a);this.b=Math.ceil(this.b);this.width=Math.ceil(this.width);this.height=Math.ceil(this.height);return this};X.prototype.floor=function(){this.a=Math.floor(this.a);this.b=Math.floor(this.b);this.width=Math.floor(this.width);this.height=Math.floor(this.height);return this};\nX.prototype.round=function(){this.a=Math.round(this.a);this.b=Math.round(this.b);this.width=Math.round(this.width);this.height=Math.round(this.height);return this};var Fc=\"function\"===typeof ShadowRoot;function Gc(a){for(a=a.parentNode;a&&1!=a.nodeType&&9!=a.nodeType&&11!=a.nodeType;)a=a.parentNode;return W(a)?a:null}\nfunction Y(a,b){b=xa(b);if(\"float\"==b||\"cssFloat\"==b||\"styleFloat\"==b)b=Ac?\"styleFloat\":\"cssFloat\";a:{var c=b;var d=A(a);if(d.defaultView&&d.defaultView.getComputedStyle&&(d=d.defaultView.getComputedStyle(a,null))){c=d[c]||d.getPropertyValue(c)||\"\";break a}c=\"\"}a=c||Hc(a,b);if(null===a)a=null;else if(0<=ja(mc,b)){b:{var e=a.match(pc);if(e&&(b=Number(e[1]),c=Number(e[2]),d=Number(e[3]),e=Number(e[4]),0<=b&&255>=b&&0<=c&&255>=c&&0<=d&&255>=d&&0<=e&&1>=e)){b=[b,c,d,e];break b}b=null}if(!b)b:{if(d=a.match(qc))if(b=\nNumber(d[1]),c=Number(d[2]),d=Number(d[3]),0<=b&&255>=b&&0<=c&&255>=c&&0<=d&&255>=d){b=[b,c,d,1];break b}b=null}if(!b)b:{b=a.toLowerCase();c=lc[b.toLowerCase()];if(!c&&(c=\"#\"==b.charAt(0)?b:\"#\"+b,4==c.length&&(c=c.replace(nc,\"#$1$1$2$2$3$3\")),!oc.test(c))){b=null;break b}b=[parseInt(c.substr(1,2),16),parseInt(c.substr(3,2),16),parseInt(c.substr(5,2),16),1]}a=b?\"rgba(\"+b.join(\", \")+\")\":a}return a}\nfunction Hc(a,b){var c=a.currentStyle||a.style,d=c[b];void 0===d&&\"function\"==ca(c.getPropertyValue)&&(d=c.getPropertyValue(b));return\"inherit\"!=d?void 0!==d?d:null:(a=Gc(a))?Hc(a,b):null}\nfunction Ic(a,b,c){function d(g){var h=Jc(g);return 0<h.height&&0<h.width?!0:W(g,\"PATH\")&&(0<h.height||0<h.width)?(g=Y(g,\"stroke-width\"),!!g&&0<parseInt(g,10)):\"hidden\"!=Y(g,\"overflow\")&&ma(g.childNodes,function(m){return 3==m.nodeType||W(m)&&d(m)})}function e(g){return Kc(g)==Z&&na(g.childNodes,function(h){return!W(h)||e(h)||!d(h)})}if(!W(a))throw Error(\"Argument to isShown must be of type Element\");if(W(a,\"BODY\"))return!0;if(W(a,\"OPTION\")||W(a,\"OPTGROUP\"))return a=$a(a,function(g){return W(g,\"SELECT\")}),\n!!a&&Ic(a,!0,c);var f=Lc(a);if(f)return!!f.image&&0<f.rect.width&&0<f.rect.height&&Ic(f.image,b,c);if(W(a,\"INPUT\")&&\"hidden\"==a.type.toLowerCase()||W(a,\"NOSCRIPT\"))return!1;f=Y(a,\"visibility\");return\"collapse\"!=f&&\"hidden\"!=f&&c(a)&&(b||0!=Mc(a))&&d(a)?!e(a):!1}var Z=\"hidden\";\nfunction Kc(a){function b(p){function q(fb){if(fb==g)return!0;var Wb=Y(fb,\"display\");return 0==Wb.lastIndexOf(\"inline\",0)||\"contents\"==Wb||\"absolute\"==Xb&&\"static\"==Y(fb,\"position\")?!1:!0}var Xb=Y(p,\"position\");if(\"fixed\"==Xb)return w=!0,p==g?null:g;for(p=Gc(p);p&&!q(p);)p=Gc(p);return p}function c(p){var q=p;if(\"visible\"==m)if(p==g&&h)q=h;else if(p==h)return{x:\"visible\",y:\"visible\"};q={x:Y(q,\"overflow-x\"),y:Y(q,\"overflow-y\")};p==g&&(q.x=\"visible\"==q.x?\"auto\":q.x,q.y=\"visible\"==q.y?\"auto\":q.y);return q}\nfunction d(p){if(p==g){var q=(new ab(f)).a;p=q.scrollingElement?q.scrollingElement:Ea||\"CSS1Compat\"!=q.compatMode?q.body||q.documentElement:q.documentElement;q=q.parentWindow||q.defaultView;p=v&&Ka(\"10\")&&q.pageYOffset!=p.scrollTop?new Ua(p.scrollLeft,p.scrollTop):new Ua(q.pageXOffset||p.scrollLeft,q.pageYOffset||p.scrollTop)}else p=new Ua(p.scrollLeft,p.scrollTop);return p}var e=Nc(a),f=A(a),g=f.documentElement,h=f.body,m=Y(g,\"overflow\"),w;for(a=b(a);a;a=b(a)){var r=c(a);if(\"visible\"!=r.x||\"visible\"!=\nr.y){var D=Jc(a);if(0==D.width||0==D.height)return Z;var L=e.a<D.a,M=e.b<D.b;if(L&&\"hidden\"==r.x||M&&\"hidden\"==r.y)return Z;if(L&&\"visible\"!=r.x||M&&\"visible\"!=r.y){L=d(a);M=e.b<D.b-L.y;if(e.a<D.a-L.x&&\"visible\"!=r.x||M&&\"visible\"!=r.x)return Z;e=Kc(a);return e==Z?Z:\"scroll\"}L=e.f>=D.a+D.width;D=e.c>=D.b+D.height;if(L&&\"hidden\"==r.x||D&&\"hidden\"==r.y)return Z;if(L&&\"visible\"!=r.x||D&&\"visible\"!=r.y){if(w&&(r=d(a),e.f>=g.scrollWidth-r.x||e.a>=g.scrollHeight-r.y))return Z;e=Kc(a);return e==Z?Z:\"scroll\"}}}return\"none\"}\nfunction Jc(a){var b=Lc(a);if(b)return b.rect;if(W(a,\"HTML\"))return a=A(a),a=((a?a.parentWindow||a.defaultView:window)||window).document,a=\"CSS1Compat\"==a.compatMode?a.documentElement:a.body,a=new Va(a.clientWidth,a.clientHeight),new X(0,0,a.width,a.height);try{var c=a.getBoundingClientRect()}catch(d){return new X(0,0,0,0)}b=new X(c.left,c.top,c.right-c.left,c.bottom-c.top);v&&a.ownerDocument.body&&(a=A(a),b.a-=a.documentElement.clientLeft+a.body.clientLeft,b.b-=a.documentElement.clientTop+a.body.clientTop);\nreturn b}function Lc(a){var b=W(a,\"MAP\");if(!b&&!W(a,\"AREA\"))return null;var c=b?a:W(a.parentNode,\"MAP\")?a.parentNode:null,d=null,e=null;c&&c.name&&(d=Dc('/descendant::*[@usemap = \"#'+c.name+'\"]',A(c)))&&(e=Jc(d),b||\"default\"==a.shape.toLowerCase()||(a=Oc(a),b=Math.min(Math.max(a.a,0),e.width),c=Math.min(Math.max(a.b,0),e.height),e=new X(b+e.a,c+e.b,Math.min(a.width,e.width-b),Math.min(a.height,e.height-c))));return{image:d,rect:e||new X(0,0,0,0)}}\nfunction Oc(a){var b=a.shape.toLowerCase();a=a.coords.split(\",\");if(\"rect\"==b&&4==a.length){b=a[0];var c=a[1];return new X(b,c,a[2]-b,a[3]-c)}if(\"circle\"==b&&3==a.length)return b=a[2],new X(a[0]-b,a[1]-b,2*b,2*b);if(\"poly\"==b&&2<a.length){b=a[0];c=a[1];for(var d=b,e=c,f=2;f+1<a.length;f+=2)b=Math.min(b,a[f]),d=Math.max(d,a[f]),c=Math.min(c,a[f+1]),e=Math.max(e,a[f+1]);return new X(b,c,d-b,e-c)}return new X(0,0,0,0)}function Nc(a){a=Jc(a);return new Ec(a.b,a.a+a.width,a.b+a.height,a.a)}\nfunction Mc(a){if(Ac){if(\"relative\"==Y(a,\"position\"))return 1;a=Y(a,\"filter\");return(a=a.match(/^alpha\\(opacity=(\\d*)\\)/)||a.match(/^progid:DXImageTransform.Microsoft.Alpha\\(Opacity=(\\d*)\\)/))?Number(a[1])/100:1}return Pc(a)}function Pc(a){var b=1,c=Y(a,\"opacity\");c&&(b=Number(c));(a=Gc(a))&&(b*=Pc(a));return b};ba(\"_\",function(a,b){function c(d){if(W(d)&&\"none\"==Y(d,\"display\"))return!1;var e;if((e=d.parentNode)&&e.shadowRoot&&void 0!==d.assignedSlot)e=d.assignedSlot?d.assignedSlot.parentNode:null;else if(d.getDestinationInsertionPoints){var f=d.getDestinationInsertionPoints();0<f.length&&(e=f[f.length-1])}if(Fc&&e instanceof ShadowRoot){if(e.host.shadowRoot!==e)return!1;e=e.host}return!e||9!=e.nodeType&&11!=e.nodeType?e&&W(e,\"DETAILS\")&&!e.open&&!W(d,\"SUMMARY\")?!1:!!e&&c(e):!0}return Ic(a,!!b,c)});; return this._.apply(null,arguments);}).apply({navigator:typeof window!='undefined'?window.navigator:null,document:typeof window!='undefined'?window.document:null}, arguments);}\n).apply(null, arguments);", "args": [{"element-6066-11e4-a52e-4f735466cecf": "f.CFBC2EA626BB24417FB6E67B69DDE1F8.d.B3CB1F74AB3B75D5BDDD867E017B8E8B.e.47"}]}
DEBUG    urllib3.connectionpool:connectionpool.py:544 http://selenium-hub:4444 "POST /wd/hub/session/8dfb6f4bd79273fbcdac2178f2c1c748/execute/sync HTTP/1.1" 200 0
DEBUG    selenium.webdriver.remote.remote_connection:remote_connection.py:329 Remote response: status=200 | data={"value":true} | headers=HTTPHeaderDict({'content-length': '14', 'content-type': 'application/json; charset=utf-8', 'cache-control': 'no-cache'})
DEBUG    selenium.webdriver.remote.remote_connection:remote_connection.py:356 Finished Request
DEBUG    selenium.webdriver.remote.remote_connection:remote_connection.py:313 POST http://selenium-hub:4444/wd/hub/session/8dfb6f4bd79273fbcdac2178f2c1c748/element/f.CFBC2EA626BB24417FB6E67B69DDE1F8.d.B3CB1F74AB3B75D5BDDD867E017B8E8B.e.47/clear {}
DEBUG    urllib3.connectionpool:connectionpool.py:544 http://selenium-hub:4444 "POST /wd/hub/session/8dfb6f4bd79273fbcdac2178f2c1c748/element/f.CFBC2EA626BB24417FB6E67B69DDE1F8.d.B3CB1F74AB3B75D5BDDD867E017B8E8B.e.47/clear HTTP/1.1" 200 0
DEBUG    selenium.webdriver.remote.remote_connection:remote_connection.py:329 Remote response: status=200 | data={"value":null} | headers=HTTPHeaderDict({'content-length': '14', 'content-type': 'application/json; charset=utf-8', 'cache-control': 'no-cache'})
DEBUG    selenium.webdriver.remote.remote_connection:remote_connection.py:356 Finished Request
DEBUG    selenium.webdriver.remote.remote_connection:remote_connection.py:313 POST http://selenium-hub:4444/wd/hub/session/8dfb6f4bd79273fbcdac2178f2c1c748/element/f.CFBC2EA626BB24417FB6E67B69DDE1F8.d.B3CB1F74AB3B75D5BDDD867E017B8E8B.e.47/value {"text": "awantikakagdelwar@gmail.com", "value": ["a", "w", "a", "n", "t", "i", "k", "a", "k", "a", "g", "d", "e", "l", "w", "a", "r", "@", "g", "m", "a", "i", "l", ".", "c", "o", "m"]}
DEBUG    urllib3.connectionpool:connectionpool.py:544 http://selenium-hub:4444 "POST /wd/hub/session/8dfb6f4bd79273fbcdac2178f2c1c748/element/f.CFBC2EA626BB24417FB6E67B69DDE1F8.d.B3CB1F74AB3B75D5BDDD867E017B8E8B.e.47/value HTTP/1.1" 200 0
DEBUG    selenium.webdriver.remote.remote_connection:remote_connection.py:329 Remote response: status=200 | data={"value":null} | headers=HTTPHeaderDict({'content-length': '14', 'content-type': 'application/json; charset=utf-8', 'cache-control': 'no-cache'})
DEBUG    selenium.webdriver.remote.remote_connection:remote_connection.py:356 Finished Request
DEBUG    selenium.webdriver.remote.remote_connection:remote_connection.py:313 POST http://selenium-hub:4444/wd/hub/session/8dfb6f4bd79273fbcdac2178f2c1c748/element {"using": "css selector", "value": "[data-testid='login-password']"}
DEBUG    urllib3.connectionpool:connectionpool.py:544 http://selenium-hub:4444 "POST /wd/hub/session/8dfb6f4bd79273fbcdac2178f2c1c748/element HTTP/1.1" 200 0
DEBUG    selenium.webdriver.remote.remote_connection:remote_connection.py:329 Remote response: status=200 | data={"value":{"element-6066-11e4-a52e-4f735466cecf":"f.CFBC2EA626BB24417FB6E67B69DDE1F8.d.B3CB1F74AB3B75D5BDDD867E017B8E8B.e.48"}} | headers=HTTPHeaderDict({'content-length': '126', 'content-type': 'application/json; charset=utf-8', 'cache-control': 'no-cache'})
DEBUG    selenium.webdriver.remote.remote_connection:remote_connection.py:356 Finished Request
DEBUG    selenium.webdriver.remote.remote_connection:remote_connection.py:313 POST http://selenium-hub:4444/wd/hub/session/8dfb6f4bd79273fbcdac2178f2c1c748/execute/sync {"script": "/* isDisplayed */return (function(){return (function(){var k=this||self;function aa(a){return\"string\"==typeof a}function ba(a,b){a=a.split(\".\");var c=k;a[0]in c||\"undefined\"==typeof c.execScript||c.execScript(\"var \"+a[0]);for(var d;a.length&&(d=a.shift());)a.length||void 0===b?c[d]&&c[d]!==Object.prototype[d]?c=c[d]:c=c[d]={}:c[d]=b}\nfunction ca(a){var b=typeof a;if(\"object\"==b)if(a){if(a instanceof Array)return\"array\";if(a instanceof Object)return b;var c=Object.prototype.toString.call(a);if(\"[object Window]\"==c)return\"object\";if(\"[object Array]\"==c||\"number\"==typeof a.length&&\"undefined\"!=typeof a.splice&&\"undefined\"!=typeof a.propertyIsEnumerable&&!a.propertyIsEnumerable(\"splice\"))return\"array\";if(\"[object Function]\"==c||\"undefined\"!=typeof a.call&&\"undefined\"!=typeof a.propertyIsEnumerable&&!a.propertyIsEnumerable(\"call\"))return\"function\"}else return\"null\";\nelse if(\"function\"==b&&\"undefined\"==typeof a.call)return\"object\";return b}function da(a,b,c){return a.call.apply(a.bind,arguments)}function ea(a,b,c){if(!a)throw Error();if(2<arguments.length){var d=Array.prototype.slice.call(arguments,2);return function(){var e=Array.prototype.slice.call(arguments);Array.prototype.unshift.apply(e,d);return a.apply(b,e)}}return function(){return a.apply(b,arguments)}}\nfunction fa(a,b,c){Function.prototype.bind&&-1!=Function.prototype.bind.toString().indexOf(\"native code\")?fa=da:fa=ea;return fa.apply(null,arguments)}function ha(a,b){var c=Array.prototype.slice.call(arguments,1);return function(){var d=c.slice();d.push.apply(d,arguments);return a.apply(this,d)}}function l(a,b){function c(){}c.prototype=b.prototype;a.prototype=new c;a.prototype.constructor=a};/*\n\n The MIT License\n\n Copyright (c) 2007 Cybozu Labs, Inc.\n Copyright (c) 2012 Google Inc.\n\n Permission is hereby granted, free of charge, to any person obtaining a copy\n of this software and associated documentation files (the \"Software\"), to\n deal in the Software without restriction, including without limitation the\n rights to use, copy, modify, merge, publish, distribute, sublicense, and/or\n sell copies of the Software, and to permit persons to whom the Software is\n furnished to do so, subject to the following conditions:\n\n The above copyright notice and this permission notice shall be included in\n all copies or substantial portions of the Software.\n\n THE SOFTWARE IS PROVIDED \"AS IS\", WITHOUT WARRANTY OF ANY KIND, EXPRESS OR\n IMPLIED, INCLUDING BUT NOT LIMITED TO THE WARRANTIES OF MERCHANTABILITY,\n FITNESS FOR A PARTICULAR PURPOSE AND NONINFRINGEMENT. IN NO EVENT SHALL THE\n AUTHORS OR COPYRIGHT HOLDERS BE LIABLE FOR ANY CLAIM, DAMAGES OR OTHER\n LIABILITY, WHETHER IN AN ACTION OF CONTRACT, TORT OR OTHERWISE, ARISING\n FROM, OUT OF OR IN CONNECTION WITH THE SOFTWARE OR THE USE OR OTHER DEALINGS\n IN THE SOFTWARE.\n*/\nfunction ia(a,b,c){this.a=a;this.b=b||1;this.f=c||1};var ja=Array.prototype.indexOf?function(a,b){return Array.prototype.indexOf.call(a,b,void 0)}:function(a,b){if(\"string\"===typeof a)return\"string\"!==typeof b||1!=b.length?-1:a.indexOf(b,0);for(var c=0;c<a.length;c++)if(c in a&&a[c]===b)return c;return-1},n=Array.prototype.forEach?function(a,b){Array.prototype.forEach.call(a,b,void 0)}:function(a,b){for(var c=a.length,d=\"string\"===typeof a?a.split(\"\"):a,e=0;e<c;e++)e in d&&b.call(void 0,d[e],e,a)},ka=Array.prototype.filter?function(a,b){return Array.prototype.filter.call(a,\nb,void 0)}:function(a,b){for(var c=a.length,d=[],e=0,f=\"string\"===typeof a?a.split(\"\"):a,g=0;g<c;g++)if(g in f){var h=f[g];b.call(void 0,h,g,a)&&(d[e++]=h)}return d},la=Array.prototype.reduce?function(a,b,c){return Array.prototype.reduce.call(a,b,c)}:function(a,b,c){var d=c;n(a,function(e,f){d=b.call(void 0,d,e,f,a)});return d},ma=Array.prototype.some?function(a,b){return Array.prototype.some.call(a,b,void 0)}:function(a,b){for(var c=a.length,d=\"string\"===typeof a?a.split(\"\"):a,e=0;e<c;e++)if(e in\nd&&b.call(void 0,d[e],e,a))return!0;return!1},na=Array.prototype.every?function(a,b){return Array.prototype.every.call(a,b,void 0)}:function(a,b){for(var c=a.length,d=\"string\"===typeof a?a.split(\"\"):a,e=0;e<c;e++)if(e in d&&!b.call(void 0,d[e],e,a))return!1;return!0};function oa(a,b){a:{for(var c=a.length,d=\"string\"===typeof a?a.split(\"\"):a,e=0;e<c;e++)if(e in d&&b.call(void 0,d[e],e,a)){b=e;break a}b=-1}return 0>b?null:\"string\"===typeof a?a.charAt(b):a[b]}\nfunction pa(a){return Array.prototype.concat.apply([],arguments)}function qa(a,b,c){return 2>=arguments.length?Array.prototype.slice.call(a,b):Array.prototype.slice.call(a,b,c)};var ra=String.prototype.trim?function(a){return a.trim()}:function(a){return/^[\\s\\xa0]*([\\s\\S]*?)[\\s\\xa0]*$/.exec(a)[1]};function sa(a,b){return a<b?-1:a>b?1:0};var t;a:{var ta=k.navigator;if(ta){var ua=ta.userAgent;if(ua){t=ua;break a}}t=\"\"}function u(a){return-1!=t.indexOf(a)};function va(){return u(\"Firefox\")||u(\"FxiOS\")}function wa(){return(u(\"Chrome\")||u(\"CriOS\"))&&!u(\"Edge\")};function xa(a){return String(a).replace(/\\-([a-z])/g,function(b,c){return c.toUpperCase()})};function ya(){return u(\"iPhone\")&&!u(\"iPod\")&&!u(\"iPad\")};function za(a,b){var c=Aa;return Object.prototype.hasOwnProperty.call(c,a)?c[a]:c[a]=b(a)};var Ba=u(\"Opera\"),v=u(\"Trident\")||u(\"MSIE\"),Ca=u(\"Edge\"),Da=u(\"Gecko\")&&!(-1!=t.toLowerCase().indexOf(\"webkit\")&&!u(\"Edge\"))&&!(u(\"Trident\")||u(\"MSIE\"))&&!u(\"Edge\"),Ea=-1!=t.toLowerCase().indexOf(\"webkit\")&&!u(\"Edge\");function Fa(){var a=k.document;return a?a.documentMode:void 0}var Ga;\na:{var Ha=\"\",Ia=function(){var a=t;if(Da)return/rv:([^\\);]+)(\\)|;)/.exec(a);if(Ca)return/Edge\\/([\\d\\.]+)/.exec(a);if(v)return/\\b(?:MSIE|rv)[: ]([^\\);]+)(\\)|;)/.exec(a);if(Ea)return/WebKit\\/(\\S+)/.exec(a);if(Ba)return/(?:Version)[ \\/]?(\\S+)/.exec(a)}();Ia&&(Ha=Ia?Ia[1]:\"\");if(v){var Ja=Fa();if(null!=Ja&&Ja>parseFloat(Ha)){Ga=String(Ja);break a}}Ga=Ha}var Aa={};\nfunction Ka(a){return za(a,function(){for(var b=0,c=ra(String(Ga)).split(\".\"),d=ra(String(a)).split(\".\"),e=Math.max(c.length,d.length),f=0;0==b&&f<e;f++){var g=c[f]||\"\",h=d[f]||\"\";do{g=/(\\d*)(\\D*)(.*)/.exec(g)||[\"\",\"\",\"\",\"\"];h=/(\\d*)(\\D*)(.*)/.exec(h)||[\"\",\"\",\"\",\"\"];if(0==g[0].length&&0==h[0].length)break;b=sa(0==g[1].length?0:parseInt(g[1],10),0==h[1].length?0:parseInt(h[1],10))||sa(0==g[2].length,0==h[2].length)||sa(g[2],h[2]);g=g[3];h=h[3]}while(0==b)}return 0<=b})}var La;\nLa=k.document&&v?Fa():void 0;var x=v&&!(9<=Number(La)),Ma=v&&!(8<=Number(La));function Na(a,b,c,d){this.a=a;this.nodeName=c;this.nodeValue=d;this.nodeType=2;this.parentNode=this.ownerElement=b}function Oa(a,b){var c=Ma&&\"href\"==b.nodeName?a.getAttribute(b.nodeName,2):b.nodeValue;return new Na(b,a,b.nodeName,c)};function Pa(a){this.b=a;this.a=0}function Qa(a){a=a.match(Ra);for(var b=0;b<a.length;b++)Sa.test(a[b])&&a.splice(b,1);return new Pa(a)}var Ra=/\\$?(?:(?![0-9-\\.])(?:\\*|[\\w-\\.]+):)?(?![0-9-\\.])(?:\\*|[\\w-\\.]+)|\\/\\/|\\.\\.|::|\\d+(?:\\.\\d*)?|\\.\\d+|\"[^\"]*\"|'[^']*'|[!<>]=|\\s+|./g,Sa=/^\\s/;function y(a,b){return a.b[a.a+(b||0)]}function z(a){return a.b[a.a++]}function Ta(a){return a.b.length<=a.a};function Ua(a,b){this.x=void 0!==a?a:0;this.y=void 0!==b?b:0}Ua.prototype.ceil=function(){this.x=Math.ceil(this.x);this.y=Math.ceil(this.y);return this};Ua.prototype.floor=function(){this.x=Math.floor(this.x);this.y=Math.floor(this.y);return this};Ua.prototype.round=function(){this.x=Math.round(this.x);this.y=Math.round(this.y);return this};function Va(a,b){this.width=a;this.height=b}Va.prototype.aspectRatio=function(){return this.width/this.height};Va.prototype.ceil=function(){this.width=Math.ceil(this.width);this.height=Math.ceil(this.height);return this};Va.prototype.floor=function(){this.width=Math.floor(this.width);this.height=Math.floor(this.height);return this};Va.prototype.round=function(){this.width=Math.round(this.width);this.height=Math.round(this.height);return this};function Wa(a,b){if(!a||!b)return!1;if(a.contains&&1==b.nodeType)return a==b||a.contains(b);if(\"undefined\"!=typeof a.compareDocumentPosition)return a==b||!!(a.compareDocumentPosition(b)&16);for(;b&&a!=b;)b=b.parentNode;return b==a}\nfunction Xa(a,b){if(a==b)return 0;if(a.compareDocumentPosition)return a.compareDocumentPosition(b)&2?1:-1;if(v&&!(9<=Number(La))){if(9==a.nodeType)return-1;if(9==b.nodeType)return 1}if(\"sourceIndex\"in a||a.parentNode&&\"sourceIndex\"in a.parentNode){var c=1==a.nodeType,d=1==b.nodeType;if(c&&d)return a.sourceIndex-b.sourceIndex;var e=a.parentNode,f=b.parentNode;return e==f?Ya(a,b):!c&&Wa(e,b)?-1*Za(a,b):!d&&Wa(f,a)?Za(b,a):(c?a.sourceIndex:e.sourceIndex)-(d?b.sourceIndex:f.sourceIndex)}d=A(a);c=d.createRange();\nc.selectNode(a);c.collapse(!0);a=d.createRange();a.selectNode(b);a.collapse(!0);return c.compareBoundaryPoints(k.Range.START_TO_END,a)}function Za(a,b){var c=a.parentNode;if(c==b)return-1;for(;b.parentNode!=c;)b=b.parentNode;return Ya(b,a)}function Ya(a,b){for(;b=b.previousSibling;)if(b==a)return-1;return 1}function A(a){return 9==a.nodeType?a:a.ownerDocument||a.document}function $a(a,b){a&&(a=a.parentNode);for(var c=0;a;){if(b(a))return a;a=a.parentNode;c++}return null}\nfunction ab(a){this.a=a||k.document||document}ab.prototype.getElementsByTagName=function(a,b){return(b||this.a).getElementsByTagName(String(a))};function B(a){var b=null,c=a.nodeType;1==c&&(b=a.textContent,b=void 0==b||null==b?a.innerText:b,b=void 0==b||null==b?\"\":b);if(\"string\"!=typeof b)if(x&&\"title\"==a.nodeName.toLowerCase()&&1==c)b=a.text;else if(9==c||1==c){a=9==c?a.documentElement:a.firstChild;c=0;var d=[];for(b=\"\";a;){do 1!=a.nodeType&&(b+=a.nodeValue),x&&\"title\"==a.nodeName.toLowerCase()&&(b+=a.text),d[c++]=a;while(a=a.firstChild);for(;c&&!(a=d[--c].nextSibling););}}else b=a.nodeValue;return b}\nfunction C(a,b,c){if(null===b)return!0;try{if(!a.getAttribute)return!1}catch(d){return!1}Ma&&\"class\"==b&&(b=\"className\");return null==c?!!a.getAttribute(b):a.getAttribute(b,2)==c}function bb(a,b,c,d,e){return(x?cb:db).call(null,a,b,aa(c)?c:null,aa(d)?d:null,e||new E)}\nfunction cb(a,b,c,d,e){if(a instanceof F||8==a.b||c&&null===a.b){var f=b.all;if(!f)return e;a=eb(a);if(\"*\"!=a&&(f=b.getElementsByTagName(a),!f))return e;if(c){for(var g=[],h=0;b=f[h++];)C(b,c,d)&&g.push(b);f=g}for(h=0;b=f[h++];)\"*\"==a&&\"!\"==b.tagName||e.add(b);return e}gb(a,b,c,d,e);return e}\nfunction db(a,b,c,d,e){b.getElementsByName&&d&&\"name\"==c&&!v?(b=b.getElementsByName(d),n(b,function(f){a.a(f)&&e.add(f)})):b.getElementsByClassName&&d&&\"class\"==c?(b=b.getElementsByClassName(d),n(b,function(f){f.className==d&&a.a(f)&&e.add(f)})):a instanceof G?gb(a,b,c,d,e):b.getElementsByTagName&&(b=b.getElementsByTagName(a.f()),n(b,function(f){C(f,c,d)&&e.add(f)}));return e}\nfunction hb(a,b,c,d,e){var f;if((a instanceof F||8==a.b||c&&null===a.b)&&(f=b.childNodes)){var g=eb(a);if(\"*\"!=g&&(f=ka(f,function(h){return h.tagName&&h.tagName.toLowerCase()==g}),!f))return e;c&&(f=ka(f,function(h){return C(h,c,d)}));n(f,function(h){\"*\"==g&&(\"!\"==h.tagName||\"*\"==g&&1!=h.nodeType)||e.add(h)});return e}return ib(a,b,c,d,e)}function ib(a,b,c,d,e){for(b=b.firstChild;b;b=b.nextSibling)C(b,c,d)&&a.a(b)&&e.add(b);return e}\nfunction gb(a,b,c,d,e){for(b=b.firstChild;b;b=b.nextSibling)C(b,c,d)&&a.a(b)&&e.add(b),gb(a,b,c,d,e)}function eb(a){if(a instanceof G){if(8==a.b)return\"!\";if(null===a.b)return\"*\"}return a.f()};function E(){this.b=this.a=null;this.l=0}function jb(a){this.f=a;this.a=this.b=null}function kb(a,b){if(!a.a)return b;if(!b.a)return a;var c=a.a;b=b.a;for(var d=null,e,f=0;c&&b;){e=c.f;var g=b.f;e==g||e instanceof Na&&g instanceof Na&&e.a==g.a?(e=c,c=c.a,b=b.a):0<Xa(c.f,b.f)?(e=b,b=b.a):(e=c,c=c.a);(e.b=d)?d.a=e:a.a=e;d=e;f++}for(e=c||b;e;)e.b=d,d=d.a=e,f++,e=e.a;a.b=d;a.l=f;return a}function lb(a,b){b=new jb(b);b.a=a.a;a.b?a.a.b=b:a.a=a.b=b;a.a=b;a.l++}\nE.prototype.add=function(a){a=new jb(a);a.b=this.b;this.a?this.b.a=a:this.a=this.b=a;this.b=a;this.l++};function mb(a){return(a=a.a)?a.f:null}function nb(a){return(a=mb(a))?B(a):\"\"}function H(a,b){return new ob(a,!!b)}function ob(a,b){this.f=a;this.b=(this.s=b)?a.b:a.a;this.a=null}function I(a){var b=a.b;if(null==b)return null;var c=a.a=b;a.b=a.s?b.b:b.a;return c.f};function J(a){this.i=a;this.b=this.g=!1;this.f=null}function K(a){return\"\\n  \"+a.toString().split(\"\\n\").join(\"\\n  \")}function pb(a,b){a.g=b}function qb(a,b){a.b=b}function N(a,b){a=a.a(b);return a instanceof E?+nb(a):+a}function O(a,b){a=a.a(b);return a instanceof E?nb(a):\"\"+a}function rb(a,b){a=a.a(b);return a instanceof E?!!a.l:!!a};function sb(a,b,c){J.call(this,a.i);this.c=a;this.h=b;this.o=c;this.g=b.g||c.g;this.b=b.b||c.b;this.c==tb&&(c.b||c.g||4==c.i||0==c.i||!b.f?b.b||b.g||4==b.i||0==b.i||!c.f||(this.f={name:c.f.name,u:b}):this.f={name:b.f.name,u:c})}l(sb,J);\nfunction ub(a,b,c,d,e){b=b.a(d);c=c.a(d);var f;if(b instanceof E&&c instanceof E){b=H(b);for(d=I(b);d;d=I(b))for(e=H(c),f=I(e);f;f=I(e))if(a(B(d),B(f)))return!0;return!1}if(b instanceof E||c instanceof E){b instanceof E?(e=b,d=c):(e=c,d=b);f=H(e);for(var g=typeof d,h=I(f);h;h=I(f)){switch(g){case \"number\":h=+B(h);break;case \"boolean\":h=!!B(h);break;case \"string\":h=B(h);break;default:throw Error(\"Illegal primitive type for comparison.\");}if(e==b&&a(h,d)||e==c&&a(d,h))return!0}return!1}return e?\"boolean\"==\ntypeof b||\"boolean\"==typeof c?a(!!b,!!c):\"number\"==typeof b||\"number\"==typeof c?a(+b,+c):a(b,c):a(+b,+c)}sb.prototype.a=function(a){return this.c.m(this.h,this.o,a)};sb.prototype.toString=function(){var a=\"Binary Expression: \"+this.c;a+=K(this.h);return a+=K(this.o)};function vb(a,b,c,d){this.I=a;this.D=b;this.i=c;this.m=d}vb.prototype.toString=function(){return this.I};var wb={};\nfunction P(a,b,c,d){if(wb.hasOwnProperty(a))throw Error(\"Binary operator already created: \"+a);a=new vb(a,b,c,d);return wb[a.toString()]=a}P(\"div\",6,1,function(a,b,c){return N(a,c)/N(b,c)});P(\"mod\",6,1,function(a,b,c){return N(a,c)%N(b,c)});P(\"*\",6,1,function(a,b,c){return N(a,c)*N(b,c)});P(\"+\",5,1,function(a,b,c){return N(a,c)+N(b,c)});P(\"-\",5,1,function(a,b,c){return N(a,c)-N(b,c)});P(\"<\",4,2,function(a,b,c){return ub(function(d,e){return d<e},a,b,c)});\nP(\">\",4,2,function(a,b,c){return ub(function(d,e){return d>e},a,b,c)});P(\"<=\",4,2,function(a,b,c){return ub(function(d,e){return d<=e},a,b,c)});P(\">=\",4,2,function(a,b,c){return ub(function(d,e){return d>=e},a,b,c)});var tb=P(\"=\",3,2,function(a,b,c){return ub(function(d,e){return d==e},a,b,c,!0)});P(\"!=\",3,2,function(a,b,c){return ub(function(d,e){return d!=e},a,b,c,!0)});P(\"and\",2,2,function(a,b,c){return rb(a,c)&&rb(b,c)});P(\"or\",1,2,function(a,b,c){return rb(a,c)||rb(b,c)});function xb(a,b){if(b.a.length&&4!=a.i)throw Error(\"Primary expression must evaluate to nodeset if filter has predicate(s).\");J.call(this,a.i);this.c=a;this.h=b;this.g=a.g;this.b=a.b}l(xb,J);xb.prototype.a=function(a){a=this.c.a(a);return yb(this.h,a)};xb.prototype.toString=function(){var a=\"Filter:\"+K(this.c);return a+=K(this.h)};function zb(a,b){if(b.length<a.C)throw Error(\"Function \"+a.j+\" expects at least\"+a.C+\" arguments, \"+b.length+\" given\");if(null!==a.B&&b.length>a.B)throw Error(\"Function \"+a.j+\" expects at most \"+a.B+\" arguments, \"+b.length+\" given\");a.H&&n(b,function(c,d){if(4!=c.i)throw Error(\"Argument \"+d+\" to function \"+a.j+\" is not of type Nodeset: \"+c);});J.call(this,a.i);this.v=a;this.c=b;pb(this,a.g||ma(b,function(c){return c.g}));qb(this,a.G&&!b.length||a.F&&!!b.length||ma(b,function(c){return c.b}))}\nl(zb,J);zb.prototype.a=function(a){return this.v.m.apply(null,pa(a,this.c))};zb.prototype.toString=function(){var a=\"Function: \"+this.v;if(this.c.length){var b=la(this.c,function(c,d){return c+K(d)},\"Arguments:\");a+=K(b)}return a};function Ab(a,b,c,d,e,f,g,h){this.j=a;this.i=b;this.g=c;this.G=d;this.F=!1;this.m=e;this.C=f;this.B=void 0!==g?g:f;this.H=!!h}Ab.prototype.toString=function(){return this.j};var Bb={};\nfunction Q(a,b,c,d,e,f,g,h){if(Bb.hasOwnProperty(a))throw Error(\"Function already created: \"+a+\".\");Bb[a]=new Ab(a,b,c,d,e,f,g,h)}Q(\"boolean\",2,!1,!1,function(a,b){return rb(b,a)},1);Q(\"ceiling\",1,!1,!1,function(a,b){return Math.ceil(N(b,a))},1);Q(\"concat\",3,!1,!1,function(a,b){return la(qa(arguments,1),function(c,d){return c+O(d,a)},\"\")},2,null);Q(\"contains\",2,!1,!1,function(a,b,c){b=O(b,a);a=O(c,a);return-1!=b.indexOf(a)},2);Q(\"count\",1,!1,!1,function(a,b){return b.a(a).l},1,1,!0);\nQ(\"false\",2,!1,!1,function(){return!1},0);Q(\"floor\",1,!1,!1,function(a,b){return Math.floor(N(b,a))},1);Q(\"id\",4,!1,!1,function(a,b){function c(h){if(x){var m=e.all[h];if(m){if(m.nodeType&&h==m.id)return m;if(m.length)return oa(m,function(w){return h==w.id})}return null}return e.getElementById(h)}var d=a.a,e=9==d.nodeType?d:d.ownerDocument;a=O(b,a).split(/\\s+/);var f=[];n(a,function(h){h=c(h);!h||0<=ja(f,h)||f.push(h)});f.sort(Xa);var g=new E;n(f,function(h){g.add(h)});return g},1);\nQ(\"lang\",2,!1,!1,function(){return!1},1);Q(\"last\",1,!0,!1,function(a){if(1!=arguments.length)throw Error(\"Function last expects ()\");return a.f},0);Q(\"local-name\",3,!1,!0,function(a,b){return(a=b?mb(b.a(a)):a.a)?a.localName||a.nodeName.toLowerCase():\"\"},0,1,!0);Q(\"name\",3,!1,!0,function(a,b){return(a=b?mb(b.a(a)):a.a)?a.nodeName.toLowerCase():\"\"},0,1,!0);Q(\"namespace-uri\",3,!0,!1,function(){return\"\"},0,1,!0);\nQ(\"normalize-space\",3,!1,!0,function(a,b){return(b?O(b,a):B(a.a)).replace(/[\\s\\xa0]+/g,\" \").replace(/^\\s+|\\s+$/g,\"\")},0,1);Q(\"not\",2,!1,!1,function(a,b){return!rb(b,a)},1);Q(\"number\",1,!1,!0,function(a,b){return b?N(b,a):+B(a.a)},0,1);Q(\"position\",1,!0,!1,function(a){return a.b},0);Q(\"round\",1,!1,!1,function(a,b){return Math.round(N(b,a))},1);Q(\"starts-with\",2,!1,!1,function(a,b,c){b=O(b,a);a=O(c,a);return 0==b.lastIndexOf(a,0)},2);Q(\"string\",3,!1,!0,function(a,b){return b?O(b,a):B(a.a)},0,1);\nQ(\"string-length\",1,!1,!0,function(a,b){return(b?O(b,a):B(a.a)).length},0,1);Q(\"substring\",3,!1,!1,function(a,b,c,d){c=N(c,a);if(isNaN(c)||Infinity==c||-Infinity==c)return\"\";d=d?N(d,a):Infinity;if(isNaN(d)||-Infinity===d)return\"\";c=Math.round(c)-1;var e=Math.max(c,0);a=O(b,a);return Infinity==d?a.substring(e):a.substring(e,c+Math.round(d))},2,3);Q(\"substring-after\",3,!1,!1,function(a,b,c){b=O(b,a);a=O(c,a);c=b.indexOf(a);return-1==c?\"\":b.substring(c+a.length)},2);\nQ(\"substring-before\",3,!1,!1,function(a,b,c){b=O(b,a);a=O(c,a);a=b.indexOf(a);return-1==a?\"\":b.substring(0,a)},2);Q(\"sum\",1,!1,!1,function(a,b){a=H(b.a(a));b=0;for(var c=I(a);c;c=I(a))b+=+B(c);return b},1,1,!0);Q(\"translate\",3,!1,!1,function(a,b,c,d){b=O(b,a);c=O(c,a);var e=O(d,a);a={};for(d=0;d<c.length;d++){var f=c.charAt(d);f in a||(a[f]=e.charAt(d))}c=\"\";for(d=0;d<b.length;d++)f=b.charAt(d),c+=f in a?a[f]:f;return c},3);Q(\"true\",2,!1,!1,function(){return!0},0);function G(a,b){this.h=a;this.c=void 0!==b?b:null;this.b=null;switch(a){case \"comment\":this.b=8;break;case \"text\":this.b=3;break;case \"processing-instruction\":this.b=7;break;case \"node\":break;default:throw Error(\"Unexpected argument\");}}function Cb(a){return\"comment\"==a||\"text\"==a||\"processing-instruction\"==a||\"node\"==a}G.prototype.a=function(a){return null===this.b||this.b==a.nodeType};G.prototype.f=function(){return this.h};\nG.prototype.toString=function(){var a=\"Kind Test: \"+this.h;null===this.c||(a+=K(this.c));return a};function Db(a){J.call(this,3);this.c=a.substring(1,a.length-1)}l(Db,J);Db.prototype.a=function(){return this.c};Db.prototype.toString=function(){return\"Literal: \"+this.c};function F(a,b){this.j=a.toLowerCase();a=\"*\"==this.j?\"*\":\"http://www.w3.org/1999/xhtml\";this.c=b?b.toLowerCase():a}F.prototype.a=function(a){var b=a.nodeType;if(1!=b&&2!=b)return!1;b=void 0!==a.localName?a.localName:a.nodeName;return\"*\"!=this.j&&this.j!=b.toLowerCase()?!1:\"*\"==this.c?!0:this.c==(a.namespaceURI?a.namespaceURI.toLowerCase():\"http://www.w3.org/1999/xhtml\")};F.prototype.f=function(){return this.j};\nF.prototype.toString=function(){return\"Name Test: \"+(\"http://www.w3.org/1999/xhtml\"==this.c?\"\":this.c+\":\")+this.j};function Eb(a){J.call(this,1);this.c=a}l(Eb,J);Eb.prototype.a=function(){return this.c};Eb.prototype.toString=function(){return\"Number: \"+this.c};function Fb(a,b){J.call(this,a.i);this.h=a;this.c=b;this.g=a.g;this.b=a.b;1==this.c.length&&(a=this.c[0],a.A||a.c!=Gb||(a=a.o,\"*\"!=a.f()&&(this.f={name:a.f(),u:null})))}l(Fb,J);function Hb(){J.call(this,4)}l(Hb,J);Hb.prototype.a=function(a){var b=new E;a=a.a;9==a.nodeType?b.add(a):b.add(a.ownerDocument);return b};Hb.prototype.toString=function(){return\"Root Helper Expression\"};function Ib(){J.call(this,4)}l(Ib,J);Ib.prototype.a=function(a){var b=new E;b.add(a.a);return b};Ib.prototype.toString=function(){return\"Context Helper Expression\"};\nfunction Jb(a){return\"/\"==a||\"//\"==a}Fb.prototype.a=function(a){var b=this.h.a(a);if(!(b instanceof E))throw Error(\"Filter expression must evaluate to nodeset.\");a=this.c;for(var c=0,d=a.length;c<d&&b.l;c++){var e=a[c],f=H(b,e.c.s);if(e.g||e.c!=Kb)if(e.g||e.c!=Lb){var g=I(f);for(b=e.a(new ia(g));null!=(g=I(f));)g=e.a(new ia(g)),b=kb(b,g)}else g=I(f),b=e.a(new ia(g));else{for(g=I(f);(b=I(f))&&(!g.contains||g.contains(b))&&b.compareDocumentPosition(g)&8;g=b);b=e.a(new ia(g))}}return b};\nFb.prototype.toString=function(){var a=\"Path Expression:\"+K(this.h);if(this.c.length){var b=la(this.c,function(c,d){return c+K(d)},\"Steps:\");a+=K(b)}return a};function Mb(a,b){this.a=a;this.s=!!b}\nfunction yb(a,b,c){for(c=c||0;c<a.a.length;c++)for(var d=a.a[c],e=H(b),f=b.l,g,h=0;g=I(e);h++){var m=a.s?f-h:h+1;g=d.a(new ia(g,m,f));if(\"number\"==typeof g)m=m==g;else if(\"string\"==typeof g||\"boolean\"==typeof g)m=!!g;else if(g instanceof E)m=0<g.l;else throw Error(\"Predicate.evaluate returned an unexpected type.\");if(!m){m=e;g=m.f;var w=m.a;if(!w)throw Error(\"Next must be called at least once before remove.\");var r=w.b;w=w.a;r?r.a=w:g.a=w;w?w.b=r:g.b=r;g.l--;m.a=null}}return b}\nMb.prototype.toString=function(){return la(this.a,function(a,b){return a+K(b)},\"Predicates:\")};function R(a,b,c,d){J.call(this,4);this.c=a;this.o=b;this.h=c||new Mb([]);this.A=!!d;b=this.h;b=0<b.a.length?b.a[0].f:null;a.J&&b&&(a=b.name,a=x?a.toLowerCase():a,this.f={name:a,u:b.u});a:{a=this.h;for(b=0;b<a.a.length;b++)if(c=a.a[b],c.g||1==c.i||0==c.i){a=!0;break a}a=!1}this.g=a}l(R,J);\nR.prototype.a=function(a){var b=a.a,c=this.f,d=null,e=null,f=0;c&&(d=c.name,e=c.u?O(c.u,a):null,f=1);if(this.A)if(this.g||this.c!=Nb)if(b=H((new R(Ob,new G(\"node\"))).a(a)),c=I(b))for(a=this.m(c,d,e,f);null!=(c=I(b));)a=kb(a,this.m(c,d,e,f));else a=new E;else a=bb(this.o,b,d,e),a=yb(this.h,a,f);else a=this.m(a.a,d,e,f);return a};R.prototype.m=function(a,b,c,d){a=this.c.v(this.o,a,b,c);return a=yb(this.h,a,d)};\nR.prototype.toString=function(){var a=\"Step:\"+K(\"Operator: \"+(this.A?\"//\":\"/\"));this.c.j&&(a+=K(\"Axis: \"+this.c));a+=K(this.o);if(this.h.a.length){var b=la(this.h.a,function(c,d){return c+K(d)},\"Predicates:\");a+=K(b)}return a};function Pb(a,b,c,d){this.j=a;this.v=b;this.s=c;this.J=d}Pb.prototype.toString=function(){return this.j};var Qb={};function S(a,b,c,d){if(Qb.hasOwnProperty(a))throw Error(\"Axis already created: \"+a);b=new Pb(a,b,c,!!d);return Qb[a]=b}\nS(\"ancestor\",function(a,b){for(var c=new E;b=b.parentNode;)a.a(b)&&lb(c,b);return c},!0);S(\"ancestor-or-self\",function(a,b){var c=new E;do a.a(b)&&lb(c,b);while(b=b.parentNode);return c},!0);\nvar Gb=S(\"attribute\",function(a,b){var c=new E,d=a.f();if(\"style\"==d&&x&&b.style)return c.add(new Na(b.style,b,\"style\",b.style.cssText)),c;var e=b.attributes;if(e)if(a instanceof G&&null===a.b||\"*\"==d)for(a=0;d=e[a];a++)x?d.nodeValue&&c.add(Oa(b,d)):c.add(d);else(d=e.getNamedItem(d))&&(x?d.nodeValue&&c.add(Oa(b,d)):c.add(d));return c},!1),Nb=S(\"child\",function(a,b,c,d,e){return(x?hb:ib).call(null,a,b,aa(c)?c:null,aa(d)?d:null,e||new E)},!1,!0);S(\"descendant\",bb,!1,!0);\nvar Ob=S(\"descendant-or-self\",function(a,b,c,d){var e=new E;C(b,c,d)&&a.a(b)&&e.add(b);return bb(a,b,c,d,e)},!1,!0),Kb=S(\"following\",function(a,b,c,d){var e=new E;do for(var f=b;f=f.nextSibling;)C(f,c,d)&&a.a(f)&&e.add(f),e=bb(a,f,c,d,e);while(b=b.parentNode);return e},!1,!0);S(\"following-sibling\",function(a,b){for(var c=new E;b=b.nextSibling;)a.a(b)&&c.add(b);return c},!1);S(\"namespace\",function(){return new E},!1);\nvar Rb=S(\"parent\",function(a,b){var c=new E;if(9==b.nodeType)return c;if(2==b.nodeType)return c.add(b.ownerElement),c;b=b.parentNode;a.a(b)&&c.add(b);return c},!1),Lb=S(\"preceding\",function(a,b,c,d){var e=new E,f=[];do f.unshift(b);while(b=b.parentNode);for(var g=1,h=f.length;g<h;g++){var m=[];for(b=f[g];b=b.previousSibling;)m.unshift(b);for(var w=0,r=m.length;w<r;w++)b=m[w],C(b,c,d)&&a.a(b)&&e.add(b),e=bb(a,b,c,d,e)}return e},!0,!0);\nS(\"preceding-sibling\",function(a,b){for(var c=new E;b=b.previousSibling;)a.a(b)&&lb(c,b);return c},!0);var Sb=S(\"self\",function(a,b){var c=new E;a.a(b)&&c.add(b);return c},!1);function Tb(a){J.call(this,1);this.c=a;this.g=a.g;this.b=a.b}l(Tb,J);Tb.prototype.a=function(a){return-N(this.c,a)};Tb.prototype.toString=function(){return\"Unary Expression: -\"+K(this.c)};function Ub(a){J.call(this,4);this.c=a;pb(this,ma(this.c,function(b){return b.g}));qb(this,ma(this.c,function(b){return b.b}))}l(Ub,J);Ub.prototype.a=function(a){var b=new E;n(this.c,function(c){c=c.a(a);if(!(c instanceof E))throw Error(\"Path expression must evaluate to NodeSet.\");b=kb(b,c)});return b};Ub.prototype.toString=function(){return la(this.c,function(a,b){return a+K(b)},\"Union Expression:\")};function Vb(a,b){this.a=a;this.b=b}function Yb(a){for(var b,c=[];;){T(a,\"Missing right hand side of binary expression.\");b=Zb(a);var d=z(a.a);if(!d)break;var e=(d=wb[d]||null)&&d.D;if(!e){a.a.a--;break}for(;c.length&&e<=c[c.length-1].D;)b=new sb(c.pop(),c.pop(),b);c.push(b,d)}for(;c.length;)b=new sb(c.pop(),c.pop(),b);return b}function T(a,b){if(Ta(a.a))throw Error(b);}function $b(a,b){a=z(a.a);if(a!=b)throw Error(\"Bad token, expected: \"+b+\" got: \"+a);}\nfunction ac(a){a=z(a.a);if(\")\"!=a)throw Error(\"Bad token: \"+a);}function bc(a){a=z(a.a);if(2>a.length)throw Error(\"Unclosed literal string\");return new Db(a)}\nfunction cc(a){var b=[];if(Jb(y(a.a))){var c=z(a.a);var d=y(a.a);if(\"/\"==c&&(Ta(a.a)||\".\"!=d&&\"..\"!=d&&\"@\"!=d&&\"*\"!=d&&!/(?![0-9])[\\w]/.test(d)))return new Hb;d=new Hb;T(a,\"Missing next location step.\");c=dc(a,c);b.push(c)}else{a:{c=y(a.a);d=c.charAt(0);switch(d){case \"$\":throw Error(\"Variable reference not allowed in HTML XPath\");case \"(\":z(a.a);c=Yb(a);T(a,'unclosed \"(\"');$b(a,\")\");break;case '\"':case \"'\":c=bc(a);break;default:if(isNaN(+c))if(!Cb(c)&&/(?![0-9])[\\w]/.test(d)&&\"(\"==y(a.a,1)){c=z(a.a);\nc=Bb[c]||null;z(a.a);for(d=[];\")\"!=y(a.a);){T(a,\"Missing function argument list.\");d.push(Yb(a));if(\",\"!=y(a.a))break;z(a.a)}T(a,\"Unclosed function argument list.\");ac(a);c=new zb(c,d)}else{c=null;break a}else c=new Eb(+z(a.a))}\"[\"==y(a.a)&&(d=new Mb(ec(a)),c=new xb(c,d))}if(c)if(Jb(y(a.a)))d=c;else return c;else c=dc(a,\"/\"),d=new Ib,b.push(c)}for(;Jb(y(a.a));)c=z(a.a),T(a,\"Missing next location step.\"),c=dc(a,c),b.push(c);return new Fb(d,b)}\nfunction dc(a,b){if(\"/\"!=b&&\"//\"!=b)throw Error('Step op should be \"/\" or \"//\"');if(\".\"==y(a.a)){var c=new R(Sb,new G(\"node\"));z(a.a);return c}if(\"..\"==y(a.a))return c=new R(Rb,new G(\"node\")),z(a.a),c;if(\"@\"==y(a.a)){var d=Gb;z(a.a);T(a,\"Missing attribute name\")}else if(\"::\"==y(a.a,1)){if(!/(?![0-9])[\\w]/.test(y(a.a).charAt(0)))throw Error(\"Bad token: \"+z(a.a));var e=z(a.a);d=Qb[e]||null;if(!d)throw Error(\"No axis with name: \"+e);z(a.a);T(a,\"Missing node name\")}else d=Nb;e=y(a.a);if(/(?![0-9])[\\w\\*]/.test(e.charAt(0)))if(\"(\"==\ny(a.a,1)){if(!Cb(e))throw Error(\"Invalid node type: \"+e);e=z(a.a);if(!Cb(e))throw Error(\"Invalid type name: \"+e);$b(a,\"(\");T(a,\"Bad nodetype\");var f=y(a.a).charAt(0),g=null;if('\"'==f||\"'\"==f)g=bc(a);T(a,\"Bad nodetype\");ac(a);e=new G(e,g)}else if(e=z(a.a),f=e.indexOf(\":\"),-1==f)e=new F(e);else{g=e.substring(0,f);if(\"*\"==g)var h=\"*\";else if(h=a.b(g),!h)throw Error(\"Namespace prefix not declared: \"+g);e=e.substr(f+1);e=new F(e,h)}else throw Error(\"Bad token: \"+z(a.a));a=new Mb(ec(a),d.s);return c||new R(d,\ne,a,\"//\"==b)}function ec(a){for(var b=[];\"[\"==y(a.a);){z(a.a);T(a,\"Missing predicate expression.\");var c=Yb(a);b.push(c);T(a,\"Unclosed predicate expression.\");$b(a,\"]\")}return b}function Zb(a){if(\"-\"==y(a.a))return z(a.a),new Tb(Zb(a));var b=cc(a);if(\"|\"!=y(a.a))a=b;else{for(b=[b];\"|\"==z(a.a);)T(a,\"Missing next union location path.\"),b.push(cc(a));a.a.a--;a=new Ub(b)}return a};function fc(a){switch(a.nodeType){case 1:return ha(gc,a);case 9:return fc(a.documentElement);case 11:case 10:case 6:case 12:return hc;default:return a.parentNode?fc(a.parentNode):hc}}function hc(){return null}function gc(a,b){if(a.prefix==b)return a.namespaceURI||\"http://www.w3.org/1999/xhtml\";var c=a.getAttributeNode(\"xmlns:\"+b);return c&&c.specified?c.value||null:a.parentNode&&9!=a.parentNode.nodeType?gc(a.parentNode,b):null};function ic(a,b){if(!a.length)throw Error(\"Empty XPath expression.\");a=Qa(a);if(Ta(a))throw Error(\"Invalid XPath expression.\");b?\"function\"==ca(b)||(b=fa(b.lookupNamespaceURI,b)):b=function(){return null};var c=Yb(new Vb(a,b));if(!Ta(a))throw Error(\"Bad token: \"+z(a));this.evaluate=function(d,e){d=c.a(new ia(d));return new U(d,e)}}\nfunction U(a,b){if(0==b)if(a instanceof E)b=4;else if(\"string\"==typeof a)b=2;else if(\"number\"==typeof a)b=1;else if(\"boolean\"==typeof a)b=3;else throw Error(\"Unexpected evaluation result.\");if(2!=b&&1!=b&&3!=b&&!(a instanceof E))throw Error(\"value could not be converted to the specified type\");this.resultType=b;switch(b){case 2:this.stringValue=a instanceof E?nb(a):\"\"+a;break;case 1:this.numberValue=a instanceof E?+nb(a):+a;break;case 3:this.booleanValue=a instanceof E?0<a.l:!!a;break;case 4:case 5:case 6:case 7:var c=\nH(a);var d=[];for(var e=I(c);e;e=I(c))d.push(e instanceof Na?e.a:e);this.snapshotLength=a.l;this.invalidIteratorState=!1;break;case 8:case 9:a=mb(a);this.singleNodeValue=a instanceof Na?a.a:a;break;default:throw Error(\"Unknown XPathResult type.\");}var f=0;this.iterateNext=function(){if(4!=b&&5!=b)throw Error(\"iterateNext called with wrong result type\");return f>=d.length?null:d[f++]};this.snapshotItem=function(g){if(6!=b&&7!=b)throw Error(\"snapshotItem called with wrong result type\");return g>=d.length||\n0>g?null:d[g]}}U.ANY_TYPE=0;U.NUMBER_TYPE=1;U.STRING_TYPE=2;U.BOOLEAN_TYPE=3;U.UNORDERED_NODE_ITERATOR_TYPE=4;U.ORDERED_NODE_ITERATOR_TYPE=5;U.UNORDERED_NODE_SNAPSHOT_TYPE=6;U.ORDERED_NODE_SNAPSHOT_TYPE=7;U.ANY_UNORDERED_NODE_TYPE=8;U.FIRST_ORDERED_NODE_TYPE=9;function jc(a){this.lookupNamespaceURI=fc(a)}\nfunction kc(a,b){a=a||k;var c=a.Document&&a.Document.prototype||a.document;if(!c.evaluate||b)a.XPathResult=U,c.evaluate=function(d,e,f,g){return(new ic(d,f)).evaluate(e,g)},c.createExpression=function(d,e){return new ic(d,e)},c.createNSResolver=function(d){return new jc(d)}}ba(\"wgxpath.install\",kc);ba(\"wgxpath.install\",kc);var lc={aliceblue:\"#f0f8ff\",antiquewhite:\"#faebd7\",aqua:\"#00ffff\",aquamarine:\"#7fffd4\",azure:\"#f0ffff\",beige:\"#f5f5dc\",bisque:\"#ffe4c4\",black:\"#000000\",blanchedalmond:\"#ffebcd\",blue:\"#0000ff\",blueviolet:\"#8a2be2\",brown:\"#a52a2a\",burlywood:\"#deb887\",cadetblue:\"#5f9ea0\",chartreuse:\"#7fff00\",chocolate:\"#d2691e\",coral:\"#ff7f50\",cornflowerblue:\"#6495ed\",cornsilk:\"#fff8dc\",crimson:\"#dc143c\",cyan:\"#00ffff\",darkblue:\"#00008b\",darkcyan:\"#008b8b\",darkgoldenrod:\"#b8860b\",darkgray:\"#a9a9a9\",darkgreen:\"#006400\",\ndarkgrey:\"#a9a9a9\",darkkhaki:\"#bdb76b\",darkmagenta:\"#8b008b\",darkolivegreen:\"#556b2f\",darkorange:\"#ff8c00\",darkorchid:\"#9932cc\",darkred:\"#8b0000\",darksalmon:\"#e9967a\",darkseagreen:\"#8fbc8f\",darkslateblue:\"#483d8b\",darkslategray:\"#2f4f4f\",darkslategrey:\"#2f4f4f\",darkturquoise:\"#00ced1\",darkviolet:\"#9400d3\",deeppink:\"#ff1493\",deepskyblue:\"#00bfff\",dimgray:\"#696969\",dimgrey:\"#696969\",dodgerblue:\"#1e90ff\",firebrick:\"#b22222\",floralwhite:\"#fffaf0\",forestgreen:\"#228b22\",fuchsia:\"#ff00ff\",gainsboro:\"#dcdcdc\",\nghostwhite:\"#f8f8ff\",gold:\"#ffd700\",goldenrod:\"#daa520\",gray:\"#808080\",green:\"#008000\",greenyellow:\"#adff2f\",grey:\"#808080\",honeydew:\"#f0fff0\",hotpink:\"#ff69b4\",indianred:\"#cd5c5c\",indigo:\"#4b0082\",ivory:\"#fffff0\",khaki:\"#f0e68c\",lavender:\"#e6e6fa\",lavenderblush:\"#fff0f5\",lawngreen:\"#7cfc00\",lemonchiffon:\"#fffacd\",lightblue:\"#add8e6\",lightcoral:\"#f08080\",lightcyan:\"#e0ffff\",lightgoldenrodyellow:\"#fafad2\",lightgray:\"#d3d3d3\",lightgreen:\"#90ee90\",lightgrey:\"#d3d3d3\",lightpink:\"#ffb6c1\",lightsalmon:\"#ffa07a\",\nlightseagreen:\"#20b2aa\",lightskyblue:\"#87cefa\",lightslategray:\"#778899\",lightslategrey:\"#778899\",lightsteelblue:\"#b0c4de\",lightyellow:\"#ffffe0\",lime:\"#00ff00\",limegreen:\"#32cd32\",linen:\"#faf0e6\",magenta:\"#ff00ff\",maroon:\"#800000\",mediumaquamarine:\"#66cdaa\",mediumblue:\"#0000cd\",mediumorchid:\"#ba55d3\",mediumpurple:\"#9370db\",mediumseagreen:\"#3cb371\",mediumslateblue:\"#7b68ee\",mediumspringgreen:\"#00fa9a\",mediumturquoise:\"#48d1cc\",mediumvioletred:\"#c71585\",midnightblue:\"#191970\",mintcream:\"#f5fffa\",mistyrose:\"#ffe4e1\",\nmoccasin:\"#ffe4b5\",navajowhite:\"#ffdead\",navy:\"#000080\",oldlace:\"#fdf5e6\",olive:\"#808000\",olivedrab:\"#6b8e23\",orange:\"#ffa500\",orangered:\"#ff4500\",orchid:\"#da70d6\",palegoldenrod:\"#eee8aa\",palegreen:\"#98fb98\",paleturquoise:\"#afeeee\",palevioletred:\"#db7093\",papayawhip:\"#ffefd5\",peachpuff:\"#ffdab9\",peru:\"#cd853f\",pink:\"#ffc0cb\",plum:\"#dda0dd\",powderblue:\"#b0e0e6\",purple:\"#800080\",red:\"#ff0000\",rosybrown:\"#bc8f8f\",royalblue:\"#4169e1\",saddlebrown:\"#8b4513\",salmon:\"#fa8072\",sandybrown:\"#f4a460\",seagreen:\"#2e8b57\",\nseashell:\"#fff5ee\",sienna:\"#a0522d\",silver:\"#c0c0c0\",skyblue:\"#87ceeb\",slateblue:\"#6a5acd\",slategray:\"#708090\",slategrey:\"#708090\",snow:\"#fffafa\",springgreen:\"#00ff7f\",steelblue:\"#4682b4\",tan:\"#d2b48c\",teal:\"#008080\",thistle:\"#d8bfd8\",tomato:\"#ff6347\",turquoise:\"#40e0d0\",violet:\"#ee82ee\",wheat:\"#f5deb3\",white:\"#ffffff\",whitesmoke:\"#f5f5f5\",yellow:\"#ffff00\",yellowgreen:\"#9acd32\"};var mc=\"backgroundColor borderTopColor borderRightColor borderBottomColor borderLeftColor color outlineColor\".split(\" \"),nc=/#([0-9a-fA-F])([0-9a-fA-F])([0-9a-fA-F])/,oc=/^#(?:[0-9a-f]{3}){1,2}$/i,pc=/^(?:rgba)?\\((\\d{1,3}),\\s?(\\d{1,3}),\\s?(\\d{1,3}),\\s?(0|1|0\\.\\d*)\\)$/i,qc=/^(?:rgb)?\\((0|[1-9]\\d{0,2}),\\s?(0|[1-9]\\d{0,2}),\\s?(0|[1-9]\\d{0,2})\\)$/i;function rc(a,b){this.code=a;this.a=V[a]||sc;this.message=b||\"\";a=this.a.replace(/((?:^|\\s+)[a-z])/g,function(c){return c.toUpperCase().replace(/^[\\s\\xa0]+/g,\"\")});b=a.length-5;if(0>b||a.indexOf(\"Error\",b)!=b)a+=\"Error\";this.name=a;a=Error(this.message);a.name=this.name;this.stack=a.stack||\"\"}l(rc,Error);var sc=\"unknown error\",V={15:\"element not selectable\",11:\"element not visible\"};V[31]=sc;V[30]=sc;V[24]=\"invalid cookie domain\";V[29]=\"invalid element coordinates\";V[12]=\"invalid element state\";\nV[32]=\"invalid selector\";V[51]=\"invalid selector\";V[52]=\"invalid selector\";V[17]=\"javascript error\";V[405]=\"unsupported operation\";V[34]=\"move target out of bounds\";V[27]=\"no such alert\";V[7]=\"no such element\";V[8]=\"no such frame\";V[23]=\"no such window\";V[28]=\"script timeout\";V[33]=\"session not created\";V[10]=\"stale element reference\";V[21]=\"timeout\";V[25]=\"unable to set cookie\";V[26]=\"unexpected alert open\";V[13]=sc;V[9]=\"unknown command\";var tc=va(),uc=ya()||u(\"iPod\"),vc=u(\"iPad\"),wc=u(\"Android\")&&!(wa()||va()||u(\"Opera\")||u(\"Silk\")),xc=wa(),yc=u(\"Safari\")&&!(wa()||u(\"Coast\")||u(\"Opera\")||u(\"Edge\")||u(\"Edg/\")||u(\"OPR\")||va()||u(\"Silk\")||u(\"Android\"))&&!(ya()||u(\"iPad\")||u(\"iPod\"));function zc(a){return(a=a.exec(t))?a[1]:\"\"}(function(){if(tc)return zc(/Firefox\\/([0-9.]+)/);if(v||Ca||Ba)return Ga;if(xc)return ya()||u(\"iPad\")||u(\"iPod\")?zc(/CriOS\\/([0-9.]+)/):zc(/Chrome\\/([0-9.]+)/);if(yc&&!(ya()||u(\"iPad\")||u(\"iPod\")))return zc(/Version\\/([0-9.]+)/);if(uc||vc){var a=/Version\\/(\\S+).*Mobile\\/(\\S+)/.exec(t);if(a)return a[1]+\".\"+a[2]}else if(wc)return(a=zc(/Android\\s+([0-9.]+)/))?a:zc(/Version\\/([0-9.]+)/);return\"\"})();var Ac=v&&!(9<=Number(La));function W(a,b){b&&\"string\"!==typeof b&&(b=b.toString());return!!a&&1==a.nodeType&&(!b||a.tagName.toUpperCase()==b)};var Bc=function(){var a={K:\"http://www.w3.org/2000/svg\"};return function(b){return a[b]||null}}();\nfunction Cc(a,b){var c=A(a);if(!c.documentElement)return null;(v||wc)&&kc(c?c.parentWindow||c.defaultView:window);try{var d=c.createNSResolver?c.createNSResolver(c.documentElement):Bc;if(v&&!Ka(7))return c.evaluate.call(c,b,a,d,9,null);if(!v||9<=Number(La)){for(var e={},f=c.getElementsByTagName(\"*\"),g=0;g<f.length;++g){var h=f[g],m=h.namespaceURI;if(m&&!e[m]){var w=h.lookupPrefix(m);if(!w){var r=m.match(\".*/(\\\\w+)/?$\");w=r?r[1]:\"xhtml\"}e[m]=w}}var D={},L;for(L in e)D[e[L]]=L;d=function(M){return D[M]||\nnull}}try{return c.evaluate(b,a,d,9,null)}catch(M){if(\"TypeError\"===M.name)return d=c.createNSResolver?c.createNSResolver(c.documentElement):Bc,c.evaluate(b,a,d,9,null);throw M;}}catch(M){if(!Da||\"NS_ERROR_ILLEGAL_VALUE\"!=M.name)throw new rc(32,\"Unable to locate an element with the xpath expression \"+b+\" because of the following error:\\n\"+M);}}\nfunction Dc(a,b){var c=function(){var d=Cc(b,a);return d?d.singleNodeValue||null:b.selectSingleNode?(d=A(b),d.setProperty&&d.setProperty(\"SelectionLanguage\",\"XPath\"),b.selectSingleNode(a)):null}();if(null!==c&&(!c||1!=c.nodeType))throw new rc(32,'The result of the xpath expression \"'+a+'\" is: '+c+\". It should be an element.\");return c};function Ec(a,b,c,d){this.c=a;this.a=b;this.b=c;this.f=d}Ec.prototype.ceil=function(){this.c=Math.ceil(this.c);this.a=Math.ceil(this.a);this.b=Math.ceil(this.b);this.f=Math.ceil(this.f);return this};Ec.prototype.floor=function(){this.c=Math.floor(this.c);this.a=Math.floor(this.a);this.b=Math.floor(this.b);this.f=Math.floor(this.f);return this};Ec.prototype.round=function(){this.c=Math.round(this.c);this.a=Math.round(this.a);this.b=Math.round(this.b);this.f=Math.round(this.f);return this};function X(a,b,c,d){this.a=a;this.b=b;this.width=c;this.height=d}X.prototype.ceil=function(){this.a=Math.ceil(this.a);this.b=Math.ceil(this.b);this.width=Math.ceil(this.width);this.height=Math.ceil(this.height);return this};X.prototype.floor=function(){this.a=Math.floor(this.a);this.b=Math.floor(this.b);this.width=Math.floor(this.width);this.height=Math.floor(this.height);return this};\nX.prototype.round=function(){this.a=Math.round(this.a);this.b=Math.round(this.b);this.width=Math.round(this.width);this.height=Math.round(this.height);return this};var Fc=\"function\"===typeof ShadowRoot;function Gc(a){for(a=a.parentNode;a&&1!=a.nodeType&&9!=a.nodeType&&11!=a.nodeType;)a=a.parentNode;return W(a)?a:null}\nfunction Y(a,b){b=xa(b);if(\"float\"==b||\"cssFloat\"==b||\"styleFloat\"==b)b=Ac?\"styleFloat\":\"cssFloat\";a:{var c=b;var d=A(a);if(d.defaultView&&d.defaultView.getComputedStyle&&(d=d.defaultView.getComputedStyle(a,null))){c=d[c]||d.getPropertyValue(c)||\"\";break a}c=\"\"}a=c||Hc(a,b);if(null===a)a=null;else if(0<=ja(mc,b)){b:{var e=a.match(pc);if(e&&(b=Number(e[1]),c=Number(e[2]),d=Number(e[3]),e=Number(e[4]),0<=b&&255>=b&&0<=c&&255>=c&&0<=d&&255>=d&&0<=e&&1>=e)){b=[b,c,d,e];break b}b=null}if(!b)b:{if(d=a.match(qc))if(b=\nNumber(d[1]),c=Number(d[2]),d=Number(d[3]),0<=b&&255>=b&&0<=c&&255>=c&&0<=d&&255>=d){b=[b,c,d,1];break b}b=null}if(!b)b:{b=a.toLowerCase();c=lc[b.toLowerCase()];if(!c&&(c=\"#\"==b.charAt(0)?b:\"#\"+b,4==c.length&&(c=c.replace(nc,\"#$1$1$2$2$3$3\")),!oc.test(c))){b=null;break b}b=[parseInt(c.substr(1,2),16),parseInt(c.substr(3,2),16),parseInt(c.substr(5,2),16),1]}a=b?\"rgba(\"+b.join(\", \")+\")\":a}return a}\nfunction Hc(a,b){var c=a.currentStyle||a.style,d=c[b];void 0===d&&\"function\"==ca(c.getPropertyValue)&&(d=c.getPropertyValue(b));return\"inherit\"!=d?void 0!==d?d:null:(a=Gc(a))?Hc(a,b):null}\nfunction Ic(a,b,c){function d(g){var h=Jc(g);return 0<h.height&&0<h.width?!0:W(g,\"PATH\")&&(0<h.height||0<h.width)?(g=Y(g,\"stroke-width\"),!!g&&0<parseInt(g,10)):\"hidden\"!=Y(g,\"overflow\")&&ma(g.childNodes,function(m){return 3==m.nodeType||W(m)&&d(m)})}function e(g){return Kc(g)==Z&&na(g.childNodes,function(h){return!W(h)||e(h)||!d(h)})}if(!W(a))throw Error(\"Argument to isShown must be of type Element\");if(W(a,\"BODY\"))return!0;if(W(a,\"OPTION\")||W(a,\"OPTGROUP\"))return a=$a(a,function(g){return W(g,\"SELECT\")}),\n!!a&&Ic(a,!0,c);var f=Lc(a);if(f)return!!f.image&&0<f.rect.width&&0<f.rect.height&&Ic(f.image,b,c);if(W(a,\"INPUT\")&&\"hidden\"==a.type.toLowerCase()||W(a,\"NOSCRIPT\"))return!1;f=Y(a,\"visibility\");return\"collapse\"!=f&&\"hidden\"!=f&&c(a)&&(b||0!=Mc(a))&&d(a)?!e(a):!1}var Z=\"hidden\";\nfunction Kc(a){function b(p){function q(fb){if(fb==g)return!0;var Wb=Y(fb,\"display\");return 0==Wb.lastIndexOf(\"inline\",0)||\"contents\"==Wb||\"absolute\"==Xb&&\"static\"==Y(fb,\"position\")?!1:!0}var Xb=Y(p,\"position\");if(\"fixed\"==Xb)return w=!0,p==g?null:g;for(p=Gc(p);p&&!q(p);)p=Gc(p);return p}function c(p){var q=p;if(\"visible\"==m)if(p==g&&h)q=h;else if(p==h)return{x:\"visible\",y:\"visible\"};q={x:Y(q,\"overflow-x\"),y:Y(q,\"overflow-y\")};p==g&&(q.x=\"visible\"==q.x?\"auto\":q.x,q.y=\"visible\"==q.y?\"auto\":q.y);return q}\nfunction d(p){if(p==g){var q=(new ab(f)).a;p=q.scrollingElement?q.scrollingElement:Ea||\"CSS1Compat\"!=q.compatMode?q.body||q.documentElement:q.documentElement;q=q.parentWindow||q.defaultView;p=v&&Ka(\"10\")&&q.pageYOffset!=p.scrollTop?new Ua(p.scrollLeft,p.scrollTop):new Ua(q.pageXOffset||p.scrollLeft,q.pageYOffset||p.scrollTop)}else p=new Ua(p.scrollLeft,p.scrollTop);return p}var e=Nc(a),f=A(a),g=f.documentElement,h=f.body,m=Y(g,\"overflow\"),w;for(a=b(a);a;a=b(a)){var r=c(a);if(\"visible\"!=r.x||\"visible\"!=\nr.y){var D=Jc(a);if(0==D.width||0==D.height)return Z;var L=e.a<D.a,M=e.b<D.b;if(L&&\"hidden\"==r.x||M&&\"hidden\"==r.y)return Z;if(L&&\"visible\"!=r.x||M&&\"visible\"!=r.y){L=d(a);M=e.b<D.b-L.y;if(e.a<D.a-L.x&&\"visible\"!=r.x||M&&\"visible\"!=r.x)return Z;e=Kc(a);return e==Z?Z:\"scroll\"}L=e.f>=D.a+D.width;D=e.c>=D.b+D.height;if(L&&\"hidden\"==r.x||D&&\"hidden\"==r.y)return Z;if(L&&\"visible\"!=r.x||D&&\"visible\"!=r.y){if(w&&(r=d(a),e.f>=g.scrollWidth-r.x||e.a>=g.scrollHeight-r.y))return Z;e=Kc(a);return e==Z?Z:\"scroll\"}}}return\"none\"}\nfunction Jc(a){var b=Lc(a);if(b)return b.rect;if(W(a,\"HTML\"))return a=A(a),a=((a?a.parentWindow||a.defaultView:window)||window).document,a=\"CSS1Compat\"==a.compatMode?a.documentElement:a.body,a=new Va(a.clientWidth,a.clientHeight),new X(0,0,a.width,a.height);try{var c=a.getBoundingClientRect()}catch(d){return new X(0,0,0,0)}b=new X(c.left,c.top,c.right-c.left,c.bottom-c.top);v&&a.ownerDocument.body&&(a=A(a),b.a-=a.documentElement.clientLeft+a.body.clientLeft,b.b-=a.documentElement.clientTop+a.body.clientTop);\nreturn b}function Lc(a){var b=W(a,\"MAP\");if(!b&&!W(a,\"AREA\"))return null;var c=b?a:W(a.parentNode,\"MAP\")?a.parentNode:null,d=null,e=null;c&&c.name&&(d=Dc('/descendant::*[@usemap = \"#'+c.name+'\"]',A(c)))&&(e=Jc(d),b||\"default\"==a.shape.toLowerCase()||(a=Oc(a),b=Math.min(Math.max(a.a,0),e.width),c=Math.min(Math.max(a.b,0),e.height),e=new X(b+e.a,c+e.b,Math.min(a.width,e.width-b),Math.min(a.height,e.height-c))));return{image:d,rect:e||new X(0,0,0,0)}}\nfunction Oc(a){var b=a.shape.toLowerCase();a=a.coords.split(\",\");if(\"rect\"==b&&4==a.length){b=a[0];var c=a[1];return new X(b,c,a[2]-b,a[3]-c)}if(\"circle\"==b&&3==a.length)return b=a[2],new X(a[0]-b,a[1]-b,2*b,2*b);if(\"poly\"==b&&2<a.length){b=a[0];c=a[1];for(var d=b,e=c,f=2;f+1<a.length;f+=2)b=Math.min(b,a[f]),d=Math.max(d,a[f]),c=Math.min(c,a[f+1]),e=Math.max(e,a[f+1]);return new X(b,c,d-b,e-c)}return new X(0,0,0,0)}function Nc(a){a=Jc(a);return new Ec(a.b,a.a+a.width,a.b+a.height,a.a)}\nfunction Mc(a){if(Ac){if(\"relative\"==Y(a,\"position\"))return 1;a=Y(a,\"filter\");return(a=a.match(/^alpha\\(opacity=(\\d*)\\)/)||a.match(/^progid:DXImageTransform.Microsoft.Alpha\\(Opacity=(\\d*)\\)/))?Number(a[1])/100:1}return Pc(a)}function Pc(a){var b=1,c=Y(a,\"opacity\");c&&(b=Number(c));(a=Gc(a))&&(b*=Pc(a));return b};ba(\"_\",function(a,b){function c(d){if(W(d)&&\"none\"==Y(d,\"display\"))return!1;var e;if((e=d.parentNode)&&e.shadowRoot&&void 0!==d.assignedSlot)e=d.assignedSlot?d.assignedSlot.parentNode:null;else if(d.getDestinationInsertionPoints){var f=d.getDestinationInsertionPoints();0<f.length&&(e=f[f.length-1])}if(Fc&&e instanceof ShadowRoot){if(e.host.shadowRoot!==e)return!1;e=e.host}return!e||9!=e.nodeType&&11!=e.nodeType?e&&W(e,\"DETAILS\")&&!e.open&&!W(d,\"SUMMARY\")?!1:!!e&&c(e):!0}return Ic(a,!!b,c)});; return this._.apply(null,arguments);}).apply({navigator:typeof window!='undefined'?window.navigator:null,document:typeof window!='undefined'?window.document:null}, arguments);}\n).apply(null, arguments);", "args": [{"element-6066-11e4-a52e-4f735466cecf": "f.CFBC2EA626BB24417FB6E67B69DDE1F8.d.B3CB1F74AB3B75D5BDDD867E017B8E8B.e.48"}]}
DEBUG    urllib3.connectionpool:connectionpool.py:544 http://selenium-hub:4444 "POST /wd/hub/session/8dfb6f4bd79273fbcdac2178f2c1c748/execute/sync HTTP/1.1" 200 0
DEBUG    selenium.webdriver.remote.remote_connection:remote_connection.py:329 Remote response: status=200 | data={"value":true} | headers=HTTPHeaderDict({'content-length': '14', 'content-type': 'application/json; charset=utf-8', 'cache-control': 'no-cache'})
DEBUG    selenium.webdriver.remote.remote_connection:remote_connection.py:356 Finished Request
DEBUG    selenium.webdriver.remote.remote_connection:remote_connection.py:313 POST http://selenium-hub:4444/wd/hub/session/8dfb6f4bd79273fbcdac2178f2c1c748/element/f.CFBC2EA626BB24417FB6E67B69DDE1F8.d.B3CB1F74AB3B75D5BDDD867E017B8E8B.e.48/clear {}
DEBUG    urllib3.connectionpool:connectionpool.py:544 http://selenium-hub:4444 "POST /wd/hub/session/8dfb6f4bd79273fbcdac2178f2c1c748/element/f.CFBC2EA626BB24417FB6E67B69DDE1F8.d.B3CB1F74AB3B75D5BDDD867E017B8E8B.e.48/clear HTTP/1.1" 200 0
DEBUG    selenium.webdriver.remote.remote_connection:remote_connection.py:329 Remote response: status=200 | data={"value":null} | headers=HTTPHeaderDict({'content-length': '14', 'content-type': 'application/json; charset=utf-8', 'cache-control': 'no-cache'})
DEBUG    selenium.webdriver.remote.remote_connection:remote_connection.py:356 Finished Request
DEBUG    selenium.webdriver.remote.remote_connection:remote_connection.py:313 POST http://selenium-hub:4444/wd/hub/session/8dfb6f4bd79273fbcdac2178f2c1c748/element/f.CFBC2EA626BB24417FB6E67B69DDE1F8.d.B3CB1F74AB3B75D5BDDD867E017B8E8B.e.48/value {"text": "Test@1234", "value": ["T", "e", "s", "t", "@", "1", "2", "3", "4"]}
DEBUG    urllib3.connectionpool:connectionpool.py:544 http://selenium-hub:4444 "POST /wd/hub/session/8dfb6f4bd79273fbcdac2178f2c1c748/element/f.CFBC2EA626BB24417FB6E67B69DDE1F8.d.B3CB1F74AB3B75D5BDDD867E017B8E8B.e.48/value HTTP/1.1" 200 0
DEBUG    selenium.webdriver.remote.remote_connection:remote_connection.py:329 Remote response: status=200 | data={"value":null} | headers=HTTPHeaderDict({'content-length': '14', 'content-type': 'application/json; charset=utf-8', 'cache-control': 'no-cache'})
DEBUG    selenium.webdriver.remote.remote_connection:remote_connection.py:356 Finished Request
DEBUG    selenium.webdriver.remote.remote_connection:remote_connection.py:313 POST http://selenium-hub:4444/wd/hub/session/8dfb6f4bd79273fbcdac2178f2c1c748/element {"using": "css selector", "value": "[data-testid='login-submit']"}
DEBUG    urllib3.connectionpool:connectionpool.py:544 http://selenium-hub:4444 "POST /wd/hub/session/8dfb6f4bd79273fbcdac2178f2c1c748/element HTTP/1.1" 200 0
DEBUG    selenium.webdriver.remote.remote_connection:remote_connection.py:329 Remote response: status=200 | data={"value":{"element-6066-11e4-a52e-4f735466cecf":"f.CFBC2EA626BB24417FB6E67B69DDE1F8.d.B3CB1F74AB3B75D5BDDD867E017B8E8B.e.49"}} | headers=HTTPHeaderDict({'content-length': '126', 'content-type': 'application/json; charset=utf-8', 'cache-control': 'no-cache'})
DEBUG    selenium.webdriver.remote.remote_connection:remote_connection.py:356 Finished Request
DEBUG    selenium.webdriver.remote.remote_connection:remote_connection.py:313 POST http://selenium-hub:4444/wd/hub/session/8dfb6f4bd79273fbcdac2178f2c1c748/execute/sync {"script": "/* isDisplayed */return (function(){return (function(){var k=this||self;function aa(a){return\"string\"==typeof a}function ba(a,b){a=a.split(\".\");var c=k;a[0]in c||\"undefined\"==typeof c.execScript||c.execScript(\"var \"+a[0]);for(var d;a.length&&(d=a.shift());)a.length||void 0===b?c[d]&&c[d]!==Object.prototype[d]?c=c[d]:c=c[d]={}:c[d]=b}\nfunction ca(a){var b=typeof a;if(\"object\"==b)if(a){if(a instanceof Array)return\"array\";if(a instanceof Object)return b;var c=Object.prototype.toString.call(a);if(\"[object Window]\"==c)return\"object\";if(\"[object Array]\"==c||\"number\"==typeof a.length&&\"undefined\"!=typeof a.splice&&\"undefined\"!=typeof a.propertyIsEnumerable&&!a.propertyIsEnumerable(\"splice\"))return\"array\";if(\"[object Function]\"==c||\"undefined\"!=typeof a.call&&\"undefined\"!=typeof a.propertyIsEnumerable&&!a.propertyIsEnumerable(\"call\"))return\"function\"}else return\"null\";\nelse if(\"function\"==b&&\"undefined\"==typeof a.call)return\"object\";return b}function da(a,b,c){return a.call.apply(a.bind,arguments)}function ea(a,b,c){if(!a)throw Error();if(2<arguments.length){var d=Array.prototype.slice.call(arguments,2);return function(){var e=Array.prototype.slice.call(arguments);Array.prototype.unshift.apply(e,d);return a.apply(b,e)}}return function(){return a.apply(b,arguments)}}\nfunction fa(a,b,c){Function.prototype.bind&&-1!=Function.prototype.bind.toString().indexOf(\"native code\")?fa=da:fa=ea;return fa.apply(null,arguments)}function ha(a,b){var c=Array.prototype.slice.call(arguments,1);return function(){var d=c.slice();d.push.apply(d,arguments);return a.apply(this,d)}}function l(a,b){function c(){}c.prototype=b.prototype;a.prototype=new c;a.prototype.constructor=a};/*\n\n The MIT License\n\n Copyright (c) 2007 Cybozu Labs, Inc.\n Copyright (c) 2012 Google Inc.\n\n Permission is hereby granted, free of charge, to any person obtaining a copy\n of this software and associated documentation files (the \"Software\"), to\n deal in the Software without restriction, including without limitation the\n rights to use, copy, modify, merge, publish, distribute, sublicense, and/or\n sell copies of the Software, and to permit persons to whom the Software is\n furnished to do so, subject to the following conditions:\n\n The above copyright notice and this permission notice shall be included in\n all copies or substantial portions of the Software.\n\n THE SOFTWARE IS PROVIDED \"AS IS\", WITHOUT WARRANTY OF ANY KIND, EXPRESS OR\n IMPLIED, INCLUDING BUT NOT LIMITED TO THE WARRANTIES OF MERCHANTABILITY,\n FITNESS FOR A PARTICULAR PURPOSE AND NONINFRINGEMENT. IN NO EVENT SHALL THE\n AUTHORS OR COPYRIGHT HOLDERS BE LIABLE FOR ANY CLAIM, DAMAGES OR OTHER\n LIABILITY, WHETHER IN AN ACTION OF CONTRACT, TORT OR OTHERWISE, ARISING\n FROM, OUT OF OR IN CONNECTION WITH THE SOFTWARE OR THE USE OR OTHER DEALINGS\n IN THE SOFTWARE.\n*/\nfunction ia(a,b,c){this.a=a;this.b=b||1;this.f=c||1};var ja=Array.prototype.indexOf?function(a,b){return Array.prototype.indexOf.call(a,b,void 0)}:function(a,b){if(\"string\"===typeof a)return\"string\"!==typeof b||1!=b.length?-1:a.indexOf(b,0);for(var c=0;c<a.length;c++)if(c in a&&a[c]===b)return c;return-1},n=Array.prototype.forEach?function(a,b){Array.prototype.forEach.call(a,b,void 0)}:function(a,b){for(var c=a.length,d=\"string\"===typeof a?a.split(\"\"):a,e=0;e<c;e++)e in d&&b.call(void 0,d[e],e,a)},ka=Array.prototype.filter?function(a,b){return Array.prototype.filter.call(a,\nb,void 0)}:function(a,b){for(var c=a.length,d=[],e=0,f=\"string\"===typeof a?a.split(\"\"):a,g=0;g<c;g++)if(g in f){var h=f[g];b.call(void 0,h,g,a)&&(d[e++]=h)}return d},la=Array.prototype.reduce?function(a,b,c){return Array.prototype.reduce.call(a,b,c)}:function(a,b,c){var d=c;n(a,function(e,f){d=b.call(void 0,d,e,f,a)});return d},ma=Array.prototype.some?function(a,b){return Array.prototype.some.call(a,b,void 0)}:function(a,b){for(var c=a.length,d=\"string\"===typeof a?a.split(\"\"):a,e=0;e<c;e++)if(e in\nd&&b.call(void 0,d[e],e,a))return!0;return!1},na=Array.prototype.every?function(a,b){return Array.prototype.every.call(a,b,void 0)}:function(a,b){for(var c=a.length,d=\"string\"===typeof a?a.split(\"\"):a,e=0;e<c;e++)if(e in d&&!b.call(void 0,d[e],e,a))return!1;return!0};function oa(a,b){a:{for(var c=a.length,d=\"string\"===typeof a?a.split(\"\"):a,e=0;e<c;e++)if(e in d&&b.call(void 0,d[e],e,a)){b=e;break a}b=-1}return 0>b?null:\"string\"===typeof a?a.charAt(b):a[b]}\nfunction pa(a){return Array.prototype.concat.apply([],arguments)}function qa(a,b,c){return 2>=arguments.length?Array.prototype.slice.call(a,b):Array.prototype.slice.call(a,b,c)};var ra=String.prototype.trim?function(a){return a.trim()}:function(a){return/^[\\s\\xa0]*([\\s\\S]*?)[\\s\\xa0]*$/.exec(a)[1]};function sa(a,b){return a<b?-1:a>b?1:0};var t;a:{var ta=k.navigator;if(ta){var ua=ta.userAgent;if(ua){t=ua;break a}}t=\"\"}function u(a){return-1!=t.indexOf(a)};function va(){return u(\"Firefox\")||u(\"FxiOS\")}function wa(){return(u(\"Chrome\")||u(\"CriOS\"))&&!u(\"Edge\")};function xa(a){return String(a).replace(/\\-([a-z])/g,function(b,c){return c.toUpperCase()})};function ya(){return u(\"iPhone\")&&!u(\"iPod\")&&!u(\"iPad\")};function za(a,b){var c=Aa;return Object.prototype.hasOwnProperty.call(c,a)?c[a]:c[a]=b(a)};var Ba=u(\"Opera\"),v=u(\"Trident\")||u(\"MSIE\"),Ca=u(\"Edge\"),Da=u(\"Gecko\")&&!(-1!=t.toLowerCase().indexOf(\"webkit\")&&!u(\"Edge\"))&&!(u(\"Trident\")||u(\"MSIE\"))&&!u(\"Edge\"),Ea=-1!=t.toLowerCase().indexOf(\"webkit\")&&!u(\"Edge\");function Fa(){var a=k.document;return a?a.documentMode:void 0}var Ga;\na:{var Ha=\"\",Ia=function(){var a=t;if(Da)return/rv:([^\\);]+)(\\)|;)/.exec(a);if(Ca)return/Edge\\/([\\d\\.]+)/.exec(a);if(v)return/\\b(?:MSIE|rv)[: ]([^\\);]+)(\\)|;)/.exec(a);if(Ea)return/WebKit\\/(\\S+)/.exec(a);if(Ba)return/(?:Version)[ \\/]?(\\S+)/.exec(a)}();Ia&&(Ha=Ia?Ia[1]:\"\");if(v){var Ja=Fa();if(null!=Ja&&Ja>parseFloat(Ha)){Ga=String(Ja);break a}}Ga=Ha}var Aa={};\nfunction Ka(a){return za(a,function(){for(var b=0,c=ra(String(Ga)).split(\".\"),d=ra(String(a)).split(\".\"),e=Math.max(c.length,d.length),f=0;0==b&&f<e;f++){var g=c[f]||\"\",h=d[f]||\"\";do{g=/(\\d*)(\\D*)(.*)/.exec(g)||[\"\",\"\",\"\",\"\"];h=/(\\d*)(\\D*)(.*)/.exec(h)||[\"\",\"\",\"\",\"\"];if(0==g[0].length&&0==h[0].length)break;b=sa(0==g[1].length?0:parseInt(g[1],10),0==h[1].length?0:parseInt(h[1],10))||sa(0==g[2].length,0==h[2].length)||sa(g[2],h[2]);g=g[3];h=h[3]}while(0==b)}return 0<=b})}var La;\nLa=k.document&&v?Fa():void 0;var x=v&&!(9<=Number(La)),Ma=v&&!(8<=Number(La));function Na(a,b,c,d){this.a=a;this.nodeName=c;this.nodeValue=d;this.nodeType=2;this.parentNode=this.ownerElement=b}function Oa(a,b){var c=Ma&&\"href\"==b.nodeName?a.getAttribute(b.nodeName,2):b.nodeValue;return new Na(b,a,b.nodeName,c)};function Pa(a){this.b=a;this.a=0}function Qa(a){a=a.match(Ra);for(var b=0;b<a.length;b++)Sa.test(a[b])&&a.splice(b,1);return new Pa(a)}var Ra=/\\$?(?:(?![0-9-\\.])(?:\\*|[\\w-\\.]+):)?(?![0-9-\\.])(?:\\*|[\\w-\\.]+)|\\/\\/|\\.\\.|::|\\d+(?:\\.\\d*)?|\\.\\d+|\"[^\"]*\"|'[^']*'|[!<>]=|\\s+|./g,Sa=/^\\s/;function y(a,b){return a.b[a.a+(b||0)]}function z(a){return a.b[a.a++]}function Ta(a){return a.b.length<=a.a};function Ua(a,b){this.x=void 0!==a?a:0;this.y=void 0!==b?b:0}Ua.prototype.ceil=function(){this.x=Math.ceil(this.x);this.y=Math.ceil(this.y);return this};Ua.prototype.floor=function(){this.x=Math.floor(this.x);this.y=Math.floor(this.y);return this};Ua.prototype.round=function(){this.x=Math.round(this.x);this.y=Math.round(this.y);return this};function Va(a,b){this.width=a;this.height=b}Va.prototype.aspectRatio=function(){return this.width/this.height};Va.prototype.ceil=function(){this.width=Math.ceil(this.width);this.height=Math.ceil(this.height);return this};Va.prototype.floor=function(){this.width=Math.floor(this.width);this.height=Math.floor(this.height);return this};Va.prototype.round=function(){this.width=Math.round(this.width);this.height=Math.round(this.height);return this};function Wa(a,b){if(!a||!b)return!1;if(a.contains&&1==b.nodeType)return a==b||a.contains(b);if(\"undefined\"!=typeof a.compareDocumentPosition)return a==b||!!(a.compareDocumentPosition(b)&16);for(;b&&a!=b;)b=b.parentNode;return b==a}\nfunction Xa(a,b){if(a==b)return 0;if(a.compareDocumentPosition)return a.compareDocumentPosition(b)&2?1:-1;if(v&&!(9<=Number(La))){if(9==a.nodeType)return-1;if(9==b.nodeType)return 1}if(\"sourceIndex\"in a||a.parentNode&&\"sourceIndex\"in a.parentNode){var c=1==a.nodeType,d=1==b.nodeType;if(c&&d)return a.sourceIndex-b.sourceIndex;var e=a.parentNode,f=b.parentNode;return e==f?Ya(a,b):!c&&Wa(e,b)?-1*Za(a,b):!d&&Wa(f,a)?Za(b,a):(c?a.sourceIndex:e.sourceIndex)-(d?b.sourceIndex:f.sourceIndex)}d=A(a);c=d.createRange();\nc.selectNode(a);c.collapse(!0);a=d.createRange();a.selectNode(b);a.collapse(!0);return c.compareBoundaryPoints(k.Range.START_TO_END,a)}function Za(a,b){var c=a.parentNode;if(c==b)return-1;for(;b.parentNode!=c;)b=b.parentNode;return Ya(b,a)}function Ya(a,b){for(;b=b.previousSibling;)if(b==a)return-1;return 1}function A(a){return 9==a.nodeType?a:a.ownerDocument||a.document}function $a(a,b){a&&(a=a.parentNode);for(var c=0;a;){if(b(a))return a;a=a.parentNode;c++}return null}\nfunction ab(a){this.a=a||k.document||document}ab.prototype.getElementsByTagName=function(a,b){return(b||this.a).getElementsByTagName(String(a))};function B(a){var b=null,c=a.nodeType;1==c&&(b=a.textContent,b=void 0==b||null==b?a.innerText:b,b=void 0==b||null==b?\"\":b);if(\"string\"!=typeof b)if(x&&\"title\"==a.nodeName.toLowerCase()&&1==c)b=a.text;else if(9==c||1==c){a=9==c?a.documentElement:a.firstChild;c=0;var d=[];for(b=\"\";a;){do 1!=a.nodeType&&(b+=a.nodeValue),x&&\"title\"==a.nodeName.toLowerCase()&&(b+=a.text),d[c++]=a;while(a=a.firstChild);for(;c&&!(a=d[--c].nextSibling););}}else b=a.nodeValue;return b}\nfunction C(a,b,c){if(null===b)return!0;try{if(!a.getAttribute)return!1}catch(d){return!1}Ma&&\"class\"==b&&(b=\"className\");return null==c?!!a.getAttribute(b):a.getAttribute(b,2)==c}function bb(a,b,c,d,e){return(x?cb:db).call(null,a,b,aa(c)?c:null,aa(d)?d:null,e||new E)}\nfunction cb(a,b,c,d,e){if(a instanceof F||8==a.b||c&&null===a.b){var f=b.all;if(!f)return e;a=eb(a);if(\"*\"!=a&&(f=b.getElementsByTagName(a),!f))return e;if(c){for(var g=[],h=0;b=f[h++];)C(b,c,d)&&g.push(b);f=g}for(h=0;b=f[h++];)\"*\"==a&&\"!\"==b.tagName||e.add(b);return e}gb(a,b,c,d,e);return e}\nfunction db(a,b,c,d,e){b.getElementsByName&&d&&\"name\"==c&&!v?(b=b.getElementsByName(d),n(b,function(f){a.a(f)&&e.add(f)})):b.getElementsByClassName&&d&&\"class\"==c?(b=b.getElementsByClassName(d),n(b,function(f){f.className==d&&a.a(f)&&e.add(f)})):a instanceof G?gb(a,b,c,d,e):b.getElementsByTagName&&(b=b.getElementsByTagName(a.f()),n(b,function(f){C(f,c,d)&&e.add(f)}));return e}\nfunction hb(a,b,c,d,e){var f;if((a instanceof F||8==a.b||c&&null===a.b)&&(f=b.childNodes)){var g=eb(a);if(\"*\"!=g&&(f=ka(f,function(h){return h.tagName&&h.tagName.toLowerCase()==g}),!f))return e;c&&(f=ka(f,function(h){return C(h,c,d)}));n(f,function(h){\"*\"==g&&(\"!\"==h.tagName||\"*\"==g&&1!=h.nodeType)||e.add(h)});return e}return ib(a,b,c,d,e)}function ib(a,b,c,d,e){for(b=b.firstChild;b;b=b.nextSibling)C(b,c,d)&&a.a(b)&&e.add(b);return e}\nfunction gb(a,b,c,d,e){for(b=b.firstChild;b;b=b.nextSibling)C(b,c,d)&&a.a(b)&&e.add(b),gb(a,b,c,d,e)}function eb(a){if(a instanceof G){if(8==a.b)return\"!\";if(null===a.b)return\"*\"}return a.f()};function E(){this.b=this.a=null;this.l=0}function jb(a){this.f=a;this.a=this.b=null}function kb(a,b){if(!a.a)return b;if(!b.a)return a;var c=a.a;b=b.a;for(var d=null,e,f=0;c&&b;){e=c.f;var g=b.f;e==g||e instanceof Na&&g instanceof Na&&e.a==g.a?(e=c,c=c.a,b=b.a):0<Xa(c.f,b.f)?(e=b,b=b.a):(e=c,c=c.a);(e.b=d)?d.a=e:a.a=e;d=e;f++}for(e=c||b;e;)e.b=d,d=d.a=e,f++,e=e.a;a.b=d;a.l=f;return a}function lb(a,b){b=new jb(b);b.a=a.a;a.b?a.a.b=b:a.a=a.b=b;a.a=b;a.l++}\nE.prototype.add=function(a){a=new jb(a);a.b=this.b;this.a?this.b.a=a:this.a=this.b=a;this.b=a;this.l++};function mb(a){return(a=a.a)?a.f:null}function nb(a){return(a=mb(a))?B(a):\"\"}function H(a,b){return new ob(a,!!b)}function ob(a,b){this.f=a;this.b=(this.s=b)?a.b:a.a;this.a=null}function I(a){var b=a.b;if(null==b)return null;var c=a.a=b;a.b=a.s?b.b:b.a;return c.f};function J(a){this.i=a;this.b=this.g=!1;this.f=null}function K(a){return\"\\n  \"+a.toString().split(\"\\n\").join(\"\\n  \")}function pb(a,b){a.g=b}function qb(a,b){a.b=b}function N(a,b){a=a.a(b);return a instanceof E?+nb(a):+a}function O(a,b){a=a.a(b);return a instanceof E?nb(a):\"\"+a}function rb(a,b){a=a.a(b);return a instanceof E?!!a.l:!!a};function sb(a,b,c){J.call(this,a.i);this.c=a;this.h=b;this.o=c;this.g=b.g||c.g;this.b=b.b||c.b;this.c==tb&&(c.b||c.g||4==c.i||0==c.i||!b.f?b.b||b.g||4==b.i||0==b.i||!c.f||(this.f={name:c.f.name,u:b}):this.f={name:b.f.name,u:c})}l(sb,J);\nfunction ub(a,b,c,d,e){b=b.a(d);c=c.a(d);var f;if(b instanceof E&&c instanceof E){b=H(b);for(d=I(b);d;d=I(b))for(e=H(c),f=I(e);f;f=I(e))if(a(B(d),B(f)))return!0;return!1}if(b instanceof E||c instanceof E){b instanceof E?(e=b,d=c):(e=c,d=b);f=H(e);for(var g=typeof d,h=I(f);h;h=I(f)){switch(g){case \"number\":h=+B(h);break;case \"boolean\":h=!!B(h);break;case \"string\":h=B(h);break;default:throw Error(\"Illegal primitive type for comparison.\");}if(e==b&&a(h,d)||e==c&&a(d,h))return!0}return!1}return e?\"boolean\"==\ntypeof b||\"boolean\"==typeof c?a(!!b,!!c):\"number\"==typeof b||\"number\"==typeof c?a(+b,+c):a(b,c):a(+b,+c)}sb.prototype.a=function(a){return this.c.m(this.h,this.o,a)};sb.prototype.toString=function(){var a=\"Binary Expression: \"+this.c;a+=K(this.h);return a+=K(this.o)};function vb(a,b,c,d){this.I=a;this.D=b;this.i=c;this.m=d}vb.prototype.toString=function(){return this.I};var wb={};\nfunction P(a,b,c,d){if(wb.hasOwnProperty(a))throw Error(\"Binary operator already created: \"+a);a=new vb(a,b,c,d);return wb[a.toString()]=a}P(\"div\",6,1,function(a,b,c){return N(a,c)/N(b,c)});P(\"mod\",6,1,function(a,b,c){return N(a,c)%N(b,c)});P(\"*\",6,1,function(a,b,c){return N(a,c)*N(b,c)});P(\"+\",5,1,function(a,b,c){return N(a,c)+N(b,c)});P(\"-\",5,1,function(a,b,c){return N(a,c)-N(b,c)});P(\"<\",4,2,function(a,b,c){return ub(function(d,e){return d<e},a,b,c)});\nP(\">\",4,2,function(a,b,c){return ub(function(d,e){return d>e},a,b,c)});P(\"<=\",4,2,function(a,b,c){return ub(function(d,e){return d<=e},a,b,c)});P(\">=\",4,2,function(a,b,c){return ub(function(d,e){return d>=e},a,b,c)});var tb=P(\"=\",3,2,function(a,b,c){return ub(function(d,e){return d==e},a,b,c,!0)});P(\"!=\",3,2,function(a,b,c){return ub(function(d,e){return d!=e},a,b,c,!0)});P(\"and\",2,2,function(a,b,c){return rb(a,c)&&rb(b,c)});P(\"or\",1,2,function(a,b,c){return rb(a,c)||rb(b,c)});function xb(a,b){if(b.a.length&&4!=a.i)throw Error(\"Primary expression must evaluate to nodeset if filter has predicate(s).\");J.call(this,a.i);this.c=a;this.h=b;this.g=a.g;this.b=a.b}l(xb,J);xb.prototype.a=function(a){a=this.c.a(a);return yb(this.h,a)};xb.prototype.toString=function(){var a=\"Filter:\"+K(this.c);return a+=K(this.h)};function zb(a,b){if(b.length<a.C)throw Error(\"Function \"+a.j+\" expects at least\"+a.C+\" arguments, \"+b.length+\" given\");if(null!==a.B&&b.length>a.B)throw Error(\"Function \"+a.j+\" expects at most \"+a.B+\" arguments, \"+b.length+\" given\");a.H&&n(b,function(c,d){if(4!=c.i)throw Error(\"Argument \"+d+\" to function \"+a.j+\" is not of type Nodeset: \"+c);});J.call(this,a.i);this.v=a;this.c=b;pb(this,a.g||ma(b,function(c){return c.g}));qb(this,a.G&&!b.length||a.F&&!!b.length||ma(b,function(c){return c.b}))}\nl(zb,J);zb.prototype.a=function(a){return this.v.m.apply(null,pa(a,this.c))};zb.prototype.toString=function(){var a=\"Function: \"+this.v;if(this.c.length){var b=la(this.c,function(c,d){return c+K(d)},\"Arguments:\");a+=K(b)}return a};function Ab(a,b,c,d,e,f,g,h){this.j=a;this.i=b;this.g=c;this.G=d;this.F=!1;this.m=e;this.C=f;this.B=void 0!==g?g:f;this.H=!!h}Ab.prototype.toString=function(){return this.j};var Bb={};\nfunction Q(a,b,c,d,e,f,g,h){if(Bb.hasOwnProperty(a))throw Error(\"Function already created: \"+a+\".\");Bb[a]=new Ab(a,b,c,d,e,f,g,h)}Q(\"boolean\",2,!1,!1,function(a,b){return rb(b,a)},1);Q(\"ceiling\",1,!1,!1,function(a,b){return Math.ceil(N(b,a))},1);Q(\"concat\",3,!1,!1,function(a,b){return la(qa(arguments,1),function(c,d){return c+O(d,a)},\"\")},2,null);Q(\"contains\",2,!1,!1,function(a,b,c){b=O(b,a);a=O(c,a);return-1!=b.indexOf(a)},2);Q(\"count\",1,!1,!1,function(a,b){return b.a(a).l},1,1,!0);\nQ(\"false\",2,!1,!1,function(){return!1},0);Q(\"floor\",1,!1,!1,function(a,b){return Math.floor(N(b,a))},1);Q(\"id\",4,!1,!1,function(a,b){function c(h){if(x){var m=e.all[h];if(m){if(m.nodeType&&h==m.id)return m;if(m.length)return oa(m,function(w){return h==w.id})}return null}return e.getElementById(h)}var d=a.a,e=9==d.nodeType?d:d.ownerDocument;a=O(b,a).split(/\\s+/);var f=[];n(a,function(h){h=c(h);!h||0<=ja(f,h)||f.push(h)});f.sort(Xa);var g=new E;n(f,function(h){g.add(h)});return g},1);\nQ(\"lang\",2,!1,!1,function(){return!1},1);Q(\"last\",1,!0,!1,function(a){if(1!=arguments.length)throw Error(\"Function last expects ()\");return a.f},0);Q(\"local-name\",3,!1,!0,function(a,b){return(a=b?mb(b.a(a)):a.a)?a.localName||a.nodeName.toLowerCase():\"\"},0,1,!0);Q(\"name\",3,!1,!0,function(a,b){return(a=b?mb(b.a(a)):a.a)?a.nodeName.toLowerCase():\"\"},0,1,!0);Q(\"namespace-uri\",3,!0,!1,function(){return\"\"},0,1,!0);\nQ(\"normalize-space\",3,!1,!0,function(a,b){return(b?O(b,a):B(a.a)).replace(/[\\s\\xa0]+/g,\" \").replace(/^\\s+|\\s+$/g,\"\")},0,1);Q(\"not\",2,!1,!1,function(a,b){return!rb(b,a)},1);Q(\"number\",1,!1,!0,function(a,b){return b?N(b,a):+B(a.a)},0,1);Q(\"position\",1,!0,!1,function(a){return a.b},0);Q(\"round\",1,!1,!1,function(a,b){return Math.round(N(b,a))},1);Q(\"starts-with\",2,!1,!1,function(a,b,c){b=O(b,a);a=O(c,a);return 0==b.lastIndexOf(a,0)},2);Q(\"string\",3,!1,!0,function(a,b){return b?O(b,a):B(a.a)},0,1);\nQ(\"string-length\",1,!1,!0,function(a,b){return(b?O(b,a):B(a.a)).length},0,1);Q(\"substring\",3,!1,!1,function(a,b,c,d){c=N(c,a);if(isNaN(c)||Infinity==c||-Infinity==c)return\"\";d=d?N(d,a):Infinity;if(isNaN(d)||-Infinity===d)return\"\";c=Math.round(c)-1;var e=Math.max(c,0);a=O(b,a);return Infinity==d?a.substring(e):a.substring(e,c+Math.round(d))},2,3);Q(\"substring-after\",3,!1,!1,function(a,b,c){b=O(b,a);a=O(c,a);c=b.indexOf(a);return-1==c?\"\":b.substring(c+a.length)},2);\nQ(\"substring-before\",3,!1,!1,function(a,b,c){b=O(b,a);a=O(c,a);a=b.indexOf(a);return-1==a?\"\":b.substring(0,a)},2);Q(\"sum\",1,!1,!1,function(a,b){a=H(b.a(a));b=0;for(var c=I(a);c;c=I(a))b+=+B(c);return b},1,1,!0);Q(\"translate\",3,!1,!1,function(a,b,c,d){b=O(b,a);c=O(c,a);var e=O(d,a);a={};for(d=0;d<c.length;d++){var f=c.charAt(d);f in a||(a[f]=e.charAt(d))}c=\"\";for(d=0;d<b.length;d++)f=b.charAt(d),c+=f in a?a[f]:f;return c},3);Q(\"true\",2,!1,!1,function(){return!0},0);function G(a,b){this.h=a;this.c=void 0!==b?b:null;this.b=null;switch(a){case \"comment\":this.b=8;break;case \"text\":this.b=3;break;case \"processing-instruction\":this.b=7;break;case \"node\":break;default:throw Error(\"Unexpected argument\");}}function Cb(a){return\"comment\"==a||\"text\"==a||\"processing-instruction\"==a||\"node\"==a}G.prototype.a=function(a){return null===this.b||this.b==a.nodeType};G.prototype.f=function(){return this.h};\nG.prototype.toString=function(){var a=\"Kind Test: \"+this.h;null===this.c||(a+=K(this.c));return a};function Db(a){J.call(this,3);this.c=a.substring(1,a.length-1)}l(Db,J);Db.prototype.a=function(){return this.c};Db.prototype.toString=function(){return\"Literal: \"+this.c};function F(a,b){this.j=a.toLowerCase();a=\"*\"==this.j?\"*\":\"http://www.w3.org/1999/xhtml\";this.c=b?b.toLowerCase():a}F.prototype.a=function(a){var b=a.nodeType;if(1!=b&&2!=b)return!1;b=void 0!==a.localName?a.localName:a.nodeName;return\"*\"!=this.j&&this.j!=b.toLowerCase()?!1:\"*\"==this.c?!0:this.c==(a.namespaceURI?a.namespaceURI.toLowerCase():\"http://www.w3.org/1999/xhtml\")};F.prototype.f=function(){return this.j};\nF.prototype.toString=function(){return\"Name Test: \"+(\"http://www.w3.org/1999/xhtml\"==this.c?\"\":this.c+\":\")+this.j};function Eb(a){J.call(this,1);this.c=a}l(Eb,J);Eb.prototype.a=function(){return this.c};Eb.prototype.toString=function(){return\"Number: \"+this.c};function Fb(a,b){J.call(this,a.i);this.h=a;this.c=b;this.g=a.g;this.b=a.b;1==this.c.length&&(a=this.c[0],a.A||a.c!=Gb||(a=a.o,\"*\"!=a.f()&&(this.f={name:a.f(),u:null})))}l(Fb,J);function Hb(){J.call(this,4)}l(Hb,J);Hb.prototype.a=function(a){var b=new E;a=a.a;9==a.nodeType?b.add(a):b.add(a.ownerDocument);return b};Hb.prototype.toString=function(){return\"Root Helper Expression\"};function Ib(){J.call(this,4)}l(Ib,J);Ib.prototype.a=function(a){var b=new E;b.add(a.a);return b};Ib.prototype.toString=function(){return\"Context Helper Expression\"};\nfunction Jb(a){return\"/\"==a||\"//\"==a}Fb.prototype.a=function(a){var b=this.h.a(a);if(!(b instanceof E))throw Error(\"Filter expression must evaluate to nodeset.\");a=this.c;for(var c=0,d=a.length;c<d&&b.l;c++){var e=a[c],f=H(b,e.c.s);if(e.g||e.c!=Kb)if(e.g||e.c!=Lb){var g=I(f);for(b=e.a(new ia(g));null!=(g=I(f));)g=e.a(new ia(g)),b=kb(b,g)}else g=I(f),b=e.a(new ia(g));else{for(g=I(f);(b=I(f))&&(!g.contains||g.contains(b))&&b.compareDocumentPosition(g)&8;g=b);b=e.a(new ia(g))}}return b};\nFb.prototype.toString=function(){var a=\"Path Expression:\"+K(this.h);if(this.c.length){var b=la(this.c,function(c,d){return c+K(d)},\"Steps:\");a+=K(b)}return a};function Mb(a,b){this.a=a;this.s=!!b}\nfunction yb(a,b,c){for(c=c||0;c<a.a.length;c++)for(var d=a.a[c],e=H(b),f=b.l,g,h=0;g=I(e);h++){var m=a.s?f-h:h+1;g=d.a(new ia(g,m,f));if(\"number\"==typeof g)m=m==g;else if(\"string\"==typeof g||\"boolean\"==typeof g)m=!!g;else if(g instanceof E)m=0<g.l;else throw Error(\"Predicate.evaluate returned an unexpected type.\");if(!m){m=e;g=m.f;var w=m.a;if(!w)throw Error(\"Next must be called at least once before remove.\");var r=w.b;w=w.a;r?r.a=w:g.a=w;w?w.b=r:g.b=r;g.l--;m.a=null}}return b}\nMb.prototype.toString=function(){return la(this.a,function(a,b){return a+K(b)},\"Predicates:\")};function R(a,b,c,d){J.call(this,4);this.c=a;this.o=b;this.h=c||new Mb([]);this.A=!!d;b=this.h;b=0<b.a.length?b.a[0].f:null;a.J&&b&&(a=b.name,a=x?a.toLowerCase():a,this.f={name:a,u:b.u});a:{a=this.h;for(b=0;b<a.a.length;b++)if(c=a.a[b],c.g||1==c.i||0==c.i){a=!0;break a}a=!1}this.g=a}l(R,J);\nR.prototype.a=function(a){var b=a.a,c=this.f,d=null,e=null,f=0;c&&(d=c.name,e=c.u?O(c.u,a):null,f=1);if(this.A)if(this.g||this.c!=Nb)if(b=H((new R(Ob,new G(\"node\"))).a(a)),c=I(b))for(a=this.m(c,d,e,f);null!=(c=I(b));)a=kb(a,this.m(c,d,e,f));else a=new E;else a=bb(this.o,b,d,e),a=yb(this.h,a,f);else a=this.m(a.a,d,e,f);return a};R.prototype.m=function(a,b,c,d){a=this.c.v(this.o,a,b,c);return a=yb(this.h,a,d)};\nR.prototype.toString=function(){var a=\"Step:\"+K(\"Operator: \"+(this.A?\"//\":\"/\"));this.c.j&&(a+=K(\"Axis: \"+this.c));a+=K(this.o);if(this.h.a.length){var b=la(this.h.a,function(c,d){return c+K(d)},\"Predicates:\");a+=K(b)}return a};function Pb(a,b,c,d){this.j=a;this.v=b;this.s=c;this.J=d}Pb.prototype.toString=function(){return this.j};var Qb={};function S(a,b,c,d){if(Qb.hasOwnProperty(a))throw Error(\"Axis already created: \"+a);b=new Pb(a,b,c,!!d);return Qb[a]=b}\nS(\"ancestor\",function(a,b){for(var c=new E;b=b.parentNode;)a.a(b)&&lb(c,b);return c},!0);S(\"ancestor-or-self\",function(a,b){var c=new E;do a.a(b)&&lb(c,b);while(b=b.parentNode);return c},!0);\nvar Gb=S(\"attribute\",function(a,b){var c=new E,d=a.f();if(\"style\"==d&&x&&b.style)return c.add(new Na(b.style,b,\"style\",b.style.cssText)),c;var e=b.attributes;if(e)if(a instanceof G&&null===a.b||\"*\"==d)for(a=0;d=e[a];a++)x?d.nodeValue&&c.add(Oa(b,d)):c.add(d);else(d=e.getNamedItem(d))&&(x?d.nodeValue&&c.add(Oa(b,d)):c.add(d));return c},!1),Nb=S(\"child\",function(a,b,c,d,e){return(x?hb:ib).call(null,a,b,aa(c)?c:null,aa(d)?d:null,e||new E)},!1,!0);S(\"descendant\",bb,!1,!0);\nvar Ob=S(\"descendant-or-self\",function(a,b,c,d){var e=new E;C(b,c,d)&&a.a(b)&&e.add(b);return bb(a,b,c,d,e)},!1,!0),Kb=S(\"following\",function(a,b,c,d){var e=new E;do for(var f=b;f=f.nextSibling;)C(f,c,d)&&a.a(f)&&e.add(f),e=bb(a,f,c,d,e);while(b=b.parentNode);return e},!1,!0);S(\"following-sibling\",function(a,b){for(var c=new E;b=b.nextSibling;)a.a(b)&&c.add(b);return c},!1);S(\"namespace\",function(){return new E},!1);\nvar Rb=S(\"parent\",function(a,b){var c=new E;if(9==b.nodeType)return c;if(2==b.nodeType)return c.add(b.ownerElement),c;b=b.parentNode;a.a(b)&&c.add(b);return c},!1),Lb=S(\"preceding\",function(a,b,c,d){var e=new E,f=[];do f.unshift(b);while(b=b.parentNode);for(var g=1,h=f.length;g<h;g++){var m=[];for(b=f[g];b=b.previousSibling;)m.unshift(b);for(var w=0,r=m.length;w<r;w++)b=m[w],C(b,c,d)&&a.a(b)&&e.add(b),e=bb(a,b,c,d,e)}return e},!0,!0);\nS(\"preceding-sibling\",function(a,b){for(var c=new E;b=b.previousSibling;)a.a(b)&&lb(c,b);return c},!0);var Sb=S(\"self\",function(a,b){var c=new E;a.a(b)&&c.add(b);return c},!1);function Tb(a){J.call(this,1);this.c=a;this.g=a.g;this.b=a.b}l(Tb,J);Tb.prototype.a=function(a){return-N(this.c,a)};Tb.prototype.toString=function(){return\"Unary Expression: -\"+K(this.c)};function Ub(a){J.call(this,4);this.c=a;pb(this,ma(this.c,function(b){return b.g}));qb(this,ma(this.c,function(b){return b.b}))}l(Ub,J);Ub.prototype.a=function(a){var b=new E;n(this.c,function(c){c=c.a(a);if(!(c instanceof E))throw Error(\"Path expression must evaluate to NodeSet.\");b=kb(b,c)});return b};Ub.prototype.toString=function(){return la(this.c,function(a,b){return a+K(b)},\"Union Expression:\")};function Vb(a,b){this.a=a;this.b=b}function Yb(a){for(var b,c=[];;){T(a,\"Missing right hand side of binary expression.\");b=Zb(a);var d=z(a.a);if(!d)break;var e=(d=wb[d]||null)&&d.D;if(!e){a.a.a--;break}for(;c.length&&e<=c[c.length-1].D;)b=new sb(c.pop(),c.pop(),b);c.push(b,d)}for(;c.length;)b=new sb(c.pop(),c.pop(),b);return b}function T(a,b){if(Ta(a.a))throw Error(b);}function $b(a,b){a=z(a.a);if(a!=b)throw Error(\"Bad token, expected: \"+b+\" got: \"+a);}\nfunction ac(a){a=z(a.a);if(\")\"!=a)throw Error(\"Bad token: \"+a);}function bc(a){a=z(a.a);if(2>a.length)throw Error(\"Unclosed literal string\");return new Db(a)}\nfunction cc(a){var b=[];if(Jb(y(a.a))){var c=z(a.a);var d=y(a.a);if(\"/\"==c&&(Ta(a.a)||\".\"!=d&&\"..\"!=d&&\"@\"!=d&&\"*\"!=d&&!/(?![0-9])[\\w]/.test(d)))return new Hb;d=new Hb;T(a,\"Missing next location step.\");c=dc(a,c);b.push(c)}else{a:{c=y(a.a);d=c.charAt(0);switch(d){case \"$\":throw Error(\"Variable reference not allowed in HTML XPath\");case \"(\":z(a.a);c=Yb(a);T(a,'unclosed \"(\"');$b(a,\")\");break;case '\"':case \"'\":c=bc(a);break;default:if(isNaN(+c))if(!Cb(c)&&/(?![0-9])[\\w]/.test(d)&&\"(\"==y(a.a,1)){c=z(a.a);\nc=Bb[c]||null;z(a.a);for(d=[];\")\"!=y(a.a);){T(a,\"Missing function argument list.\");d.push(Yb(a));if(\",\"!=y(a.a))break;z(a.a)}T(a,\"Unclosed function argument list.\");ac(a);c=new zb(c,d)}else{c=null;break a}else c=new Eb(+z(a.a))}\"[\"==y(a.a)&&(d=new Mb(ec(a)),c=new xb(c,d))}if(c)if(Jb(y(a.a)))d=c;else return c;else c=dc(a,\"/\"),d=new Ib,b.push(c)}for(;Jb(y(a.a));)c=z(a.a),T(a,\"Missing next location step.\"),c=dc(a,c),b.push(c);return new Fb(d,b)}\nfunction dc(a,b){if(\"/\"!=b&&\"//\"!=b)throw Error('Step op should be \"/\" or \"//\"');if(\".\"==y(a.a)){var c=new R(Sb,new G(\"node\"));z(a.a);return c}if(\"..\"==y(a.a))return c=new R(Rb,new G(\"node\")),z(a.a),c;if(\"@\"==y(a.a)){var d=Gb;z(a.a);T(a,\"Missing attribute name\")}else if(\"::\"==y(a.a,1)){if(!/(?![0-9])[\\w]/.test(y(a.a).charAt(0)))throw Error(\"Bad token: \"+z(a.a));var e=z(a.a);d=Qb[e]||null;if(!d)throw Error(\"No axis with name: \"+e);z(a.a);T(a,\"Missing node name\")}else d=Nb;e=y(a.a);if(/(?![0-9])[\\w\\*]/.test(e.charAt(0)))if(\"(\"==\ny(a.a,1)){if(!Cb(e))throw Error(\"Invalid node type: \"+e);e=z(a.a);if(!Cb(e))throw Error(\"Invalid type name: \"+e);$b(a,\"(\");T(a,\"Bad nodetype\");var f=y(a.a).charAt(0),g=null;if('\"'==f||\"'\"==f)g=bc(a);T(a,\"Bad nodetype\");ac(a);e=new G(e,g)}else if(e=z(a.a),f=e.indexOf(\":\"),-1==f)e=new F(e);else{g=e.substring(0,f);if(\"*\"==g)var h=\"*\";else if(h=a.b(g),!h)throw Error(\"Namespace prefix not declared: \"+g);e=e.substr(f+1);e=new F(e,h)}else throw Error(\"Bad token: \"+z(a.a));a=new Mb(ec(a),d.s);return c||new R(d,\ne,a,\"//\"==b)}function ec(a){for(var b=[];\"[\"==y(a.a);){z(a.a);T(a,\"Missing predicate expression.\");var c=Yb(a);b.push(c);T(a,\"Unclosed predicate expression.\");$b(a,\"]\")}return b}function Zb(a){if(\"-\"==y(a.a))return z(a.a),new Tb(Zb(a));var b=cc(a);if(\"|\"!=y(a.a))a=b;else{for(b=[b];\"|\"==z(a.a);)T(a,\"Missing next union location path.\"),b.push(cc(a));a.a.a--;a=new Ub(b)}return a};function fc(a){switch(a.nodeType){case 1:return ha(gc,a);case 9:return fc(a.documentElement);case 11:case 10:case 6:case 12:return hc;default:return a.parentNode?fc(a.parentNode):hc}}function hc(){return null}function gc(a,b){if(a.prefix==b)return a.namespaceURI||\"http://www.w3.org/1999/xhtml\";var c=a.getAttributeNode(\"xmlns:\"+b);return c&&c.specified?c.value||null:a.parentNode&&9!=a.parentNode.nodeType?gc(a.parentNode,b):null};function ic(a,b){if(!a.length)throw Error(\"Empty XPath expression.\");a=Qa(a);if(Ta(a))throw Error(\"Invalid XPath expression.\");b?\"function\"==ca(b)||(b=fa(b.lookupNamespaceURI,b)):b=function(){return null};var c=Yb(new Vb(a,b));if(!Ta(a))throw Error(\"Bad token: \"+z(a));this.evaluate=function(d,e){d=c.a(new ia(d));return new U(d,e)}}\nfunction U(a,b){if(0==b)if(a instanceof E)b=4;else if(\"string\"==typeof a)b=2;else if(\"number\"==typeof a)b=1;else if(\"boolean\"==typeof a)b=3;else throw Error(\"Unexpected evaluation result.\");if(2!=b&&1!=b&&3!=b&&!(a instanceof E))throw Error(\"value could not be converted to the specified type\");this.resultType=b;switch(b){case 2:this.stringValue=a instanceof E?nb(a):\"\"+a;break;case 1:this.numberValue=a instanceof E?+nb(a):+a;break;case 3:this.booleanValue=a instanceof E?0<a.l:!!a;break;case 4:case 5:case 6:case 7:var c=\nH(a);var d=[];for(var e=I(c);e;e=I(c))d.push(e instanceof Na?e.a:e);this.snapshotLength=a.l;this.invalidIteratorState=!1;break;case 8:case 9:a=mb(a);this.singleNodeValue=a instanceof Na?a.a:a;break;default:throw Error(\"Unknown XPathResult type.\");}var f=0;this.iterateNext=function(){if(4!=b&&5!=b)throw Error(\"iterateNext called with wrong result type\");return f>=d.length?null:d[f++]};this.snapshotItem=function(g){if(6!=b&&7!=b)throw Error(\"snapshotItem called with wrong result type\");return g>=d.length||\n0>g?null:d[g]}}U.ANY_TYPE=0;U.NUMBER_TYPE=1;U.STRING_TYPE=2;U.BOOLEAN_TYPE=3;U.UNORDERED_NODE_ITERATOR_TYPE=4;U.ORDERED_NODE_ITERATOR_TYPE=5;U.UNORDERED_NODE_SNAPSHOT_TYPE=6;U.ORDERED_NODE_SNAPSHOT_TYPE=7;U.ANY_UNORDERED_NODE_TYPE=8;U.FIRST_ORDERED_NODE_TYPE=9;function jc(a){this.lookupNamespaceURI=fc(a)}\nfunction kc(a,b){a=a||k;var c=a.Document&&a.Document.prototype||a.document;if(!c.evaluate||b)a.XPathResult=U,c.evaluate=function(d,e,f,g){return(new ic(d,f)).evaluate(e,g)},c.createExpression=function(d,e){return new ic(d,e)},c.createNSResolver=function(d){return new jc(d)}}ba(\"wgxpath.install\",kc);ba(\"wgxpath.install\",kc);var lc={aliceblue:\"#f0f8ff\",antiquewhite:\"#faebd7\",aqua:\"#00ffff\",aquamarine:\"#7fffd4\",azure:\"#f0ffff\",beige:\"#f5f5dc\",bisque:\"#ffe4c4\",black:\"#000000\",blanchedalmond:\"#ffebcd\",blue:\"#0000ff\",blueviolet:\"#8a2be2\",brown:\"#a52a2a\",burlywood:\"#deb887\",cadetblue:\"#5f9ea0\",chartreuse:\"#7fff00\",chocolate:\"#d2691e\",coral:\"#ff7f50\",cornflowerblue:\"#6495ed\",cornsilk:\"#fff8dc\",crimson:\"#dc143c\",cyan:\"#00ffff\",darkblue:\"#00008b\",darkcyan:\"#008b8b\",darkgoldenrod:\"#b8860b\",darkgray:\"#a9a9a9\",darkgreen:\"#006400\",\ndarkgrey:\"#a9a9a9\",darkkhaki:\"#bdb76b\",darkmagenta:\"#8b008b\",darkolivegreen:\"#556b2f\",darkorange:\"#ff8c00\",darkorchid:\"#9932cc\",darkred:\"#8b0000\",darksalmon:\"#e9967a\",darkseagreen:\"#8fbc8f\",darkslateblue:\"#483d8b\",darkslategray:\"#2f4f4f\",darkslategrey:\"#2f4f4f\",darkturquoise:\"#00ced1\",darkviolet:\"#9400d3\",deeppink:\"#ff1493\",deepskyblue:\"#00bfff\",dimgray:\"#696969\",dimgrey:\"#696969\",dodgerblue:\"#1e90ff\",firebrick:\"#b22222\",floralwhite:\"#fffaf0\",forestgreen:\"#228b22\",fuchsia:\"#ff00ff\",gainsboro:\"#dcdcdc\",\nghostwhite:\"#f8f8ff\",gold:\"#ffd700\",goldenrod:\"#daa520\",gray:\"#808080\",green:\"#008000\",greenyellow:\"#adff2f\",grey:\"#808080\",honeydew:\"#f0fff0\",hotpink:\"#ff69b4\",indianred:\"#cd5c5c\",indigo:\"#4b0082\",ivory:\"#fffff0\",khaki:\"#f0e68c\",lavender:\"#e6e6fa\",lavenderblush:\"#fff0f5\",lawngreen:\"#7cfc00\",lemonchiffon:\"#fffacd\",lightblue:\"#add8e6\",lightcoral:\"#f08080\",lightcyan:\"#e0ffff\",lightgoldenrodyellow:\"#fafad2\",lightgray:\"#d3d3d3\",lightgreen:\"#90ee90\",lightgrey:\"#d3d3d3\",lightpink:\"#ffb6c1\",lightsalmon:\"#ffa07a\",\nlightseagreen:\"#20b2aa\",lightskyblue:\"#87cefa\",lightslategray:\"#778899\",lightslategrey:\"#778899\",lightsteelblue:\"#b0c4de\",lightyellow:\"#ffffe0\",lime:\"#00ff00\",limegreen:\"#32cd32\",linen:\"#faf0e6\",magenta:\"#ff00ff\",maroon:\"#800000\",mediumaquamarine:\"#66cdaa\",mediumblue:\"#0000cd\",mediumorchid:\"#ba55d3\",mediumpurple:\"#9370db\",mediumseagreen:\"#3cb371\",mediumslateblue:\"#7b68ee\",mediumspringgreen:\"#00fa9a\",mediumturquoise:\"#48d1cc\",mediumvioletred:\"#c71585\",midnightblue:\"#191970\",mintcream:\"#f5fffa\",mistyrose:\"#ffe4e1\",\nmoccasin:\"#ffe4b5\",navajowhite:\"#ffdead\",navy:\"#000080\",oldlace:\"#fdf5e6\",olive:\"#808000\",olivedrab:\"#6b8e23\",orange:\"#ffa500\",orangered:\"#ff4500\",orchid:\"#da70d6\",palegoldenrod:\"#eee8aa\",palegreen:\"#98fb98\",paleturquoise:\"#afeeee\",palevioletred:\"#db7093\",papayawhip:\"#ffefd5\",peachpuff:\"#ffdab9\",peru:\"#cd853f\",pink:\"#ffc0cb\",plum:\"#dda0dd\",powderblue:\"#b0e0e6\",purple:\"#800080\",red:\"#ff0000\",rosybrown:\"#bc8f8f\",royalblue:\"#4169e1\",saddlebrown:\"#8b4513\",salmon:\"#fa8072\",sandybrown:\"#f4a460\",seagreen:\"#2e8b57\",\nseashell:\"#fff5ee\",sienna:\"#a0522d\",silver:\"#c0c0c0\",skyblue:\"#87ceeb\",slateblue:\"#6a5acd\",slategray:\"#708090\",slategrey:\"#708090\",snow:\"#fffafa\",springgreen:\"#00ff7f\",steelblue:\"#4682b4\",tan:\"#d2b48c\",teal:\"#008080\",thistle:\"#d8bfd8\",tomato:\"#ff6347\",turquoise:\"#40e0d0\",violet:\"#ee82ee\",wheat:\"#f5deb3\",white:\"#ffffff\",whitesmoke:\"#f5f5f5\",yellow:\"#ffff00\",yellowgreen:\"#9acd32\"};var mc=\"backgroundColor borderTopColor borderRightColor borderBottomColor borderLeftColor color outlineColor\".split(\" \"),nc=/#([0-9a-fA-F])([0-9a-fA-F])([0-9a-fA-F])/,oc=/^#(?:[0-9a-f]{3}){1,2}$/i,pc=/^(?:rgba)?\\((\\d{1,3}),\\s?(\\d{1,3}),\\s?(\\d{1,3}),\\s?(0|1|0\\.\\d*)\\)$/i,qc=/^(?:rgb)?\\((0|[1-9]\\d{0,2}),\\s?(0|[1-9]\\d{0,2}),\\s?(0|[1-9]\\d{0,2})\\)$/i;function rc(a,b){this.code=a;this.a=V[a]||sc;this.message=b||\"\";a=this.a.replace(/((?:^|\\s+)[a-z])/g,function(c){return c.toUpperCase().replace(/^[\\s\\xa0]+/g,\"\")});b=a.length-5;if(0>b||a.indexOf(\"Error\",b)!=b)a+=\"Error\";this.name=a;a=Error(this.message);a.name=this.name;this.stack=a.stack||\"\"}l(rc,Error);var sc=\"unknown error\",V={15:\"element not selectable\",11:\"element not visible\"};V[31]=sc;V[30]=sc;V[24]=\"invalid cookie domain\";V[29]=\"invalid element coordinates\";V[12]=\"invalid element state\";\nV[32]=\"invalid selector\";V[51]=\"invalid selector\";V[52]=\"invalid selector\";V[17]=\"javascript error\";V[405]=\"unsupported operation\";V[34]=\"move target out of bounds\";V[27]=\"no such alert\";V[7]=\"no such element\";V[8]=\"no such frame\";V[23]=\"no such window\";V[28]=\"script timeout\";V[33]=\"session not created\";V[10]=\"stale element reference\";V[21]=\"timeout\";V[25]=\"unable to set cookie\";V[26]=\"unexpected alert open\";V[13]=sc;V[9]=\"unknown command\";var tc=va(),uc=ya()||u(\"iPod\"),vc=u(\"iPad\"),wc=u(\"Android\")&&!(wa()||va()||u(\"Opera\")||u(\"Silk\")),xc=wa(),yc=u(\"Safari\")&&!(wa()||u(\"Coast\")||u(\"Opera\")||u(\"Edge\")||u(\"Edg/\")||u(\"OPR\")||va()||u(\"Silk\")||u(\"Android\"))&&!(ya()||u(\"iPad\")||u(\"iPod\"));function zc(a){return(a=a.exec(t))?a[1]:\"\"}(function(){if(tc)return zc(/Firefox\\/([0-9.]+)/);if(v||Ca||Ba)return Ga;if(xc)return ya()||u(\"iPad\")||u(\"iPod\")?zc(/CriOS\\/([0-9.]+)/):zc(/Chrome\\/([0-9.]+)/);if(yc&&!(ya()||u(\"iPad\")||u(\"iPod\")))return zc(/Version\\/([0-9.]+)/);if(uc||vc){var a=/Version\\/(\\S+).*Mobile\\/(\\S+)/.exec(t);if(a)return a[1]+\".\"+a[2]}else if(wc)return(a=zc(/Android\\s+([0-9.]+)/))?a:zc(/Version\\/([0-9.]+)/);return\"\"})();var Ac=v&&!(9<=Number(La));function W(a,b){b&&\"string\"!==typeof b&&(b=b.toString());return!!a&&1==a.nodeType&&(!b||a.tagName.toUpperCase()==b)};var Bc=function(){var a={K:\"http://www.w3.org/2000/svg\"};return function(b){return a[b]||null}}();\nfunction Cc(a,b){var c=A(a);if(!c.documentElement)return null;(v||wc)&&kc(c?c.parentWindow||c.defaultView:window);try{var d=c.createNSResolver?c.createNSResolver(c.documentElement):Bc;if(v&&!Ka(7))return c.evaluate.call(c,b,a,d,9,null);if(!v||9<=Number(La)){for(var e={},f=c.getElementsByTagName(\"*\"),g=0;g<f.length;++g){var h=f[g],m=h.namespaceURI;if(m&&!e[m]){var w=h.lookupPrefix(m);if(!w){var r=m.match(\".*/(\\\\w+)/?$\");w=r?r[1]:\"xhtml\"}e[m]=w}}var D={},L;for(L in e)D[e[L]]=L;d=function(M){return D[M]||\nnull}}try{return c.evaluate(b,a,d,9,null)}catch(M){if(\"TypeError\"===M.name)return d=c.createNSResolver?c.createNSResolver(c.documentElement):Bc,c.evaluate(b,a,d,9,null);throw M;}}catch(M){if(!Da||\"NS_ERROR_ILLEGAL_VALUE\"!=M.name)throw new rc(32,\"Unable to locate an element with the xpath expression \"+b+\" because of the following error:\\n\"+M);}}\nfunction Dc(a,b){var c=function(){var d=Cc(b,a);return d?d.singleNodeValue||null:b.selectSingleNode?(d=A(b),d.setProperty&&d.setProperty(\"SelectionLanguage\",\"XPath\"),b.selectSingleNode(a)):null}();if(null!==c&&(!c||1!=c.nodeType))throw new rc(32,'The result of the xpath expression \"'+a+'\" is: '+c+\". It should be an element.\");return c};function Ec(a,b,c,d){this.c=a;this.a=b;this.b=c;this.f=d}Ec.prototype.ceil=function(){this.c=Math.ceil(this.c);this.a=Math.ceil(this.a);this.b=Math.ceil(this.b);this.f=Math.ceil(this.f);return this};Ec.prototype.floor=function(){this.c=Math.floor(this.c);this.a=Math.floor(this.a);this.b=Math.floor(this.b);this.f=Math.floor(this.f);return this};Ec.prototype.round=function(){this.c=Math.round(this.c);this.a=Math.round(this.a);this.b=Math.round(this.b);this.f=Math.round(this.f);return this};function X(a,b,c,d){this.a=a;this.b=b;this.width=c;this.height=d}X.prototype.ceil=function(){this.a=Math.ceil(this.a);this.b=Math.ceil(this.b);this.width=Math.ceil(this.width);this.height=Math.ceil(this.height);return this};X.prototype.floor=function(){this.a=Math.floor(this.a);this.b=Math.floor(this.b);this.width=Math.floor(this.width);this.height=Math.floor(this.height);return this};\nX.prototype.round=function(){this.a=Math.round(this.a);this.b=Math.round(this.b);this.width=Math.round(this.width);this.height=Math.round(this.height);return this};var Fc=\"function\"===typeof ShadowRoot;function Gc(a){for(a=a.parentNode;a&&1!=a.nodeType&&9!=a.nodeType&&11!=a.nodeType;)a=a.parentNode;return W(a)?a:null}\nfunction Y(a,b){b=xa(b);if(\"float\"==b||\"cssFloat\"==b||\"styleFloat\"==b)b=Ac?\"styleFloat\":\"cssFloat\";a:{var c=b;var d=A(a);if(d.defaultView&&d.defaultView.getComputedStyle&&(d=d.defaultView.getComputedStyle(a,null))){c=d[c]||d.getPropertyValue(c)||\"\";break a}c=\"\"}a=c||Hc(a,b);if(null===a)a=null;else if(0<=ja(mc,b)){b:{var e=a.match(pc);if(e&&(b=Number(e[1]),c=Number(e[2]),d=Number(e[3]),e=Number(e[4]),0<=b&&255>=b&&0<=c&&255>=c&&0<=d&&255>=d&&0<=e&&1>=e)){b=[b,c,d,e];break b}b=null}if(!b)b:{if(d=a.match(qc))if(b=\nNumber(d[1]),c=Number(d[2]),d=Number(d[3]),0<=b&&255>=b&&0<=c&&255>=c&&0<=d&&255>=d){b=[b,c,d,1];break b}b=null}if(!b)b:{b=a.toLowerCase();c=lc[b.toLowerCase()];if(!c&&(c=\"#\"==b.charAt(0)?b:\"#\"+b,4==c.length&&(c=c.replace(nc,\"#$1$1$2$2$3$3\")),!oc.test(c))){b=null;break b}b=[parseInt(c.substr(1,2),16),parseInt(c.substr(3,2),16),parseInt(c.substr(5,2),16),1]}a=b?\"rgba(\"+b.join(\", \")+\")\":a}return a}\nfunction Hc(a,b){var c=a.currentStyle||a.style,d=c[b];void 0===d&&\"function\"==ca(c.getPropertyValue)&&(d=c.getPropertyValue(b));return\"inherit\"!=d?void 0!==d?d:null:(a=Gc(a))?Hc(a,b):null}\nfunction Ic(a,b,c){function d(g){var h=Jc(g);return 0<h.height&&0<h.width?!0:W(g,\"PATH\")&&(0<h.height||0<h.width)?(g=Y(g,\"stroke-width\"),!!g&&0<parseInt(g,10)):\"hidden\"!=Y(g,\"overflow\")&&ma(g.childNodes,function(m){return 3==m.nodeType||W(m)&&d(m)})}function e(g){return Kc(g)==Z&&na(g.childNodes,function(h){return!W(h)||e(h)||!d(h)})}if(!W(a))throw Error(\"Argument to isShown must be of type Element\");if(W(a,\"BODY\"))return!0;if(W(a,\"OPTION\")||W(a,\"OPTGROUP\"))return a=$a(a,function(g){return W(g,\"SELECT\")}),\n!!a&&Ic(a,!0,c);var f=Lc(a);if(f)return!!f.image&&0<f.rect.width&&0<f.rect.height&&Ic(f.image,b,c);if(W(a,\"INPUT\")&&\"hidden\"==a.type.toLowerCase()||W(a,\"NOSCRIPT\"))return!1;f=Y(a,\"visibility\");return\"collapse\"!=f&&\"hidden\"!=f&&c(a)&&(b||0!=Mc(a))&&d(a)?!e(a):!1}var Z=\"hidden\";\nfunction Kc(a){function b(p){function q(fb){if(fb==g)return!0;var Wb=Y(fb,\"display\");return 0==Wb.lastIndexOf(\"inline\",0)||\"contents\"==Wb||\"absolute\"==Xb&&\"static\"==Y(fb,\"position\")?!1:!0}var Xb=Y(p,\"position\");if(\"fixed\"==Xb)return w=!0,p==g?null:g;for(p=Gc(p);p&&!q(p);)p=Gc(p);return p}function c(p){var q=p;if(\"visible\"==m)if(p==g&&h)q=h;else if(p==h)return{x:\"visible\",y:\"visible\"};q={x:Y(q,\"overflow-x\"),y:Y(q,\"overflow-y\")};p==g&&(q.x=\"visible\"==q.x?\"auto\":q.x,q.y=\"visible\"==q.y?\"auto\":q.y);return q}\nfunction d(p){if(p==g){var q=(new ab(f)).a;p=q.scrollingElement?q.scrollingElement:Ea||\"CSS1Compat\"!=q.compatMode?q.body||q.documentElement:q.documentElement;q=q.parentWindow||q.defaultView;p=v&&Ka(\"10\")&&q.pageYOffset!=p.scrollTop?new Ua(p.scrollLeft,p.scrollTop):new Ua(q.pageXOffset||p.scrollLeft,q.pageYOffset||p.scrollTop)}else p=new Ua(p.scrollLeft,p.scrollTop);return p}var e=Nc(a),f=A(a),g=f.documentElement,h=f.body,m=Y(g,\"overflow\"),w;for(a=b(a);a;a=b(a)){var r=c(a);if(\"visible\"!=r.x||\"visible\"!=\nr.y){var D=Jc(a);if(0==D.width||0==D.height)return Z;var L=e.a<D.a,M=e.b<D.b;if(L&&\"hidden\"==r.x||M&&\"hidden\"==r.y)return Z;if(L&&\"visible\"!=r.x||M&&\"visible\"!=r.y){L=d(a);M=e.b<D.b-L.y;if(e.a<D.a-L.x&&\"visible\"!=r.x||M&&\"visible\"!=r.x)return Z;e=Kc(a);return e==Z?Z:\"scroll\"}L=e.f>=D.a+D.width;D=e.c>=D.b+D.height;if(L&&\"hidden\"==r.x||D&&\"hidden\"==r.y)return Z;if(L&&\"visible\"!=r.x||D&&\"visible\"!=r.y){if(w&&(r=d(a),e.f>=g.scrollWidth-r.x||e.a>=g.scrollHeight-r.y))return Z;e=Kc(a);return e==Z?Z:\"scroll\"}}}return\"none\"}\nfunction Jc(a){var b=Lc(a);if(b)return b.rect;if(W(a,\"HTML\"))return a=A(a),a=((a?a.parentWindow||a.defaultView:window)||window).document,a=\"CSS1Compat\"==a.compatMode?a.documentElement:a.body,a=new Va(a.clientWidth,a.clientHeight),new X(0,0,a.width,a.height);try{var c=a.getBoundingClientRect()}catch(d){return new X(0,0,0,0)}b=new X(c.left,c.top,c.right-c.left,c.bottom-c.top);v&&a.ownerDocument.body&&(a=A(a),b.a-=a.documentElement.clientLeft+a.body.clientLeft,b.b-=a.documentElement.clientTop+a.body.clientTop);\nreturn b}function Lc(a){var b=W(a,\"MAP\");if(!b&&!W(a,\"AREA\"))return null;var c=b?a:W(a.parentNode,\"MAP\")?a.parentNode:null,d=null,e=null;c&&c.name&&(d=Dc('/descendant::*[@usemap = \"#'+c.name+'\"]',A(c)))&&(e=Jc(d),b||\"default\"==a.shape.toLowerCase()||(a=Oc(a),b=Math.min(Math.max(a.a,0),e.width),c=Math.min(Math.max(a.b,0),e.height),e=new X(b+e.a,c+e.b,Math.min(a.width,e.width-b),Math.min(a.height,e.height-c))));return{image:d,rect:e||new X(0,0,0,0)}}\nfunction Oc(a){var b=a.shape.toLowerCase();a=a.coords.split(\",\");if(\"rect\"==b&&4==a.length){b=a[0];var c=a[1];return new X(b,c,a[2]-b,a[3]-c)}if(\"circle\"==b&&3==a.length)return b=a[2],new X(a[0]-b,a[1]-b,2*b,2*b);if(\"poly\"==b&&2<a.length){b=a[0];c=a[1];for(var d=b,e=c,f=2;f+1<a.length;f+=2)b=Math.min(b,a[f]),d=Math.max(d,a[f]),c=Math.min(c,a[f+1]),e=Math.max(e,a[f+1]);return new X(b,c,d-b,e-c)}return new X(0,0,0,0)}function Nc(a){a=Jc(a);return new Ec(a.b,a.a+a.width,a.b+a.height,a.a)}\nfunction Mc(a){if(Ac){if(\"relative\"==Y(a,\"position\"))return 1;a=Y(a,\"filter\");return(a=a.match(/^alpha\\(opacity=(\\d*)\\)/)||a.match(/^progid:DXImageTransform.Microsoft.Alpha\\(Opacity=(\\d*)\\)/))?Number(a[1])/100:1}return Pc(a)}function Pc(a){var b=1,c=Y(a,\"opacity\");c&&(b=Number(c));(a=Gc(a))&&(b*=Pc(a));return b};ba(\"_\",function(a,b){function c(d){if(W(d)&&\"none\"==Y(d,\"display\"))return!1;var e;if((e=d.parentNode)&&e.shadowRoot&&void 0!==d.assignedSlot)e=d.assignedSlot?d.assignedSlot.parentNode:null;else if(d.getDestinationInsertionPoints){var f=d.getDestinationInsertionPoints();0<f.length&&(e=f[f.length-1])}if(Fc&&e instanceof ShadowRoot){if(e.host.shadowRoot!==e)return!1;e=e.host}return!e||9!=e.nodeType&&11!=e.nodeType?e&&W(e,\"DETAILS\")&&!e.open&&!W(d,\"SUMMARY\")?!1:!!e&&c(e):!0}return Ic(a,!!b,c)});; return this._.apply(null,arguments);}).apply({navigator:typeof window!='undefined'?window.navigator:null,document:typeof window!='undefined'?window.document:null}, arguments);}\n).apply(null, arguments);", "args": [{"element-6066-11e4-a52e-4f735466cecf": "f.CFBC2EA626BB24417FB6E67B69DDE1F8.d.B3CB1F74AB3B75D5BDDD867E017B8E8B.e.49"}]}
DEBUG    urllib3.connectionpool:connectionpool.py:544 http://selenium-hub:4444 "POST /wd/hub/session/8dfb6f4bd79273fbcdac2178f2c1c748/execute/sync HTTP/1.1" 200 0
DEBUG    selenium.webdriver.remote.remote_connection:remote_connection.py:329 Remote response: status=200 | data={"value":true} | headers=HTTPHeaderDict({'content-length': '14', 'content-type': 'application/json; charset=utf-8', 'cache-control': 'no-cache'})
DEBUG    selenium.webdriver.remote.remote_connection:remote_connection.py:356 Finished Request
DEBUG    selenium.webdriver.remote.remote_connection:remote_connection.py:313 GET http://selenium-hub:4444/wd/hub/session/8dfb6f4bd79273fbcdac2178f2c1c748/element/f.CFBC2EA626BB24417FB6E67B69DDE1F8.d.B3CB1F74AB3B75D5BDDD867E017B8E8B.e.49/enabled {}
DEBUG    urllib3.connectionpool:connectionpool.py:544 http://selenium-hub:4444 "GET /wd/hub/session/8dfb6f4bd79273fbcdac2178f2c1c748/element/f.CFBC2EA626BB24417FB6E67B69DDE1F8.d.B3CB1F74AB3B75D5BDDD867E017B8E8B.e.49/enabled HTTP/1.1" 200 0
DEBUG    selenium.webdriver.remote.remote_connection:remote_connection.py:329 Remote response: status=200 | data={"value":true} | headers=HTTPHeaderDict({'content-length': '14', 'content-type': 'application/json; charset=utf-8', 'cache-control': 'no-cache'})
DEBUG    selenium.webdriver.remote.remote_connection:remote_connection.py:356 Finished Request
DEBUG    selenium.webdriver.remote.remote_connection:remote_connection.py:313 POST http://selenium-hub:4444/wd/hub/session/8dfb6f4bd79273fbcdac2178f2c1c748/execute/sync {"script": "arguments[0].scrollIntoView(true);", "args": [{"element-6066-11e4-a52e-4f735466cecf": "f.CFBC2EA626BB24417FB6E67B69DDE1F8.d.B3CB1F74AB3B75D5BDDD867E017B8E8B.e.49"}]}
DEBUG    urllib3.connectionpool:connectionpool.py:544 http://selenium-hub:4444 "POST /wd/hub/session/8dfb6f4bd79273fbcdac2178f2c1c748/execute/sync HTTP/1.1" 200 0
DEBUG    selenium.webdriver.remote.remote_connection:remote_connection.py:329 Remote response: status=200 | data={"value":null} | headers=HTTPHeaderDict({'content-length': '14', 'content-type': 'application/json; charset=utf-8', 'cache-control': 'no-cache'})
DEBUG    selenium.webdriver.remote.remote_connection:remote_connection.py:356 Finished Request
DEBUG    selenium.webdriver.remote.remote_connection:remote_connection.py:313 POST http://selenium-hub:4444/wd/hub/session/8dfb6f4bd79273fbcdac2178f2c1c748/element/f.CFBC2EA626BB24417FB6E67B69DDE1F8.d.B3CB1F74AB3B75D5BDDD867E017B8E8B.e.49/click {}
DEBUG    urllib3.connectionpool:connectionpool.py:544 http://selenium-hub:4444 "POST /wd/hub/session/8dfb6f4bd79273fbcdac2178f2c1c748/element/f.CFBC2EA626BB24417FB6E67B69DDE1F8.d.B3CB1F74AB3B75D5BDDD867E017B8E8B.e.49/click HTTP/1.1" 200 0
DEBUG    selenium.webdriver.remote.remote_connection:remote_connection.py:329 Remote response: status=200 | data={"value":null} | headers=HTTPHeaderDict({'content-length': '14', 'content-type': 'application/json; charset=utf-8', 'cache-control': 'no-cache'})
DEBUG    selenium.webdriver.remote.remote_connection:remote_connection.py:356 Finished Request
DEBUG    selenium.webdriver.remote.remote_connection:remote_connection.py:313 POST http://selenium-hub:4444/wd/hub/session/8dfb6f4bd79273fbcdac2178f2c1c748/element {"using": "css selector", "value": "button[data-testid='add-new-note']"}
DEBUG    urllib3.connectionpool:connectionpool.py:544 http://selenium-hub:4444 "POST /wd/hub/session/8dfb6f4bd79273fbcdac2178f2c1c748/element HTTP/1.1" 200 0
DEBUG    selenium.webdriver.remote.remote_connection:remote_connection.py:329 Remote response: status=200 | data={"value":{"element-6066-11e4-a52e-4f735466cecf":"f.CFBC2EA626BB24417FB6E67B69DDE1F8.d.B3CB1F74AB3B75D5BDDD867E017B8E8B.e.255"}} | headers=HTTPHeaderDict({'content-length': '127', 'content-type': 'application/json; charset=utf-8', 'cache-control': 'no-cache'})
DEBUG    selenium.webdriver.remote.remote_connection:remote_connection.py:356 Finished Request
DEBUG    selenium.webdriver.remote.remote_connection:remote_connection.py:313 POST http://selenium-hub:4444/wd/hub/session/8dfb6f4bd79273fbcdac2178f2c1c748/execute/sync {"script": "/* isDisplayed */return (function(){return (function(){var k=this||self;function aa(a){return\"string\"==typeof a}function ba(a,b){a=a.split(\".\");var c=k;a[0]in c||\"undefined\"==typeof c.execScript||c.execScript(\"var \"+a[0]);for(var d;a.length&&(d=a.shift());)a.length||void 0===b?c[d]&&c[d]!==Object.prototype[d]?c=c[d]:c=c[d]={}:c[d]=b}\nfunction ca(a){var b=typeof a;if(\"object\"==b)if(a){if(a instanceof Array)return\"array\";if(a instanceof Object)return b;var c=Object.prototype.toString.call(a);if(\"[object Window]\"==c)return\"object\";if(\"[object Array]\"==c||\"number\"==typeof a.length&&\"undefined\"!=typeof a.splice&&\"undefined\"!=typeof a.propertyIsEnumerable&&!a.propertyIsEnumerable(\"splice\"))return\"array\";if(\"[object Function]\"==c||\"undefined\"!=typeof a.call&&\"undefined\"!=typeof a.propertyIsEnumerable&&!a.propertyIsEnumerable(\"call\"))return\"function\"}else return\"null\";\nelse if(\"function\"==b&&\"undefined\"==typeof a.call)return\"object\";return b}function da(a,b,c){return a.call.apply(a.bind,arguments)}function ea(a,b,c){if(!a)throw Error();if(2<arguments.length){var d=Array.prototype.slice.call(arguments,2);return function(){var e=Array.prototype.slice.call(arguments);Array.prototype.unshift.apply(e,d);return a.apply(b,e)}}return function(){return a.apply(b,arguments)}}\nfunction fa(a,b,c){Function.prototype.bind&&-1!=Function.prototype.bind.toString().indexOf(\"native code\")?fa=da:fa=ea;return fa.apply(null,arguments)}function ha(a,b){var c=Array.prototype.slice.call(arguments,1);return function(){var d=c.slice();d.push.apply(d,arguments);return a.apply(this,d)}}function l(a,b){function c(){}c.prototype=b.prototype;a.prototype=new c;a.prototype.constructor=a};/*\n\n The MIT License\n\n Copyright (c) 2007 Cybozu Labs, Inc.\n Copyright (c) 2012 Google Inc.\n\n Permission is hereby granted, free of charge, to any person obtaining a copy\n of this software and associated documentation files (the \"Software\"), to\n deal in the Software without restriction, including without limitation the\n rights to use, copy, modify, merge, publish, distribute, sublicense, and/or\n sell copies of the Software, and to permit persons to whom the Software is\n furnished to do so, subject to the following conditions:\n\n The above copyright notice and this permission notice shall be included in\n all copies or substantial portions of the Software.\n\n THE SOFTWARE IS PROVIDED \"AS IS\", WITHOUT WARRANTY OF ANY KIND, EXPRESS OR\n IMPLIED, INCLUDING BUT NOT LIMITED TO THE WARRANTIES OF MERCHANTABILITY,\n FITNESS FOR A PARTICULAR PURPOSE AND NONINFRINGEMENT. IN NO EVENT SHALL THE\n AUTHORS OR COPYRIGHT HOLDERS BE LIABLE FOR ANY CLAIM, DAMAGES OR OTHER\n LIABILITY, WHETHER IN AN ACTION OF CONTRACT, TORT OR OTHERWISE, ARISING\n FROM, OUT OF OR IN CONNECTION WITH THE SOFTWARE OR THE USE OR OTHER DEALINGS\n IN THE SOFTWARE.\n*/\nfunction ia(a,b,c){this.a=a;this.b=b||1;this.f=c||1};var ja=Array.prototype.indexOf?function(a,b){return Array.prototype.indexOf.call(a,b,void 0)}:function(a,b){if(\"string\"===typeof a)return\"string\"!==typeof b||1!=b.length?-1:a.indexOf(b,0);for(var c=0;c<a.length;c++)if(c in a&&a[c]===b)return c;return-1},n=Array.prototype.forEach?function(a,b){Array.prototype.forEach.call(a,b,void 0)}:function(a,b){for(var c=a.length,d=\"string\"===typeof a?a.split(\"\"):a,e=0;e<c;e++)e in d&&b.call(void 0,d[e],e,a)},ka=Array.prototype.filter?function(a,b){return Array.prototype.filter.call(a,\nb,void 0)}:function(a,b){for(var c=a.length,d=[],e=0,f=\"string\"===typeof a?a.split(\"\"):a,g=0;g<c;g++)if(g in f){var h=f[g];b.call(void 0,h,g,a)&&(d[e++]=h)}return d},la=Array.prototype.reduce?function(a,b,c){return Array.prototype.reduce.call(a,b,c)}:function(a,b,c){var d=c;n(a,function(e,f){d=b.call(void 0,d,e,f,a)});return d},ma=Array.prototype.some?function(a,b){return Array.prototype.some.call(a,b,void 0)}:function(a,b){for(var c=a.length,d=\"string\"===typeof a?a.split(\"\"):a,e=0;e<c;e++)if(e in\nd&&b.call(void 0,d[e],e,a))return!0;return!1},na=Array.prototype.every?function(a,b){return Array.prototype.every.call(a,b,void 0)}:function(a,b){for(var c=a.length,d=\"string\"===typeof a?a.split(\"\"):a,e=0;e<c;e++)if(e in d&&!b.call(void 0,d[e],e,a))return!1;return!0};function oa(a,b){a:{for(var c=a.length,d=\"string\"===typeof a?a.split(\"\"):a,e=0;e<c;e++)if(e in d&&b.call(void 0,d[e],e,a)){b=e;break a}b=-1}return 0>b?null:\"string\"===typeof a?a.charAt(b):a[b]}\nfunction pa(a){return Array.prototype.concat.apply([],arguments)}function qa(a,b,c){return 2>=arguments.length?Array.prototype.slice.call(a,b):Array.prototype.slice.call(a,b,c)};var ra=String.prototype.trim?function(a){return a.trim()}:function(a){return/^[\\s\\xa0]*([\\s\\S]*?)[\\s\\xa0]*$/.exec(a)[1]};function sa(a,b){return a<b?-1:a>b?1:0};var t;a:{var ta=k.navigator;if(ta){var ua=ta.userAgent;if(ua){t=ua;break a}}t=\"\"}function u(a){return-1!=t.indexOf(a)};function va(){return u(\"Firefox\")||u(\"FxiOS\")}function wa(){return(u(\"Chrome\")||u(\"CriOS\"))&&!u(\"Edge\")};function xa(a){return String(a).replace(/\\-([a-z])/g,function(b,c){return c.toUpperCase()})};function ya(){return u(\"iPhone\")&&!u(\"iPod\")&&!u(\"iPad\")};function za(a,b){var c=Aa;return Object.prototype.hasOwnProperty.call(c,a)?c[a]:c[a]=b(a)};var Ba=u(\"Opera\"),v=u(\"Trident\")||u(\"MSIE\"),Ca=u(\"Edge\"),Da=u(\"Gecko\")&&!(-1!=t.toLowerCase().indexOf(\"webkit\")&&!u(\"Edge\"))&&!(u(\"Trident\")||u(\"MSIE\"))&&!u(\"Edge\"),Ea=-1!=t.toLowerCase().indexOf(\"webkit\")&&!u(\"Edge\");function Fa(){var a=k.document;return a?a.documentMode:void 0}var Ga;\na:{var Ha=\"\",Ia=function(){var a=t;if(Da)return/rv:([^\\);]+)(\\)|;)/.exec(a);if(Ca)return/Edge\\/([\\d\\.]+)/.exec(a);if(v)return/\\b(?:MSIE|rv)[: ]([^\\);]+)(\\)|;)/.exec(a);if(Ea)return/WebKit\\/(\\S+)/.exec(a);if(Ba)return/(?:Version)[ \\/]?(\\S+)/.exec(a)}();Ia&&(Ha=Ia?Ia[1]:\"\");if(v){var Ja=Fa();if(null!=Ja&&Ja>parseFloat(Ha)){Ga=String(Ja);break a}}Ga=Ha}var Aa={};\nfunction Ka(a){return za(a,function(){for(var b=0,c=ra(String(Ga)).split(\".\"),d=ra(String(a)).split(\".\"),e=Math.max(c.length,d.length),f=0;0==b&&f<e;f++){var g=c[f]||\"\",h=d[f]||\"\";do{g=/(\\d*)(\\D*)(.*)/.exec(g)||[\"\",\"\",\"\",\"\"];h=/(\\d*)(\\D*)(.*)/.exec(h)||[\"\",\"\",\"\",\"\"];if(0==g[0].length&&0==h[0].length)break;b=sa(0==g[1].length?0:parseInt(g[1],10),0==h[1].length?0:parseInt(h[1],10))||sa(0==g[2].length,0==h[2].length)||sa(g[2],h[2]);g=g[3];h=h[3]}while(0==b)}return 0<=b})}var La;\nLa=k.document&&v?Fa():void 0;var x=v&&!(9<=Number(La)),Ma=v&&!(8<=Number(La));function Na(a,b,c,d){this.a=a;this.nodeName=c;this.nodeValue=d;this.nodeType=2;this.parentNode=this.ownerElement=b}function Oa(a,b){var c=Ma&&\"href\"==b.nodeName?a.getAttribute(b.nodeName,2):b.nodeValue;return new Na(b,a,b.nodeName,c)};function Pa(a){this.b=a;this.a=0}function Qa(a){a=a.match(Ra);for(var b=0;b<a.length;b++)Sa.test(a[b])&&a.splice(b,1);return new Pa(a)}var Ra=/\\$?(?:(?![0-9-\\.])(?:\\*|[\\w-\\.]+):)?(?![0-9-\\.])(?:\\*|[\\w-\\.]+)|\\/\\/|\\.\\.|::|\\d+(?:\\.\\d*)?|\\.\\d+|\"[^\"]*\"|'[^']*'|[!<>]=|\\s+|./g,Sa=/^\\s/;function y(a,b){return a.b[a.a+(b||0)]}function z(a){return a.b[a.a++]}function Ta(a){return a.b.length<=a.a};function Ua(a,b){this.x=void 0!==a?a:0;this.y=void 0!==b?b:0}Ua.prototype.ceil=function(){this.x=Math.ceil(this.x);this.y=Math.ceil(this.y);return this};Ua.prototype.floor=function(){this.x=Math.floor(this.x);this.y=Math.floor(this.y);return this};Ua.prototype.round=function(){this.x=Math.round(this.x);this.y=Math.round(this.y);return this};function Va(a,b){this.width=a;this.height=b}Va.prototype.aspectRatio=function(){return this.width/this.height};Va.prototype.ceil=function(){this.width=Math.ceil(this.width);this.height=Math.ceil(this.height);return this};Va.prototype.floor=function(){this.width=Math.floor(this.width);this.height=Math.floor(this.height);return this};Va.prototype.round=function(){this.width=Math.round(this.width);this.height=Math.round(this.height);return this};function Wa(a,b){if(!a||!b)return!1;if(a.contains&&1==b.nodeType)return a==b||a.contains(b);if(\"undefined\"!=typeof a.compareDocumentPosition)return a==b||!!(a.compareDocumentPosition(b)&16);for(;b&&a!=b;)b=b.parentNode;return b==a}\nfunction Xa(a,b){if(a==b)return 0;if(a.compareDocumentPosition)return a.compareDocumentPosition(b)&2?1:-1;if(v&&!(9<=Number(La))){if(9==a.nodeType)return-1;if(9==b.nodeType)return 1}if(\"sourceIndex\"in a||a.parentNode&&\"sourceIndex\"in a.parentNode){var c=1==a.nodeType,d=1==b.nodeType;if(c&&d)return a.sourceIndex-b.sourceIndex;var e=a.parentNode,f=b.parentNode;return e==f?Ya(a,b):!c&&Wa(e,b)?-1*Za(a,b):!d&&Wa(f,a)?Za(b,a):(c?a.sourceIndex:e.sourceIndex)-(d?b.sourceIndex:f.sourceIndex)}d=A(a);c=d.createRange();\nc.selectNode(a);c.collapse(!0);a=d.createRange();a.selectNode(b);a.collapse(!0);return c.compareBoundaryPoints(k.Range.START_TO_END,a)}function Za(a,b){var c=a.parentNode;if(c==b)return-1;for(;b.parentNode!=c;)b=b.parentNode;return Ya(b,a)}function Ya(a,b){for(;b=b.previousSibling;)if(b==a)return-1;return 1}function A(a){return 9==a.nodeType?a:a.ownerDocument||a.document}function $a(a,b){a&&(a=a.parentNode);for(var c=0;a;){if(b(a))return a;a=a.parentNode;c++}return null}\nfunction ab(a){this.a=a||k.document||document}ab.prototype.getElementsByTagName=function(a,b){return(b||this.a).getElementsByTagName(String(a))};function B(a){var b=null,c=a.nodeType;1==c&&(b=a.textContent,b=void 0==b||null==b?a.innerText:b,b=void 0==b||null==b?\"\":b);if(\"string\"!=typeof b)if(x&&\"title\"==a.nodeName.toLowerCase()&&1==c)b=a.text;else if(9==c||1==c){a=9==c?a.documentElement:a.firstChild;c=0;var d=[];for(b=\"\";a;){do 1!=a.nodeType&&(b+=a.nodeValue),x&&\"title\"==a.nodeName.toLowerCase()&&(b+=a.text),d[c++]=a;while(a=a.firstChild);for(;c&&!(a=d[--c].nextSibling););}}else b=a.nodeValue;return b}\nfunction C(a,b,c){if(null===b)return!0;try{if(!a.getAttribute)return!1}catch(d){return!1}Ma&&\"class\"==b&&(b=\"className\");return null==c?!!a.getAttribute(b):a.getAttribute(b,2)==c}function bb(a,b,c,d,e){return(x?cb:db).call(null,a,b,aa(c)?c:null,aa(d)?d:null,e||new E)}\nfunction cb(a,b,c,d,e){if(a instanceof F||8==a.b||c&&null===a.b){var f=b.all;if(!f)return e;a=eb(a);if(\"*\"!=a&&(f=b.getElementsByTagName(a),!f))return e;if(c){for(var g=[],h=0;b=f[h++];)C(b,c,d)&&g.push(b);f=g}for(h=0;b=f[h++];)\"*\"==a&&\"!\"==b.tagName||e.add(b);return e}gb(a,b,c,d,e);return e}\nfunction db(a,b,c,d,e){b.getElementsByName&&d&&\"name\"==c&&!v?(b=b.getElementsByName(d),n(b,function(f){a.a(f)&&e.add(f)})):b.getElementsByClassName&&d&&\"class\"==c?(b=b.getElementsByClassName(d),n(b,function(f){f.className==d&&a.a(f)&&e.add(f)})):a instanceof G?gb(a,b,c,d,e):b.getElementsByTagName&&(b=b.getElementsByTagName(a.f()),n(b,function(f){C(f,c,d)&&e.add(f)}));return e}\nfunction hb(a,b,c,d,e){var f;if((a instanceof F||8==a.b||c&&null===a.b)&&(f=b.childNodes)){var g=eb(a);if(\"*\"!=g&&(f=ka(f,function(h){return h.tagName&&h.tagName.toLowerCase()==g}),!f))return e;c&&(f=ka(f,function(h){return C(h,c,d)}));n(f,function(h){\"*\"==g&&(\"!\"==h.tagName||\"*\"==g&&1!=h.nodeType)||e.add(h)});return e}return ib(a,b,c,d,e)}function ib(a,b,c,d,e){for(b=b.firstChild;b;b=b.nextSibling)C(b,c,d)&&a.a(b)&&e.add(b);return e}\nfunction gb(a,b,c,d,e){for(b=b.firstChild;b;b=b.nextSibling)C(b,c,d)&&a.a(b)&&e.add(b),gb(a,b,c,d,e)}function eb(a){if(a instanceof G){if(8==a.b)return\"!\";if(null===a.b)return\"*\"}return a.f()};function E(){this.b=this.a=null;this.l=0}function jb(a){this.f=a;this.a=this.b=null}function kb(a,b){if(!a.a)return b;if(!b.a)return a;var c=a.a;b=b.a;for(var d=null,e,f=0;c&&b;){e=c.f;var g=b.f;e==g||e instanceof Na&&g instanceof Na&&e.a==g.a?(e=c,c=c.a,b=b.a):0<Xa(c.f,b.f)?(e=b,b=b.a):(e=c,c=c.a);(e.b=d)?d.a=e:a.a=e;d=e;f++}for(e=c||b;e;)e.b=d,d=d.a=e,f++,e=e.a;a.b=d;a.l=f;return a}function lb(a,b){b=new jb(b);b.a=a.a;a.b?a.a.b=b:a.a=a.b=b;a.a=b;a.l++}\nE.prototype.add=function(a){a=new jb(a);a.b=this.b;this.a?this.b.a=a:this.a=this.b=a;this.b=a;this.l++};function mb(a){return(a=a.a)?a.f:null}function nb(a){return(a=mb(a))?B(a):\"\"}function H(a,b){return new ob(a,!!b)}function ob(a,b){this.f=a;this.b=(this.s=b)?a.b:a.a;this.a=null}function I(a){var b=a.b;if(null==b)return null;var c=a.a=b;a.b=a.s?b.b:b.a;return c.f};function J(a){this.i=a;this.b=this.g=!1;this.f=null}function K(a){return\"\\n  \"+a.toString().split(\"\\n\").join(\"\\n  \")}function pb(a,b){a.g=b}function qb(a,b){a.b=b}function N(a,b){a=a.a(b);return a instanceof E?+nb(a):+a}function O(a,b){a=a.a(b);return a instanceof E?nb(a):\"\"+a}function rb(a,b){a=a.a(b);return a instanceof E?!!a.l:!!a};function sb(a,b,c){J.call(this,a.i);this.c=a;this.h=b;this.o=c;this.g=b.g||c.g;this.b=b.b||c.b;this.c==tb&&(c.b||c.g||4==c.i||0==c.i||!b.f?b.b||b.g||4==b.i||0==b.i||!c.f||(this.f={name:c.f.name,u:b}):this.f={name:b.f.name,u:c})}l(sb,J);\nfunction ub(a,b,c,d,e){b=b.a(d);c=c.a(d);var f;if(b instanceof E&&c instanceof E){b=H(b);for(d=I(b);d;d=I(b))for(e=H(c),f=I(e);f;f=I(e))if(a(B(d),B(f)))return!0;return!1}if(b instanceof E||c instanceof E){b instanceof E?(e=b,d=c):(e=c,d=b);f=H(e);for(var g=typeof d,h=I(f);h;h=I(f)){switch(g){case \"number\":h=+B(h);break;case \"boolean\":h=!!B(h);break;case \"string\":h=B(h);break;default:throw Error(\"Illegal primitive type for comparison.\");}if(e==b&&a(h,d)||e==c&&a(d,h))return!0}return!1}return e?\"boolean\"==\ntypeof b||\"boolean\"==typeof c?a(!!b,!!c):\"number\"==typeof b||\"number\"==typeof c?a(+b,+c):a(b,c):a(+b,+c)}sb.prototype.a=function(a){return this.c.m(this.h,this.o,a)};sb.prototype.toString=function(){var a=\"Binary Expression: \"+this.c;a+=K(this.h);return a+=K(this.o)};function vb(a,b,c,d){this.I=a;this.D=b;this.i=c;this.m=d}vb.prototype.toString=function(){return this.I};var wb={};\nfunction P(a,b,c,d){if(wb.hasOwnProperty(a))throw Error(\"Binary operator already created: \"+a);a=new vb(a,b,c,d);return wb[a.toString()]=a}P(\"div\",6,1,function(a,b,c){return N(a,c)/N(b,c)});P(\"mod\",6,1,function(a,b,c){return N(a,c)%N(b,c)});P(\"*\",6,1,function(a,b,c){return N(a,c)*N(b,c)});P(\"+\",5,1,function(a,b,c){return N(a,c)+N(b,c)});P(\"-\",5,1,function(a,b,c){return N(a,c)-N(b,c)});P(\"<\",4,2,function(a,b,c){return ub(function(d,e){return d<e},a,b,c)});\nP(\">\",4,2,function(a,b,c){return ub(function(d,e){return d>e},a,b,c)});P(\"<=\",4,2,function(a,b,c){return ub(function(d,e){return d<=e},a,b,c)});P(\">=\",4,2,function(a,b,c){return ub(function(d,e){return d>=e},a,b,c)});var tb=P(\"=\",3,2,function(a,b,c){return ub(function(d,e){return d==e},a,b,c,!0)});P(\"!=\",3,2,function(a,b,c){return ub(function(d,e){return d!=e},a,b,c,!0)});P(\"and\",2,2,function(a,b,c){return rb(a,c)&&rb(b,c)});P(\"or\",1,2,function(a,b,c){return rb(a,c)||rb(b,c)});function xb(a,b){if(b.a.length&&4!=a.i)throw Error(\"Primary expression must evaluate to nodeset if filter has predicate(s).\");J.call(this,a.i);this.c=a;this.h=b;this.g=a.g;this.b=a.b}l(xb,J);xb.prototype.a=function(a){a=this.c.a(a);return yb(this.h,a)};xb.prototype.toString=function(){var a=\"Filter:\"+K(this.c);return a+=K(this.h)};function zb(a,b){if(b.length<a.C)throw Error(\"Function \"+a.j+\" expects at least\"+a.C+\" arguments, \"+b.length+\" given\");if(null!==a.B&&b.length>a.B)throw Error(\"Function \"+a.j+\" expects at most \"+a.B+\" arguments, \"+b.length+\" given\");a.H&&n(b,function(c,d){if(4!=c.i)throw Error(\"Argument \"+d+\" to function \"+a.j+\" is not of type Nodeset: \"+c);});J.call(this,a.i);this.v=a;this.c=b;pb(this,a.g||ma(b,function(c){return c.g}));qb(this,a.G&&!b.length||a.F&&!!b.length||ma(b,function(c){return c.b}))}\nl(zb,J);zb.prototype.a=function(a){return this.v.m.apply(null,pa(a,this.c))};zb.prototype.toString=function(){var a=\"Function: \"+this.v;if(this.c.length){var b=la(this.c,function(c,d){return c+K(d)},\"Arguments:\");a+=K(b)}return a};function Ab(a,b,c,d,e,f,g,h){this.j=a;this.i=b;this.g=c;this.G=d;this.F=!1;this.m=e;this.C=f;this.B=void 0!==g?g:f;this.H=!!h}Ab.prototype.toString=function(){return this.j};var Bb={};\nfunction Q(a,b,c,d,e,f,g,h){if(Bb.hasOwnProperty(a))throw Error(\"Function already created: \"+a+\".\");Bb[a]=new Ab(a,b,c,d,e,f,g,h)}Q(\"boolean\",2,!1,!1,function(a,b){return rb(b,a)},1);Q(\"ceiling\",1,!1,!1,function(a,b){return Math.ceil(N(b,a))},1);Q(\"concat\",3,!1,!1,function(a,b){return la(qa(arguments,1),function(c,d){return c+O(d,a)},\"\")},2,null);Q(\"contains\",2,!1,!1,function(a,b,c){b=O(b,a);a=O(c,a);return-1!=b.indexOf(a)},2);Q(\"count\",1,!1,!1,function(a,b){return b.a(a).l},1,1,!0);\nQ(\"false\",2,!1,!1,function(){return!1},0);Q(\"floor\",1,!1,!1,function(a,b){return Math.floor(N(b,a))},1);Q(\"id\",4,!1,!1,function(a,b){function c(h){if(x){var m=e.all[h];if(m){if(m.nodeType&&h==m.id)return m;if(m.length)return oa(m,function(w){return h==w.id})}return null}return e.getElementById(h)}var d=a.a,e=9==d.nodeType?d:d.ownerDocument;a=O(b,a).split(/\\s+/);var f=[];n(a,function(h){h=c(h);!h||0<=ja(f,h)||f.push(h)});f.sort(Xa);var g=new E;n(f,function(h){g.add(h)});return g},1);\nQ(\"lang\",2,!1,!1,function(){return!1},1);Q(\"last\",1,!0,!1,function(a){if(1!=arguments.length)throw Error(\"Function last expects ()\");return a.f},0);Q(\"local-name\",3,!1,!0,function(a,b){return(a=b?mb(b.a(a)):a.a)?a.localName||a.nodeName.toLowerCase():\"\"},0,1,!0);Q(\"name\",3,!1,!0,function(a,b){return(a=b?mb(b.a(a)):a.a)?a.nodeName.toLowerCase():\"\"},0,1,!0);Q(\"namespace-uri\",3,!0,!1,function(){return\"\"},0,1,!0);\nQ(\"normalize-space\",3,!1,!0,function(a,b){return(b?O(b,a):B(a.a)).replace(/[\\s\\xa0]+/g,\" \").replace(/^\\s+|\\s+$/g,\"\")},0,1);Q(\"not\",2,!1,!1,function(a,b){return!rb(b,a)},1);Q(\"number\",1,!1,!0,function(a,b){return b?N(b,a):+B(a.a)},0,1);Q(\"position\",1,!0,!1,function(a){return a.b},0);Q(\"round\",1,!1,!1,function(a,b){return Math.round(N(b,a))},1);Q(\"starts-with\",2,!1,!1,function(a,b,c){b=O(b,a);a=O(c,a);return 0==b.lastIndexOf(a,0)},2);Q(\"string\",3,!1,!0,function(a,b){return b?O(b,a):B(a.a)},0,1);\nQ(\"string-length\",1,!1,!0,function(a,b){return(b?O(b,a):B(a.a)).length},0,1);Q(\"substring\",3,!1,!1,function(a,b,c,d){c=N(c,a);if(isNaN(c)||Infinity==c||-Infinity==c)return\"\";d=d?N(d,a):Infinity;if(isNaN(d)||-Infinity===d)return\"\";c=Math.round(c)-1;var e=Math.max(c,0);a=O(b,a);return Infinity==d?a.substring(e):a.substring(e,c+Math.round(d))},2,3);Q(\"substring-after\",3,!1,!1,function(a,b,c){b=O(b,a);a=O(c,a);c=b.indexOf(a);return-1==c?\"\":b.substring(c+a.length)},2);\nQ(\"substring-before\",3,!1,!1,function(a,b,c){b=O(b,a);a=O(c,a);a=b.indexOf(a);return-1==a?\"\":b.substring(0,a)},2);Q(\"sum\",1,!1,!1,function(a,b){a=H(b.a(a));b=0;for(var c=I(a);c;c=I(a))b+=+B(c);return b},1,1,!0);Q(\"translate\",3,!1,!1,function(a,b,c,d){b=O(b,a);c=O(c,a);var e=O(d,a);a={};for(d=0;d<c.length;d++){var f=c.charAt(d);f in a||(a[f]=e.charAt(d))}c=\"\";for(d=0;d<b.length;d++)f=b.charAt(d),c+=f in a?a[f]:f;return c},3);Q(\"true\",2,!1,!1,function(){return!0},0);function G(a,b){this.h=a;this.c=void 0!==b?b:null;this.b=null;switch(a){case \"comment\":this.b=8;break;case \"text\":this.b=3;break;case \"processing-instruction\":this.b=7;break;case \"node\":break;default:throw Error(\"Unexpected argument\");}}function Cb(a){return\"comment\"==a||\"text\"==a||\"processing-instruction\"==a||\"node\"==a}G.prototype.a=function(a){return null===this.b||this.b==a.nodeType};G.prototype.f=function(){return this.h};\nG.prototype.toString=function(){var a=\"Kind Test: \"+this.h;null===this.c||(a+=K(this.c));return a};function Db(a){J.call(this,3);this.c=a.substring(1,a.length-1)}l(Db,J);Db.prototype.a=function(){return this.c};Db.prototype.toString=function(){return\"Literal: \"+this.c};function F(a,b){this.j=a.toLowerCase();a=\"*\"==this.j?\"*\":\"http://www.w3.org/1999/xhtml\";this.c=b?b.toLowerCase():a}F.prototype.a=function(a){var b=a.nodeType;if(1!=b&&2!=b)return!1;b=void 0!==a.localName?a.localName:a.nodeName;return\"*\"!=this.j&&this.j!=b.toLowerCase()?!1:\"*\"==this.c?!0:this.c==(a.namespaceURI?a.namespaceURI.toLowerCase():\"http://www.w3.org/1999/xhtml\")};F.prototype.f=function(){return this.j};\nF.prototype.toString=function(){return\"Name Test: \"+(\"http://www.w3.org/1999/xhtml\"==this.c?\"\":this.c+\":\")+this.j};function Eb(a){J.call(this,1);this.c=a}l(Eb,J);Eb.prototype.a=function(){return this.c};Eb.prototype.toString=function(){return\"Number: \"+this.c};function Fb(a,b){J.call(this,a.i);this.h=a;this.c=b;this.g=a.g;this.b=a.b;1==this.c.length&&(a=this.c[0],a.A||a.c!=Gb||(a=a.o,\"*\"!=a.f()&&(this.f={name:a.f(),u:null})))}l(Fb,J);function Hb(){J.call(this,4)}l(Hb,J);Hb.prototype.a=function(a){var b=new E;a=a.a;9==a.nodeType?b.add(a):b.add(a.ownerDocument);return b};Hb.prototype.toString=function(){return\"Root Helper Expression\"};function Ib(){J.call(this,4)}l(Ib,J);Ib.prototype.a=function(a){var b=new E;b.add(a.a);return b};Ib.prototype.toString=function(){return\"Context Helper Expression\"};\nfunction Jb(a){return\"/\"==a||\"//\"==a}Fb.prototype.a=function(a){var b=this.h.a(a);if(!(b instanceof E))throw Error(\"Filter expression must evaluate to nodeset.\");a=this.c;for(var c=0,d=a.length;c<d&&b.l;c++){var e=a[c],f=H(b,e.c.s);if(e.g||e.c!=Kb)if(e.g||e.c!=Lb){var g=I(f);for(b=e.a(new ia(g));null!=(g=I(f));)g=e.a(new ia(g)),b=kb(b,g)}else g=I(f),b=e.a(new ia(g));else{for(g=I(f);(b=I(f))&&(!g.contains||g.contains(b))&&b.compareDocumentPosition(g)&8;g=b);b=e.a(new ia(g))}}return b};\nFb.prototype.toString=function(){var a=\"Path Expression:\"+K(this.h);if(this.c.length){var b=la(this.c,function(c,d){return c+K(d)},\"Steps:\");a+=K(b)}return a};function Mb(a,b){this.a=a;this.s=!!b}\nfunction yb(a,b,c){for(c=c||0;c<a.a.length;c++)for(var d=a.a[c],e=H(b),f=b.l,g,h=0;g=I(e);h++){var m=a.s?f-h:h+1;g=d.a(new ia(g,m,f));if(\"number\"==typeof g)m=m==g;else if(\"string\"==typeof g||\"boolean\"==typeof g)m=!!g;else if(g instanceof E)m=0<g.l;else throw Error(\"Predicate.evaluate returned an unexpected type.\");if(!m){m=e;g=m.f;var w=m.a;if(!w)throw Error(\"Next must be called at least once before remove.\");var r=w.b;w=w.a;r?r.a=w:g.a=w;w?w.b=r:g.b=r;g.l--;m.a=null}}return b}\nMb.prototype.toString=function(){return la(this.a,function(a,b){return a+K(b)},\"Predicates:\")};function R(a,b,c,d){J.call(this,4);this.c=a;this.o=b;this.h=c||new Mb([]);this.A=!!d;b=this.h;b=0<b.a.length?b.a[0].f:null;a.J&&b&&(a=b.name,a=x?a.toLowerCase():a,this.f={name:a,u:b.u});a:{a=this.h;for(b=0;b<a.a.length;b++)if(c=a.a[b],c.g||1==c.i||0==c.i){a=!0;break a}a=!1}this.g=a}l(R,J);\nR.prototype.a=function(a){var b=a.a,c=this.f,d=null,e=null,f=0;c&&(d=c.name,e=c.u?O(c.u,a):null,f=1);if(this.A)if(this.g||this.c!=Nb)if(b=H((new R(Ob,new G(\"node\"))).a(a)),c=I(b))for(a=this.m(c,d,e,f);null!=(c=I(b));)a=kb(a,this.m(c,d,e,f));else a=new E;else a=bb(this.o,b,d,e),a=yb(this.h,a,f);else a=this.m(a.a,d,e,f);return a};R.prototype.m=function(a,b,c,d){a=this.c.v(this.o,a,b,c);return a=yb(this.h,a,d)};\nR.prototype.toString=function(){var a=\"Step:\"+K(\"Operator: \"+(this.A?\"//\":\"/\"));this.c.j&&(a+=K(\"Axis: \"+this.c));a+=K(this.o);if(this.h.a.length){var b=la(this.h.a,function(c,d){return c+K(d)},\"Predicates:\");a+=K(b)}return a};function Pb(a,b,c,d){this.j=a;this.v=b;this.s=c;this.J=d}Pb.prototype.toString=function(){return this.j};var Qb={};function S(a,b,c,d){if(Qb.hasOwnProperty(a))throw Error(\"Axis already created: \"+a);b=new Pb(a,b,c,!!d);return Qb[a]=b}\nS(\"ancestor\",function(a,b){for(var c=new E;b=b.parentNode;)a.a(b)&&lb(c,b);return c},!0);S(\"ancestor-or-self\",function(a,b){var c=new E;do a.a(b)&&lb(c,b);while(b=b.parentNode);return c},!0);\nvar Gb=S(\"attribute\",function(a,b){var c=new E,d=a.f();if(\"style\"==d&&x&&b.style)return c.add(new Na(b.style,b,\"style\",b.style.cssText)),c;var e=b.attributes;if(e)if(a instanceof G&&null===a.b||\"*\"==d)for(a=0;d=e[a];a++)x?d.nodeValue&&c.add(Oa(b,d)):c.add(d);else(d=e.getNamedItem(d))&&(x?d.nodeValue&&c.add(Oa(b,d)):c.add(d));return c},!1),Nb=S(\"child\",function(a,b,c,d,e){return(x?hb:ib).call(null,a,b,aa(c)?c:null,aa(d)?d:null,e||new E)},!1,!0);S(\"descendant\",bb,!1,!0);\nvar Ob=S(\"descendant-or-self\",function(a,b,c,d){var e=new E;C(b,c,d)&&a.a(b)&&e.add(b);return bb(a,b,c,d,e)},!1,!0),Kb=S(\"following\",function(a,b,c,d){var e=new E;do for(var f=b;f=f.nextSibling;)C(f,c,d)&&a.a(f)&&e.add(f),e=bb(a,f,c,d,e);while(b=b.parentNode);return e},!1,!0);S(\"following-sibling\",function(a,b){for(var c=new E;b=b.nextSibling;)a.a(b)&&c.add(b);return c},!1);S(\"namespace\",function(){return new E},!1);\nvar Rb=S(\"parent\",function(a,b){var c=new E;if(9==b.nodeType)return c;if(2==b.nodeType)return c.add(b.ownerElement),c;b=b.parentNode;a.a(b)&&c.add(b);return c},!1),Lb=S(\"preceding\",function(a,b,c,d){var e=new E,f=[];do f.unshift(b);while(b=b.parentNode);for(var g=1,h=f.length;g<h;g++){var m=[];for(b=f[g];b=b.previousSibling;)m.unshift(b);for(var w=0,r=m.length;w<r;w++)b=m[w],C(b,c,d)&&a.a(b)&&e.add(b),e=bb(a,b,c,d,e)}return e},!0,!0);\nS(\"preceding-sibling\",function(a,b){for(var c=new E;b=b.previousSibling;)a.a(b)&&lb(c,b);return c},!0);var Sb=S(\"self\",function(a,b){var c=new E;a.a(b)&&c.add(b);return c},!1);function Tb(a){J.call(this,1);this.c=a;this.g=a.g;this.b=a.b}l(Tb,J);Tb.prototype.a=function(a){return-N(this.c,a)};Tb.prototype.toString=function(){return\"Unary Expression: -\"+K(this.c)};function Ub(a){J.call(this,4);this.c=a;pb(this,ma(this.c,function(b){return b.g}));qb(this,ma(this.c,function(b){return b.b}))}l(Ub,J);Ub.prototype.a=function(a){var b=new E;n(this.c,function(c){c=c.a(a);if(!(c instanceof E))throw Error(\"Path expression must evaluate to NodeSet.\");b=kb(b,c)});return b};Ub.prototype.toString=function(){return la(this.c,function(a,b){return a+K(b)},\"Union Expression:\")};function Vb(a,b){this.a=a;this.b=b}function Yb(a){for(var b,c=[];;){T(a,\"Missing right hand side of binary expression.\");b=Zb(a);var d=z(a.a);if(!d)break;var e=(d=wb[d]||null)&&d.D;if(!e){a.a.a--;break}for(;c.length&&e<=c[c.length-1].D;)b=new sb(c.pop(),c.pop(),b);c.push(b,d)}for(;c.length;)b=new sb(c.pop(),c.pop(),b);return b}function T(a,b){if(Ta(a.a))throw Error(b);}function $b(a,b){a=z(a.a);if(a!=b)throw Error(\"Bad token, expected: \"+b+\" got: \"+a);}\nfunction ac(a){a=z(a.a);if(\")\"!=a)throw Error(\"Bad token: \"+a);}function bc(a){a=z(a.a);if(2>a.length)throw Error(\"Unclosed literal string\");return new Db(a)}\nfunction cc(a){var b=[];if(Jb(y(a.a))){var c=z(a.a);var d=y(a.a);if(\"/\"==c&&(Ta(a.a)||\".\"!=d&&\"..\"!=d&&\"@\"!=d&&\"*\"!=d&&!/(?![0-9])[\\w]/.test(d)))return new Hb;d=new Hb;T(a,\"Missing next location step.\");c=dc(a,c);b.push(c)}else{a:{c=y(a.a);d=c.charAt(0);switch(d){case \"$\":throw Error(\"Variable reference not allowed in HTML XPath\");case \"(\":z(a.a);c=Yb(a);T(a,'unclosed \"(\"');$b(a,\")\");break;case '\"':case \"'\":c=bc(a);break;default:if(isNaN(+c))if(!Cb(c)&&/(?![0-9])[\\w]/.test(d)&&\"(\"==y(a.a,1)){c=z(a.a);\nc=Bb[c]||null;z(a.a);for(d=[];\")\"!=y(a.a);){T(a,\"Missing function argument list.\");d.push(Yb(a));if(\",\"!=y(a.a))break;z(a.a)}T(a,\"Unclosed function argument list.\");ac(a);c=new zb(c,d)}else{c=null;break a}else c=new Eb(+z(a.a))}\"[\"==y(a.a)&&(d=new Mb(ec(a)),c=new xb(c,d))}if(c)if(Jb(y(a.a)))d=c;else return c;else c=dc(a,\"/\"),d=new Ib,b.push(c)}for(;Jb(y(a.a));)c=z(a.a),T(a,\"Missing next location step.\"),c=dc(a,c),b.push(c);return new Fb(d,b)}\nfunction dc(a,b){if(\"/\"!=b&&\"//\"!=b)throw Error('Step op should be \"/\" or \"//\"');if(\".\"==y(a.a)){var c=new R(Sb,new G(\"node\"));z(a.a);return c}if(\"..\"==y(a.a))return c=new R(Rb,new G(\"node\")),z(a.a),c;if(\"@\"==y(a.a)){var d=Gb;z(a.a);T(a,\"Missing attribute name\")}else if(\"::\"==y(a.a,1)){if(!/(?![0-9])[\\w]/.test(y(a.a).charAt(0)))throw Error(\"Bad token: \"+z(a.a));var e=z(a.a);d=Qb[e]||null;if(!d)throw Error(\"No axis with name: \"+e);z(a.a);T(a,\"Missing node name\")}else d=Nb;e=y(a.a);if(/(?![0-9])[\\w\\*]/.test(e.charAt(0)))if(\"(\"==\ny(a.a,1)){if(!Cb(e))throw Error(\"Invalid node type: \"+e);e=z(a.a);if(!Cb(e))throw Error(\"Invalid type name: \"+e);$b(a,\"(\");T(a,\"Bad nodetype\");var f=y(a.a).charAt(0),g=null;if('\"'==f||\"'\"==f)g=bc(a);T(a,\"Bad nodetype\");ac(a);e=new G(e,g)}else if(e=z(a.a),f=e.indexOf(\":\"),-1==f)e=new F(e);else{g=e.substring(0,f);if(\"*\"==g)var h=\"*\";else if(h=a.b(g),!h)throw Error(\"Namespace prefix not declared: \"+g);e=e.substr(f+1);e=new F(e,h)}else throw Error(\"Bad token: \"+z(a.a));a=new Mb(ec(a),d.s);return c||new R(d,\ne,a,\"//\"==b)}function ec(a){for(var b=[];\"[\"==y(a.a);){z(a.a);T(a,\"Missing predicate expression.\");var c=Yb(a);b.push(c);T(a,\"Unclosed predicate expression.\");$b(a,\"]\")}return b}function Zb(a){if(\"-\"==y(a.a))return z(a.a),new Tb(Zb(a));var b=cc(a);if(\"|\"!=y(a.a))a=b;else{for(b=[b];\"|\"==z(a.a);)T(a,\"Missing next union location path.\"),b.push(cc(a));a.a.a--;a=new Ub(b)}return a};function fc(a){switch(a.nodeType){case 1:return ha(gc,a);case 9:return fc(a.documentElement);case 11:case 10:case 6:case 12:return hc;default:return a.parentNode?fc(a.parentNode):hc}}function hc(){return null}function gc(a,b){if(a.prefix==b)return a.namespaceURI||\"http://www.w3.org/1999/xhtml\";var c=a.getAttributeNode(\"xmlns:\"+b);return c&&c.specified?c.value||null:a.parentNode&&9!=a.parentNode.nodeType?gc(a.parentNode,b):null};function ic(a,b){if(!a.length)throw Error(\"Empty XPath expression.\");a=Qa(a);if(Ta(a))throw Error(\"Invalid XPath expression.\");b?\"function\"==ca(b)||(b=fa(b.lookupNamespaceURI,b)):b=function(){return null};var c=Yb(new Vb(a,b));if(!Ta(a))throw Error(\"Bad token: \"+z(a));this.evaluate=function(d,e){d=c.a(new ia(d));return new U(d,e)}}\nfunction U(a,b){if(0==b)if(a instanceof E)b=4;else if(\"string\"==typeof a)b=2;else if(\"number\"==typeof a)b=1;else if(\"boolean\"==typeof a)b=3;else throw Error(\"Unexpected evaluation result.\");if(2!=b&&1!=b&&3!=b&&!(a instanceof E))throw Error(\"value could not be converted to the specified type\");this.resultType=b;switch(b){case 2:this.stringValue=a instanceof E?nb(a):\"\"+a;break;case 1:this.numberValue=a instanceof E?+nb(a):+a;break;case 3:this.booleanValue=a instanceof E?0<a.l:!!a;break;case 4:case 5:case 6:case 7:var c=\nH(a);var d=[];for(var e=I(c);e;e=I(c))d.push(e instanceof Na?e.a:e);this.snapshotLength=a.l;this.invalidIteratorState=!1;break;case 8:case 9:a=mb(a);this.singleNodeValue=a instanceof Na?a.a:a;break;default:throw Error(\"Unknown XPathResult type.\");}var f=0;this.iterateNext=function(){if(4!=b&&5!=b)throw Error(\"iterateNext called with wrong result type\");return f>=d.length?null:d[f++]};this.snapshotItem=function(g){if(6!=b&&7!=b)throw Error(\"snapshotItem called with wrong result type\");return g>=d.length||\n0>g?null:d[g]}}U.ANY_TYPE=0;U.NUMBER_TYPE=1;U.STRING_TYPE=2;U.BOOLEAN_TYPE=3;U.UNORDERED_NODE_ITERATOR_TYPE=4;U.ORDERED_NODE_ITERATOR_TYPE=5;U.UNORDERED_NODE_SNAPSHOT_TYPE=6;U.ORDERED_NODE_SNAPSHOT_TYPE=7;U.ANY_UNORDERED_NODE_TYPE=8;U.FIRST_ORDERED_NODE_TYPE=9;function jc(a){this.lookupNamespaceURI=fc(a)}\nfunction kc(a,b){a=a||k;var c=a.Document&&a.Document.prototype||a.document;if(!c.evaluate||b)a.XPathResult=U,c.evaluate=function(d,e,f,g){return(new ic(d,f)).evaluate(e,g)},c.createExpression=function(d,e){return new ic(d,e)},c.createNSResolver=function(d){return new jc(d)}}ba(\"wgxpath.install\",kc);ba(\"wgxpath.install\",kc);var lc={aliceblue:\"#f0f8ff\",antiquewhite:\"#faebd7\",aqua:\"#00ffff\",aquamarine:\"#7fffd4\",azure:\"#f0ffff\",beige:\"#f5f5dc\",bisque:\"#ffe4c4\",black:\"#000000\",blanchedalmond:\"#ffebcd\",blue:\"#0000ff\",blueviolet:\"#8a2be2\",brown:\"#a52a2a\",burlywood:\"#deb887\",cadetblue:\"#5f9ea0\",chartreuse:\"#7fff00\",chocolate:\"#d2691e\",coral:\"#ff7f50\",cornflowerblue:\"#6495ed\",cornsilk:\"#fff8dc\",crimson:\"#dc143c\",cyan:\"#00ffff\",darkblue:\"#00008b\",darkcyan:\"#008b8b\",darkgoldenrod:\"#b8860b\",darkgray:\"#a9a9a9\",darkgreen:\"#006400\",\ndarkgrey:\"#a9a9a9\",darkkhaki:\"#bdb76b\",darkmagenta:\"#8b008b\",darkolivegreen:\"#556b2f\",darkorange:\"#ff8c00\",darkorchid:\"#9932cc\",darkred:\"#8b0000\",darksalmon:\"#e9967a\",darkseagreen:\"#8fbc8f\",darkslateblue:\"#483d8b\",darkslategray:\"#2f4f4f\",darkslategrey:\"#2f4f4f\",darkturquoise:\"#00ced1\",darkviolet:\"#9400d3\",deeppink:\"#ff1493\",deepskyblue:\"#00bfff\",dimgray:\"#696969\",dimgrey:\"#696969\",dodgerblue:\"#1e90ff\",firebrick:\"#b22222\",floralwhite:\"#fffaf0\",forestgreen:\"#228b22\",fuchsia:\"#ff00ff\",gainsboro:\"#dcdcdc\",\nghostwhite:\"#f8f8ff\",gold:\"#ffd700\",goldenrod:\"#daa520\",gray:\"#808080\",green:\"#008000\",greenyellow:\"#adff2f\",grey:\"#808080\",honeydew:\"#f0fff0\",hotpink:\"#ff69b4\",indianred:\"#cd5c5c\",indigo:\"#4b0082\",ivory:\"#fffff0\",khaki:\"#f0e68c\",lavender:\"#e6e6fa\",lavenderblush:\"#fff0f5\",lawngreen:\"#7cfc00\",lemonchiffon:\"#fffacd\",lightblue:\"#add8e6\",lightcoral:\"#f08080\",lightcyan:\"#e0ffff\",lightgoldenrodyellow:\"#fafad2\",lightgray:\"#d3d3d3\",lightgreen:\"#90ee90\",lightgrey:\"#d3d3d3\",lightpink:\"#ffb6c1\",lightsalmon:\"#ffa07a\",\nlightseagreen:\"#20b2aa\",lightskyblue:\"#87cefa\",lightslategray:\"#778899\",lightslategrey:\"#778899\",lightsteelblue:\"#b0c4de\",lightyellow:\"#ffffe0\",lime:\"#00ff00\",limegreen:\"#32cd32\",linen:\"#faf0e6\",magenta:\"#ff00ff\",maroon:\"#800000\",mediumaquamarine:\"#66cdaa\",mediumblue:\"#0000cd\",mediumorchid:\"#ba55d3\",mediumpurple:\"#9370db\",mediumseagreen:\"#3cb371\",mediumslateblue:\"#7b68ee\",mediumspringgreen:\"#00fa9a\",mediumturquoise:\"#48d1cc\",mediumvioletred:\"#c71585\",midnightblue:\"#191970\",mintcream:\"#f5fffa\",mistyrose:\"#ffe4e1\",\nmoccasin:\"#ffe4b5\",navajowhite:\"#ffdead\",navy:\"#000080\",oldlace:\"#fdf5e6\",olive:\"#808000\",olivedrab:\"#6b8e23\",orange:\"#ffa500\",orangered:\"#ff4500\",orchid:\"#da70d6\",palegoldenrod:\"#eee8aa\",palegreen:\"#98fb98\",paleturquoise:\"#afeeee\",palevioletred:\"#db7093\",papayawhip:\"#ffefd5\",peachpuff:\"#ffdab9\",peru:\"#cd853f\",pink:\"#ffc0cb\",plum:\"#dda0dd\",powderblue:\"#b0e0e6\",purple:\"#800080\",red:\"#ff0000\",rosybrown:\"#bc8f8f\",royalblue:\"#4169e1\",saddlebrown:\"#8b4513\",salmon:\"#fa8072\",sandybrown:\"#f4a460\",seagreen:\"#2e8b57\",\nseashell:\"#fff5ee\",sienna:\"#a0522d\",silver:\"#c0c0c0\",skyblue:\"#87ceeb\",slateblue:\"#6a5acd\",slategray:\"#708090\",slategrey:\"#708090\",snow:\"#fffafa\",springgreen:\"#00ff7f\",steelblue:\"#4682b4\",tan:\"#d2b48c\",teal:\"#008080\",thistle:\"#d8bfd8\",tomato:\"#ff6347\",turquoise:\"#40e0d0\",violet:\"#ee82ee\",wheat:\"#f5deb3\",white:\"#ffffff\",whitesmoke:\"#f5f5f5\",yellow:\"#ffff00\",yellowgreen:\"#9acd32\"};var mc=\"backgroundColor borderTopColor borderRightColor borderBottomColor borderLeftColor color outlineColor\".split(\" \"),nc=/#([0-9a-fA-F])([0-9a-fA-F])([0-9a-fA-F])/,oc=/^#(?:[0-9a-f]{3}){1,2}$/i,pc=/^(?:rgba)?\\((\\d{1,3}),\\s?(\\d{1,3}),\\s?(\\d{1,3}),\\s?(0|1|0\\.\\d*)\\)$/i,qc=/^(?:rgb)?\\((0|[1-9]\\d{0,2}),\\s?(0|[1-9]\\d{0,2}),\\s?(0|[1-9]\\d{0,2})\\)$/i;function rc(a,b){this.code=a;this.a=V[a]||sc;this.message=b||\"\";a=this.a.replace(/((?:^|\\s+)[a-z])/g,function(c){return c.toUpperCase().replace(/^[\\s\\xa0]+/g,\"\")});b=a.length-5;if(0>b||a.indexOf(\"Error\",b)!=b)a+=\"Error\";this.name=a;a=Error(this.message);a.name=this.name;this.stack=a.stack||\"\"}l(rc,Error);var sc=\"unknown error\",V={15:\"element not selectable\",11:\"element not visible\"};V[31]=sc;V[30]=sc;V[24]=\"invalid cookie domain\";V[29]=\"invalid element coordinates\";V[12]=\"invalid element state\";\nV[32]=\"invalid selector\";V[51]=\"invalid selector\";V[52]=\"invalid selector\";V[17]=\"javascript error\";V[405]=\"unsupported operation\";V[34]=\"move target out of bounds\";V[27]=\"no such alert\";V[7]=\"no such element\";V[8]=\"no such frame\";V[23]=\"no such window\";V[28]=\"script timeout\";V[33]=\"session not created\";V[10]=\"stale element reference\";V[21]=\"timeout\";V[25]=\"unable to set cookie\";V[26]=\"unexpected alert open\";V[13]=sc;V[9]=\"unknown command\";var tc=va(),uc=ya()||u(\"iPod\"),vc=u(\"iPad\"),wc=u(\"Android\")&&!(wa()||va()||u(\"Opera\")||u(\"Silk\")),xc=wa(),yc=u(\"Safari\")&&!(wa()||u(\"Coast\")||u(\"Opera\")||u(\"Edge\")||u(\"Edg/\")||u(\"OPR\")||va()||u(\"Silk\")||u(\"Android\"))&&!(ya()||u(\"iPad\")||u(\"iPod\"));function zc(a){return(a=a.exec(t))?a[1]:\"\"}(function(){if(tc)return zc(/Firefox\\/([0-9.]+)/);if(v||Ca||Ba)return Ga;if(xc)return ya()||u(\"iPad\")||u(\"iPod\")?zc(/CriOS\\/([0-9.]+)/):zc(/Chrome\\/([0-9.]+)/);if(yc&&!(ya()||u(\"iPad\")||u(\"iPod\")))return zc(/Version\\/([0-9.]+)/);if(uc||vc){var a=/Version\\/(\\S+).*Mobile\\/(\\S+)/.exec(t);if(a)return a[1]+\".\"+a[2]}else if(wc)return(a=zc(/Android\\s+([0-9.]+)/))?a:zc(/Version\\/([0-9.]+)/);return\"\"})();var Ac=v&&!(9<=Number(La));function W(a,b){b&&\"string\"!==typeof b&&(b=b.toString());return!!a&&1==a.nodeType&&(!b||a.tagName.toUpperCase()==b)};var Bc=function(){var a={K:\"http://www.w3.org/2000/svg\"};return function(b){return a[b]||null}}();\nfunction Cc(a,b){var c=A(a);if(!c.documentElement)return null;(v||wc)&&kc(c?c.parentWindow||c.defaultView:window);try{var d=c.createNSResolver?c.createNSResolver(c.documentElement):Bc;if(v&&!Ka(7))return c.evaluate.call(c,b,a,d,9,null);if(!v||9<=Number(La)){for(var e={},f=c.getElementsByTagName(\"*\"),g=0;g<f.length;++g){var h=f[g],m=h.namespaceURI;if(m&&!e[m]){var w=h.lookupPrefix(m);if(!w){var r=m.match(\".*/(\\\\w+)/?$\");w=r?r[1]:\"xhtml\"}e[m]=w}}var D={},L;for(L in e)D[e[L]]=L;d=function(M){return D[M]||\nnull}}try{return c.evaluate(b,a,d,9,null)}catch(M){if(\"TypeError\"===M.name)return d=c.createNSResolver?c.createNSResolver(c.documentElement):Bc,c.evaluate(b,a,d,9,null);throw M;}}catch(M){if(!Da||\"NS_ERROR_ILLEGAL_VALUE\"!=M.name)throw new rc(32,\"Unable to locate an element with the xpath expression \"+b+\" because of the following error:\\n\"+M);}}\nfunction Dc(a,b){var c=function(){var d=Cc(b,a);return d?d.singleNodeValue||null:b.selectSingleNode?(d=A(b),d.setProperty&&d.setProperty(\"SelectionLanguage\",\"XPath\"),b.selectSingleNode(a)):null}();if(null!==c&&(!c||1!=c.nodeType))throw new rc(32,'The result of the xpath expression \"'+a+'\" is: '+c+\". It should be an element.\");return c};function Ec(a,b,c,d){this.c=a;this.a=b;this.b=c;this.f=d}Ec.prototype.ceil=function(){this.c=Math.ceil(this.c);this.a=Math.ceil(this.a);this.b=Math.ceil(this.b);this.f=Math.ceil(this.f);return this};Ec.prototype.floor=function(){this.c=Math.floor(this.c);this.a=Math.floor(this.a);this.b=Math.floor(this.b);this.f=Math.floor(this.f);return this};Ec.prototype.round=function(){this.c=Math.round(this.c);this.a=Math.round(this.a);this.b=Math.round(this.b);this.f=Math.round(this.f);return this};function X(a,b,c,d){this.a=a;this.b=b;this.width=c;this.height=d}X.prototype.ceil=function(){this.a=Math.ceil(this.a);this.b=Math.ceil(this.b);this.width=Math.ceil(this.width);this.height=Math.ceil(this.height);return this};X.prototype.floor=function(){this.a=Math.floor(this.a);this.b=Math.floor(this.b);this.width=Math.floor(this.width);this.height=Math.floor(this.height);return this};\nX.prototype.round=function(){this.a=Math.round(this.a);this.b=Math.round(this.b);this.width=Math.round(this.width);this.height=Math.round(this.height);return this};var Fc=\"function\"===typeof ShadowRoot;function Gc(a){for(a=a.parentNode;a&&1!=a.nodeType&&9!=a.nodeType&&11!=a.nodeType;)a=a.parentNode;return W(a)?a:null}\nfunction Y(a,b){b=xa(b);if(\"float\"==b||\"cssFloat\"==b||\"styleFloat\"==b)b=Ac?\"styleFloat\":\"cssFloat\";a:{var c=b;var d=A(a);if(d.defaultView&&d.defaultView.getComputedStyle&&(d=d.defaultView.getComputedStyle(a,null))){c=d[c]||d.getPropertyValue(c)||\"\";break a}c=\"\"}a=c||Hc(a,b);if(null===a)a=null;else if(0<=ja(mc,b)){b:{var e=a.match(pc);if(e&&(b=Number(e[1]),c=Number(e[2]),d=Number(e[3]),e=Number(e[4]),0<=b&&255>=b&&0<=c&&255>=c&&0<=d&&255>=d&&0<=e&&1>=e)){b=[b,c,d,e];break b}b=null}if(!b)b:{if(d=a.match(qc))if(b=\nNumber(d[1]),c=Number(d[2]),d=Number(d[3]),0<=b&&255>=b&&0<=c&&255>=c&&0<=d&&255>=d){b=[b,c,d,1];break b}b=null}if(!b)b:{b=a.toLowerCase();c=lc[b.toLowerCase()];if(!c&&(c=\"#\"==b.charAt(0)?b:\"#\"+b,4==c.length&&(c=c.replace(nc,\"#$1$1$2$2$3$3\")),!oc.test(c))){b=null;break b}b=[parseInt(c.substr(1,2),16),parseInt(c.substr(3,2),16),parseInt(c.substr(5,2),16),1]}a=b?\"rgba(\"+b.join(\", \")+\")\":a}return a}\nfunction Hc(a,b){var c=a.currentStyle||a.style,d=c[b];void 0===d&&\"function\"==ca(c.getPropertyValue)&&(d=c.getPropertyValue(b));return\"inherit\"!=d?void 0!==d?d:null:(a=Gc(a))?Hc(a,b):null}\nfunction Ic(a,b,c){function d(g){var h=Jc(g);return 0<h.height&&0<h.width?!0:W(g,\"PATH\")&&(0<h.height||0<h.width)?(g=Y(g,\"stroke-width\"),!!g&&0<parseInt(g,10)):\"hidden\"!=Y(g,\"overflow\")&&ma(g.childNodes,function(m){return 3==m.nodeType||W(m)&&d(m)})}function e(g){return Kc(g)==Z&&na(g.childNodes,function(h){return!W(h)||e(h)||!d(h)})}if(!W(a))throw Error(\"Argument to isShown must be of type Element\");if(W(a,\"BODY\"))return!0;if(W(a,\"OPTION\")||W(a,\"OPTGROUP\"))return a=$a(a,function(g){return W(g,\"SELECT\")}),\n!!a&&Ic(a,!0,c);var f=Lc(a);if(f)return!!f.image&&0<f.rect.width&&0<f.rect.height&&Ic(f.image,b,c);if(W(a,\"INPUT\")&&\"hidden\"==a.type.toLowerCase()||W(a,\"NOSCRIPT\"))return!1;f=Y(a,\"visibility\");return\"collapse\"!=f&&\"hidden\"!=f&&c(a)&&(b||0!=Mc(a))&&d(a)?!e(a):!1}var Z=\"hidden\";\nfunction Kc(a){function b(p){function q(fb){if(fb==g)return!0;var Wb=Y(fb,\"display\");return 0==Wb.lastIndexOf(\"inline\",0)||\"contents\"==Wb||\"absolute\"==Xb&&\"static\"==Y(fb,\"position\")?!1:!0}var Xb=Y(p,\"position\");if(\"fixed\"==Xb)return w=!0,p==g?null:g;for(p=Gc(p);p&&!q(p);)p=Gc(p);return p}function c(p){var q=p;if(\"visible\"==m)if(p==g&&h)q=h;else if(p==h)return{x:\"visible\",y:\"visible\"};q={x:Y(q,\"overflow-x\"),y:Y(q,\"overflow-y\")};p==g&&(q.x=\"visible\"==q.x?\"auto\":q.x,q.y=\"visible\"==q.y?\"auto\":q.y);return q}\nfunction d(p){if(p==g){var q=(new ab(f)).a;p=q.scrollingElement?q.scrollingElement:Ea||\"CSS1Compat\"!=q.compatMode?q.body||q.documentElement:q.documentElement;q=q.parentWindow||q.defaultView;p=v&&Ka(\"10\")&&q.pageYOffset!=p.scrollTop?new Ua(p.scrollLeft,p.scrollTop):new Ua(q.pageXOffset||p.scrollLeft,q.pageYOffset||p.scrollTop)}else p=new Ua(p.scrollLeft,p.scrollTop);return p}var e=Nc(a),f=A(a),g=f.documentElement,h=f.body,m=Y(g,\"overflow\"),w;for(a=b(a);a;a=b(a)){var r=c(a);if(\"visible\"!=r.x||\"visible\"!=\nr.y){var D=Jc(a);if(0==D.width||0==D.height)return Z;var L=e.a<D.a,M=e.b<D.b;if(L&&\"hidden\"==r.x||M&&\"hidden\"==r.y)return Z;if(L&&\"visible\"!=r.x||M&&\"visible\"!=r.y){L=d(a);M=e.b<D.b-L.y;if(e.a<D.a-L.x&&\"visible\"!=r.x||M&&\"visible\"!=r.x)return Z;e=Kc(a);return e==Z?Z:\"scroll\"}L=e.f>=D.a+D.width;D=e.c>=D.b+D.height;if(L&&\"hidden\"==r.x||D&&\"hidden\"==r.y)return Z;if(L&&\"visible\"!=r.x||D&&\"visible\"!=r.y){if(w&&(r=d(a),e.f>=g.scrollWidth-r.x||e.a>=g.scrollHeight-r.y))return Z;e=Kc(a);return e==Z?Z:\"scroll\"}}}return\"none\"}\nfunction Jc(a){var b=Lc(a);if(b)return b.rect;if(W(a,\"HTML\"))return a=A(a),a=((a?a.parentWindow||a.defaultView:window)||window).document,a=\"CSS1Compat\"==a.compatMode?a.documentElement:a.body,a=new Va(a.clientWidth,a.clientHeight),new X(0,0,a.width,a.height);try{var c=a.getBoundingClientRect()}catch(d){return new X(0,0,0,0)}b=new X(c.left,c.top,c.right-c.left,c.bottom-c.top);v&&a.ownerDocument.body&&(a=A(a),b.a-=a.documentElement.clientLeft+a.body.clientLeft,b.b-=a.documentElement.clientTop+a.body.clientTop);\nreturn b}function Lc(a){var b=W(a,\"MAP\");if(!b&&!W(a,\"AREA\"))return null;var c=b?a:W(a.parentNode,\"MAP\")?a.parentNode:null,d=null,e=null;c&&c.name&&(d=Dc('/descendant::*[@usemap = \"#'+c.name+'\"]',A(c)))&&(e=Jc(d),b||\"default\"==a.shape.toLowerCase()||(a=Oc(a),b=Math.min(Math.max(a.a,0),e.width),c=Math.min(Math.max(a.b,0),e.height),e=new X(b+e.a,c+e.b,Math.min(a.width,e.width-b),Math.min(a.height,e.height-c))));return{image:d,rect:e||new X(0,0,0,0)}}\nfunction Oc(a){var b=a.shape.toLowerCase();a=a.coords.split(\",\");if(\"rect\"==b&&4==a.length){b=a[0];var c=a[1];return new X(b,c,a[2]-b,a[3]-c)}if(\"circle\"==b&&3==a.length)return b=a[2],new X(a[0]-b,a[1]-b,2*b,2*b);if(\"poly\"==b&&2<a.length){b=a[0];c=a[1];for(var d=b,e=c,f=2;f+1<a.length;f+=2)b=Math.min(b,a[f]),d=Math.max(d,a[f]),c=Math.min(c,a[f+1]),e=Math.max(e,a[f+1]);return new X(b,c,d-b,e-c)}return new X(0,0,0,0)}function Nc(a){a=Jc(a);return new Ec(a.b,a.a+a.width,a.b+a.height,a.a)}\nfunction Mc(a){if(Ac){if(\"relative\"==Y(a,\"position\"))return 1;a=Y(a,\"filter\");return(a=a.match(/^alpha\\(opacity=(\\d*)\\)/)||a.match(/^progid:DXImageTransform.Microsoft.Alpha\\(Opacity=(\\d*)\\)/))?Number(a[1])/100:1}return Pc(a)}function Pc(a){var b=1,c=Y(a,\"opacity\");c&&(b=Number(c));(a=Gc(a))&&(b*=Pc(a));return b};ba(\"_\",function(a,b){function c(d){if(W(d)&&\"none\"==Y(d,\"display\"))return!1;var e;if((e=d.parentNode)&&e.shadowRoot&&void 0!==d.assignedSlot)e=d.assignedSlot?d.assignedSlot.parentNode:null;else if(d.getDestinationInsertionPoints){var f=d.getDestinationInsertionPoints();0<f.length&&(e=f[f.length-1])}if(Fc&&e instanceof ShadowRoot){if(e.host.shadowRoot!==e)return!1;e=e.host}return!e||9!=e.nodeType&&11!=e.nodeType?e&&W(e,\"DETAILS\")&&!e.open&&!W(d,\"SUMMARY\")?!1:!!e&&c(e):!0}return Ic(a,!!b,c)});; return this._.apply(null,arguments);}).apply({navigator:typeof window!='undefined'?window.navigator:null,document:typeof window!='undefined'?window.document:null}, arguments);}\n).apply(null, arguments);", "args": [{"element-6066-11e4-a52e-4f735466cecf": "f.CFBC2EA626BB24417FB6E67B69DDE1F8.d.B3CB1F74AB3B75D5BDDD867E017B8E8B.e.255"}]}
DEBUG    urllib3.connectionpool:connectionpool.py:544 http://selenium-hub:4444 "POST /wd/hub/session/8dfb6f4bd79273fbcdac2178f2c1c748/execute/sync HTTP/1.1" 200 0
DEBUG    selenium.webdriver.remote.remote_connection:remote_connection.py:329 Remote response: status=200 | data={"value":true} | headers=HTTPHeaderDict({'content-length': '14', 'content-type': 'application/json; charset=utf-8', 'cache-control': 'no-cache'})
DEBUG    selenium.webdriver.remote.remote_connection:remote_connection.py:356 Finished Request
DEBUG    selenium.webdriver.remote.remote_connection:remote_connection.py:313 GET http://selenium-hub:4444/wd/hub/session/8dfb6f4bd79273fbcdac2178f2c1c748/element/f.CFBC2EA626BB24417FB6E67B69DDE1F8.d.B3CB1F74AB3B75D5BDDD867E017B8E8B.e.255/enabled {}
DEBUG    urllib3.connectionpool:connectionpool.py:544 http://selenium-hub:4444 "GET /wd/hub/session/8dfb6f4bd79273fbcdac2178f2c1c748/element/f.CFBC2EA626BB24417FB6E67B69DDE1F8.d.B3CB1F74AB3B75D5BDDD867E017B8E8B.e.255/enabled HTTP/1.1" 200 0
DEBUG    selenium.webdriver.remote.remote_connection:remote_connection.py:329 Remote response: status=200 | data={"value":true} | headers=HTTPHeaderDict({'content-length': '14', 'content-type': 'application/json; charset=utf-8', 'cache-control': 'no-cache'})
DEBUG    selenium.webdriver.remote.remote_connection:remote_connection.py:356 Finished Request
DEBUG    selenium.webdriver.remote.remote_connection:remote_connection.py:313 POST http://selenium-hub:4444/wd/hub/session/8dfb6f4bd79273fbcdac2178f2c1c748/execute/sync {"script": "arguments[0].scrollIntoView(true);", "args": [{"element-6066-11e4-a52e-4f735466cecf": "f.CFBC2EA626BB24417FB6E67B69DDE1F8.d.B3CB1F74AB3B75D5BDDD867E017B8E8B.e.255"}]}
DEBUG    urllib3.connectionpool:connectionpool.py:544 http://selenium-hub:4444 "POST /wd/hub/session/8dfb6f4bd79273fbcdac2178f2c1c748/execute/sync HTTP/1.1" 200 0
DEBUG    selenium.webdriver.remote.remote_connection:remote_connection.py:329 Remote response: status=200 | data={"value":null} | headers=HTTPHeaderDict({'content-length': '14', 'content-type': 'application/json; charset=utf-8', 'cache-control': 'no-cache'})
DEBUG    selenium.webdriver.remote.remote_connection:remote_connection.py:356 Finished Request
DEBUG    selenium.webdriver.remote.remote_connection:remote_connection.py:313 POST http://selenium-hub:4444/wd/hub/session/8dfb6f4bd79273fbcdac2178f2c1c748/element/f.CFBC2EA626BB24417FB6E67B69DDE1F8.d.B3CB1F74AB3B75D5BDDD867E017B8E8B.e.255/click {}
DEBUG    urllib3.connectionpool:connectionpool.py:544 http://selenium-hub:4444 "POST /wd/hub/session/8dfb6f4bd79273fbcdac2178f2c1c748/element/f.CFBC2EA626BB24417FB6E67B69DDE1F8.d.B3CB1F74AB3B75D5BDDD867E017B8E8B.e.255/click HTTP/1.1" 200 0
DEBUG    selenium.webdriver.remote.remote_connection:remote_connection.py:329 Remote response: status=200 | data={"value":null} | headers=HTTPHeaderDict({'content-length': '14', 'content-type': 'application/json; charset=utf-8', 'cache-control': 'no-cache'})
DEBUG    selenium.webdriver.remote.remote_connection:remote_connection.py:356 Finished Request
DEBUG    selenium.webdriver.remote.remote_connection:remote_connection.py:313 POST http://selenium-hub:4444/wd/hub/session/8dfb6f4bd79273fbcdac2178f2c1c748/element {"using": "css selector", "value": "[id=\"title\"]"}
DEBUG    urllib3.connectionpool:connectionpool.py:544 http://selenium-hub:4444 "POST /wd/hub/session/8dfb6f4bd79273fbcdac2178f2c1c748/element HTTP/1.1" 200 0
DEBUG    selenium.webdriver.remote.remote_connection:remote_connection.py:329 Remote response: status=200 | data={"value":{"element-6066-11e4-a52e-4f735466cecf":"f.CFBC2EA626BB24417FB6E67B69DDE1F8.d.B3CB1F74AB3B75D5BDDD867E017B8E8B.e.264"}} | headers=HTTPHeaderDict({'content-length': '127', 'content-type': 'application/json; charset=utf-8', 'cache-control': 'no-cache'})
DEBUG    selenium.webdriver.remote.remote_connection:remote_connection.py:356 Finished Request
DEBUG    selenium.webdriver.remote.remote_connection:remote_connection.py:313 POST http://selenium-hub:4444/wd/hub/session/8dfb6f4bd79273fbcdac2178f2c1c748/execute/sync {"script": "/* isDisplayed */return (function(){return (function(){var k=this||self;function aa(a){return\"string\"==typeof a}function ba(a,b){a=a.split(\".\");var c=k;a[0]in c||\"undefined\"==typeof c.execScript||c.execScript(\"var \"+a[0]);for(var d;a.length&&(d=a.shift());)a.length||void 0===b?c[d]&&c[d]!==Object.prototype[d]?c=c[d]:c=c[d]={}:c[d]=b}\nfunction ca(a){var b=typeof a;if(\"object\"==b)if(a){if(a instanceof Array)return\"array\";if(a instanceof Object)return b;var c=Object.prototype.toString.call(a);if(\"[object Window]\"==c)return\"object\";if(\"[object Array]\"==c||\"number\"==typeof a.length&&\"undefined\"!=typeof a.splice&&\"undefined\"!=typeof a.propertyIsEnumerable&&!a.propertyIsEnumerable(\"splice\"))return\"array\";if(\"[object Function]\"==c||\"undefined\"!=typeof a.call&&\"undefined\"!=typeof a.propertyIsEnumerable&&!a.propertyIsEnumerable(\"call\"))return\"function\"}else return\"null\";\nelse if(\"function\"==b&&\"undefined\"==typeof a.call)return\"object\";return b}function da(a,b,c){return a.call.apply(a.bind,arguments)}function ea(a,b,c){if(!a)throw Error();if(2<arguments.length){var d=Array.prototype.slice.call(arguments,2);return function(){var e=Array.prototype.slice.call(arguments);Array.prototype.unshift.apply(e,d);return a.apply(b,e)}}return function(){return a.apply(b,arguments)}}\nfunction fa(a,b,c){Function.prototype.bind&&-1!=Function.prototype.bind.toString().indexOf(\"native code\")?fa=da:fa=ea;return fa.apply(null,arguments)}function ha(a,b){var c=Array.prototype.slice.call(arguments,1);return function(){var d=c.slice();d.push.apply(d,arguments);return a.apply(this,d)}}function l(a,b){function c(){}c.prototype=b.prototype;a.prototype=new c;a.prototype.constructor=a};/*\n\n The MIT License\n\n Copyright (c) 2007 Cybozu Labs, Inc.\n Copyright (c) 2012 Google Inc.\n\n Permission is hereby granted, free of charge, to any person obtaining a copy\n of this software and associated documentation files (the \"Software\"), to\n deal in the Software without restriction, including without limitation the\n rights to use, copy, modify, merge, publish, distribute, sublicense, and/or\n sell copies of the Software, and to permit persons to whom the Software is\n furnished to do so, subject to the following conditions:\n\n The above copyright notice and this permission notice shall be included in\n all copies or substantial portions of the Software.\n\n THE SOFTWARE IS PROVIDED \"AS IS\", WITHOUT WARRANTY OF ANY KIND, EXPRESS OR\n IMPLIED, INCLUDING BUT NOT LIMITED TO THE WARRANTIES OF MERCHANTABILITY,\n FITNESS FOR A PARTICULAR PURPOSE AND NONINFRINGEMENT. IN NO EVENT SHALL THE\n AUTHORS OR COPYRIGHT HOLDERS BE LIABLE FOR ANY CLAIM, DAMAGES OR OTHER\n LIABILITY, WHETHER IN AN ACTION OF CONTRACT, TORT OR OTHERWISE, ARISING\n FROM, OUT OF OR IN CONNECTION WITH THE SOFTWARE OR THE USE OR OTHER DEALINGS\n IN THE SOFTWARE.\n*/\nfunction ia(a,b,c){this.a=a;this.b=b||1;this.f=c||1};var ja=Array.prototype.indexOf?function(a,b){return Array.prototype.indexOf.call(a,b,void 0)}:function(a,b){if(\"string\"===typeof a)return\"string\"!==typeof b||1!=b.length?-1:a.indexOf(b,0);for(var c=0;c<a.length;c++)if(c in a&&a[c]===b)return c;return-1},n=Array.prototype.forEach?function(a,b){Array.prototype.forEach.call(a,b,void 0)}:function(a,b){for(var c=a.length,d=\"string\"===typeof a?a.split(\"\"):a,e=0;e<c;e++)e in d&&b.call(void 0,d[e],e,a)},ka=Array.prototype.filter?function(a,b){return Array.prototype.filter.call(a,\nb,void 0)}:function(a,b){for(var c=a.length,d=[],e=0,f=\"string\"===typeof a?a.split(\"\"):a,g=0;g<c;g++)if(g in f){var h=f[g];b.call(void 0,h,g,a)&&(d[e++]=h)}return d},la=Array.prototype.reduce?function(a,b,c){return Array.prototype.reduce.call(a,b,c)}:function(a,b,c){var d=c;n(a,function(e,f){d=b.call(void 0,d,e,f,a)});return d},ma=Array.prototype.some?function(a,b){return Array.prototype.some.call(a,b,void 0)}:function(a,b){for(var c=a.length,d=\"string\"===typeof a?a.split(\"\"):a,e=0;e<c;e++)if(e in\nd&&b.call(void 0,d[e],e,a))return!0;return!1},na=Array.prototype.every?function(a,b){return Array.prototype.every.call(a,b,void 0)}:function(a,b){for(var c=a.length,d=\"string\"===typeof a?a.split(\"\"):a,e=0;e<c;e++)if(e in d&&!b.call(void 0,d[e],e,a))return!1;return!0};function oa(a,b){a:{for(var c=a.length,d=\"string\"===typeof a?a.split(\"\"):a,e=0;e<c;e++)if(e in d&&b.call(void 0,d[e],e,a)){b=e;break a}b=-1}return 0>b?null:\"string\"===typeof a?a.charAt(b):a[b]}\nfunction pa(a){return Array.prototype.concat.apply([],arguments)}function qa(a,b,c){return 2>=arguments.length?Array.prototype.slice.call(a,b):Array.prototype.slice.call(a,b,c)};var ra=String.prototype.trim?function(a){return a.trim()}:function(a){return/^[\\s\\xa0]*([\\s\\S]*?)[\\s\\xa0]*$/.exec(a)[1]};function sa(a,b){return a<b?-1:a>b?1:0};var t;a:{var ta=k.navigator;if(ta){var ua=ta.userAgent;if(ua){t=ua;break a}}t=\"\"}function u(a){return-1!=t.indexOf(a)};function va(){return u(\"Firefox\")||u(\"FxiOS\")}function wa(){return(u(\"Chrome\")||u(\"CriOS\"))&&!u(\"Edge\")};function xa(a){return String(a).replace(/\\-([a-z])/g,function(b,c){return c.toUpperCase()})};function ya(){return u(\"iPhone\")&&!u(\"iPod\")&&!u(\"iPad\")};function za(a,b){var c=Aa;return Object.prototype.hasOwnProperty.call(c,a)?c[a]:c[a]=b(a)};var Ba=u(\"Opera\"),v=u(\"Trident\")||u(\"MSIE\"),Ca=u(\"Edge\"),Da=u(\"Gecko\")&&!(-1!=t.toLowerCase().indexOf(\"webkit\")&&!u(\"Edge\"))&&!(u(\"Trident\")||u(\"MSIE\"))&&!u(\"Edge\"),Ea=-1!=t.toLowerCase().indexOf(\"webkit\")&&!u(\"Edge\");function Fa(){var a=k.document;return a?a.documentMode:void 0}var Ga;\na:{var Ha=\"\",Ia=function(){var a=t;if(Da)return/rv:([^\\);]+)(\\)|;)/.exec(a);if(Ca)return/Edge\\/([\\d\\.]+)/.exec(a);if(v)return/\\b(?:MSIE|rv)[: ]([^\\);]+)(\\)|;)/.exec(a);if(Ea)return/WebKit\\/(\\S+)/.exec(a);if(Ba)return/(?:Version)[ \\/]?(\\S+)/.exec(a)}();Ia&&(Ha=Ia?Ia[1]:\"\");if(v){var Ja=Fa();if(null!=Ja&&Ja>parseFloat(Ha)){Ga=String(Ja);break a}}Ga=Ha}var Aa={};\nfunction Ka(a){return za(a,function(){for(var b=0,c=ra(String(Ga)).split(\".\"),d=ra(String(a)).split(\".\"),e=Math.max(c.length,d.length),f=0;0==b&&f<e;f++){var g=c[f]||\"\",h=d[f]||\"\";do{g=/(\\d*)(\\D*)(.*)/.exec(g)||[\"\",\"\",\"\",\"\"];h=/(\\d*)(\\D*)(.*)/.exec(h)||[\"\",\"\",\"\",\"\"];if(0==g[0].length&&0==h[0].length)break;b=sa(0==g[1].length?0:parseInt(g[1],10),0==h[1].length?0:parseInt(h[1],10))||sa(0==g[2].length,0==h[2].length)||sa(g[2],h[2]);g=g[3];h=h[3]}while(0==b)}return 0<=b})}var La;\nLa=k.document&&v?Fa():void 0;var x=v&&!(9<=Number(La)),Ma=v&&!(8<=Number(La));function Na(a,b,c,d){this.a=a;this.nodeName=c;this.nodeValue=d;this.nodeType=2;this.parentNode=this.ownerElement=b}function Oa(a,b){var c=Ma&&\"href\"==b.nodeName?a.getAttribute(b.nodeName,2):b.nodeValue;return new Na(b,a,b.nodeName,c)};function Pa(a){this.b=a;this.a=0}function Qa(a){a=a.match(Ra);for(var b=0;b<a.length;b++)Sa.test(a[b])&&a.splice(b,1);return new Pa(a)}var Ra=/\\$?(?:(?![0-9-\\.])(?:\\*|[\\w-\\.]+):)?(?![0-9-\\.])(?:\\*|[\\w-\\.]+)|\\/\\/|\\.\\.|::|\\d+(?:\\.\\d*)?|\\.\\d+|\"[^\"]*\"|'[^']*'|[!<>]=|\\s+|./g,Sa=/^\\s/;function y(a,b){return a.b[a.a+(b||0)]}function z(a){return a.b[a.a++]}function Ta(a){return a.b.length<=a.a};function Ua(a,b){this.x=void 0!==a?a:0;this.y=void 0!==b?b:0}Ua.prototype.ceil=function(){this.x=Math.ceil(this.x);this.y=Math.ceil(this.y);return this};Ua.prototype.floor=function(){this.x=Math.floor(this.x);this.y=Math.floor(this.y);return this};Ua.prototype.round=function(){this.x=Math.round(this.x);this.y=Math.round(this.y);return this};function Va(a,b){this.width=a;this.height=b}Va.prototype.aspectRatio=function(){return this.width/this.height};Va.prototype.ceil=function(){this.width=Math.ceil(this.width);this.height=Math.ceil(this.height);return this};Va.prototype.floor=function(){this.width=Math.floor(this.width);this.height=Math.floor(this.height);return this};Va.prototype.round=function(){this.width=Math.round(this.width);this.height=Math.round(this.height);return this};function Wa(a,b){if(!a||!b)return!1;if(a.contains&&1==b.nodeType)return a==b||a.contains(b);if(\"undefined\"!=typeof a.compareDocumentPosition)return a==b||!!(a.compareDocumentPosition(b)&16);for(;b&&a!=b;)b=b.parentNode;return b==a}\nfunction Xa(a,b){if(a==b)return 0;if(a.compareDocumentPosition)return a.compareDocumentPosition(b)&2?1:-1;if(v&&!(9<=Number(La))){if(9==a.nodeType)return-1;if(9==b.nodeType)return 1}if(\"sourceIndex\"in a||a.parentNode&&\"sourceIndex\"in a.parentNode){var c=1==a.nodeType,d=1==b.nodeType;if(c&&d)return a.sourceIndex-b.sourceIndex;var e=a.parentNode,f=b.parentNode;return e==f?Ya(a,b):!c&&Wa(e,b)?-1*Za(a,b):!d&&Wa(f,a)?Za(b,a):(c?a.sourceIndex:e.sourceIndex)-(d?b.sourceIndex:f.sourceIndex)}d=A(a);c=d.createRange();\nc.selectNode(a);c.collapse(!0);a=d.createRange();a.selectNode(b);a.collapse(!0);return c.compareBoundaryPoints(k.Range.START_TO_END,a)}function Za(a,b){var c=a.parentNode;if(c==b)return-1;for(;b.parentNode!=c;)b=b.parentNode;return Ya(b,a)}function Ya(a,b){for(;b=b.previousSibling;)if(b==a)return-1;return 1}function A(a){return 9==a.nodeType?a:a.ownerDocument||a.document}function $a(a,b){a&&(a=a.parentNode);for(var c=0;a;){if(b(a))return a;a=a.parentNode;c++}return null}\nfunction ab(a){this.a=a||k.document||document}ab.prototype.getElementsByTagName=function(a,b){return(b||this.a).getElementsByTagName(String(a))};function B(a){var b=null,c=a.nodeType;1==c&&(b=a.textContent,b=void 0==b||null==b?a.innerText:b,b=void 0==b||null==b?\"\":b);if(\"string\"!=typeof b)if(x&&\"title\"==a.nodeName.toLowerCase()&&1==c)b=a.text;else if(9==c||1==c){a=9==c?a.documentElement:a.firstChild;c=0;var d=[];for(b=\"\";a;){do 1!=a.nodeType&&(b+=a.nodeValue),x&&\"title\"==a.nodeName.toLowerCase()&&(b+=a.text),d[c++]=a;while(a=a.firstChild);for(;c&&!(a=d[--c].nextSibling););}}else b=a.nodeValue;return b}\nfunction C(a,b,c){if(null===b)return!0;try{if(!a.getAttribute)return!1}catch(d){return!1}Ma&&\"class\"==b&&(b=\"className\");return null==c?!!a.getAttribute(b):a.getAttribute(b,2)==c}function bb(a,b,c,d,e){return(x?cb:db).call(null,a,b,aa(c)?c:null,aa(d)?d:null,e||new E)}\nfunction cb(a,b,c,d,e){if(a instanceof F||8==a.b||c&&null===a.b){var f=b.all;if(!f)return e;a=eb(a);if(\"*\"!=a&&(f=b.getElementsByTagName(a),!f))return e;if(c){for(var g=[],h=0;b=f[h++];)C(b,c,d)&&g.push(b);f=g}for(h=0;b=f[h++];)\"*\"==a&&\"!\"==b.tagName||e.add(b);return e}gb(a,b,c,d,e);return e}\nfunction db(a,b,c,d,e){b.getElementsByName&&d&&\"name\"==c&&!v?(b=b.getElementsByName(d),n(b,function(f){a.a(f)&&e.add(f)})):b.getElementsByClassName&&d&&\"class\"==c?(b=b.getElementsByClassName(d),n(b,function(f){f.className==d&&a.a(f)&&e.add(f)})):a instanceof G?gb(a,b,c,d,e):b.getElementsByTagName&&(b=b.getElementsByTagName(a.f()),n(b,function(f){C(f,c,d)&&e.add(f)}));return e}\nfunction hb(a,b,c,d,e){var f;if((a instanceof F||8==a.b||c&&null===a.b)&&(f=b.childNodes)){var g=eb(a);if(\"*\"!=g&&(f=ka(f,function(h){return h.tagName&&h.tagName.toLowerCase()==g}),!f))return e;c&&(f=ka(f,function(h){return C(h,c,d)}));n(f,function(h){\"*\"==g&&(\"!\"==h.tagName||\"*\"==g&&1!=h.nodeType)||e.add(h)});return e}return ib(a,b,c,d,e)}function ib(a,b,c,d,e){for(b=b.firstChild;b;b=b.nextSibling)C(b,c,d)&&a.a(b)&&e.add(b);return e}\nfunction gb(a,b,c,d,e){for(b=b.firstChild;b;b=b.nextSibling)C(b,c,d)&&a.a(b)&&e.add(b),gb(a,b,c,d,e)}function eb(a){if(a instanceof G){if(8==a.b)return\"!\";if(null===a.b)return\"*\"}return a.f()};function E(){this.b=this.a=null;this.l=0}function jb(a){this.f=a;this.a=this.b=null}function kb(a,b){if(!a.a)return b;if(!b.a)return a;var c=a.a;b=b.a;for(var d=null,e,f=0;c&&b;){e=c.f;var g=b.f;e==g||e instanceof Na&&g instanceof Na&&e.a==g.a?(e=c,c=c.a,b=b.a):0<Xa(c.f,b.f)?(e=b,b=b.a):(e=c,c=c.a);(e.b=d)?d.a=e:a.a=e;d=e;f++}for(e=c||b;e;)e.b=d,d=d.a=e,f++,e=e.a;a.b=d;a.l=f;return a}function lb(a,b){b=new jb(b);b.a=a.a;a.b?a.a.b=b:a.a=a.b=b;a.a=b;a.l++}\nE.prototype.add=function(a){a=new jb(a);a.b=this.b;this.a?this.b.a=a:this.a=this.b=a;this.b=a;this.l++};function mb(a){return(a=a.a)?a.f:null}function nb(a){return(a=mb(a))?B(a):\"\"}function H(a,b){return new ob(a,!!b)}function ob(a,b){this.f=a;this.b=(this.s=b)?a.b:a.a;this.a=null}function I(a){var b=a.b;if(null==b)return null;var c=a.a=b;a.b=a.s?b.b:b.a;return c.f};function J(a){this.i=a;this.b=this.g=!1;this.f=null}function K(a){return\"\\n  \"+a.toString().split(\"\\n\").join(\"\\n  \")}function pb(a,b){a.g=b}function qb(a,b){a.b=b}function N(a,b){a=a.a(b);return a instanceof E?+nb(a):+a}function O(a,b){a=a.a(b);return a instanceof E?nb(a):\"\"+a}function rb(a,b){a=a.a(b);return a instanceof E?!!a.l:!!a};function sb(a,b,c){J.call(this,a.i);this.c=a;this.h=b;this.o=c;this.g=b.g||c.g;this.b=b.b||c.b;this.c==tb&&(c.b||c.g||4==c.i||0==c.i||!b.f?b.b||b.g||4==b.i||0==b.i||!c.f||(this.f={name:c.f.name,u:b}):this.f={name:b.f.name,u:c})}l(sb,J);\nfunction ub(a,b,c,d,e){b=b.a(d);c=c.a(d);var f;if(b instanceof E&&c instanceof E){b=H(b);for(d=I(b);d;d=I(b))for(e=H(c),f=I(e);f;f=I(e))if(a(B(d),B(f)))return!0;return!1}if(b instanceof E||c instanceof E){b instanceof E?(e=b,d=c):(e=c,d=b);f=H(e);for(var g=typeof d,h=I(f);h;h=I(f)){switch(g){case \"number\":h=+B(h);break;case \"boolean\":h=!!B(h);break;case \"string\":h=B(h);break;default:throw Error(\"Illegal primitive type for comparison.\");}if(e==b&&a(h,d)||e==c&&a(d,h))return!0}return!1}return e?\"boolean\"==\ntypeof b||\"boolean\"==typeof c?a(!!b,!!c):\"number\"==typeof b||\"number\"==typeof c?a(+b,+c):a(b,c):a(+b,+c)}sb.prototype.a=function(a){return this.c.m(this.h,this.o,a)};sb.prototype.toString=function(){var a=\"Binary Expression: \"+this.c;a+=K(this.h);return a+=K(this.o)};function vb(a,b,c,d){this.I=a;this.D=b;this.i=c;this.m=d}vb.prototype.toString=function(){return this.I};var wb={};\nfunction P(a,b,c,d){if(wb.hasOwnProperty(a))throw Error(\"Binary operator already created: \"+a);a=new vb(a,b,c,d);return wb[a.toString()]=a}P(\"div\",6,1,function(a,b,c){return N(a,c)/N(b,c)});P(\"mod\",6,1,function(a,b,c){return N(a,c)%N(b,c)});P(\"*\",6,1,function(a,b,c){return N(a,c)*N(b,c)});P(\"+\",5,1,function(a,b,c){return N(a,c)+N(b,c)});P(\"-\",5,1,function(a,b,c){return N(a,c)-N(b,c)});P(\"<\",4,2,function(a,b,c){return ub(function(d,e){return d<e},a,b,c)});\nP(\">\",4,2,function(a,b,c){return ub(function(d,e){return d>e},a,b,c)});P(\"<=\",4,2,function(a,b,c){return ub(function(d,e){return d<=e},a,b,c)});P(\">=\",4,2,function(a,b,c){return ub(function(d,e){return d>=e},a,b,c)});var tb=P(\"=\",3,2,function(a,b,c){return ub(function(d,e){return d==e},a,b,c,!0)});P(\"!=\",3,2,function(a,b,c){return ub(function(d,e){return d!=e},a,b,c,!0)});P(\"and\",2,2,function(a,b,c){return rb(a,c)&&rb(b,c)});P(\"or\",1,2,function(a,b,c){return rb(a,c)||rb(b,c)});function xb(a,b){if(b.a.length&&4!=a.i)throw Error(\"Primary expression must evaluate to nodeset if filter has predicate(s).\");J.call(this,a.i);this.c=a;this.h=b;this.g=a.g;this.b=a.b}l(xb,J);xb.prototype.a=function(a){a=this.c.a(a);return yb(this.h,a)};xb.prototype.toString=function(){var a=\"Filter:\"+K(this.c);return a+=K(this.h)};function zb(a,b){if(b.length<a.C)throw Error(\"Function \"+a.j+\" expects at least\"+a.C+\" arguments, \"+b.length+\" given\");if(null!==a.B&&b.length>a.B)throw Error(\"Function \"+a.j+\" expects at most \"+a.B+\" arguments, \"+b.length+\" given\");a.H&&n(b,function(c,d){if(4!=c.i)throw Error(\"Argument \"+d+\" to function \"+a.j+\" is not of type Nodeset: \"+c);});J.call(this,a.i);this.v=a;this.c=b;pb(this,a.g||ma(b,function(c){return c.g}));qb(this,a.G&&!b.length||a.F&&!!b.length||ma(b,function(c){return c.b}))}\nl(zb,J);zb.prototype.a=function(a){return this.v.m.apply(null,pa(a,this.c))};zb.prototype.toString=function(){var a=\"Function: \"+this.v;if(this.c.length){var b=la(this.c,function(c,d){return c+K(d)},\"Arguments:\");a+=K(b)}return a};function Ab(a,b,c,d,e,f,g,h){this.j=a;this.i=b;this.g=c;this.G=d;this.F=!1;this.m=e;this.C=f;this.B=void 0!==g?g:f;this.H=!!h}Ab.prototype.toString=function(){return this.j};var Bb={};\nfunction Q(a,b,c,d,e,f,g,h){if(Bb.hasOwnProperty(a))throw Error(\"Function already created: \"+a+\".\");Bb[a]=new Ab(a,b,c,d,e,f,g,h)}Q(\"boolean\",2,!1,!1,function(a,b){return rb(b,a)},1);Q(\"ceiling\",1,!1,!1,function(a,b){return Math.ceil(N(b,a))},1);Q(\"concat\",3,!1,!1,function(a,b){return la(qa(arguments,1),function(c,d){return c+O(d,a)},\"\")},2,null);Q(\"contains\",2,!1,!1,function(a,b,c){b=O(b,a);a=O(c,a);return-1!=b.indexOf(a)},2);Q(\"count\",1,!1,!1,function(a,b){return b.a(a).l},1,1,!0);\nQ(\"false\",2,!1,!1,function(){return!1},0);Q(\"floor\",1,!1,!1,function(a,b){return Math.floor(N(b,a))},1);Q(\"id\",4,!1,!1,function(a,b){function c(h){if(x){var m=e.all[h];if(m){if(m.nodeType&&h==m.id)return m;if(m.length)return oa(m,function(w){return h==w.id})}return null}return e.getElementById(h)}var d=a.a,e=9==d.nodeType?d:d.ownerDocument;a=O(b,a).split(/\\s+/);var f=[];n(a,function(h){h=c(h);!h||0<=ja(f,h)||f.push(h)});f.sort(Xa);var g=new E;n(f,function(h){g.add(h)});return g},1);\nQ(\"lang\",2,!1,!1,function(){return!1},1);Q(\"last\",1,!0,!1,function(a){if(1!=arguments.length)throw Error(\"Function last expects ()\");return a.f},0);Q(\"local-name\",3,!1,!0,function(a,b){return(a=b?mb(b.a(a)):a.a)?a.localName||a.nodeName.toLowerCase():\"\"},0,1,!0);Q(\"name\",3,!1,!0,function(a,b){return(a=b?mb(b.a(a)):a.a)?a.nodeName.toLowerCase():\"\"},0,1,!0);Q(\"namespace-uri\",3,!0,!1,function(){return\"\"},0,1,!0);\nQ(\"normalize-space\",3,!1,!0,function(a,b){return(b?O(b,a):B(a.a)).replace(/[\\s\\xa0]+/g,\" \").replace(/^\\s+|\\s+$/g,\"\")},0,1);Q(\"not\",2,!1,!1,function(a,b){return!rb(b,a)},1);Q(\"number\",1,!1,!0,function(a,b){return b?N(b,a):+B(a.a)},0,1);Q(\"position\",1,!0,!1,function(a){return a.b},0);Q(\"round\",1,!1,!1,function(a,b){return Math.round(N(b,a))},1);Q(\"starts-with\",2,!1,!1,function(a,b,c){b=O(b,a);a=O(c,a);return 0==b.lastIndexOf(a,0)},2);Q(\"string\",3,!1,!0,function(a,b){return b?O(b,a):B(a.a)},0,1);\nQ(\"string-length\",1,!1,!0,function(a,b){return(b?O(b,a):B(a.a)).length},0,1);Q(\"substring\",3,!1,!1,function(a,b,c,d){c=N(c,a);if(isNaN(c)||Infinity==c||-Infinity==c)return\"\";d=d?N(d,a):Infinity;if(isNaN(d)||-Infinity===d)return\"\";c=Math.round(c)-1;var e=Math.max(c,0);a=O(b,a);return Infinity==d?a.substring(e):a.substring(e,c+Math.round(d))},2,3);Q(\"substring-after\",3,!1,!1,function(a,b,c){b=O(b,a);a=O(c,a);c=b.indexOf(a);return-1==c?\"\":b.substring(c+a.length)},2);\nQ(\"substring-before\",3,!1,!1,function(a,b,c){b=O(b,a);a=O(c,a);a=b.indexOf(a);return-1==a?\"\":b.substring(0,a)},2);Q(\"sum\",1,!1,!1,function(a,b){a=H(b.a(a));b=0;for(var c=I(a);c;c=I(a))b+=+B(c);return b},1,1,!0);Q(\"translate\",3,!1,!1,function(a,b,c,d){b=O(b,a);c=O(c,a);var e=O(d,a);a={};for(d=0;d<c.length;d++){var f=c.charAt(d);f in a||(a[f]=e.charAt(d))}c=\"\";for(d=0;d<b.length;d++)f=b.charAt(d),c+=f in a?a[f]:f;return c},3);Q(\"true\",2,!1,!1,function(){return!0},0);function G(a,b){this.h=a;this.c=void 0!==b?b:null;this.b=null;switch(a){case \"comment\":this.b=8;break;case \"text\":this.b=3;break;case \"processing-instruction\":this.b=7;break;case \"node\":break;default:throw Error(\"Unexpected argument\");}}function Cb(a){return\"comment\"==a||\"text\"==a||\"processing-instruction\"==a||\"node\"==a}G.prototype.a=function(a){return null===this.b||this.b==a.nodeType};G.prototype.f=function(){return this.h};\nG.prototype.toString=function(){var a=\"Kind Test: \"+this.h;null===this.c||(a+=K(this.c));return a};function Db(a){J.call(this,3);this.c=a.substring(1,a.length-1)}l(Db,J);Db.prototype.a=function(){return this.c};Db.prototype.toString=function(){return\"Literal: \"+this.c};function F(a,b){this.j=a.toLowerCase();a=\"*\"==this.j?\"*\":\"http://www.w3.org/1999/xhtml\";this.c=b?b.toLowerCase():a}F.prototype.a=function(a){var b=a.nodeType;if(1!=b&&2!=b)return!1;b=void 0!==a.localName?a.localName:a.nodeName;return\"*\"!=this.j&&this.j!=b.toLowerCase()?!1:\"*\"==this.c?!0:this.c==(a.namespaceURI?a.namespaceURI.toLowerCase():\"http://www.w3.org/1999/xhtml\")};F.prototype.f=function(){return this.j};\nF.prototype.toString=function(){return\"Name Test: \"+(\"http://www.w3.org/1999/xhtml\"==this.c?\"\":this.c+\":\")+this.j};function Eb(a){J.call(this,1);this.c=a}l(Eb,J);Eb.prototype.a=function(){return this.c};Eb.prototype.toString=function(){return\"Number: \"+this.c};function Fb(a,b){J.call(this,a.i);this.h=a;this.c=b;this.g=a.g;this.b=a.b;1==this.c.length&&(a=this.c[0],a.A||a.c!=Gb||(a=a.o,\"*\"!=a.f()&&(this.f={name:a.f(),u:null})))}l(Fb,J);function Hb(){J.call(this,4)}l(Hb,J);Hb.prototype.a=function(a){var b=new E;a=a.a;9==a.nodeType?b.add(a):b.add(a.ownerDocument);return b};Hb.prototype.toString=function(){return\"Root Helper Expression\"};function Ib(){J.call(this,4)}l(Ib,J);Ib.prototype.a=function(a){var b=new E;b.add(a.a);return b};Ib.prototype.toString=function(){return\"Context Helper Expression\"};\nfunction Jb(a){return\"/\"==a||\"//\"==a}Fb.prototype.a=function(a){var b=this.h.a(a);if(!(b instanceof E))throw Error(\"Filter expression must evaluate to nodeset.\");a=this.c;for(var c=0,d=a.length;c<d&&b.l;c++){var e=a[c],f=H(b,e.c.s);if(e.g||e.c!=Kb)if(e.g||e.c!=Lb){var g=I(f);for(b=e.a(new ia(g));null!=(g=I(f));)g=e.a(new ia(g)),b=kb(b,g)}else g=I(f),b=e.a(new ia(g));else{for(g=I(f);(b=I(f))&&(!g.contains||g.contains(b))&&b.compareDocumentPosition(g)&8;g=b);b=e.a(new ia(g))}}return b};\nFb.prototype.toString=function(){var a=\"Path Expression:\"+K(this.h);if(this.c.length){var b=la(this.c,function(c,d){return c+K(d)},\"Steps:\");a+=K(b)}return a};function Mb(a,b){this.a=a;this.s=!!b}\nfunction yb(a,b,c){for(c=c||0;c<a.a.length;c++)for(var d=a.a[c],e=H(b),f=b.l,g,h=0;g=I(e);h++){var m=a.s?f-h:h+1;g=d.a(new ia(g,m,f));if(\"number\"==typeof g)m=m==g;else if(\"string\"==typeof g||\"boolean\"==typeof g)m=!!g;else if(g instanceof E)m=0<g.l;else throw Error(\"Predicate.evaluate returned an unexpected type.\");if(!m){m=e;g=m.f;var w=m.a;if(!w)throw Error(\"Next must be called at least once before remove.\");var r=w.b;w=w.a;r?r.a=w:g.a=w;w?w.b=r:g.b=r;g.l--;m.a=null}}return b}\nMb.prototype.toString=function(){return la(this.a,function(a,b){return a+K(b)},\"Predicates:\")};function R(a,b,c,d){J.call(this,4);this.c=a;this.o=b;this.h=c||new Mb([]);this.A=!!d;b=this.h;b=0<b.a.length?b.a[0].f:null;a.J&&b&&(a=b.name,a=x?a.toLowerCase():a,this.f={name:a,u:b.u});a:{a=this.h;for(b=0;b<a.a.length;b++)if(c=a.a[b],c.g||1==c.i||0==c.i){a=!0;break a}a=!1}this.g=a}l(R,J);\nR.prototype.a=function(a){var b=a.a,c=this.f,d=null,e=null,f=0;c&&(d=c.name,e=c.u?O(c.u,a):null,f=1);if(this.A)if(this.g||this.c!=Nb)if(b=H((new R(Ob,new G(\"node\"))).a(a)),c=I(b))for(a=this.m(c,d,e,f);null!=(c=I(b));)a=kb(a,this.m(c,d,e,f));else a=new E;else a=bb(this.o,b,d,e),a=yb(this.h,a,f);else a=this.m(a.a,d,e,f);return a};R.prototype.m=function(a,b,c,d){a=this.c.v(this.o,a,b,c);return a=yb(this.h,a,d)};\nR.prototype.toString=function(){var a=\"Step:\"+K(\"Operator: \"+(this.A?\"//\":\"/\"));this.c.j&&(a+=K(\"Axis: \"+this.c));a+=K(this.o);if(this.h.a.length){var b=la(this.h.a,function(c,d){return c+K(d)},\"Predicates:\");a+=K(b)}return a};function Pb(a,b,c,d){this.j=a;this.v=b;this.s=c;this.J=d}Pb.prototype.toString=function(){return this.j};var Qb={};function S(a,b,c,d){if(Qb.hasOwnProperty(a))throw Error(\"Axis already created: \"+a);b=new Pb(a,b,c,!!d);return Qb[a]=b}\nS(\"ancestor\",function(a,b){for(var c=new E;b=b.parentNode;)a.a(b)&&lb(c,b);return c},!0);S(\"ancestor-or-self\",function(a,b){var c=new E;do a.a(b)&&lb(c,b);while(b=b.parentNode);return c},!0);\nvar Gb=S(\"attribute\",function(a,b){var c=new E,d=a.f();if(\"style\"==d&&x&&b.style)return c.add(new Na(b.style,b,\"style\",b.style.cssText)),c;var e=b.attributes;if(e)if(a instanceof G&&null===a.b||\"*\"==d)for(a=0;d=e[a];a++)x?d.nodeValue&&c.add(Oa(b,d)):c.add(d);else(d=e.getNamedItem(d))&&(x?d.nodeValue&&c.add(Oa(b,d)):c.add(d));return c},!1),Nb=S(\"child\",function(a,b,c,d,e){return(x?hb:ib).call(null,a,b,aa(c)?c:null,aa(d)?d:null,e||new E)},!1,!0);S(\"descendant\",bb,!1,!0);\nvar Ob=S(\"descendant-or-self\",function(a,b,c,d){var e=new E;C(b,c,d)&&a.a(b)&&e.add(b);return bb(a,b,c,d,e)},!1,!0),Kb=S(\"following\",function(a,b,c,d){var e=new E;do for(var f=b;f=f.nextSibling;)C(f,c,d)&&a.a(f)&&e.add(f),e=bb(a,f,c,d,e);while(b=b.parentNode);return e},!1,!0);S(\"following-sibling\",function(a,b){for(var c=new E;b=b.nextSibling;)a.a(b)&&c.add(b);return c},!1);S(\"namespace\",function(){return new E},!1);\nvar Rb=S(\"parent\",function(a,b){var c=new E;if(9==b.nodeType)return c;if(2==b.nodeType)return c.add(b.ownerElement),c;b=b.parentNode;a.a(b)&&c.add(b);return c},!1),Lb=S(\"preceding\",function(a,b,c,d){var e=new E,f=[];do f.unshift(b);while(b=b.parentNode);for(var g=1,h=f.length;g<h;g++){var m=[];for(b=f[g];b=b.previousSibling;)m.unshift(b);for(var w=0,r=m.length;w<r;w++)b=m[w],C(b,c,d)&&a.a(b)&&e.add(b),e=bb(a,b,c,d,e)}return e},!0,!0);\nS(\"preceding-sibling\",function(a,b){for(var c=new E;b=b.previousSibling;)a.a(b)&&lb(c,b);return c},!0);var Sb=S(\"self\",function(a,b){var c=new E;a.a(b)&&c.add(b);return c},!1);function Tb(a){J.call(this,1);this.c=a;this.g=a.g;this.b=a.b}l(Tb,J);Tb.prototype.a=function(a){return-N(this.c,a)};Tb.prototype.toString=function(){return\"Unary Expression: -\"+K(this.c)};function Ub(a){J.call(this,4);this.c=a;pb(this,ma(this.c,function(b){return b.g}));qb(this,ma(this.c,function(b){return b.b}))}l(Ub,J);Ub.prototype.a=function(a){var b=new E;n(this.c,function(c){c=c.a(a);if(!(c instanceof E))throw Error(\"Path expression must evaluate to NodeSet.\");b=kb(b,c)});return b};Ub.prototype.toString=function(){return la(this.c,function(a,b){return a+K(b)},\"Union Expression:\")};function Vb(a,b){this.a=a;this.b=b}function Yb(a){for(var b,c=[];;){T(a,\"Missing right hand side of binary expression.\");b=Zb(a);var d=z(a.a);if(!d)break;var e=(d=wb[d]||null)&&d.D;if(!e){a.a.a--;break}for(;c.length&&e<=c[c.length-1].D;)b=new sb(c.pop(),c.pop(),b);c.push(b,d)}for(;c.length;)b=new sb(c.pop(),c.pop(),b);return b}function T(a,b){if(Ta(a.a))throw Error(b);}function $b(a,b){a=z(a.a);if(a!=b)throw Error(\"Bad token, expected: \"+b+\" got: \"+a);}\nfunction ac(a){a=z(a.a);if(\")\"!=a)throw Error(\"Bad token: \"+a);}function bc(a){a=z(a.a);if(2>a.length)throw Error(\"Unclosed literal string\");return new Db(a)}\nfunction cc(a){var b=[];if(Jb(y(a.a))){var c=z(a.a);var d=y(a.a);if(\"/\"==c&&(Ta(a.a)||\".\"!=d&&\"..\"!=d&&\"@\"!=d&&\"*\"!=d&&!/(?![0-9])[\\w]/.test(d)))return new Hb;d=new Hb;T(a,\"Missing next location step.\");c=dc(a,c);b.push(c)}else{a:{c=y(a.a);d=c.charAt(0);switch(d){case \"$\":throw Error(\"Variable reference not allowed in HTML XPath\");case \"(\":z(a.a);c=Yb(a);T(a,'unclosed \"(\"');$b(a,\")\");break;case '\"':case \"'\":c=bc(a);break;default:if(isNaN(+c))if(!Cb(c)&&/(?![0-9])[\\w]/.test(d)&&\"(\"==y(a.a,1)){c=z(a.a);\nc=Bb[c]||null;z(a.a);for(d=[];\")\"!=y(a.a);){T(a,\"Missing function argument list.\");d.push(Yb(a));if(\",\"!=y(a.a))break;z(a.a)}T(a,\"Unclosed function argument list.\");ac(a);c=new zb(c,d)}else{c=null;break a}else c=new Eb(+z(a.a))}\"[\"==y(a.a)&&(d=new Mb(ec(a)),c=new xb(c,d))}if(c)if(Jb(y(a.a)))d=c;else return c;else c=dc(a,\"/\"),d=new Ib,b.push(c)}for(;Jb(y(a.a));)c=z(a.a),T(a,\"Missing next location step.\"),c=dc(a,c),b.push(c);return new Fb(d,b)}\nfunction dc(a,b){if(\"/\"!=b&&\"//\"!=b)throw Error('Step op should be \"/\" or \"//\"');if(\".\"==y(a.a)){var c=new R(Sb,new G(\"node\"));z(a.a);return c}if(\"..\"==y(a.a))return c=new R(Rb,new G(\"node\")),z(a.a),c;if(\"@\"==y(a.a)){var d=Gb;z(a.a);T(a,\"Missing attribute name\")}else if(\"::\"==y(a.a,1)){if(!/(?![0-9])[\\w]/.test(y(a.a).charAt(0)))throw Error(\"Bad token: \"+z(a.a));var e=z(a.a);d=Qb[e]||null;if(!d)throw Error(\"No axis with name: \"+e);z(a.a);T(a,\"Missing node name\")}else d=Nb;e=y(a.a);if(/(?![0-9])[\\w\\*]/.test(e.charAt(0)))if(\"(\"==\ny(a.a,1)){if(!Cb(e))throw Error(\"Invalid node type: \"+e);e=z(a.a);if(!Cb(e))throw Error(\"Invalid type name: \"+e);$b(a,\"(\");T(a,\"Bad nodetype\");var f=y(a.a).charAt(0),g=null;if('\"'==f||\"'\"==f)g=bc(a);T(a,\"Bad nodetype\");ac(a);e=new G(e,g)}else if(e=z(a.a),f=e.indexOf(\":\"),-1==f)e=new F(e);else{g=e.substring(0,f);if(\"*\"==g)var h=\"*\";else if(h=a.b(g),!h)throw Error(\"Namespace prefix not declared: \"+g);e=e.substr(f+1);e=new F(e,h)}else throw Error(\"Bad token: \"+z(a.a));a=new Mb(ec(a),d.s);return c||new R(d,\ne,a,\"//\"==b)}function ec(a){for(var b=[];\"[\"==y(a.a);){z(a.a);T(a,\"Missing predicate expression.\");var c=Yb(a);b.push(c);T(a,\"Unclosed predicate expression.\");$b(a,\"]\")}return b}function Zb(a){if(\"-\"==y(a.a))return z(a.a),new Tb(Zb(a));var b=cc(a);if(\"|\"!=y(a.a))a=b;else{for(b=[b];\"|\"==z(a.a);)T(a,\"Missing next union location path.\"),b.push(cc(a));a.a.a--;a=new Ub(b)}return a};function fc(a){switch(a.nodeType){case 1:return ha(gc,a);case 9:return fc(a.documentElement);case 11:case 10:case 6:case 12:return hc;default:return a.parentNode?fc(a.parentNode):hc}}function hc(){return null}function gc(a,b){if(a.prefix==b)return a.namespaceURI||\"http://www.w3.org/1999/xhtml\";var c=a.getAttributeNode(\"xmlns:\"+b);return c&&c.specified?c.value||null:a.parentNode&&9!=a.parentNode.nodeType?gc(a.parentNode,b):null};function ic(a,b){if(!a.length)throw Error(\"Empty XPath expression.\");a=Qa(a);if(Ta(a))throw Error(\"Invalid XPath expression.\");b?\"function\"==ca(b)||(b=fa(b.lookupNamespaceURI,b)):b=function(){return null};var c=Yb(new Vb(a,b));if(!Ta(a))throw Error(\"Bad token: \"+z(a));this.evaluate=function(d,e){d=c.a(new ia(d));return new U(d,e)}}\nfunction U(a,b){if(0==b)if(a instanceof E)b=4;else if(\"string\"==typeof a)b=2;else if(\"number\"==typeof a)b=1;else if(\"boolean\"==typeof a)b=3;else throw Error(\"Unexpected evaluation result.\");if(2!=b&&1!=b&&3!=b&&!(a instanceof E))throw Error(\"value could not be converted to the specified type\");this.resultType=b;switch(b){case 2:this.stringValue=a instanceof E?nb(a):\"\"+a;break;case 1:this.numberValue=a instanceof E?+nb(a):+a;break;case 3:this.booleanValue=a instanceof E?0<a.l:!!a;break;case 4:case 5:case 6:case 7:var c=\nH(a);var d=[];for(var e=I(c);e;e=I(c))d.push(e instanceof Na?e.a:e);this.snapshotLength=a.l;this.invalidIteratorState=!1;break;case 8:case 9:a=mb(a);this.singleNodeValue=a instanceof Na?a.a:a;break;default:throw Error(\"Unknown XPathResult type.\");}var f=0;this.iterateNext=function(){if(4!=b&&5!=b)throw Error(\"iterateNext called with wrong result type\");return f>=d.length?null:d[f++]};this.snapshotItem=function(g){if(6!=b&&7!=b)throw Error(\"snapshotItem called with wrong result type\");return g>=d.length||\n0>g?null:d[g]}}U.ANY_TYPE=0;U.NUMBER_TYPE=1;U.STRING_TYPE=2;U.BOOLEAN_TYPE=3;U.UNORDERED_NODE_ITERATOR_TYPE=4;U.ORDERED_NODE_ITERATOR_TYPE=5;U.UNORDERED_NODE_SNAPSHOT_TYPE=6;U.ORDERED_NODE_SNAPSHOT_TYPE=7;U.ANY_UNORDERED_NODE_TYPE=8;U.FIRST_ORDERED_NODE_TYPE=9;function jc(a){this.lookupNamespaceURI=fc(a)}\nfunction kc(a,b){a=a||k;var c=a.Document&&a.Document.prototype||a.document;if(!c.evaluate||b)a.XPathResult=U,c.evaluate=function(d,e,f,g){return(new ic(d,f)).evaluate(e,g)},c.createExpression=function(d,e){return new ic(d,e)},c.createNSResolver=function(d){return new jc(d)}}ba(\"wgxpath.install\",kc);ba(\"wgxpath.install\",kc);var lc={aliceblue:\"#f0f8ff\",antiquewhite:\"#faebd7\",aqua:\"#00ffff\",aquamarine:\"#7fffd4\",azure:\"#f0ffff\",beige:\"#f5f5dc\",bisque:\"#ffe4c4\",black:\"#000000\",blanchedalmond:\"#ffebcd\",blue:\"#0000ff\",blueviolet:\"#8a2be2\",brown:\"#a52a2a\",burlywood:\"#deb887\",cadetblue:\"#5f9ea0\",chartreuse:\"#7fff00\",chocolate:\"#d2691e\",coral:\"#ff7f50\",cornflowerblue:\"#6495ed\",cornsilk:\"#fff8dc\",crimson:\"#dc143c\",cyan:\"#00ffff\",darkblue:\"#00008b\",darkcyan:\"#008b8b\",darkgoldenrod:\"#b8860b\",darkgray:\"#a9a9a9\",darkgreen:\"#006400\",\ndarkgrey:\"#a9a9a9\",darkkhaki:\"#bdb76b\",darkmagenta:\"#8b008b\",darkolivegreen:\"#556b2f\",darkorange:\"#ff8c00\",darkorchid:\"#9932cc\",darkred:\"#8b0000\",darksalmon:\"#e9967a\",darkseagreen:\"#8fbc8f\",darkslateblue:\"#483d8b\",darkslategray:\"#2f4f4f\",darkslategrey:\"#2f4f4f\",darkturquoise:\"#00ced1\",darkviolet:\"#9400d3\",deeppink:\"#ff1493\",deepskyblue:\"#00bfff\",dimgray:\"#696969\",dimgrey:\"#696969\",dodgerblue:\"#1e90ff\",firebrick:\"#b22222\",floralwhite:\"#fffaf0\",forestgreen:\"#228b22\",fuchsia:\"#ff00ff\",gainsboro:\"#dcdcdc\",\nghostwhite:\"#f8f8ff\",gold:\"#ffd700\",goldenrod:\"#daa520\",gray:\"#808080\",green:\"#008000\",greenyellow:\"#adff2f\",grey:\"#808080\",honeydew:\"#f0fff0\",hotpink:\"#ff69b4\",indianred:\"#cd5c5c\",indigo:\"#4b0082\",ivory:\"#fffff0\",khaki:\"#f0e68c\",lavender:\"#e6e6fa\",lavenderblush:\"#fff0f5\",lawngreen:\"#7cfc00\",lemonchiffon:\"#fffacd\",lightblue:\"#add8e6\",lightcoral:\"#f08080\",lightcyan:\"#e0ffff\",lightgoldenrodyellow:\"#fafad2\",lightgray:\"#d3d3d3\",lightgreen:\"#90ee90\",lightgrey:\"#d3d3d3\",lightpink:\"#ffb6c1\",lightsalmon:\"#ffa07a\",\nlightseagreen:\"#20b2aa\",lightskyblue:\"#87cefa\",lightslategray:\"#778899\",lightslategrey:\"#778899\",lightsteelblue:\"#b0c4de\",lightyellow:\"#ffffe0\",lime:\"#00ff00\",limegreen:\"#32cd32\",linen:\"#faf0e6\",magenta:\"#ff00ff\",maroon:\"#800000\",mediumaquamarine:\"#66cdaa\",mediumblue:\"#0000cd\",mediumorchid:\"#ba55d3\",mediumpurple:\"#9370db\",mediumseagreen:\"#3cb371\",mediumslateblue:\"#7b68ee\",mediumspringgreen:\"#00fa9a\",mediumturquoise:\"#48d1cc\",mediumvioletred:\"#c71585\",midnightblue:\"#191970\",mintcream:\"#f5fffa\",mistyrose:\"#ffe4e1\",\nmoccasin:\"#ffe4b5\",navajowhite:\"#ffdead\",navy:\"#000080\",oldlace:\"#fdf5e6\",olive:\"#808000\",olivedrab:\"#6b8e23\",orange:\"#ffa500\",orangered:\"#ff4500\",orchid:\"#da70d6\",palegoldenrod:\"#eee8aa\",palegreen:\"#98fb98\",paleturquoise:\"#afeeee\",palevioletred:\"#db7093\",papayawhip:\"#ffefd5\",peachpuff:\"#ffdab9\",peru:\"#cd853f\",pink:\"#ffc0cb\",plum:\"#dda0dd\",powderblue:\"#b0e0e6\",purple:\"#800080\",red:\"#ff0000\",rosybrown:\"#bc8f8f\",royalblue:\"#4169e1\",saddlebrown:\"#8b4513\",salmon:\"#fa8072\",sandybrown:\"#f4a460\",seagreen:\"#2e8b57\",\nseashell:\"#fff5ee\",sienna:\"#a0522d\",silver:\"#c0c0c0\",skyblue:\"#87ceeb\",slateblue:\"#6a5acd\",slategray:\"#708090\",slategrey:\"#708090\",snow:\"#fffafa\",springgreen:\"#00ff7f\",steelblue:\"#4682b4\",tan:\"#d2b48c\",teal:\"#008080\",thistle:\"#d8bfd8\",tomato:\"#ff6347\",turquoise:\"#40e0d0\",violet:\"#ee82ee\",wheat:\"#f5deb3\",white:\"#ffffff\",whitesmoke:\"#f5f5f5\",yellow:\"#ffff00\",yellowgreen:\"#9acd32\"};var mc=\"backgroundColor borderTopColor borderRightColor borderBottomColor borderLeftColor color outlineColor\".split(\" \"),nc=/#([0-9a-fA-F])([0-9a-fA-F])([0-9a-fA-F])/,oc=/^#(?:[0-9a-f]{3}){1,2}$/i,pc=/^(?:rgba)?\\((\\d{1,3}),\\s?(\\d{1,3}),\\s?(\\d{1,3}),\\s?(0|1|0\\.\\d*)\\)$/i,qc=/^(?:rgb)?\\((0|[1-9]\\d{0,2}),\\s?(0|[1-9]\\d{0,2}),\\s?(0|[1-9]\\d{0,2})\\)$/i;function rc(a,b){this.code=a;this.a=V[a]||sc;this.message=b||\"\";a=this.a.replace(/((?:^|\\s+)[a-z])/g,function(c){return c.toUpperCase().replace(/^[\\s\\xa0]+/g,\"\")});b=a.length-5;if(0>b||a.indexOf(\"Error\",b)!=b)a+=\"Error\";this.name=a;a=Error(this.message);a.name=this.name;this.stack=a.stack||\"\"}l(rc,Error);var sc=\"unknown error\",V={15:\"element not selectable\",11:\"element not visible\"};V[31]=sc;V[30]=sc;V[24]=\"invalid cookie domain\";V[29]=\"invalid element coordinates\";V[12]=\"invalid element state\";\nV[32]=\"invalid selector\";V[51]=\"invalid selector\";V[52]=\"invalid selector\";V[17]=\"javascript error\";V[405]=\"unsupported operation\";V[34]=\"move target out of bounds\";V[27]=\"no such alert\";V[7]=\"no such element\";V[8]=\"no such frame\";V[23]=\"no such window\";V[28]=\"script timeout\";V[33]=\"session not created\";V[10]=\"stale element reference\";V[21]=\"timeout\";V[25]=\"unable to set cookie\";V[26]=\"unexpected alert open\";V[13]=sc;V[9]=\"unknown command\";var tc=va(),uc=ya()||u(\"iPod\"),vc=u(\"iPad\"),wc=u(\"Android\")&&!(wa()||va()||u(\"Opera\")||u(\"Silk\")),xc=wa(),yc=u(\"Safari\")&&!(wa()||u(\"Coast\")||u(\"Opera\")||u(\"Edge\")||u(\"Edg/\")||u(\"OPR\")||va()||u(\"Silk\")||u(\"Android\"))&&!(ya()||u(\"iPad\")||u(\"iPod\"));function zc(a){return(a=a.exec(t))?a[1]:\"\"}(function(){if(tc)return zc(/Firefox\\/([0-9.]+)/);if(v||Ca||Ba)return Ga;if(xc)return ya()||u(\"iPad\")||u(\"iPod\")?zc(/CriOS\\/([0-9.]+)/):zc(/Chrome\\/([0-9.]+)/);if(yc&&!(ya()||u(\"iPad\")||u(\"iPod\")))return zc(/Version\\/([0-9.]+)/);if(uc||vc){var a=/Version\\/(\\S+).*Mobile\\/(\\S+)/.exec(t);if(a)return a[1]+\".\"+a[2]}else if(wc)return(a=zc(/Android\\s+([0-9.]+)/))?a:zc(/Version\\/([0-9.]+)/);return\"\"})();var Ac=v&&!(9<=Number(La));function W(a,b){b&&\"string\"!==typeof b&&(b=b.toString());return!!a&&1==a.nodeType&&(!b||a.tagName.toUpperCase()==b)};var Bc=function(){var a={K:\"http://www.w3.org/2000/svg\"};return function(b){return a[b]||null}}();\nfunction Cc(a,b){var c=A(a);if(!c.documentElement)return null;(v||wc)&&kc(c?c.parentWindow||c.defaultView:window);try{var d=c.createNSResolver?c.createNSResolver(c.documentElement):Bc;if(v&&!Ka(7))return c.evaluate.call(c,b,a,d,9,null);if(!v||9<=Number(La)){for(var e={},f=c.getElementsByTagName(\"*\"),g=0;g<f.length;++g){var h=f[g],m=h.namespaceURI;if(m&&!e[m]){var w=h.lookupPrefix(m);if(!w){var r=m.match(\".*/(\\\\w+)/?$\");w=r?r[1]:\"xhtml\"}e[m]=w}}var D={},L;for(L in e)D[e[L]]=L;d=function(M){return D[M]||\nnull}}try{return c.evaluate(b,a,d,9,null)}catch(M){if(\"TypeError\"===M.name)return d=c.createNSResolver?c.createNSResolver(c.documentElement):Bc,c.evaluate(b,a,d,9,null);throw M;}}catch(M){if(!Da||\"NS_ERROR_ILLEGAL_VALUE\"!=M.name)throw new rc(32,\"Unable to locate an element with the xpath expression \"+b+\" because of the following error:\\n\"+M);}}\nfunction Dc(a,b){var c=function(){var d=Cc(b,a);return d?d.singleNodeValue||null:b.selectSingleNode?(d=A(b),d.setProperty&&d.setProperty(\"SelectionLanguage\",\"XPath\"),b.selectSingleNode(a)):null}();if(null!==c&&(!c||1!=c.nodeType))throw new rc(32,'The result of the xpath expression \"'+a+'\" is: '+c+\". It should be an element.\");return c};function Ec(a,b,c,d){this.c=a;this.a=b;this.b=c;this.f=d}Ec.prototype.ceil=function(){this.c=Math.ceil(this.c);this.a=Math.ceil(this.a);this.b=Math.ceil(this.b);this.f=Math.ceil(this.f);return this};Ec.prototype.floor=function(){this.c=Math.floor(this.c);this.a=Math.floor(this.a);this.b=Math.floor(this.b);this.f=Math.floor(this.f);return this};Ec.prototype.round=function(){this.c=Math.round(this.c);this.a=Math.round(this.a);this.b=Math.round(this.b);this.f=Math.round(this.f);return this};function X(a,b,c,d){this.a=a;this.b=b;this.width=c;this.height=d}X.prototype.ceil=function(){this.a=Math.ceil(this.a);this.b=Math.ceil(this.b);this.width=Math.ceil(this.width);this.height=Math.ceil(this.height);return this};X.prototype.floor=function(){this.a=Math.floor(this.a);this.b=Math.floor(this.b);this.width=Math.floor(this.width);this.height=Math.floor(this.height);return this};\nX.prototype.round=function(){this.a=Math.round(this.a);this.b=Math.round(this.b);this.width=Math.round(this.width);this.height=Math.round(this.height);return this};var Fc=\"function\"===typeof ShadowRoot;function Gc(a){for(a=a.parentNode;a&&1!=a.nodeType&&9!=a.nodeType&&11!=a.nodeType;)a=a.parentNode;return W(a)?a:null}\nfunction Y(a,b){b=xa(b);if(\"float\"==b||\"cssFloat\"==b||\"styleFloat\"==b)b=Ac?\"styleFloat\":\"cssFloat\";a:{var c=b;var d=A(a);if(d.defaultView&&d.defaultView.getComputedStyle&&(d=d.defaultView.getComputedStyle(a,null))){c=d[c]||d.getPropertyValue(c)||\"\";break a}c=\"\"}a=c||Hc(a,b);if(null===a)a=null;else if(0<=ja(mc,b)){b:{var e=a.match(pc);if(e&&(b=Number(e[1]),c=Number(e[2]),d=Number(e[3]),e=Number(e[4]),0<=b&&255>=b&&0<=c&&255>=c&&0<=d&&255>=d&&0<=e&&1>=e)){b=[b,c,d,e];break b}b=null}if(!b)b:{if(d=a.match(qc))if(b=\nNumber(d[1]),c=Number(d[2]),d=Number(d[3]),0<=b&&255>=b&&0<=c&&255>=c&&0<=d&&255>=d){b=[b,c,d,1];break b}b=null}if(!b)b:{b=a.toLowerCase();c=lc[b.toLowerCase()];if(!c&&(c=\"#\"==b.charAt(0)?b:\"#\"+b,4==c.length&&(c=c.replace(nc,\"#$1$1$2$2$3$3\")),!oc.test(c))){b=null;break b}b=[parseInt(c.substr(1,2),16),parseInt(c.substr(3,2),16),parseInt(c.substr(5,2),16),1]}a=b?\"rgba(\"+b.join(\", \")+\")\":a}return a}\nfunction Hc(a,b){var c=a.currentStyle||a.style,d=c[b];void 0===d&&\"function\"==ca(c.getPropertyValue)&&(d=c.getPropertyValue(b));return\"inherit\"!=d?void 0!==d?d:null:(a=Gc(a))?Hc(a,b):null}\nfunction Ic(a,b,c){function d(g){var h=Jc(g);return 0<h.height&&0<h.width?!0:W(g,\"PATH\")&&(0<h.height||0<h.width)?(g=Y(g,\"stroke-width\"),!!g&&0<parseInt(g,10)):\"hidden\"!=Y(g,\"overflow\")&&ma(g.childNodes,function(m){return 3==m.nodeType||W(m)&&d(m)})}function e(g){return Kc(g)==Z&&na(g.childNodes,function(h){return!W(h)||e(h)||!d(h)})}if(!W(a))throw Error(\"Argument to isShown must be of type Element\");if(W(a,\"BODY\"))return!0;if(W(a,\"OPTION\")||W(a,\"OPTGROUP\"))return a=$a(a,function(g){return W(g,\"SELECT\")}),\n!!a&&Ic(a,!0,c);var f=Lc(a);if(f)return!!f.image&&0<f.rect.width&&0<f.rect.height&&Ic(f.image,b,c);if(W(a,\"INPUT\")&&\"hidden\"==a.type.toLowerCase()||W(a,\"NOSCRIPT\"))return!1;f=Y(a,\"visibility\");return\"collapse\"!=f&&\"hidden\"!=f&&c(a)&&(b||0!=Mc(a))&&d(a)?!e(a):!1}var Z=\"hidden\";\nfunction Kc(a){function b(p){function q(fb){if(fb==g)return!0;var Wb=Y(fb,\"display\");return 0==Wb.lastIndexOf(\"inline\",0)||\"contents\"==Wb||\"absolute\"==Xb&&\"static\"==Y(fb,\"position\")?!1:!0}var Xb=Y(p,\"position\");if(\"fixed\"==Xb)return w=!0,p==g?null:g;for(p=Gc(p);p&&!q(p);)p=Gc(p);return p}function c(p){var q=p;if(\"visible\"==m)if(p==g&&h)q=h;else if(p==h)return{x:\"visible\",y:\"visible\"};q={x:Y(q,\"overflow-x\"),y:Y(q,\"overflow-y\")};p==g&&(q.x=\"visible\"==q.x?\"auto\":q.x,q.y=\"visible\"==q.y?\"auto\":q.y);return q}\nfunction d(p){if(p==g){var q=(new ab(f)).a;p=q.scrollingElement?q.scrollingElement:Ea||\"CSS1Compat\"!=q.compatMode?q.body||q.documentElement:q.documentElement;q=q.parentWindow||q.defaultView;p=v&&Ka(\"10\")&&q.pageYOffset!=p.scrollTop?new Ua(p.scrollLeft,p.scrollTop):new Ua(q.pageXOffset||p.scrollLeft,q.pageYOffset||p.scrollTop)}else p=new Ua(p.scrollLeft,p.scrollTop);return p}var e=Nc(a),f=A(a),g=f.documentElement,h=f.body,m=Y(g,\"overflow\"),w;for(a=b(a);a;a=b(a)){var r=c(a);if(\"visible\"!=r.x||\"visible\"!=\nr.y){var D=Jc(a);if(0==D.width||0==D.height)return Z;var L=e.a<D.a,M=e.b<D.b;if(L&&\"hidden\"==r.x||M&&\"hidden\"==r.y)return Z;if(L&&\"visible\"!=r.x||M&&\"visible\"!=r.y){L=d(a);M=e.b<D.b-L.y;if(e.a<D.a-L.x&&\"visible\"!=r.x||M&&\"visible\"!=r.x)return Z;e=Kc(a);return e==Z?Z:\"scroll\"}L=e.f>=D.a+D.width;D=e.c>=D.b+D.height;if(L&&\"hidden\"==r.x||D&&\"hidden\"==r.y)return Z;if(L&&\"visible\"!=r.x||D&&\"visible\"!=r.y){if(w&&(r=d(a),e.f>=g.scrollWidth-r.x||e.a>=g.scrollHeight-r.y))return Z;e=Kc(a);return e==Z?Z:\"scroll\"}}}return\"none\"}\nfunction Jc(a){var b=Lc(a);if(b)return b.rect;if(W(a,\"HTML\"))return a=A(a),a=((a?a.parentWindow||a.defaultView:window)||window).document,a=\"CSS1Compat\"==a.compatMode?a.documentElement:a.body,a=new Va(a.clientWidth,a.clientHeight),new X(0,0,a.width,a.height);try{var c=a.getBoundingClientRect()}catch(d){return new X(0,0,0,0)}b=new X(c.left,c.top,c.right-c.left,c.bottom-c.top);v&&a.ownerDocument.body&&(a=A(a),b.a-=a.documentElement.clientLeft+a.body.clientLeft,b.b-=a.documentElement.clientTop+a.body.clientTop);\nreturn b}function Lc(a){var b=W(a,\"MAP\");if(!b&&!W(a,\"AREA\"))return null;var c=b?a:W(a.parentNode,\"MAP\")?a.parentNode:null,d=null,e=null;c&&c.name&&(d=Dc('/descendant::*[@usemap = \"#'+c.name+'\"]',A(c)))&&(e=Jc(d),b||\"default\"==a.shape.toLowerCase()||(a=Oc(a),b=Math.min(Math.max(a.a,0),e.width),c=Math.min(Math.max(a.b,0),e.height),e=new X(b+e.a,c+e.b,Math.min(a.width,e.width-b),Math.min(a.height,e.height-c))));return{image:d,rect:e||new X(0,0,0,0)}}\nfunction Oc(a){var b=a.shape.toLowerCase();a=a.coords.split(\",\");if(\"rect\"==b&&4==a.length){b=a[0];var c=a[1];return new X(b,c,a[2]-b,a[3]-c)}if(\"circle\"==b&&3==a.length)return b=a[2],new X(a[0]-b,a[1]-b,2*b,2*b);if(\"poly\"==b&&2<a.length){b=a[0];c=a[1];for(var d=b,e=c,f=2;f+1<a.length;f+=2)b=Math.min(b,a[f]),d=Math.max(d,a[f]),c=Math.min(c,a[f+1]),e=Math.max(e,a[f+1]);return new X(b,c,d-b,e-c)}return new X(0,0,0,0)}function Nc(a){a=Jc(a);return new Ec(a.b,a.a+a.width,a.b+a.height,a.a)}\nfunction Mc(a){if(Ac){if(\"relative\"==Y(a,\"position\"))return 1;a=Y(a,\"filter\");return(a=a.match(/^alpha\\(opacity=(\\d*)\\)/)||a.match(/^progid:DXImageTransform.Microsoft.Alpha\\(Opacity=(\\d*)\\)/))?Number(a[1])/100:1}return Pc(a)}function Pc(a){var b=1,c=Y(a,\"opacity\");c&&(b=Number(c));(a=Gc(a))&&(b*=Pc(a));return b};ba(\"_\",function(a,b){function c(d){if(W(d)&&\"none\"==Y(d,\"display\"))return!1;var e;if((e=d.parentNode)&&e.shadowRoot&&void 0!==d.assignedSlot)e=d.assignedSlot?d.assignedSlot.parentNode:null;else if(d.getDestinationInsertionPoints){var f=d.getDestinationInsertionPoints();0<f.length&&(e=f[f.length-1])}if(Fc&&e instanceof ShadowRoot){if(e.host.shadowRoot!==e)return!1;e=e.host}return!e||9!=e.nodeType&&11!=e.nodeType?e&&W(e,\"DETAILS\")&&!e.open&&!W(d,\"SUMMARY\")?!1:!!e&&c(e):!0}return Ic(a,!!b,c)});; return this._.apply(null,arguments);}).apply({navigator:typeof window!='undefined'?window.navigator:null,document:typeof window!='undefined'?window.document:null}, arguments);}\n).apply(null, arguments);", "args": [{"element-6066-11e4-a52e-4f735466cecf": "f.CFBC2EA626BB24417FB6E67B69DDE1F8.d.B3CB1F74AB3B75D5BDDD867E017B8E8B.e.264"}]}
DEBUG    urllib3.connectionpool:connectionpool.py:544 http://selenium-hub:4444 "POST /wd/hub/session/8dfb6f4bd79273fbcdac2178f2c1c748/execute/sync HTTP/1.1" 200 0
DEBUG    selenium.webdriver.remote.remote_connection:remote_connection.py:329 Remote response: status=200 | data={"value":true} | headers=HTTPHeaderDict({'content-length': '14', 'content-type': 'application/json; charset=utf-8', 'cache-control': 'no-cache'})
DEBUG    selenium.webdriver.remote.remote_connection:remote_connection.py:356 Finished Request
DEBUG    selenium.webdriver.remote.remote_connection:remote_connection.py:313 POST http://selenium-hub:4444/wd/hub/session/8dfb6f4bd79273fbcdac2178f2c1c748/element/f.CFBC2EA626BB24417FB6E67B69DDE1F8.d.B3CB1F74AB3B75D5BDDD867E017B8E8B.e.264/clear {}
DEBUG    urllib3.connectionpool:connectionpool.py:544 http://selenium-hub:4444 "POST /wd/hub/session/8dfb6f4bd79273fbcdac2178f2c1c748/element/f.CFBC2EA626BB24417FB6E67B69DDE1F8.d.B3CB1F74AB3B75D5BDDD867E017B8E8B.e.264/clear HTTP/1.1" 200 0
DEBUG    selenium.webdriver.remote.remote_connection:remote_connection.py:329 Remote response: status=200 | data={"value":null} | headers=HTTPHeaderDict({'content-length': '14', 'content-type': 'application/json; charset=utf-8', 'cache-control': 'no-cache'})
DEBUG    selenium.webdriver.remote.remote_connection:remote_connection.py:356 Finished Request
DEBUG    selenium.webdriver.remote.remote_connection:remote_connection.py:313 POST http://selenium-hub:4444/wd/hub/session/8dfb6f4bd79273fbcdac2178f2c1c748/element/f.CFBC2EA626BB24417FB6E67B69DDE1F8.d.B3CB1F74AB3B75D5BDDD867E017B8E8B.e.264/value {"text": "E2E Title", "value": ["E", "2", "E", " ", "T", "i", "t", "l", "e"]}
DEBUG    urllib3.connectionpool:connectionpool.py:544 http://selenium-hub:4444 "POST /wd/hub/session/8dfb6f4bd79273fbcdac2178f2c1c748/element/f.CFBC2EA626BB24417FB6E67B69DDE1F8.d.B3CB1F74AB3B75D5BDDD867E017B8E8B.e.264/value HTTP/1.1" 200 0
DEBUG    selenium.webdriver.remote.remote_connection:remote_connection.py:329 Remote response: status=200 | data={"value":null} | headers=HTTPHeaderDict({'content-length': '14', 'content-type': 'application/json; charset=utf-8', 'cache-control': 'no-cache'})
DEBUG    selenium.webdriver.remote.remote_connection:remote_connection.py:356 Finished Request
DEBUG    selenium.webdriver.remote.remote_connection:remote_connection.py:313 POST http://selenium-hub:4444/wd/hub/session/8dfb6f4bd79273fbcdac2178f2c1c748/element {"using": "css selector", "value": "[id=\"description\"]"}
DEBUG    urllib3.connectionpool:connectionpool.py:544 http://selenium-hub:4444 "POST /wd/hub/session/8dfb6f4bd79273fbcdac2178f2c1c748/element HTTP/1.1" 200 0
DEBUG    selenium.webdriver.remote.remote_connection:remote_connection.py:329 Remote response: status=200 | data={"value":{"element-6066-11e4-a52e-4f735466cecf":"f.CFBC2EA626BB24417FB6E67B69DDE1F8.d.B3CB1F74AB3B75D5BDDD867E017B8E8B.e.265"}} | headers=HTTPHeaderDict({'content-length': '127', 'content-type': 'application/json; charset=utf-8', 'cache-control': 'no-cache'})
DEBUG    selenium.webdriver.remote.remote_connection:remote_connection.py:356 Finished Request
DEBUG    selenium.webdriver.remote.remote_connection:remote_connection.py:313 POST http://selenium-hub:4444/wd/hub/session/8dfb6f4bd79273fbcdac2178f2c1c748/execute/sync {"script": "/* isDisplayed */return (function(){return (function(){var k=this||self;function aa(a){return\"string\"==typeof a}function ba(a,b){a=a.split(\".\");var c=k;a[0]in c||\"undefined\"==typeof c.execScript||c.execScript(\"var \"+a[0]);for(var d;a.length&&(d=a.shift());)a.length||void 0===b?c[d]&&c[d]!==Object.prototype[d]?c=c[d]:c=c[d]={}:c[d]=b}\nfunction ca(a){var b=typeof a;if(\"object\"==b)if(a){if(a instanceof Array)return\"array\";if(a instanceof Object)return b;var c=Object.prototype.toString.call(a);if(\"[object Window]\"==c)return\"object\";if(\"[object Array]\"==c||\"number\"==typeof a.length&&\"undefined\"!=typeof a.splice&&\"undefined\"!=typeof a.propertyIsEnumerable&&!a.propertyIsEnumerable(\"splice\"))return\"array\";if(\"[object Function]\"==c||\"undefined\"!=typeof a.call&&\"undefined\"!=typeof a.propertyIsEnumerable&&!a.propertyIsEnumerable(\"call\"))return\"function\"}else return\"null\";\nelse if(\"function\"==b&&\"undefined\"==typeof a.call)return\"object\";return b}function da(a,b,c){return a.call.apply(a.bind,arguments)}function ea(a,b,c){if(!a)throw Error();if(2<arguments.length){var d=Array.prototype.slice.call(arguments,2);return function(){var e=Array.prototype.slice.call(arguments);Array.prototype.unshift.apply(e,d);return a.apply(b,e)}}return function(){return a.apply(b,arguments)}}\nfunction fa(a,b,c){Function.prototype.bind&&-1!=Function.prototype.bind.toString().indexOf(\"native code\")?fa=da:fa=ea;return fa.apply(null,arguments)}function ha(a,b){var c=Array.prototype.slice.call(arguments,1);return function(){var d=c.slice();d.push.apply(d,arguments);return a.apply(this,d)}}function l(a,b){function c(){}c.prototype=b.prototype;a.prototype=new c;a.prototype.constructor=a};/*\n\n The MIT License\n\n Copyright (c) 2007 Cybozu Labs, Inc.\n Copyright (c) 2012 Google Inc.\n\n Permission is hereby granted, free of charge, to any person obtaining a copy\n of this software and associated documentation files (the \"Software\"), to\n deal in the Software without restriction, including without limitation the\n rights to use, copy, modify, merge, publish, distribute, sublicense, and/or\n sell copies of the Software, and to permit persons to whom the Software is\n furnished to do so, subject to the following conditions:\n\n The above copyright notice and this permission notice shall be included in\n all copies or substantial portions of the Software.\n\n THE SOFTWARE IS PROVIDED \"AS IS\", WITHOUT WARRANTY OF ANY KIND, EXPRESS OR\n IMPLIED, INCLUDING BUT NOT LIMITED TO THE WARRANTIES OF MERCHANTABILITY,\n FITNESS FOR A PARTICULAR PURPOSE AND NONINFRINGEMENT. IN NO EVENT SHALL THE\n AUTHORS OR COPYRIGHT HOLDERS BE LIABLE FOR ANY CLAIM, DAMAGES OR OTHER\n LIABILITY, WHETHER IN AN ACTION OF CONTRACT, TORT OR OTHERWISE, ARISING\n FROM, OUT OF OR IN CONNECTION WITH THE SOFTWARE OR THE USE OR OTHER DEALINGS\n IN THE SOFTWARE.\n*/\nfunction ia(a,b,c){this.a=a;this.b=b||1;this.f=c||1};var ja=Array.prototype.indexOf?function(a,b){return Array.prototype.indexOf.call(a,b,void 0)}:function(a,b){if(\"string\"===typeof a)return\"string\"!==typeof b||1!=b.length?-1:a.indexOf(b,0);for(var c=0;c<a.length;c++)if(c in a&&a[c]===b)return c;return-1},n=Array.prototype.forEach?function(a,b){Array.prototype.forEach.call(a,b,void 0)}:function(a,b){for(var c=a.length,d=\"string\"===typeof a?a.split(\"\"):a,e=0;e<c;e++)e in d&&b.call(void 0,d[e],e,a)},ka=Array.prototype.filter?function(a,b){return Array.prototype.filter.call(a,\nb,void 0)}:function(a,b){for(var c=a.length,d=[],e=0,f=\"string\"===typeof a?a.split(\"\"):a,g=0;g<c;g++)if(g in f){var h=f[g];b.call(void 0,h,g,a)&&(d[e++]=h)}return d},la=Array.prototype.reduce?function(a,b,c){return Array.prototype.reduce.call(a,b,c)}:function(a,b,c){var d=c;n(a,function(e,f){d=b.call(void 0,d,e,f,a)});return d},ma=Array.prototype.some?function(a,b){return Array.prototype.some.call(a,b,void 0)}:function(a,b){for(var c=a.length,d=\"string\"===typeof a?a.split(\"\"):a,e=0;e<c;e++)if(e in\nd&&b.call(void 0,d[e],e,a))return!0;return!1},na=Array.prototype.every?function(a,b){return Array.prototype.every.call(a,b,void 0)}:function(a,b){for(var c=a.length,d=\"string\"===typeof a?a.split(\"\"):a,e=0;e<c;e++)if(e in d&&!b.call(void 0,d[e],e,a))return!1;return!0};function oa(a,b){a:{for(var c=a.length,d=\"string\"===typeof a?a.split(\"\"):a,e=0;e<c;e++)if(e in d&&b.call(void 0,d[e],e,a)){b=e;break a}b=-1}return 0>b?null:\"string\"===typeof a?a.charAt(b):a[b]}\nfunction pa(a){return Array.prototype.concat.apply([],arguments)}function qa(a,b,c){return 2>=arguments.length?Array.prototype.slice.call(a,b):Array.prototype.slice.call(a,b,c)};var ra=String.prototype.trim?function(a){return a.trim()}:function(a){return/^[\\s\\xa0]*([\\s\\S]*?)[\\s\\xa0]*$/.exec(a)[1]};function sa(a,b){return a<b?-1:a>b?1:0};var t;a:{var ta=k.navigator;if(ta){var ua=ta.userAgent;if(ua){t=ua;break a}}t=\"\"}function u(a){return-1!=t.indexOf(a)};function va(){return u(\"Firefox\")||u(\"FxiOS\")}function wa(){return(u(\"Chrome\")||u(\"CriOS\"))&&!u(\"Edge\")};function xa(a){return String(a).replace(/\\-([a-z])/g,function(b,c){return c.toUpperCase()})};function ya(){return u(\"iPhone\")&&!u(\"iPod\")&&!u(\"iPad\")};function za(a,b){var c=Aa;return Object.prototype.hasOwnProperty.call(c,a)?c[a]:c[a]=b(a)};var Ba=u(\"Opera\"),v=u(\"Trident\")||u(\"MSIE\"),Ca=u(\"Edge\"),Da=u(\"Gecko\")&&!(-1!=t.toLowerCase().indexOf(\"webkit\")&&!u(\"Edge\"))&&!(u(\"Trident\")||u(\"MSIE\"))&&!u(\"Edge\"),Ea=-1!=t.toLowerCase().indexOf(\"webkit\")&&!u(\"Edge\");function Fa(){var a=k.document;return a?a.documentMode:void 0}var Ga;\na:{var Ha=\"\",Ia=function(){var a=t;if(Da)return/rv:([^\\);]+)(\\)|;)/.exec(a);if(Ca)return/Edge\\/([\\d\\.]+)/.exec(a);if(v)return/\\b(?:MSIE|rv)[: ]([^\\);]+)(\\)|;)/.exec(a);if(Ea)return/WebKit\\/(\\S+)/.exec(a);if(Ba)return/(?:Version)[ \\/]?(\\S+)/.exec(a)}();Ia&&(Ha=Ia?Ia[1]:\"\");if(v){var Ja=Fa();if(null!=Ja&&Ja>parseFloat(Ha)){Ga=String(Ja);break a}}Ga=Ha}var Aa={};\nfunction Ka(a){return za(a,function(){for(var b=0,c=ra(String(Ga)).split(\".\"),d=ra(String(a)).split(\".\"),e=Math.max(c.length,d.length),f=0;0==b&&f<e;f++){var g=c[f]||\"\",h=d[f]||\"\";do{g=/(\\d*)(\\D*)(.*)/.exec(g)||[\"\",\"\",\"\",\"\"];h=/(\\d*)(\\D*)(.*)/.exec(h)||[\"\",\"\",\"\",\"\"];if(0==g[0].length&&0==h[0].length)break;b=sa(0==g[1].length?0:parseInt(g[1],10),0==h[1].length?0:parseInt(h[1],10))||sa(0==g[2].length,0==h[2].length)||sa(g[2],h[2]);g=g[3];h=h[3]}while(0==b)}return 0<=b})}var La;\nLa=k.document&&v?Fa():void 0;var x=v&&!(9<=Number(La)),Ma=v&&!(8<=Number(La));function Na(a,b,c,d){this.a=a;this.nodeName=c;this.nodeValue=d;this.nodeType=2;this.parentNode=this.ownerElement=b}function Oa(a,b){var c=Ma&&\"href\"==b.nodeName?a.getAttribute(b.nodeName,2):b.nodeValue;return new Na(b,a,b.nodeName,c)};function Pa(a){this.b=a;this.a=0}function Qa(a){a=a.match(Ra);for(var b=0;b<a.length;b++)Sa.test(a[b])&&a.splice(b,1);return new Pa(a)}var Ra=/\\$?(?:(?![0-9-\\.])(?:\\*|[\\w-\\.]+):)?(?![0-9-\\.])(?:\\*|[\\w-\\.]+)|\\/\\/|\\.\\.|::|\\d+(?:\\.\\d*)?|\\.\\d+|\"[^\"]*\"|'[^']*'|[!<>]=|\\s+|./g,Sa=/^\\s/;function y(a,b){return a.b[a.a+(b||0)]}function z(a){return a.b[a.a++]}function Ta(a){return a.b.length<=a.a};function Ua(a,b){this.x=void 0!==a?a:0;this.y=void 0!==b?b:0}Ua.prototype.ceil=function(){this.x=Math.ceil(this.x);this.y=Math.ceil(this.y);return this};Ua.prototype.floor=function(){this.x=Math.floor(this.x);this.y=Math.floor(this.y);return this};Ua.prototype.round=function(){this.x=Math.round(this.x);this.y=Math.round(this.y);return this};function Va(a,b){this.width=a;this.height=b}Va.prototype.aspectRatio=function(){return this.width/this.height};Va.prototype.ceil=function(){this.width=Math.ceil(this.width);this.height=Math.ceil(this.height);return this};Va.prototype.floor=function(){this.width=Math.floor(this.width);this.height=Math.floor(this.height);return this};Va.prototype.round=function(){this.width=Math.round(this.width);this.height=Math.round(this.height);return this};function Wa(a,b){if(!a||!b)return!1;if(a.contains&&1==b.nodeType)return a==b||a.contains(b);if(\"undefined\"!=typeof a.compareDocumentPosition)return a==b||!!(a.compareDocumentPosition(b)&16);for(;b&&a!=b;)b=b.parentNode;return b==a}\nfunction Xa(a,b){if(a==b)return 0;if(a.compareDocumentPosition)return a.compareDocumentPosition(b)&2?1:-1;if(v&&!(9<=Number(La))){if(9==a.nodeType)return-1;if(9==b.nodeType)return 1}if(\"sourceIndex\"in a||a.parentNode&&\"sourceIndex\"in a.parentNode){var c=1==a.nodeType,d=1==b.nodeType;if(c&&d)return a.sourceIndex-b.sourceIndex;var e=a.parentNode,f=b.parentNode;return e==f?Ya(a,b):!c&&Wa(e,b)?-1*Za(a,b):!d&&Wa(f,a)?Za(b,a):(c?a.sourceIndex:e.sourceIndex)-(d?b.sourceIndex:f.sourceIndex)}d=A(a);c=d.createRange();\nc.selectNode(a);c.collapse(!0);a=d.createRange();a.selectNode(b);a.collapse(!0);return c.compareBoundaryPoints(k.Range.START_TO_END,a)}function Za(a,b){var c=a.parentNode;if(c==b)return-1;for(;b.parentNode!=c;)b=b.parentNode;return Ya(b,a)}function Ya(a,b){for(;b=b.previousSibling;)if(b==a)return-1;return 1}function A(a){return 9==a.nodeType?a:a.ownerDocument||a.document}function $a(a,b){a&&(a=a.parentNode);for(var c=0;a;){if(b(a))return a;a=a.parentNode;c++}return null}\nfunction ab(a){this.a=a||k.document||document}ab.prototype.getElementsByTagName=function(a,b){return(b||this.a).getElementsByTagName(String(a))};function B(a){var b=null,c=a.nodeType;1==c&&(b=a.textContent,b=void 0==b||null==b?a.innerText:b,b=void 0==b||null==b?\"\":b);if(\"string\"!=typeof b)if(x&&\"title\"==a.nodeName.toLowerCase()&&1==c)b=a.text;else if(9==c||1==c){a=9==c?a.documentElement:a.firstChild;c=0;var d=[];for(b=\"\";a;){do 1!=a.nodeType&&(b+=a.nodeValue),x&&\"title\"==a.nodeName.toLowerCase()&&(b+=a.text),d[c++]=a;while(a=a.firstChild);for(;c&&!(a=d[--c].nextSibling););}}else b=a.nodeValue;return b}\nfunction C(a,b,c){if(null===b)return!0;try{if(!a.getAttribute)return!1}catch(d){return!1}Ma&&\"class\"==b&&(b=\"className\");return null==c?!!a.getAttribute(b):a.getAttribute(b,2)==c}function bb(a,b,c,d,e){return(x?cb:db).call(null,a,b,aa(c)?c:null,aa(d)?d:null,e||new E)}\nfunction cb(a,b,c,d,e){if(a instanceof F||8==a.b||c&&null===a.b){var f=b.all;if(!f)return e;a=eb(a);if(\"*\"!=a&&(f=b.getElementsByTagName(a),!f))return e;if(c){for(var g=[],h=0;b=f[h++];)C(b,c,d)&&g.push(b);f=g}for(h=0;b=f[h++];)\"*\"==a&&\"!\"==b.tagName||e.add(b);return e}gb(a,b,c,d,e);return e}\nfunction db(a,b,c,d,e){b.getElementsByName&&d&&\"name\"==c&&!v?(b=b.getElementsByName(d),n(b,function(f){a.a(f)&&e.add(f)})):b.getElementsByClassName&&d&&\"class\"==c?(b=b.getElementsByClassName(d),n(b,function(f){f.className==d&&a.a(f)&&e.add(f)})):a instanceof G?gb(a,b,c,d,e):b.getElementsByTagName&&(b=b.getElementsByTagName(a.f()),n(b,function(f){C(f,c,d)&&e.add(f)}));return e}\nfunction hb(a,b,c,d,e){var f;if((a instanceof F||8==a.b||c&&null===a.b)&&(f=b.childNodes)){var g=eb(a);if(\"*\"!=g&&(f=ka(f,function(h){return h.tagName&&h.tagName.toLowerCase()==g}),!f))return e;c&&(f=ka(f,function(h){return C(h,c,d)}));n(f,function(h){\"*\"==g&&(\"!\"==h.tagName||\"*\"==g&&1!=h.nodeType)||e.add(h)});return e}return ib(a,b,c,d,e)}function ib(a,b,c,d,e){for(b=b.firstChild;b;b=b.nextSibling)C(b,c,d)&&a.a(b)&&e.add(b);return e}\nfunction gb(a,b,c,d,e){for(b=b.firstChild;b;b=b.nextSibling)C(b,c,d)&&a.a(b)&&e.add(b),gb(a,b,c,d,e)}function eb(a){if(a instanceof G){if(8==a.b)return\"!\";if(null===a.b)return\"*\"}return a.f()};function E(){this.b=this.a=null;this.l=0}function jb(a){this.f=a;this.a=this.b=null}function kb(a,b){if(!a.a)return b;if(!b.a)return a;var c=a.a;b=b.a;for(var d=null,e,f=0;c&&b;){e=c.f;var g=b.f;e==g||e instanceof Na&&g instanceof Na&&e.a==g.a?(e=c,c=c.a,b=b.a):0<Xa(c.f,b.f)?(e=b,b=b.a):(e=c,c=c.a);(e.b=d)?d.a=e:a.a=e;d=e;f++}for(e=c||b;e;)e.b=d,d=d.a=e,f++,e=e.a;a.b=d;a.l=f;return a}function lb(a,b){b=new jb(b);b.a=a.a;a.b?a.a.b=b:a.a=a.b=b;a.a=b;a.l++}\nE.prototype.add=function(a){a=new jb(a);a.b=this.b;this.a?this.b.a=a:this.a=this.b=a;this.b=a;this.l++};function mb(a){return(a=a.a)?a.f:null}function nb(a){return(a=mb(a))?B(a):\"\"}function H(a,b){return new ob(a,!!b)}function ob(a,b){this.f=a;this.b=(this.s=b)?a.b:a.a;this.a=null}function I(a){var b=a.b;if(null==b)return null;var c=a.a=b;a.b=a.s?b.b:b.a;return c.f};function J(a){this.i=a;this.b=this.g=!1;this.f=null}function K(a){return\"\\n  \"+a.toString().split(\"\\n\").join(\"\\n  \")}function pb(a,b){a.g=b}function qb(a,b){a.b=b}function N(a,b){a=a.a(b);return a instanceof E?+nb(a):+a}function O(a,b){a=a.a(b);return a instanceof E?nb(a):\"\"+a}function rb(a,b){a=a.a(b);return a instanceof E?!!a.l:!!a};function sb(a,b,c){J.call(this,a.i);this.c=a;this.h=b;this.o=c;this.g=b.g||c.g;this.b=b.b||c.b;this.c==tb&&(c.b||c.g||4==c.i||0==c.i||!b.f?b.b||b.g||4==b.i||0==b.i||!c.f||(this.f={name:c.f.name,u:b}):this.f={name:b.f.name,u:c})}l(sb,J);\nfunction ub(a,b,c,d,e){b=b.a(d);c=c.a(d);var f;if(b instanceof E&&c instanceof E){b=H(b);for(d=I(b);d;d=I(b))for(e=H(c),f=I(e);f;f=I(e))if(a(B(d),B(f)))return!0;return!1}if(b instanceof E||c instanceof E){b instanceof E?(e=b,d=c):(e=c,d=b);f=H(e);for(var g=typeof d,h=I(f);h;h=I(f)){switch(g){case \"number\":h=+B(h);break;case \"boolean\":h=!!B(h);break;case \"string\":h=B(h);break;default:throw Error(\"Illegal primitive type for comparison.\");}if(e==b&&a(h,d)||e==c&&a(d,h))return!0}return!1}return e?\"boolean\"==\ntypeof b||\"boolean\"==typeof c?a(!!b,!!c):\"number\"==typeof b||\"number\"==typeof c?a(+b,+c):a(b,c):a(+b,+c)}sb.prototype.a=function(a){return this.c.m(this.h,this.o,a)};sb.prototype.toString=function(){var a=\"Binary Expression: \"+this.c;a+=K(this.h);return a+=K(this.o)};function vb(a,b,c,d){this.I=a;this.D=b;this.i=c;this.m=d}vb.prototype.toString=function(){return this.I};var wb={};\nfunction P(a,b,c,d){if(wb.hasOwnProperty(a))throw Error(\"Binary operator already created: \"+a);a=new vb(a,b,c,d);return wb[a.toString()]=a}P(\"div\",6,1,function(a,b,c){return N(a,c)/N(b,c)});P(\"mod\",6,1,function(a,b,c){return N(a,c)%N(b,c)});P(\"*\",6,1,function(a,b,c){return N(a,c)*N(b,c)});P(\"+\",5,1,function(a,b,c){return N(a,c)+N(b,c)});P(\"-\",5,1,function(a,b,c){return N(a,c)-N(b,c)});P(\"<\",4,2,function(a,b,c){return ub(function(d,e){return d<e},a,b,c)});\nP(\">\",4,2,function(a,b,c){return ub(function(d,e){return d>e},a,b,c)});P(\"<=\",4,2,function(a,b,c){return ub(function(d,e){return d<=e},a,b,c)});P(\">=\",4,2,function(a,b,c){return ub(function(d,e){return d>=e},a,b,c)});var tb=P(\"=\",3,2,function(a,b,c){return ub(function(d,e){return d==e},a,b,c,!0)});P(\"!=\",3,2,function(a,b,c){return ub(function(d,e){return d!=e},a,b,c,!0)});P(\"and\",2,2,function(a,b,c){return rb(a,c)&&rb(b,c)});P(\"or\",1,2,function(a,b,c){return rb(a,c)||rb(b,c)});function xb(a,b){if(b.a.length&&4!=a.i)throw Error(\"Primary expression must evaluate to nodeset if filter has predicate(s).\");J.call(this,a.i);this.c=a;this.h=b;this.g=a.g;this.b=a.b}l(xb,J);xb.prototype.a=function(a){a=this.c.a(a);return yb(this.h,a)};xb.prototype.toString=function(){var a=\"Filter:\"+K(this.c);return a+=K(this.h)};function zb(a,b){if(b.length<a.C)throw Error(\"Function \"+a.j+\" expects at least\"+a.C+\" arguments, \"+b.length+\" given\");if(null!==a.B&&b.length>a.B)throw Error(\"Function \"+a.j+\" expects at most \"+a.B+\" arguments, \"+b.length+\" given\");a.H&&n(b,function(c,d){if(4!=c.i)throw Error(\"Argument \"+d+\" to function \"+a.j+\" is not of type Nodeset: \"+c);});J.call(this,a.i);this.v=a;this.c=b;pb(this,a.g||ma(b,function(c){return c.g}));qb(this,a.G&&!b.length||a.F&&!!b.length||ma(b,function(c){return c.b}))}\nl(zb,J);zb.prototype.a=function(a){return this.v.m.apply(null,pa(a,this.c))};zb.prototype.toString=function(){var a=\"Function: \"+this.v;if(this.c.length){var b=la(this.c,function(c,d){return c+K(d)},\"Arguments:\");a+=K(b)}return a};function Ab(a,b,c,d,e,f,g,h){this.j=a;this.i=b;this.g=c;this.G=d;this.F=!1;this.m=e;this.C=f;this.B=void 0!==g?g:f;this.H=!!h}Ab.prototype.toString=function(){return this.j};var Bb={};\nfunction Q(a,b,c,d,e,f,g,h){if(Bb.hasOwnProperty(a))throw Error(\"Function already created: \"+a+\".\");Bb[a]=new Ab(a,b,c,d,e,f,g,h)}Q(\"boolean\",2,!1,!1,function(a,b){return rb(b,a)},1);Q(\"ceiling\",1,!1,!1,function(a,b){return Math.ceil(N(b,a))},1);Q(\"concat\",3,!1,!1,function(a,b){return la(qa(arguments,1),function(c,d){return c+O(d,a)},\"\")},2,null);Q(\"contains\",2,!1,!1,function(a,b,c){b=O(b,a);a=O(c,a);return-1!=b.indexOf(a)},2);Q(\"count\",1,!1,!1,function(a,b){return b.a(a).l},1,1,!0);\nQ(\"false\",2,!1,!1,function(){return!1},0);Q(\"floor\",1,!1,!1,function(a,b){return Math.floor(N(b,a))},1);Q(\"id\",4,!1,!1,function(a,b){function c(h){if(x){var m=e.all[h];if(m){if(m.nodeType&&h==m.id)return m;if(m.length)return oa(m,function(w){return h==w.id})}return null}return e.getElementById(h)}var d=a.a,e=9==d.nodeType?d:d.ownerDocument;a=O(b,a).split(/\\s+/);var f=[];n(a,function(h){h=c(h);!h||0<=ja(f,h)||f.push(h)});f.sort(Xa);var g=new E;n(f,function(h){g.add(h)});return g},1);\nQ(\"lang\",2,!1,!1,function(){return!1},1);Q(\"last\",1,!0,!1,function(a){if(1!=arguments.length)throw Error(\"Function last expects ()\");return a.f},0);Q(\"local-name\",3,!1,!0,function(a,b){return(a=b?mb(b.a(a)):a.a)?a.localName||a.nodeName.toLowerCase():\"\"},0,1,!0);Q(\"name\",3,!1,!0,function(a,b){return(a=b?mb(b.a(a)):a.a)?a.nodeName.toLowerCase():\"\"},0,1,!0);Q(\"namespace-uri\",3,!0,!1,function(){return\"\"},0,1,!0);\nQ(\"normalize-space\",3,!1,!0,function(a,b){return(b?O(b,a):B(a.a)).replace(/[\\s\\xa0]+/g,\" \").replace(/^\\s+|\\s+$/g,\"\")},0,1);Q(\"not\",2,!1,!1,function(a,b){return!rb(b,a)},1);Q(\"number\",1,!1,!0,function(a,b){return b?N(b,a):+B(a.a)},0,1);Q(\"position\",1,!0,!1,function(a){return a.b},0);Q(\"round\",1,!1,!1,function(a,b){return Math.round(N(b,a))},1);Q(\"starts-with\",2,!1,!1,function(a,b,c){b=O(b,a);a=O(c,a);return 0==b.lastIndexOf(a,0)},2);Q(\"string\",3,!1,!0,function(a,b){return b?O(b,a):B(a.a)},0,1);\nQ(\"string-length\",1,!1,!0,function(a,b){return(b?O(b,a):B(a.a)).length},0,1);Q(\"substring\",3,!1,!1,function(a,b,c,d){c=N(c,a);if(isNaN(c)||Infinity==c||-Infinity==c)return\"\";d=d?N(d,a):Infinity;if(isNaN(d)||-Infinity===d)return\"\";c=Math.round(c)-1;var e=Math.max(c,0);a=O(b,a);return Infinity==d?a.substring(e):a.substring(e,c+Math.round(d))},2,3);Q(\"substring-after\",3,!1,!1,function(a,b,c){b=O(b,a);a=O(c,a);c=b.indexOf(a);return-1==c?\"\":b.substring(c+a.length)},2);\nQ(\"substring-before\",3,!1,!1,function(a,b,c){b=O(b,a);a=O(c,a);a=b.indexOf(a);return-1==a?\"\":b.substring(0,a)},2);Q(\"sum\",1,!1,!1,function(a,b){a=H(b.a(a));b=0;for(var c=I(a);c;c=I(a))b+=+B(c);return b},1,1,!0);Q(\"translate\",3,!1,!1,function(a,b,c,d){b=O(b,a);c=O(c,a);var e=O(d,a);a={};for(d=0;d<c.length;d++){var f=c.charAt(d);f in a||(a[f]=e.charAt(d))}c=\"\";for(d=0;d<b.length;d++)f=b.charAt(d),c+=f in a?a[f]:f;return c},3);Q(\"true\",2,!1,!1,function(){return!0},0);function G(a,b){this.h=a;this.c=void 0!==b?b:null;this.b=null;switch(a){case \"comment\":this.b=8;break;case \"text\":this.b=3;break;case \"processing-instruction\":this.b=7;break;case \"node\":break;default:throw Error(\"Unexpected argument\");}}function Cb(a){return\"comment\"==a||\"text\"==a||\"processing-instruction\"==a||\"node\"==a}G.prototype.a=function(a){return null===this.b||this.b==a.nodeType};G.prototype.f=function(){return this.h};\nG.prototype.toString=function(){var a=\"Kind Test: \"+this.h;null===this.c||(a+=K(this.c));return a};function Db(a){J.call(this,3);this.c=a.substring(1,a.length-1)}l(Db,J);Db.prototype.a=function(){return this.c};Db.prototype.toString=function(){return\"Literal: \"+this.c};function F(a,b){this.j=a.toLowerCase();a=\"*\"==this.j?\"*\":\"http://www.w3.org/1999/xhtml\";this.c=b?b.toLowerCase():a}F.prototype.a=function(a){var b=a.nodeType;if(1!=b&&2!=b)return!1;b=void 0!==a.localName?a.localName:a.nodeName;return\"*\"!=this.j&&this.j!=b.toLowerCase()?!1:\"*\"==this.c?!0:this.c==(a.namespaceURI?a.namespaceURI.toLowerCase():\"http://www.w3.org/1999/xhtml\")};F.prototype.f=function(){return this.j};\nF.prototype.toString=function(){return\"Name Test: \"+(\"http://www.w3.org/1999/xhtml\"==this.c?\"\":this.c+\":\")+this.j};function Eb(a){J.call(this,1);this.c=a}l(Eb,J);Eb.prototype.a=function(){return this.c};Eb.prototype.toString=function(){return\"Number: \"+this.c};function Fb(a,b){J.call(this,a.i);this.h=a;this.c=b;this.g=a.g;this.b=a.b;1==this.c.length&&(a=this.c[0],a.A||a.c!=Gb||(a=a.o,\"*\"!=a.f()&&(this.f={name:a.f(),u:null})))}l(Fb,J);function Hb(){J.call(this,4)}l(Hb,J);Hb.prototype.a=function(a){var b=new E;a=a.a;9==a.nodeType?b.add(a):b.add(a.ownerDocument);return b};Hb.prototype.toString=function(){return\"Root Helper Expression\"};function Ib(){J.call(this,4)}l(Ib,J);Ib.prototype.a=function(a){var b=new E;b.add(a.a);return b};Ib.prototype.toString=function(){return\"Context Helper Expression\"};\nfunction Jb(a){return\"/\"==a||\"//\"==a}Fb.prototype.a=function(a){var b=this.h.a(a);if(!(b instanceof E))throw Error(\"Filter expression must evaluate to nodeset.\");a=this.c;for(var c=0,d=a.length;c<d&&b.l;c++){var e=a[c],f=H(b,e.c.s);if(e.g||e.c!=Kb)if(e.g||e.c!=Lb){var g=I(f);for(b=e.a(new ia(g));null!=(g=I(f));)g=e.a(new ia(g)),b=kb(b,g)}else g=I(f),b=e.a(new ia(g));else{for(g=I(f);(b=I(f))&&(!g.contains||g.contains(b))&&b.compareDocumentPosition(g)&8;g=b);b=e.a(new ia(g))}}return b};\nFb.prototype.toString=function(){var a=\"Path Expression:\"+K(this.h);if(this.c.length){var b=la(this.c,function(c,d){return c+K(d)},\"Steps:\");a+=K(b)}return a};function Mb(a,b){this.a=a;this.s=!!b}\nfunction yb(a,b,c){for(c=c||0;c<a.a.length;c++)for(var d=a.a[c],e=H(b),f=b.l,g,h=0;g=I(e);h++){var m=a.s?f-h:h+1;g=d.a(new ia(g,m,f));if(\"number\"==typeof g)m=m==g;else if(\"string\"==typeof g||\"boolean\"==typeof g)m=!!g;else if(g instanceof E)m=0<g.l;else throw Error(\"Predicate.evaluate returned an unexpected type.\");if(!m){m=e;g=m.f;var w=m.a;if(!w)throw Error(\"Next must be called at least once before remove.\");var r=w.b;w=w.a;r?r.a=w:g.a=w;w?w.b=r:g.b=r;g.l--;m.a=null}}return b}\nMb.prototype.toString=function(){return la(this.a,function(a,b){return a+K(b)},\"Predicates:\")};function R(a,b,c,d){J.call(this,4);this.c=a;this.o=b;this.h=c||new Mb([]);this.A=!!d;b=this.h;b=0<b.a.length?b.a[0].f:null;a.J&&b&&(a=b.name,a=x?a.toLowerCase():a,this.f={name:a,u:b.u});a:{a=this.h;for(b=0;b<a.a.length;b++)if(c=a.a[b],c.g||1==c.i||0==c.i){a=!0;break a}a=!1}this.g=a}l(R,J);\nR.prototype.a=function(a){var b=a.a,c=this.f,d=null,e=null,f=0;c&&(d=c.name,e=c.u?O(c.u,a):null,f=1);if(this.A)if(this.g||this.c!=Nb)if(b=H((new R(Ob,new G(\"node\"))).a(a)),c=I(b))for(a=this.m(c,d,e,f);null!=(c=I(b));)a=kb(a,this.m(c,d,e,f));else a=new E;else a=bb(this.o,b,d,e),a=yb(this.h,a,f);else a=this.m(a.a,d,e,f);return a};R.prototype.m=function(a,b,c,d){a=this.c.v(this.o,a,b,c);return a=yb(this.h,a,d)};\nR.prototype.toString=function(){var a=\"Step:\"+K(\"Operator: \"+(this.A?\"//\":\"/\"));this.c.j&&(a+=K(\"Axis: \"+this.c));a+=K(this.o);if(this.h.a.length){var b=la(this.h.a,function(c,d){return c+K(d)},\"Predicates:\");a+=K(b)}return a};function Pb(a,b,c,d){this.j=a;this.v=b;this.s=c;this.J=d}Pb.prototype.toString=function(){return this.j};var Qb={};function S(a,b,c,d){if(Qb.hasOwnProperty(a))throw Error(\"Axis already created: \"+a);b=new Pb(a,b,c,!!d);return Qb[a]=b}\nS(\"ancestor\",function(a,b){for(var c=new E;b=b.parentNode;)a.a(b)&&lb(c,b);return c},!0);S(\"ancestor-or-self\",function(a,b){var c=new E;do a.a(b)&&lb(c,b);while(b=b.parentNode);return c},!0);\nvar Gb=S(\"attribute\",function(a,b){var c=new E,d=a.f();if(\"style\"==d&&x&&b.style)return c.add(new Na(b.style,b,\"style\",b.style.cssText)),c;var e=b.attributes;if(e)if(a instanceof G&&null===a.b||\"*\"==d)for(a=0;d=e[a];a++)x?d.nodeValue&&c.add(Oa(b,d)):c.add(d);else(d=e.getNamedItem(d))&&(x?d.nodeValue&&c.add(Oa(b,d)):c.add(d));return c},!1),Nb=S(\"child\",function(a,b,c,d,e){return(x?hb:ib).call(null,a,b,aa(c)?c:null,aa(d)?d:null,e||new E)},!1,!0);S(\"descendant\",bb,!1,!0);\nvar Ob=S(\"descendant-or-self\",function(a,b,c,d){var e=new E;C(b,c,d)&&a.a(b)&&e.add(b);return bb(a,b,c,d,e)},!1,!0),Kb=S(\"following\",function(a,b,c,d){var e=new E;do for(var f=b;f=f.nextSibling;)C(f,c,d)&&a.a(f)&&e.add(f),e=bb(a,f,c,d,e);while(b=b.parentNode);return e},!1,!0);S(\"following-sibling\",function(a,b){for(var c=new E;b=b.nextSibling;)a.a(b)&&c.add(b);return c},!1);S(\"namespace\",function(){return new E},!1);\nvar Rb=S(\"parent\",function(a,b){var c=new E;if(9==b.nodeType)return c;if(2==b.nodeType)return c.add(b.ownerElement),c;b=b.parentNode;a.a(b)&&c.add(b);return c},!1),Lb=S(\"preceding\",function(a,b,c,d){var e=new E,f=[];do f.unshift(b);while(b=b.parentNode);for(var g=1,h=f.length;g<h;g++){var m=[];for(b=f[g];b=b.previousSibling;)m.unshift(b);for(var w=0,r=m.length;w<r;w++)b=m[w],C(b,c,d)&&a.a(b)&&e.add(b),e=bb(a,b,c,d,e)}return e},!0,!0);\nS(\"preceding-sibling\",function(a,b){for(var c=new E;b=b.previousSibling;)a.a(b)&&lb(c,b);return c},!0);var Sb=S(\"self\",function(a,b){var c=new E;a.a(b)&&c.add(b);return c},!1);function Tb(a){J.call(this,1);this.c=a;this.g=a.g;this.b=a.b}l(Tb,J);Tb.prototype.a=function(a){return-N(this.c,a)};Tb.prototype.toString=function(){return\"Unary Expression: -\"+K(this.c)};function Ub(a){J.call(this,4);this.c=a;pb(this,ma(this.c,function(b){return b.g}));qb(this,ma(this.c,function(b){return b.b}))}l(Ub,J);Ub.prototype.a=function(a){var b=new E;n(this.c,function(c){c=c.a(a);if(!(c instanceof E))throw Error(\"Path expression must evaluate to NodeSet.\");b=kb(b,c)});return b};Ub.prototype.toString=function(){return la(this.c,function(a,b){return a+K(b)},\"Union Expression:\")};function Vb(a,b){this.a=a;this.b=b}function Yb(a){for(var b,c=[];;){T(a,\"Missing right hand side of binary expression.\");b=Zb(a);var d=z(a.a);if(!d)break;var e=(d=wb[d]||null)&&d.D;if(!e){a.a.a--;break}for(;c.length&&e<=c[c.length-1].D;)b=new sb(c.pop(),c.pop(),b);c.push(b,d)}for(;c.length;)b=new sb(c.pop(),c.pop(),b);return b}function T(a,b){if(Ta(a.a))throw Error(b);}function $b(a,b){a=z(a.a);if(a!=b)throw Error(\"Bad token, expected: \"+b+\" got: \"+a);}\nfunction ac(a){a=z(a.a);if(\")\"!=a)throw Error(\"Bad token: \"+a);}function bc(a){a=z(a.a);if(2>a.length)throw Error(\"Unclosed literal string\");return new Db(a)}\nfunction cc(a){var b=[];if(Jb(y(a.a))){var c=z(a.a);var d=y(a.a);if(\"/\"==c&&(Ta(a.a)||\".\"!=d&&\"..\"!=d&&\"@\"!=d&&\"*\"!=d&&!/(?![0-9])[\\w]/.test(d)))return new Hb;d=new Hb;T(a,\"Missing next location step.\");c=dc(a,c);b.push(c)}else{a:{c=y(a.a);d=c.charAt(0);switch(d){case \"$\":throw Error(\"Variable reference not allowed in HTML XPath\");case \"(\":z(a.a);c=Yb(a);T(a,'unclosed \"(\"');$b(a,\")\");break;case '\"':case \"'\":c=bc(a);break;default:if(isNaN(+c))if(!Cb(c)&&/(?![0-9])[\\w]/.test(d)&&\"(\"==y(a.a,1)){c=z(a.a);\nc=Bb[c]||null;z(a.a);for(d=[];\")\"!=y(a.a);){T(a,\"Missing function argument list.\");d.push(Yb(a));if(\",\"!=y(a.a))break;z(a.a)}T(a,\"Unclosed function argument list.\");ac(a);c=new zb(c,d)}else{c=null;break a}else c=new Eb(+z(a.a))}\"[\"==y(a.a)&&(d=new Mb(ec(a)),c=new xb(c,d))}if(c)if(Jb(y(a.a)))d=c;else return c;else c=dc(a,\"/\"),d=new Ib,b.push(c)}for(;Jb(y(a.a));)c=z(a.a),T(a,\"Missing next location step.\"),c=dc(a,c),b.push(c);return new Fb(d,b)}\nfunction dc(a,b){if(\"/\"!=b&&\"//\"!=b)throw Error('Step op should be \"/\" or \"//\"');if(\".\"==y(a.a)){var c=new R(Sb,new G(\"node\"));z(a.a);return c}if(\"..\"==y(a.a))return c=new R(Rb,new G(\"node\")),z(a.a),c;if(\"@\"==y(a.a)){var d=Gb;z(a.a);T(a,\"Missing attribute name\")}else if(\"::\"==y(a.a,1)){if(!/(?![0-9])[\\w]/.test(y(a.a).charAt(0)))throw Error(\"Bad token: \"+z(a.a));var e=z(a.a);d=Qb[e]||null;if(!d)throw Error(\"No axis with name: \"+e);z(a.a);T(a,\"Missing node name\")}else d=Nb;e=y(a.a);if(/(?![0-9])[\\w\\*]/.test(e.charAt(0)))if(\"(\"==\ny(a.a,1)){if(!Cb(e))throw Error(\"Invalid node type: \"+e);e=z(a.a);if(!Cb(e))throw Error(\"Invalid type name: \"+e);$b(a,\"(\");T(a,\"Bad nodetype\");var f=y(a.a).charAt(0),g=null;if('\"'==f||\"'\"==f)g=bc(a);T(a,\"Bad nodetype\");ac(a);e=new G(e,g)}else if(e=z(a.a),f=e.indexOf(\":\"),-1==f)e=new F(e);else{g=e.substring(0,f);if(\"*\"==g)var h=\"*\";else if(h=a.b(g),!h)throw Error(\"Namespace prefix not declared: \"+g);e=e.substr(f+1);e=new F(e,h)}else throw Error(\"Bad token: \"+z(a.a));a=new Mb(ec(a),d.s);return c||new R(d,\ne,a,\"//\"==b)}function ec(a){for(var b=[];\"[\"==y(a.a);){z(a.a);T(a,\"Missing predicate expression.\");var c=Yb(a);b.push(c);T(a,\"Unclosed predicate expression.\");$b(a,\"]\")}return b}function Zb(a){if(\"-\"==y(a.a))return z(a.a),new Tb(Zb(a));var b=cc(a);if(\"|\"!=y(a.a))a=b;else{for(b=[b];\"|\"==z(a.a);)T(a,\"Missing next union location path.\"),b.push(cc(a));a.a.a--;a=new Ub(b)}return a};function fc(a){switch(a.nodeType){case 1:return ha(gc,a);case 9:return fc(a.documentElement);case 11:case 10:case 6:case 12:return hc;default:return a.parentNode?fc(a.parentNode):hc}}function hc(){return null}function gc(a,b){if(a.prefix==b)return a.namespaceURI||\"http://www.w3.org/1999/xhtml\";var c=a.getAttributeNode(\"xmlns:\"+b);return c&&c.specified?c.value||null:a.parentNode&&9!=a.parentNode.nodeType?gc(a.parentNode,b):null};function ic(a,b){if(!a.length)throw Error(\"Empty XPath expression.\");a=Qa(a);if(Ta(a))throw Error(\"Invalid XPath expression.\");b?\"function\"==ca(b)||(b=fa(b.lookupNamespaceURI,b)):b=function(){return null};var c=Yb(new Vb(a,b));if(!Ta(a))throw Error(\"Bad token: \"+z(a));this.evaluate=function(d,e){d=c.a(new ia(d));return new U(d,e)}}\nfunction U(a,b){if(0==b)if(a instanceof E)b=4;else if(\"string\"==typeof a)b=2;else if(\"number\"==typeof a)b=1;else if(\"boolean\"==typeof a)b=3;else throw Error(\"Unexpected evaluation result.\");if(2!=b&&1!=b&&3!=b&&!(a instanceof E))throw Error(\"value could not be converted to the specified type\");this.resultType=b;switch(b){case 2:this.stringValue=a instanceof E?nb(a):\"\"+a;break;case 1:this.numberValue=a instanceof E?+nb(a):+a;break;case 3:this.booleanValue=a instanceof E?0<a.l:!!a;break;case 4:case 5:case 6:case 7:var c=\nH(a);var d=[];for(var e=I(c);e;e=I(c))d.push(e instanceof Na?e.a:e);this.snapshotLength=a.l;this.invalidIteratorState=!1;break;case 8:case 9:a=mb(a);this.singleNodeValue=a instanceof Na?a.a:a;break;default:throw Error(\"Unknown XPathResult type.\");}var f=0;this.iterateNext=function(){if(4!=b&&5!=b)throw Error(\"iterateNext called with wrong result type\");return f>=d.length?null:d[f++]};this.snapshotItem=function(g){if(6!=b&&7!=b)throw Error(\"snapshotItem called with wrong result type\");return g>=d.length||\n0>g?null:d[g]}}U.ANY_TYPE=0;U.NUMBER_TYPE=1;U.STRING_TYPE=2;U.BOOLEAN_TYPE=3;U.UNORDERED_NODE_ITERATOR_TYPE=4;U.ORDERED_NODE_ITERATOR_TYPE=5;U.UNORDERED_NODE_SNAPSHOT_TYPE=6;U.ORDERED_NODE_SNAPSHOT_TYPE=7;U.ANY_UNORDERED_NODE_TYPE=8;U.FIRST_ORDERED_NODE_TYPE=9;function jc(a){this.lookupNamespaceURI=fc(a)}\nfunction kc(a,b){a=a||k;var c=a.Document&&a.Document.prototype||a.document;if(!c.evaluate||b)a.XPathResult=U,c.evaluate=function(d,e,f,g){return(new ic(d,f)).evaluate(e,g)},c.createExpression=function(d,e){return new ic(d,e)},c.createNSResolver=function(d){return new jc(d)}}ba(\"wgxpath.install\",kc);ba(\"wgxpath.install\",kc);var lc={aliceblue:\"#f0f8ff\",antiquewhite:\"#faebd7\",aqua:\"#00ffff\",aquamarine:\"#7fffd4\",azure:\"#f0ffff\",beige:\"#f5f5dc\",bisque:\"#ffe4c4\",black:\"#000000\",blanchedalmond:\"#ffebcd\",blue:\"#0000ff\",blueviolet:\"#8a2be2\",brown:\"#a52a2a\",burlywood:\"#deb887\",cadetblue:\"#5f9ea0\",chartreuse:\"#7fff00\",chocolate:\"#d2691e\",coral:\"#ff7f50\",cornflowerblue:\"#6495ed\",cornsilk:\"#fff8dc\",crimson:\"#dc143c\",cyan:\"#00ffff\",darkblue:\"#00008b\",darkcyan:\"#008b8b\",darkgoldenrod:\"#b8860b\",darkgray:\"#a9a9a9\",darkgreen:\"#006400\",\ndarkgrey:\"#a9a9a9\",darkkhaki:\"#bdb76b\",darkmagenta:\"#8b008b\",darkolivegreen:\"#556b2f\",darkorange:\"#ff8c00\",darkorchid:\"#9932cc\",darkred:\"#8b0000\",darksalmon:\"#e9967a\",darkseagreen:\"#8fbc8f\",darkslateblue:\"#483d8b\",darkslategray:\"#2f4f4f\",darkslategrey:\"#2f4f4f\",darkturquoise:\"#00ced1\",darkviolet:\"#9400d3\",deeppink:\"#ff1493\",deepskyblue:\"#00bfff\",dimgray:\"#696969\",dimgrey:\"#696969\",dodgerblue:\"#1e90ff\",firebrick:\"#b22222\",floralwhite:\"#fffaf0\",forestgreen:\"#228b22\",fuchsia:\"#ff00ff\",gainsboro:\"#dcdcdc\",\nghostwhite:\"#f8f8ff\",gold:\"#ffd700\",goldenrod:\"#daa520\",gray:\"#808080\",green:\"#008000\",greenyellow:\"#adff2f\",grey:\"#808080\",honeydew:\"#f0fff0\",hotpink:\"#ff69b4\",indianred:\"#cd5c5c\",indigo:\"#4b0082\",ivory:\"#fffff0\",khaki:\"#f0e68c\",lavender:\"#e6e6fa\",lavenderblush:\"#fff0f5\",lawngreen:\"#7cfc00\",lemonchiffon:\"#fffacd\",lightblue:\"#add8e6\",lightcoral:\"#f08080\",lightcyan:\"#e0ffff\",lightgoldenrodyellow:\"#fafad2\",lightgray:\"#d3d3d3\",lightgreen:\"#90ee90\",lightgrey:\"#d3d3d3\",lightpink:\"#ffb6c1\",lightsalmon:\"#ffa07a\",\nlightseagreen:\"#20b2aa\",lightskyblue:\"#87cefa\",lightslategray:\"#778899\",lightslategrey:\"#778899\",lightsteelblue:\"#b0c4de\",lightyellow:\"#ffffe0\",lime:\"#00ff00\",limegreen:\"#32cd32\",linen:\"#faf0e6\",magenta:\"#ff00ff\",maroon:\"#800000\",mediumaquamarine:\"#66cdaa\",mediumblue:\"#0000cd\",mediumorchid:\"#ba55d3\",mediumpurple:\"#9370db\",mediumseagreen:\"#3cb371\",mediumslateblue:\"#7b68ee\",mediumspringgreen:\"#00fa9a\",mediumturquoise:\"#48d1cc\",mediumvioletred:\"#c71585\",midnightblue:\"#191970\",mintcream:\"#f5fffa\",mistyrose:\"#ffe4e1\",\nmoccasin:\"#ffe4b5\",navajowhite:\"#ffdead\",navy:\"#000080\",oldlace:\"#fdf5e6\",olive:\"#808000\",olivedrab:\"#6b8e23\",orange:\"#ffa500\",orangered:\"#ff4500\",orchid:\"#da70d6\",palegoldenrod:\"#eee8aa\",palegreen:\"#98fb98\",paleturquoise:\"#afeeee\",palevioletred:\"#db7093\",papayawhip:\"#ffefd5\",peachpuff:\"#ffdab9\",peru:\"#cd853f\",pink:\"#ffc0cb\",plum:\"#dda0dd\",powderblue:\"#b0e0e6\",purple:\"#800080\",red:\"#ff0000\",rosybrown:\"#bc8f8f\",royalblue:\"#4169e1\",saddlebrown:\"#8b4513\",salmon:\"#fa8072\",sandybrown:\"#f4a460\",seagreen:\"#2e8b57\",\nseashell:\"#fff5ee\",sienna:\"#a0522d\",silver:\"#c0c0c0\",skyblue:\"#87ceeb\",slateblue:\"#6a5acd\",slategray:\"#708090\",slategrey:\"#708090\",snow:\"#fffafa\",springgreen:\"#00ff7f\",steelblue:\"#4682b4\",tan:\"#d2b48c\",teal:\"#008080\",thistle:\"#d8bfd8\",tomato:\"#ff6347\",turquoise:\"#40e0d0\",violet:\"#ee82ee\",wheat:\"#f5deb3\",white:\"#ffffff\",whitesmoke:\"#f5f5f5\",yellow:\"#ffff00\",yellowgreen:\"#9acd32\"};var mc=\"backgroundColor borderTopColor borderRightColor borderBottomColor borderLeftColor color outlineColor\".split(\" \"),nc=/#([0-9a-fA-F])([0-9a-fA-F])([0-9a-fA-F])/,oc=/^#(?:[0-9a-f]{3}){1,2}$/i,pc=/^(?:rgba)?\\((\\d{1,3}),\\s?(\\d{1,3}),\\s?(\\d{1,3}),\\s?(0|1|0\\.\\d*)\\)$/i,qc=/^(?:rgb)?\\((0|[1-9]\\d{0,2}),\\s?(0|[1-9]\\d{0,2}),\\s?(0|[1-9]\\d{0,2})\\)$/i;function rc(a,b){this.code=a;this.a=V[a]||sc;this.message=b||\"\";a=this.a.replace(/((?:^|\\s+)[a-z])/g,function(c){return c.toUpperCase().replace(/^[\\s\\xa0]+/g,\"\")});b=a.length-5;if(0>b||a.indexOf(\"Error\",b)!=b)a+=\"Error\";this.name=a;a=Error(this.message);a.name=this.name;this.stack=a.stack||\"\"}l(rc,Error);var sc=\"unknown error\",V={15:\"element not selectable\",11:\"element not visible\"};V[31]=sc;V[30]=sc;V[24]=\"invalid cookie domain\";V[29]=\"invalid element coordinates\";V[12]=\"invalid element state\";\nV[32]=\"invalid selector\";V[51]=\"invalid selector\";V[52]=\"invalid selector\";V[17]=\"javascript error\";V[405]=\"unsupported operation\";V[34]=\"move target out of bounds\";V[27]=\"no such alert\";V[7]=\"no such element\";V[8]=\"no such frame\";V[23]=\"no such window\";V[28]=\"script timeout\";V[33]=\"session not created\";V[10]=\"stale element reference\";V[21]=\"timeout\";V[25]=\"unable to set cookie\";V[26]=\"unexpected alert open\";V[13]=sc;V[9]=\"unknown command\";var tc=va(),uc=ya()||u(\"iPod\"),vc=u(\"iPad\"),wc=u(\"Android\")&&!(wa()||va()||u(\"Opera\")||u(\"Silk\")),xc=wa(),yc=u(\"Safari\")&&!(wa()||u(\"Coast\")||u(\"Opera\")||u(\"Edge\")||u(\"Edg/\")||u(\"OPR\")||va()||u(\"Silk\")||u(\"Android\"))&&!(ya()||u(\"iPad\")||u(\"iPod\"));function zc(a){return(a=a.exec(t))?a[1]:\"\"}(function(){if(tc)return zc(/Firefox\\/([0-9.]+)/);if(v||Ca||Ba)return Ga;if(xc)return ya()||u(\"iPad\")||u(\"iPod\")?zc(/CriOS\\/([0-9.]+)/):zc(/Chrome\\/([0-9.]+)/);if(yc&&!(ya()||u(\"iPad\")||u(\"iPod\")))return zc(/Version\\/([0-9.]+)/);if(uc||vc){var a=/Version\\/(\\S+).*Mobile\\/(\\S+)/.exec(t);if(a)return a[1]+\".\"+a[2]}else if(wc)return(a=zc(/Android\\s+([0-9.]+)/))?a:zc(/Version\\/([0-9.]+)/);return\"\"})();var Ac=v&&!(9<=Number(La));function W(a,b){b&&\"string\"!==typeof b&&(b=b.toString());return!!a&&1==a.nodeType&&(!b||a.tagName.toUpperCase()==b)};var Bc=function(){var a={K:\"http://www.w3.org/2000/svg\"};return function(b){return a[b]||null}}();\nfunction Cc(a,b){var c=A(a);if(!c.documentElement)return null;(v||wc)&&kc(c?c.parentWindow||c.defaultView:window);try{var d=c.createNSResolver?c.createNSResolver(c.documentElement):Bc;if(v&&!Ka(7))return c.evaluate.call(c,b,a,d,9,null);if(!v||9<=Number(La)){for(var e={},f=c.getElementsByTagName(\"*\"),g=0;g<f.length;++g){var h=f[g],m=h.namespaceURI;if(m&&!e[m]){var w=h.lookupPrefix(m);if(!w){var r=m.match(\".*/(\\\\w+)/?$\");w=r?r[1]:\"xhtml\"}e[m]=w}}var D={},L;for(L in e)D[e[L]]=L;d=function(M){return D[M]||\nnull}}try{return c.evaluate(b,a,d,9,null)}catch(M){if(\"TypeError\"===M.name)return d=c.createNSResolver?c.createNSResolver(c.documentElement):Bc,c.evaluate(b,a,d,9,null);throw M;}}catch(M){if(!Da||\"NS_ERROR_ILLEGAL_VALUE\"!=M.name)throw new rc(32,\"Unable to locate an element with the xpath expression \"+b+\" because of the following error:\\n\"+M);}}\nfunction Dc(a,b){var c=function(){var d=Cc(b,a);return d?d.singleNodeValue||null:b.selectSingleNode?(d=A(b),d.setProperty&&d.setProperty(\"SelectionLanguage\",\"XPath\"),b.selectSingleNode(a)):null}();if(null!==c&&(!c||1!=c.nodeType))throw new rc(32,'The result of the xpath expression \"'+a+'\" is: '+c+\". It should be an element.\");return c};function Ec(a,b,c,d){this.c=a;this.a=b;this.b=c;this.f=d}Ec.prototype.ceil=function(){this.c=Math.ceil(this.c);this.a=Math.ceil(this.a);this.b=Math.ceil(this.b);this.f=Math.ceil(this.f);return this};Ec.prototype.floor=function(){this.c=Math.floor(this.c);this.a=Math.floor(this.a);this.b=Math.floor(this.b);this.f=Math.floor(this.f);return this};Ec.prototype.round=function(){this.c=Math.round(this.c);this.a=Math.round(this.a);this.b=Math.round(this.b);this.f=Math.round(this.f);return this};function X(a,b,c,d){this.a=a;this.b=b;this.width=c;this.height=d}X.prototype.ceil=function(){this.a=Math.ceil(this.a);this.b=Math.ceil(this.b);this.width=Math.ceil(this.width);this.height=Math.ceil(this.height);return this};X.prototype.floor=function(){this.a=Math.floor(this.a);this.b=Math.floor(this.b);this.width=Math.floor(this.width);this.height=Math.floor(this.height);return this};\nX.prototype.round=function(){this.a=Math.round(this.a);this.b=Math.round(this.b);this.width=Math.round(this.width);this.height=Math.round(this.height);return this};var Fc=\"function\"===typeof ShadowRoot;function Gc(a){for(a=a.parentNode;a&&1!=a.nodeType&&9!=a.nodeType&&11!=a.nodeType;)a=a.parentNode;return W(a)?a:null}\nfunction Y(a,b){b=xa(b);if(\"float\"==b||\"cssFloat\"==b||\"styleFloat\"==b)b=Ac?\"styleFloat\":\"cssFloat\";a:{var c=b;var d=A(a);if(d.defaultView&&d.defaultView.getComputedStyle&&(d=d.defaultView.getComputedStyle(a,null))){c=d[c]||d.getPropertyValue(c)||\"\";break a}c=\"\"}a=c||Hc(a,b);if(null===a)a=null;else if(0<=ja(mc,b)){b:{var e=a.match(pc);if(e&&(b=Number(e[1]),c=Number(e[2]),d=Number(e[3]),e=Number(e[4]),0<=b&&255>=b&&0<=c&&255>=c&&0<=d&&255>=d&&0<=e&&1>=e)){b=[b,c,d,e];break b}b=null}if(!b)b:{if(d=a.match(qc))if(b=\nNumber(d[1]),c=Number(d[2]),d=Number(d[3]),0<=b&&255>=b&&0<=c&&255>=c&&0<=d&&255>=d){b=[b,c,d,1];break b}b=null}if(!b)b:{b=a.toLowerCase();c=lc[b.toLowerCase()];if(!c&&(c=\"#\"==b.charAt(0)?b:\"#\"+b,4==c.length&&(c=c.replace(nc,\"#$1$1$2$2$3$3\")),!oc.test(c))){b=null;break b}b=[parseInt(c.substr(1,2),16),parseInt(c.substr(3,2),16),parseInt(c.substr(5,2),16),1]}a=b?\"rgba(\"+b.join(\", \")+\")\":a}return a}\nfunction Hc(a,b){var c=a.currentStyle||a.style,d=c[b];void 0===d&&\"function\"==ca(c.getPropertyValue)&&(d=c.getPropertyValue(b));return\"inherit\"!=d?void 0!==d?d:null:(a=Gc(a))?Hc(a,b):null}\nfunction Ic(a,b,c){function d(g){var h=Jc(g);return 0<h.height&&0<h.width?!0:W(g,\"PATH\")&&(0<h.height||0<h.width)?(g=Y(g,\"stroke-width\"),!!g&&0<parseInt(g,10)):\"hidden\"!=Y(g,\"overflow\")&&ma(g.childNodes,function(m){return 3==m.nodeType||W(m)&&d(m)})}function e(g){return Kc(g)==Z&&na(g.childNodes,function(h){return!W(h)||e(h)||!d(h)})}if(!W(a))throw Error(\"Argument to isShown must be of type Element\");if(W(a,\"BODY\"))return!0;if(W(a,\"OPTION\")||W(a,\"OPTGROUP\"))return a=$a(a,function(g){return W(g,\"SELECT\")}),\n!!a&&Ic(a,!0,c);var f=Lc(a);if(f)return!!f.image&&0<f.rect.width&&0<f.rect.height&&Ic(f.image,b,c);if(W(a,\"INPUT\")&&\"hidden\"==a.type.toLowerCase()||W(a,\"NOSCRIPT\"))return!1;f=Y(a,\"visibility\");return\"collapse\"!=f&&\"hidden\"!=f&&c(a)&&(b||0!=Mc(a))&&d(a)?!e(a):!1}var Z=\"hidden\";\nfunction Kc(a){function b(p){function q(fb){if(fb==g)return!0;var Wb=Y(fb,\"display\");return 0==Wb.lastIndexOf(\"inline\",0)||\"contents\"==Wb||\"absolute\"==Xb&&\"static\"==Y(fb,\"position\")?!1:!0}var Xb=Y(p,\"position\");if(\"fixed\"==Xb)return w=!0,p==g?null:g;for(p=Gc(p);p&&!q(p);)p=Gc(p);return p}function c(p){var q=p;if(\"visible\"==m)if(p==g&&h)q=h;else if(p==h)return{x:\"visible\",y:\"visible\"};q={x:Y(q,\"overflow-x\"),y:Y(q,\"overflow-y\")};p==g&&(q.x=\"visible\"==q.x?\"auto\":q.x,q.y=\"visible\"==q.y?\"auto\":q.y);return q}\nfunction d(p){if(p==g){var q=(new ab(f)).a;p=q.scrollingElement?q.scrollingElement:Ea||\"CSS1Compat\"!=q.compatMode?q.body||q.documentElement:q.documentElement;q=q.parentWindow||q.defaultView;p=v&&Ka(\"10\")&&q.pageYOffset!=p.scrollTop?new Ua(p.scrollLeft,p.scrollTop):new Ua(q.pageXOffset||p.scrollLeft,q.pageYOffset||p.scrollTop)}else p=new Ua(p.scrollLeft,p.scrollTop);return p}var e=Nc(a),f=A(a),g=f.documentElement,h=f.body,m=Y(g,\"overflow\"),w;for(a=b(a);a;a=b(a)){var r=c(a);if(\"visible\"!=r.x||\"visible\"!=\nr.y){var D=Jc(a);if(0==D.width||0==D.height)return Z;var L=e.a<D.a,M=e.b<D.b;if(L&&\"hidden\"==r.x||M&&\"hidden\"==r.y)return Z;if(L&&\"visible\"!=r.x||M&&\"visible\"!=r.y){L=d(a);M=e.b<D.b-L.y;if(e.a<D.a-L.x&&\"visible\"!=r.x||M&&\"visible\"!=r.x)return Z;e=Kc(a);return e==Z?Z:\"scroll\"}L=e.f>=D.a+D.width;D=e.c>=D.b+D.height;if(L&&\"hidden\"==r.x||D&&\"hidden\"==r.y)return Z;if(L&&\"visible\"!=r.x||D&&\"visible\"!=r.y){if(w&&(r=d(a),e.f>=g.scrollWidth-r.x||e.a>=g.scrollHeight-r.y))return Z;e=Kc(a);return e==Z?Z:\"scroll\"}}}return\"none\"}\nfunction Jc(a){var b=Lc(a);if(b)return b.rect;if(W(a,\"HTML\"))return a=A(a),a=((a?a.parentWindow||a.defaultView:window)||window).document,a=\"CSS1Compat\"==a.compatMode?a.documentElement:a.body,a=new Va(a.clientWidth,a.clientHeight),new X(0,0,a.width,a.height);try{var c=a.getBoundingClientRect()}catch(d){return new X(0,0,0,0)}b=new X(c.left,c.top,c.right-c.left,c.bottom-c.top);v&&a.ownerDocument.body&&(a=A(a),b.a-=a.documentElement.clientLeft+a.body.clientLeft,b.b-=a.documentElement.clientTop+a.body.clientTop);\nreturn b}function Lc(a){var b=W(a,\"MAP\");if(!b&&!W(a,\"AREA\"))return null;var c=b?a:W(a.parentNode,\"MAP\")?a.parentNode:null,d=null,e=null;c&&c.name&&(d=Dc('/descendant::*[@usemap = \"#'+c.name+'\"]',A(c)))&&(e=Jc(d),b||\"default\"==a.shape.toLowerCase()||(a=Oc(a),b=Math.min(Math.max(a.a,0),e.width),c=Math.min(Math.max(a.b,0),e.height),e=new X(b+e.a,c+e.b,Math.min(a.width,e.width-b),Math.min(a.height,e.height-c))));return{image:d,rect:e||new X(0,0,0,0)}}\nfunction Oc(a){var b=a.shape.toLowerCase();a=a.coords.split(\",\");if(\"rect\"==b&&4==a.length){b=a[0];var c=a[1];return new X(b,c,a[2]-b,a[3]-c)}if(\"circle\"==b&&3==a.length)return b=a[2],new X(a[0]-b,a[1]-b,2*b,2*b);if(\"poly\"==b&&2<a.length){b=a[0];c=a[1];for(var d=b,e=c,f=2;f+1<a.length;f+=2)b=Math.min(b,a[f]),d=Math.max(d,a[f]),c=Math.min(c,a[f+1]),e=Math.max(e,a[f+1]);return new X(b,c,d-b,e-c)}return new X(0,0,0,0)}function Nc(a){a=Jc(a);return new Ec(a.b,a.a+a.width,a.b+a.height,a.a)}\nfunction Mc(a){if(Ac){if(\"relative\"==Y(a,\"position\"))return 1;a=Y(a,\"filter\");return(a=a.match(/^alpha\\(opacity=(\\d*)\\)/)||a.match(/^progid:DXImageTransform.Microsoft.Alpha\\(Opacity=(\\d*)\\)/))?Number(a[1])/100:1}return Pc(a)}function Pc(a){var b=1,c=Y(a,\"opacity\");c&&(b=Number(c));(a=Gc(a))&&(b*=Pc(a));return b};ba(\"_\",function(a,b){function c(d){if(W(d)&&\"none\"==Y(d,\"display\"))return!1;var e;if((e=d.parentNode)&&e.shadowRoot&&void 0!==d.assignedSlot)e=d.assignedSlot?d.assignedSlot.parentNode:null;else if(d.getDestinationInsertionPoints){var f=d.getDestinationInsertionPoints();0<f.length&&(e=f[f.length-1])}if(Fc&&e instanceof ShadowRoot){if(e.host.shadowRoot!==e)return!1;e=e.host}return!e||9!=e.nodeType&&11!=e.nodeType?e&&W(e,\"DETAILS\")&&!e.open&&!W(d,\"SUMMARY\")?!1:!!e&&c(e):!0}return Ic(a,!!b,c)});; return this._.apply(null,arguments);}).apply({navigator:typeof window!='undefined'?window.navigator:null,document:typeof window!='undefined'?window.document:null}, arguments);}\n).apply(null, arguments);", "args": [{"element-6066-11e4-a52e-4f735466cecf": "f.CFBC2EA626BB24417FB6E67B69DDE1F8.d.B3CB1F74AB3B75D5BDDD867E017B8E8B.e.265"}]}
DEBUG    urllib3.connectionpool:connectionpool.py:544 http://selenium-hub:4444 "POST /wd/hub/session/8dfb6f4bd79273fbcdac2178f2c1c748/execute/sync HTTP/1.1" 200 0
DEBUG    selenium.webdriver.remote.remote_connection:remote_connection.py:329 Remote response: status=200 | data={"value":true} | headers=HTTPHeaderDict({'content-length': '14', 'content-type': 'application/json; charset=utf-8', 'cache-control': 'no-cache'})
DEBUG    selenium.webdriver.remote.remote_connection:remote_connection.py:356 Finished Request
DEBUG    selenium.webdriver.remote.remote_connection:remote_connection.py:313 POST http://selenium-hub:4444/wd/hub/session/8dfb6f4bd79273fbcdac2178f2c1c748/element/f.CFBC2EA626BB24417FB6E67B69DDE1F8.d.B3CB1F74AB3B75D5BDDD867E017B8E8B.e.265/clear {}
DEBUG    urllib3.connectionpool:connectionpool.py:544 http://selenium-hub:4444 "POST /wd/hub/session/8dfb6f4bd79273fbcdac2178f2c1c748/element/f.CFBC2EA626BB24417FB6E67B69DDE1F8.d.B3CB1F74AB3B75D5BDDD867E017B8E8B.e.265/clear HTTP/1.1" 200 0
DEBUG    selenium.webdriver.remote.remote_connection:remote_connection.py:329 Remote response: status=200 | data={"value":null} | headers=HTTPHeaderDict({'content-length': '14', 'content-type': 'application/json; charset=utf-8', 'cache-control': 'no-cache'})
DEBUG    selenium.webdriver.remote.remote_connection:remote_connection.py:356 Finished Request
DEBUG    selenium.webdriver.remote.remote_connection:remote_connection.py:313 POST http://selenium-hub:4444/wd/hub/session/8dfb6f4bd79273fbcdac2178f2c1c748/element/f.CFBC2EA626BB24417FB6E67B69DDE1F8.d.B3CB1F74AB3B75D5BDDD867E017B8E8B.e.265/value {"text": "E2E Desc", "value": ["E", "2", "E", " ", "D", "e", "s", "c"]}
DEBUG    urllib3.connectionpool:connectionpool.py:544 http://selenium-hub:4444 "POST /wd/hub/session/8dfb6f4bd79273fbcdac2178f2c1c748/element/f.CFBC2EA626BB24417FB6E67B69DDE1F8.d.B3CB1F74AB3B75D5BDDD867E017B8E8B.e.265/value HTTP/1.1" 200 0
DEBUG    selenium.webdriver.remote.remote_connection:remote_connection.py:329 Remote response: status=200 | data={"value":null} | headers=HTTPHeaderDict({'content-length': '14', 'content-type': 'application/json; charset=utf-8', 'cache-control': 'no-cache'})
DEBUG    selenium.webdriver.remote.remote_connection:remote_connection.py:356 Finished Request
DEBUG    selenium.webdriver.remote.remote_connection:remote_connection.py:313 POST http://selenium-hub:4444/wd/hub/session/8dfb6f4bd79273fbcdac2178f2c1c748/element {"using": "css selector", "value": "button[data-testid='note-submit']"}
DEBUG    urllib3.connectionpool:connectionpool.py:544 http://selenium-hub:4444 "POST /wd/hub/session/8dfb6f4bd79273fbcdac2178f2c1c748/element HTTP/1.1" 200 0
DEBUG    selenium.webdriver.remote.remote_connection:remote_connection.py:329 Remote response: status=200 | data={"value":{"element-6066-11e4-a52e-4f735466cecf":"f.CFBC2EA626BB24417FB6E67B69DDE1F8.d.B3CB1F74AB3B75D5BDDD867E017B8E8B.e.270"}} | headers=HTTPHeaderDict({'content-length': '127', 'content-type': 'application/json; charset=utf-8', 'cache-control': 'no-cache'})
DEBUG    selenium.webdriver.remote.remote_connection:remote_connection.py:356 Finished Request
DEBUG    selenium.webdriver.remote.remote_connection:remote_connection.py:313 POST http://selenium-hub:4444/wd/hub/session/8dfb6f4bd79273fbcdac2178f2c1c748/execute/sync {"script": "/* isDisplayed */return (function(){return (function(){var k=this||self;function aa(a){return\"string\"==typeof a}function ba(a,b){a=a.split(\".\");var c=k;a[0]in c||\"undefined\"==typeof c.execScript||c.execScript(\"var \"+a[0]);for(var d;a.length&&(d=a.shift());)a.length||void 0===b?c[d]&&c[d]!==Object.prototype[d]?c=c[d]:c=c[d]={}:c[d]=b}\nfunction ca(a){var b=typeof a;if(\"object\"==b)if(a){if(a instanceof Array)return\"array\";if(a instanceof Object)return b;var c=Object.prototype.toString.call(a);if(\"[object Window]\"==c)return\"object\";if(\"[object Array]\"==c||\"number\"==typeof a.length&&\"undefined\"!=typeof a.splice&&\"undefined\"!=typeof a.propertyIsEnumerable&&!a.propertyIsEnumerable(\"splice\"))return\"array\";if(\"[object Function]\"==c||\"undefined\"!=typeof a.call&&\"undefined\"!=typeof a.propertyIsEnumerable&&!a.propertyIsEnumerable(\"call\"))return\"function\"}else return\"null\";\nelse if(\"function\"==b&&\"undefined\"==typeof a.call)return\"object\";return b}function da(a,b,c){return a.call.apply(a.bind,arguments)}function ea(a,b,c){if(!a)throw Error();if(2<arguments.length){var d=Array.prototype.slice.call(arguments,2);return function(){var e=Array.prototype.slice.call(arguments);Array.prototype.unshift.apply(e,d);return a.apply(b,e)}}return function(){return a.apply(b,arguments)}}\nfunction fa(a,b,c){Function.prototype.bind&&-1!=Function.prototype.bind.toString().indexOf(\"native code\")?fa=da:fa=ea;return fa.apply(null,arguments)}function ha(a,b){var c=Array.prototype.slice.call(arguments,1);return function(){var d=c.slice();d.push.apply(d,arguments);return a.apply(this,d)}}function l(a,b){function c(){}c.prototype=b.prototype;a.prototype=new c;a.prototype.constructor=a};/*\n\n The MIT License\n\n Copyright (c) 2007 Cybozu Labs, Inc.\n Copyright (c) 2012 Google Inc.\n\n Permission is hereby granted, free of charge, to any person obtaining a copy\n of this software and associated documentation files (the \"Software\"), to\n deal in the Software without restriction, including without limitation the\n rights to use, copy, modify, merge, publish, distribute, sublicense, and/or\n sell copies of the Software, and to permit persons to whom the Software is\n furnished to do so, subject to the following conditions:\n\n The above copyright notice and this permission notice shall be included in\n all copies or substantial portions of the Software.\n\n THE SOFTWARE IS PROVIDED \"AS IS\", WITHOUT WARRANTY OF ANY KIND, EXPRESS OR\n IMPLIED, INCLUDING BUT NOT LIMITED TO THE WARRANTIES OF MERCHANTABILITY,\n FITNESS FOR A PARTICULAR PURPOSE AND NONINFRINGEMENT. IN NO EVENT SHALL THE\n AUTHORS OR COPYRIGHT HOLDERS BE LIABLE FOR ANY CLAIM, DAMAGES OR OTHER\n LIABILITY, WHETHER IN AN ACTION OF CONTRACT, TORT OR OTHERWISE, ARISING\n FROM, OUT OF OR IN CONNECTION WITH THE SOFTWARE OR THE USE OR OTHER DEALINGS\n IN THE SOFTWARE.\n*/\nfunction ia(a,b,c){this.a=a;this.b=b||1;this.f=c||1};var ja=Array.prototype.indexOf?function(a,b){return Array.prototype.indexOf.call(a,b,void 0)}:function(a,b){if(\"string\"===typeof a)return\"string\"!==typeof b||1!=b.length?-1:a.indexOf(b,0);for(var c=0;c<a.length;c++)if(c in a&&a[c]===b)return c;return-1},n=Array.prototype.forEach?function(a,b){Array.prototype.forEach.call(a,b,void 0)}:function(a,b){for(var c=a.length,d=\"string\"===typeof a?a.split(\"\"):a,e=0;e<c;e++)e in d&&b.call(void 0,d[e],e,a)},ka=Array.prototype.filter?function(a,b){return Array.prototype.filter.call(a,\nb,void 0)}:function(a,b){for(var c=a.length,d=[],e=0,f=\"string\"===typeof a?a.split(\"\"):a,g=0;g<c;g++)if(g in f){var h=f[g];b.call(void 0,h,g,a)&&(d[e++]=h)}return d},la=Array.prototype.reduce?function(a,b,c){return Array.prototype.reduce.call(a,b,c)}:function(a,b,c){var d=c;n(a,function(e,f){d=b.call(void 0,d,e,f,a)});return d},ma=Array.prototype.some?function(a,b){return Array.prototype.some.call(a,b,void 0)}:function(a,b){for(var c=a.length,d=\"string\"===typeof a?a.split(\"\"):a,e=0;e<c;e++)if(e in\nd&&b.call(void 0,d[e],e,a))return!0;return!1},na=Array.prototype.every?function(a,b){return Array.prototype.every.call(a,b,void 0)}:function(a,b){for(var c=a.length,d=\"string\"===typeof a?a.split(\"\"):a,e=0;e<c;e++)if(e in d&&!b.call(void 0,d[e],e,a))return!1;return!0};function oa(a,b){a:{for(var c=a.length,d=\"string\"===typeof a?a.split(\"\"):a,e=0;e<c;e++)if(e in d&&b.call(void 0,d[e],e,a)){b=e;break a}b=-1}return 0>b?null:\"string\"===typeof a?a.charAt(b):a[b]}\nfunction pa(a){return Array.prototype.concat.apply([],arguments)}function qa(a,b,c){return 2>=arguments.length?Array.prototype.slice.call(a,b):Array.prototype.slice.call(a,b,c)};var ra=String.prototype.trim?function(a){return a.trim()}:function(a){return/^[\\s\\xa0]*([\\s\\S]*?)[\\s\\xa0]*$/.exec(a)[1]};function sa(a,b){return a<b?-1:a>b?1:0};var t;a:{var ta=k.navigator;if(ta){var ua=ta.userAgent;if(ua){t=ua;break a}}t=\"\"}function u(a){return-1!=t.indexOf(a)};function va(){return u(\"Firefox\")||u(\"FxiOS\")}function wa(){return(u(\"Chrome\")||u(\"CriOS\"))&&!u(\"Edge\")};function xa(a){return String(a).replace(/\\-([a-z])/g,function(b,c){return c.toUpperCase()})};function ya(){return u(\"iPhone\")&&!u(\"iPod\")&&!u(\"iPad\")};function za(a,b){var c=Aa;return Object.prototype.hasOwnProperty.call(c,a)?c[a]:c[a]=b(a)};var Ba=u(\"Opera\"),v=u(\"Trident\")||u(\"MSIE\"),Ca=u(\"Edge\"),Da=u(\"Gecko\")&&!(-1!=t.toLowerCase().indexOf(\"webkit\")&&!u(\"Edge\"))&&!(u(\"Trident\")||u(\"MSIE\"))&&!u(\"Edge\"),Ea=-1!=t.toLowerCase().indexOf(\"webkit\")&&!u(\"Edge\");function Fa(){var a=k.document;return a?a.documentMode:void 0}var Ga;\na:{var Ha=\"\",Ia=function(){var a=t;if(Da)return/rv:([^\\);]+)(\\)|;)/.exec(a);if(Ca)return/Edge\\/([\\d\\.]+)/.exec(a);if(v)return/\\b(?:MSIE|rv)[: ]([^\\);]+)(\\)|;)/.exec(a);if(Ea)return/WebKit\\/(\\S+)/.exec(a);if(Ba)return/(?:Version)[ \\/]?(\\S+)/.exec(a)}();Ia&&(Ha=Ia?Ia[1]:\"\");if(v){var Ja=Fa();if(null!=Ja&&Ja>parseFloat(Ha)){Ga=String(Ja);break a}}Ga=Ha}var Aa={};\nfunction Ka(a){return za(a,function(){for(var b=0,c=ra(String(Ga)).split(\".\"),d=ra(String(a)).split(\".\"),e=Math.max(c.length,d.length),f=0;0==b&&f<e;f++){var g=c[f]||\"\",h=d[f]||\"\";do{g=/(\\d*)(\\D*)(.*)/.exec(g)||[\"\",\"\",\"\",\"\"];h=/(\\d*)(\\D*)(.*)/.exec(h)||[\"\",\"\",\"\",\"\"];if(0==g[0].length&&0==h[0].length)break;b=sa(0==g[1].length?0:parseInt(g[1],10),0==h[1].length?0:parseInt(h[1],10))||sa(0==g[2].length,0==h[2].length)||sa(g[2],h[2]);g=g[3];h=h[3]}while(0==b)}return 0<=b})}var La;\nLa=k.document&&v?Fa():void 0;var x=v&&!(9<=Number(La)),Ma=v&&!(8<=Number(La));function Na(a,b,c,d){this.a=a;this.nodeName=c;this.nodeValue=d;this.nodeType=2;this.parentNode=this.ownerElement=b}function Oa(a,b){var c=Ma&&\"href\"==b.nodeName?a.getAttribute(b.nodeName,2):b.nodeValue;return new Na(b,a,b.nodeName,c)};function Pa(a){this.b=a;this.a=0}function Qa(a){a=a.match(Ra);for(var b=0;b<a.length;b++)Sa.test(a[b])&&a.splice(b,1);return new Pa(a)}var Ra=/\\$?(?:(?![0-9-\\.])(?:\\*|[\\w-\\.]+):)?(?![0-9-\\.])(?:\\*|[\\w-\\.]+)|\\/\\/|\\.\\.|::|\\d+(?:\\.\\d*)?|\\.\\d+|\"[^\"]*\"|'[^']*'|[!<>]=|\\s+|./g,Sa=/^\\s/;function y(a,b){return a.b[a.a+(b||0)]}function z(a){return a.b[a.a++]}function Ta(a){return a.b.length<=a.a};function Ua(a,b){this.x=void 0!==a?a:0;this.y=void 0!==b?b:0}Ua.prototype.ceil=function(){this.x=Math.ceil(this.x);this.y=Math.ceil(this.y);return this};Ua.prototype.floor=function(){this.x=Math.floor(this.x);this.y=Math.floor(this.y);return this};Ua.prototype.round=function(){this.x=Math.round(this.x);this.y=Math.round(this.y);return this};function Va(a,b){this.width=a;this.height=b}Va.prototype.aspectRatio=function(){return this.width/this.height};Va.prototype.ceil=function(){this.width=Math.ceil(this.width);this.height=Math.ceil(this.height);return this};Va.prototype.floor=function(){this.width=Math.floor(this.width);this.height=Math.floor(this.height);return this};Va.prototype.round=function(){this.width=Math.round(this.width);this.height=Math.round(this.height);return this};function Wa(a,b){if(!a||!b)return!1;if(a.contains&&1==b.nodeType)return a==b||a.contains(b);if(\"undefined\"!=typeof a.compareDocumentPosition)return a==b||!!(a.compareDocumentPosition(b)&16);for(;b&&a!=b;)b=b.parentNode;return b==a}\nfunction Xa(a,b){if(a==b)return 0;if(a.compareDocumentPosition)return a.compareDocumentPosition(b)&2?1:-1;if(v&&!(9<=Number(La))){if(9==a.nodeType)return-1;if(9==b.nodeType)return 1}if(\"sourceIndex\"in a||a.parentNode&&\"sourceIndex\"in a.parentNode){var c=1==a.nodeType,d=1==b.nodeType;if(c&&d)return a.sourceIndex-b.sourceIndex;var e=a.parentNode,f=b.parentNode;return e==f?Ya(a,b):!c&&Wa(e,b)?-1*Za(a,b):!d&&Wa(f,a)?Za(b,a):(c?a.sourceIndex:e.sourceIndex)-(d?b.sourceIndex:f.sourceIndex)}d=A(a);c=d.createRange();\nc.selectNode(a);c.collapse(!0);a=d.createRange();a.selectNode(b);a.collapse(!0);return c.compareBoundaryPoints(k.Range.START_TO_END,a)}function Za(a,b){var c=a.parentNode;if(c==b)return-1;for(;b.parentNode!=c;)b=b.parentNode;return Ya(b,a)}function Ya(a,b){for(;b=b.previousSibling;)if(b==a)return-1;return 1}function A(a){return 9==a.nodeType?a:a.ownerDocument||a.document}function $a(a,b){a&&(a=a.parentNode);for(var c=0;a;){if(b(a))return a;a=a.parentNode;c++}return null}\nfunction ab(a){this.a=a||k.document||document}ab.prototype.getElementsByTagName=function(a,b){return(b||this.a).getElementsByTagName(String(a))};function B(a){var b=null,c=a.nodeType;1==c&&(b=a.textContent,b=void 0==b||null==b?a.innerText:b,b=void 0==b||null==b?\"\":b);if(\"string\"!=typeof b)if(x&&\"title\"==a.nodeName.toLowerCase()&&1==c)b=a.text;else if(9==c||1==c){a=9==c?a.documentElement:a.firstChild;c=0;var d=[];for(b=\"\";a;){do 1!=a.nodeType&&(b+=a.nodeValue),x&&\"title\"==a.nodeName.toLowerCase()&&(b+=a.text),d[c++]=a;while(a=a.firstChild);for(;c&&!(a=d[--c].nextSibling););}}else b=a.nodeValue;return b}\nfunction C(a,b,c){if(null===b)return!0;try{if(!a.getAttribute)return!1}catch(d){return!1}Ma&&\"class\"==b&&(b=\"className\");return null==c?!!a.getAttribute(b):a.getAttribute(b,2)==c}function bb(a,b,c,d,e){return(x?cb:db).call(null,a,b,aa(c)?c:null,aa(d)?d:null,e||new E)}\nfunction cb(a,b,c,d,e){if(a instanceof F||8==a.b||c&&null===a.b){var f=b.all;if(!f)return e;a=eb(a);if(\"*\"!=a&&(f=b.getElementsByTagName(a),!f))return e;if(c){for(var g=[],h=0;b=f[h++];)C(b,c,d)&&g.push(b);f=g}for(h=0;b=f[h++];)\"*\"==a&&\"!\"==b.tagName||e.add(b);return e}gb(a,b,c,d,e);return e}\nfunction db(a,b,c,d,e){b.getElementsByName&&d&&\"name\"==c&&!v?(b=b.getElementsByName(d),n(b,function(f){a.a(f)&&e.add(f)})):b.getElementsByClassName&&d&&\"class\"==c?(b=b.getElementsByClassName(d),n(b,function(f){f.className==d&&a.a(f)&&e.add(f)})):a instanceof G?gb(a,b,c,d,e):b.getElementsByTagName&&(b=b.getElementsByTagName(a.f()),n(b,function(f){C(f,c,d)&&e.add(f)}));return e}\nfunction hb(a,b,c,d,e){var f;if((a instanceof F||8==a.b||c&&null===a.b)&&(f=b.childNodes)){var g=eb(a);if(\"*\"!=g&&(f=ka(f,function(h){return h.tagName&&h.tagName.toLowerCase()==g}),!f))return e;c&&(f=ka(f,function(h){return C(h,c,d)}));n(f,function(h){\"*\"==g&&(\"!\"==h.tagName||\"*\"==g&&1!=h.nodeType)||e.add(h)});return e}return ib(a,b,c,d,e)}function ib(a,b,c,d,e){for(b=b.firstChild;b;b=b.nextSibling)C(b,c,d)&&a.a(b)&&e.add(b);return e}\nfunction gb(a,b,c,d,e){for(b=b.firstChild;b;b=b.nextSibling)C(b,c,d)&&a.a(b)&&e.add(b),gb(a,b,c,d,e)}function eb(a){if(a instanceof G){if(8==a.b)return\"!\";if(null===a.b)return\"*\"}return a.f()};function E(){this.b=this.a=null;this.l=0}function jb(a){this.f=a;this.a=this.b=null}function kb(a,b){if(!a.a)return b;if(!b.a)return a;var c=a.a;b=b.a;for(var d=null,e,f=0;c&&b;){e=c.f;var g=b.f;e==g||e instanceof Na&&g instanceof Na&&e.a==g.a?(e=c,c=c.a,b=b.a):0<Xa(c.f,b.f)?(e=b,b=b.a):(e=c,c=c.a);(e.b=d)?d.a=e:a.a=e;d=e;f++}for(e=c||b;e;)e.b=d,d=d.a=e,f++,e=e.a;a.b=d;a.l=f;return a}function lb(a,b){b=new jb(b);b.a=a.a;a.b?a.a.b=b:a.a=a.b=b;a.a=b;a.l++}\nE.prototype.add=function(a){a=new jb(a);a.b=this.b;this.a?this.b.a=a:this.a=this.b=a;this.b=a;this.l++};function mb(a){return(a=a.a)?a.f:null}function nb(a){return(a=mb(a))?B(a):\"\"}function H(a,b){return new ob(a,!!b)}function ob(a,b){this.f=a;this.b=(this.s=b)?a.b:a.a;this.a=null}function I(a){var b=a.b;if(null==b)return null;var c=a.a=b;a.b=a.s?b.b:b.a;return c.f};function J(a){this.i=a;this.b=this.g=!1;this.f=null}function K(a){return\"\\n  \"+a.toString().split(\"\\n\").join(\"\\n  \")}function pb(a,b){a.g=b}function qb(a,b){a.b=b}function N(a,b){a=a.a(b);return a instanceof E?+nb(a):+a}function O(a,b){a=a.a(b);return a instanceof E?nb(a):\"\"+a}function rb(a,b){a=a.a(b);return a instanceof E?!!a.l:!!a};function sb(a,b,c){J.call(this,a.i);this.c=a;this.h=b;this.o=c;this.g=b.g||c.g;this.b=b.b||c.b;this.c==tb&&(c.b||c.g||4==c.i||0==c.i||!b.f?b.b||b.g||4==b.i||0==b.i||!c.f||(this.f={name:c.f.name,u:b}):this.f={name:b.f.name,u:c})}l(sb,J);\nfunction ub(a,b,c,d,e){b=b.a(d);c=c.a(d);var f;if(b instanceof E&&c instanceof E){b=H(b);for(d=I(b);d;d=I(b))for(e=H(c),f=I(e);f;f=I(e))if(a(B(d),B(f)))return!0;return!1}if(b instanceof E||c instanceof E){b instanceof E?(e=b,d=c):(e=c,d=b);f=H(e);for(var g=typeof d,h=I(f);h;h=I(f)){switch(g){case \"number\":h=+B(h);break;case \"boolean\":h=!!B(h);break;case \"string\":h=B(h);break;default:throw Error(\"Illegal primitive type for comparison.\");}if(e==b&&a(h,d)||e==c&&a(d,h))return!0}return!1}return e?\"boolean\"==\ntypeof b||\"boolean\"==typeof c?a(!!b,!!c):\"number\"==typeof b||\"number\"==typeof c?a(+b,+c):a(b,c):a(+b,+c)}sb.prototype.a=function(a){return this.c.m(this.h,this.o,a)};sb.prototype.toString=function(){var a=\"Binary Expression: \"+this.c;a+=K(this.h);return a+=K(this.o)};function vb(a,b,c,d){this.I=a;this.D=b;this.i=c;this.m=d}vb.prototype.toString=function(){return this.I};var wb={};\nfunction P(a,b,c,d){if(wb.hasOwnProperty(a))throw Error(\"Binary operator already created: \"+a);a=new vb(a,b,c,d);return wb[a.toString()]=a}P(\"div\",6,1,function(a,b,c){return N(a,c)/N(b,c)});P(\"mod\",6,1,function(a,b,c){return N(a,c)%N(b,c)});P(\"*\",6,1,function(a,b,c){return N(a,c)*N(b,c)});P(\"+\",5,1,function(a,b,c){return N(a,c)+N(b,c)});P(\"-\",5,1,function(a,b,c){return N(a,c)-N(b,c)});P(\"<\",4,2,function(a,b,c){return ub(function(d,e){return d<e},a,b,c)});\nP(\">\",4,2,function(a,b,c){return ub(function(d,e){return d>e},a,b,c)});P(\"<=\",4,2,function(a,b,c){return ub(function(d,e){return d<=e},a,b,c)});P(\">=\",4,2,function(a,b,c){return ub(function(d,e){return d>=e},a,b,c)});var tb=P(\"=\",3,2,function(a,b,c){return ub(function(d,e){return d==e},a,b,c,!0)});P(\"!=\",3,2,function(a,b,c){return ub(function(d,e){return d!=e},a,b,c,!0)});P(\"and\",2,2,function(a,b,c){return rb(a,c)&&rb(b,c)});P(\"or\",1,2,function(a,b,c){return rb(a,c)||rb(b,c)});function xb(a,b){if(b.a.length&&4!=a.i)throw Error(\"Primary expression must evaluate to nodeset if filter has predicate(s).\");J.call(this,a.i);this.c=a;this.h=b;this.g=a.g;this.b=a.b}l(xb,J);xb.prototype.a=function(a){a=this.c.a(a);return yb(this.h,a)};xb.prototype.toString=function(){var a=\"Filter:\"+K(this.c);return a+=K(this.h)};function zb(a,b){if(b.length<a.C)throw Error(\"Function \"+a.j+\" expects at least\"+a.C+\" arguments, \"+b.length+\" given\");if(null!==a.B&&b.length>a.B)throw Error(\"Function \"+a.j+\" expects at most \"+a.B+\" arguments, \"+b.length+\" given\");a.H&&n(b,function(c,d){if(4!=c.i)throw Error(\"Argument \"+d+\" to function \"+a.j+\" is not of type Nodeset: \"+c);});J.call(this,a.i);this.v=a;this.c=b;pb(this,a.g||ma(b,function(c){return c.g}));qb(this,a.G&&!b.length||a.F&&!!b.length||ma(b,function(c){return c.b}))}\nl(zb,J);zb.prototype.a=function(a){return this.v.m.apply(null,pa(a,this.c))};zb.prototype.toString=function(){var a=\"Function: \"+this.v;if(this.c.length){var b=la(this.c,function(c,d){return c+K(d)},\"Arguments:\");a+=K(b)}return a};function Ab(a,b,c,d,e,f,g,h){this.j=a;this.i=b;this.g=c;this.G=d;this.F=!1;this.m=e;this.C=f;this.B=void 0!==g?g:f;this.H=!!h}Ab.prototype.toString=function(){return this.j};var Bb={};\nfunction Q(a,b,c,d,e,f,g,h){if(Bb.hasOwnProperty(a))throw Error(\"Function already created: \"+a+\".\");Bb[a]=new Ab(a,b,c,d,e,f,g,h)}Q(\"boolean\",2,!1,!1,function(a,b){return rb(b,a)},1);Q(\"ceiling\",1,!1,!1,function(a,b){return Math.ceil(N(b,a))},1);Q(\"concat\",3,!1,!1,function(a,b){return la(qa(arguments,1),function(c,d){return c+O(d,a)},\"\")},2,null);Q(\"contains\",2,!1,!1,function(a,b,c){b=O(b,a);a=O(c,a);return-1!=b.indexOf(a)},2);Q(\"count\",1,!1,!1,function(a,b){return b.a(a).l},1,1,!0);\nQ(\"false\",2,!1,!1,function(){return!1},0);Q(\"floor\",1,!1,!1,function(a,b){return Math.floor(N(b,a))},1);Q(\"id\",4,!1,!1,function(a,b){function c(h){if(x){var m=e.all[h];if(m){if(m.nodeType&&h==m.id)return m;if(m.length)return oa(m,function(w){return h==w.id})}return null}return e.getElementById(h)}var d=a.a,e=9==d.nodeType?d:d.ownerDocument;a=O(b,a).split(/\\s+/);var f=[];n(a,function(h){h=c(h);!h||0<=ja(f,h)||f.push(h)});f.sort(Xa);var g=new E;n(f,function(h){g.add(h)});return g},1);\nQ(\"lang\",2,!1,!1,function(){return!1},1);Q(\"last\",1,!0,!1,function(a){if(1!=arguments.length)throw Error(\"Function last expects ()\");return a.f},0);Q(\"local-name\",3,!1,!0,function(a,b){return(a=b?mb(b.a(a)):a.a)?a.localName||a.nodeName.toLowerCase():\"\"},0,1,!0);Q(\"name\",3,!1,!0,function(a,b){return(a=b?mb(b.a(a)):a.a)?a.nodeName.toLowerCase():\"\"},0,1,!0);Q(\"namespace-uri\",3,!0,!1,function(){return\"\"},0,1,!0);\nQ(\"normalize-space\",3,!1,!0,function(a,b){return(b?O(b,a):B(a.a)).replace(/[\\s\\xa0]+/g,\" \").replace(/^\\s+|\\s+$/g,\"\")},0,1);Q(\"not\",2,!1,!1,function(a,b){return!rb(b,a)},1);Q(\"number\",1,!1,!0,function(a,b){return b?N(b,a):+B(a.a)},0,1);Q(\"position\",1,!0,!1,function(a){return a.b},0);Q(\"round\",1,!1,!1,function(a,b){return Math.round(N(b,a))},1);Q(\"starts-with\",2,!1,!1,function(a,b,c){b=O(b,a);a=O(c,a);return 0==b.lastIndexOf(a,0)},2);Q(\"string\",3,!1,!0,function(a,b){return b?O(b,a):B(a.a)},0,1);\nQ(\"string-length\",1,!1,!0,function(a,b){return(b?O(b,a):B(a.a)).length},0,1);Q(\"substring\",3,!1,!1,function(a,b,c,d){c=N(c,a);if(isNaN(c)||Infinity==c||-Infinity==c)return\"\";d=d?N(d,a):Infinity;if(isNaN(d)||-Infinity===d)return\"\";c=Math.round(c)-1;var e=Math.max(c,0);a=O(b,a);return Infinity==d?a.substring(e):a.substring(e,c+Math.round(d))},2,3);Q(\"substring-after\",3,!1,!1,function(a,b,c){b=O(b,a);a=O(c,a);c=b.indexOf(a);return-1==c?\"\":b.substring(c+a.length)},2);\nQ(\"substring-before\",3,!1,!1,function(a,b,c){b=O(b,a);a=O(c,a);a=b.indexOf(a);return-1==a?\"\":b.substring(0,a)},2);Q(\"sum\",1,!1,!1,function(a,b){a=H(b.a(a));b=0;for(var c=I(a);c;c=I(a))b+=+B(c);return b},1,1,!0);Q(\"translate\",3,!1,!1,function(a,b,c,d){b=O(b,a);c=O(c,a);var e=O(d,a);a={};for(d=0;d<c.length;d++){var f=c.charAt(d);f in a||(a[f]=e.charAt(d))}c=\"\";for(d=0;d<b.length;d++)f=b.charAt(d),c+=f in a?a[f]:f;return c},3);Q(\"true\",2,!1,!1,function(){return!0},0);function G(a,b){this.h=a;this.c=void 0!==b?b:null;this.b=null;switch(a){case \"comment\":this.b=8;break;case \"text\":this.b=3;break;case \"processing-instruction\":this.b=7;break;case \"node\":break;default:throw Error(\"Unexpected argument\");}}function Cb(a){return\"comment\"==a||\"text\"==a||\"processing-instruction\"==a||\"node\"==a}G.prototype.a=function(a){return null===this.b||this.b==a.nodeType};G.prototype.f=function(){return this.h};\nG.prototype.toString=function(){var a=\"Kind Test: \"+this.h;null===this.c||(a+=K(this.c));return a};function Db(a){J.call(this,3);this.c=a.substring(1,a.length-1)}l(Db,J);Db.prototype.a=function(){return this.c};Db.prototype.toString=function(){return\"Literal: \"+this.c};function F(a,b){this.j=a.toLowerCase();a=\"*\"==this.j?\"*\":\"http://www.w3.org/1999/xhtml\";this.c=b?b.toLowerCase():a}F.prototype.a=function(a){var b=a.nodeType;if(1!=b&&2!=b)return!1;b=void 0!==a.localName?a.localName:a.nodeName;return\"*\"!=this.j&&this.j!=b.toLowerCase()?!1:\"*\"==this.c?!0:this.c==(a.namespaceURI?a.namespaceURI.toLowerCase():\"http://www.w3.org/1999/xhtml\")};F.prototype.f=function(){return this.j};\nF.prototype.toString=function(){return\"Name Test: \"+(\"http://www.w3.org/1999/xhtml\"==this.c?\"\":this.c+\":\")+this.j};function Eb(a){J.call(this,1);this.c=a}l(Eb,J);Eb.prototype.a=function(){return this.c};Eb.prototype.toString=function(){return\"Number: \"+this.c};function Fb(a,b){J.call(this,a.i);this.h=a;this.c=b;this.g=a.g;this.b=a.b;1==this.c.length&&(a=this.c[0],a.A||a.c!=Gb||(a=a.o,\"*\"!=a.f()&&(this.f={name:a.f(),u:null})))}l(Fb,J);function Hb(){J.call(this,4)}l(Hb,J);Hb.prototype.a=function(a){var b=new E;a=a.a;9==a.nodeType?b.add(a):b.add(a.ownerDocument);return b};Hb.prototype.toString=function(){return\"Root Helper Expression\"};function Ib(){J.call(this,4)}l(Ib,J);Ib.prototype.a=function(a){var b=new E;b.add(a.a);return b};Ib.prototype.toString=function(){return\"Context Helper Expression\"};\nfunction Jb(a){return\"/\"==a||\"//\"==a}Fb.prototype.a=function(a){var b=this.h.a(a);if(!(b instanceof E))throw Error(\"Filter expression must evaluate to nodeset.\");a=this.c;for(var c=0,d=a.length;c<d&&b.l;c++){var e=a[c],f=H(b,e.c.s);if(e.g||e.c!=Kb)if(e.g||e.c!=Lb){var g=I(f);for(b=e.a(new ia(g));null!=(g=I(f));)g=e.a(new ia(g)),b=kb(b,g)}else g=I(f),b=e.a(new ia(g));else{for(g=I(f);(b=I(f))&&(!g.contains||g.contains(b))&&b.compareDocumentPosition(g)&8;g=b);b=e.a(new ia(g))}}return b};\nFb.prototype.toString=function(){var a=\"Path Expression:\"+K(this.h);if(this.c.length){var b=la(this.c,function(c,d){return c+K(d)},\"Steps:\");a+=K(b)}return a};function Mb(a,b){this.a=a;this.s=!!b}\nfunction yb(a,b,c){for(c=c||0;c<a.a.length;c++)for(var d=a.a[c],e=H(b),f=b.l,g,h=0;g=I(e);h++){var m=a.s?f-h:h+1;g=d.a(new ia(g,m,f));if(\"number\"==typeof g)m=m==g;else if(\"string\"==typeof g||\"boolean\"==typeof g)m=!!g;else if(g instanceof E)m=0<g.l;else throw Error(\"Predicate.evaluate returned an unexpected type.\");if(!m){m=e;g=m.f;var w=m.a;if(!w)throw Error(\"Next must be called at least once before remove.\");var r=w.b;w=w.a;r?r.a=w:g.a=w;w?w.b=r:g.b=r;g.l--;m.a=null}}return b}\nMb.prototype.toString=function(){return la(this.a,function(a,b){return a+K(b)},\"Predicates:\")};function R(a,b,c,d){J.call(this,4);this.c=a;this.o=b;this.h=c||new Mb([]);this.A=!!d;b=this.h;b=0<b.a.length?b.a[0].f:null;a.J&&b&&(a=b.name,a=x?a.toLowerCase():a,this.f={name:a,u:b.u});a:{a=this.h;for(b=0;b<a.a.length;b++)if(c=a.a[b],c.g||1==c.i||0==c.i){a=!0;break a}a=!1}this.g=a}l(R,J);\nR.prototype.a=function(a){var b=a.a,c=this.f,d=null,e=null,f=0;c&&(d=c.name,e=c.u?O(c.u,a):null,f=1);if(this.A)if(this.g||this.c!=Nb)if(b=H((new R(Ob,new G(\"node\"))).a(a)),c=I(b))for(a=this.m(c,d,e,f);null!=(c=I(b));)a=kb(a,this.m(c,d,e,f));else a=new E;else a=bb(this.o,b,d,e),a=yb(this.h,a,f);else a=this.m(a.a,d,e,f);return a};R.prototype.m=function(a,b,c,d){a=this.c.v(this.o,a,b,c);return a=yb(this.h,a,d)};\nR.prototype.toString=function(){var a=\"Step:\"+K(\"Operator: \"+(this.A?\"//\":\"/\"));this.c.j&&(a+=K(\"Axis: \"+this.c));a+=K(this.o);if(this.h.a.length){var b=la(this.h.a,function(c,d){return c+K(d)},\"Predicates:\");a+=K(b)}return a};function Pb(a,b,c,d){this.j=a;this.v=b;this.s=c;this.J=d}Pb.prototype.toString=function(){return this.j};var Qb={};function S(a,b,c,d){if(Qb.hasOwnProperty(a))throw Error(\"Axis already created: \"+a);b=new Pb(a,b,c,!!d);return Qb[a]=b}\nS(\"ancestor\",function(a,b){for(var c=new E;b=b.parentNode;)a.a(b)&&lb(c,b);return c},!0);S(\"ancestor-or-self\",function(a,b){var c=new E;do a.a(b)&&lb(c,b);while(b=b.parentNode);return c},!0);\nvar Gb=S(\"attribute\",function(a,b){var c=new E,d=a.f();if(\"style\"==d&&x&&b.style)return c.add(new Na(b.style,b,\"style\",b.style.cssText)),c;var e=b.attributes;if(e)if(a instanceof G&&null===a.b||\"*\"==d)for(a=0;d=e[a];a++)x?d.nodeValue&&c.add(Oa(b,d)):c.add(d);else(d=e.getNamedItem(d))&&(x?d.nodeValue&&c.add(Oa(b,d)):c.add(d));return c},!1),Nb=S(\"child\",function(a,b,c,d,e){return(x?hb:ib).call(null,a,b,aa(c)?c:null,aa(d)?d:null,e||new E)},!1,!0);S(\"descendant\",bb,!1,!0);\nvar Ob=S(\"descendant-or-self\",function(a,b,c,d){var e=new E;C(b,c,d)&&a.a(b)&&e.add(b);return bb(a,b,c,d,e)},!1,!0),Kb=S(\"following\",function(a,b,c,d){var e=new E;do for(var f=b;f=f.nextSibling;)C(f,c,d)&&a.a(f)&&e.add(f),e=bb(a,f,c,d,e);while(b=b.parentNode);return e},!1,!0);S(\"following-sibling\",function(a,b){for(var c=new E;b=b.nextSibling;)a.a(b)&&c.add(b);return c},!1);S(\"namespace\",function(){return new E},!1);\nvar Rb=S(\"parent\",function(a,b){var c=new E;if(9==b.nodeType)return c;if(2==b.nodeType)return c.add(b.ownerElement),c;b=b.parentNode;a.a(b)&&c.add(b);return c},!1),Lb=S(\"preceding\",function(a,b,c,d){var e=new E,f=[];do f.unshift(b);while(b=b.parentNode);for(var g=1,h=f.length;g<h;g++){var m=[];for(b=f[g];b=b.previousSibling;)m.unshift(b);for(var w=0,r=m.length;w<r;w++)b=m[w],C(b,c,d)&&a.a(b)&&e.add(b),e=bb(a,b,c,d,e)}return e},!0,!0);\nS(\"preceding-sibling\",function(a,b){for(var c=new E;b=b.previousSibling;)a.a(b)&&lb(c,b);return c},!0);var Sb=S(\"self\",function(a,b){var c=new E;a.a(b)&&c.add(b);return c},!1);function Tb(a){J.call(this,1);this.c=a;this.g=a.g;this.b=a.b}l(Tb,J);Tb.prototype.a=function(a){return-N(this.c,a)};Tb.prototype.toString=function(){return\"Unary Expression: -\"+K(this.c)};function Ub(a){J.call(this,4);this.c=a;pb(this,ma(this.c,function(b){return b.g}));qb(this,ma(this.c,function(b){return b.b}))}l(Ub,J);Ub.prototype.a=function(a){var b=new E;n(this.c,function(c){c=c.a(a);if(!(c instanceof E))throw Error(\"Path expression must evaluate to NodeSet.\");b=kb(b,c)});return b};Ub.prototype.toString=function(){return la(this.c,function(a,b){return a+K(b)},\"Union Expression:\")};function Vb(a,b){this.a=a;this.b=b}function Yb(a){for(var b,c=[];;){T(a,\"Missing right hand side of binary expression.\");b=Zb(a);var d=z(a.a);if(!d)break;var e=(d=wb[d]||null)&&d.D;if(!e){a.a.a--;break}for(;c.length&&e<=c[c.length-1].D;)b=new sb(c.pop(),c.pop(),b);c.push(b,d)}for(;c.length;)b=new sb(c.pop(),c.pop(),b);return b}function T(a,b){if(Ta(a.a))throw Error(b);}function $b(a,b){a=z(a.a);if(a!=b)throw Error(\"Bad token, expected: \"+b+\" got: \"+a);}\nfunction ac(a){a=z(a.a);if(\")\"!=a)throw Error(\"Bad token: \"+a);}function bc(a){a=z(a.a);if(2>a.length)throw Error(\"Unclosed literal string\");return new Db(a)}\nfunction cc(a){var b=[];if(Jb(y(a.a))){var c=z(a.a);var d=y(a.a);if(\"/\"==c&&(Ta(a.a)||\".\"!=d&&\"..\"!=d&&\"@\"!=d&&\"*\"!=d&&!/(?![0-9])[\\w]/.test(d)))return new Hb;d=new Hb;T(a,\"Missing next location step.\");c=dc(a,c);b.push(c)}else{a:{c=y(a.a);d=c.charAt(0);switch(d){case \"$\":throw Error(\"Variable reference not allowed in HTML XPath\");case \"(\":z(a.a);c=Yb(a);T(a,'unclosed \"(\"');$b(a,\")\");break;case '\"':case \"'\":c=bc(a);break;default:if(isNaN(+c))if(!Cb(c)&&/(?![0-9])[\\w]/.test(d)&&\"(\"==y(a.a,1)){c=z(a.a);\nc=Bb[c]||null;z(a.a);for(d=[];\")\"!=y(a.a);){T(a,\"Missing function argument list.\");d.push(Yb(a));if(\",\"!=y(a.a))break;z(a.a)}T(a,\"Unclosed function argument list.\");ac(a);c=new zb(c,d)}else{c=null;break a}else c=new Eb(+z(a.a))}\"[\"==y(a.a)&&(d=new Mb(ec(a)),c=new xb(c,d))}if(c)if(Jb(y(a.a)))d=c;else return c;else c=dc(a,\"/\"),d=new Ib,b.push(c)}for(;Jb(y(a.a));)c=z(a.a),T(a,\"Missing next location step.\"),c=dc(a,c),b.push(c);return new Fb(d,b)}\nfunction dc(a,b){if(\"/\"!=b&&\"//\"!=b)throw Error('Step op should be \"/\" or \"//\"');if(\".\"==y(a.a)){var c=new R(Sb,new G(\"node\"));z(a.a);return c}if(\"..\"==y(a.a))return c=new R(Rb,new G(\"node\")),z(a.a),c;if(\"@\"==y(a.a)){var d=Gb;z(a.a);T(a,\"Missing attribute name\")}else if(\"::\"==y(a.a,1)){if(!/(?![0-9])[\\w]/.test(y(a.a).charAt(0)))throw Error(\"Bad token: \"+z(a.a));var e=z(a.a);d=Qb[e]||null;if(!d)throw Error(\"No axis with name: \"+e);z(a.a);T(a,\"Missing node name\")}else d=Nb;e=y(a.a);if(/(?![0-9])[\\w\\*]/.test(e.charAt(0)))if(\"(\"==\ny(a.a,1)){if(!Cb(e))throw Error(\"Invalid node type: \"+e);e=z(a.a);if(!Cb(e))throw Error(\"Invalid type name: \"+e);$b(a,\"(\");T(a,\"Bad nodetype\");var f=y(a.a).charAt(0),g=null;if('\"'==f||\"'\"==f)g=bc(a);T(a,\"Bad nodetype\");ac(a);e=new G(e,g)}else if(e=z(a.a),f=e.indexOf(\":\"),-1==f)e=new F(e);else{g=e.substring(0,f);if(\"*\"==g)var h=\"*\";else if(h=a.b(g),!h)throw Error(\"Namespace prefix not declared: \"+g);e=e.substr(f+1);e=new F(e,h)}else throw Error(\"Bad token: \"+z(a.a));a=new Mb(ec(a),d.s);return c||new R(d,\ne,a,\"//\"==b)}function ec(a){for(var b=[];\"[\"==y(a.a);){z(a.a);T(a,\"Missing predicate expression.\");var c=Yb(a);b.push(c);T(a,\"Unclosed predicate expression.\");$b(a,\"]\")}return b}function Zb(a){if(\"-\"==y(a.a))return z(a.a),new Tb(Zb(a));var b=cc(a);if(\"|\"!=y(a.a))a=b;else{for(b=[b];\"|\"==z(a.a);)T(a,\"Missing next union location path.\"),b.push(cc(a));a.a.a--;a=new Ub(b)}return a};function fc(a){switch(a.nodeType){case 1:return ha(gc,a);case 9:return fc(a.documentElement);case 11:case 10:case 6:case 12:return hc;default:return a.parentNode?fc(a.parentNode):hc}}function hc(){return null}function gc(a,b){if(a.prefix==b)return a.namespaceURI||\"http://www.w3.org/1999/xhtml\";var c=a.getAttributeNode(\"xmlns:\"+b);return c&&c.specified?c.value||null:a.parentNode&&9!=a.parentNode.nodeType?gc(a.parentNode,b):null};function ic(a,b){if(!a.length)throw Error(\"Empty XPath expression.\");a=Qa(a);if(Ta(a))throw Error(\"Invalid XPath expression.\");b?\"function\"==ca(b)||(b=fa(b.lookupNamespaceURI,b)):b=function(){return null};var c=Yb(new Vb(a,b));if(!Ta(a))throw Error(\"Bad token: \"+z(a));this.evaluate=function(d,e){d=c.a(new ia(d));return new U(d,e)}}\nfunction U(a,b){if(0==b)if(a instanceof E)b=4;else if(\"string\"==typeof a)b=2;else if(\"number\"==typeof a)b=1;else if(\"boolean\"==typeof a)b=3;else throw Error(\"Unexpected evaluation result.\");if(2!=b&&1!=b&&3!=b&&!(a instanceof E))throw Error(\"value could not be converted to the specified type\");this.resultType=b;switch(b){case 2:this.stringValue=a instanceof E?nb(a):\"\"+a;break;case 1:this.numberValue=a instanceof E?+nb(a):+a;break;case 3:this.booleanValue=a instanceof E?0<a.l:!!a;break;case 4:case 5:case 6:case 7:var c=\nH(a);var d=[];for(var e=I(c);e;e=I(c))d.push(e instanceof Na?e.a:e);this.snapshotLength=a.l;this.invalidIteratorState=!1;break;case 8:case 9:a=mb(a);this.singleNodeValue=a instanceof Na?a.a:a;break;default:throw Error(\"Unknown XPathResult type.\");}var f=0;this.iterateNext=function(){if(4!=b&&5!=b)throw Error(\"iterateNext called with wrong result type\");return f>=d.length?null:d[f++]};this.snapshotItem=function(g){if(6!=b&&7!=b)throw Error(\"snapshotItem called with wrong result type\");return g>=d.length||\n0>g?null:d[g]}}U.ANY_TYPE=0;U.NUMBER_TYPE=1;U.STRING_TYPE=2;U.BOOLEAN_TYPE=3;U.UNORDERED_NODE_ITERATOR_TYPE=4;U.ORDERED_NODE_ITERATOR_TYPE=5;U.UNORDERED_NODE_SNAPSHOT_TYPE=6;U.ORDERED_NODE_SNAPSHOT_TYPE=7;U.ANY_UNORDERED_NODE_TYPE=8;U.FIRST_ORDERED_NODE_TYPE=9;function jc(a){this.lookupNamespaceURI=fc(a)}\nfunction kc(a,b){a=a||k;var c=a.Document&&a.Document.prototype||a.document;if(!c.evaluate||b)a.XPathResult=U,c.evaluate=function(d,e,f,g){return(new ic(d,f)).evaluate(e,g)},c.createExpression=function(d,e){return new ic(d,e)},c.createNSResolver=function(d){return new jc(d)}}ba(\"wgxpath.install\",kc);ba(\"wgxpath.install\",kc);var lc={aliceblue:\"#f0f8ff\",antiquewhite:\"#faebd7\",aqua:\"#00ffff\",aquamarine:\"#7fffd4\",azure:\"#f0ffff\",beige:\"#f5f5dc\",bisque:\"#ffe4c4\",black:\"#000000\",blanchedalmond:\"#ffebcd\",blue:\"#0000ff\",blueviolet:\"#8a2be2\",brown:\"#a52a2a\",burlywood:\"#deb887\",cadetblue:\"#5f9ea0\",chartreuse:\"#7fff00\",chocolate:\"#d2691e\",coral:\"#ff7f50\",cornflowerblue:\"#6495ed\",cornsilk:\"#fff8dc\",crimson:\"#dc143c\",cyan:\"#00ffff\",darkblue:\"#00008b\",darkcyan:\"#008b8b\",darkgoldenrod:\"#b8860b\",darkgray:\"#a9a9a9\",darkgreen:\"#006400\",\ndarkgrey:\"#a9a9a9\",darkkhaki:\"#bdb76b\",darkmagenta:\"#8b008b\",darkolivegreen:\"#556b2f\",darkorange:\"#ff8c00\",darkorchid:\"#9932cc\",darkred:\"#8b0000\",darksalmon:\"#e9967a\",darkseagreen:\"#8fbc8f\",darkslateblue:\"#483d8b\",darkslategray:\"#2f4f4f\",darkslategrey:\"#2f4f4f\",darkturquoise:\"#00ced1\",darkviolet:\"#9400d3\",deeppink:\"#ff1493\",deepskyblue:\"#00bfff\",dimgray:\"#696969\",dimgrey:\"#696969\",dodgerblue:\"#1e90ff\",firebrick:\"#b22222\",floralwhite:\"#fffaf0\",forestgreen:\"#228b22\",fuchsia:\"#ff00ff\",gainsboro:\"#dcdcdc\",\nghostwhite:\"#f8f8ff\",gold:\"#ffd700\",goldenrod:\"#daa520\",gray:\"#808080\",green:\"#008000\",greenyellow:\"#adff2f\",grey:\"#808080\",honeydew:\"#f0fff0\",hotpink:\"#ff69b4\",indianred:\"#cd5c5c\",indigo:\"#4b0082\",ivory:\"#fffff0\",khaki:\"#f0e68c\",lavender:\"#e6e6fa\",lavenderblush:\"#fff0f5\",lawngreen:\"#7cfc00\",lemonchiffon:\"#fffacd\",lightblue:\"#add8e6\",lightcoral:\"#f08080\",lightcyan:\"#e0ffff\",lightgoldenrodyellow:\"#fafad2\",lightgray:\"#d3d3d3\",lightgreen:\"#90ee90\",lightgrey:\"#d3d3d3\",lightpink:\"#ffb6c1\",lightsalmon:\"#ffa07a\",\nlightseagreen:\"#20b2aa\",lightskyblue:\"#87cefa\",lightslategray:\"#778899\",lightslategrey:\"#778899\",lightsteelblue:\"#b0c4de\",lightyellow:\"#ffffe0\",lime:\"#00ff00\",limegreen:\"#32cd32\",linen:\"#faf0e6\",magenta:\"#ff00ff\",maroon:\"#800000\",mediumaquamarine:\"#66cdaa\",mediumblue:\"#0000cd\",mediumorchid:\"#ba55d3\",mediumpurple:\"#9370db\",mediumseagreen:\"#3cb371\",mediumslateblue:\"#7b68ee\",mediumspringgreen:\"#00fa9a\",mediumturquoise:\"#48d1cc\",mediumvioletred:\"#c71585\",midnightblue:\"#191970\",mintcream:\"#f5fffa\",mistyrose:\"#ffe4e1\",\nmoccasin:\"#ffe4b5\",navajowhite:\"#ffdead\",navy:\"#000080\",oldlace:\"#fdf5e6\",olive:\"#808000\",olivedrab:\"#6b8e23\",orange:\"#ffa500\",orangered:\"#ff4500\",orchid:\"#da70d6\",palegoldenrod:\"#eee8aa\",palegreen:\"#98fb98\",paleturquoise:\"#afeeee\",palevioletred:\"#db7093\",papayawhip:\"#ffefd5\",peachpuff:\"#ffdab9\",peru:\"#cd853f\",pink:\"#ffc0cb\",plum:\"#dda0dd\",powderblue:\"#b0e0e6\",purple:\"#800080\",red:\"#ff0000\",rosybrown:\"#bc8f8f\",royalblue:\"#4169e1\",saddlebrown:\"#8b4513\",salmon:\"#fa8072\",sandybrown:\"#f4a460\",seagreen:\"#2e8b57\",\nseashell:\"#fff5ee\",sienna:\"#a0522d\",silver:\"#c0c0c0\",skyblue:\"#87ceeb\",slateblue:\"#6a5acd\",slategray:\"#708090\",slategrey:\"#708090\",snow:\"#fffafa\",springgreen:\"#00ff7f\",steelblue:\"#4682b4\",tan:\"#d2b48c\",teal:\"#008080\",thistle:\"#d8bfd8\",tomato:\"#ff6347\",turquoise:\"#40e0d0\",violet:\"#ee82ee\",wheat:\"#f5deb3\",white:\"#ffffff\",whitesmoke:\"#f5f5f5\",yellow:\"#ffff00\",yellowgreen:\"#9acd32\"};var mc=\"backgroundColor borderTopColor borderRightColor borderBottomColor borderLeftColor color outlineColor\".split(\" \"),nc=/#([0-9a-fA-F])([0-9a-fA-F])([0-9a-fA-F])/,oc=/^#(?:[0-9a-f]{3}){1,2}$/i,pc=/^(?:rgba)?\\((\\d{1,3}),\\s?(\\d{1,3}),\\s?(\\d{1,3}),\\s?(0|1|0\\.\\d*)\\)$/i,qc=/^(?:rgb)?\\((0|[1-9]\\d{0,2}),\\s?(0|[1-9]\\d{0,2}),\\s?(0|[1-9]\\d{0,2})\\)$/i;function rc(a,b){this.code=a;this.a=V[a]||sc;this.message=b||\"\";a=this.a.replace(/((?:^|\\s+)[a-z])/g,function(c){return c.toUpperCase().replace(/^[\\s\\xa0]+/g,\"\")});b=a.length-5;if(0>b||a.indexOf(\"Error\",b)!=b)a+=\"Error\";this.name=a;a=Error(this.message);a.name=this.name;this.stack=a.stack||\"\"}l(rc,Error);var sc=\"unknown error\",V={15:\"element not selectable\",11:\"element not visible\"};V[31]=sc;V[30]=sc;V[24]=\"invalid cookie domain\";V[29]=\"invalid element coordinates\";V[12]=\"invalid element state\";\nV[32]=\"invalid selector\";V[51]=\"invalid selector\";V[52]=\"invalid selector\";V[17]=\"javascript error\";V[405]=\"unsupported operation\";V[34]=\"move target out of bounds\";V[27]=\"no such alert\";V[7]=\"no such element\";V[8]=\"no such frame\";V[23]=\"no such window\";V[28]=\"script timeout\";V[33]=\"session not created\";V[10]=\"stale element reference\";V[21]=\"timeout\";V[25]=\"unable to set cookie\";V[26]=\"unexpected alert open\";V[13]=sc;V[9]=\"unknown command\";var tc=va(),uc=ya()||u(\"iPod\"),vc=u(\"iPad\"),wc=u(\"Android\")&&!(wa()||va()||u(\"Opera\")||u(\"Silk\")),xc=wa(),yc=u(\"Safari\")&&!(wa()||u(\"Coast\")||u(\"Opera\")||u(\"Edge\")||u(\"Edg/\")||u(\"OPR\")||va()||u(\"Silk\")||u(\"Android\"))&&!(ya()||u(\"iPad\")||u(\"iPod\"));function zc(a){return(a=a.exec(t))?a[1]:\"\"}(function(){if(tc)return zc(/Firefox\\/([0-9.]+)/);if(v||Ca||Ba)return Ga;if(xc)return ya()||u(\"iPad\")||u(\"iPod\")?zc(/CriOS\\/([0-9.]+)/):zc(/Chrome\\/([0-9.]+)/);if(yc&&!(ya()||u(\"iPad\")||u(\"iPod\")))return zc(/Version\\/([0-9.]+)/);if(uc||vc){var a=/Version\\/(\\S+).*Mobile\\/(\\S+)/.exec(t);if(a)return a[1]+\".\"+a[2]}else if(wc)return(a=zc(/Android\\s+([0-9.]+)/))?a:zc(/Version\\/([0-9.]+)/);return\"\"})();var Ac=v&&!(9<=Number(La));function W(a,b){b&&\"string\"!==typeof b&&(b=b.toString());return!!a&&1==a.nodeType&&(!b||a.tagName.toUpperCase()==b)};var Bc=function(){var a={K:\"http://www.w3.org/2000/svg\"};return function(b){return a[b]||null}}();\nfunction Cc(a,b){var c=A(a);if(!c.documentElement)return null;(v||wc)&&kc(c?c.parentWindow||c.defaultView:window);try{var d=c.createNSResolver?c.createNSResolver(c.documentElement):Bc;if(v&&!Ka(7))return c.evaluate.call(c,b,a,d,9,null);if(!v||9<=Number(La)){for(var e={},f=c.getElementsByTagName(\"*\"),g=0;g<f.length;++g){var h=f[g],m=h.namespaceURI;if(m&&!e[m]){var w=h.lookupPrefix(m);if(!w){var r=m.match(\".*/(\\\\w+)/?$\");w=r?r[1]:\"xhtml\"}e[m]=w}}var D={},L;for(L in e)D[e[L]]=L;d=function(M){return D[M]||\nnull}}try{return c.evaluate(b,a,d,9,null)}catch(M){if(\"TypeError\"===M.name)return d=c.createNSResolver?c.createNSResolver(c.documentElement):Bc,c.evaluate(b,a,d,9,null);throw M;}}catch(M){if(!Da||\"NS_ERROR_ILLEGAL_VALUE\"!=M.name)throw new rc(32,\"Unable to locate an element with the xpath expression \"+b+\" because of the following error:\\n\"+M);}}\nfunction Dc(a,b){var c=function(){var d=Cc(b,a);return d?d.singleNodeValue||null:b.selectSingleNode?(d=A(b),d.setProperty&&d.setProperty(\"SelectionLanguage\",\"XPath\"),b.selectSingleNode(a)):null}();if(null!==c&&(!c||1!=c.nodeType))throw new rc(32,'The result of the xpath expression \"'+a+'\" is: '+c+\". It should be an element.\");return c};function Ec(a,b,c,d){this.c=a;this.a=b;this.b=c;this.f=d}Ec.prototype.ceil=function(){this.c=Math.ceil(this.c);this.a=Math.ceil(this.a);this.b=Math.ceil(this.b);this.f=Math.ceil(this.f);return this};Ec.prototype.floor=function(){this.c=Math.floor(this.c);this.a=Math.floor(this.a);this.b=Math.floor(this.b);this.f=Math.floor(this.f);return this};Ec.prototype.round=function(){this.c=Math.round(this.c);this.a=Math.round(this.a);this.b=Math.round(this.b);this.f=Math.round(this.f);return this};function X(a,b,c,d){this.a=a;this.b=b;this.width=c;this.height=d}X.prototype.ceil=function(){this.a=Math.ceil(this.a);this.b=Math.ceil(this.b);this.width=Math.ceil(this.width);this.height=Math.ceil(this.height);return this};X.prototype.floor=function(){this.a=Math.floor(this.a);this.b=Math.floor(this.b);this.width=Math.floor(this.width);this.height=Math.floor(this.height);return this};\nX.prototype.round=function(){this.a=Math.round(this.a);this.b=Math.round(this.b);this.width=Math.round(this.width);this.height=Math.round(this.height);return this};var Fc=\"function\"===typeof ShadowRoot;function Gc(a){for(a=a.parentNode;a&&1!=a.nodeType&&9!=a.nodeType&&11!=a.nodeType;)a=a.parentNode;return W(a)?a:null}\nfunction Y(a,b){b=xa(b);if(\"float\"==b||\"cssFloat\"==b||\"styleFloat\"==b)b=Ac?\"styleFloat\":\"cssFloat\";a:{var c=b;var d=A(a);if(d.defaultView&&d.defaultView.getComputedStyle&&(d=d.defaultView.getComputedStyle(a,null))){c=d[c]||d.getPropertyValue(c)||\"\";break a}c=\"\"}a=c||Hc(a,b);if(null===a)a=null;else if(0<=ja(mc,b)){b:{var e=a.match(pc);if(e&&(b=Number(e[1]),c=Number(e[2]),d=Number(e[3]),e=Number(e[4]),0<=b&&255>=b&&0<=c&&255>=c&&0<=d&&255>=d&&0<=e&&1>=e)){b=[b,c,d,e];break b}b=null}if(!b)b:{if(d=a.match(qc))if(b=\nNumber(d[1]),c=Number(d[2]),d=Number(d[3]),0<=b&&255>=b&&0<=c&&255>=c&&0<=d&&255>=d){b=[b,c,d,1];break b}b=null}if(!b)b:{b=a.toLowerCase();c=lc[b.toLowerCase()];if(!c&&(c=\"#\"==b.charAt(0)?b:\"#\"+b,4==c.length&&(c=c.replace(nc,\"#$1$1$2$2$3$3\")),!oc.test(c))){b=null;break b}b=[parseInt(c.substr(1,2),16),parseInt(c.substr(3,2),16),parseInt(c.substr(5,2),16),1]}a=b?\"rgba(\"+b.join(\", \")+\")\":a}return a}\nfunction Hc(a,b){var c=a.currentStyle||a.style,d=c[b];void 0===d&&\"function\"==ca(c.getPropertyValue)&&(d=c.getPropertyValue(b));return\"inherit\"!=d?void 0!==d?d:null:(a=Gc(a))?Hc(a,b):null}\nfunction Ic(a,b,c){function d(g){var h=Jc(g);return 0<h.height&&0<h.width?!0:W(g,\"PATH\")&&(0<h.height||0<h.width)?(g=Y(g,\"stroke-width\"),!!g&&0<parseInt(g,10)):\"hidden\"!=Y(g,\"overflow\")&&ma(g.childNodes,function(m){return 3==m.nodeType||W(m)&&d(m)})}function e(g){return Kc(g)==Z&&na(g.childNodes,function(h){return!W(h)||e(h)||!d(h)})}if(!W(a))throw Error(\"Argument to isShown must be of type Element\");if(W(a,\"BODY\"))return!0;if(W(a,\"OPTION\")||W(a,\"OPTGROUP\"))return a=$a(a,function(g){return W(g,\"SELECT\")}),\n!!a&&Ic(a,!0,c);var f=Lc(a);if(f)return!!f.image&&0<f.rect.width&&0<f.rect.height&&Ic(f.image,b,c);if(W(a,\"INPUT\")&&\"hidden\"==a.type.toLowerCase()||W(a,\"NOSCRIPT\"))return!1;f=Y(a,\"visibility\");return\"collapse\"!=f&&\"hidden\"!=f&&c(a)&&(b||0!=Mc(a))&&d(a)?!e(a):!1}var Z=\"hidden\";\nfunction Kc(a){function b(p){function q(fb){if(fb==g)return!0;var Wb=Y(fb,\"display\");return 0==Wb.lastIndexOf(\"inline\",0)||\"contents\"==Wb||\"absolute\"==Xb&&\"static\"==Y(fb,\"position\")?!1:!0}var Xb=Y(p,\"position\");if(\"fixed\"==Xb)return w=!0,p==g?null:g;for(p=Gc(p);p&&!q(p);)p=Gc(p);return p}function c(p){var q=p;if(\"visible\"==m)if(p==g&&h)q=h;else if(p==h)return{x:\"visible\",y:\"visible\"};q={x:Y(q,\"overflow-x\"),y:Y(q,\"overflow-y\")};p==g&&(q.x=\"visible\"==q.x?\"auto\":q.x,q.y=\"visible\"==q.y?\"auto\":q.y);return q}\nfunction d(p){if(p==g){var q=(new ab(f)).a;p=q.scrollingElement?q.scrollingElement:Ea||\"CSS1Compat\"!=q.compatMode?q.body||q.documentElement:q.documentElement;q=q.parentWindow||q.defaultView;p=v&&Ka(\"10\")&&q.pageYOffset!=p.scrollTop?new Ua(p.scrollLeft,p.scrollTop):new Ua(q.pageXOffset||p.scrollLeft,q.pageYOffset||p.scrollTop)}else p=new Ua(p.scrollLeft,p.scrollTop);return p}var e=Nc(a),f=A(a),g=f.documentElement,h=f.body,m=Y(g,\"overflow\"),w;for(a=b(a);a;a=b(a)){var r=c(a);if(\"visible\"!=r.x||\"visible\"!=\nr.y){var D=Jc(a);if(0==D.width||0==D.height)return Z;var L=e.a<D.a,M=e.b<D.b;if(L&&\"hidden\"==r.x||M&&\"hidden\"==r.y)return Z;if(L&&\"visible\"!=r.x||M&&\"visible\"!=r.y){L=d(a);M=e.b<D.b-L.y;if(e.a<D.a-L.x&&\"visible\"!=r.x||M&&\"visible\"!=r.x)return Z;e=Kc(a);return e==Z?Z:\"scroll\"}L=e.f>=D.a+D.width;D=e.c>=D.b+D.height;if(L&&\"hidden\"==r.x||D&&\"hidden\"==r.y)return Z;if(L&&\"visible\"!=r.x||D&&\"visible\"!=r.y){if(w&&(r=d(a),e.f>=g.scrollWidth-r.x||e.a>=g.scrollHeight-r.y))return Z;e=Kc(a);return e==Z?Z:\"scroll\"}}}return\"none\"}\nfunction Jc(a){var b=Lc(a);if(b)return b.rect;if(W(a,\"HTML\"))return a=A(a),a=((a?a.parentWindow||a.defaultView:window)||window).document,a=\"CSS1Compat\"==a.compatMode?a.documentElement:a.body,a=new Va(a.clientWidth,a.clientHeight),new X(0,0,a.width,a.height);try{var c=a.getBoundingClientRect()}catch(d){return new X(0,0,0,0)}b=new X(c.left,c.top,c.right-c.left,c.bottom-c.top);v&&a.ownerDocument.body&&(a=A(a),b.a-=a.documentElement.clientLeft+a.body.clientLeft,b.b-=a.documentElement.clientTop+a.body.clientTop);\nreturn b}function Lc(a){var b=W(a,\"MAP\");if(!b&&!W(a,\"AREA\"))return null;var c=b?a:W(a.parentNode,\"MAP\")?a.parentNode:null,d=null,e=null;c&&c.name&&(d=Dc('/descendant::*[@usemap = \"#'+c.name+'\"]',A(c)))&&(e=Jc(d),b||\"default\"==a.shape.toLowerCase()||(a=Oc(a),b=Math.min(Math.max(a.a,0),e.width),c=Math.min(Math.max(a.b,0),e.height),e=new X(b+e.a,c+e.b,Math.min(a.width,e.width-b),Math.min(a.height,e.height-c))));return{image:d,rect:e||new X(0,0,0,0)}}\nfunction Oc(a){var b=a.shape.toLowerCase();a=a.coords.split(\",\");if(\"rect\"==b&&4==a.length){b=a[0];var c=a[1];return new X(b,c,a[2]-b,a[3]-c)}if(\"circle\"==b&&3==a.length)return b=a[2],new X(a[0]-b,a[1]-b,2*b,2*b);if(\"poly\"==b&&2<a.length){b=a[0];c=a[1];for(var d=b,e=c,f=2;f+1<a.length;f+=2)b=Math.min(b,a[f]),d=Math.max(d,a[f]),c=Math.min(c,a[f+1]),e=Math.max(e,a[f+1]);return new X(b,c,d-b,e-c)}return new X(0,0,0,0)}function Nc(a){a=Jc(a);return new Ec(a.b,a.a+a.width,a.b+a.height,a.a)}\nfunction Mc(a){if(Ac){if(\"relative\"==Y(a,\"position\"))return 1;a=Y(a,\"filter\");return(a=a.match(/^alpha\\(opacity=(\\d*)\\)/)||a.match(/^progid:DXImageTransform.Microsoft.Alpha\\(Opacity=(\\d*)\\)/))?Number(a[1])/100:1}return Pc(a)}function Pc(a){var b=1,c=Y(a,\"opacity\");c&&(b=Number(c));(a=Gc(a))&&(b*=Pc(a));return b};ba(\"_\",function(a,b){function c(d){if(W(d)&&\"none\"==Y(d,\"display\"))return!1;var e;if((e=d.parentNode)&&e.shadowRoot&&void 0!==d.assignedSlot)e=d.assignedSlot?d.assignedSlot.parentNode:null;else if(d.getDestinationInsertionPoints){var f=d.getDestinationInsertionPoints();0<f.length&&(e=f[f.length-1])}if(Fc&&e instanceof ShadowRoot){if(e.host.shadowRoot!==e)return!1;e=e.host}return!e||9!=e.nodeType&&11!=e.nodeType?e&&W(e,\"DETAILS\")&&!e.open&&!W(d,\"SUMMARY\")?!1:!!e&&c(e):!0}return Ic(a,!!b,c)});; return this._.apply(null,arguments);}).apply({navigator:typeof window!='undefined'?window.navigator:null,document:typeof window!='undefined'?window.document:null}, arguments);}\n).apply(null, arguments);", "args": [{"element-6066-11e4-a52e-4f735466cecf": "f.CFBC2EA626BB24417FB6E67B69DDE1F8.d.B3CB1F74AB3B75D5BDDD867E017B8E8B.e.270"}]}
DEBUG    urllib3.connectionpool:connectionpool.py:544 http://selenium-hub:4444 "POST /wd/hub/session/8dfb6f4bd79273fbcdac2178f2c1c748/execute/sync HTTP/1.1" 200 0
DEBUG    selenium.webdriver.remote.remote_connection:remote_connection.py:329 Remote response: status=200 | data={"value":true} | headers=HTTPHeaderDict({'content-length': '14', 'content-type': 'application/json; charset=utf-8', 'cache-control': 'no-cache'})
DEBUG    selenium.webdriver.remote.remote_connection:remote_connection.py:356 Finished Request
DEBUG    selenium.webdriver.remote.remote_connection:remote_connection.py:313 GET http://selenium-hub:4444/wd/hub/session/8dfb6f4bd79273fbcdac2178f2c1c748/element/f.CFBC2EA626BB24417FB6E67B69DDE1F8.d.B3CB1F74AB3B75D5BDDD867E017B8E8B.e.270/enabled {}
DEBUG    urllib3.connectionpool:connectionpool.py:544 http://selenium-hub:4444 "GET /wd/hub/session/8dfb6f4bd79273fbcdac2178f2c1c748/element/f.CFBC2EA626BB24417FB6E67B69DDE1F8.d.B3CB1F74AB3B75D5BDDD867E017B8E8B.e.270/enabled HTTP/1.1" 200 0
DEBUG    selenium.webdriver.remote.remote_connection:remote_connection.py:329 Remote response: status=200 | data={"value":true} | headers=HTTPHeaderDict({'content-length': '14', 'content-type': 'application/json; charset=utf-8', 'cache-control': 'no-cache'})
DEBUG    selenium.webdriver.remote.remote_connection:remote_connection.py:356 Finished Request
DEBUG    selenium.webdriver.remote.remote_connection:remote_connection.py:313 POST http://selenium-hub:4444/wd/hub/session/8dfb6f4bd79273fbcdac2178f2c1c748/execute/sync {"script": "arguments[0].scrollIntoView(true);", "args": [{"element-6066-11e4-a52e-4f735466cecf": "f.CFBC2EA626BB24417FB6E67B69DDE1F8.d.B3CB1F74AB3B75D5BDDD867E017B8E8B.e.270"}]}
DEBUG    urllib3.connectionpool:connectionpool.py:544 http://selenium-hub:4444 "POST /wd/hub/session/8dfb6f4bd79273fbcdac2178f2c1c748/execute/sync HTTP/1.1" 200 0
DEBUG    selenium.webdriver.remote.remote_connection:remote_connection.py:329 Remote response: status=200 | data={"value":null} | headers=HTTPHeaderDict({'content-length': '14', 'content-type': 'application/json; charset=utf-8', 'cache-control': 'no-cache'})
DEBUG    selenium.webdriver.remote.remote_connection:remote_connection.py:356 Finished Request
DEBUG    selenium.webdriver.remote.remote_connection:remote_connection.py:313 POST http://selenium-hub:4444/wd/hub/session/8dfb6f4bd79273fbcdac2178f2c1c748/element/f.CFBC2EA626BB24417FB6E67B69DDE1F8.d.B3CB1F74AB3B75D5BDDD867E017B8E8B.e.270/click {}
DEBUG    urllib3.connectionpool:connectionpool.py:544 http://selenium-hub:4444 "POST /wd/hub/session/8dfb6f4bd79273fbcdac2178f2c1c748/element/f.CFBC2EA626BB24417FB6E67B69DDE1F8.d.B3CB1F74AB3B75D5BDDD867E017B8E8B.e.270/click HTTP/1.1" 200 0
DEBUG    selenium.webdriver.remote.remote_connection:remote_connection.py:329 Remote response: status=200 | data={"value":null} | headers=HTTPHeaderDict({'content-length': '14', 'content-type': 'application/json; charset=utf-8', 'cache-control': 'no-cache'})
DEBUG    selenium.webdriver.remote.remote_connection:remote_connection.py:356 Finished Request
DEBUG    selenium.webdriver.remote.remote_connection:remote_connection.py:313 POST http://selenium-hub:4444/wd/hub/session/8dfb6f4bd79273fbcdac2178f2c1c748/element {"using": "xpath", "value": "//div[@data-testid='note-card'][.//div[@data-testid='note-card-title' and normalize-space()=\"E2E Title\"]]"}
DEBUG    urllib3.connectionpool:connectionpool.py:544 http://selenium-hub:4444 "POST /wd/hub/session/8dfb6f4bd79273fbcdac2178f2c1c748/element HTTP/1.1" 200 0
DEBUG    selenium.webdriver.remote.remote_connection:remote_connection.py:329 Remote response: status=200 | data={"value":{"element-6066-11e4-a52e-4f735466cecf":"f.CFBC2EA626BB24417FB6E67B69DDE1F8.d.B3CB1F74AB3B75D5BDDD867E017B8E8B.e.250"}} | headers=HTTPHeaderDict({'content-length': '127', 'content-type': 'application/json; charset=utf-8', 'cache-control': 'no-cache'})
DEBUG    selenium.webdriver.remote.remote_connection:remote_connection.py:356 Finished Request
DEBUG    urllib3.connectionpool:connectionpool.py:1062 Starting new HTTPS connection (1): practice.expandtesting.com:443
DEBUG    urllib3.connectionpool:connectionpool.py:544 https://practice.expandtesting.com:443 "POST /notes/api/users/login HTTP/1.1" 200 None
DEBUG    urllib3.connectionpool:connectionpool.py:544 https://practice.expandtesting.com:443 "GET /notes/api/notes HTTP/1.1" 200 None
DEBUG    selenium.webdriver.remote.remote_connection:remote_connection.py:313 DELETE http://selenium-hub:4444/wd/hub/session/8dfb6f4bd79273fbcdac2178f2c1c748 {}
DEBUG    urllib3.connectionpool:connectionpool.py:544 http://selenium-hub:4444 "DELETE /wd/hub/session/8dfb6f4bd79273fbcdac2178f2c1c748 HTTP/1.1" 200 0
DEBUG    selenium.webdriver.remote.remote_connection:remote_connection.py:329 Remote response: status=200 | data={"value":null} | headers=HTTPHeaderDict({'content-length': '14', 'content-type': 'application/json; charset=utf-8', 'cache-control': 'no-cache'})
DEBUG    selenium.webdriver.remote.remote_connection:remote_connection.py:356 Finished Request
